16:47:37 [TestNG-test-Yt Master Tests-3] INFO  verifyingSettingOptionsLang_16-47-37 - No existing WebDriver found for current thread. Initializing a new ChromeDriver...
16:47:38 [TestNG-test-Yt Master Tests-3] INFO  verifyingSettingOptionsLang_16-47-37 - WebDriverManager: chromedriver setup OK
16:47:40 [TestNG-test-Yt Master Tests-3] INFO  verifyingSettingOptionsLang_16-47-37 - ChromeDriver initialized successfully for thread: 36
16:47:40 [TestNG-test-Yt Master Tests-3] INFO  verifyingSettingOptionsLang_16-47-37 - SafeActions initialized with driver ChromeDriver: chrome on windows (d7905b5ef08ffedaa186c313f830cba0)
16:47:40 [TestNG-test-Yt Master Tests-3] INFO  verifyingSettingOptionsLang_16-47-37 - Initialized YtLandingPage with driver: ChromeDriver: chrome on windows (d7905b5ef08ffedaa186c313f830cba0)
16:47:40 [TestNG-test-Yt Master Tests-3] INFO  verifyingSettingOptionsLang_16-47-37 - SafeActions initialized with driver ChromeDriver: chrome on windows (d7905b5ef08ffedaa186c313f830cba0)
16:47:49 [TestNG-test-Yt Master Tests-3] INFO  verifyingSettingOptionsLang_16-47-37 - Opened YouTube landing page.
16:47:49 [TestNG-test-Yt Master Tests-3] INFO  verifyingSettingOptionsLang_16-47-37 - Clicking settings ellipses button...
16:47:49 [TestNG-test-Yt Master Tests-3] INFO  verifyingSettingOptionsLang_16-47-37 - [verifyingSettingOptionsLang_16-47-37] Trying to find element: By.xpath: //ytd-topbar-menu-button-renderer[@class='style-scope ytd-masthead style-default']
16:47:49 [TestNG-test-Yt Master Tests-3] INFO  verifyingSettingOptionsLang_16-47-37 - [verifyingSettingOptionsLang_16-47-37] Element found and ready (attempt 1): By.xpath: //ytd-topbar-menu-button-renderer[@class='style-scope ytd-masthead style-default']
16:47:49 [TestNG-test-Yt Master Tests-3] INFO  verifyingSettingOptionsLang_16-47-37 - Clicking language dropdown...
16:47:49 [TestNG-test-Yt Master Tests-3] INFO  verifyingSettingOptionsLang_16-47-37 - [verifyingSettingOptionsLang_16-47-37] Trying to find element: By.xpath: (//div[@id='content-icon'])[2]
16:47:50 [TestNG-test-Yt Master Tests-3] INFO  verifyingSettingOptionsLang_16-47-37 - [verifyingSettingOptionsLang_16-47-37] Element found and ready (attempt 1): By.xpath: (//div[@id='content-icon'])[2]
16:47:51 [TestNG-test-Yt Master Tests-3] INFO  verifyingSettingOptionsLang_16-47-37 - [verifyingSettingOptionsLang_16-47-37] Execution is Not CRON Job Hence refering to normal keys from UtilData
16:47:51 [TestNG-test-Yt Master Tests-3] INFO  verifyingSettingOptionsLang_16-47-37 - Looking for language element with name: Afrikaans
16:47:51 [TestNG-test-Yt Master Tests-3] INFO  verifyingSettingOptionsLang_16-47-37 - [verifyingSettingOptionsLang_16-47-37] Trying to find element: By.xpath: //yt-multi-page-menu-section-renderer[@class='style-scope ytd-multi-page-menu-renderer']//yt-formatted-string[@id='label' and text()='Afrikaans']
16:47:51 [TestNG-test-Yt Master Tests-3] INFO  verifyingSettingOptionsLang_16-47-37 - [verifyingSettingOptionsLang_16-47-37] Element found and ready (attempt 1): By.xpath: //yt-multi-page-menu-section-renderer[@class='style-scope ytd-multi-page-menu-renderer']//yt-formatted-string[@id='label' and text()='Afrikaans']
16:47:51 [TestNG-test-Yt Master Tests-3] INFO  verifyingSettingOptionsLang_16-47-37 - [verifyingSettingOptionsLang_16-47-37] Trying to find element: By.xpath: //yt-multi-page-menu-section-renderer[@class='style-scope ytd-multi-page-menu-renderer']//yt-formatted-string[@id='label' and text()='Afrikaans']
16:47:51 [TestNG-test-Yt Master Tests-3] INFO  verifyingSettingOptionsLang_16-47-37 - [verifyingSettingOptionsLang_16-47-37] Element found and ready (attempt 1): By.xpath: //yt-multi-page-menu-section-renderer[@class='style-scope ytd-multi-page-menu-renderer']//yt-formatted-string[@id='label' and text()='Afrikaans']
16:47:55 [TestNG-test-Yt Master Tests-3] INFO  verifyingSettingOptionsLang_16-47-37 - Clicking settings ellipses button...
16:47:56 [TestNG-test-Yt Master Tests-3] INFO  verifyingSettingOptionsLang_16-47-37 - [verifyingSettingOptionsLang_16-47-37] Trying to find element: By.xpath: //ytd-topbar-menu-button-renderer[@class='style-scope ytd-masthead style-default']
16:47:56 [TestNG-test-Yt Master Tests-3] INFO  verifyingSettingOptionsLang_16-47-37 - [verifyingSettingOptionsLang_16-47-37] Element found and ready (attempt 1): By.xpath: //ytd-topbar-menu-button-renderer[@class='style-scope ytd-masthead style-default']
16:47:57 [TestNG-test-Yt Master Tests-3] INFO  verifyingSettingOptionsLang_16-47-37 - [verifyingSettingOptionsLang_16-47-37] Waiting until element is visible in viewport
16:47:58 [TestNG-test-Yt Master Tests-3] INFO  verifyingSettingOptionsLang_16-47-37 - Clicking settings ellipses button...
16:47:58 [TestNG-test-Yt Master Tests-3] INFO  verifyingSettingOptionsLang_16-47-37 - [verifyingSettingOptionsLang_16-47-37] Trying to find element: By.xpath: //ytd-topbar-menu-button-renderer[@class='style-scope ytd-masthead style-default']
16:47:58 [TestNG-test-Yt Master Tests-3] INFO  verifyingSettingOptionsLang_16-47-37 - [verifyingSettingOptionsLang_16-47-37] Element found and ready (attempt 1): By.xpath: //ytd-topbar-menu-button-renderer[@class='style-scope ytd-masthead style-default']
16:47:58 [TestNG-test-Yt Master Tests-3] INFO  verifyingSettingOptionsLang_16-47-37 - Clicking settings ellipses button...
16:47:59 [TestNG-test-Yt Master Tests-3] INFO  verifyingSettingOptionsLang_16-47-37 - [verifyingSettingOptionsLang_16-47-37] Trying to find element: By.xpath: //ytd-topbar-menu-button-renderer[@class='style-scope ytd-masthead style-default']
16:47:59 [TestNG-test-Yt Master Tests-3] INFO  verifyingSettingOptionsLang_16-47-37 - [verifyingSettingOptionsLang_16-47-37] Element found and ready (attempt 1): By.xpath: //ytd-topbar-menu-button-renderer[@class='style-scope ytd-masthead style-default']
16:47:59 [TestNG-test-Yt Master Tests-3] INFO  verifyingSettingOptionsLang_16-47-37 - Getting the setting ellipses options
16:47:59 [TestNG-test-Yt Master Tests-3] INFO  verifyingSettingOptionsLang_16-47-37 - [verifyingSettingOptionsLang_16-47-37] Trying to find element: By.xpath: //ytd-multi-page-menu-renderer
16:48:00 [TestNG-test-Yt Master Tests-3] INFO  verifyingSettingOptionsLang_16-47-37 - [verifyingSettingOptionsLang_16-47-37] Element found and ready (attempt 1): By.xpath: //ytd-multi-page-menu-renderer
16:48:00 [TestNG-test-Yt Master Tests-3] INFO  verifyingSettingOptionsLang_16-47-37 - Clicking settings ellipses button...
16:48:00 [TestNG-test-Yt Master Tests-3] INFO  verifyingSettingOptionsLang_16-47-37 - [verifyingSettingOptionsLang_16-47-37] Trying to find element: By.xpath: //ytd-topbar-menu-button-renderer[@class='style-scope ytd-masthead style-default']
16:48:00 [TestNG-test-Yt Master Tests-3] INFO  verifyingSettingOptionsLang_16-47-37 - [verifyingSettingOptionsLang_16-47-37] Element found and ready (attempt 1): By.xpath: //ytd-topbar-menu-button-renderer[@class='style-scope ytd-masthead style-default']
16:48:00 [TestNG-test-Yt Master Tests-3] INFO  verifyingSettingOptionsLang_16-47-37 - 
========== LANGUAGE DETECTION ==========
Detected Language : AFRIKAANS
Input Text        : Jou data in YouTube
Voorkoms: Toesteltema
Vertoontaal:
Afrikaans
Beperkmodus: Af
Ligging:
Verenigde State
Kortpadsleutels
Instellings
Hulp
Stuur terugvoer
========================================
16:48:00 [TestNG-test-Yt Master Tests-3] INFO  verifyingSettingOptionsLang_16-47-37 - getLangAttribute() - locating <html> and reading lang property
16:48:00 [TestNG-test-Yt Master Tests-3] INFO  verifyingSettingOptionsLang_16-47-37 - Language attribute read: af-ZA
16:48:00 [TestNG-test-Yt Master Tests-3] INFO  verifyingSettingOptionsLang_16-47-37 - Clicking settings ellipses button...
16:48:00 [TestNG-test-Yt Master Tests-3] INFO  verifyingSettingOptionsLang_16-47-37 - [verifyingSettingOptionsLang_16-47-37] Trying to find element: By.xpath: //ytd-topbar-menu-button-renderer[@class='style-scope ytd-masthead style-default']
16:48:00 [TestNG-test-Yt Master Tests-3] INFO  verifyingSettingOptionsLang_16-47-37 - [verifyingSettingOptionsLang_16-47-37] Element found and ready (attempt 1): By.xpath: //ytd-topbar-menu-button-renderer[@class='style-scope ytd-masthead style-default']
16:48:00 [TestNG-test-Yt Master Tests-3] INFO  verifyingSettingOptionsLang_16-47-37 - Clicking language dropdown...
16:48:00 [TestNG-test-Yt Master Tests-3] INFO  verifyingSettingOptionsLang_16-47-37 - [verifyingSettingOptionsLang_16-47-37] Trying to find element: By.xpath: (//div[@id='content-icon'])[2]
16:48:01 [TestNG-test-Yt Master Tests-3] INFO  verifyingSettingOptionsLang_16-47-37 - [verifyingSettingOptionsLang_16-47-37] Element found and ready (attempt 1): By.xpath: (//div[@id='content-icon'])[2]
16:48:01 [TestNG-test-Yt Master Tests-3] INFO  verifyingSettingOptionsLang_16-47-37 - Looking for language element with name: Azərbaycan
16:48:01 [TestNG-test-Yt Master Tests-3] INFO  verifyingSettingOptionsLang_16-47-37 - [verifyingSettingOptionsLang_16-47-37] Trying to find element: By.xpath: //yt-multi-page-menu-section-renderer[@class='style-scope ytd-multi-page-menu-renderer']//yt-formatted-string[@id='label' and text()='Azərbaycan']
16:48:01 [TestNG-test-Yt Master Tests-3] INFO  verifyingSettingOptionsLang_16-47-37 - [verifyingSettingOptionsLang_16-47-37] Element found and ready (attempt 1): By.xpath: //yt-multi-page-menu-section-renderer[@class='style-scope ytd-multi-page-menu-renderer']//yt-formatted-string[@id='label' and text()='Azərbaycan']
16:48:01 [TestNG-test-Yt Master Tests-3] INFO  verifyingSettingOptionsLang_16-47-37 - [verifyingSettingOptionsLang_16-47-37] Trying to find element: By.xpath: //yt-multi-page-menu-section-renderer[@class='style-scope ytd-multi-page-menu-renderer']//yt-formatted-string[@id='label' and text()='Azərbaycan']
16:48:01 [TestNG-test-Yt Master Tests-3] INFO  verifyingSettingOptionsLang_16-47-37 - [verifyingSettingOptionsLang_16-47-37] Element found and ready (attempt 1): By.xpath: //yt-multi-page-menu-section-renderer[@class='style-scope ytd-multi-page-menu-renderer']//yt-formatted-string[@id='label' and text()='Azərbaycan']
16:48:05 [TestNG-test-Yt Master Tests-3] INFO  verifyingSettingOptionsLang_16-47-37 - Clicking settings ellipses button...
16:48:05 [TestNG-test-Yt Master Tests-3] INFO  verifyingSettingOptionsLang_16-47-37 - [verifyingSettingOptionsLang_16-47-37] Trying to find element: By.xpath: //ytd-topbar-menu-button-renderer[@class='style-scope ytd-masthead style-default']
16:48:05 [TestNG-test-Yt Master Tests-3] INFO  verifyingSettingOptionsLang_16-47-37 - [verifyingSettingOptionsLang_16-47-37] Element found and ready (attempt 1): By.xpath: //ytd-topbar-menu-button-renderer[@class='style-scope ytd-masthead style-default']
16:48:05 [TestNG-test-Yt Master Tests-3] INFO  verifyingSettingOptionsLang_16-47-37 - [verifyingSettingOptionsLang_16-47-37] Waiting until element is visible in viewport
16:48:06 [TestNG-test-Yt Master Tests-3] INFO  verifyingSettingOptionsLang_16-47-37 - Clicking settings ellipses button...
16:48:06 [TestNG-test-Yt Master Tests-3] INFO  verifyingSettingOptionsLang_16-47-37 - [verifyingSettingOptionsLang_16-47-37] Trying to find element: By.xpath: //ytd-topbar-menu-button-renderer[@class='style-scope ytd-masthead style-default']
16:48:06 [TestNG-test-Yt Master Tests-3] INFO  verifyingSettingOptionsLang_16-47-37 - [verifyingSettingOptionsLang_16-47-37] Element found and ready (attempt 1): By.xpath: //ytd-topbar-menu-button-renderer[@class='style-scope ytd-masthead style-default']
16:48:06 [TestNG-test-Yt Master Tests-3] INFO  verifyingSettingOptionsLang_16-47-37 - Clicking settings ellipses button...
16:48:06 [TestNG-test-Yt Master Tests-3] INFO  verifyingSettingOptionsLang_16-47-37 - [verifyingSettingOptionsLang_16-47-37] Trying to find element: By.xpath: //ytd-topbar-menu-button-renderer[@class='style-scope ytd-masthead style-default']
16:48:07 [TestNG-test-Yt Master Tests-3] INFO  verifyingSettingOptionsLang_16-47-37 - [verifyingSettingOptionsLang_16-47-37] Element found and ready (attempt 1): By.xpath: //ytd-topbar-menu-button-renderer[@class='style-scope ytd-masthead style-default']
16:48:07 [TestNG-test-Yt Master Tests-3] INFO  verifyingSettingOptionsLang_16-47-37 - Getting the setting ellipses options
16:48:07 [TestNG-test-Yt Master Tests-3] INFO  verifyingSettingOptionsLang_16-47-37 - [verifyingSettingOptionsLang_16-47-37] Trying to find element: By.xpath: //ytd-multi-page-menu-renderer
16:48:08 [TestNG-test-Yt Master Tests-3] INFO  verifyingSettingOptionsLang_16-47-37 - [verifyingSettingOptionsLang_16-47-37] Element found and ready (attempt 1): By.xpath: //ytd-multi-page-menu-renderer
16:48:08 [TestNG-test-Yt Master Tests-3] INFO  verifyingSettingOptionsLang_16-47-37 - Clicking settings ellipses button...
16:48:08 [TestNG-test-Yt Master Tests-3] INFO  verifyingSettingOptionsLang_16-47-37 - [verifyingSettingOptionsLang_16-47-37] Trying to find element: By.xpath: //ytd-topbar-menu-button-renderer[@class='style-scope ytd-masthead style-default']
16:48:08 [TestNG-test-Yt Master Tests-3] INFO  verifyingSettingOptionsLang_16-47-37 - [verifyingSettingOptionsLang_16-47-37] Element found and ready (attempt 1): By.xpath: //ytd-topbar-menu-button-renderer[@class='style-scope ytd-masthead style-default']
16:48:08 [TestNG-test-Yt Master Tests-3] INFO  verifyingSettingOptionsLang_16-47-37 - 
========== LANGUAGE DETECTION ==========
Detected Language : AZERBAIJANI
Input Text        : YouTube Datanız
Görünüş: Cihaz teması
Displey dili:
azərbaycan
Limitli Rejim: Deaktiv
Məkan:
Amerika Birləşmiş Ştatları
Klaviatura qısayolları
Ayarlar
Yardım
Rəy göndərin
========================================
16:48:08 [TestNG-test-Yt Master Tests-3] INFO  verifyingSettingOptionsLang_16-47-37 - getLangAttribute() - locating <html> and reading lang property
16:48:08 [TestNG-test-Yt Master Tests-3] INFO  verifyingSettingOptionsLang_16-47-37 - Language attribute read: az-Latn-AZ
16:48:08 [TestNG-test-Yt Master Tests-3] INFO  verifyingSettingOptionsLang_16-47-37 - Clicking settings ellipses button...
16:48:09 [TestNG-test-Yt Master Tests-3] INFO  verifyingSettingOptionsLang_16-47-37 - [verifyingSettingOptionsLang_16-47-37] Trying to find element: By.xpath: //ytd-topbar-menu-button-renderer[@class='style-scope ytd-masthead style-default']
16:48:09 [TestNG-test-Yt Master Tests-3] INFO  verifyingSettingOptionsLang_16-47-37 - [verifyingSettingOptionsLang_16-47-37] Element found and ready (attempt 1): By.xpath: //ytd-topbar-menu-button-renderer[@class='style-scope ytd-masthead style-default']
16:48:09 [TestNG-test-Yt Master Tests-3] INFO  verifyingSettingOptionsLang_16-47-37 - Clicking language dropdown...
16:48:09 [TestNG-test-Yt Master Tests-3] INFO  verifyingSettingOptionsLang_16-47-37 - [verifyingSettingOptionsLang_16-47-37] Trying to find element: By.xpath: (//div[@id='content-icon'])[2]
16:48:09 [TestNG-test-Yt Master Tests-3] INFO  verifyingSettingOptionsLang_16-47-37 - [verifyingSettingOptionsLang_16-47-37] Element found and ready (attempt 1): By.xpath: (//div[@id='content-icon'])[2]
16:48:10 [TestNG-test-Yt Master Tests-3] INFO  verifyingSettingOptionsLang_16-47-37 - Looking for language element with name: Bahasa Indonesia
16:48:10 [TestNG-test-Yt Master Tests-3] INFO  verifyingSettingOptionsLang_16-47-37 - [verifyingSettingOptionsLang_16-47-37] Trying to find element: By.xpath: //yt-multi-page-menu-section-renderer[@class='style-scope ytd-multi-page-menu-renderer']//yt-formatted-string[@id='label' and text()='Bahasa Indonesia']
16:48:10 [TestNG-test-Yt Master Tests-3] INFO  verifyingSettingOptionsLang_16-47-37 - [verifyingSettingOptionsLang_16-47-37] Element found and ready (attempt 1): By.xpath: //yt-multi-page-menu-section-renderer[@class='style-scope ytd-multi-page-menu-renderer']//yt-formatted-string[@id='label' and text()='Bahasa Indonesia']
16:48:10 [TestNG-test-Yt Master Tests-3] INFO  verifyingSettingOptionsLang_16-47-37 - [verifyingSettingOptionsLang_16-47-37] Trying to find element: By.xpath: //yt-multi-page-menu-section-renderer[@class='style-scope ytd-multi-page-menu-renderer']//yt-formatted-string[@id='label' and text()='Bahasa Indonesia']
16:48:10 [TestNG-test-Yt Master Tests-3] INFO  verifyingSettingOptionsLang_16-47-37 - [verifyingSettingOptionsLang_16-47-37] Element found and ready (attempt 1): By.xpath: //yt-multi-page-menu-section-renderer[@class='style-scope ytd-multi-page-menu-renderer']//yt-formatted-string[@id='label' and text()='Bahasa Indonesia']
16:48:13 [TestNG-test-Yt Master Tests-3] INFO  verifyingSettingOptionsLang_16-47-37 - Clicking settings ellipses button...
16:48:13 [TestNG-test-Yt Master Tests-3] INFO  verifyingSettingOptionsLang_16-47-37 - [verifyingSettingOptionsLang_16-47-37] Trying to find element: By.xpath: //ytd-topbar-menu-button-renderer[@class='style-scope ytd-masthead style-default']
16:48:13 [TestNG-test-Yt Master Tests-3] INFO  verifyingSettingOptionsLang_16-47-37 - [verifyingSettingOptionsLang_16-47-37] Element found and ready (attempt 1): By.xpath: //ytd-topbar-menu-button-renderer[@class='style-scope ytd-masthead style-default']
16:48:14 [TestNG-test-Yt Master Tests-3] INFO  verifyingSettingOptionsLang_16-47-37 - [verifyingSettingOptionsLang_16-47-37] Waiting until element is visible in viewport
16:48:14 [TestNG-test-Yt Master Tests-3] INFO  verifyingSettingOptionsLang_16-47-37 - Clicking settings ellipses button...
16:48:14 [TestNG-test-Yt Master Tests-3] INFO  verifyingSettingOptionsLang_16-47-37 - [verifyingSettingOptionsLang_16-47-37] Trying to find element: By.xpath: //ytd-topbar-menu-button-renderer[@class='style-scope ytd-masthead style-default']
16:48:14 [TestNG-test-Yt Master Tests-3] INFO  verifyingSettingOptionsLang_16-47-37 - [verifyingSettingOptionsLang_16-47-37] Element found and ready (attempt 1): By.xpath: //ytd-topbar-menu-button-renderer[@class='style-scope ytd-masthead style-default']
16:48:14 [TestNG-test-Yt Master Tests-3] INFO  verifyingSettingOptionsLang_16-47-37 - Clicking settings ellipses button...
16:48:14 [TestNG-test-Yt Master Tests-3] INFO  verifyingSettingOptionsLang_16-47-37 - [verifyingSettingOptionsLang_16-47-37] Trying to find element: By.xpath: //ytd-topbar-menu-button-renderer[@class='style-scope ytd-masthead style-default']
16:48:14 [TestNG-test-Yt Master Tests-3] INFO  verifyingSettingOptionsLang_16-47-37 - [verifyingSettingOptionsLang_16-47-37] Element found and ready (attempt 1): By.xpath: //ytd-topbar-menu-button-renderer[@class='style-scope ytd-masthead style-default']
16:48:14 [TestNG-test-Yt Master Tests-3] INFO  verifyingSettingOptionsLang_16-47-37 - Getting the setting ellipses options
16:48:14 [TestNG-test-Yt Master Tests-3] INFO  verifyingSettingOptionsLang_16-47-37 - [verifyingSettingOptionsLang_16-47-37] Trying to find element: By.xpath: //ytd-multi-page-menu-renderer
16:48:15 [TestNG-test-Yt Master Tests-3] INFO  verifyingSettingOptionsLang_16-47-37 - [verifyingSettingOptionsLang_16-47-37] Element found and ready (attempt 1): By.xpath: //ytd-multi-page-menu-renderer
16:48:15 [TestNG-test-Yt Master Tests-3] INFO  verifyingSettingOptionsLang_16-47-37 - Clicking settings ellipses button...
16:48:15 [TestNG-test-Yt Master Tests-3] INFO  verifyingSettingOptionsLang_16-47-37 - [verifyingSettingOptionsLang_16-47-37] Trying to find element: By.xpath: //ytd-topbar-menu-button-renderer[@class='style-scope ytd-masthead style-default']
16:48:15 [TestNG-test-Yt Master Tests-3] INFO  verifyingSettingOptionsLang_16-47-37 - [verifyingSettingOptionsLang_16-47-37] Element found and ready (attempt 1): By.xpath: //ytd-topbar-menu-button-renderer[@class='style-scope ytd-masthead style-default']
16:48:15 [TestNG-test-Yt Master Tests-3] INFO  verifyingSettingOptionsLang_16-47-37 - 
========== LANGUAGE DETECTION ==========
Detected Language : INDONESIAN
Input Text        : Data Anda di YouTube
Tampilan: Tema perangkat
Bahasa tampilan:
Indonesia
Mode Terbatas: Nonaktif
Lokasi:
Amerika Serikat
Pintasan keyboard
Setelan
Bantuan
Kirim masukan
========================================
16:48:15 [TestNG-test-Yt Master Tests-3] INFO  verifyingSettingOptionsLang_16-47-37 - getLangAttribute() - locating <html> and reading lang property
16:48:15 [TestNG-test-Yt Master Tests-3] INFO  verifyingSettingOptionsLang_16-47-37 - Language attribute read: id-ID
16:48:15 [TestNG-test-Yt Master Tests-3] INFO  verifyingSettingOptionsLang_16-47-37 - Clicking settings ellipses button...
16:48:15 [TestNG-test-Yt Master Tests-3] INFO  verifyingSettingOptionsLang_16-47-37 - [verifyingSettingOptionsLang_16-47-37] Trying to find element: By.xpath: //ytd-topbar-menu-button-renderer[@class='style-scope ytd-masthead style-default']
16:48:15 [TestNG-test-Yt Master Tests-3] INFO  verifyingSettingOptionsLang_16-47-37 - [verifyingSettingOptionsLang_16-47-37] Element found and ready (attempt 1): By.xpath: //ytd-topbar-menu-button-renderer[@class='style-scope ytd-masthead style-default']
16:48:15 [TestNG-test-Yt Master Tests-3] INFO  verifyingSettingOptionsLang_16-47-37 - Clicking language dropdown...
16:48:15 [TestNG-test-Yt Master Tests-3] INFO  verifyingSettingOptionsLang_16-47-37 - [verifyingSettingOptionsLang_16-47-37] Trying to find element: By.xpath: (//div[@id='content-icon'])[2]
16:48:16 [TestNG-test-Yt Master Tests-3] INFO  verifyingSettingOptionsLang_16-47-37 - [verifyingSettingOptionsLang_16-47-37] Element found and ready (attempt 1): By.xpath: (//div[@id='content-icon'])[2]
16:48:17 [TestNG-test-Yt Master Tests-3] INFO  verifyingSettingOptionsLang_16-47-37 - Looking for language element with name: Bosanski
16:48:17 [TestNG-test-Yt Master Tests-3] INFO  verifyingSettingOptionsLang_16-47-37 - [verifyingSettingOptionsLang_16-47-37] Trying to find element: By.xpath: //yt-multi-page-menu-section-renderer[@class='style-scope ytd-multi-page-menu-renderer']//yt-formatted-string[@id='label' and text()='Bosanski']
16:48:17 [TestNG-test-Yt Master Tests-3] INFO  verifyingSettingOptionsLang_16-47-37 - [verifyingSettingOptionsLang_16-47-37] Element found and ready (attempt 1): By.xpath: //yt-multi-page-menu-section-renderer[@class='style-scope ytd-multi-page-menu-renderer']//yt-formatted-string[@id='label' and text()='Bosanski']
16:48:17 [TestNG-test-Yt Master Tests-3] INFO  verifyingSettingOptionsLang_16-47-37 - [verifyingSettingOptionsLang_16-47-37] Trying to find element: By.xpath: //yt-multi-page-menu-section-renderer[@class='style-scope ytd-multi-page-menu-renderer']//yt-formatted-string[@id='label' and text()='Bosanski']
16:48:18 [TestNG-test-Yt Master Tests-3] INFO  verifyingSettingOptionsLang_16-47-37 - [verifyingSettingOptionsLang_16-47-37] Element found and ready (attempt 1): By.xpath: //yt-multi-page-menu-section-renderer[@class='style-scope ytd-multi-page-menu-renderer']//yt-formatted-string[@id='label' and text()='Bosanski']
16:48:21 [TestNG-test-Yt Master Tests-3] INFO  verifyingSettingOptionsLang_16-47-37 - Clicking settings ellipses button...
16:48:21 [TestNG-test-Yt Master Tests-3] INFO  verifyingSettingOptionsLang_16-47-37 - [verifyingSettingOptionsLang_16-47-37] Trying to find element: By.xpath: //ytd-topbar-menu-button-renderer[@class='style-scope ytd-masthead style-default']
16:48:21 [TestNG-test-Yt Master Tests-3] INFO  verifyingSettingOptionsLang_16-47-37 - [verifyingSettingOptionsLang_16-47-37] Element found and ready (attempt 1): By.xpath: //ytd-topbar-menu-button-renderer[@class='style-scope ytd-masthead style-default']
16:48:21 [TestNG-test-Yt Master Tests-3] INFO  verifyingSettingOptionsLang_16-47-37 - [verifyingSettingOptionsLang_16-47-37] Waiting until element is visible in viewport
16:48:22 [TestNG-test-Yt Master Tests-3] INFO  verifyingSettingOptionsLang_16-47-37 - Clicking settings ellipses button...
16:48:22 [TestNG-test-Yt Master Tests-3] INFO  verifyingSettingOptionsLang_16-47-37 - [verifyingSettingOptionsLang_16-47-37] Trying to find element: By.xpath: //ytd-topbar-menu-button-renderer[@class='style-scope ytd-masthead style-default']
16:48:23 [TestNG-test-Yt Master Tests-3] INFO  verifyingSettingOptionsLang_16-47-37 - [verifyingSettingOptionsLang_16-47-37] Element found and ready (attempt 1): By.xpath: //ytd-topbar-menu-button-renderer[@class='style-scope ytd-masthead style-default']
16:48:23 [TestNG-test-Yt Master Tests-3] INFO  verifyingSettingOptionsLang_16-47-37 - Clicking settings ellipses button...
16:48:23 [TestNG-test-Yt Master Tests-3] INFO  verifyingSettingOptionsLang_16-47-37 - [verifyingSettingOptionsLang_16-47-37] Trying to find element: By.xpath: //ytd-topbar-menu-button-renderer[@class='style-scope ytd-masthead style-default']
16:48:23 [TestNG-test-Yt Master Tests-3] INFO  verifyingSettingOptionsLang_16-47-37 - [verifyingSettingOptionsLang_16-47-37] Element found and ready (attempt 1): By.xpath: //ytd-topbar-menu-button-renderer[@class='style-scope ytd-masthead style-default']
16:48:23 [TestNG-test-Yt Master Tests-3] INFO  verifyingSettingOptionsLang_16-47-37 - Getting the setting ellipses options
16:48:23 [TestNG-test-Yt Master Tests-3] INFO  verifyingSettingOptionsLang_16-47-37 - [verifyingSettingOptionsLang_16-47-37] Trying to find element: By.xpath: //ytd-multi-page-menu-renderer
16:48:24 [TestNG-test-Yt Master Tests-3] INFO  verifyingSettingOptionsLang_16-47-37 - [verifyingSettingOptionsLang_16-47-37] Element found and ready (attempt 1): By.xpath: //ytd-multi-page-menu-renderer
16:48:24 [TestNG-test-Yt Master Tests-3] INFO  verifyingSettingOptionsLang_16-47-37 - Clicking settings ellipses button...
16:48:24 [TestNG-test-Yt Master Tests-3] INFO  verifyingSettingOptionsLang_16-47-37 - [verifyingSettingOptionsLang_16-47-37] Trying to find element: By.xpath: //ytd-topbar-menu-button-renderer[@class='style-scope ytd-masthead style-default']
16:48:24 [TestNG-test-Yt Master Tests-3] INFO  verifyingSettingOptionsLang_16-47-37 - [verifyingSettingOptionsLang_16-47-37] Element found and ready (attempt 1): By.xpath: //ytd-topbar-menu-button-renderer[@class='style-scope ytd-masthead style-default']
16:48:24 [TestNG-test-Yt Master Tests-3] INFO  verifyingSettingOptionsLang_16-47-37 - 
========== LANGUAGE DETECTION ==========
Detected Language : BOSNIAN
Input Text        : Vaši podaci na YouTubeu
Izgled: tema uređaja
Jezik prikaza:
bosanski
Ograničeni način rada: isključeno
Lokacija:
Sjedinjene Američke Države
Prečice na tastaturi
Postavke
Pomoć
Pošaljite povratne informacije
========================================
16:48:24 [TestNG-test-Yt Master Tests-3] INFO  verifyingSettingOptionsLang_16-47-37 - getLangAttribute() - locating <html> and reading lang property
16:48:24 [TestNG-test-Yt Master Tests-3] INFO  verifyingSettingOptionsLang_16-47-37 - Language attribute read: bs-Latn-BA
16:48:24 [TestNG-test-Yt Master Tests-3] INFO  verifyingSettingOptionsLang_16-47-37 - Clicking settings ellipses button...
16:48:24 [TestNG-test-Yt Master Tests-3] INFO  verifyingSettingOptionsLang_16-47-37 - [verifyingSettingOptionsLang_16-47-37] Trying to find element: By.xpath: //ytd-topbar-menu-button-renderer[@class='style-scope ytd-masthead style-default']
16:48:24 [TestNG-test-Yt Master Tests-3] INFO  verifyingSettingOptionsLang_16-47-37 - [verifyingSettingOptionsLang_16-47-37] Element found and ready (attempt 1): By.xpath: //ytd-topbar-menu-button-renderer[@class='style-scope ytd-masthead style-default']
16:48:24 [TestNG-test-Yt Master Tests-3] INFO  verifyingSettingOptionsLang_16-47-37 - Clicking language dropdown...
16:48:24 [TestNG-test-Yt Master Tests-3] INFO  verifyingSettingOptionsLang_16-47-37 - [verifyingSettingOptionsLang_16-47-37] Trying to find element: By.xpath: (//div[@id='content-icon'])[2]
16:48:25 [TestNG-test-Yt Master Tests-3] INFO  verifyingSettingOptionsLang_16-47-37 - [verifyingSettingOptionsLang_16-47-37] Element found and ready (attempt 1): By.xpath: (//div[@id='content-icon'])[2]
16:48:25 [TestNG-test-Yt Master Tests-3] INFO  verifyingSettingOptionsLang_16-47-37 - Looking for language element with name: Català
16:48:25 [TestNG-test-Yt Master Tests-3] INFO  verifyingSettingOptionsLang_16-47-37 - [verifyingSettingOptionsLang_16-47-37] Trying to find element: By.xpath: //yt-multi-page-menu-section-renderer[@class='style-scope ytd-multi-page-menu-renderer']//yt-formatted-string[@id='label' and text()='Català']
16:48:25 [TestNG-test-Yt Master Tests-3] INFO  verifyingSettingOptionsLang_16-47-37 - [verifyingSettingOptionsLang_16-47-37] Element found and ready (attempt 1): By.xpath: //yt-multi-page-menu-section-renderer[@class='style-scope ytd-multi-page-menu-renderer']//yt-formatted-string[@id='label' and text()='Català']
16:48:25 [TestNG-test-Yt Master Tests-3] INFO  verifyingSettingOptionsLang_16-47-37 - [verifyingSettingOptionsLang_16-47-37] Trying to find element: By.xpath: //yt-multi-page-menu-section-renderer[@class='style-scope ytd-multi-page-menu-renderer']//yt-formatted-string[@id='label' and text()='Català']
16:48:25 [TestNG-test-Yt Master Tests-3] INFO  verifyingSettingOptionsLang_16-47-37 - [verifyingSettingOptionsLang_16-47-37] Element found and ready (attempt 1): By.xpath: //yt-multi-page-menu-section-renderer[@class='style-scope ytd-multi-page-menu-renderer']//yt-formatted-string[@id='label' and text()='Català']
16:48:27 [TestNG-test-Yt Master Tests-3] INFO  verifyingSettingOptionsLang_16-47-37 - Clicking settings ellipses button...
16:48:27 [TestNG-test-Yt Master Tests-3] INFO  verifyingSettingOptionsLang_16-47-37 - [verifyingSettingOptionsLang_16-47-37] Trying to find element: By.xpath: //ytd-topbar-menu-button-renderer[@class='style-scope ytd-masthead style-default']
16:48:27 [TestNG-test-Yt Master Tests-3] INFO  verifyingSettingOptionsLang_16-47-37 - [verifyingSettingOptionsLang_16-47-37] Element found and ready (attempt 1): By.xpath: //ytd-topbar-menu-button-renderer[@class='style-scope ytd-masthead style-default']
16:48:28 [TestNG-test-Yt Master Tests-3] INFO  verifyingSettingOptionsLang_16-47-37 - [verifyingSettingOptionsLang_16-47-37] Waiting until element is visible in viewport
16:48:28 [TestNG-test-Yt Master Tests-3] INFO  verifyingSettingOptionsLang_16-47-37 - Clicking settings ellipses button...
16:48:28 [TestNG-test-Yt Master Tests-3] INFO  verifyingSettingOptionsLang_16-47-37 - [verifyingSettingOptionsLang_16-47-37] Trying to find element: By.xpath: //ytd-topbar-menu-button-renderer[@class='style-scope ytd-masthead style-default']
16:48:28 [TestNG-test-Yt Master Tests-3] INFO  verifyingSettingOptionsLang_16-47-37 - [verifyingSettingOptionsLang_16-47-37] Element found and ready (attempt 1): By.xpath: //ytd-topbar-menu-button-renderer[@class='style-scope ytd-masthead style-default']
16:48:28 [TestNG-test-Yt Master Tests-3] INFO  verifyingSettingOptionsLang_16-47-37 - Clicking settings ellipses button...
16:48:28 [TestNG-test-Yt Master Tests-3] INFO  verifyingSettingOptionsLang_16-47-37 - [verifyingSettingOptionsLang_16-47-37] Trying to find element: By.xpath: //ytd-topbar-menu-button-renderer[@class='style-scope ytd-masthead style-default']
16:48:28 [TestNG-test-Yt Master Tests-3] INFO  verifyingSettingOptionsLang_16-47-37 - [verifyingSettingOptionsLang_16-47-37] Element found and ready (attempt 1): By.xpath: //ytd-topbar-menu-button-renderer[@class='style-scope ytd-masthead style-default']
16:48:28 [TestNG-test-Yt Master Tests-3] INFO  verifyingSettingOptionsLang_16-47-37 - Getting the setting ellipses options
16:48:28 [TestNG-test-Yt Master Tests-3] INFO  verifyingSettingOptionsLang_16-47-37 - [verifyingSettingOptionsLang_16-47-37] Trying to find element: By.xpath: //ytd-multi-page-menu-renderer
16:48:29 [TestNG-test-Yt Master Tests-3] INFO  verifyingSettingOptionsLang_16-47-37 - [verifyingSettingOptionsLang_16-47-37] Element found and ready (attempt 1): By.xpath: //ytd-multi-page-menu-renderer
16:48:29 [TestNG-test-Yt Master Tests-3] INFO  verifyingSettingOptionsLang_16-47-37 - Clicking settings ellipses button...
16:48:29 [TestNG-test-Yt Master Tests-3] INFO  verifyingSettingOptionsLang_16-47-37 - [verifyingSettingOptionsLang_16-47-37] Trying to find element: By.xpath: //ytd-topbar-menu-button-renderer[@class='style-scope ytd-masthead style-default']
16:48:29 [TestNG-test-Yt Master Tests-3] INFO  verifyingSettingOptionsLang_16-47-37 - [verifyingSettingOptionsLang_16-47-37] Element found and ready (attempt 1): By.xpath: //ytd-topbar-menu-button-renderer[@class='style-scope ytd-masthead style-default']
16:48:29 [TestNG-test-Yt Master Tests-3] INFO  verifyingSettingOptionsLang_16-47-37 - 
========== LANGUAGE DETECTION ==========
Detected Language : CATALAN
Input Text        : Les teves dades a YouTube
Aparença: tema del dispositiu
Idioma visible:
català
Mode restringit: desactivat
Ubicació:
Estats Units
Tecles de drecera
Configuració
Ajuda
Envia suggeriments
========================================
16:48:29 [TestNG-test-Yt Master Tests-3] INFO  verifyingSettingOptionsLang_16-47-37 - getLangAttribute() - locating <html> and reading lang property
16:48:29 [TestNG-test-Yt Master Tests-3] INFO  verifyingSettingOptionsLang_16-47-37 - Language attribute read: ca-ES
16:48:29 [TestNG-test-Yt Master Tests-3] INFO  verifyingSettingOptionsLang_16-47-37 - Clicking settings ellipses button...
16:48:29 [TestNG-test-Yt Master Tests-3] INFO  verifyingSettingOptionsLang_16-47-37 - [verifyingSettingOptionsLang_16-47-37] Trying to find element: By.xpath: //ytd-topbar-menu-button-renderer[@class='style-scope ytd-masthead style-default']
16:48:29 [TestNG-test-Yt Master Tests-3] INFO  verifyingSettingOptionsLang_16-47-37 - [verifyingSettingOptionsLang_16-47-37] Element found and ready (attempt 1): By.xpath: //ytd-topbar-menu-button-renderer[@class='style-scope ytd-masthead style-default']
16:48:29 [TestNG-test-Yt Master Tests-3] INFO  verifyingSettingOptionsLang_16-47-37 - Clicking language dropdown...
16:48:29 [TestNG-test-Yt Master Tests-3] INFO  verifyingSettingOptionsLang_16-47-37 - [verifyingSettingOptionsLang_16-47-37] Trying to find element: By.xpath: (//div[@id='content-icon'])[2]
16:48:30 [TestNG-test-Yt Master Tests-3] INFO  verifyingSettingOptionsLang_16-47-37 - [verifyingSettingOptionsLang_16-47-37] Element found and ready (attempt 1): By.xpath: (//div[@id='content-icon'])[2]
16:48:30 [TestNG-test-Yt Master Tests-3] INFO  verifyingSettingOptionsLang_16-47-37 - Looking for language element with name: Dansk
16:48:30 [TestNG-test-Yt Master Tests-3] INFO  verifyingSettingOptionsLang_16-47-37 - [verifyingSettingOptionsLang_16-47-37] Trying to find element: By.xpath: //yt-multi-page-menu-section-renderer[@class='style-scope ytd-multi-page-menu-renderer']//yt-formatted-string[@id='label' and text()='Dansk']
16:48:31 [TestNG-test-Yt Master Tests-3] INFO  verifyingSettingOptionsLang_16-47-37 - [verifyingSettingOptionsLang_16-47-37] Element found and ready (attempt 1): By.xpath: //yt-multi-page-menu-section-renderer[@class='style-scope ytd-multi-page-menu-renderer']//yt-formatted-string[@id='label' and text()='Dansk']
16:48:31 [TestNG-test-Yt Master Tests-3] INFO  verifyingSettingOptionsLang_16-47-37 - [verifyingSettingOptionsLang_16-47-37] Trying to find element: By.xpath: //yt-multi-page-menu-section-renderer[@class='style-scope ytd-multi-page-menu-renderer']//yt-formatted-string[@id='label' and text()='Dansk']
16:48:31 [TestNG-test-Yt Master Tests-3] INFO  verifyingSettingOptionsLang_16-47-37 - [verifyingSettingOptionsLang_16-47-37] Element found and ready (attempt 1): By.xpath: //yt-multi-page-menu-section-renderer[@class='style-scope ytd-multi-page-menu-renderer']//yt-formatted-string[@id='label' and text()='Dansk']
16:48:34 [TestNG-test-Yt Master Tests-3] INFO  verifyingSettingOptionsLang_16-47-37 - Clicking settings ellipses button...
16:48:34 [TestNG-test-Yt Master Tests-3] INFO  verifyingSettingOptionsLang_16-47-37 - [verifyingSettingOptionsLang_16-47-37] Trying to find element: By.xpath: //ytd-topbar-menu-button-renderer[@class='style-scope ytd-masthead style-default']
16:48:35 [TestNG-test-Yt Master Tests-3] INFO  verifyingSettingOptionsLang_16-47-37 - [verifyingSettingOptionsLang_16-47-37] Element found and ready (attempt 1): By.xpath: //ytd-topbar-menu-button-renderer[@class='style-scope ytd-masthead style-default']
16:48:35 [TestNG-test-Yt Master Tests-3] INFO  verifyingSettingOptionsLang_16-47-37 - [verifyingSettingOptionsLang_16-47-37] Waiting until element is visible in viewport
16:48:35 [TestNG-test-Yt Master Tests-3] INFO  verifyingSettingOptionsLang_16-47-37 - Clicking settings ellipses button...
16:48:35 [TestNG-test-Yt Master Tests-3] INFO  verifyingSettingOptionsLang_16-47-37 - [verifyingSettingOptionsLang_16-47-37] Trying to find element: By.xpath: //ytd-topbar-menu-button-renderer[@class='style-scope ytd-masthead style-default']
16:48:35 [TestNG-test-Yt Master Tests-3] INFO  verifyingSettingOptionsLang_16-47-37 - [verifyingSettingOptionsLang_16-47-37] Element found and ready (attempt 1): By.xpath: //ytd-topbar-menu-button-renderer[@class='style-scope ytd-masthead style-default']
16:48:35 [TestNG-test-Yt Master Tests-3] INFO  verifyingSettingOptionsLang_16-47-37 - Clicking settings ellipses button...
16:48:35 [TestNG-test-Yt Master Tests-3] INFO  verifyingSettingOptionsLang_16-47-37 - [verifyingSettingOptionsLang_16-47-37] Trying to find element: By.xpath: //ytd-topbar-menu-button-renderer[@class='style-scope ytd-masthead style-default']
16:48:36 [TestNG-test-Yt Master Tests-3] INFO  verifyingSettingOptionsLang_16-47-37 - [verifyingSettingOptionsLang_16-47-37] Element found and ready (attempt 1): By.xpath: //ytd-topbar-menu-button-renderer[@class='style-scope ytd-masthead style-default']
16:48:36 [TestNG-test-Yt Master Tests-3] INFO  verifyingSettingOptionsLang_16-47-37 - Getting the setting ellipses options
16:48:36 [TestNG-test-Yt Master Tests-3] INFO  verifyingSettingOptionsLang_16-47-37 - [verifyingSettingOptionsLang_16-47-37] Trying to find element: By.xpath: //ytd-multi-page-menu-renderer
16:48:36 [TestNG-test-Yt Master Tests-3] INFO  verifyingSettingOptionsLang_16-47-37 - [verifyingSettingOptionsLang_16-47-37] Element found and ready (attempt 1): By.xpath: //ytd-multi-page-menu-renderer
16:48:36 [TestNG-test-Yt Master Tests-3] INFO  verifyingSettingOptionsLang_16-47-37 - Clicking settings ellipses button...
16:48:36 [TestNG-test-Yt Master Tests-3] INFO  verifyingSettingOptionsLang_16-47-37 - [verifyingSettingOptionsLang_16-47-37] Trying to find element: By.xpath: //ytd-topbar-menu-button-renderer[@class='style-scope ytd-masthead style-default']
16:48:36 [TestNG-test-Yt Master Tests-3] INFO  verifyingSettingOptionsLang_16-47-37 - [verifyingSettingOptionsLang_16-47-37] Element found and ready (attempt 1): By.xpath: //ytd-topbar-menu-button-renderer[@class='style-scope ytd-masthead style-default']
16:48:36 [TestNG-test-Yt Master Tests-3] INFO  verifyingSettingOptionsLang_16-47-37 - 
========== LANGUAGE DETECTION ==========
Detected Language : DANISH
Input Text        : Dine data på YouTube
Udseende: Enhedens tema
Visningssprog:
dansk
Begrænset tilstand: Fra
Lokation:
USA
Tastaturgenveje
Indstillinger
Hjælp
Send feedback
========================================
16:48:36 [TestNG-test-Yt Master Tests-3] INFO  verifyingSettingOptionsLang_16-47-37 - getLangAttribute() - locating <html> and reading lang property
16:48:36 [TestNG-test-Yt Master Tests-3] INFO  verifyingSettingOptionsLang_16-47-37 - Language attribute read: da-DK
16:48:36 [TestNG-test-Yt Master Tests-3] INFO  verifyingSettingOptionsLang_16-47-37 - Clicking settings ellipses button...
16:48:36 [TestNG-test-Yt Master Tests-3] INFO  verifyingSettingOptionsLang_16-47-37 - [verifyingSettingOptionsLang_16-47-37] Trying to find element: By.xpath: //ytd-topbar-menu-button-renderer[@class='style-scope ytd-masthead style-default']
16:48:36 [TestNG-test-Yt Master Tests-3] INFO  verifyingSettingOptionsLang_16-47-37 - [verifyingSettingOptionsLang_16-47-37] Element found and ready (attempt 1): By.xpath: //ytd-topbar-menu-button-renderer[@class='style-scope ytd-masthead style-default']
16:48:36 [TestNG-test-Yt Master Tests-3] INFO  verifyingSettingOptionsLang_16-47-37 - Clicking language dropdown...
16:48:36 [TestNG-test-Yt Master Tests-3] INFO  verifyingSettingOptionsLang_16-47-37 - [verifyingSettingOptionsLang_16-47-37] Trying to find element: By.xpath: (//div[@id='content-icon'])[2]
16:48:37 [TestNG-test-Yt Master Tests-3] INFO  verifyingSettingOptionsLang_16-47-37 - [verifyingSettingOptionsLang_16-47-37] Element found and ready (attempt 1): By.xpath: (//div[@id='content-icon'])[2]
16:48:37 [TestNG-test-Yt Master Tests-3] INFO  verifyingSettingOptionsLang_16-47-37 - Looking for language element with name: Deutsch
16:48:37 [TestNG-test-Yt Master Tests-3] INFO  verifyingSettingOptionsLang_16-47-37 - [verifyingSettingOptionsLang_16-47-37] Trying to find element: By.xpath: //yt-multi-page-menu-section-renderer[@class='style-scope ytd-multi-page-menu-renderer']//yt-formatted-string[@id='label' and text()='Deutsch']
16:48:37 [TestNG-test-Yt Master Tests-3] INFO  verifyingSettingOptionsLang_16-47-37 - [verifyingSettingOptionsLang_16-47-37] Element found and ready (attempt 1): By.xpath: //yt-multi-page-menu-section-renderer[@class='style-scope ytd-multi-page-menu-renderer']//yt-formatted-string[@id='label' and text()='Deutsch']
16:48:37 [TestNG-test-Yt Master Tests-3] INFO  verifyingSettingOptionsLang_16-47-37 - [verifyingSettingOptionsLang_16-47-37] Trying to find element: By.xpath: //yt-multi-page-menu-section-renderer[@class='style-scope ytd-multi-page-menu-renderer']//yt-formatted-string[@id='label' and text()='Deutsch']
16:48:37 [TestNG-test-Yt Master Tests-3] INFO  verifyingSettingOptionsLang_16-47-37 - [verifyingSettingOptionsLang_16-47-37] Element found and ready (attempt 1): By.xpath: //yt-multi-page-menu-section-renderer[@class='style-scope ytd-multi-page-menu-renderer']//yt-formatted-string[@id='label' and text()='Deutsch']
16:48:40 [TestNG-test-Yt Master Tests-3] INFO  verifyingSettingOptionsLang_16-47-37 - Clicking settings ellipses button...
16:48:40 [TestNG-test-Yt Master Tests-3] INFO  verifyingSettingOptionsLang_16-47-37 - [verifyingSettingOptionsLang_16-47-37] Trying to find element: By.xpath: //ytd-topbar-menu-button-renderer[@class='style-scope ytd-masthead style-default']
16:48:40 [TestNG-test-Yt Master Tests-3] INFO  verifyingSettingOptionsLang_16-47-37 - [verifyingSettingOptionsLang_16-47-37] Element found and ready (attempt 1): By.xpath: //ytd-topbar-menu-button-renderer[@class='style-scope ytd-masthead style-default']
16:48:40 [TestNG-test-Yt Master Tests-3] INFO  verifyingSettingOptionsLang_16-47-37 - [verifyingSettingOptionsLang_16-47-37] Waiting until element is visible in viewport
16:48:41 [TestNG-test-Yt Master Tests-3] INFO  verifyingSettingOptionsLang_16-47-37 - Clicking settings ellipses button...
16:48:41 [TestNG-test-Yt Master Tests-3] INFO  verifyingSettingOptionsLang_16-47-37 - [verifyingSettingOptionsLang_16-47-37] Trying to find element: By.xpath: //ytd-topbar-menu-button-renderer[@class='style-scope ytd-masthead style-default']
16:48:41 [TestNG-test-Yt Master Tests-3] INFO  verifyingSettingOptionsLang_16-47-37 - [verifyingSettingOptionsLang_16-47-37] Element found and ready (attempt 1): By.xpath: //ytd-topbar-menu-button-renderer[@class='style-scope ytd-masthead style-default']
16:48:41 [TestNG-test-Yt Master Tests-3] INFO  verifyingSettingOptionsLang_16-47-37 - Clicking settings ellipses button...
16:48:41 [TestNG-test-Yt Master Tests-3] INFO  verifyingSettingOptionsLang_16-47-37 - [verifyingSettingOptionsLang_16-47-37] Trying to find element: By.xpath: //ytd-topbar-menu-button-renderer[@class='style-scope ytd-masthead style-default']
16:48:41 [TestNG-test-Yt Master Tests-3] INFO  verifyingSettingOptionsLang_16-47-37 - [verifyingSettingOptionsLang_16-47-37] Element found and ready (attempt 1): By.xpath: //ytd-topbar-menu-button-renderer[@class='style-scope ytd-masthead style-default']
16:48:41 [TestNG-test-Yt Master Tests-3] INFO  verifyingSettingOptionsLang_16-47-37 - Getting the setting ellipses options
16:48:41 [TestNG-test-Yt Master Tests-3] INFO  verifyingSettingOptionsLang_16-47-37 - [verifyingSettingOptionsLang_16-47-37] Trying to find element: By.xpath: //ytd-multi-page-menu-renderer
16:48:42 [TestNG-test-Yt Master Tests-3] INFO  verifyingSettingOptionsLang_16-47-37 - [verifyingSettingOptionsLang_16-47-37] Element found and ready (attempt 1): By.xpath: //ytd-multi-page-menu-renderer
16:48:42 [TestNG-test-Yt Master Tests-3] INFO  verifyingSettingOptionsLang_16-47-37 - Clicking settings ellipses button...
16:48:42 [TestNG-test-Yt Master Tests-3] INFO  verifyingSettingOptionsLang_16-47-37 - [verifyingSettingOptionsLang_16-47-37] Trying to find element: By.xpath: //ytd-topbar-menu-button-renderer[@class='style-scope ytd-masthead style-default']
16:48:42 [TestNG-test-Yt Master Tests-3] INFO  verifyingSettingOptionsLang_16-47-37 - [verifyingSettingOptionsLang_16-47-37] Element found and ready (attempt 1): By.xpath: //ytd-topbar-menu-button-renderer[@class='style-scope ytd-masthead style-default']
16:48:42 [TestNG-test-Yt Master Tests-3] INFO  verifyingSettingOptionsLang_16-47-37 - 
========== LANGUAGE DETECTION ==========
Detected Language : GERMAN
Input Text        : Meine Daten auf YouTube
Darstellung: Gerätedesign
Anzeigesprache:
Deutsch
Eingeschränkter Modus: Deaktiviert
Ort:
USA
Tastenkombinationen
Einstellungen
Hilfe
Feedback senden
========================================
16:48:42 [TestNG-test-Yt Master Tests-3] INFO  verifyingSettingOptionsLang_16-47-37 - getLangAttribute() - locating <html> and reading lang property
16:48:42 [TestNG-test-Yt Master Tests-3] INFO  verifyingSettingOptionsLang_16-47-37 - Language attribute read: de-DE
16:48:42 [TestNG-test-Yt Master Tests-3] INFO  verifyingSettingOptionsLang_16-47-37 - Clicking settings ellipses button...
16:48:42 [TestNG-test-Yt Master Tests-3] INFO  verifyingSettingOptionsLang_16-47-37 - [verifyingSettingOptionsLang_16-47-37] Trying to find element: By.xpath: //ytd-topbar-menu-button-renderer[@class='style-scope ytd-masthead style-default']
16:48:42 [TestNG-test-Yt Master Tests-3] INFO  verifyingSettingOptionsLang_16-47-37 - [verifyingSettingOptionsLang_16-47-37] Element found and ready (attempt 1): By.xpath: //ytd-topbar-menu-button-renderer[@class='style-scope ytd-masthead style-default']
16:48:42 [TestNG-test-Yt Master Tests-3] INFO  verifyingSettingOptionsLang_16-47-37 - Clicking language dropdown...
16:48:42 [TestNG-test-Yt Master Tests-3] INFO  verifyingSettingOptionsLang_16-47-37 - [verifyingSettingOptionsLang_16-47-37] Trying to find element: By.xpath: (//div[@id='content-icon'])[2]
16:48:42 [TestNG-test-Yt Master Tests-3] INFO  verifyingSettingOptionsLang_16-47-37 - [verifyingSettingOptionsLang_16-47-37] Element found and ready (attempt 1): By.xpath: (//div[@id='content-icon'])[2]
16:48:43 [TestNG-test-Yt Master Tests-3] INFO  verifyingSettingOptionsLang_16-47-37 - Looking for language element with name: Eesti
16:48:43 [TestNG-test-Yt Master Tests-3] INFO  verifyingSettingOptionsLang_16-47-37 - [verifyingSettingOptionsLang_16-47-37] Trying to find element: By.xpath: //yt-multi-page-menu-section-renderer[@class='style-scope ytd-multi-page-menu-renderer']//yt-formatted-string[@id='label' and text()='Eesti']
16:48:43 [TestNG-test-Yt Master Tests-3] INFO  verifyingSettingOptionsLang_16-47-37 - [verifyingSettingOptionsLang_16-47-37] Element found and ready (attempt 1): By.xpath: //yt-multi-page-menu-section-renderer[@class='style-scope ytd-multi-page-menu-renderer']//yt-formatted-string[@id='label' and text()='Eesti']
16:48:43 [TestNG-test-Yt Master Tests-3] INFO  verifyingSettingOptionsLang_16-47-37 - [verifyingSettingOptionsLang_16-47-37] Trying to find element: By.xpath: //yt-multi-page-menu-section-renderer[@class='style-scope ytd-multi-page-menu-renderer']//yt-formatted-string[@id='label' and text()='Eesti']
16:48:43 [TestNG-test-Yt Master Tests-3] INFO  verifyingSettingOptionsLang_16-47-37 - [verifyingSettingOptionsLang_16-47-37] Element found and ready (attempt 1): By.xpath: //yt-multi-page-menu-section-renderer[@class='style-scope ytd-multi-page-menu-renderer']//yt-formatted-string[@id='label' and text()='Eesti']
16:48:45 [TestNG-test-Yt Master Tests-3] INFO  verifyingSettingOptionsLang_16-47-37 - Clicking settings ellipses button...
16:48:45 [TestNG-test-Yt Master Tests-3] INFO  verifyingSettingOptionsLang_16-47-37 - [verifyingSettingOptionsLang_16-47-37] Trying to find element: By.xpath: //ytd-topbar-menu-button-renderer[@class='style-scope ytd-masthead style-default']
16:48:46 [TestNG-test-Yt Master Tests-3] INFO  verifyingSettingOptionsLang_16-47-37 - [verifyingSettingOptionsLang_16-47-37] Element found and ready (attempt 1): By.xpath: //ytd-topbar-menu-button-renderer[@class='style-scope ytd-masthead style-default']
16:48:46 [TestNG-test-Yt Master Tests-3] INFO  verifyingSettingOptionsLang_16-47-37 - [verifyingSettingOptionsLang_16-47-37] Waiting until element is visible in viewport
16:48:46 [TestNG-test-Yt Master Tests-3] INFO  verifyingSettingOptionsLang_16-47-37 - Clicking settings ellipses button...
16:48:47 [TestNG-test-Yt Master Tests-3] INFO  verifyingSettingOptionsLang_16-47-37 - [verifyingSettingOptionsLang_16-47-37] Trying to find element: By.xpath: //ytd-topbar-menu-button-renderer[@class='style-scope ytd-masthead style-default']
16:48:47 [TestNG-test-Yt Master Tests-3] INFO  verifyingSettingOptionsLang_16-47-37 - [verifyingSettingOptionsLang_16-47-37] Element found and ready (attempt 1): By.xpath: //ytd-topbar-menu-button-renderer[@class='style-scope ytd-masthead style-default']
16:48:47 [TestNG-test-Yt Master Tests-3] INFO  verifyingSettingOptionsLang_16-47-37 - Clicking settings ellipses button...
16:48:47 [TestNG-test-Yt Master Tests-3] INFO  verifyingSettingOptionsLang_16-47-37 - [verifyingSettingOptionsLang_16-47-37] Trying to find element: By.xpath: //ytd-topbar-menu-button-renderer[@class='style-scope ytd-masthead style-default']
16:48:47 [TestNG-test-Yt Master Tests-3] INFO  verifyingSettingOptionsLang_16-47-37 - [verifyingSettingOptionsLang_16-47-37] Element found and ready (attempt 1): By.xpath: //ytd-topbar-menu-button-renderer[@class='style-scope ytd-masthead style-default']
16:48:47 [TestNG-test-Yt Master Tests-3] INFO  verifyingSettingOptionsLang_16-47-37 - Getting the setting ellipses options
16:48:47 [TestNG-test-Yt Master Tests-3] INFO  verifyingSettingOptionsLang_16-47-37 - [verifyingSettingOptionsLang_16-47-37] Trying to find element: By.xpath: //ytd-multi-page-menu-renderer
16:48:47 [TestNG-test-Yt Master Tests-3] INFO  verifyingSettingOptionsLang_16-47-37 - [verifyingSettingOptionsLang_16-47-37] Element found and ready (attempt 1): By.xpath: //ytd-multi-page-menu-renderer
16:48:47 [TestNG-test-Yt Master Tests-3] INFO  verifyingSettingOptionsLang_16-47-37 - Clicking settings ellipses button...
16:48:47 [TestNG-test-Yt Master Tests-3] INFO  verifyingSettingOptionsLang_16-47-37 - [verifyingSettingOptionsLang_16-47-37] Trying to find element: By.xpath: //ytd-topbar-menu-button-renderer[@class='style-scope ytd-masthead style-default']
16:48:47 [TestNG-test-Yt Master Tests-3] INFO  verifyingSettingOptionsLang_16-47-37 - [verifyingSettingOptionsLang_16-47-37] Element found and ready (attempt 1): By.xpath: //ytd-topbar-menu-button-renderer[@class='style-scope ytd-masthead style-default']
16:48:47 [TestNG-test-Yt Master Tests-3] INFO  verifyingSettingOptionsLang_16-47-37 - 
========== LANGUAGE DETECTION ==========
Detected Language : ESTONIAN
Input Text        : Teie andmed YouTube'is
Välimus: seadme teema
Kuvamiskeel:
eesti
Piiratud režiim: väljas
Asukoht:
Ameerika Ühendriigid
Klaviatuuri otseteed
Seaded
Abi
Tagasiside saatmine
========================================
16:48:47 [TestNG-test-Yt Master Tests-3] INFO  verifyingSettingOptionsLang_16-47-37 - getLangAttribute() - locating <html> and reading lang property
16:48:47 [TestNG-test-Yt Master Tests-3] INFO  verifyingSettingOptionsLang_16-47-37 - Language attribute read: et-EE
16:48:47 [TestNG-test-Yt Master Tests-3] INFO  verifyingSettingOptionsLang_16-47-37 - Clicking settings ellipses button...
16:48:47 [TestNG-test-Yt Master Tests-3] INFO  verifyingSettingOptionsLang_16-47-37 - [verifyingSettingOptionsLang_16-47-37] Trying to find element: By.xpath: //ytd-topbar-menu-button-renderer[@class='style-scope ytd-masthead style-default']
16:48:47 [TestNG-test-Yt Master Tests-3] INFO  verifyingSettingOptionsLang_16-47-37 - [verifyingSettingOptionsLang_16-47-37] Element found and ready (attempt 1): By.xpath: //ytd-topbar-menu-button-renderer[@class='style-scope ytd-masthead style-default']
16:48:47 [TestNG-test-Yt Master Tests-3] INFO  verifyingSettingOptionsLang_16-47-37 - Clicking language dropdown...
16:48:47 [TestNG-test-Yt Master Tests-3] INFO  verifyingSettingOptionsLang_16-47-37 - [verifyingSettingOptionsLang_16-47-37] Trying to find element: By.xpath: (//div[@id='content-icon'])[2]
16:48:48 [TestNG-test-Yt Master Tests-3] INFO  verifyingSettingOptionsLang_16-47-37 - [verifyingSettingOptionsLang_16-47-37] Element found and ready (attempt 1): By.xpath: (//div[@id='content-icon'])[2]
16:48:48 [TestNG-test-Yt Master Tests-3] INFO  verifyingSettingOptionsLang_16-47-37 - Looking for language element with name: English (India)
16:48:48 [TestNG-test-Yt Master Tests-3] INFO  verifyingSettingOptionsLang_16-47-37 - [verifyingSettingOptionsLang_16-47-37] Trying to find element: By.xpath: //yt-multi-page-menu-section-renderer[@class='style-scope ytd-multi-page-menu-renderer']//yt-formatted-string[@id='label' and text()='English (India)']
16:48:48 [TestNG-test-Yt Master Tests-3] INFO  verifyingSettingOptionsLang_16-47-37 - [verifyingSettingOptionsLang_16-47-37] Element found and ready (attempt 1): By.xpath: //yt-multi-page-menu-section-renderer[@class='style-scope ytd-multi-page-menu-renderer']//yt-formatted-string[@id='label' and text()='English (India)']
16:48:48 [TestNG-test-Yt Master Tests-3] INFO  verifyingSettingOptionsLang_16-47-37 - [verifyingSettingOptionsLang_16-47-37] Trying to find element: By.xpath: //yt-multi-page-menu-section-renderer[@class='style-scope ytd-multi-page-menu-renderer']//yt-formatted-string[@id='label' and text()='English (India)']
16:48:48 [TestNG-test-Yt Master Tests-3] INFO  verifyingSettingOptionsLang_16-47-37 - [verifyingSettingOptionsLang_16-47-37] Element found and ready (attempt 1): By.xpath: //yt-multi-page-menu-section-renderer[@class='style-scope ytd-multi-page-menu-renderer']//yt-formatted-string[@id='label' and text()='English (India)']
16:48:50 [TestNG-test-Yt Master Tests-3] INFO  verifyingSettingOptionsLang_16-47-37 - Clicking settings ellipses button...
16:48:50 [TestNG-test-Yt Master Tests-3] INFO  verifyingSettingOptionsLang_16-47-37 - [verifyingSettingOptionsLang_16-47-37] Trying to find element: By.xpath: //ytd-topbar-menu-button-renderer[@class='style-scope ytd-masthead style-default']
16:48:50 [TestNG-test-Yt Master Tests-3] INFO  verifyingSettingOptionsLang_16-47-37 - [verifyingSettingOptionsLang_16-47-37] Element found and ready (attempt 1): By.xpath: //ytd-topbar-menu-button-renderer[@class='style-scope ytd-masthead style-default']
16:48:50 [TestNG-test-Yt Master Tests-3] INFO  verifyingSettingOptionsLang_16-47-37 - [verifyingSettingOptionsLang_16-47-37] Waiting until element is visible in viewport
16:48:51 [TestNG-test-Yt Master Tests-3] INFO  verifyingSettingOptionsLang_16-47-37 - Clicking settings ellipses button...
16:48:51 [TestNG-test-Yt Master Tests-3] INFO  verifyingSettingOptionsLang_16-47-37 - [verifyingSettingOptionsLang_16-47-37] Trying to find element: By.xpath: //ytd-topbar-menu-button-renderer[@class='style-scope ytd-masthead style-default']
16:48:51 [TestNG-test-Yt Master Tests-3] INFO  verifyingSettingOptionsLang_16-47-37 - [verifyingSettingOptionsLang_16-47-37] Element found and ready (attempt 1): By.xpath: //ytd-topbar-menu-button-renderer[@class='style-scope ytd-masthead style-default']
16:48:51 [TestNG-test-Yt Master Tests-3] INFO  verifyingSettingOptionsLang_16-47-37 - Clicking settings ellipses button...
16:48:51 [TestNG-test-Yt Master Tests-3] INFO  verifyingSettingOptionsLang_16-47-37 - [verifyingSettingOptionsLang_16-47-37] Trying to find element: By.xpath: //ytd-topbar-menu-button-renderer[@class='style-scope ytd-masthead style-default']
16:48:51 [TestNG-test-Yt Master Tests-3] INFO  verifyingSettingOptionsLang_16-47-37 - [verifyingSettingOptionsLang_16-47-37] Element found and ready (attempt 1): By.xpath: //ytd-topbar-menu-button-renderer[@class='style-scope ytd-masthead style-default']
16:48:51 [TestNG-test-Yt Master Tests-3] INFO  verifyingSettingOptionsLang_16-47-37 - Getting the setting ellipses options
16:48:51 [TestNG-test-Yt Master Tests-3] INFO  verifyingSettingOptionsLang_16-47-37 - [verifyingSettingOptionsLang_16-47-37] Trying to find element: By.xpath: //ytd-multi-page-menu-renderer
16:48:51 [TestNG-test-Yt Master Tests-3] INFO  verifyingSettingOptionsLang_16-47-37 - [verifyingSettingOptionsLang_16-47-37] Element found and ready (attempt 1): By.xpath: //ytd-multi-page-menu-renderer
16:48:51 [TestNG-test-Yt Master Tests-3] INFO  verifyingSettingOptionsLang_16-47-37 - Clicking settings ellipses button...
16:48:51 [TestNG-test-Yt Master Tests-3] INFO  verifyingSettingOptionsLang_16-47-37 - [verifyingSettingOptionsLang_16-47-37] Trying to find element: By.xpath: //ytd-topbar-menu-button-renderer[@class='style-scope ytd-masthead style-default']
16:48:51 [TestNG-test-Yt Master Tests-3] INFO  verifyingSettingOptionsLang_16-47-37 - [verifyingSettingOptionsLang_16-47-37] Element found and ready (attempt 1): By.xpath: //ytd-topbar-menu-button-renderer[@class='style-scope ytd-masthead style-default']
16:48:51 [TestNG-test-Yt Master Tests-3] INFO  verifyingSettingOptionsLang_16-47-37 - 
========== LANGUAGE DETECTION ==========
Detected Language : ENGLISH
Input Text        : Your data in YouTube
Appearance: Device theme
Display language:
English (India)
Restricted Mode: Off
Location:
United States
Keyboard shortcuts
Settings
Help
Send feedback
========================================
16:48:51 [TestNG-test-Yt Master Tests-3] INFO  verifyingSettingOptionsLang_16-47-37 - getLangAttribute() - locating <html> and reading lang property
16:48:51 [TestNG-test-Yt Master Tests-3] INFO  verifyingSettingOptionsLang_16-47-37 - Language attribute read: en-IN
16:48:51 [TestNG-test-Yt Master Tests-3] INFO  verifyingSettingOptionsLang_16-47-37 - Clicking settings ellipses button...
16:48:51 [TestNG-test-Yt Master Tests-3] INFO  verifyingSettingOptionsLang_16-47-37 - [verifyingSettingOptionsLang_16-47-37] Trying to find element: By.xpath: //ytd-topbar-menu-button-renderer[@class='style-scope ytd-masthead style-default']
16:48:51 [TestNG-test-Yt Master Tests-3] INFO  verifyingSettingOptionsLang_16-47-37 - [verifyingSettingOptionsLang_16-47-37] Element found and ready (attempt 1): By.xpath: //ytd-topbar-menu-button-renderer[@class='style-scope ytd-masthead style-default']
16:48:51 [TestNG-test-Yt Master Tests-3] INFO  verifyingSettingOptionsLang_16-47-37 - Clicking language dropdown...
16:48:51 [TestNG-test-Yt Master Tests-3] INFO  verifyingSettingOptionsLang_16-47-37 - [verifyingSettingOptionsLang_16-47-37] Trying to find element: By.xpath: (//div[@id='content-icon'])[2]
16:48:52 [TestNG-test-Yt Master Tests-3] INFO  verifyingSettingOptionsLang_16-47-37 - [verifyingSettingOptionsLang_16-47-37] Element found and ready (attempt 1): By.xpath: (//div[@id='content-icon'])[2]
16:48:52 [TestNG-test-Yt Master Tests-3] INFO  verifyingSettingOptionsLang_16-47-37 - [verifyingSettingOptionsLang_16-47-37] Not retrying test 'verifyingSettingOptionsLang'. Retry count: 0, Cause: The following asserts failed:
	Language detection mismatch for language=Bosanski expected [CROATIAN] but found [BOSNIAN]
