2026-03-03 13:42:23.698 [TestNG-test-Yt Master Tests-1] INFO  [verifyingSideMenuLanguageAsInSettings] ===== STARTING TEST: verifyingSideMenuLanguageAsInSettings  | Thread: 31 =====
2026-03-03 13:42:23.722 [TestNG-test-Yt Master Tests-1] INFO  [verifyingSideMenuLanguageAsInSettings] No existing WebDriver found for current thread. Initializing a new ChromeDriver...
2026-03-03 13:42:23.723 [TestNG-test-Yt Master Tests-1] INFO  [verifyingSideMenuLanguageAsInSettings] Loaded config from classpath: masterdata.properties
2026-03-03 13:42:25.315 [TestNG-test-Yt Master Tests-1] INFO  [verifyingSideMenuLanguageAsInSettings] WebDriverManager: chromedriver setup OK
2026-03-03 13:42:30.297 [TestNG-test-Yt Master Tests-1] INFO  [verifyingSideMenuLanguageAsInSettings] ChromeDriver initialized successfully for thread: 31
2026-03-03 13:42:30.297 [TestNG-test-Yt Master Tests-1] INFO  [verifyingSideMenuLanguageAsInSettings] Driver initialized successfully for test: verifyingSideMenuLanguageAsInSettings
2026-03-03 13:42:30.473 [TestNG-test-Yt Master Tests-1] INFO  [verifyingSideMenuLanguageAsInSettings] SafeActions initialized with driver ChromeDriver: chrome on windows (15e507b5751113c879abecfa60acc40f)
2026-03-03 13:42:30.473 [TestNG-test-Yt Master Tests-1] INFO  [verifyingSideMenuLanguageAsInSettings] Initialized YtLandingPage with driver: ChromeDriver: chrome on windows (15e507b5751113c879abecfa60acc40f)
2026-03-03 13:42:30.476 [TestNG-test-Yt Master Tests-1] INFO  [verifyingSideMenuLanguageAsInSettings] SafeActions initialized with driver ChromeDriver: chrome on windows (15e507b5751113c879abecfa60acc40f)
2026-03-03 13:42:32.974 [TestNG-test-Yt Master Tests-1] INFO  [verifyingSideMenuLanguageAsInSettings] Opened YouTube landing page.
2026-03-03 13:42:32.976 [TestNG-test-Yt Master Tests-1] INFO  [verifyingSideMenuLanguageAsInSettings] Clicking settings ellipses button...
2026-03-03 13:42:32.977 [TestNG-test-Yt Master Tests-1] INFO  [verifyingSideMenuLanguageAsInSettings] [verifyingSideMenuLanguageAsInSettings] Trying to find element: By.xpath: //ytd-topbar-menu-button-renderer[@class='style-scope ytd-masthead style-default']
2026-03-03 13:42:33.636 [TestNG-test-Yt Master Tests-1] INFO  [verifyingSideMenuLanguageAsInSettings] [verifyingSideMenuLanguageAsInSettings] Element found and ready (attempt 1): By.xpath: //ytd-topbar-menu-button-renderer[@class='style-scope ytd-masthead style-default']
2026-03-03 13:42:33.791 [TestNG-test-Yt Master Tests-1] INFO  [verifyingSideMenuLanguageAsInSettings] Clicking language dropdown...
2026-03-03 13:42:33.792 [TestNG-test-Yt Master Tests-1] INFO  [verifyingSideMenuLanguageAsInSettings] [verifyingSideMenuLanguageAsInSettings] Trying to find element: By.xpath: (//div[@id='content-icon'])[2]
2026-03-03 13:42:34.455 [TestNG-test-Yt Master Tests-1] INFO  [verifyingSideMenuLanguageAsInSettings] [verifyingSideMenuLanguageAsInSettings] Element found and ready (attempt 1): By.xpath: (//div[@id='content-icon'])[2]
2026-03-03 13:42:35.201 [TestNG-test-Yt Master Tests-1] INFO  [verifyingSideMenuLanguageAsInSettings] [verifyingSideMenuLanguageAsInSettings] Execution is Not CRON Job Hence refering to normal keys from UtilData
2026-03-03 13:42:35.211 [TestNG-test-Yt Master Tests-1] INFO  [verifyingSideMenuLanguageAsInSettings] [verifyingSideMenuLanguageAsInSettings] Capturing screenshot: Filter Applied is Afrikaans__2026-03-03_134235.jpg
2026-03-03 13:42:35.718 [TestNG-test-Yt Master Tests-1] INFO  [verifyingSideMenuLanguageAsInSettings] [verifyingSideMenuLanguageAsInSettings] Screenshot saved at: test-output/screenshots/Run_2026-03-03_13-42-02/verifyingSideMenuLanguageAsInSettings/Filter Applied is Afrikaans__2026-03-03_134235.jpg
2026-03-03 13:42:35.718 [TestNG-test-Yt Master Tests-1] INFO  [verifyingSideMenuLanguageAsInSettings] Looking for language element with name: Afrikaans
2026-03-03 13:42:35.719 [TestNG-test-Yt Master Tests-1] INFO  [verifyingSideMenuLanguageAsInSettings] [verifyingSideMenuLanguageAsInSettings] Trying to find element: By.xpath: //yt-multi-page-menu-section-renderer[@class='style-scope ytd-multi-page-menu-renderer']//yt-formatted-string[@id='label' and text()='Afrikaans']
2026-03-03 13:42:35.791 [TestNG-test-Yt Master Tests-1] INFO  [verifyingSideMenuLanguageAsInSettings] [verifyingSideMenuLanguageAsInSettings] Element found and ready (attempt 1): By.xpath: //yt-multi-page-menu-section-renderer[@class='style-scope ytd-multi-page-menu-renderer']//yt-formatted-string[@id='label' and text()='Afrikaans']
2026-03-03 13:42:35.791 [TestNG-test-Yt Master Tests-1] INFO  [verifyingSideMenuLanguageAsInSettings] [verifyingSideMenuLanguageAsInSettings] Trying to find element: By.xpath: //yt-multi-page-menu-section-renderer[@class='style-scope ytd-multi-page-menu-renderer']//yt-formatted-string[@id='label' and text()='Afrikaans']
2026-03-03 13:42:35.854 [TestNG-test-Yt Master Tests-1] INFO  [verifyingSideMenuLanguageAsInSettings] [verifyingSideMenuLanguageAsInSettings] Element found and ready (attempt 1): By.xpath: //yt-multi-page-menu-section-renderer[@class='style-scope ytd-multi-page-menu-renderer']//yt-formatted-string[@id='label' and text()='Afrikaans']
2026-03-03 13:42:37.342 [TestNG-test-Yt Master Tests-1] INFO  [verifyingSideMenuLanguageAsInSettings] Clicking settings ellipses button...
2026-03-03 13:42:37.343 [TestNG-test-Yt Master Tests-1] INFO  [verifyingSideMenuLanguageAsInSettings] [verifyingSideMenuLanguageAsInSettings] Trying to find element: By.xpath: //ytd-topbar-menu-button-renderer[@class='style-scope ytd-masthead style-default']
2026-03-03 13:42:37.766 [TestNG-test-Yt Master Tests-1] INFO  [verifyingSideMenuLanguageAsInSettings] [verifyingSideMenuLanguageAsInSettings] Element found and ready (attempt 1): By.xpath: //ytd-topbar-menu-button-renderer[@class='style-scope ytd-masthead style-default']
2026-03-03 13:42:37.851 [TestNG-test-Yt Master Tests-1] INFO  [verifyingSideMenuLanguageAsInSettings] [verifyingSideMenuLanguageAsInSettings] Waiting until element is visible in viewport
2026-03-03 13:42:38.389 [TestNG-test-Yt Master Tests-1] INFO  [verifyingSideMenuLanguageAsInSettings] [verifyingSideMenuLanguageAsInSettings] Capturing screenshot: Filter Applied is Afrikaans__2026-03-03_134238.jpg
2026-03-03 13:42:38.658 [TestNG-test-Yt Master Tests-1] INFO  [verifyingSideMenuLanguageAsInSettings] [verifyingSideMenuLanguageAsInSettings] Screenshot saved at: test-output/screenshots/Run_2026-03-03_13-42-02/verifyingSideMenuLanguageAsInSettings/Filter Applied is Afrikaans__2026-03-03_134238.jpg
2026-03-03 13:42:38.659 [TestNG-test-Yt Master Tests-1] INFO  [verifyingSideMenuLanguageAsInSettings] Clicking settings ellipses button...
2026-03-03 13:42:38.660 [TestNG-test-Yt Master Tests-1] INFO  [verifyingSideMenuLanguageAsInSettings] [verifyingSideMenuLanguageAsInSettings] Trying to find element: By.xpath: //ytd-topbar-menu-button-renderer[@class='style-scope ytd-masthead style-default']
2026-03-03 13:42:38.732 [TestNG-test-Yt Master Tests-1] INFO  [verifyingSideMenuLanguageAsInSettings] [verifyingSideMenuLanguageAsInSettings] Element found and ready (attempt 1): By.xpath: //ytd-topbar-menu-button-renderer[@class='style-scope ytd-masthead style-default']
2026-03-03 13:42:38.784 [TestNG-test-Yt Master Tests-1] INFO  [verifyingSideMenuLanguageAsInSettings] Fetching the side menu in expanded view
2026-03-03 13:42:38.784 [TestNG-test-Yt Master Tests-1] INFO  [verifyingSideMenuLanguageAsInSettings] [verifyingSideMenuLanguageAsInSettings] Finding elements list: By.xpath: //ytd-guide-entry-renderer[@class='style-scope ytd-guide-section-renderer']
2026-03-03 13:42:39.050 [TestNG-test-Yt Master Tests-1] INFO  [verifyingSideMenuLanguageAsInSettings] [verifyingSideMenuLanguageAsInSettings] Found 16 ready elements (attempt 1): By.xpath: //ytd-guide-entry-renderer[@class='style-scope ytd-guide-section-renderer']
2026-03-03 13:42:39.425 [TestNG-test-Yt Master Tests-1] INFO  [verifyingSideMenuLanguageAsInSettings] Clicking settings ellipses button...
2026-03-03 13:42:39.426 [TestNG-test-Yt Master Tests-1] INFO  [verifyingSideMenuLanguageAsInSettings] [verifyingSideMenuLanguageAsInSettings] Trying to find element: By.xpath: //ytd-topbar-menu-button-renderer[@class='style-scope ytd-masthead style-default']
2026-03-03 13:42:39.490 [TestNG-test-Yt Master Tests-1] INFO  [verifyingSideMenuLanguageAsInSettings] [verifyingSideMenuLanguageAsInSettings] Element found and ready (attempt 1): By.xpath: //ytd-topbar-menu-button-renderer[@class='style-scope ytd-masthead style-default']
2026-03-03 13:42:39.556 [TestNG-test-Yt Master Tests-1] INFO  [verifyingSideMenuLanguageAsInSettings] Clicking language dropdown...
2026-03-03 13:42:39.556 [TestNG-test-Yt Master Tests-1] INFO  [verifyingSideMenuLanguageAsInSettings] [verifyingSideMenuLanguageAsInSettings] Trying to find element: By.xpath: (//div[@id='content-icon'])[2]
2026-03-03 13:42:40.126 [TestNG-test-Yt Master Tests-1] INFO  [verifyingSideMenuLanguageAsInSettings] [verifyingSideMenuLanguageAsInSettings] Element found and ready (attempt 1): By.xpath: (//div[@id='content-icon'])[2]
2026-03-03 13:42:40.421 [TestNG-test-Yt Master Tests-1] INFO  [verifyingSideMenuLanguageAsInSettings] [verifyingSideMenuLanguageAsInSettings] Capturing screenshot: Filter Applied is Azərbaycan__2026-03-03_134240.jpg
2026-03-03 13:42:40.733 [TestNG-test-Yt Master Tests-1] INFO  [verifyingSideMenuLanguageAsInSettings] [verifyingSideMenuLanguageAsInSettings] Screenshot saved at: test-output/screenshots/Run_2026-03-03_13-42-02/verifyingSideMenuLanguageAsInSettings/Filter Applied is Azərbaycan__2026-03-03_134240.jpg
2026-03-03 13:42:40.734 [TestNG-test-Yt Master Tests-1] INFO  [verifyingSideMenuLanguageAsInSettings] Looking for language element with name: Azərbaycan
2026-03-03 13:42:40.734 [TestNG-test-Yt Master Tests-1] INFO  [verifyingSideMenuLanguageAsInSettings] [verifyingSideMenuLanguageAsInSettings] Trying to find element: By.xpath: //yt-multi-page-menu-section-renderer[@class='style-scope ytd-multi-page-menu-renderer']//yt-formatted-string[@id='label' and text()='Azərbaycan']
2026-03-03 13:42:40.810 [TestNG-test-Yt Master Tests-1] INFO  [verifyingSideMenuLanguageAsInSettings] [verifyingSideMenuLanguageAsInSettings] Element found and ready (attempt 1): By.xpath: //yt-multi-page-menu-section-renderer[@class='style-scope ytd-multi-page-menu-renderer']//yt-formatted-string[@id='label' and text()='Azərbaycan']
2026-03-03 13:42:40.811 [TestNG-test-Yt Master Tests-1] INFO  [verifyingSideMenuLanguageAsInSettings] [verifyingSideMenuLanguageAsInSettings] Trying to find element: By.xpath: //yt-multi-page-menu-section-renderer[@class='style-scope ytd-multi-page-menu-renderer']//yt-formatted-string[@id='label' and text()='Azərbaycan']
2026-03-03 13:42:40.877 [TestNG-test-Yt Master Tests-1] INFO  [verifyingSideMenuLanguageAsInSettings] [verifyingSideMenuLanguageAsInSettings] Element found and ready (attempt 1): By.xpath: //yt-multi-page-menu-section-renderer[@class='style-scope ytd-multi-page-menu-renderer']//yt-formatted-string[@id='label' and text()='Azərbaycan']
2026-03-03 13:42:41.633 [TestNG-test-Yt Master Tests-1] INFO  [verifyingSideMenuLanguageAsInSettings] Clicking settings ellipses button...
2026-03-03 13:42:41.633 [TestNG-test-Yt Master Tests-1] INFO  [verifyingSideMenuLanguageAsInSettings] [verifyingSideMenuLanguageAsInSettings] Trying to find element: By.xpath: //ytd-topbar-menu-button-renderer[@class='style-scope ytd-masthead style-default']
2026-03-03 13:42:41.968 [TestNG-test-Yt Master Tests-1] INFO  [verifyingSideMenuLanguageAsInSettings] [verifyingSideMenuLanguageAsInSettings] Element found and ready (attempt 1): By.xpath: //ytd-topbar-menu-button-renderer[@class='style-scope ytd-masthead style-default']
2026-03-03 13:42:42.111 [TestNG-test-Yt Master Tests-1] INFO  [verifyingSideMenuLanguageAsInSettings] [verifyingSideMenuLanguageAsInSettings] Waiting until element is visible in viewport
2026-03-03 13:42:42.299 [TestNG-test-Yt Master Tests-1] INFO  [verifyingSideMenuLanguageAsInSettings] [verifyingSideMenuLanguageAsInSettings] Capturing screenshot: Filter Applied is Azərbaycan__2026-03-03_134242.jpg
2026-03-03 13:42:42.617 [TestNG-test-Yt Master Tests-1] INFO  [verifyingSideMenuLanguageAsInSettings] [verifyingSideMenuLanguageAsInSettings] Screenshot saved at: test-output/screenshots/Run_2026-03-03_13-42-02/verifyingSideMenuLanguageAsInSettings/Filter Applied is Azərbaycan__2026-03-03_134242.jpg
2026-03-03 13:42:42.618 [TestNG-test-Yt Master Tests-1] INFO  [verifyingSideMenuLanguageAsInSettings] Clicking settings ellipses button...
2026-03-03 13:42:42.618 [TestNG-test-Yt Master Tests-1] INFO  [verifyingSideMenuLanguageAsInSettings] [verifyingSideMenuLanguageAsInSettings] Trying to find element: By.xpath: //ytd-topbar-menu-button-renderer[@class='style-scope ytd-masthead style-default']
2026-03-03 13:42:42.684 [TestNG-test-Yt Master Tests-1] INFO  [verifyingSideMenuLanguageAsInSettings] [verifyingSideMenuLanguageAsInSettings] Element found and ready (attempt 1): By.xpath: //ytd-topbar-menu-button-renderer[@class='style-scope ytd-masthead style-default']
2026-03-03 13:42:42.738 [TestNG-test-Yt Master Tests-1] INFO  [verifyingSideMenuLanguageAsInSettings] Fetching the side menu in expanded view
2026-03-03 13:42:42.738 [TestNG-test-Yt Master Tests-1] INFO  [verifyingSideMenuLanguageAsInSettings] [verifyingSideMenuLanguageAsInSettings] Finding elements list: By.xpath: //ytd-guide-entry-renderer[@class='style-scope ytd-guide-section-renderer']
2026-03-03 13:42:42.993 [TestNG-test-Yt Master Tests-1] INFO  [verifyingSideMenuLanguageAsInSettings] [verifyingSideMenuLanguageAsInSettings] Found 16 ready elements (attempt 1): By.xpath: //ytd-guide-entry-renderer[@class='style-scope ytd-guide-section-renderer']
2026-03-03 13:42:43.329 [TestNG-test-Yt Master Tests-1] INFO  [verifyingSideMenuLanguageAsInSettings] Clicking settings ellipses button...
2026-03-03 13:42:43.329 [TestNG-test-Yt Master Tests-1] INFO  [verifyingSideMenuLanguageAsInSettings] [verifyingSideMenuLanguageAsInSettings] Trying to find element: By.xpath: //ytd-topbar-menu-button-renderer[@class='style-scope ytd-masthead style-default']
2026-03-03 13:42:43.382 [TestNG-test-Yt Master Tests-1] INFO  [verifyingSideMenuLanguageAsInSettings] [verifyingSideMenuLanguageAsInSettings] Element found and ready (attempt 1): By.xpath: //ytd-topbar-menu-button-renderer[@class='style-scope ytd-masthead style-default']
2026-03-03 13:42:43.441 [TestNG-test-Yt Master Tests-1] INFO  [verifyingSideMenuLanguageAsInSettings] Clicking language dropdown...
2026-03-03 13:42:43.441 [TestNG-test-Yt Master Tests-1] INFO  [verifyingSideMenuLanguageAsInSettings] [verifyingSideMenuLanguageAsInSettings] Trying to find element: By.xpath: (//div[@id='content-icon'])[2]
2026-03-03 13:42:44.007 [TestNG-test-Yt Master Tests-1] INFO  [verifyingSideMenuLanguageAsInSettings] [verifyingSideMenuLanguageAsInSettings] Element found and ready (attempt 1): By.xpath: (//div[@id='content-icon'])[2]
2026-03-03 13:42:44.296 [TestNG-test-Yt Master Tests-1] INFO  [verifyingSideMenuLanguageAsInSettings] [verifyingSideMenuLanguageAsInSettings] Capturing screenshot: Filter Applied is Bahasa Indonesia__2026-03-03_134244.jpg
2026-03-03 13:42:44.551 [TestNG-test-Yt Master Tests-1] INFO  [verifyingSideMenuLanguageAsInSettings] [verifyingSideMenuLanguageAsInSettings] Screenshot saved at: test-output/screenshots/Run_2026-03-03_13-42-02/verifyingSideMenuLanguageAsInSettings/Filter Applied is Bahasa Indonesia__2026-03-03_134244.jpg
2026-03-03 13:42:44.551 [TestNG-test-Yt Master Tests-1] INFO  [verifyingSideMenuLanguageAsInSettings] Looking for language element with name: Bahasa Indonesia
2026-03-03 13:42:44.551 [TestNG-test-Yt Master Tests-1] INFO  [verifyingSideMenuLanguageAsInSettings] [verifyingSideMenuLanguageAsInSettings] Trying to find element: By.xpath: //yt-multi-page-menu-section-renderer[@class='style-scope ytd-multi-page-menu-renderer']//yt-formatted-string[@id='label' and text()='Bahasa Indonesia']
2026-03-03 13:42:44.611 [TestNG-test-Yt Master Tests-1] INFO  [verifyingSideMenuLanguageAsInSettings] [verifyingSideMenuLanguageAsInSettings] Element found and ready (attempt 1): By.xpath: //yt-multi-page-menu-section-renderer[@class='style-scope ytd-multi-page-menu-renderer']//yt-formatted-string[@id='label' and text()='Bahasa Indonesia']
2026-03-03 13:42:44.611 [TestNG-test-Yt Master Tests-1] INFO  [verifyingSideMenuLanguageAsInSettings] [verifyingSideMenuLanguageAsInSettings] Trying to find element: By.xpath: //yt-multi-page-menu-section-renderer[@class='style-scope ytd-multi-page-menu-renderer']//yt-formatted-string[@id='label' and text()='Bahasa Indonesia']
2026-03-03 13:42:44.678 [TestNG-test-Yt Master Tests-1] INFO  [verifyingSideMenuLanguageAsInSettings] [verifyingSideMenuLanguageAsInSettings] Element found and ready (attempt 1): By.xpath: //yt-multi-page-menu-section-renderer[@class='style-scope ytd-multi-page-menu-renderer']//yt-formatted-string[@id='label' and text()='Bahasa Indonesia']
2026-03-03 13:42:45.337 [TestNG-test-Yt Master Tests-1] INFO  [verifyingSideMenuLanguageAsInSettings] Clicking settings ellipses button...
2026-03-03 13:42:45.337 [TestNG-test-Yt Master Tests-1] INFO  [verifyingSideMenuLanguageAsInSettings] [verifyingSideMenuLanguageAsInSettings] Trying to find element: By.xpath: //ytd-topbar-menu-button-renderer[@class='style-scope ytd-masthead style-default']
2026-03-03 13:42:45.733 [TestNG-test-Yt Master Tests-1] INFO  [verifyingSideMenuLanguageAsInSettings] [verifyingSideMenuLanguageAsInSettings] Element found and ready (attempt 1): By.xpath: //ytd-topbar-menu-button-renderer[@class='style-scope ytd-masthead style-default']
2026-03-03 13:42:46.002 [TestNG-test-Yt Master Tests-1] INFO  [verifyingSideMenuLanguageAsInSettings] [verifyingSideMenuLanguageAsInSettings] Waiting until element is visible in viewport
2026-03-03 13:42:46.122 [TestNG-test-Yt Master Tests-1] INFO  [verifyingSideMenuLanguageAsInSettings] [verifyingSideMenuLanguageAsInSettings] Capturing screenshot: Filter Applied is Bahasa Indonesia__2026-03-03_134246.jpg
2026-03-03 13:42:46.415 [TestNG-test-Yt Master Tests-1] INFO  [verifyingSideMenuLanguageAsInSettings] [verifyingSideMenuLanguageAsInSettings] Screenshot saved at: test-output/screenshots/Run_2026-03-03_13-42-02/verifyingSideMenuLanguageAsInSettings/Filter Applied is Bahasa Indonesia__2026-03-03_134246.jpg
2026-03-03 13:42:46.416 [TestNG-test-Yt Master Tests-1] INFO  [verifyingSideMenuLanguageAsInSettings] Clicking settings ellipses button...
2026-03-03 13:42:46.417 [TestNG-test-Yt Master Tests-1] INFO  [verifyingSideMenuLanguageAsInSettings] [verifyingSideMenuLanguageAsInSettings] Trying to find element: By.xpath: //ytd-topbar-menu-button-renderer[@class='style-scope ytd-masthead style-default']
2026-03-03 13:42:46.484 [TestNG-test-Yt Master Tests-1] INFO  [verifyingSideMenuLanguageAsInSettings] [verifyingSideMenuLanguageAsInSettings] Element found and ready (attempt 1): By.xpath: //ytd-topbar-menu-button-renderer[@class='style-scope ytd-masthead style-default']
2026-03-03 13:42:46.534 [TestNG-test-Yt Master Tests-1] INFO  [verifyingSideMenuLanguageAsInSettings] Fetching the side menu in expanded view
2026-03-03 13:42:46.535 [TestNG-test-Yt Master Tests-1] INFO  [verifyingSideMenuLanguageAsInSettings] [verifyingSideMenuLanguageAsInSettings] Finding elements list: By.xpath: //ytd-guide-entry-renderer[@class='style-scope ytd-guide-section-renderer']
2026-03-03 13:42:46.792 [TestNG-test-Yt Master Tests-1] INFO  [verifyingSideMenuLanguageAsInSettings] [verifyingSideMenuLanguageAsInSettings] Found 16 ready elements (attempt 1): By.xpath: //ytd-guide-entry-renderer[@class='style-scope ytd-guide-section-renderer']
2026-03-03 13:42:47.132 [TestNG-test-Yt Master Tests-1] INFO  [verifyingSideMenuLanguageAsInSettings] Clicking settings ellipses button...
2026-03-03 13:42:47.132 [TestNG-test-Yt Master Tests-1] INFO  [verifyingSideMenuLanguageAsInSettings] [verifyingSideMenuLanguageAsInSettings] Trying to find element: By.xpath: //ytd-topbar-menu-button-renderer[@class='style-scope ytd-masthead style-default']
2026-03-03 13:42:47.188 [TestNG-test-Yt Master Tests-1] INFO  [verifyingSideMenuLanguageAsInSettings] [verifyingSideMenuLanguageAsInSettings] Element found and ready (attempt 1): By.xpath: //ytd-topbar-menu-button-renderer[@class='style-scope ytd-masthead style-default']
2026-03-03 13:42:47.245 [TestNG-test-Yt Master Tests-1] INFO  [verifyingSideMenuLanguageAsInSettings] Clicking language dropdown...
2026-03-03 13:42:47.245 [TestNG-test-Yt Master Tests-1] INFO  [verifyingSideMenuLanguageAsInSettings] [verifyingSideMenuLanguageAsInSettings] Trying to find element: By.xpath: (//div[@id='content-icon'])[2]
2026-03-03 13:42:47.811 [TestNG-test-Yt Master Tests-1] INFO  [verifyingSideMenuLanguageAsInSettings] [verifyingSideMenuLanguageAsInSettings] Element found and ready (attempt 1): By.xpath: (//div[@id='content-icon'])[2]
2026-03-03 13:42:48.099 [TestNG-test-Yt Master Tests-1] INFO  [verifyingSideMenuLanguageAsInSettings] [verifyingSideMenuLanguageAsInSettings] Capturing screenshot: Filter Applied is Bosanski__2026-03-03_134248.jpg
2026-03-03 13:42:48.364 [TestNG-test-Yt Master Tests-1] INFO  [verifyingSideMenuLanguageAsInSettings] [verifyingSideMenuLanguageAsInSettings] Screenshot saved at: test-output/screenshots/Run_2026-03-03_13-42-02/verifyingSideMenuLanguageAsInSettings/Filter Applied is Bosanski__2026-03-03_134248.jpg
2026-03-03 13:42:48.365 [TestNG-test-Yt Master Tests-1] INFO  [verifyingSideMenuLanguageAsInSettings] Looking for language element with name: Bosanski
2026-03-03 13:42:48.365 [TestNG-test-Yt Master Tests-1] INFO  [verifyingSideMenuLanguageAsInSettings] [verifyingSideMenuLanguageAsInSettings] Trying to find element: By.xpath: //yt-multi-page-menu-section-renderer[@class='style-scope ytd-multi-page-menu-renderer']//yt-formatted-string[@id='label' and text()='Bosanski']
2026-03-03 13:42:48.427 [TestNG-test-Yt Master Tests-1] INFO  [verifyingSideMenuLanguageAsInSettings] [verifyingSideMenuLanguageAsInSettings] Element found and ready (attempt 1): By.xpath: //yt-multi-page-menu-section-renderer[@class='style-scope ytd-multi-page-menu-renderer']//yt-formatted-string[@id='label' and text()='Bosanski']
2026-03-03 13:42:48.428 [TestNG-test-Yt Master Tests-1] INFO  [verifyingSideMenuLanguageAsInSettings] [verifyingSideMenuLanguageAsInSettings] Trying to find element: By.xpath: //yt-multi-page-menu-section-renderer[@class='style-scope ytd-multi-page-menu-renderer']//yt-formatted-string[@id='label' and text()='Bosanski']
2026-03-03 13:42:48.487 [TestNG-test-Yt Master Tests-1] INFO  [verifyingSideMenuLanguageAsInSettings] [verifyingSideMenuLanguageAsInSettings] Element found and ready (attempt 1): By.xpath: //yt-multi-page-menu-section-renderer[@class='style-scope ytd-multi-page-menu-renderer']//yt-formatted-string[@id='label' and text()='Bosanski']
2026-03-03 13:42:49.163 [TestNG-test-Yt Master Tests-1] INFO  [verifyingSideMenuLanguageAsInSettings] Clicking settings ellipses button...
2026-03-03 13:42:49.164 [TestNG-test-Yt Master Tests-1] INFO  [verifyingSideMenuLanguageAsInSettings] [verifyingSideMenuLanguageAsInSettings] Trying to find element: By.xpath: //ytd-topbar-menu-button-renderer[@class='style-scope ytd-masthead style-default']
2026-03-03 13:42:49.589 [TestNG-test-Yt Master Tests-1] INFO  [verifyingSideMenuLanguageAsInSettings] [verifyingSideMenuLanguageAsInSettings] Element found and ready (attempt 1): By.xpath: //ytd-topbar-menu-button-renderer[@class='style-scope ytd-masthead style-default']
2026-03-03 13:42:49.688 [TestNG-test-Yt Master Tests-1] INFO  [verifyingSideMenuLanguageAsInSettings] [verifyingSideMenuLanguageAsInSettings] Waiting until element is visible in viewport
2026-03-03 13:42:50.222 [TestNG-test-Yt Master Tests-1] INFO  [verifyingSideMenuLanguageAsInSettings] [verifyingSideMenuLanguageAsInSettings] Capturing screenshot: Filter Applied is Bosanski__2026-03-03_134250.jpg
2026-03-03 13:42:50.458 [TestNG-test-Yt Master Tests-1] INFO  [verifyingSideMenuLanguageAsInSettings] [verifyingSideMenuLanguageAsInSettings] Screenshot saved at: test-output/screenshots/Run_2026-03-03_13-42-02/verifyingSideMenuLanguageAsInSettings/Filter Applied is Bosanski__2026-03-03_134250.jpg
2026-03-03 13:42:50.459 [TestNG-test-Yt Master Tests-1] INFO  [verifyingSideMenuLanguageAsInSettings] Clicking settings ellipses button...
2026-03-03 13:42:50.459 [TestNG-test-Yt Master Tests-1] INFO  [verifyingSideMenuLanguageAsInSettings] [verifyingSideMenuLanguageAsInSettings] Trying to find element: By.xpath: //ytd-topbar-menu-button-renderer[@class='style-scope ytd-masthead style-default']
2026-03-03 13:42:50.521 [TestNG-test-Yt Master Tests-1] INFO  [verifyingSideMenuLanguageAsInSettings] [verifyingSideMenuLanguageAsInSettings] Element found and ready (attempt 1): By.xpath: //ytd-topbar-menu-button-renderer[@class='style-scope ytd-masthead style-default']
2026-03-03 13:42:50.569 [TestNG-test-Yt Master Tests-1] INFO  [verifyingSideMenuLanguageAsInSettings] Fetching the side menu in expanded view
2026-03-03 13:42:50.569 [TestNG-test-Yt Master Tests-1] INFO  [verifyingSideMenuLanguageAsInSettings] [verifyingSideMenuLanguageAsInSettings] Finding elements list: By.xpath: //ytd-guide-entry-renderer[@class='style-scope ytd-guide-section-renderer']
2026-03-03 13:42:50.802 [TestNG-test-Yt Master Tests-1] INFO  [verifyingSideMenuLanguageAsInSettings] [verifyingSideMenuLanguageAsInSettings] Found 16 ready elements (attempt 1): By.xpath: //ytd-guide-entry-renderer[@class='style-scope ytd-guide-section-renderer']
2026-03-03 13:42:51.155 [TestNG-test-Yt Master Tests-1] INFO  [verifyingSideMenuLanguageAsInSettings] Clicking settings ellipses button...
2026-03-03 13:42:51.155 [TestNG-test-Yt Master Tests-1] INFO  [verifyingSideMenuLanguageAsInSettings] [verifyingSideMenuLanguageAsInSettings] Trying to find element: By.xpath: //ytd-topbar-menu-button-renderer[@class='style-scope ytd-masthead style-default']
2026-03-03 13:42:51.211 [TestNG-test-Yt Master Tests-1] INFO  [verifyingSideMenuLanguageAsInSettings] [verifyingSideMenuLanguageAsInSettings] Element found and ready (attempt 1): By.xpath: //ytd-topbar-menu-button-renderer[@class='style-scope ytd-masthead style-default']
2026-03-03 13:42:51.269 [TestNG-test-Yt Master Tests-1] INFO  [verifyingSideMenuLanguageAsInSettings] Clicking language dropdown...
2026-03-03 13:42:51.269 [TestNG-test-Yt Master Tests-1] INFO  [verifyingSideMenuLanguageAsInSettings] [verifyingSideMenuLanguageAsInSettings] Trying to find element: By.xpath: (//div[@id='content-icon'])[2]
2026-03-03 13:42:51.838 [TestNG-test-Yt Master Tests-1] INFO  [verifyingSideMenuLanguageAsInSettings] [verifyingSideMenuLanguageAsInSettings] Element found and ready (attempt 1): By.xpath: (//div[@id='content-icon'])[2]
2026-03-03 13:42:52.120 [TestNG-test-Yt Master Tests-1] INFO  [verifyingSideMenuLanguageAsInSettings] [verifyingSideMenuLanguageAsInSettings] Capturing screenshot: Filter Applied is Català__2026-03-03_134252.jpg
2026-03-03 13:42:52.390 [TestNG-test-Yt Master Tests-1] INFO  [verifyingSideMenuLanguageAsInSettings] [verifyingSideMenuLanguageAsInSettings] Screenshot saved at: test-output/screenshots/Run_2026-03-03_13-42-02/verifyingSideMenuLanguageAsInSettings/Filter Applied is Català__2026-03-03_134252.jpg
2026-03-03 13:42:52.391 [TestNG-test-Yt Master Tests-1] INFO  [verifyingSideMenuLanguageAsInSettings] Looking for language element with name: Català
2026-03-03 13:42:52.392 [TestNG-test-Yt Master Tests-1] INFO  [verifyingSideMenuLanguageAsInSettings] [verifyingSideMenuLanguageAsInSettings] Trying to find element: By.xpath: //yt-multi-page-menu-section-renderer[@class='style-scope ytd-multi-page-menu-renderer']//yt-formatted-string[@id='label' and text()='Català']
2026-03-03 13:42:52.459 [TestNG-test-Yt Master Tests-1] INFO  [verifyingSideMenuLanguageAsInSettings] [verifyingSideMenuLanguageAsInSettings] Element found and ready (attempt 1): By.xpath: //yt-multi-page-menu-section-renderer[@class='style-scope ytd-multi-page-menu-renderer']//yt-formatted-string[@id='label' and text()='Català']
2026-03-03 13:42:52.459 [TestNG-test-Yt Master Tests-1] INFO  [verifyingSideMenuLanguageAsInSettings] [verifyingSideMenuLanguageAsInSettings] Trying to find element: By.xpath: //yt-multi-page-menu-section-renderer[@class='style-scope ytd-multi-page-menu-renderer']//yt-formatted-string[@id='label' and text()='Català']
2026-03-03 13:42:52.513 [TestNG-test-Yt Master Tests-1] INFO  [verifyingSideMenuLanguageAsInSettings] [verifyingSideMenuLanguageAsInSettings] Element found and ready (attempt 1): By.xpath: //yt-multi-page-menu-section-renderer[@class='style-scope ytd-multi-page-menu-renderer']//yt-formatted-string[@id='label' and text()='Català']
2026-03-03 13:42:53.144 [TestNG-test-Yt Master Tests-1] INFO  [verifyingSideMenuLanguageAsInSettings] Clicking settings ellipses button...
2026-03-03 13:42:53.144 [TestNG-test-Yt Master Tests-1] INFO  [verifyingSideMenuLanguageAsInSettings] [verifyingSideMenuLanguageAsInSettings] Trying to find element: By.xpath: //ytd-topbar-menu-button-renderer[@class='style-scope ytd-masthead style-default']
2026-03-03 13:42:53.685 [TestNG-test-Yt Master Tests-1] INFO  [verifyingSideMenuLanguageAsInSettings] [verifyingSideMenuLanguageAsInSettings] Element found and ready (attempt 1): By.xpath: //ytd-topbar-menu-button-renderer[@class='style-scope ytd-masthead style-default']
2026-03-03 13:42:53.853 [TestNG-test-Yt Master Tests-1] INFO  [verifyingSideMenuLanguageAsInSettings] [verifyingSideMenuLanguageAsInSettings] Waiting until element is visible in viewport
2026-03-03 13:42:54.000 [TestNG-test-Yt Master Tests-1] INFO  [verifyingSideMenuLanguageAsInSettings] [verifyingSideMenuLanguageAsInSettings] Capturing screenshot: Filter Applied is Català__2026-03-03_134254.jpg
2026-03-03 13:42:54.309 [TestNG-test-Yt Master Tests-1] INFO  [verifyingSideMenuLanguageAsInSettings] [verifyingSideMenuLanguageAsInSettings] Screenshot saved at: test-output/screenshots/Run_2026-03-03_13-42-02/verifyingSideMenuLanguageAsInSettings/Filter Applied is Català__2026-03-03_134254.jpg
2026-03-03 13:42:54.310 [TestNG-test-Yt Master Tests-1] INFO  [verifyingSideMenuLanguageAsInSettings] Clicking settings ellipses button...
2026-03-03 13:42:54.311 [TestNG-test-Yt Master Tests-1] INFO  [verifyingSideMenuLanguageAsInSettings] [verifyingSideMenuLanguageAsInSettings] Trying to find element: By.xpath: //ytd-topbar-menu-button-renderer[@class='style-scope ytd-masthead style-default']
2026-03-03 13:42:54.369 [TestNG-test-Yt Master Tests-1] INFO  [verifyingSideMenuLanguageAsInSettings] [verifyingSideMenuLanguageAsInSettings] Element found and ready (attempt 1): By.xpath: //ytd-topbar-menu-button-renderer[@class='style-scope ytd-masthead style-default']
2026-03-03 13:42:54.418 [TestNG-test-Yt Master Tests-1] INFO  [verifyingSideMenuLanguageAsInSettings] Fetching the side menu in expanded view
2026-03-03 13:42:54.419 [TestNG-test-Yt Master Tests-1] INFO  [verifyingSideMenuLanguageAsInSettings] [verifyingSideMenuLanguageAsInSettings] Finding elements list: By.xpath: //ytd-guide-entry-renderer[@class='style-scope ytd-guide-section-renderer']
2026-03-03 13:42:54.657 [TestNG-test-Yt Master Tests-1] INFO  [verifyingSideMenuLanguageAsInSettings] [verifyingSideMenuLanguageAsInSettings] Found 16 ready elements (attempt 1): By.xpath: //ytd-guide-entry-renderer[@class='style-scope ytd-guide-section-renderer']
2026-03-03 13:42:55.012 [TestNG-test-Yt Master Tests-1] INFO  [verifyingSideMenuLanguageAsInSettings] Clicking settings ellipses button...
2026-03-03 13:42:55.013 [TestNG-test-Yt Master Tests-1] INFO  [verifyingSideMenuLanguageAsInSettings] [verifyingSideMenuLanguageAsInSettings] Trying to find element: By.xpath: //ytd-topbar-menu-button-renderer[@class='style-scope ytd-masthead style-default']
2026-03-03 13:42:55.064 [TestNG-test-Yt Master Tests-1] INFO  [verifyingSideMenuLanguageAsInSettings] [verifyingSideMenuLanguageAsInSettings] Element found and ready (attempt 1): By.xpath: //ytd-topbar-menu-button-renderer[@class='style-scope ytd-masthead style-default']
2026-03-03 13:42:55.120 [TestNG-test-Yt Master Tests-1] INFO  [verifyingSideMenuLanguageAsInSettings] Clicking language dropdown...
2026-03-03 13:42:55.121 [TestNG-test-Yt Master Tests-1] INFO  [verifyingSideMenuLanguageAsInSettings] [verifyingSideMenuLanguageAsInSettings] Trying to find element: By.xpath: (//div[@id='content-icon'])[2]
2026-03-03 13:42:55.680 [TestNG-test-Yt Master Tests-1] INFO  [verifyingSideMenuLanguageAsInSettings] [verifyingSideMenuLanguageAsInSettings] Element found and ready (attempt 1): By.xpath: (//div[@id='content-icon'])[2]
2026-03-03 13:42:55.976 [TestNG-test-Yt Master Tests-1] INFO  [verifyingSideMenuLanguageAsInSettings] [verifyingSideMenuLanguageAsInSettings] Capturing screenshot: Filter Applied is Dansk__2026-03-03_134255.jpg
2026-03-03 13:42:56.256 [TestNG-test-Yt Master Tests-1] INFO  [verifyingSideMenuLanguageAsInSettings] [verifyingSideMenuLanguageAsInSettings] Screenshot saved at: test-output/screenshots/Run_2026-03-03_13-42-02/verifyingSideMenuLanguageAsInSettings/Filter Applied is Dansk__2026-03-03_134255.jpg
2026-03-03 13:42:56.257 [TestNG-test-Yt Master Tests-1] INFO  [verifyingSideMenuLanguageAsInSettings] Looking for language element with name: Dansk
2026-03-03 13:42:56.257 [TestNG-test-Yt Master Tests-1] INFO  [verifyingSideMenuLanguageAsInSettings] [verifyingSideMenuLanguageAsInSettings] Trying to find element: By.xpath: //yt-multi-page-menu-section-renderer[@class='style-scope ytd-multi-page-menu-renderer']//yt-formatted-string[@id='label' and text()='Dansk']
2026-03-03 13:42:56.343 [TestNG-test-Yt Master Tests-1] INFO  [verifyingSideMenuLanguageAsInSettings] [verifyingSideMenuLanguageAsInSettings] Element found and ready (attempt 1): By.xpath: //yt-multi-page-menu-section-renderer[@class='style-scope ytd-multi-page-menu-renderer']//yt-formatted-string[@id='label' and text()='Dansk']
2026-03-03 13:42:56.343 [TestNG-test-Yt Master Tests-1] INFO  [verifyingSideMenuLanguageAsInSettings] [verifyingSideMenuLanguageAsInSettings] Trying to find element: By.xpath: //yt-multi-page-menu-section-renderer[@class='style-scope ytd-multi-page-menu-renderer']//yt-formatted-string[@id='label' and text()='Dansk']
2026-03-03 13:42:56.399 [TestNG-test-Yt Master Tests-1] INFO  [verifyingSideMenuLanguageAsInSettings] [verifyingSideMenuLanguageAsInSettings] Element found and ready (attempt 1): By.xpath: //yt-multi-page-menu-section-renderer[@class='style-scope ytd-multi-page-menu-renderer']//yt-formatted-string[@id='label' and text()='Dansk']
2026-03-03 13:42:57.001 [TestNG-test-Yt Master Tests-1] INFO  [verifyingSideMenuLanguageAsInSettings] Clicking settings ellipses button...
2026-03-03 13:42:57.103 [TestNG-test-Yt Master Tests-1] INFO  [verifyingSideMenuLanguageAsInSettings] [verifyingSideMenuLanguageAsInSettings] Trying to find element: By.xpath: //ytd-topbar-menu-button-renderer[@class='style-scope ytd-masthead style-default']
2026-03-03 13:42:57.544 [TestNG-test-Yt Master Tests-1] INFO  [verifyingSideMenuLanguageAsInSettings] [verifyingSideMenuLanguageAsInSettings] Element found and ready (attempt 1): By.xpath: //ytd-topbar-menu-button-renderer[@class='style-scope ytd-masthead style-default']
2026-03-03 13:42:57.650 [TestNG-test-Yt Master Tests-1] INFO  [verifyingSideMenuLanguageAsInSettings] [verifyingSideMenuLanguageAsInSettings] Waiting until element is visible in viewport
2026-03-03 13:42:58.182 [TestNG-test-Yt Master Tests-1] INFO  [verifyingSideMenuLanguageAsInSettings] [verifyingSideMenuLanguageAsInSettings] Capturing screenshot: Filter Applied is Dansk__2026-03-03_134258.jpg
2026-03-03 13:42:58.409 [TestNG-test-Yt Master Tests-1] INFO  [verifyingSideMenuLanguageAsInSettings] [verifyingSideMenuLanguageAsInSettings] Screenshot saved at: test-output/screenshots/Run_2026-03-03_13-42-02/verifyingSideMenuLanguageAsInSettings/Filter Applied is Dansk__2026-03-03_134258.jpg
2026-03-03 13:42:58.410 [TestNG-test-Yt Master Tests-1] INFO  [verifyingSideMenuLanguageAsInSettings] Clicking settings ellipses button...
2026-03-03 13:42:58.411 [TestNG-test-Yt Master Tests-1] INFO  [verifyingSideMenuLanguageAsInSettings] [verifyingSideMenuLanguageAsInSettings] Trying to find element: By.xpath: //ytd-topbar-menu-button-renderer[@class='style-scope ytd-masthead style-default']
2026-03-03 13:42:58.469 [TestNG-test-Yt Master Tests-1] INFO  [verifyingSideMenuLanguageAsInSettings] [verifyingSideMenuLanguageAsInSettings] Element found and ready (attempt 1): By.xpath: //ytd-topbar-menu-button-renderer[@class='style-scope ytd-masthead style-default']
2026-03-03 13:42:58.515 [TestNG-test-Yt Master Tests-1] INFO  [verifyingSideMenuLanguageAsInSettings] Fetching the side menu in expanded view
2026-03-03 13:42:58.516 [TestNG-test-Yt Master Tests-1] INFO  [verifyingSideMenuLanguageAsInSettings] [verifyingSideMenuLanguageAsInSettings] Finding elements list: By.xpath: //ytd-guide-entry-renderer[@class='style-scope ytd-guide-section-renderer']
2026-03-03 13:42:58.729 [TestNG-test-Yt Master Tests-1] INFO  [verifyingSideMenuLanguageAsInSettings] [verifyingSideMenuLanguageAsInSettings] Found 16 ready elements (attempt 1): By.xpath: //ytd-guide-entry-renderer[@class='style-scope ytd-guide-section-renderer']
2026-03-03 13:42:59.069 [TestNG-test-Yt Master Tests-1] INFO  [verifyingSideMenuLanguageAsInSettings] Clicking settings ellipses button...
2026-03-03 13:42:59.070 [TestNG-test-Yt Master Tests-1] INFO  [verifyingSideMenuLanguageAsInSettings] [verifyingSideMenuLanguageAsInSettings] Trying to find element: By.xpath: //ytd-topbar-menu-button-renderer[@class='style-scope ytd-masthead style-default']
2026-03-03 13:42:59.124 [TestNG-test-Yt Master Tests-1] INFO  [verifyingSideMenuLanguageAsInSettings] [verifyingSideMenuLanguageAsInSettings] Element found and ready (attempt 1): By.xpath: //ytd-topbar-menu-button-renderer[@class='style-scope ytd-masthead style-default']
2026-03-03 13:42:59.183 [TestNG-test-Yt Master Tests-1] INFO  [verifyingSideMenuLanguageAsInSettings] Clicking language dropdown...
2026-03-03 13:42:59.184 [TestNG-test-Yt Master Tests-1] INFO  [verifyingSideMenuLanguageAsInSettings] [verifyingSideMenuLanguageAsInSettings] Trying to find element: By.xpath: (//div[@id='content-icon'])[2]
2026-03-03 13:42:59.746 [TestNG-test-Yt Master Tests-1] INFO  [verifyingSideMenuLanguageAsInSettings] [verifyingSideMenuLanguageAsInSettings] Element found and ready (attempt 1): By.xpath: (//div[@id='content-icon'])[2]
2026-03-03 13:43:00.113 [TestNG-test-Yt Master Tests-1] INFO  [verifyingSideMenuLanguageAsInSettings] [verifyingSideMenuLanguageAsInSettings] Capturing screenshot: Filter Applied is Deutsch__2026-03-03_134300.jpg
2026-03-03 13:43:00.454 [TestNG-test-Yt Master Tests-1] INFO  [verifyingSideMenuLanguageAsInSettings] [verifyingSideMenuLanguageAsInSettings] Screenshot saved at: test-output/screenshots/Run_2026-03-03_13-42-02/verifyingSideMenuLanguageAsInSettings/Filter Applied is Deutsch__2026-03-03_134300.jpg
2026-03-03 13:43:00.455 [TestNG-test-Yt Master Tests-1] INFO  [verifyingSideMenuLanguageAsInSettings] Looking for language element with name: Deutsch
2026-03-03 13:43:00.455 [TestNG-test-Yt Master Tests-1] INFO  [verifyingSideMenuLanguageAsInSettings] [verifyingSideMenuLanguageAsInSettings] Trying to find element: By.xpath: //yt-multi-page-menu-section-renderer[@class='style-scope ytd-multi-page-menu-renderer']//yt-formatted-string[@id='label' and text()='Deutsch']
2026-03-03 13:43:00.516 [TestNG-test-Yt Master Tests-1] INFO  [verifyingSideMenuLanguageAsInSettings] [verifyingSideMenuLanguageAsInSettings] Element found and ready (attempt 1): By.xpath: //yt-multi-page-menu-section-renderer[@class='style-scope ytd-multi-page-menu-renderer']//yt-formatted-string[@id='label' and text()='Deutsch']
2026-03-03 13:43:00.517 [TestNG-test-Yt Master Tests-1] INFO  [verifyingSideMenuLanguageAsInSettings] [verifyingSideMenuLanguageAsInSettings] Trying to find element: By.xpath: //yt-multi-page-menu-section-renderer[@class='style-scope ytd-multi-page-menu-renderer']//yt-formatted-string[@id='label' and text()='Deutsch']
2026-03-03 13:43:00.569 [TestNG-test-Yt Master Tests-1] INFO  [verifyingSideMenuLanguageAsInSettings] [verifyingSideMenuLanguageAsInSettings] Element found and ready (attempt 1): By.xpath: //yt-multi-page-menu-section-renderer[@class='style-scope ytd-multi-page-menu-renderer']//yt-formatted-string[@id='label' and text()='Deutsch']
2026-03-03 13:43:02.336 [TestNG-test-Yt Master Tests-1] INFO  [verifyingSideMenuLanguageAsInSettings] Clicking settings ellipses button...
2026-03-03 13:43:02.337 [TestNG-test-Yt Master Tests-1] INFO  [verifyingSideMenuLanguageAsInSettings] [verifyingSideMenuLanguageAsInSettings] Trying to find element: By.xpath: //ytd-topbar-menu-button-renderer[@class='style-scope ytd-masthead style-default']
2026-03-03 13:43:02.808 [TestNG-test-Yt Master Tests-1] INFO  [verifyingSideMenuLanguageAsInSettings] [verifyingSideMenuLanguageAsInSettings] Element found and ready (attempt 1): By.xpath: //ytd-topbar-menu-button-renderer[@class='style-scope ytd-masthead style-default']
2026-03-03 13:43:02.900 [TestNG-test-Yt Master Tests-1] INFO  [verifyingSideMenuLanguageAsInSettings] [verifyingSideMenuLanguageAsInSettings] Waiting until element is visible in viewport
2026-03-03 13:43:03.096 [TestNG-test-Yt Master Tests-1] INFO  [verifyingSideMenuLanguageAsInSettings] [verifyingSideMenuLanguageAsInSettings] Capturing screenshot: Filter Applied is Deutsch__2026-03-03_134303.jpg
2026-03-03 13:43:03.424 [TestNG-test-Yt Master Tests-1] INFO  [verifyingSideMenuLanguageAsInSettings] [verifyingSideMenuLanguageAsInSettings] Screenshot saved at: test-output/screenshots/Run_2026-03-03_13-42-02/verifyingSideMenuLanguageAsInSettings/Filter Applied is Deutsch__2026-03-03_134303.jpg
2026-03-03 13:43:03.425 [TestNG-test-Yt Master Tests-1] INFO  [verifyingSideMenuLanguageAsInSettings] Clicking settings ellipses button...
2026-03-03 13:43:03.425 [TestNG-test-Yt Master Tests-1] INFO  [verifyingSideMenuLanguageAsInSettings] [verifyingSideMenuLanguageAsInSettings] Trying to find element: By.xpath: //ytd-topbar-menu-button-renderer[@class='style-scope ytd-masthead style-default']
2026-03-03 13:43:03.489 [TestNG-test-Yt Master Tests-1] INFO  [verifyingSideMenuLanguageAsInSettings] [verifyingSideMenuLanguageAsInSettings] Element found and ready (attempt 1): By.xpath: //ytd-topbar-menu-button-renderer[@class='style-scope ytd-masthead style-default']
2026-03-03 13:43:03.539 [TestNG-test-Yt Master Tests-1] INFO  [verifyingSideMenuLanguageAsInSettings] Fetching the side menu in expanded view
2026-03-03 13:43:03.539 [TestNG-test-Yt Master Tests-1] INFO  [verifyingSideMenuLanguageAsInSettings] [verifyingSideMenuLanguageAsInSettings] Finding elements list: By.xpath: //ytd-guide-entry-renderer[@class='style-scope ytd-guide-section-renderer']
2026-03-03 13:43:04.316 [TestNG-test-Yt Master Tests-1] INFO  [verifyingSideMenuLanguageAsInSettings] [verifyingSideMenuLanguageAsInSettings] Found 16 ready elements (attempt 1): By.xpath: //ytd-guide-entry-renderer[@class='style-scope ytd-guide-section-renderer']
2026-03-03 13:43:04.811 [TestNG-test-Yt Master Tests-1] INFO  [verifyingSideMenuLanguageAsInSettings] Clicking settings ellipses button...
2026-03-03 13:43:04.812 [TestNG-test-Yt Master Tests-1] INFO  [verifyingSideMenuLanguageAsInSettings] [verifyingSideMenuLanguageAsInSettings] Trying to find element: By.xpath: //ytd-topbar-menu-button-renderer[@class='style-scope ytd-masthead style-default']
2026-03-03 13:43:04.925 [TestNG-test-Yt Master Tests-1] INFO  [verifyingSideMenuLanguageAsInSettings] [verifyingSideMenuLanguageAsInSettings] Element found and ready (attempt 1): By.xpath: //ytd-topbar-menu-button-renderer[@class='style-scope ytd-masthead style-default']
2026-03-03 13:43:05.025 [TestNG-test-Yt Master Tests-1] INFO  [verifyingSideMenuLanguageAsInSettings] Clicking language dropdown...
2026-03-03 13:43:05.025 [TestNG-test-Yt Master Tests-1] INFO  [verifyingSideMenuLanguageAsInSettings] [verifyingSideMenuLanguageAsInSettings] Trying to find element: By.xpath: (//div[@id='content-icon'])[2]
2026-03-03 13:43:05.215 [TestNG-test-Yt Master Tests-1] INFO  [verifyingSideMenuLanguageAsInSettings] [verifyingSideMenuLanguageAsInSettings] Element found and ready (attempt 1): By.xpath: (//div[@id='content-icon'])[2]
2026-03-03 13:43:05.733 [TestNG-test-Yt Master Tests-1] INFO  [verifyingSideMenuLanguageAsInSettings] [verifyingSideMenuLanguageAsInSettings] Capturing screenshot: Filter Applied is Eesti__2026-03-03_134305.jpg
2026-03-03 13:43:06.113 [TestNG-test-Yt Master Tests-1] INFO  [verifyingSideMenuLanguageAsInSettings] [verifyingSideMenuLanguageAsInSettings] Screenshot saved at: test-output/screenshots/Run_2026-03-03_13-42-02/verifyingSideMenuLanguageAsInSettings/Filter Applied is Eesti__2026-03-03_134305.jpg
2026-03-03 13:43:06.114 [TestNG-test-Yt Master Tests-1] INFO  [verifyingSideMenuLanguageAsInSettings] Looking for language element with name: Eesti
2026-03-03 13:43:06.115 [TestNG-test-Yt Master Tests-1] INFO  [verifyingSideMenuLanguageAsInSettings] [verifyingSideMenuLanguageAsInSettings] Trying to find element: By.xpath: //yt-multi-page-menu-section-renderer[@class='style-scope ytd-multi-page-menu-renderer']//yt-formatted-string[@id='label' and text()='Eesti']
2026-03-03 13:43:06.194 [TestNG-test-Yt Master Tests-1] INFO  [verifyingSideMenuLanguageAsInSettings] [verifyingSideMenuLanguageAsInSettings] Element found and ready (attempt 1): By.xpath: //yt-multi-page-menu-section-renderer[@class='style-scope ytd-multi-page-menu-renderer']//yt-formatted-string[@id='label' and text()='Eesti']
2026-03-03 13:43:06.194 [TestNG-test-Yt Master Tests-1] INFO  [verifyingSideMenuLanguageAsInSettings] [verifyingSideMenuLanguageAsInSettings] Trying to find element: By.xpath: //yt-multi-page-menu-section-renderer[@class='style-scope ytd-multi-page-menu-renderer']//yt-formatted-string[@id='label' and text()='Eesti']
2026-03-03 13:43:06.256 [TestNG-test-Yt Master Tests-1] INFO  [verifyingSideMenuLanguageAsInSettings] [verifyingSideMenuLanguageAsInSettings] Element found and ready (attempt 1): By.xpath: //yt-multi-page-menu-section-renderer[@class='style-scope ytd-multi-page-menu-renderer']//yt-formatted-string[@id='label' and text()='Eesti']
2026-03-03 13:43:07.773 [TestNG-test-Yt Master Tests-1] INFO  [verifyingSideMenuLanguageAsInSettings] Clicking settings ellipses button...
2026-03-03 13:43:07.775 [TestNG-test-Yt Master Tests-1] INFO  [verifyingSideMenuLanguageAsInSettings] [verifyingSideMenuLanguageAsInSettings] Trying to find element: By.xpath: //ytd-topbar-menu-button-renderer[@class='style-scope ytd-masthead style-default']
2026-03-03 13:43:08.253 [TestNG-test-Yt Master Tests-1] INFO  [verifyingSideMenuLanguageAsInSettings] [verifyingSideMenuLanguageAsInSettings] Element found and ready (attempt 1): By.xpath: //ytd-topbar-menu-button-renderer[@class='style-scope ytd-masthead style-default']
2026-03-03 13:43:08.329 [TestNG-test-Yt Master Tests-1] INFO  [verifyingSideMenuLanguageAsInSettings] [verifyingSideMenuLanguageAsInSettings] Waiting until element is visible in viewport
2026-03-03 13:43:08.860 [TestNG-test-Yt Master Tests-1] INFO  [verifyingSideMenuLanguageAsInSettings] [verifyingSideMenuLanguageAsInSettings] Capturing screenshot: Filter Applied is Eesti__2026-03-03_134308.jpg
2026-03-03 13:43:09.081 [TestNG-test-Yt Master Tests-1] INFO  [verifyingSideMenuLanguageAsInSettings] [verifyingSideMenuLanguageAsInSettings] Screenshot saved at: test-output/screenshots/Run_2026-03-03_13-42-02/verifyingSideMenuLanguageAsInSettings/Filter Applied is Eesti__2026-03-03_134308.jpg
2026-03-03 13:43:09.082 [TestNG-test-Yt Master Tests-1] INFO  [verifyingSideMenuLanguageAsInSettings] Clicking settings ellipses button...
2026-03-03 13:43:09.082 [TestNG-test-Yt Master Tests-1] INFO  [verifyingSideMenuLanguageAsInSettings] [verifyingSideMenuLanguageAsInSettings] Trying to find element: By.xpath: //ytd-topbar-menu-button-renderer[@class='style-scope ytd-masthead style-default']
2026-03-03 13:43:09.139 [TestNG-test-Yt Master Tests-1] INFO  [verifyingSideMenuLanguageAsInSettings] [verifyingSideMenuLanguageAsInSettings] Element found and ready (attempt 1): By.xpath: //ytd-topbar-menu-button-renderer[@class='style-scope ytd-masthead style-default']
2026-03-03 13:43:09.188 [TestNG-test-Yt Master Tests-1] INFO  [verifyingSideMenuLanguageAsInSettings] Fetching the side menu in expanded view
2026-03-03 13:43:09.188 [TestNG-test-Yt Master Tests-1] INFO  [verifyingSideMenuLanguageAsInSettings] [verifyingSideMenuLanguageAsInSettings] Finding elements list: By.xpath: //ytd-guide-entry-renderer[@class='style-scope ytd-guide-section-renderer']
2026-03-03 13:43:09.417 [TestNG-test-Yt Master Tests-1] INFO  [verifyingSideMenuLanguageAsInSettings] [verifyingSideMenuLanguageAsInSettings] Found 16 ready elements (attempt 1): By.xpath: //ytd-guide-entry-renderer[@class='style-scope ytd-guide-section-renderer']
2026-03-03 13:43:09.751 [TestNG-test-Yt Master Tests-1] INFO  [verifyingSideMenuLanguageAsInSettings] Clicking settings ellipses button...
2026-03-03 13:43:09.751 [TestNG-test-Yt Master Tests-1] INFO  [verifyingSideMenuLanguageAsInSettings] [verifyingSideMenuLanguageAsInSettings] Trying to find element: By.xpath: //ytd-topbar-menu-button-renderer[@class='style-scope ytd-masthead style-default']
2026-03-03 13:43:09.801 [TestNG-test-Yt Master Tests-1] INFO  [verifyingSideMenuLanguageAsInSettings] [verifyingSideMenuLanguageAsInSettings] Element found and ready (attempt 1): By.xpath: //ytd-topbar-menu-button-renderer[@class='style-scope ytd-masthead style-default']
2026-03-03 13:43:09.864 [TestNG-test-Yt Master Tests-1] INFO  [verifyingSideMenuLanguageAsInSettings] Clicking language dropdown...
2026-03-03 13:43:09.864 [TestNG-test-Yt Master Tests-1] INFO  [verifyingSideMenuLanguageAsInSettings] [verifyingSideMenuLanguageAsInSettings] Trying to find element: By.xpath: (//div[@id='content-icon'])[2]
2026-03-03 13:43:10.439 [TestNG-test-Yt Master Tests-1] INFO  [verifyingSideMenuLanguageAsInSettings] [verifyingSideMenuLanguageAsInSettings] Element found and ready (attempt 1): By.xpath: (//div[@id='content-icon'])[2]
2026-03-03 13:43:10.727 [TestNG-test-Yt Master Tests-1] INFO  [verifyingSideMenuLanguageAsInSettings] [verifyingSideMenuLanguageAsInSettings] Capturing screenshot: Filter Applied is English (India)__2026-03-03_134310.jpg
2026-03-03 13:43:11.032 [TestNG-test-Yt Master Tests-1] INFO  [verifyingSideMenuLanguageAsInSettings] [verifyingSideMenuLanguageAsInSettings] Screenshot saved at: test-output/screenshots/Run_2026-03-03_13-42-02/verifyingSideMenuLanguageAsInSettings/Filter Applied is English (India)__2026-03-03_134310.jpg
2026-03-03 13:43:11.033 [TestNG-test-Yt Master Tests-1] INFO  [verifyingSideMenuLanguageAsInSettings] Looking for language element with name: English (India)
2026-03-03 13:43:11.033 [TestNG-test-Yt Master Tests-1] INFO  [verifyingSideMenuLanguageAsInSettings] [verifyingSideMenuLanguageAsInSettings] Trying to find element: By.xpath: //yt-multi-page-menu-section-renderer[@class='style-scope ytd-multi-page-menu-renderer']//yt-formatted-string[@id='label' and text()='English (India)']
2026-03-03 13:43:11.095 [TestNG-test-Yt Master Tests-1] INFO  [verifyingSideMenuLanguageAsInSettings] [verifyingSideMenuLanguageAsInSettings] Element found and ready (attempt 1): By.xpath: //yt-multi-page-menu-section-renderer[@class='style-scope ytd-multi-page-menu-renderer']//yt-formatted-string[@id='label' and text()='English (India)']
2026-03-03 13:43:11.095 [TestNG-test-Yt Master Tests-1] INFO  [verifyingSideMenuLanguageAsInSettings] [verifyingSideMenuLanguageAsInSettings] Trying to find element: By.xpath: //yt-multi-page-menu-section-renderer[@class='style-scope ytd-multi-page-menu-renderer']//yt-formatted-string[@id='label' and text()='English (India)']
2026-03-03 13:43:11.148 [TestNG-test-Yt Master Tests-1] INFO  [verifyingSideMenuLanguageAsInSettings] [verifyingSideMenuLanguageAsInSettings] Element found and ready (attempt 1): By.xpath: //yt-multi-page-menu-section-renderer[@class='style-scope ytd-multi-page-menu-renderer']//yt-formatted-string[@id='label' and text()='English (India)']
2026-03-03 13:43:12.822 [TestNG-test-Yt Master Tests-1] INFO  [verifyingSideMenuLanguageAsInSettings] Clicking settings ellipses button...
2026-03-03 13:43:12.822 [TestNG-test-Yt Master Tests-1] INFO  [verifyingSideMenuLanguageAsInSettings] [verifyingSideMenuLanguageAsInSettings] Trying to find element: By.xpath: //ytd-topbar-menu-button-renderer[@class='style-scope ytd-masthead style-default']
2026-03-03 13:43:13.249 [TestNG-test-Yt Master Tests-1] INFO  [verifyingSideMenuLanguageAsInSettings] [verifyingSideMenuLanguageAsInSettings] Element found and ready (attempt 1): By.xpath: //ytd-topbar-menu-button-renderer[@class='style-scope ytd-masthead style-default']
2026-03-03 13:43:13.420 [TestNG-test-Yt Master Tests-1] INFO  [verifyingSideMenuLanguageAsInSettings] [verifyingSideMenuLanguageAsInSettings] Waiting until element is visible in viewport
2026-03-03 13:43:13.964 [TestNG-test-Yt Master Tests-1] INFO  [verifyingSideMenuLanguageAsInSettings] [verifyingSideMenuLanguageAsInSettings] Capturing screenshot: Filter Applied is English (India)__2026-03-03_134313.jpg
2026-03-03 13:43:14.201 [TestNG-test-Yt Master Tests-1] INFO  [verifyingSideMenuLanguageAsInSettings] [verifyingSideMenuLanguageAsInSettings] Screenshot saved at: test-output/screenshots/Run_2026-03-03_13-42-02/verifyingSideMenuLanguageAsInSettings/Filter Applied is English (India)__2026-03-03_134313.jpg
2026-03-03 13:43:14.202 [TestNG-test-Yt Master Tests-1] INFO  [verifyingSideMenuLanguageAsInSettings] Clicking settings ellipses button...
2026-03-03 13:43:14.202 [TestNG-test-Yt Master Tests-1] INFO  [verifyingSideMenuLanguageAsInSettings] [verifyingSideMenuLanguageAsInSettings] Trying to find element: By.xpath: //ytd-topbar-menu-button-renderer[@class='style-scope ytd-masthead style-default']
2026-03-03 13:43:14.258 [TestNG-test-Yt Master Tests-1] INFO  [verifyingSideMenuLanguageAsInSettings] [verifyingSideMenuLanguageAsInSettings] Element found and ready (attempt 1): By.xpath: //ytd-topbar-menu-button-renderer[@class='style-scope ytd-masthead style-default']
2026-03-03 13:43:14.308 [TestNG-test-Yt Master Tests-1] INFO  [verifyingSideMenuLanguageAsInSettings] Fetching the side menu in expanded view
2026-03-03 13:43:14.309 [TestNG-test-Yt Master Tests-1] INFO  [verifyingSideMenuLanguageAsInSettings] [verifyingSideMenuLanguageAsInSettings] Finding elements list: By.xpath: //ytd-guide-entry-renderer[@class='style-scope ytd-guide-section-renderer']
2026-03-03 13:43:14.542 [TestNG-test-Yt Master Tests-1] INFO  [verifyingSideMenuLanguageAsInSettings] [verifyingSideMenuLanguageAsInSettings] Found 16 ready elements (attempt 1): By.xpath: //ytd-guide-entry-renderer[@class='style-scope ytd-guide-section-renderer']
2026-03-03 13:43:14.890 [TestNG-test-Yt Master Tests-1] INFO  [verifyingSideMenuLanguageAsInSettings] Clicking settings ellipses button...
2026-03-03 13:43:14.890 [TestNG-test-Yt Master Tests-1] INFO  [verifyingSideMenuLanguageAsInSettings] [verifyingSideMenuLanguageAsInSettings] Trying to find element: By.xpath: //ytd-topbar-menu-button-renderer[@class='style-scope ytd-masthead style-default']
2026-03-03 13:43:14.940 [TestNG-test-Yt Master Tests-1] INFO  [verifyingSideMenuLanguageAsInSettings] [verifyingSideMenuLanguageAsInSettings] Element found and ready (attempt 1): By.xpath: //ytd-topbar-menu-button-renderer[@class='style-scope ytd-masthead style-default']
2026-03-03 13:43:15.003 [TestNG-test-Yt Master Tests-1] INFO  [verifyingSideMenuLanguageAsInSettings] Clicking language dropdown...
2026-03-03 13:43:15.003 [TestNG-test-Yt Master Tests-1] INFO  [verifyingSideMenuLanguageAsInSettings] [verifyingSideMenuLanguageAsInSettings] Trying to find element: By.xpath: (//div[@id='content-icon'])[2]
2026-03-03 13:43:15.571 [TestNG-test-Yt Master Tests-1] INFO  [verifyingSideMenuLanguageAsInSettings] [verifyingSideMenuLanguageAsInSettings] Element found and ready (attempt 1): By.xpath: (//div[@id='content-icon'])[2]
2026-03-03 13:43:15.877 [TestNG-test-Yt Master Tests-1] INFO  [verifyingSideMenuLanguageAsInSettings] [verifyingSideMenuLanguageAsInSettings] Not retrying test 'verifyingSideMenuLanguageAsInSettings'. Retry count: 0, Cause: The following asserts failed:
	Mismatch in the Actual and Expected data for language=Afrikaans expected [Tuis Kortvideo's Intekeninge Myne Geskiedenis Musiek Flieks Regstreeks YouTube Premium YouTube Music YouTube Kids Instellings Aangeegeskiedenis Hulp Stuur terugvoer] but found [Tuis Kortvideo's Intekeninge Myne Geskiedenis Musiek Flieks en TV Regstreeks YouTube Premium YouTube TV YouTube Music YouTube Kids Instellings Aangeegeskiedenis Hulp Stuur terugvoer],
	Mismatch in the Actual and Expected data for language=Azərbaycan expected [Ev Shorts Abunəliklər Siz Tarixçə Musiqi Filmlər Canlı YouTube Premium YouTube Music YouTube Kids Ayarlar Xəbər tarixçəsi Yardım Rəy göndərin] but found [Ev Shorts Abunəliklər Siz Tarixçə Musiqi Film və TV Canlı YouTube Premium YouTube TV YouTube Music YouTube Kids Ayarlar Xəbər tarixçəsi Yardım Rəy göndərin],
	Mismatch in the Actual and Expected data for language=Bahasa Indonesia expected [Beranda Shorts Subscription Anda Histori Musik Film Live YouTube Premium YouTube Music YouTube Kids Setelan Histori laporan Bantuan Kirim masukan] but found [Beranda Shorts Subscription Anda Histori Musik Film & TV Live YouTube Premium YouTube TV YouTube Music YouTube Kids Setelan Histori laporan Bantuan Kirim masukan],
	Mismatch in the Actual and Expected data for language=Bosanski expected [Početna stranica Shorts Pretplate Vi Hi‪storija Muzika Filmovi Uživo YouTube Premium YouTube Music YouTube Kids Postavke Historija prijava Pomoć Pošaljite povratne informacije] but found [Početna stranica Shorts Pretplate Vi Hi‪storija Muzika Filmovi i TV Uživo YouTube Premium YouTube TV YouTube Music YouTube Kids Postavke Historija prijava Pomoć Pošaljite povratne informacije],
	Mismatch in the Actual and Expected data for language=Català expected [Inici YouTube Shorts Subscripcions Tu Historial Música Pel·lícules En directe YouTube Premium YouTube Music YouTube Kids Configuració Historial d'informes Ajuda Envia suggeriments] but found [Inici YouTube Shorts Subscripcions Tu Historial Música Pel·lícules i televisió En directe YouTube Premium YouTube TV YouTube Music YouTube Kids Configuració Historial d'informes Ajuda Envia suggeriments],
	Mismatch in the Actual and Expected data for language=Dansk expected [Start Shorts Abonnementer Dig Historik Musik Film Live YouTube Premium YouTube Music YouTube Kids Indstillinger Rapporteringshistorik Hjælp Send feedback] but found [Start Shorts Abonnementer Dig Historik Musik Film og tv Live YouTube Premium YouTube TV YouTube Music YouTube Kids Indstillinger Rapporteringshistorik Hjælp Send feedback],
	Mismatch in the Actual and Expected data for language=Deutsch expected [Startseite Shorts Abos Mein YouTube Verlauf Musik Filme Live YouTube Premium YouTube Music YouTube Kids Einstellungen Meldeverlauf Hilfe Feedback senden] but found [Startseite Shorts Abos Mein YouTube Verlauf Musik Filme & Shows Live YouTube Premium YouTube TV YouTube Music YouTube Kids Einstellungen Meldeverlauf Hilfe Feedback senden],
	Mismatch in the Actual and Expected data for language=Eesti expected [Avaleht Shorts Tellimused Teie Ajalugu Muusika Filmid Otse YouTube Premium YouTube Music YouTube Kids Seaded Teavituste ajalugu Abi Tagasiside saatmine] but found [Avaleht Shorts Tellimused Teie Ajalugu Muusika Filmid ja telesarjad Otse YouTube Premium YouTube TV YouTube Music YouTube Kids Seaded Teavituste ajalugu Abi Tagasiside saatmine],
	Mismatch in the Actual and Expected data for language=English (India) expected [Home Shorts Subscriptions You History Shopping Music Films YouTube Premium YouTube Music YouTube Kids Settings Report history Help Send feedback] but found [Home Shorts Subscriptions You History Shopping Music Movies & TV YouTube Premium YouTube TV YouTube Music YouTube Kids Settings Report history Help Send feedback]
2026-03-03 13:43:15.924 [TestNG-test-Yt Master Tests-1] ERROR [verifyingSideMenuLanguageAsInSettings] Test FAILED: verifyingSideMenuLanguageAsInSettings - java.lang.AssertionError: The following asserts failed:
	Mismatch in the Actual and Expected data for language=Afrikaans expected [Tuis Kortvideo's Intekeninge Myne Geskiedenis Musiek Flieks Regstreeks YouTube Premium YouTube Music YouTube Kids Instellings Aangeegeskiedenis Hulp Stuur terugvoer] but found [Tuis Kortvideo's Intekeninge Myne Geskiedenis Musiek Flieks en TV Regstreeks YouTube Premium YouTube TV YouTube Music YouTube Kids Instellings Aangeegeskiedenis Hulp Stuur terugvoer],
	Mismatch in the Actual and Expected data for language=Azərbaycan expected [Ev Shorts Abunəliklər Siz Tarixçə Musiqi Filmlər Canlı YouTube Premium YouTube Music YouTube Kids Ayarlar Xəbər tarixçəsi Yardım Rəy göndərin] but found [Ev Shorts Abunəliklər Siz Tarixçə Musiqi Film və TV Canlı YouTube Premium YouTube TV YouTube Music YouTube Kids Ayarlar Xəbər tarixçəsi Yardım Rəy göndərin],
	Mismatch in the Actual and Expected data for language=Bahasa Indonesia expected [Beranda Shorts Subscription Anda Histori Musik Film Live YouTube Premium YouTube Music YouTube Kids Setelan Histori laporan Bantuan Kirim masukan] but found [Beranda Shorts Subscription Anda Histori Musik Film & TV Live YouTube Premium YouTube TV YouTube Music YouTube Kids Setelan Histori laporan Bantuan Kirim masukan],
	Mismatch in the Actual and Expected data for language=Bosanski expected [Početna stranica Shorts Pretplate Vi Hi‪storija Muzika Filmovi Uživo YouTube Premium YouTube Music YouTube Kids Postavke Historija prijava Pomoć Pošaljite povratne informacije] but found [Početna stranica Shorts Pretplate Vi Hi‪storija Muzika Filmovi i TV Uživo YouTube Premium YouTube TV YouTube Music YouTube Kids Postavke Historija prijava Pomoć Pošaljite povratne informacije],
	Mismatch in the Actual and Expected data for language=Català expected [Inici YouTube Shorts Subscripcions Tu Historial Música Pel·lícules En directe YouTube Premium YouTube Music YouTube Kids Configuració Historial d'informes Ajuda Envia suggeriments] but found [Inici YouTube Shorts Subscripcions Tu Historial Música Pel·lícules i televisió En directe YouTube Premium YouTube TV YouTube Music YouTube Kids Configuració Historial d'informes Ajuda Envia suggeriments],
	Mismatch in the Actual and Expected data for language=Dansk expected [Start Shorts Abonnementer Dig Historik Musik Film Live YouTube Premium YouTube Music YouTube Kids Indstillinger Rapporteringshistorik Hjælp Send feedback] but found [Start Shorts Abonnementer Dig Historik Musik Film og tv Live YouTube Premium YouTube TV YouTube Music YouTube Kids Indstillinger Rapporteringshistorik Hjælp Send feedback],
	Mismatch in the Actual and Expected data for language=Deutsch expected [Startseite Shorts Abos Mein YouTube Verlauf Musik Filme Live YouTube Premium YouTube Music YouTube Kids Einstellungen Meldeverlauf Hilfe Feedback senden] but found [Startseite Shorts Abos Mein YouTube Verlauf Musik Filme & Shows Live YouTube Premium YouTube TV YouTube Music YouTube Kids Einstellungen Meldeverlauf Hilfe Feedback senden],
	Mismatch in the Actual and Expected data for language=Eesti expected [Avaleht Shorts Tellimused Teie Ajalugu Muusika Filmid Otse YouTube Premium YouTube Music YouTube Kids Seaded Teavituste ajalugu Abi Tagasiside saatmine] but found [Avaleht Shorts Tellimused Teie Ajalugu Muusika Filmid ja telesarjad Otse YouTube Premium YouTube TV YouTube Music YouTube Kids Seaded Teavituste ajalugu Abi Tagasiside saatmine],
	Mismatch in the Actual and Expected data for language=English (India) expected [Home Shorts Subscriptions You History Shopping Music Films YouTube Premium YouTube Music YouTube Kids Settings Report history Help Send feedback] but found [Home Shorts Subscriptions You History Shopping Music Movies & TV YouTube Premium YouTube TV YouTube Music YouTube Kids Settings Report history Help Send feedback]
2026-03-03 13:43:15.926 [TestNG-test-Yt Master Tests-1] INFO  [verifyingSideMenuLanguageAsInSettings] Closing WebDriver for thread: 31
2026-03-03 13:43:16.252 [TestNG-test-Yt Master Tests-1] INFO  [verifyingSideMenuLanguageAsInSettings] WebDriver instance removed from ThreadLocal for thread: 31
2026-03-03 13:43:16.253 [TestNG-test-Yt Master Tests-1] INFO  [verifyingSideMenuLanguageAsInSettings] Driver closed for test: verifyingSideMenuLanguageAsInSettings
