18:51:22 [TestNG-test-Yt Master Tests-3] INFO  verifyingSideMenuCollapsedLangAsInSettings_18-51-22 - No existing WebDriver found for current thread. Initializing a new ChromeDriver...
18:51:22 [TestNG-test-Yt Master Tests-3] INFO  verifyingSideMenuCollapsedLangAsInSettings_18-51-22 - WebDriverManager: chromedriver setup OK
18:51:24 [TestNG-test-Yt Master Tests-3] INFO  verifyingSideMenuCollapsedLangAsInSettings_18-51-22 - ChromeDriver initialized successfully for thread: 36
18:51:24 [TestNG-test-Yt Master Tests-3] INFO  verifyingSideMenuCollapsedLangAsInSettings_18-51-22 - SafeActions initialized with driver ChromeDriver: chrome on windows (0c31db68a6a5c562fc9a6b8aa355eff2)
18:51:24 [TestNG-test-Yt Master Tests-3] INFO  verifyingSideMenuCollapsedLangAsInSettings_18-51-22 - Initialized YtLandingPage with driver: ChromeDriver: chrome on windows (0c31db68a6a5c562fc9a6b8aa355eff2)
18:51:24 [TestNG-test-Yt Master Tests-3] INFO  verifyingSideMenuCollapsedLangAsInSettings_18-51-22 - SafeActions initialized with driver ChromeDriver: chrome on windows (0c31db68a6a5c562fc9a6b8aa355eff2)
18:51:32 [TestNG-test-Yt Master Tests-3] INFO  verifyingSideMenuCollapsedLangAsInSettings_18-51-22 - Opened YouTube landing page.
18:51:32 [TestNG-test-Yt Master Tests-3] INFO  verifyingSideMenuCollapsedLangAsInSettings_18-51-22 - Clicking left ellipses in the landing page
18:51:32 [TestNG-test-Yt Master Tests-3] INFO  verifyingSideMenuCollapsedLangAsInSettings_18-51-22 - [verifyingSideMenuCollapsedLangAsInSettings_18-51-22] Trying to find element: By.xpath: //ytd-topbar-logo-renderer[@id='logo']/preceding-sibling::*[@id='guide-button']
18:51:32 [TestNG-test-Yt Master Tests-3] INFO  verifyingSideMenuCollapsedLangAsInSettings_18-51-22 - [verifyingSideMenuCollapsedLangAsInSettings_18-51-22] Element found and ready (attempt 1): By.xpath: //ytd-topbar-logo-renderer[@id='logo']/preceding-sibling::*[@id='guide-button']
18:51:32 [TestNG-test-Yt Master Tests-3] INFO  verifyingSideMenuCollapsedLangAsInSettings_18-51-22 - Clicking settings ellipses button...
18:51:32 [TestNG-test-Yt Master Tests-3] INFO  verifyingSideMenuCollapsedLangAsInSettings_18-51-22 - [verifyingSideMenuCollapsedLangAsInSettings_18-51-22] Trying to find element: By.xpath: //ytd-topbar-menu-button-renderer[@class='style-scope ytd-masthead style-default']
18:51:32 [TestNG-test-Yt Master Tests-3] INFO  verifyingSideMenuCollapsedLangAsInSettings_18-51-22 - [verifyingSideMenuCollapsedLangAsInSettings_18-51-22] Element found and ready (attempt 1): By.xpath: //ytd-topbar-menu-button-renderer[@class='style-scope ytd-masthead style-default']
18:51:32 [TestNG-test-Yt Master Tests-3] INFO  verifyingSideMenuCollapsedLangAsInSettings_18-51-22 - Clicking language dropdown...
18:51:32 [TestNG-test-Yt Master Tests-3] INFO  verifyingSideMenuCollapsedLangAsInSettings_18-51-22 - [verifyingSideMenuCollapsedLangAsInSettings_18-51-22] Trying to find element: By.xpath: (//div[@id='content-icon'])[2]
18:51:33 [TestNG-test-Yt Master Tests-3] INFO  verifyingSideMenuCollapsedLangAsInSettings_18-51-22 - [verifyingSideMenuCollapsedLangAsInSettings_18-51-22] Element found and ready (attempt 1): By.xpath: (//div[@id='content-icon'])[2]
18:51:33 [TestNG-test-Yt Master Tests-3] INFO  verifyingSideMenuCollapsedLangAsInSettings_18-51-22 - [verifyingSideMenuCollapsedLangAsInSettings_18-51-22] Execution is Not CRON Job Hence refering to normal keys from UtilData
18:51:33 [TestNG-test-Yt Master Tests-3] INFO  verifyingSideMenuCollapsedLangAsInSettings_18-51-22 - Looking for language element with name: Afrikaans
18:51:33 [TestNG-test-Yt Master Tests-3] INFO  verifyingSideMenuCollapsedLangAsInSettings_18-51-22 - [verifyingSideMenuCollapsedLangAsInSettings_18-51-22] Trying to find element: By.xpath: //yt-multi-page-menu-section-renderer[@class='style-scope ytd-multi-page-menu-renderer']//yt-formatted-string[@id='label' and text()='Afrikaans']
18:51:33 [TestNG-test-Yt Master Tests-3] INFO  verifyingSideMenuCollapsedLangAsInSettings_18-51-22 - [verifyingSideMenuCollapsedLangAsInSettings_18-51-22] Element found and ready (attempt 1): By.xpath: //yt-multi-page-menu-section-renderer[@class='style-scope ytd-multi-page-menu-renderer']//yt-formatted-string[@id='label' and text()='Afrikaans']
18:51:33 [TestNG-test-Yt Master Tests-3] INFO  verifyingSideMenuCollapsedLangAsInSettings_18-51-22 - [verifyingSideMenuCollapsedLangAsInSettings_18-51-22] Trying to find element: By.xpath: //yt-multi-page-menu-section-renderer[@class='style-scope ytd-multi-page-menu-renderer']//yt-formatted-string[@id='label' and text()='Afrikaans']
18:51:34 [TestNG-test-Yt Master Tests-3] INFO  verifyingSideMenuCollapsedLangAsInSettings_18-51-22 - [verifyingSideMenuCollapsedLangAsInSettings_18-51-22] Element found and ready (attempt 1): By.xpath: //yt-multi-page-menu-section-renderer[@class='style-scope ytd-multi-page-menu-renderer']//yt-formatted-string[@id='label' and text()='Afrikaans']
18:51:36 [TestNG-test-Yt Master Tests-3] INFO  verifyingSideMenuCollapsedLangAsInSettings_18-51-22 - Clicking settings ellipses button...
18:51:36 [TestNG-test-Yt Master Tests-3] INFO  verifyingSideMenuCollapsedLangAsInSettings_18-51-22 - [verifyingSideMenuCollapsedLangAsInSettings_18-51-22] Trying to find element: By.xpath: //ytd-topbar-menu-button-renderer[@class='style-scope ytd-masthead style-default']
18:51:36 [TestNG-test-Yt Master Tests-3] INFO  verifyingSideMenuCollapsedLangAsInSettings_18-51-22 - [verifyingSideMenuCollapsedLangAsInSettings_18-51-22] Element found and ready (attempt 1): By.xpath: //ytd-topbar-menu-button-renderer[@class='style-scope ytd-masthead style-default']
18:51:36 [TestNG-test-Yt Master Tests-3] INFO  verifyingSideMenuCollapsedLangAsInSettings_18-51-22 - [verifyingSideMenuCollapsedLangAsInSettings_18-51-22] Waiting until element is visible in viewport
18:51:37 [TestNG-test-Yt Master Tests-3] INFO  verifyingSideMenuCollapsedLangAsInSettings_18-51-22 - Clicking settings ellipses button...
18:51:37 [TestNG-test-Yt Master Tests-3] INFO  verifyingSideMenuCollapsedLangAsInSettings_18-51-22 - [verifyingSideMenuCollapsedLangAsInSettings_18-51-22] Trying to find element: By.xpath: //ytd-topbar-menu-button-renderer[@class='style-scope ytd-masthead style-default']
18:51:37 [TestNG-test-Yt Master Tests-3] INFO  verifyingSideMenuCollapsedLangAsInSettings_18-51-22 - [verifyingSideMenuCollapsedLangAsInSettings_18-51-22] Element found and ready (attempt 1): By.xpath: //ytd-topbar-menu-button-renderer[@class='style-scope ytd-masthead style-default']
18:51:37 [TestNG-test-Yt Master Tests-3] INFO  verifyingSideMenuCollapsedLangAsInSettings_18-51-22 - getLangAttribute() - locating <html> and reading lang property
18:51:37 [TestNG-test-Yt Master Tests-3] INFO  verifyingSideMenuCollapsedLangAsInSettings_18-51-22 - Language attribute read: af-ZA
18:51:37 [TestNG-test-Yt Master Tests-3] INFO  verifyingSideMenuCollapsedLangAsInSettings_18-51-22 - Fetching the side menu in collapsed view
18:51:37 [TestNG-test-Yt Master Tests-3] INFO  verifyingSideMenuCollapsedLangAsInSettings_18-51-22 - [verifyingSideMenuCollapsedLangAsInSettings_18-51-22] Finding elements list: By.xpath: //ytd-mini-guide-renderer[@class='style-scope ytd-app']//ytd-mini-guide-entry-renderer
18:51:38 [TestNG-test-Yt Master Tests-3] INFO  verifyingSideMenuCollapsedLangAsInSettings_18-51-22 - [verifyingSideMenuCollapsedLangAsInSettings_18-51-22] Found 4 ready elements (attempt 1): By.xpath: //ytd-mini-guide-renderer[@class='style-scope ytd-app']//ytd-mini-guide-entry-renderer
18:51:38 [TestNG-test-Yt Master Tests-3] INFO  verifyingSideMenuCollapsedLangAsInSettings_18-51-22 - Clicking settings ellipses button...
18:51:39 [TestNG-test-Yt Master Tests-3] INFO  verifyingSideMenuCollapsedLangAsInSettings_18-51-22 - [verifyingSideMenuCollapsedLangAsInSettings_18-51-22] Trying to find element: By.xpath: //ytd-topbar-menu-button-renderer[@class='style-scope ytd-masthead style-default']
18:51:39 [TestNG-test-Yt Master Tests-3] INFO  verifyingSideMenuCollapsedLangAsInSettings_18-51-22 - [verifyingSideMenuCollapsedLangAsInSettings_18-51-22] Element found and ready (attempt 1): By.xpath: //ytd-topbar-menu-button-renderer[@class='style-scope ytd-masthead style-default']
18:51:39 [TestNG-test-Yt Master Tests-3] INFO  verifyingSideMenuCollapsedLangAsInSettings_18-51-22 - Clicking language dropdown...
18:51:39 [TestNG-test-Yt Master Tests-3] INFO  verifyingSideMenuCollapsedLangAsInSettings_18-51-22 - [verifyingSideMenuCollapsedLangAsInSettings_18-51-22] Trying to find element: By.xpath: (//div[@id='content-icon'])[2]
18:51:40 [TestNG-test-Yt Master Tests-3] INFO  verifyingSideMenuCollapsedLangAsInSettings_18-51-22 - [verifyingSideMenuCollapsedLangAsInSettings_18-51-22] Element found and ready (attempt 1): By.xpath: (//div[@id='content-icon'])[2]
18:51:41 [TestNG-test-Yt Master Tests-3] INFO  verifyingSideMenuCollapsedLangAsInSettings_18-51-22 - Looking for language element with name: Azərbaycan
18:51:41 [TestNG-test-Yt Master Tests-3] INFO  verifyingSideMenuCollapsedLangAsInSettings_18-51-22 - [verifyingSideMenuCollapsedLangAsInSettings_18-51-22] Trying to find element: By.xpath: //yt-multi-page-menu-section-renderer[@class='style-scope ytd-multi-page-menu-renderer']//yt-formatted-string[@id='label' and text()='Azərbaycan']
18:51:41 [TestNG-test-Yt Master Tests-3] INFO  verifyingSideMenuCollapsedLangAsInSettings_18-51-22 - [verifyingSideMenuCollapsedLangAsInSettings_18-51-22] Element found and ready (attempt 1): By.xpath: //yt-multi-page-menu-section-renderer[@class='style-scope ytd-multi-page-menu-renderer']//yt-formatted-string[@id='label' and text()='Azərbaycan']
18:51:41 [TestNG-test-Yt Master Tests-3] INFO  verifyingSideMenuCollapsedLangAsInSettings_18-51-22 - [verifyingSideMenuCollapsedLangAsInSettings_18-51-22] Trying to find element: By.xpath: //yt-multi-page-menu-section-renderer[@class='style-scope ytd-multi-page-menu-renderer']//yt-formatted-string[@id='label' and text()='Azərbaycan']
18:51:41 [TestNG-test-Yt Master Tests-3] INFO  verifyingSideMenuCollapsedLangAsInSettings_18-51-22 - [verifyingSideMenuCollapsedLangAsInSettings_18-51-22] Element found and ready (attempt 1): By.xpath: //yt-multi-page-menu-section-renderer[@class='style-scope ytd-multi-page-menu-renderer']//yt-formatted-string[@id='label' and text()='Azərbaycan']
18:51:43 [TestNG-test-Yt Master Tests-3] INFO  verifyingSideMenuCollapsedLangAsInSettings_18-51-22 - Clicking settings ellipses button...
18:51:43 [TestNG-test-Yt Master Tests-3] INFO  verifyingSideMenuCollapsedLangAsInSettings_18-51-22 - [verifyingSideMenuCollapsedLangAsInSettings_18-51-22] Trying to find element: By.xpath: //ytd-topbar-menu-button-renderer[@class='style-scope ytd-masthead style-default']
18:51:43 [TestNG-test-Yt Master Tests-3] INFO  verifyingSideMenuCollapsedLangAsInSettings_18-51-22 - [verifyingSideMenuCollapsedLangAsInSettings_18-51-22] Element found and ready (attempt 1): By.xpath: //ytd-topbar-menu-button-renderer[@class='style-scope ytd-masthead style-default']
18:51:43 [TestNG-test-Yt Master Tests-3] INFO  verifyingSideMenuCollapsedLangAsInSettings_18-51-22 - [verifyingSideMenuCollapsedLangAsInSettings_18-51-22] Waiting until element is visible in viewport
18:51:44 [TestNG-test-Yt Master Tests-3] INFO  verifyingSideMenuCollapsedLangAsInSettings_18-51-22 - Clicking settings ellipses button...
18:51:44 [TestNG-test-Yt Master Tests-3] INFO  verifyingSideMenuCollapsedLangAsInSettings_18-51-22 - [verifyingSideMenuCollapsedLangAsInSettings_18-51-22] Trying to find element: By.xpath: //ytd-topbar-menu-button-renderer[@class='style-scope ytd-masthead style-default']
18:51:44 [TestNG-test-Yt Master Tests-3] INFO  verifyingSideMenuCollapsedLangAsInSettings_18-51-22 - [verifyingSideMenuCollapsedLangAsInSettings_18-51-22] Element found and ready (attempt 1): By.xpath: //ytd-topbar-menu-button-renderer[@class='style-scope ytd-masthead style-default']
18:51:44 [TestNG-test-Yt Master Tests-3] INFO  verifyingSideMenuCollapsedLangAsInSettings_18-51-22 - getLangAttribute() - locating <html> and reading lang property
18:51:44 [TestNG-test-Yt Master Tests-3] INFO  verifyingSideMenuCollapsedLangAsInSettings_18-51-22 - Language attribute read: az-Latn-AZ
18:51:44 [TestNG-test-Yt Master Tests-3] INFO  verifyingSideMenuCollapsedLangAsInSettings_18-51-22 - Fetching the side menu in collapsed view
18:51:44 [TestNG-test-Yt Master Tests-3] INFO  verifyingSideMenuCollapsedLangAsInSettings_18-51-22 - [verifyingSideMenuCollapsedLangAsInSettings_18-51-22] Finding elements list: By.xpath: //ytd-mini-guide-renderer[@class='style-scope ytd-app']//ytd-mini-guide-entry-renderer
18:51:44 [TestNG-test-Yt Master Tests-3] INFO  verifyingSideMenuCollapsedLangAsInSettings_18-51-22 - [verifyingSideMenuCollapsedLangAsInSettings_18-51-22] Found 4 ready elements (attempt 1): By.xpath: //ytd-mini-guide-renderer[@class='style-scope ytd-app']//ytd-mini-guide-entry-renderer
18:51:44 [TestNG-test-Yt Master Tests-3] INFO  verifyingSideMenuCollapsedLangAsInSettings_18-51-22 - Clicking settings ellipses button...
18:51:44 [TestNG-test-Yt Master Tests-3] INFO  verifyingSideMenuCollapsedLangAsInSettings_18-51-22 - [verifyingSideMenuCollapsedLangAsInSettings_18-51-22] Trying to find element: By.xpath: //ytd-topbar-menu-button-renderer[@class='style-scope ytd-masthead style-default']
18:51:45 [TestNG-test-Yt Master Tests-3] INFO  verifyingSideMenuCollapsedLangAsInSettings_18-51-22 - [verifyingSideMenuCollapsedLangAsInSettings_18-51-22] Element found and ready (attempt 1): By.xpath: //ytd-topbar-menu-button-renderer[@class='style-scope ytd-masthead style-default']
18:51:45 [TestNG-test-Yt Master Tests-3] INFO  verifyingSideMenuCollapsedLangAsInSettings_18-51-22 - Clicking language dropdown...
18:51:45 [TestNG-test-Yt Master Tests-3] INFO  verifyingSideMenuCollapsedLangAsInSettings_18-51-22 - [verifyingSideMenuCollapsedLangAsInSettings_18-51-22] Trying to find element: By.xpath: (//div[@id='content-icon'])[2]
18:51:45 [TestNG-test-Yt Master Tests-3] INFO  verifyingSideMenuCollapsedLangAsInSettings_18-51-22 - [verifyingSideMenuCollapsedLangAsInSettings_18-51-22] Element found and ready (attempt 1): By.xpath: (//div[@id='content-icon'])[2]
18:51:46 [TestNG-test-Yt Master Tests-3] INFO  verifyingSideMenuCollapsedLangAsInSettings_18-51-22 - Looking for language element with name: Bahasa Indonesia
18:51:46 [TestNG-test-Yt Master Tests-3] INFO  verifyingSideMenuCollapsedLangAsInSettings_18-51-22 - [verifyingSideMenuCollapsedLangAsInSettings_18-51-22] Trying to find element: By.xpath: //yt-multi-page-menu-section-renderer[@class='style-scope ytd-multi-page-menu-renderer']//yt-formatted-string[@id='label' and text()='Bahasa Indonesia']
18:51:46 [TestNG-test-Yt Master Tests-3] INFO  verifyingSideMenuCollapsedLangAsInSettings_18-51-22 - [verifyingSideMenuCollapsedLangAsInSettings_18-51-22] Element found and ready (attempt 1): By.xpath: //yt-multi-page-menu-section-renderer[@class='style-scope ytd-multi-page-menu-renderer']//yt-formatted-string[@id='label' and text()='Bahasa Indonesia']
18:51:46 [TestNG-test-Yt Master Tests-3] INFO  verifyingSideMenuCollapsedLangAsInSettings_18-51-22 - [verifyingSideMenuCollapsedLangAsInSettings_18-51-22] Trying to find element: By.xpath: //yt-multi-page-menu-section-renderer[@class='style-scope ytd-multi-page-menu-renderer']//yt-formatted-string[@id='label' and text()='Bahasa Indonesia']
18:51:46 [TestNG-test-Yt Master Tests-3] INFO  verifyingSideMenuCollapsedLangAsInSettings_18-51-22 - [verifyingSideMenuCollapsedLangAsInSettings_18-51-22] Element found and ready (attempt 1): By.xpath: //yt-multi-page-menu-section-renderer[@class='style-scope ytd-multi-page-menu-renderer']//yt-formatted-string[@id='label' and text()='Bahasa Indonesia']
18:51:48 [TestNG-test-Yt Master Tests-3] INFO  verifyingSideMenuCollapsedLangAsInSettings_18-51-22 - Clicking settings ellipses button...
18:51:48 [TestNG-test-Yt Master Tests-3] INFO  verifyingSideMenuCollapsedLangAsInSettings_18-51-22 - [verifyingSideMenuCollapsedLangAsInSettings_18-51-22] Trying to find element: By.xpath: //ytd-topbar-menu-button-renderer[@class='style-scope ytd-masthead style-default']
18:51:48 [TestNG-test-Yt Master Tests-3] INFO  verifyingSideMenuCollapsedLangAsInSettings_18-51-22 - [verifyingSideMenuCollapsedLangAsInSettings_18-51-22] Element found and ready (attempt 1): By.xpath: //ytd-topbar-menu-button-renderer[@class='style-scope ytd-masthead style-default']
18:51:48 [TestNG-test-Yt Master Tests-3] INFO  verifyingSideMenuCollapsedLangAsInSettings_18-51-22 - [verifyingSideMenuCollapsedLangAsInSettings_18-51-22] Waiting until element is visible in viewport
18:51:49 [TestNG-test-Yt Master Tests-3] INFO  verifyingSideMenuCollapsedLangAsInSettings_18-51-22 - Clicking settings ellipses button...
18:51:49 [TestNG-test-Yt Master Tests-3] INFO  verifyingSideMenuCollapsedLangAsInSettings_18-51-22 - [verifyingSideMenuCollapsedLangAsInSettings_18-51-22] Trying to find element: By.xpath: //ytd-topbar-menu-button-renderer[@class='style-scope ytd-masthead style-default']
18:51:49 [TestNG-test-Yt Master Tests-3] INFO  verifyingSideMenuCollapsedLangAsInSettings_18-51-22 - [verifyingSideMenuCollapsedLangAsInSettings_18-51-22] Element found and ready (attempt 1): By.xpath: //ytd-topbar-menu-button-renderer[@class='style-scope ytd-masthead style-default']
18:51:49 [TestNG-test-Yt Master Tests-3] INFO  verifyingSideMenuCollapsedLangAsInSettings_18-51-22 - getLangAttribute() - locating <html> and reading lang property
18:51:49 [TestNG-test-Yt Master Tests-3] INFO  verifyingSideMenuCollapsedLangAsInSettings_18-51-22 - Language attribute read: id-ID
18:51:49 [TestNG-test-Yt Master Tests-3] INFO  verifyingSideMenuCollapsedLangAsInSettings_18-51-22 - Fetching the side menu in collapsed view
18:51:49 [TestNG-test-Yt Master Tests-3] INFO  verifyingSideMenuCollapsedLangAsInSettings_18-51-22 - [verifyingSideMenuCollapsedLangAsInSettings_18-51-22] Finding elements list: By.xpath: //ytd-mini-guide-renderer[@class='style-scope ytd-app']//ytd-mini-guide-entry-renderer
18:51:49 [TestNG-test-Yt Master Tests-3] INFO  verifyingSideMenuCollapsedLangAsInSettings_18-51-22 - [verifyingSideMenuCollapsedLangAsInSettings_18-51-22] Found 4 ready elements (attempt 1): By.xpath: //ytd-mini-guide-renderer[@class='style-scope ytd-app']//ytd-mini-guide-entry-renderer
18:51:49 [TestNG-test-Yt Master Tests-3] INFO  verifyingSideMenuCollapsedLangAsInSettings_18-51-22 - Clicking settings ellipses button...
18:51:49 [TestNG-test-Yt Master Tests-3] INFO  verifyingSideMenuCollapsedLangAsInSettings_18-51-22 - [verifyingSideMenuCollapsedLangAsInSettings_18-51-22] Trying to find element: By.xpath: //ytd-topbar-menu-button-renderer[@class='style-scope ytd-masthead style-default']
18:51:49 [TestNG-test-Yt Master Tests-3] INFO  verifyingSideMenuCollapsedLangAsInSettings_18-51-22 - [verifyingSideMenuCollapsedLangAsInSettings_18-51-22] Element found and ready (attempt 1): By.xpath: //ytd-topbar-menu-button-renderer[@class='style-scope ytd-masthead style-default']
18:51:49 [TestNG-test-Yt Master Tests-3] INFO  verifyingSideMenuCollapsedLangAsInSettings_18-51-22 - Clicking language dropdown...
18:51:49 [TestNG-test-Yt Master Tests-3] INFO  verifyingSideMenuCollapsedLangAsInSettings_18-51-22 - [verifyingSideMenuCollapsedLangAsInSettings_18-51-22] Trying to find element: By.xpath: (//div[@id='content-icon'])[2]
18:51:50 [TestNG-test-Yt Master Tests-3] INFO  verifyingSideMenuCollapsedLangAsInSettings_18-51-22 - [verifyingSideMenuCollapsedLangAsInSettings_18-51-22] Element found and ready (attempt 1): By.xpath: (//div[@id='content-icon'])[2]
18:51:50 [TestNG-test-Yt Master Tests-3] INFO  verifyingSideMenuCollapsedLangAsInSettings_18-51-22 - Looking for language element with name: Bosanski
18:51:50 [TestNG-test-Yt Master Tests-3] INFO  verifyingSideMenuCollapsedLangAsInSettings_18-51-22 - [verifyingSideMenuCollapsedLangAsInSettings_18-51-22] Trying to find element: By.xpath: //yt-multi-page-menu-section-renderer[@class='style-scope ytd-multi-page-menu-renderer']//yt-formatted-string[@id='label' and text()='Bosanski']
18:51:50 [TestNG-test-Yt Master Tests-3] INFO  verifyingSideMenuCollapsedLangAsInSettings_18-51-22 - [verifyingSideMenuCollapsedLangAsInSettings_18-51-22] Element found and ready (attempt 1): By.xpath: //yt-multi-page-menu-section-renderer[@class='style-scope ytd-multi-page-menu-renderer']//yt-formatted-string[@id='label' and text()='Bosanski']
18:51:50 [TestNG-test-Yt Master Tests-3] INFO  verifyingSideMenuCollapsedLangAsInSettings_18-51-22 - [verifyingSideMenuCollapsedLangAsInSettings_18-51-22] Trying to find element: By.xpath: //yt-multi-page-menu-section-renderer[@class='style-scope ytd-multi-page-menu-renderer']//yt-formatted-string[@id='label' and text()='Bosanski']
18:51:50 [TestNG-test-Yt Master Tests-3] INFO  verifyingSideMenuCollapsedLangAsInSettings_18-51-22 - [verifyingSideMenuCollapsedLangAsInSettings_18-51-22] Element found and ready (attempt 1): By.xpath: //yt-multi-page-menu-section-renderer[@class='style-scope ytd-multi-page-menu-renderer']//yt-formatted-string[@id='label' and text()='Bosanski']
18:51:52 [TestNG-test-Yt Master Tests-3] INFO  verifyingSideMenuCollapsedLangAsInSettings_18-51-22 - Clicking settings ellipses button...
18:51:52 [TestNG-test-Yt Master Tests-3] INFO  verifyingSideMenuCollapsedLangAsInSettings_18-51-22 - [verifyingSideMenuCollapsedLangAsInSettings_18-51-22] Trying to find element: By.xpath: //ytd-topbar-menu-button-renderer[@class='style-scope ytd-masthead style-default']
18:51:52 [TestNG-test-Yt Master Tests-3] INFO  verifyingSideMenuCollapsedLangAsInSettings_18-51-22 - [verifyingSideMenuCollapsedLangAsInSettings_18-51-22] Element found and ready (attempt 1): By.xpath: //ytd-topbar-menu-button-renderer[@class='style-scope ytd-masthead style-default']
18:51:52 [TestNG-test-Yt Master Tests-3] INFO  verifyingSideMenuCollapsedLangAsInSettings_18-51-22 - [verifyingSideMenuCollapsedLangAsInSettings_18-51-22] Waiting until element is visible in viewport
18:51:53 [TestNG-test-Yt Master Tests-3] INFO  verifyingSideMenuCollapsedLangAsInSettings_18-51-22 - Clicking settings ellipses button...
18:51:53 [TestNG-test-Yt Master Tests-3] INFO  verifyingSideMenuCollapsedLangAsInSettings_18-51-22 - [verifyingSideMenuCollapsedLangAsInSettings_18-51-22] Trying to find element: By.xpath: //ytd-topbar-menu-button-renderer[@class='style-scope ytd-masthead style-default']
18:51:53 [TestNG-test-Yt Master Tests-3] INFO  verifyingSideMenuCollapsedLangAsInSettings_18-51-22 - [verifyingSideMenuCollapsedLangAsInSettings_18-51-22] Element found and ready (attempt 1): By.xpath: //ytd-topbar-menu-button-renderer[@class='style-scope ytd-masthead style-default']
18:51:53 [TestNG-test-Yt Master Tests-3] INFO  verifyingSideMenuCollapsedLangAsInSettings_18-51-22 - getLangAttribute() - locating <html> and reading lang property
18:51:53 [TestNG-test-Yt Master Tests-3] INFO  verifyingSideMenuCollapsedLangAsInSettings_18-51-22 - Language attribute read: bs-Latn-BA
18:51:53 [TestNG-test-Yt Master Tests-3] INFO  verifyingSideMenuCollapsedLangAsInSettings_18-51-22 - Fetching the side menu in collapsed view
18:51:53 [TestNG-test-Yt Master Tests-3] INFO  verifyingSideMenuCollapsedLangAsInSettings_18-51-22 - [verifyingSideMenuCollapsedLangAsInSettings_18-51-22] Finding elements list: By.xpath: //ytd-mini-guide-renderer[@class='style-scope ytd-app']//ytd-mini-guide-entry-renderer
18:51:53 [TestNG-test-Yt Master Tests-3] INFO  verifyingSideMenuCollapsedLangAsInSettings_18-51-22 - [verifyingSideMenuCollapsedLangAsInSettings_18-51-22] Found 4 ready elements (attempt 1): By.xpath: //ytd-mini-guide-renderer[@class='style-scope ytd-app']//ytd-mini-guide-entry-renderer
18:51:54 [TestNG-test-Yt Master Tests-3] INFO  verifyingSideMenuCollapsedLangAsInSettings_18-51-22 - Clicking settings ellipses button...
18:51:54 [TestNG-test-Yt Master Tests-3] INFO  verifyingSideMenuCollapsedLangAsInSettings_18-51-22 - [verifyingSideMenuCollapsedLangAsInSettings_18-51-22] Trying to find element: By.xpath: //ytd-topbar-menu-button-renderer[@class='style-scope ytd-masthead style-default']
18:51:54 [TestNG-test-Yt Master Tests-3] INFO  verifyingSideMenuCollapsedLangAsInSettings_18-51-22 - [verifyingSideMenuCollapsedLangAsInSettings_18-51-22] Element found and ready (attempt 1): By.xpath: //ytd-topbar-menu-button-renderer[@class='style-scope ytd-masthead style-default']
18:51:54 [TestNG-test-Yt Master Tests-3] INFO  verifyingSideMenuCollapsedLangAsInSettings_18-51-22 - Clicking language dropdown...
18:51:54 [TestNG-test-Yt Master Tests-3] INFO  verifyingSideMenuCollapsedLangAsInSettings_18-51-22 - [verifyingSideMenuCollapsedLangAsInSettings_18-51-22] Trying to find element: By.xpath: (//div[@id='content-icon'])[2]
18:51:54 [TestNG-test-Yt Master Tests-3] INFO  verifyingSideMenuCollapsedLangAsInSettings_18-51-22 - [verifyingSideMenuCollapsedLangAsInSettings_18-51-22] Element found and ready (attempt 1): By.xpath: (//div[@id='content-icon'])[2]
18:51:54 [TestNG-test-Yt Master Tests-3] INFO  verifyingSideMenuCollapsedLangAsInSettings_18-51-22 - Looking for language element with name: Català
18:51:54 [TestNG-test-Yt Master Tests-3] INFO  verifyingSideMenuCollapsedLangAsInSettings_18-51-22 - [verifyingSideMenuCollapsedLangAsInSettings_18-51-22] Trying to find element: By.xpath: //yt-multi-page-menu-section-renderer[@class='style-scope ytd-multi-page-menu-renderer']//yt-formatted-string[@id='label' and text()='Català']
18:51:55 [TestNG-test-Yt Master Tests-3] INFO  verifyingSideMenuCollapsedLangAsInSettings_18-51-22 - [verifyingSideMenuCollapsedLangAsInSettings_18-51-22] Element found and ready (attempt 1): By.xpath: //yt-multi-page-menu-section-renderer[@class='style-scope ytd-multi-page-menu-renderer']//yt-formatted-string[@id='label' and text()='Català']
18:51:55 [TestNG-test-Yt Master Tests-3] INFO  verifyingSideMenuCollapsedLangAsInSettings_18-51-22 - [verifyingSideMenuCollapsedLangAsInSettings_18-51-22] Trying to find element: By.xpath: //yt-multi-page-menu-section-renderer[@class='style-scope ytd-multi-page-menu-renderer']//yt-formatted-string[@id='label' and text()='Català']
18:51:55 [TestNG-test-Yt Master Tests-3] INFO  verifyingSideMenuCollapsedLangAsInSettings_18-51-22 - [verifyingSideMenuCollapsedLangAsInSettings_18-51-22] Element found and ready (attempt 1): By.xpath: //yt-multi-page-menu-section-renderer[@class='style-scope ytd-multi-page-menu-renderer']//yt-formatted-string[@id='label' and text()='Català']
18:51:57 [TestNG-test-Yt Master Tests-3] INFO  verifyingSideMenuCollapsedLangAsInSettings_18-51-22 - Clicking settings ellipses button...
18:51:57 [TestNG-test-Yt Master Tests-3] INFO  verifyingSideMenuCollapsedLangAsInSettings_18-51-22 - [verifyingSideMenuCollapsedLangAsInSettings_18-51-22] Trying to find element: By.xpath: //ytd-topbar-menu-button-renderer[@class='style-scope ytd-masthead style-default']
18:51:57 [TestNG-test-Yt Master Tests-3] INFO  verifyingSideMenuCollapsedLangAsInSettings_18-51-22 - [verifyingSideMenuCollapsedLangAsInSettings_18-51-22] Element found and ready (attempt 1): By.xpath: //ytd-topbar-menu-button-renderer[@class='style-scope ytd-masthead style-default']
18:51:57 [TestNG-test-Yt Master Tests-3] INFO  verifyingSideMenuCollapsedLangAsInSettings_18-51-22 - [verifyingSideMenuCollapsedLangAsInSettings_18-51-22] Waiting until element is visible in viewport
18:51:57 [TestNG-test-Yt Master Tests-3] INFO  verifyingSideMenuCollapsedLangAsInSettings_18-51-22 - Clicking settings ellipses button...
18:51:57 [TestNG-test-Yt Master Tests-3] INFO  verifyingSideMenuCollapsedLangAsInSettings_18-51-22 - [verifyingSideMenuCollapsedLangAsInSettings_18-51-22] Trying to find element: By.xpath: //ytd-topbar-menu-button-renderer[@class='style-scope ytd-masthead style-default']
18:51:58 [TestNG-test-Yt Master Tests-3] INFO  verifyingSideMenuCollapsedLangAsInSettings_18-51-22 - [verifyingSideMenuCollapsedLangAsInSettings_18-51-22] Element found and ready (attempt 1): By.xpath: //ytd-topbar-menu-button-renderer[@class='style-scope ytd-masthead style-default']
18:51:58 [TestNG-test-Yt Master Tests-3] INFO  verifyingSideMenuCollapsedLangAsInSettings_18-51-22 - getLangAttribute() - locating <html> and reading lang property
18:51:58 [TestNG-test-Yt Master Tests-3] INFO  verifyingSideMenuCollapsedLangAsInSettings_18-51-22 - Language attribute read: ca-ES
18:51:58 [TestNG-test-Yt Master Tests-3] INFO  verifyingSideMenuCollapsedLangAsInSettings_18-51-22 - Fetching the side menu in collapsed view
18:51:58 [TestNG-test-Yt Master Tests-3] INFO  verifyingSideMenuCollapsedLangAsInSettings_18-51-22 - [verifyingSideMenuCollapsedLangAsInSettings_18-51-22] Finding elements list: By.xpath: //ytd-mini-guide-renderer[@class='style-scope ytd-app']//ytd-mini-guide-entry-renderer
18:51:58 [TestNG-test-Yt Master Tests-3] INFO  verifyingSideMenuCollapsedLangAsInSettings_18-51-22 - [verifyingSideMenuCollapsedLangAsInSettings_18-51-22] Found 4 ready elements (attempt 1): By.xpath: //ytd-mini-guide-renderer[@class='style-scope ytd-app']//ytd-mini-guide-entry-renderer
18:51:58 [TestNG-test-Yt Master Tests-3] INFO  verifyingSideMenuCollapsedLangAsInSettings_18-51-22 - Clicking settings ellipses button...
18:51:58 [TestNG-test-Yt Master Tests-3] INFO  verifyingSideMenuCollapsedLangAsInSettings_18-51-22 - [verifyingSideMenuCollapsedLangAsInSettings_18-51-22] Trying to find element: By.xpath: //ytd-topbar-menu-button-renderer[@class='style-scope ytd-masthead style-default']
18:51:58 [TestNG-test-Yt Master Tests-3] INFO  verifyingSideMenuCollapsedLangAsInSettings_18-51-22 - [verifyingSideMenuCollapsedLangAsInSettings_18-51-22] Element found and ready (attempt 1): By.xpath: //ytd-topbar-menu-button-renderer[@class='style-scope ytd-masthead style-default']
18:51:58 [TestNG-test-Yt Master Tests-3] INFO  verifyingSideMenuCollapsedLangAsInSettings_18-51-22 - Clicking language dropdown...
18:51:58 [TestNG-test-Yt Master Tests-3] INFO  verifyingSideMenuCollapsedLangAsInSettings_18-51-22 - [verifyingSideMenuCollapsedLangAsInSettings_18-51-22] Trying to find element: By.xpath: (//div[@id='content-icon'])[2]
18:51:59 [TestNG-test-Yt Master Tests-3] INFO  verifyingSideMenuCollapsedLangAsInSettings_18-51-22 - [verifyingSideMenuCollapsedLangAsInSettings_18-51-22] Element found and ready (attempt 1): By.xpath: (//div[@id='content-icon'])[2]
18:51:59 [TestNG-test-Yt Master Tests-3] INFO  verifyingSideMenuCollapsedLangAsInSettings_18-51-22 - Looking for language element with name: Dansk
18:51:59 [TestNG-test-Yt Master Tests-3] INFO  verifyingSideMenuCollapsedLangAsInSettings_18-51-22 - [verifyingSideMenuCollapsedLangAsInSettings_18-51-22] Trying to find element: By.xpath: //yt-multi-page-menu-section-renderer[@class='style-scope ytd-multi-page-menu-renderer']//yt-formatted-string[@id='label' and text()='Dansk']
18:51:59 [TestNG-test-Yt Master Tests-3] INFO  verifyingSideMenuCollapsedLangAsInSettings_18-51-22 - [verifyingSideMenuCollapsedLangAsInSettings_18-51-22] Element found and ready (attempt 1): By.xpath: //yt-multi-page-menu-section-renderer[@class='style-scope ytd-multi-page-menu-renderer']//yt-formatted-string[@id='label' and text()='Dansk']
18:51:59 [TestNG-test-Yt Master Tests-3] INFO  verifyingSideMenuCollapsedLangAsInSettings_18-51-22 - [verifyingSideMenuCollapsedLangAsInSettings_18-51-22] Trying to find element: By.xpath: //yt-multi-page-menu-section-renderer[@class='style-scope ytd-multi-page-menu-renderer']//yt-formatted-string[@id='label' and text()='Dansk']
18:51:59 [TestNG-test-Yt Master Tests-3] INFO  verifyingSideMenuCollapsedLangAsInSettings_18-51-22 - [verifyingSideMenuCollapsedLangAsInSettings_18-51-22] Element found and ready (attempt 1): By.xpath: //yt-multi-page-menu-section-renderer[@class='style-scope ytd-multi-page-menu-renderer']//yt-formatted-string[@id='label' and text()='Dansk']
18:52:01 [TestNG-test-Yt Master Tests-3] INFO  verifyingSideMenuCollapsedLangAsInSettings_18-51-22 - Clicking settings ellipses button...
18:52:01 [TestNG-test-Yt Master Tests-3] INFO  verifyingSideMenuCollapsedLangAsInSettings_18-51-22 - [verifyingSideMenuCollapsedLangAsInSettings_18-51-22] Trying to find element: By.xpath: //ytd-topbar-menu-button-renderer[@class='style-scope ytd-masthead style-default']
18:52:01 [TestNG-test-Yt Master Tests-3] INFO  verifyingSideMenuCollapsedLangAsInSettings_18-51-22 - [verifyingSideMenuCollapsedLangAsInSettings_18-51-22] Element found and ready (attempt 1): By.xpath: //ytd-topbar-menu-button-renderer[@class='style-scope ytd-masthead style-default']
18:52:01 [TestNG-test-Yt Master Tests-3] INFO  verifyingSideMenuCollapsedLangAsInSettings_18-51-22 - [verifyingSideMenuCollapsedLangAsInSettings_18-51-22] Waiting until element is visible in viewport
18:52:02 [TestNG-test-Yt Master Tests-3] INFO  verifyingSideMenuCollapsedLangAsInSettings_18-51-22 - Clicking settings ellipses button...
18:52:02 [TestNG-test-Yt Master Tests-3] INFO  verifyingSideMenuCollapsedLangAsInSettings_18-51-22 - [verifyingSideMenuCollapsedLangAsInSettings_18-51-22] Trying to find element: By.xpath: //ytd-topbar-menu-button-renderer[@class='style-scope ytd-masthead style-default']
18:52:02 [TestNG-test-Yt Master Tests-3] INFO  verifyingSideMenuCollapsedLangAsInSettings_18-51-22 - [verifyingSideMenuCollapsedLangAsInSettings_18-51-22] Element found and ready (attempt 1): By.xpath: //ytd-topbar-menu-button-renderer[@class='style-scope ytd-masthead style-default']
18:52:02 [TestNG-test-Yt Master Tests-3] INFO  verifyingSideMenuCollapsedLangAsInSettings_18-51-22 - getLangAttribute() - locating <html> and reading lang property
18:52:02 [TestNG-test-Yt Master Tests-3] INFO  verifyingSideMenuCollapsedLangAsInSettings_18-51-22 - Language attribute read: da-DK
18:52:02 [TestNG-test-Yt Master Tests-3] INFO  verifyingSideMenuCollapsedLangAsInSettings_18-51-22 - Fetching the side menu in collapsed view
18:52:02 [TestNG-test-Yt Master Tests-3] INFO  verifyingSideMenuCollapsedLangAsInSettings_18-51-22 - [verifyingSideMenuCollapsedLangAsInSettings_18-51-22] Finding elements list: By.xpath: //ytd-mini-guide-renderer[@class='style-scope ytd-app']//ytd-mini-guide-entry-renderer
18:52:02 [TestNG-test-Yt Master Tests-3] INFO  verifyingSideMenuCollapsedLangAsInSettings_18-51-22 - [verifyingSideMenuCollapsedLangAsInSettings_18-51-22] Found 4 ready elements (attempt 1): By.xpath: //ytd-mini-guide-renderer[@class='style-scope ytd-app']//ytd-mini-guide-entry-renderer
18:52:02 [TestNG-test-Yt Master Tests-3] INFO  verifyingSideMenuCollapsedLangAsInSettings_18-51-22 - Clicking settings ellipses button...
18:52:03 [TestNG-test-Yt Master Tests-3] INFO  verifyingSideMenuCollapsedLangAsInSettings_18-51-22 - [verifyingSideMenuCollapsedLangAsInSettings_18-51-22] Trying to find element: By.xpath: //ytd-topbar-menu-button-renderer[@class='style-scope ytd-masthead style-default']
18:52:03 [TestNG-test-Yt Master Tests-3] INFO  verifyingSideMenuCollapsedLangAsInSettings_18-51-22 - [verifyingSideMenuCollapsedLangAsInSettings_18-51-22] Element found and ready (attempt 1): By.xpath: //ytd-topbar-menu-button-renderer[@class='style-scope ytd-masthead style-default']
18:52:03 [TestNG-test-Yt Master Tests-3] INFO  verifyingSideMenuCollapsedLangAsInSettings_18-51-22 - Clicking language dropdown...
18:52:03 [TestNG-test-Yt Master Tests-3] INFO  verifyingSideMenuCollapsedLangAsInSettings_18-51-22 - [verifyingSideMenuCollapsedLangAsInSettings_18-51-22] Trying to find element: By.xpath: (//div[@id='content-icon'])[2]
18:52:03 [TestNG-test-Yt Master Tests-3] INFO  verifyingSideMenuCollapsedLangAsInSettings_18-51-22 - [verifyingSideMenuCollapsedLangAsInSettings_18-51-22] Element found and ready (attempt 1): By.xpath: (//div[@id='content-icon'])[2]
18:52:04 [TestNG-test-Yt Master Tests-3] INFO  verifyingSideMenuCollapsedLangAsInSettings_18-51-22 - Looking for language element with name: Deutsch
18:52:04 [TestNG-test-Yt Master Tests-3] INFO  verifyingSideMenuCollapsedLangAsInSettings_18-51-22 - [verifyingSideMenuCollapsedLangAsInSettings_18-51-22] Trying to find element: By.xpath: //yt-multi-page-menu-section-renderer[@class='style-scope ytd-multi-page-menu-renderer']//yt-formatted-string[@id='label' and text()='Deutsch']
18:52:04 [TestNG-test-Yt Master Tests-3] INFO  verifyingSideMenuCollapsedLangAsInSettings_18-51-22 - [verifyingSideMenuCollapsedLangAsInSettings_18-51-22] Element found and ready (attempt 1): By.xpath: //yt-multi-page-menu-section-renderer[@class='style-scope ytd-multi-page-menu-renderer']//yt-formatted-string[@id='label' and text()='Deutsch']
18:52:04 [TestNG-test-Yt Master Tests-3] INFO  verifyingSideMenuCollapsedLangAsInSettings_18-51-22 - [verifyingSideMenuCollapsedLangAsInSettings_18-51-22] Trying to find element: By.xpath: //yt-multi-page-menu-section-renderer[@class='style-scope ytd-multi-page-menu-renderer']//yt-formatted-string[@id='label' and text()='Deutsch']
18:52:04 [TestNG-test-Yt Master Tests-3] INFO  verifyingSideMenuCollapsedLangAsInSettings_18-51-22 - [verifyingSideMenuCollapsedLangAsInSettings_18-51-22] Element found and ready (attempt 1): By.xpath: //yt-multi-page-menu-section-renderer[@class='style-scope ytd-multi-page-menu-renderer']//yt-formatted-string[@id='label' and text()='Deutsch']
18:52:06 [TestNG-test-Yt Master Tests-3] INFO  verifyingSideMenuCollapsedLangAsInSettings_18-51-22 - Clicking settings ellipses button...
18:52:06 [TestNG-test-Yt Master Tests-3] INFO  verifyingSideMenuCollapsedLangAsInSettings_18-51-22 - [verifyingSideMenuCollapsedLangAsInSettings_18-51-22] Trying to find element: By.xpath: //ytd-topbar-menu-button-renderer[@class='style-scope ytd-masthead style-default']
18:52:06 [TestNG-test-Yt Master Tests-3] INFO  verifyingSideMenuCollapsedLangAsInSettings_18-51-22 - [verifyingSideMenuCollapsedLangAsInSettings_18-51-22] Element found and ready (attempt 1): By.xpath: //ytd-topbar-menu-button-renderer[@class='style-scope ytd-masthead style-default']
18:52:06 [TestNG-test-Yt Master Tests-3] INFO  verifyingSideMenuCollapsedLangAsInSettings_18-51-22 - [verifyingSideMenuCollapsedLangAsInSettings_18-51-22] Waiting until element is visible in viewport
18:52:06 [TestNG-test-Yt Master Tests-3] INFO  verifyingSideMenuCollapsedLangAsInSettings_18-51-22 - Clicking settings ellipses button...
18:52:07 [TestNG-test-Yt Master Tests-3] INFO  verifyingSideMenuCollapsedLangAsInSettings_18-51-22 - [verifyingSideMenuCollapsedLangAsInSettings_18-51-22] Trying to find element: By.xpath: //ytd-topbar-menu-button-renderer[@class='style-scope ytd-masthead style-default']
18:52:07 [TestNG-test-Yt Master Tests-3] INFO  verifyingSideMenuCollapsedLangAsInSettings_18-51-22 - [verifyingSideMenuCollapsedLangAsInSettings_18-51-22] Element found and ready (attempt 1): By.xpath: //ytd-topbar-menu-button-renderer[@class='style-scope ytd-masthead style-default']
18:52:07 [TestNG-test-Yt Master Tests-3] INFO  verifyingSideMenuCollapsedLangAsInSettings_18-51-22 - getLangAttribute() - locating <html> and reading lang property
18:52:07 [TestNG-test-Yt Master Tests-3] INFO  verifyingSideMenuCollapsedLangAsInSettings_18-51-22 - Language attribute read: de-DE
18:52:07 [TestNG-test-Yt Master Tests-3] INFO  verifyingSideMenuCollapsedLangAsInSettings_18-51-22 - Fetching the side menu in collapsed view
18:52:07 [TestNG-test-Yt Master Tests-3] INFO  verifyingSideMenuCollapsedLangAsInSettings_18-51-22 - [verifyingSideMenuCollapsedLangAsInSettings_18-51-22] Finding elements list: By.xpath: //ytd-mini-guide-renderer[@class='style-scope ytd-app']//ytd-mini-guide-entry-renderer
18:52:07 [TestNG-test-Yt Master Tests-3] INFO  verifyingSideMenuCollapsedLangAsInSettings_18-51-22 - [verifyingSideMenuCollapsedLangAsInSettings_18-51-22] Found 4 ready elements (attempt 1): By.xpath: //ytd-mini-guide-renderer[@class='style-scope ytd-app']//ytd-mini-guide-entry-renderer
18:52:07 [TestNG-test-Yt Master Tests-3] INFO  verifyingSideMenuCollapsedLangAsInSettings_18-51-22 - Clicking settings ellipses button...
18:52:07 [TestNG-test-Yt Master Tests-3] INFO  verifyingSideMenuCollapsedLangAsInSettings_18-51-22 - [verifyingSideMenuCollapsedLangAsInSettings_18-51-22] Trying to find element: By.xpath: //ytd-topbar-menu-button-renderer[@class='style-scope ytd-masthead style-default']
18:52:07 [TestNG-test-Yt Master Tests-3] INFO  verifyingSideMenuCollapsedLangAsInSettings_18-51-22 - [verifyingSideMenuCollapsedLangAsInSettings_18-51-22] Element found and ready (attempt 1): By.xpath: //ytd-topbar-menu-button-renderer[@class='style-scope ytd-masthead style-default']
18:52:07 [TestNG-test-Yt Master Tests-3] INFO  verifyingSideMenuCollapsedLangAsInSettings_18-51-22 - Clicking language dropdown...
18:52:07 [TestNG-test-Yt Master Tests-3] INFO  verifyingSideMenuCollapsedLangAsInSettings_18-51-22 - [verifyingSideMenuCollapsedLangAsInSettings_18-51-22] Trying to find element: By.xpath: (//div[@id='content-icon'])[2]
18:52:08 [TestNG-test-Yt Master Tests-3] INFO  verifyingSideMenuCollapsedLangAsInSettings_18-51-22 - [verifyingSideMenuCollapsedLangAsInSettings_18-51-22] Element found and ready (attempt 1): By.xpath: (//div[@id='content-icon'])[2]
18:52:08 [TestNG-test-Yt Master Tests-3] INFO  verifyingSideMenuCollapsedLangAsInSettings_18-51-22 - Looking for language element with name: Eesti
18:52:08 [TestNG-test-Yt Master Tests-3] INFO  verifyingSideMenuCollapsedLangAsInSettings_18-51-22 - [verifyingSideMenuCollapsedLangAsInSettings_18-51-22] Trying to find element: By.xpath: //yt-multi-page-menu-section-renderer[@class='style-scope ytd-multi-page-menu-renderer']//yt-formatted-string[@id='label' and text()='Eesti']
18:52:08 [TestNG-test-Yt Master Tests-3] INFO  verifyingSideMenuCollapsedLangAsInSettings_18-51-22 - [verifyingSideMenuCollapsedLangAsInSettings_18-51-22] Element found and ready (attempt 1): By.xpath: //yt-multi-page-menu-section-renderer[@class='style-scope ytd-multi-page-menu-renderer']//yt-formatted-string[@id='label' and text()='Eesti']
18:52:08 [TestNG-test-Yt Master Tests-3] INFO  verifyingSideMenuCollapsedLangAsInSettings_18-51-22 - [verifyingSideMenuCollapsedLangAsInSettings_18-51-22] Trying to find element: By.xpath: //yt-multi-page-menu-section-renderer[@class='style-scope ytd-multi-page-menu-renderer']//yt-formatted-string[@id='label' and text()='Eesti']
18:52:08 [TestNG-test-Yt Master Tests-3] INFO  verifyingSideMenuCollapsedLangAsInSettings_18-51-22 - [verifyingSideMenuCollapsedLangAsInSettings_18-51-22] Element found and ready (attempt 1): By.xpath: //yt-multi-page-menu-section-renderer[@class='style-scope ytd-multi-page-menu-renderer']//yt-formatted-string[@id='label' and text()='Eesti']
18:52:11 [TestNG-test-Yt Master Tests-3] INFO  verifyingSideMenuCollapsedLangAsInSettings_18-51-22 - Clicking settings ellipses button...
18:52:11 [TestNG-test-Yt Master Tests-3] INFO  verifyingSideMenuCollapsedLangAsInSettings_18-51-22 - [verifyingSideMenuCollapsedLangAsInSettings_18-51-22] Trying to find element: By.xpath: //ytd-topbar-menu-button-renderer[@class='style-scope ytd-masthead style-default']
18:52:11 [TestNG-test-Yt Master Tests-3] INFO  verifyingSideMenuCollapsedLangAsInSettings_18-51-22 - [verifyingSideMenuCollapsedLangAsInSettings_18-51-22] Element found and ready (attempt 1): By.xpath: //ytd-topbar-menu-button-renderer[@class='style-scope ytd-masthead style-default']
18:52:11 [TestNG-test-Yt Master Tests-3] INFO  verifyingSideMenuCollapsedLangAsInSettings_18-51-22 - [verifyingSideMenuCollapsedLangAsInSettings_18-51-22] Waiting until element is visible in viewport
18:52:12 [TestNG-test-Yt Master Tests-3] INFO  verifyingSideMenuCollapsedLangAsInSettings_18-51-22 - Clicking settings ellipses button...
18:52:12 [TestNG-test-Yt Master Tests-3] INFO  verifyingSideMenuCollapsedLangAsInSettings_18-51-22 - [verifyingSideMenuCollapsedLangAsInSettings_18-51-22] Trying to find element: By.xpath: //ytd-topbar-menu-button-renderer[@class='style-scope ytd-masthead style-default']
18:52:12 [TestNG-test-Yt Master Tests-3] INFO  verifyingSideMenuCollapsedLangAsInSettings_18-51-22 - [verifyingSideMenuCollapsedLangAsInSettings_18-51-22] Element found and ready (attempt 1): By.xpath: //ytd-topbar-menu-button-renderer[@class='style-scope ytd-masthead style-default']
18:52:12 [TestNG-test-Yt Master Tests-3] INFO  verifyingSideMenuCollapsedLangAsInSettings_18-51-22 - getLangAttribute() - locating <html> and reading lang property
18:52:12 [TestNG-test-Yt Master Tests-3] INFO  verifyingSideMenuCollapsedLangAsInSettings_18-51-22 - Language attribute read: et-EE
18:52:12 [TestNG-test-Yt Master Tests-3] INFO  verifyingSideMenuCollapsedLangAsInSettings_18-51-22 - Fetching the side menu in collapsed view
18:52:12 [TestNG-test-Yt Master Tests-3] INFO  verifyingSideMenuCollapsedLangAsInSettings_18-51-22 - [verifyingSideMenuCollapsedLangAsInSettings_18-51-22] Finding elements list: By.xpath: //ytd-mini-guide-renderer[@class='style-scope ytd-app']//ytd-mini-guide-entry-renderer
18:52:12 [TestNG-test-Yt Master Tests-3] INFO  verifyingSideMenuCollapsedLangAsInSettings_18-51-22 - [verifyingSideMenuCollapsedLangAsInSettings_18-51-22] Found 4 ready elements (attempt 1): By.xpath: //ytd-mini-guide-renderer[@class='style-scope ytd-app']//ytd-mini-guide-entry-renderer
18:52:12 [TestNG-test-Yt Master Tests-3] INFO  verifyingSideMenuCollapsedLangAsInSettings_18-51-22 - Clicking settings ellipses button...
18:52:12 [TestNG-test-Yt Master Tests-3] INFO  verifyingSideMenuCollapsedLangAsInSettings_18-51-22 - [verifyingSideMenuCollapsedLangAsInSettings_18-51-22] Trying to find element: By.xpath: //ytd-topbar-menu-button-renderer[@class='style-scope ytd-masthead style-default']
18:52:12 [TestNG-test-Yt Master Tests-3] INFO  verifyingSideMenuCollapsedLangAsInSettings_18-51-22 - [verifyingSideMenuCollapsedLangAsInSettings_18-51-22] Element found and ready (attempt 1): By.xpath: //ytd-topbar-menu-button-renderer[@class='style-scope ytd-masthead style-default']
18:52:12 [TestNG-test-Yt Master Tests-3] INFO  verifyingSideMenuCollapsedLangAsInSettings_18-51-22 - Clicking language dropdown...
18:52:12 [TestNG-test-Yt Master Tests-3] INFO  verifyingSideMenuCollapsedLangAsInSettings_18-51-22 - [verifyingSideMenuCollapsedLangAsInSettings_18-51-22] Trying to find element: By.xpath: (//div[@id='content-icon'])[2]
18:52:13 [TestNG-test-Yt Master Tests-3] INFO  verifyingSideMenuCollapsedLangAsInSettings_18-51-22 - [verifyingSideMenuCollapsedLangAsInSettings_18-51-22] Element found and ready (attempt 1): By.xpath: (//div[@id='content-icon'])[2]
18:52:13 [TestNG-test-Yt Master Tests-3] INFO  verifyingSideMenuCollapsedLangAsInSettings_18-51-22 - Looking for language element with name: English (India)
18:52:13 [TestNG-test-Yt Master Tests-3] INFO  verifyingSideMenuCollapsedLangAsInSettings_18-51-22 - [verifyingSideMenuCollapsedLangAsInSettings_18-51-22] Trying to find element: By.xpath: //yt-multi-page-menu-section-renderer[@class='style-scope ytd-multi-page-menu-renderer']//yt-formatted-string[@id='label' and text()='English (India)']
18:52:13 [TestNG-test-Yt Master Tests-3] INFO  verifyingSideMenuCollapsedLangAsInSettings_18-51-22 - [verifyingSideMenuCollapsedLangAsInSettings_18-51-22] Element found and ready (attempt 1): By.xpath: //yt-multi-page-menu-section-renderer[@class='style-scope ytd-multi-page-menu-renderer']//yt-formatted-string[@id='label' and text()='English (India)']
18:52:13 [TestNG-test-Yt Master Tests-3] INFO  verifyingSideMenuCollapsedLangAsInSettings_18-51-22 - [verifyingSideMenuCollapsedLangAsInSettings_18-51-22] Trying to find element: By.xpath: //yt-multi-page-menu-section-renderer[@class='style-scope ytd-multi-page-menu-renderer']//yt-formatted-string[@id='label' and text()='English (India)']
18:52:13 [TestNG-test-Yt Master Tests-3] INFO  verifyingSideMenuCollapsedLangAsInSettings_18-51-22 - [verifyingSideMenuCollapsedLangAsInSettings_18-51-22] Element found and ready (attempt 1): By.xpath: //yt-multi-page-menu-section-renderer[@class='style-scope ytd-multi-page-menu-renderer']//yt-formatted-string[@id='label' and text()='English (India)']
18:52:15 [TestNG-test-Yt Master Tests-3] INFO  verifyingSideMenuCollapsedLangAsInSettings_18-51-22 - Clicking settings ellipses button...
18:52:15 [TestNG-test-Yt Master Tests-3] INFO  verifyingSideMenuCollapsedLangAsInSettings_18-51-22 - [verifyingSideMenuCollapsedLangAsInSettings_18-51-22] Trying to find element: By.xpath: //ytd-topbar-menu-button-renderer[@class='style-scope ytd-masthead style-default']
18:52:15 [TestNG-test-Yt Master Tests-3] INFO  verifyingSideMenuCollapsedLangAsInSettings_18-51-22 - [verifyingSideMenuCollapsedLangAsInSettings_18-51-22] Element found and ready (attempt 1): By.xpath: //ytd-topbar-menu-button-renderer[@class='style-scope ytd-masthead style-default']
18:52:15 [TestNG-test-Yt Master Tests-3] INFO  verifyingSideMenuCollapsedLangAsInSettings_18-51-22 - [verifyingSideMenuCollapsedLangAsInSettings_18-51-22] Waiting until element is visible in viewport
18:52:16 [TestNG-test-Yt Master Tests-3] INFO  verifyingSideMenuCollapsedLangAsInSettings_18-51-22 - Clicking settings ellipses button...
18:52:16 [TestNG-test-Yt Master Tests-3] INFO  verifyingSideMenuCollapsedLangAsInSettings_18-51-22 - [verifyingSideMenuCollapsedLangAsInSettings_18-51-22] Trying to find element: By.xpath: //ytd-topbar-menu-button-renderer[@class='style-scope ytd-masthead style-default']
18:52:16 [TestNG-test-Yt Master Tests-3] INFO  verifyingSideMenuCollapsedLangAsInSettings_18-51-22 - [verifyingSideMenuCollapsedLangAsInSettings_18-51-22] Element found and ready (attempt 1): By.xpath: //ytd-topbar-menu-button-renderer[@class='style-scope ytd-masthead style-default']
18:52:16 [TestNG-test-Yt Master Tests-3] INFO  verifyingSideMenuCollapsedLangAsInSettings_18-51-22 - getLangAttribute() - locating <html> and reading lang property
18:52:16 [TestNG-test-Yt Master Tests-3] INFO  verifyingSideMenuCollapsedLangAsInSettings_18-51-22 - Language attribute read: en-IN
18:52:16 [TestNG-test-Yt Master Tests-3] INFO  verifyingSideMenuCollapsedLangAsInSettings_18-51-22 - Fetching the side menu in collapsed view
18:52:16 [TestNG-test-Yt Master Tests-3] INFO  verifyingSideMenuCollapsedLangAsInSettings_18-51-22 - [verifyingSideMenuCollapsedLangAsInSettings_18-51-22] Finding elements list: By.xpath: //ytd-mini-guide-renderer[@class='style-scope ytd-app']//ytd-mini-guide-entry-renderer
18:52:16 [TestNG-test-Yt Master Tests-3] INFO  verifyingSideMenuCollapsedLangAsInSettings_18-51-22 - [verifyingSideMenuCollapsedLangAsInSettings_18-51-22] Found 4 ready elements (attempt 1): By.xpath: //ytd-mini-guide-renderer[@class='style-scope ytd-app']//ytd-mini-guide-entry-renderer
18:52:17 [TestNG-test-Yt Master Tests-3] INFO  verifyingSideMenuCollapsedLangAsInSettings_18-51-22 - Clicking settings ellipses button...
18:52:17 [TestNG-test-Yt Master Tests-3] INFO  verifyingSideMenuCollapsedLangAsInSettings_18-51-22 - [verifyingSideMenuCollapsedLangAsInSettings_18-51-22] Trying to find element: By.xpath: //ytd-topbar-menu-button-renderer[@class='style-scope ytd-masthead style-default']
18:52:17 [TestNG-test-Yt Master Tests-3] INFO  verifyingSideMenuCollapsedLangAsInSettings_18-51-22 - [verifyingSideMenuCollapsedLangAsInSettings_18-51-22] Element found and ready (attempt 1): By.xpath: //ytd-topbar-menu-button-renderer[@class='style-scope ytd-masthead style-default']
18:52:17 [TestNG-test-Yt Master Tests-3] INFO  verifyingSideMenuCollapsedLangAsInSettings_18-51-22 - Clicking language dropdown...
18:52:17 [TestNG-test-Yt Master Tests-3] INFO  verifyingSideMenuCollapsedLangAsInSettings_18-51-22 - [verifyingSideMenuCollapsedLangAsInSettings_18-51-22] Trying to find element: By.xpath: (//div[@id='content-icon'])[2]
18:52:17 [TestNG-test-Yt Master Tests-3] INFO  verifyingSideMenuCollapsedLangAsInSettings_18-51-22 - [verifyingSideMenuCollapsedLangAsInSettings_18-51-22] Element found and ready (attempt 1): By.xpath: (//div[@id='content-icon'])[2]
