16:43:50 [TestNG-test-Yt Master Tests-2] INFO  verifyingSideMenuCollapsedLangAsInSettingsLingua_16-43-50 - No existing WebDriver found for current thread. Initializing a new ChromeDriver...
16:43:50 [TestNG-test-Yt Master Tests-2] INFO  verifyingSideMenuCollapsedLangAsInSettingsLingua_16-43-50 - WebDriverManager: chromedriver setup OK
16:43:52 [TestNG-test-Yt Master Tests-2] INFO  verifyingSideMenuCollapsedLangAsInSettingsLingua_16-43-50 - ChromeDriver initialized successfully for thread: 35
16:43:52 [TestNG-test-Yt Master Tests-2] INFO  verifyingSideMenuCollapsedLangAsInSettingsLingua_16-43-50 - SafeActions initialized with driver ChromeDriver: chrome on windows (d261d07dbf7d3df54ec748684d3ec570)
16:43:52 [TestNG-test-Yt Master Tests-2] INFO  verifyingSideMenuCollapsedLangAsInSettingsLingua_16-43-50 - Initialized YtLandingPage with driver: ChromeDriver: chrome on windows (d261d07dbf7d3df54ec748684d3ec570)
16:43:52 [TestNG-test-Yt Master Tests-2] INFO  verifyingSideMenuCollapsedLangAsInSettingsLingua_16-43-50 - SafeActions initialized with driver ChromeDriver: chrome on windows (d261d07dbf7d3df54ec748684d3ec570)
16:44:00 [TestNG-test-Yt Master Tests-2] INFO  verifyingSideMenuCollapsedLangAsInSettingsLingua_16-43-50 - Opened YouTube landing page.
16:44:00 [TestNG-test-Yt Master Tests-2] INFO  verifyingSideMenuCollapsedLangAsInSettingsLingua_16-43-50 - Clicking left ellipses in the landing page
16:44:00 [TestNG-test-Yt Master Tests-2] INFO  verifyingSideMenuCollapsedLangAsInSettingsLingua_16-43-50 - [verifyingSideMenuCollapsedLangAsInSettingsLingua_16-43-50] Trying to find element: By.xpath: //ytd-topbar-logo-renderer[@id='logo']/preceding-sibling::*[@id='guide-button']
16:44:00 [TestNG-test-Yt Master Tests-2] INFO  verifyingSideMenuCollapsedLangAsInSettingsLingua_16-43-50 - [verifyingSideMenuCollapsedLangAsInSettingsLingua_16-43-50] Element found and ready (attempt 1): By.xpath: //ytd-topbar-logo-renderer[@id='logo']/preceding-sibling::*[@id='guide-button']
16:44:00 [TestNG-test-Yt Master Tests-2] INFO  verifyingSideMenuCollapsedLangAsInSettingsLingua_16-43-50 - Clicking settings ellipses button...
16:44:00 [TestNG-test-Yt Master Tests-2] INFO  verifyingSideMenuCollapsedLangAsInSettingsLingua_16-43-50 - [verifyingSideMenuCollapsedLangAsInSettingsLingua_16-43-50] Trying to find element: By.xpath: //ytd-topbar-menu-button-renderer[@class='style-scope ytd-masthead style-default']
16:44:00 [TestNG-test-Yt Master Tests-2] INFO  verifyingSideMenuCollapsedLangAsInSettingsLingua_16-43-50 - [verifyingSideMenuCollapsedLangAsInSettingsLingua_16-43-50] Element found and ready (attempt 1): By.xpath: //ytd-topbar-menu-button-renderer[@class='style-scope ytd-masthead style-default']
16:44:00 [TestNG-test-Yt Master Tests-2] INFO  verifyingSideMenuCollapsedLangAsInSettingsLingua_16-43-50 - Clicking language dropdown...
16:44:00 [TestNG-test-Yt Master Tests-2] INFO  verifyingSideMenuCollapsedLangAsInSettingsLingua_16-43-50 - [verifyingSideMenuCollapsedLangAsInSettingsLingua_16-43-50] Trying to find element: By.xpath: (//div[@id='content-icon'])[2]
16:44:01 [TestNG-test-Yt Master Tests-2] INFO  verifyingSideMenuCollapsedLangAsInSettingsLingua_16-43-50 - [verifyingSideMenuCollapsedLangAsInSettingsLingua_16-43-50] Element found and ready (attempt 1): By.xpath: (//div[@id='content-icon'])[2]
16:44:02 [TestNG-test-Yt Master Tests-2] INFO  verifyingSideMenuCollapsedLangAsInSettingsLingua_16-43-50 - [verifyingSideMenuCollapsedLangAsInSettingsLingua_16-43-50] Execution is Not CRON Job Hence refering to normal keys from UtilData
16:44:02 [TestNG-test-Yt Master Tests-2] INFO  verifyingSideMenuCollapsedLangAsInSettingsLingua_16-43-50 - Looking for language element with name: Afrikaans
16:44:02 [TestNG-test-Yt Master Tests-2] INFO  verifyingSideMenuCollapsedLangAsInSettingsLingua_16-43-50 - [verifyingSideMenuCollapsedLangAsInSettingsLingua_16-43-50] Trying to find element: By.xpath: //yt-multi-page-menu-section-renderer[@class='style-scope ytd-multi-page-menu-renderer']//yt-formatted-string[@id='label' and text()='Afrikaans']
16:44:02 [TestNG-test-Yt Master Tests-2] INFO  verifyingSideMenuCollapsedLangAsInSettingsLingua_16-43-50 - [verifyingSideMenuCollapsedLangAsInSettingsLingua_16-43-50] Element found and ready (attempt 1): By.xpath: //yt-multi-page-menu-section-renderer[@class='style-scope ytd-multi-page-menu-renderer']//yt-formatted-string[@id='label' and text()='Afrikaans']
16:44:02 [TestNG-test-Yt Master Tests-2] INFO  verifyingSideMenuCollapsedLangAsInSettingsLingua_16-43-50 - [verifyingSideMenuCollapsedLangAsInSettingsLingua_16-43-50] Trying to find element: By.xpath: //yt-multi-page-menu-section-renderer[@class='style-scope ytd-multi-page-menu-renderer']//yt-formatted-string[@id='label' and text()='Afrikaans']
16:44:02 [TestNG-test-Yt Master Tests-2] INFO  verifyingSideMenuCollapsedLangAsInSettingsLingua_16-43-50 - [verifyingSideMenuCollapsedLangAsInSettingsLingua_16-43-50] Element found and ready (attempt 1): By.xpath: //yt-multi-page-menu-section-renderer[@class='style-scope ytd-multi-page-menu-renderer']//yt-formatted-string[@id='label' and text()='Afrikaans']
16:44:05 [TestNG-test-Yt Master Tests-2] INFO  verifyingSideMenuCollapsedLangAsInSettingsLingua_16-43-50 - Clicking settings ellipses button...
16:44:05 [TestNG-test-Yt Master Tests-2] INFO  verifyingSideMenuCollapsedLangAsInSettingsLingua_16-43-50 - [verifyingSideMenuCollapsedLangAsInSettingsLingua_16-43-50] Trying to find element: By.xpath: //ytd-topbar-menu-button-renderer[@class='style-scope ytd-masthead style-default']
16:44:05 [TestNG-test-Yt Master Tests-2] INFO  verifyingSideMenuCollapsedLangAsInSettingsLingua_16-43-50 - [verifyingSideMenuCollapsedLangAsInSettingsLingua_16-43-50] Element found and ready (attempt 1): By.xpath: //ytd-topbar-menu-button-renderer[@class='style-scope ytd-masthead style-default']
16:44:05 [TestNG-test-Yt Master Tests-2] INFO  verifyingSideMenuCollapsedLangAsInSettingsLingua_16-43-50 - [verifyingSideMenuCollapsedLangAsInSettingsLingua_16-43-50] Waiting until element is visible in viewport
16:44:06 [TestNG-test-Yt Master Tests-2] INFO  verifyingSideMenuCollapsedLangAsInSettingsLingua_16-43-50 - Clicking settings ellipses button...
16:44:06 [TestNG-test-Yt Master Tests-2] INFO  verifyingSideMenuCollapsedLangAsInSettingsLingua_16-43-50 - [verifyingSideMenuCollapsedLangAsInSettingsLingua_16-43-50] Trying to find element: By.xpath: //ytd-topbar-menu-button-renderer[@class='style-scope ytd-masthead style-default']
16:44:06 [TestNG-test-Yt Master Tests-2] INFO  verifyingSideMenuCollapsedLangAsInSettingsLingua_16-43-50 - [verifyingSideMenuCollapsedLangAsInSettingsLingua_16-43-50] Element found and ready (attempt 1): By.xpath: //ytd-topbar-menu-button-renderer[@class='style-scope ytd-masthead style-default']
16:44:06 [TestNG-test-Yt Master Tests-2] INFO  verifyingSideMenuCollapsedLangAsInSettingsLingua_16-43-50 - getLangAttribute() - locating <html> and reading lang property
16:44:06 [TestNG-test-Yt Master Tests-2] INFO  verifyingSideMenuCollapsedLangAsInSettingsLingua_16-43-50 - Language attribute read: af-ZA
16:44:06 [TestNG-test-Yt Master Tests-2] INFO  verifyingSideMenuCollapsedLangAsInSettingsLingua_16-43-50 - Fetching the side menu in collapsed view
16:44:06 [TestNG-test-Yt Master Tests-2] INFO  verifyingSideMenuCollapsedLangAsInSettingsLingua_16-43-50 - [verifyingSideMenuCollapsedLangAsInSettingsLingua_16-43-50] Finding elements list: By.xpath: //ytd-mini-guide-renderer[@class='style-scope ytd-app']//ytd-mini-guide-entry-renderer
16:44:07 [TestNG-test-Yt Master Tests-2] INFO  verifyingSideMenuCollapsedLangAsInSettingsLingua_16-43-50 - [verifyingSideMenuCollapsedLangAsInSettingsLingua_16-43-50] Found 4 ready elements (attempt 1): By.xpath: //ytd-mini-guide-renderer[@class='style-scope ytd-app']//ytd-mini-guide-entry-renderer
16:44:14 [TestNG-test-Yt Master Tests-2] INFO  verifyingSideMenuCollapsedLangAsInSettingsLingua_16-43-50 - 
========== LANGUAGE DETECTION ==========
Detected Language : AFRIKAANS
Input Text        : Tuis Kortvideo's Intekeninge Myne
========================================
16:44:14 [TestNG-test-Yt Master Tests-2] INFO  verifyingSideMenuCollapsedLangAsInSettingsLingua_16-43-50 - text sent to lingua is       Tuis Kortvideo's Intekeninge Myne
16:44:14 [TestNG-test-Yt Master Tests-2] INFO  verifyingSideMenuCollapsedLangAsInSettingsLingua_16-43-50 - getLangAttribute() - locating <html> and reading lang property
16:44:14 [TestNG-test-Yt Master Tests-2] INFO  verifyingSideMenuCollapsedLangAsInSettingsLingua_16-43-50 - Language attribute read: af-ZA
16:44:14 [TestNG-test-Yt Master Tests-2] INFO  verifyingSideMenuCollapsedLangAsInSettingsLingua_16-43-50 - Clicking settings ellipses button...
16:44:14 [TestNG-test-Yt Master Tests-2] INFO  verifyingSideMenuCollapsedLangAsInSettingsLingua_16-43-50 - [verifyingSideMenuCollapsedLangAsInSettingsLingua_16-43-50] Trying to find element: By.xpath: //ytd-topbar-menu-button-renderer[@class='style-scope ytd-masthead style-default']
16:44:14 [TestNG-test-Yt Master Tests-2] INFO  verifyingSideMenuCollapsedLangAsInSettingsLingua_16-43-50 - [verifyingSideMenuCollapsedLangAsInSettingsLingua_16-43-50] Element found and ready (attempt 1): By.xpath: //ytd-topbar-menu-button-renderer[@class='style-scope ytd-masthead style-default']
16:44:15 [TestNG-test-Yt Master Tests-2] INFO  verifyingSideMenuCollapsedLangAsInSettingsLingua_16-43-50 - Clicking language dropdown...
16:44:15 [TestNG-test-Yt Master Tests-2] INFO  verifyingSideMenuCollapsedLangAsInSettingsLingua_16-43-50 - [verifyingSideMenuCollapsedLangAsInSettingsLingua_16-43-50] Trying to find element: By.xpath: (//div[@id='content-icon'])[2]
16:44:15 [TestNG-test-Yt Master Tests-2] INFO  verifyingSideMenuCollapsedLangAsInSettingsLingua_16-43-50 - [verifyingSideMenuCollapsedLangAsInSettingsLingua_16-43-50] Element found and ready (attempt 1): By.xpath: (//div[@id='content-icon'])[2]
16:44:16 [TestNG-test-Yt Master Tests-2] INFO  verifyingSideMenuCollapsedLangAsInSettingsLingua_16-43-50 - Looking for language element with name: Azərbaycan
16:44:16 [TestNG-test-Yt Master Tests-2] INFO  verifyingSideMenuCollapsedLangAsInSettingsLingua_16-43-50 - [verifyingSideMenuCollapsedLangAsInSettingsLingua_16-43-50] Trying to find element: By.xpath: //yt-multi-page-menu-section-renderer[@class='style-scope ytd-multi-page-menu-renderer']//yt-formatted-string[@id='label' and text()='Azərbaycan']
16:44:16 [TestNG-test-Yt Master Tests-2] INFO  verifyingSideMenuCollapsedLangAsInSettingsLingua_16-43-50 - [verifyingSideMenuCollapsedLangAsInSettingsLingua_16-43-50] Element found and ready (attempt 1): By.xpath: //yt-multi-page-menu-section-renderer[@class='style-scope ytd-multi-page-menu-renderer']//yt-formatted-string[@id='label' and text()='Azərbaycan']
16:44:16 [TestNG-test-Yt Master Tests-2] INFO  verifyingSideMenuCollapsedLangAsInSettingsLingua_16-43-50 - [verifyingSideMenuCollapsedLangAsInSettingsLingua_16-43-50] Trying to find element: By.xpath: //yt-multi-page-menu-section-renderer[@class='style-scope ytd-multi-page-menu-renderer']//yt-formatted-string[@id='label' and text()='Azərbaycan']
16:44:17 [TestNG-test-Yt Master Tests-2] INFO  verifyingSideMenuCollapsedLangAsInSettingsLingua_16-43-50 - [verifyingSideMenuCollapsedLangAsInSettingsLingua_16-43-50] Element found and ready (attempt 1): By.xpath: //yt-multi-page-menu-section-renderer[@class='style-scope ytd-multi-page-menu-renderer']//yt-formatted-string[@id='label' and text()='Azərbaycan']
16:44:19 [TestNG-test-Yt Master Tests-2] INFO  verifyingSideMenuCollapsedLangAsInSettingsLingua_16-43-50 - Clicking settings ellipses button...
16:44:19 [TestNG-test-Yt Master Tests-2] INFO  verifyingSideMenuCollapsedLangAsInSettingsLingua_16-43-50 - [verifyingSideMenuCollapsedLangAsInSettingsLingua_16-43-50] Trying to find element: By.xpath: //ytd-topbar-menu-button-renderer[@class='style-scope ytd-masthead style-default']
16:44:19 [TestNG-test-Yt Master Tests-2] INFO  verifyingSideMenuCollapsedLangAsInSettingsLingua_16-43-50 - [verifyingSideMenuCollapsedLangAsInSettingsLingua_16-43-50] Element found and ready (attempt 1): By.xpath: //ytd-topbar-menu-button-renderer[@class='style-scope ytd-masthead style-default']
16:44:19 [TestNG-test-Yt Master Tests-2] INFO  verifyingSideMenuCollapsedLangAsInSettingsLingua_16-43-50 - [verifyingSideMenuCollapsedLangAsInSettingsLingua_16-43-50] Waiting until element is visible in viewport
16:44:20 [TestNG-test-Yt Master Tests-2] INFO  verifyingSideMenuCollapsedLangAsInSettingsLingua_16-43-50 - Clicking settings ellipses button...
16:44:20 [TestNG-test-Yt Master Tests-2] INFO  verifyingSideMenuCollapsedLangAsInSettingsLingua_16-43-50 - [verifyingSideMenuCollapsedLangAsInSettingsLingua_16-43-50] Trying to find element: By.xpath: //ytd-topbar-menu-button-renderer[@class='style-scope ytd-masthead style-default']
16:44:20 [TestNG-test-Yt Master Tests-2] INFO  verifyingSideMenuCollapsedLangAsInSettingsLingua_16-43-50 - [verifyingSideMenuCollapsedLangAsInSettingsLingua_16-43-50] Element found and ready (attempt 1): By.xpath: //ytd-topbar-menu-button-renderer[@class='style-scope ytd-masthead style-default']
16:44:20 [TestNG-test-Yt Master Tests-2] INFO  verifyingSideMenuCollapsedLangAsInSettingsLingua_16-43-50 - getLangAttribute() - locating <html> and reading lang property
16:44:20 [TestNG-test-Yt Master Tests-2] INFO  verifyingSideMenuCollapsedLangAsInSettingsLingua_16-43-50 - Language attribute read: az-Latn-AZ
16:44:20 [TestNG-test-Yt Master Tests-2] INFO  verifyingSideMenuCollapsedLangAsInSettingsLingua_16-43-50 - Fetching the side menu in collapsed view
16:44:20 [TestNG-test-Yt Master Tests-2] INFO  verifyingSideMenuCollapsedLangAsInSettingsLingua_16-43-50 - [verifyingSideMenuCollapsedLangAsInSettingsLingua_16-43-50] Finding elements list: By.xpath: //ytd-mini-guide-renderer[@class='style-scope ytd-app']//ytd-mini-guide-entry-renderer
16:44:20 [TestNG-test-Yt Master Tests-2] INFO  verifyingSideMenuCollapsedLangAsInSettingsLingua_16-43-50 - [verifyingSideMenuCollapsedLangAsInSettingsLingua_16-43-50] Found 4 ready elements (attempt 1): By.xpath: //ytd-mini-guide-renderer[@class='style-scope ytd-app']//ytd-mini-guide-entry-renderer
16:44:20 [TestNG-test-Yt Master Tests-2] INFO  verifyingSideMenuCollapsedLangAsInSettingsLingua_16-43-50 - 
========== LANGUAGE DETECTION ==========
Detected Language : TURKISH
Input Text        : Ev Shorts Abunəliklər Siz
========================================
16:44:20 [TestNG-test-Yt Master Tests-2] INFO  verifyingSideMenuCollapsedLangAsInSettingsLingua_16-43-50 - text sent to lingua is       Ev Shorts Abunəliklər Siz
16:44:20 [TestNG-test-Yt Master Tests-2] INFO  verifyingSideMenuCollapsedLangAsInSettingsLingua_16-43-50 - getLangAttribute() - locating <html> and reading lang property
16:44:20 [TestNG-test-Yt Master Tests-2] INFO  verifyingSideMenuCollapsedLangAsInSettingsLingua_16-43-50 - Language attribute read: az-Latn-AZ
16:44:20 [TestNG-test-Yt Master Tests-2] INFO  verifyingSideMenuCollapsedLangAsInSettingsLingua_16-43-50 - Clicking settings ellipses button...
16:44:20 [TestNG-test-Yt Master Tests-2] INFO  verifyingSideMenuCollapsedLangAsInSettingsLingua_16-43-50 - [verifyingSideMenuCollapsedLangAsInSettingsLingua_16-43-50] Trying to find element: By.xpath: //ytd-topbar-menu-button-renderer[@class='style-scope ytd-masthead style-default']
16:44:20 [TestNG-test-Yt Master Tests-2] INFO  verifyingSideMenuCollapsedLangAsInSettingsLingua_16-43-50 - [verifyingSideMenuCollapsedLangAsInSettingsLingua_16-43-50] Element found and ready (attempt 1): By.xpath: //ytd-topbar-menu-button-renderer[@class='style-scope ytd-masthead style-default']
16:44:21 [TestNG-test-Yt Master Tests-2] INFO  verifyingSideMenuCollapsedLangAsInSettingsLingua_16-43-50 - Clicking language dropdown...
16:44:21 [TestNG-test-Yt Master Tests-2] INFO  verifyingSideMenuCollapsedLangAsInSettingsLingua_16-43-50 - [verifyingSideMenuCollapsedLangAsInSettingsLingua_16-43-50] Trying to find element: By.xpath: (//div[@id='content-icon'])[2]
16:44:21 [TestNG-test-Yt Master Tests-2] INFO  verifyingSideMenuCollapsedLangAsInSettingsLingua_16-43-50 - [verifyingSideMenuCollapsedLangAsInSettingsLingua_16-43-50] Element found and ready (attempt 1): By.xpath: (//div[@id='content-icon'])[2]
16:44:22 [TestNG-test-Yt Master Tests-2] INFO  verifyingSideMenuCollapsedLangAsInSettingsLingua_16-43-50 - Looking for language element with name: Bahasa Indonesia
16:44:22 [TestNG-test-Yt Master Tests-2] INFO  verifyingSideMenuCollapsedLangAsInSettingsLingua_16-43-50 - [verifyingSideMenuCollapsedLangAsInSettingsLingua_16-43-50] Trying to find element: By.xpath: //yt-multi-page-menu-section-renderer[@class='style-scope ytd-multi-page-menu-renderer']//yt-formatted-string[@id='label' and text()='Bahasa Indonesia']
16:44:22 [TestNG-test-Yt Master Tests-2] INFO  verifyingSideMenuCollapsedLangAsInSettingsLingua_16-43-50 - [verifyingSideMenuCollapsedLangAsInSettingsLingua_16-43-50] Element found and ready (attempt 1): By.xpath: //yt-multi-page-menu-section-renderer[@class='style-scope ytd-multi-page-menu-renderer']//yt-formatted-string[@id='label' and text()='Bahasa Indonesia']
16:44:22 [TestNG-test-Yt Master Tests-2] INFO  verifyingSideMenuCollapsedLangAsInSettingsLingua_16-43-50 - [verifyingSideMenuCollapsedLangAsInSettingsLingua_16-43-50] Trying to find element: By.xpath: //yt-multi-page-menu-section-renderer[@class='style-scope ytd-multi-page-menu-renderer']//yt-formatted-string[@id='label' and text()='Bahasa Indonesia']
16:44:22 [TestNG-test-Yt Master Tests-2] INFO  verifyingSideMenuCollapsedLangAsInSettingsLingua_16-43-50 - [verifyingSideMenuCollapsedLangAsInSettingsLingua_16-43-50] Element found and ready (attempt 1): By.xpath: //yt-multi-page-menu-section-renderer[@class='style-scope ytd-multi-page-menu-renderer']//yt-formatted-string[@id='label' and text()='Bahasa Indonesia']
16:44:23 [TestNG-test-Yt Master Tests-2] INFO  verifyingSideMenuCollapsedLangAsInSettingsLingua_16-43-50 - Clicking settings ellipses button...
16:44:24 [TestNG-test-Yt Master Tests-2] INFO  verifyingSideMenuCollapsedLangAsInSettingsLingua_16-43-50 - [verifyingSideMenuCollapsedLangAsInSettingsLingua_16-43-50] Trying to find element: By.xpath: //ytd-topbar-menu-button-renderer[@class='style-scope ytd-masthead style-default']
16:44:24 [TestNG-test-Yt Master Tests-2] INFO  verifyingSideMenuCollapsedLangAsInSettingsLingua_16-43-50 - [verifyingSideMenuCollapsedLangAsInSettingsLingua_16-43-50] Element found and ready (attempt 1): By.xpath: //ytd-topbar-menu-button-renderer[@class='style-scope ytd-masthead style-default']
16:44:24 [TestNG-test-Yt Master Tests-2] INFO  verifyingSideMenuCollapsedLangAsInSettingsLingua_16-43-50 - [verifyingSideMenuCollapsedLangAsInSettingsLingua_16-43-50] Waiting until element is visible in viewport
16:44:25 [TestNG-test-Yt Master Tests-2] INFO  verifyingSideMenuCollapsedLangAsInSettingsLingua_16-43-50 - Clicking settings ellipses button...
16:44:25 [TestNG-test-Yt Master Tests-2] INFO  verifyingSideMenuCollapsedLangAsInSettingsLingua_16-43-50 - [verifyingSideMenuCollapsedLangAsInSettingsLingua_16-43-50] Trying to find element: By.xpath: //ytd-topbar-menu-button-renderer[@class='style-scope ytd-masthead style-default']
16:44:25 [TestNG-test-Yt Master Tests-2] INFO  verifyingSideMenuCollapsedLangAsInSettingsLingua_16-43-50 - [verifyingSideMenuCollapsedLangAsInSettingsLingua_16-43-50] Element found and ready (attempt 1): By.xpath: //ytd-topbar-menu-button-renderer[@class='style-scope ytd-masthead style-default']
16:44:25 [TestNG-test-Yt Master Tests-2] INFO  verifyingSideMenuCollapsedLangAsInSettingsLingua_16-43-50 - getLangAttribute() - locating <html> and reading lang property
16:44:25 [TestNG-test-Yt Master Tests-2] INFO  verifyingSideMenuCollapsedLangAsInSettingsLingua_16-43-50 - Language attribute read: id-ID
16:44:25 [TestNG-test-Yt Master Tests-2] INFO  verifyingSideMenuCollapsedLangAsInSettingsLingua_16-43-50 - Fetching the side menu in collapsed view
16:44:25 [TestNG-test-Yt Master Tests-2] INFO  verifyingSideMenuCollapsedLangAsInSettingsLingua_16-43-50 - [verifyingSideMenuCollapsedLangAsInSettingsLingua_16-43-50] Finding elements list: By.xpath: //ytd-mini-guide-renderer[@class='style-scope ytd-app']//ytd-mini-guide-entry-renderer
16:44:26 [TestNG-test-Yt Master Tests-2] INFO  verifyingSideMenuCollapsedLangAsInSettingsLingua_16-43-50 - [verifyingSideMenuCollapsedLangAsInSettingsLingua_16-43-50] Found 4 ready elements (attempt 1): By.xpath: //ytd-mini-guide-renderer[@class='style-scope ytd-app']//ytd-mini-guide-entry-renderer
16:44:26 [TestNG-test-Yt Master Tests-2] INFO  verifyingSideMenuCollapsedLangAsInSettingsLingua_16-43-50 - 
========== LANGUAGE DETECTION ==========
Detected Language : ENGLISH
Input Text        : Beranda Shorts Subscription Anda
========================================
16:44:26 [TestNG-test-Yt Master Tests-2] INFO  verifyingSideMenuCollapsedLangAsInSettingsLingua_16-43-50 - text sent to lingua is       Beranda Shorts Subscription Anda
16:44:26 [TestNG-test-Yt Master Tests-2] INFO  verifyingSideMenuCollapsedLangAsInSettingsLingua_16-43-50 - getLangAttribute() - locating <html> and reading lang property
16:44:26 [TestNG-test-Yt Master Tests-2] INFO  verifyingSideMenuCollapsedLangAsInSettingsLingua_16-43-50 - Language attribute read: id-ID
16:44:26 [TestNG-test-Yt Master Tests-2] INFO  verifyingSideMenuCollapsedLangAsInSettingsLingua_16-43-50 - Clicking settings ellipses button...
16:44:26 [TestNG-test-Yt Master Tests-2] INFO  verifyingSideMenuCollapsedLangAsInSettingsLingua_16-43-50 - [verifyingSideMenuCollapsedLangAsInSettingsLingua_16-43-50] Trying to find element: By.xpath: //ytd-topbar-menu-button-renderer[@class='style-scope ytd-masthead style-default']
16:44:26 [TestNG-test-Yt Master Tests-2] INFO  verifyingSideMenuCollapsedLangAsInSettingsLingua_16-43-50 - [verifyingSideMenuCollapsedLangAsInSettingsLingua_16-43-50] Element found and ready (attempt 1): By.xpath: //ytd-topbar-menu-button-renderer[@class='style-scope ytd-masthead style-default']
16:44:26 [TestNG-test-Yt Master Tests-2] INFO  verifyingSideMenuCollapsedLangAsInSettingsLingua_16-43-50 - Clicking language dropdown...
16:44:26 [TestNG-test-Yt Master Tests-2] INFO  verifyingSideMenuCollapsedLangAsInSettingsLingua_16-43-50 - [verifyingSideMenuCollapsedLangAsInSettingsLingua_16-43-50] Trying to find element: By.xpath: (//div[@id='content-icon'])[2]
16:44:26 [TestNG-test-Yt Master Tests-2] INFO  verifyingSideMenuCollapsedLangAsInSettingsLingua_16-43-50 - [verifyingSideMenuCollapsedLangAsInSettingsLingua_16-43-50] Element found and ready (attempt 1): By.xpath: (//div[@id='content-icon'])[2]
16:44:27 [TestNG-test-Yt Master Tests-2] INFO  verifyingSideMenuCollapsedLangAsInSettingsLingua_16-43-50 - Looking for language element with name: Bosanski
16:44:27 [TestNG-test-Yt Master Tests-2] INFO  verifyingSideMenuCollapsedLangAsInSettingsLingua_16-43-50 - [verifyingSideMenuCollapsedLangAsInSettingsLingua_16-43-50] Trying to find element: By.xpath: //yt-multi-page-menu-section-renderer[@class='style-scope ytd-multi-page-menu-renderer']//yt-formatted-string[@id='label' and text()='Bosanski']
16:44:27 [TestNG-test-Yt Master Tests-2] INFO  verifyingSideMenuCollapsedLangAsInSettingsLingua_16-43-50 - [verifyingSideMenuCollapsedLangAsInSettingsLingua_16-43-50] Element found and ready (attempt 1): By.xpath: //yt-multi-page-menu-section-renderer[@class='style-scope ytd-multi-page-menu-renderer']//yt-formatted-string[@id='label' and text()='Bosanski']
16:44:27 [TestNG-test-Yt Master Tests-2] INFO  verifyingSideMenuCollapsedLangAsInSettingsLingua_16-43-50 - [verifyingSideMenuCollapsedLangAsInSettingsLingua_16-43-50] Trying to find element: By.xpath: //yt-multi-page-menu-section-renderer[@class='style-scope ytd-multi-page-menu-renderer']//yt-formatted-string[@id='label' and text()='Bosanski']
16:44:27 [TestNG-test-Yt Master Tests-2] INFO  verifyingSideMenuCollapsedLangAsInSettingsLingua_16-43-50 - [verifyingSideMenuCollapsedLangAsInSettingsLingua_16-43-50] Element found and ready (attempt 1): By.xpath: //yt-multi-page-menu-section-renderer[@class='style-scope ytd-multi-page-menu-renderer']//yt-formatted-string[@id='label' and text()='Bosanski']
16:44:28 [TestNG-test-Yt Master Tests-2] INFO  verifyingSideMenuCollapsedLangAsInSettingsLingua_16-43-50 - Clicking settings ellipses button...
16:44:29 [TestNG-test-Yt Master Tests-2] INFO  verifyingSideMenuCollapsedLangAsInSettingsLingua_16-43-50 - [verifyingSideMenuCollapsedLangAsInSettingsLingua_16-43-50] Trying to find element: By.xpath: //ytd-topbar-menu-button-renderer[@class='style-scope ytd-masthead style-default']
16:44:29 [TestNG-test-Yt Master Tests-2] INFO  verifyingSideMenuCollapsedLangAsInSettingsLingua_16-43-50 - [verifyingSideMenuCollapsedLangAsInSettingsLingua_16-43-50] Element found and ready (attempt 1): By.xpath: //ytd-topbar-menu-button-renderer[@class='style-scope ytd-masthead style-default']
16:44:29 [TestNG-test-Yt Master Tests-2] INFO  verifyingSideMenuCollapsedLangAsInSettingsLingua_16-43-50 - [verifyingSideMenuCollapsedLangAsInSettingsLingua_16-43-50] Waiting until element is visible in viewport
16:44:30 [TestNG-test-Yt Master Tests-2] INFO  verifyingSideMenuCollapsedLangAsInSettingsLingua_16-43-50 - Clicking settings ellipses button...
16:44:30 [TestNG-test-Yt Master Tests-2] INFO  verifyingSideMenuCollapsedLangAsInSettingsLingua_16-43-50 - [verifyingSideMenuCollapsedLangAsInSettingsLingua_16-43-50] Trying to find element: By.xpath: //ytd-topbar-menu-button-renderer[@class='style-scope ytd-masthead style-default']
16:44:30 [TestNG-test-Yt Master Tests-2] INFO  verifyingSideMenuCollapsedLangAsInSettingsLingua_16-43-50 - [verifyingSideMenuCollapsedLangAsInSettingsLingua_16-43-50] Element found and ready (attempt 1): By.xpath: //ytd-topbar-menu-button-renderer[@class='style-scope ytd-masthead style-default']
16:44:30 [TestNG-test-Yt Master Tests-2] INFO  verifyingSideMenuCollapsedLangAsInSettingsLingua_16-43-50 - getLangAttribute() - locating <html> and reading lang property
16:44:30 [TestNG-test-Yt Master Tests-2] INFO  verifyingSideMenuCollapsedLangAsInSettingsLingua_16-43-50 - Language attribute read: bs-Latn-BA
16:44:30 [TestNG-test-Yt Master Tests-2] INFO  verifyingSideMenuCollapsedLangAsInSettingsLingua_16-43-50 - Fetching the side menu in collapsed view
16:44:30 [TestNG-test-Yt Master Tests-2] INFO  verifyingSideMenuCollapsedLangAsInSettingsLingua_16-43-50 - [verifyingSideMenuCollapsedLangAsInSettingsLingua_16-43-50] Finding elements list: By.xpath: //ytd-mini-guide-renderer[@class='style-scope ytd-app']//ytd-mini-guide-entry-renderer
16:44:30 [TestNG-test-Yt Master Tests-2] INFO  verifyingSideMenuCollapsedLangAsInSettingsLingua_16-43-50 - [verifyingSideMenuCollapsedLangAsInSettingsLingua_16-43-50] Found 4 ready elements (attempt 1): By.xpath: //ytd-mini-guide-renderer[@class='style-scope ytd-app']//ytd-mini-guide-entry-renderer
16:44:30 [TestNG-test-Yt Master Tests-2] INFO  verifyingSideMenuCollapsedLangAsInSettingsLingua_16-43-50 - 
========== LANGUAGE DETECTION ==========
Detected Language : BOSNIAN
Input Text        : Početna stranica Shorts Pretplate Vi
========================================
16:44:30 [TestNG-test-Yt Master Tests-2] INFO  verifyingSideMenuCollapsedLangAsInSettingsLingua_16-43-50 - text sent to lingua is       Početna stranica Shorts Pretplate Vi
16:44:30 [TestNG-test-Yt Master Tests-2] INFO  verifyingSideMenuCollapsedLangAsInSettingsLingua_16-43-50 - getLangAttribute() - locating <html> and reading lang property
16:44:30 [TestNG-test-Yt Master Tests-2] INFO  verifyingSideMenuCollapsedLangAsInSettingsLingua_16-43-50 - Language attribute read: bs-Latn-BA
16:44:30 [TestNG-test-Yt Master Tests-2] INFO  verifyingSideMenuCollapsedLangAsInSettingsLingua_16-43-50 - Clicking settings ellipses button...
16:44:30 [TestNG-test-Yt Master Tests-2] INFO  verifyingSideMenuCollapsedLangAsInSettingsLingua_16-43-50 - [verifyingSideMenuCollapsedLangAsInSettingsLingua_16-43-50] Trying to find element: By.xpath: //ytd-topbar-menu-button-renderer[@class='style-scope ytd-masthead style-default']
16:44:30 [TestNG-test-Yt Master Tests-2] INFO  verifyingSideMenuCollapsedLangAsInSettingsLingua_16-43-50 - [verifyingSideMenuCollapsedLangAsInSettingsLingua_16-43-50] Element found and ready (attempt 1): By.xpath: //ytd-topbar-menu-button-renderer[@class='style-scope ytd-masthead style-default']
16:44:30 [TestNG-test-Yt Master Tests-2] INFO  verifyingSideMenuCollapsedLangAsInSettingsLingua_16-43-50 - Clicking language dropdown...
16:44:30 [TestNG-test-Yt Master Tests-2] INFO  verifyingSideMenuCollapsedLangAsInSettingsLingua_16-43-50 - [verifyingSideMenuCollapsedLangAsInSettingsLingua_16-43-50] Trying to find element: By.xpath: (//div[@id='content-icon'])[2]
16:44:31 [TestNG-test-Yt Master Tests-2] INFO  verifyingSideMenuCollapsedLangAsInSettingsLingua_16-43-50 - [verifyingSideMenuCollapsedLangAsInSettingsLingua_16-43-50] Element found and ready (attempt 1): By.xpath: (//div[@id='content-icon'])[2]
16:44:32 [TestNG-test-Yt Master Tests-2] INFO  verifyingSideMenuCollapsedLangAsInSettingsLingua_16-43-50 - Looking for language element with name: Català
16:44:32 [TestNG-test-Yt Master Tests-2] INFO  verifyingSideMenuCollapsedLangAsInSettingsLingua_16-43-50 - [verifyingSideMenuCollapsedLangAsInSettingsLingua_16-43-50] Trying to find element: By.xpath: //yt-multi-page-menu-section-renderer[@class='style-scope ytd-multi-page-menu-renderer']//yt-formatted-string[@id='label' and text()='Català']
16:44:32 [TestNG-test-Yt Master Tests-2] INFO  verifyingSideMenuCollapsedLangAsInSettingsLingua_16-43-50 - [verifyingSideMenuCollapsedLangAsInSettingsLingua_16-43-50] Element found and ready (attempt 1): By.xpath: //yt-multi-page-menu-section-renderer[@class='style-scope ytd-multi-page-menu-renderer']//yt-formatted-string[@id='label' and text()='Català']
16:44:32 [TestNG-test-Yt Master Tests-2] INFO  verifyingSideMenuCollapsedLangAsInSettingsLingua_16-43-50 - [verifyingSideMenuCollapsedLangAsInSettingsLingua_16-43-50] Trying to find element: By.xpath: //yt-multi-page-menu-section-renderer[@class='style-scope ytd-multi-page-menu-renderer']//yt-formatted-string[@id='label' and text()='Català']
16:44:32 [TestNG-test-Yt Master Tests-2] INFO  verifyingSideMenuCollapsedLangAsInSettingsLingua_16-43-50 - [verifyingSideMenuCollapsedLangAsInSettingsLingua_16-43-50] Element found and ready (attempt 1): By.xpath: //yt-multi-page-menu-section-renderer[@class='style-scope ytd-multi-page-menu-renderer']//yt-formatted-string[@id='label' and text()='Català']
16:44:33 [TestNG-test-Yt Master Tests-2] INFO  verifyingSideMenuCollapsedLangAsInSettingsLingua_16-43-50 - Clicking settings ellipses button...
16:44:33 [TestNG-test-Yt Master Tests-2] INFO  verifyingSideMenuCollapsedLangAsInSettingsLingua_16-43-50 - [verifyingSideMenuCollapsedLangAsInSettingsLingua_16-43-50] Trying to find element: By.xpath: //ytd-topbar-menu-button-renderer[@class='style-scope ytd-masthead style-default']
16:44:33 [TestNG-test-Yt Master Tests-2] INFO  verifyingSideMenuCollapsedLangAsInSettingsLingua_16-43-50 - [verifyingSideMenuCollapsedLangAsInSettingsLingua_16-43-50] Element found and ready (attempt 1): By.xpath: //ytd-topbar-menu-button-renderer[@class='style-scope ytd-masthead style-default']
16:44:33 [TestNG-test-Yt Master Tests-2] INFO  verifyingSideMenuCollapsedLangAsInSettingsLingua_16-43-50 - [verifyingSideMenuCollapsedLangAsInSettingsLingua_16-43-50] Waiting until element is visible in viewport
16:44:34 [TestNG-test-Yt Master Tests-2] INFO  verifyingSideMenuCollapsedLangAsInSettingsLingua_16-43-50 - Clicking settings ellipses button...
16:44:34 [TestNG-test-Yt Master Tests-2] INFO  verifyingSideMenuCollapsedLangAsInSettingsLingua_16-43-50 - [verifyingSideMenuCollapsedLangAsInSettingsLingua_16-43-50] Trying to find element: By.xpath: //ytd-topbar-menu-button-renderer[@class='style-scope ytd-masthead style-default']
16:44:34 [TestNG-test-Yt Master Tests-2] INFO  verifyingSideMenuCollapsedLangAsInSettingsLingua_16-43-50 - [verifyingSideMenuCollapsedLangAsInSettingsLingua_16-43-50] Element found and ready (attempt 1): By.xpath: //ytd-topbar-menu-button-renderer[@class='style-scope ytd-masthead style-default']
16:44:34 [TestNG-test-Yt Master Tests-2] INFO  verifyingSideMenuCollapsedLangAsInSettingsLingua_16-43-50 - getLangAttribute() - locating <html> and reading lang property
16:44:34 [TestNG-test-Yt Master Tests-2] INFO  verifyingSideMenuCollapsedLangAsInSettingsLingua_16-43-50 - Language attribute read: ca-ES
16:44:34 [TestNG-test-Yt Master Tests-2] INFO  verifyingSideMenuCollapsedLangAsInSettingsLingua_16-43-50 - Fetching the side menu in collapsed view
16:44:34 [TestNG-test-Yt Master Tests-2] INFO  verifyingSideMenuCollapsedLangAsInSettingsLingua_16-43-50 - [verifyingSideMenuCollapsedLangAsInSettingsLingua_16-43-50] Finding elements list: By.xpath: //ytd-mini-guide-renderer[@class='style-scope ytd-app']//ytd-mini-guide-entry-renderer
16:44:34 [TestNG-test-Yt Master Tests-2] INFO  verifyingSideMenuCollapsedLangAsInSettingsLingua_16-43-50 - [verifyingSideMenuCollapsedLangAsInSettingsLingua_16-43-50] Found 4 ready elements (attempt 1): By.xpath: //ytd-mini-guide-renderer[@class='style-scope ytd-app']//ytd-mini-guide-entry-renderer
16:44:34 [TestNG-test-Yt Master Tests-2] INFO  verifyingSideMenuCollapsedLangAsInSettingsLingua_16-43-50 - 
========== LANGUAGE DETECTION ==========
Detected Language : CATALAN
Input Text        : Inici YouTube Shorts Subscripcions Tu
========================================
16:44:34 [TestNG-test-Yt Master Tests-2] INFO  verifyingSideMenuCollapsedLangAsInSettingsLingua_16-43-50 - text sent to lingua is       Inici YouTube Shorts Subscripcions Tu
16:44:34 [TestNG-test-Yt Master Tests-2] INFO  verifyingSideMenuCollapsedLangAsInSettingsLingua_16-43-50 - getLangAttribute() - locating <html> and reading lang property
16:44:34 [TestNG-test-Yt Master Tests-2] INFO  verifyingSideMenuCollapsedLangAsInSettingsLingua_16-43-50 - Language attribute read: ca-ES
16:44:34 [TestNG-test-Yt Master Tests-2] INFO  verifyingSideMenuCollapsedLangAsInSettingsLingua_16-43-50 - Clicking settings ellipses button...
16:44:34 [TestNG-test-Yt Master Tests-2] INFO  verifyingSideMenuCollapsedLangAsInSettingsLingua_16-43-50 - [verifyingSideMenuCollapsedLangAsInSettingsLingua_16-43-50] Trying to find element: By.xpath: //ytd-topbar-menu-button-renderer[@class='style-scope ytd-masthead style-default']
16:44:34 [TestNG-test-Yt Master Tests-2] INFO  verifyingSideMenuCollapsedLangAsInSettingsLingua_16-43-50 - [verifyingSideMenuCollapsedLangAsInSettingsLingua_16-43-50] Element found and ready (attempt 1): By.xpath: //ytd-topbar-menu-button-renderer[@class='style-scope ytd-masthead style-default']
16:44:35 [TestNG-test-Yt Master Tests-2] INFO  verifyingSideMenuCollapsedLangAsInSettingsLingua_16-43-50 - Clicking language dropdown...
16:44:35 [TestNG-test-Yt Master Tests-2] INFO  verifyingSideMenuCollapsedLangAsInSettingsLingua_16-43-50 - [verifyingSideMenuCollapsedLangAsInSettingsLingua_16-43-50] Trying to find element: By.xpath: (//div[@id='content-icon'])[2]
16:44:35 [TestNG-test-Yt Master Tests-2] INFO  verifyingSideMenuCollapsedLangAsInSettingsLingua_16-43-50 - [verifyingSideMenuCollapsedLangAsInSettingsLingua_16-43-50] Element found and ready (attempt 1): By.xpath: (//div[@id='content-icon'])[2]
16:44:35 [TestNG-test-Yt Master Tests-2] INFO  verifyingSideMenuCollapsedLangAsInSettingsLingua_16-43-50 - Looking for language element with name: Dansk
16:44:35 [TestNG-test-Yt Master Tests-2] INFO  verifyingSideMenuCollapsedLangAsInSettingsLingua_16-43-50 - [verifyingSideMenuCollapsedLangAsInSettingsLingua_16-43-50] Trying to find element: By.xpath: //yt-multi-page-menu-section-renderer[@class='style-scope ytd-multi-page-menu-renderer']//yt-formatted-string[@id='label' and text()='Dansk']
16:44:36 [TestNG-test-Yt Master Tests-2] INFO  verifyingSideMenuCollapsedLangAsInSettingsLingua_16-43-50 - [verifyingSideMenuCollapsedLangAsInSettingsLingua_16-43-50] Element found and ready (attempt 1): By.xpath: //yt-multi-page-menu-section-renderer[@class='style-scope ytd-multi-page-menu-renderer']//yt-formatted-string[@id='label' and text()='Dansk']
16:44:36 [TestNG-test-Yt Master Tests-2] INFO  verifyingSideMenuCollapsedLangAsInSettingsLingua_16-43-50 - [verifyingSideMenuCollapsedLangAsInSettingsLingua_16-43-50] Trying to find element: By.xpath: //yt-multi-page-menu-section-renderer[@class='style-scope ytd-multi-page-menu-renderer']//yt-formatted-string[@id='label' and text()='Dansk']
16:44:36 [TestNG-test-Yt Master Tests-2] INFO  verifyingSideMenuCollapsedLangAsInSettingsLingua_16-43-50 - [verifyingSideMenuCollapsedLangAsInSettingsLingua_16-43-50] Element found and ready (attempt 1): By.xpath: //yt-multi-page-menu-section-renderer[@class='style-scope ytd-multi-page-menu-renderer']//yt-formatted-string[@id='label' and text()='Dansk']
16:44:37 [TestNG-test-Yt Master Tests-2] INFO  verifyingSideMenuCollapsedLangAsInSettingsLingua_16-43-50 - Clicking settings ellipses button...
16:44:37 [TestNG-test-Yt Master Tests-2] INFO  verifyingSideMenuCollapsedLangAsInSettingsLingua_16-43-50 - [verifyingSideMenuCollapsedLangAsInSettingsLingua_16-43-50] Trying to find element: By.xpath: //ytd-topbar-menu-button-renderer[@class='style-scope ytd-masthead style-default']
16:44:38 [TestNG-test-Yt Master Tests-2] INFO  verifyingSideMenuCollapsedLangAsInSettingsLingua_16-43-50 - [verifyingSideMenuCollapsedLangAsInSettingsLingua_16-43-50] Element found and ready (attempt 1): By.xpath: //ytd-topbar-menu-button-renderer[@class='style-scope ytd-masthead style-default']
16:44:38 [TestNG-test-Yt Master Tests-2] INFO  verifyingSideMenuCollapsedLangAsInSettingsLingua_16-43-50 - [verifyingSideMenuCollapsedLangAsInSettingsLingua_16-43-50] Waiting until element is visible in viewport
16:44:38 [TestNG-test-Yt Master Tests-2] INFO  verifyingSideMenuCollapsedLangAsInSettingsLingua_16-43-50 - Clicking settings ellipses button...
16:44:38 [TestNG-test-Yt Master Tests-2] INFO  verifyingSideMenuCollapsedLangAsInSettingsLingua_16-43-50 - [verifyingSideMenuCollapsedLangAsInSettingsLingua_16-43-50] Trying to find element: By.xpath: //ytd-topbar-menu-button-renderer[@class='style-scope ytd-masthead style-default']
16:44:38 [TestNG-test-Yt Master Tests-2] INFO  verifyingSideMenuCollapsedLangAsInSettingsLingua_16-43-50 - [verifyingSideMenuCollapsedLangAsInSettingsLingua_16-43-50] Element found and ready (attempt 1): By.xpath: //ytd-topbar-menu-button-renderer[@class='style-scope ytd-masthead style-default']
16:44:38 [TestNG-test-Yt Master Tests-2] INFO  verifyingSideMenuCollapsedLangAsInSettingsLingua_16-43-50 - getLangAttribute() - locating <html> and reading lang property
16:44:38 [TestNG-test-Yt Master Tests-2] INFO  verifyingSideMenuCollapsedLangAsInSettingsLingua_16-43-50 - Language attribute read: da-DK
16:44:38 [TestNG-test-Yt Master Tests-2] INFO  verifyingSideMenuCollapsedLangAsInSettingsLingua_16-43-50 - Fetching the side menu in collapsed view
16:44:38 [TestNG-test-Yt Master Tests-2] INFO  verifyingSideMenuCollapsedLangAsInSettingsLingua_16-43-50 - [verifyingSideMenuCollapsedLangAsInSettingsLingua_16-43-50] Finding elements list: By.xpath: //ytd-mini-guide-renderer[@class='style-scope ytd-app']//ytd-mini-guide-entry-renderer
16:44:39 [TestNG-test-Yt Master Tests-2] INFO  verifyingSideMenuCollapsedLangAsInSettingsLingua_16-43-50 - [verifyingSideMenuCollapsedLangAsInSettingsLingua_16-43-50] Found 4 ready elements (attempt 1): By.xpath: //ytd-mini-guide-renderer[@class='style-scope ytd-app']//ytd-mini-guide-entry-renderer
16:44:39 [TestNG-test-Yt Master Tests-2] INFO  verifyingSideMenuCollapsedLangAsInSettingsLingua_16-43-50 - 
========== LANGUAGE DETECTION ==========
Detected Language : DANISH
Input Text        : Start Shorts Abonnementer Dig
========================================
16:44:39 [TestNG-test-Yt Master Tests-2] INFO  verifyingSideMenuCollapsedLangAsInSettingsLingua_16-43-50 - text sent to lingua is       Start Shorts Abonnementer Dig
16:44:39 [TestNG-test-Yt Master Tests-2] INFO  verifyingSideMenuCollapsedLangAsInSettingsLingua_16-43-50 - getLangAttribute() - locating <html> and reading lang property
16:44:39 [TestNG-test-Yt Master Tests-2] INFO  verifyingSideMenuCollapsedLangAsInSettingsLingua_16-43-50 - Language attribute read: da-DK
16:44:39 [TestNG-test-Yt Master Tests-2] INFO  verifyingSideMenuCollapsedLangAsInSettingsLingua_16-43-50 - Clicking settings ellipses button...
16:44:39 [TestNG-test-Yt Master Tests-2] INFO  verifyingSideMenuCollapsedLangAsInSettingsLingua_16-43-50 - [verifyingSideMenuCollapsedLangAsInSettingsLingua_16-43-50] Trying to find element: By.xpath: //ytd-topbar-menu-button-renderer[@class='style-scope ytd-masthead style-default']
16:44:39 [TestNG-test-Yt Master Tests-2] INFO  verifyingSideMenuCollapsedLangAsInSettingsLingua_16-43-50 - [verifyingSideMenuCollapsedLangAsInSettingsLingua_16-43-50] Element found and ready (attempt 1): By.xpath: //ytd-topbar-menu-button-renderer[@class='style-scope ytd-masthead style-default']
16:44:39 [TestNG-test-Yt Master Tests-2] INFO  verifyingSideMenuCollapsedLangAsInSettingsLingua_16-43-50 - Clicking language dropdown...
16:44:39 [TestNG-test-Yt Master Tests-2] INFO  verifyingSideMenuCollapsedLangAsInSettingsLingua_16-43-50 - [verifyingSideMenuCollapsedLangAsInSettingsLingua_16-43-50] Trying to find element: By.xpath: (//div[@id='content-icon'])[2]
16:44:40 [TestNG-test-Yt Master Tests-2] INFO  verifyingSideMenuCollapsedLangAsInSettingsLingua_16-43-50 - [verifyingSideMenuCollapsedLangAsInSettingsLingua_16-43-50] Element found and ready (attempt 1): By.xpath: (//div[@id='content-icon'])[2]
16:44:40 [TestNG-test-Yt Master Tests-2] INFO  verifyingSideMenuCollapsedLangAsInSettingsLingua_16-43-50 - Looking for language element with name: Deutsch
16:44:40 [TestNG-test-Yt Master Tests-2] INFO  verifyingSideMenuCollapsedLangAsInSettingsLingua_16-43-50 - [verifyingSideMenuCollapsedLangAsInSettingsLingua_16-43-50] Trying to find element: By.xpath: //yt-multi-page-menu-section-renderer[@class='style-scope ytd-multi-page-menu-renderer']//yt-formatted-string[@id='label' and text()='Deutsch']
16:44:40 [TestNG-test-Yt Master Tests-2] INFO  verifyingSideMenuCollapsedLangAsInSettingsLingua_16-43-50 - [verifyingSideMenuCollapsedLangAsInSettingsLingua_16-43-50] Element found and ready (attempt 1): By.xpath: //yt-multi-page-menu-section-renderer[@class='style-scope ytd-multi-page-menu-renderer']//yt-formatted-string[@id='label' and text()='Deutsch']
16:44:40 [TestNG-test-Yt Master Tests-2] INFO  verifyingSideMenuCollapsedLangAsInSettingsLingua_16-43-50 - [verifyingSideMenuCollapsedLangAsInSettingsLingua_16-43-50] Trying to find element: By.xpath: //yt-multi-page-menu-section-renderer[@class='style-scope ytd-multi-page-menu-renderer']//yt-formatted-string[@id='label' and text()='Deutsch']
16:44:40 [TestNG-test-Yt Master Tests-2] INFO  verifyingSideMenuCollapsedLangAsInSettingsLingua_16-43-50 - [verifyingSideMenuCollapsedLangAsInSettingsLingua_16-43-50] Element found and ready (attempt 1): By.xpath: //yt-multi-page-menu-section-renderer[@class='style-scope ytd-multi-page-menu-renderer']//yt-formatted-string[@id='label' and text()='Deutsch']
16:44:41 [TestNG-test-Yt Master Tests-2] INFO  verifyingSideMenuCollapsedLangAsInSettingsLingua_16-43-50 - Clicking settings ellipses button...
16:44:42 [TestNG-test-Yt Master Tests-2] INFO  verifyingSideMenuCollapsedLangAsInSettingsLingua_16-43-50 - [verifyingSideMenuCollapsedLangAsInSettingsLingua_16-43-50] Trying to find element: By.xpath: //ytd-topbar-menu-button-renderer[@class='style-scope ytd-masthead style-default']
16:44:42 [TestNG-test-Yt Master Tests-2] INFO  verifyingSideMenuCollapsedLangAsInSettingsLingua_16-43-50 - [verifyingSideMenuCollapsedLangAsInSettingsLingua_16-43-50] Element found and ready (attempt 1): By.xpath: //ytd-topbar-menu-button-renderer[@class='style-scope ytd-masthead style-default']
16:44:42 [TestNG-test-Yt Master Tests-2] INFO  verifyingSideMenuCollapsedLangAsInSettingsLingua_16-43-50 - [verifyingSideMenuCollapsedLangAsInSettingsLingua_16-43-50] Waiting until element is visible in viewport
16:44:43 [TestNG-test-Yt Master Tests-2] INFO  verifyingSideMenuCollapsedLangAsInSettingsLingua_16-43-50 - Clicking settings ellipses button...
16:44:43 [TestNG-test-Yt Master Tests-2] INFO  verifyingSideMenuCollapsedLangAsInSettingsLingua_16-43-50 - [verifyingSideMenuCollapsedLangAsInSettingsLingua_16-43-50] Trying to find element: By.xpath: //ytd-topbar-menu-button-renderer[@class='style-scope ytd-masthead style-default']
16:44:43 [TestNG-test-Yt Master Tests-2] INFO  verifyingSideMenuCollapsedLangAsInSettingsLingua_16-43-50 - [verifyingSideMenuCollapsedLangAsInSettingsLingua_16-43-50] Element found and ready (attempt 1): By.xpath: //ytd-topbar-menu-button-renderer[@class='style-scope ytd-masthead style-default']
16:44:43 [TestNG-test-Yt Master Tests-2] INFO  verifyingSideMenuCollapsedLangAsInSettingsLingua_16-43-50 - getLangAttribute() - locating <html> and reading lang property
16:44:43 [TestNG-test-Yt Master Tests-2] INFO  verifyingSideMenuCollapsedLangAsInSettingsLingua_16-43-50 - Language attribute read: de-DE
16:44:43 [TestNG-test-Yt Master Tests-2] INFO  verifyingSideMenuCollapsedLangAsInSettingsLingua_16-43-50 - Fetching the side menu in collapsed view
16:44:43 [TestNG-test-Yt Master Tests-2] INFO  verifyingSideMenuCollapsedLangAsInSettingsLingua_16-43-50 - [verifyingSideMenuCollapsedLangAsInSettingsLingua_16-43-50] Finding elements list: By.xpath: //ytd-mini-guide-renderer[@class='style-scope ytd-app']//ytd-mini-guide-entry-renderer
16:44:43 [TestNG-test-Yt Master Tests-2] INFO  verifyingSideMenuCollapsedLangAsInSettingsLingua_16-43-50 - [verifyingSideMenuCollapsedLangAsInSettingsLingua_16-43-50] Found 4 ready elements (attempt 1): By.xpath: //ytd-mini-guide-renderer[@class='style-scope ytd-app']//ytd-mini-guide-entry-renderer
16:44:43 [TestNG-test-Yt Master Tests-2] INFO  verifyingSideMenuCollapsedLangAsInSettingsLingua_16-43-50 - 
========== LANGUAGE DETECTION ==========
Detected Language : GERMAN
Input Text        : Startseite Shorts Abos Mein YouTube
========================================
16:44:43 [TestNG-test-Yt Master Tests-2] INFO  verifyingSideMenuCollapsedLangAsInSettingsLingua_16-43-50 - text sent to lingua is       Startseite Shorts Abos Mein YouTube
16:44:43 [TestNG-test-Yt Master Tests-2] INFO  verifyingSideMenuCollapsedLangAsInSettingsLingua_16-43-50 - getLangAttribute() - locating <html> and reading lang property
16:44:43 [TestNG-test-Yt Master Tests-2] INFO  verifyingSideMenuCollapsedLangAsInSettingsLingua_16-43-50 - Language attribute read: de-DE
16:44:43 [TestNG-test-Yt Master Tests-2] INFO  verifyingSideMenuCollapsedLangAsInSettingsLingua_16-43-50 - Clicking settings ellipses button...
16:44:43 [TestNG-test-Yt Master Tests-2] INFO  verifyingSideMenuCollapsedLangAsInSettingsLingua_16-43-50 - [verifyingSideMenuCollapsedLangAsInSettingsLingua_16-43-50] Trying to find element: By.xpath: //ytd-topbar-menu-button-renderer[@class='style-scope ytd-masthead style-default']
16:44:43 [TestNG-test-Yt Master Tests-2] INFO  verifyingSideMenuCollapsedLangAsInSettingsLingua_16-43-50 - [verifyingSideMenuCollapsedLangAsInSettingsLingua_16-43-50] Element found and ready (attempt 1): By.xpath: //ytd-topbar-menu-button-renderer[@class='style-scope ytd-masthead style-default']
16:44:43 [TestNG-test-Yt Master Tests-2] INFO  verifyingSideMenuCollapsedLangAsInSettingsLingua_16-43-50 - Clicking language dropdown...
16:44:43 [TestNG-test-Yt Master Tests-2] INFO  verifyingSideMenuCollapsedLangAsInSettingsLingua_16-43-50 - [verifyingSideMenuCollapsedLangAsInSettingsLingua_16-43-50] Trying to find element: By.xpath: (//div[@id='content-icon'])[2]
16:44:44 [TestNG-test-Yt Master Tests-2] INFO  verifyingSideMenuCollapsedLangAsInSettingsLingua_16-43-50 - [verifyingSideMenuCollapsedLangAsInSettingsLingua_16-43-50] Element found and ready (attempt 1): By.xpath: (//div[@id='content-icon'])[2]
16:44:44 [TestNG-test-Yt Master Tests-2] INFO  verifyingSideMenuCollapsedLangAsInSettingsLingua_16-43-50 - Looking for language element with name: Eesti
16:44:44 [TestNG-test-Yt Master Tests-2] INFO  verifyingSideMenuCollapsedLangAsInSettingsLingua_16-43-50 - [verifyingSideMenuCollapsedLangAsInSettingsLingua_16-43-50] Trying to find element: By.xpath: //yt-multi-page-menu-section-renderer[@class='style-scope ytd-multi-page-menu-renderer']//yt-formatted-string[@id='label' and text()='Eesti']
16:44:44 [TestNG-test-Yt Master Tests-2] INFO  verifyingSideMenuCollapsedLangAsInSettingsLingua_16-43-50 - [verifyingSideMenuCollapsedLangAsInSettingsLingua_16-43-50] Element found and ready (attempt 1): By.xpath: //yt-multi-page-menu-section-renderer[@class='style-scope ytd-multi-page-menu-renderer']//yt-formatted-string[@id='label' and text()='Eesti']
16:44:44 [TestNG-test-Yt Master Tests-2] INFO  verifyingSideMenuCollapsedLangAsInSettingsLingua_16-43-50 - [verifyingSideMenuCollapsedLangAsInSettingsLingua_16-43-50] Trying to find element: By.xpath: //yt-multi-page-menu-section-renderer[@class='style-scope ytd-multi-page-menu-renderer']//yt-formatted-string[@id='label' and text()='Eesti']
16:44:44 [TestNG-test-Yt Master Tests-2] INFO  verifyingSideMenuCollapsedLangAsInSettingsLingua_16-43-50 - [verifyingSideMenuCollapsedLangAsInSettingsLingua_16-43-50] Element found and ready (attempt 1): By.xpath: //yt-multi-page-menu-section-renderer[@class='style-scope ytd-multi-page-menu-renderer']//yt-formatted-string[@id='label' and text()='Eesti']
16:44:46 [TestNG-test-Yt Master Tests-2] INFO  verifyingSideMenuCollapsedLangAsInSettingsLingua_16-43-50 - Clicking settings ellipses button...
16:44:46 [TestNG-test-Yt Master Tests-2] INFO  verifyingSideMenuCollapsedLangAsInSettingsLingua_16-43-50 - [verifyingSideMenuCollapsedLangAsInSettingsLingua_16-43-50] Trying to find element: By.xpath: //ytd-topbar-menu-button-renderer[@class='style-scope ytd-masthead style-default']
16:44:47 [TestNG-test-Yt Master Tests-2] INFO  verifyingSideMenuCollapsedLangAsInSettingsLingua_16-43-50 - [verifyingSideMenuCollapsedLangAsInSettingsLingua_16-43-50] Element found and ready (attempt 1): By.xpath: //ytd-topbar-menu-button-renderer[@class='style-scope ytd-masthead style-default']
16:44:47 [TestNG-test-Yt Master Tests-2] INFO  verifyingSideMenuCollapsedLangAsInSettingsLingua_16-43-50 - [verifyingSideMenuCollapsedLangAsInSettingsLingua_16-43-50] Waiting until element is visible in viewport
16:44:47 [TestNG-test-Yt Master Tests-2] INFO  verifyingSideMenuCollapsedLangAsInSettingsLingua_16-43-50 - Clicking settings ellipses button...
16:44:47 [TestNG-test-Yt Master Tests-2] INFO  verifyingSideMenuCollapsedLangAsInSettingsLingua_16-43-50 - [verifyingSideMenuCollapsedLangAsInSettingsLingua_16-43-50] Trying to find element: By.xpath: //ytd-topbar-menu-button-renderer[@class='style-scope ytd-masthead style-default']
16:44:47 [TestNG-test-Yt Master Tests-2] INFO  verifyingSideMenuCollapsedLangAsInSettingsLingua_16-43-50 - [verifyingSideMenuCollapsedLangAsInSettingsLingua_16-43-50] Element found and ready (attempt 1): By.xpath: //ytd-topbar-menu-button-renderer[@class='style-scope ytd-masthead style-default']
16:44:47 [TestNG-test-Yt Master Tests-2] INFO  verifyingSideMenuCollapsedLangAsInSettingsLingua_16-43-50 - getLangAttribute() - locating <html> and reading lang property
16:44:47 [TestNG-test-Yt Master Tests-2] INFO  verifyingSideMenuCollapsedLangAsInSettingsLingua_16-43-50 - Language attribute read: et-EE
16:44:47 [TestNG-test-Yt Master Tests-2] INFO  verifyingSideMenuCollapsedLangAsInSettingsLingua_16-43-50 - Fetching the side menu in collapsed view
16:44:47 [TestNG-test-Yt Master Tests-2] INFO  verifyingSideMenuCollapsedLangAsInSettingsLingua_16-43-50 - [verifyingSideMenuCollapsedLangAsInSettingsLingua_16-43-50] Finding elements list: By.xpath: //ytd-mini-guide-renderer[@class='style-scope ytd-app']//ytd-mini-guide-entry-renderer
16:44:47 [TestNG-test-Yt Master Tests-2] INFO  verifyingSideMenuCollapsedLangAsInSettingsLingua_16-43-50 - [verifyingSideMenuCollapsedLangAsInSettingsLingua_16-43-50] Found 4 ready elements (attempt 1): By.xpath: //ytd-mini-guide-renderer[@class='style-scope ytd-app']//ytd-mini-guide-entry-renderer
16:44:48 [TestNG-test-Yt Master Tests-2] INFO  verifyingSideMenuCollapsedLangAsInSettingsLingua_16-43-50 - 
========== LANGUAGE DETECTION ==========
Detected Language : ESTONIAN
Input Text        : Avaleht Shorts Tellimused Teie
========================================
16:44:48 [TestNG-test-Yt Master Tests-2] INFO  verifyingSideMenuCollapsedLangAsInSettingsLingua_16-43-50 - text sent to lingua is       Avaleht Shorts Tellimused Teie
16:44:48 [TestNG-test-Yt Master Tests-2] INFO  verifyingSideMenuCollapsedLangAsInSettingsLingua_16-43-50 - getLangAttribute() - locating <html> and reading lang property
16:44:48 [TestNG-test-Yt Master Tests-2] INFO  verifyingSideMenuCollapsedLangAsInSettingsLingua_16-43-50 - Language attribute read: et-EE
16:44:48 [TestNG-test-Yt Master Tests-2] INFO  verifyingSideMenuCollapsedLangAsInSettingsLingua_16-43-50 - Clicking settings ellipses button...
16:44:48 [TestNG-test-Yt Master Tests-2] INFO  verifyingSideMenuCollapsedLangAsInSettingsLingua_16-43-50 - [verifyingSideMenuCollapsedLangAsInSettingsLingua_16-43-50] Trying to find element: By.xpath: //ytd-topbar-menu-button-renderer[@class='style-scope ytd-masthead style-default']
16:44:48 [TestNG-test-Yt Master Tests-2] INFO  verifyingSideMenuCollapsedLangAsInSettingsLingua_16-43-50 - [verifyingSideMenuCollapsedLangAsInSettingsLingua_16-43-50] Element found and ready (attempt 1): By.xpath: //ytd-topbar-menu-button-renderer[@class='style-scope ytd-masthead style-default']
16:44:48 [TestNG-test-Yt Master Tests-2] INFO  verifyingSideMenuCollapsedLangAsInSettingsLingua_16-43-50 - Clicking language dropdown...
16:44:48 [TestNG-test-Yt Master Tests-2] INFO  verifyingSideMenuCollapsedLangAsInSettingsLingua_16-43-50 - [verifyingSideMenuCollapsedLangAsInSettingsLingua_16-43-50] Trying to find element: By.xpath: (//div[@id='content-icon'])[2]
16:44:48 [TestNG-test-Yt Master Tests-2] INFO  verifyingSideMenuCollapsedLangAsInSettingsLingua_16-43-50 - [verifyingSideMenuCollapsedLangAsInSettingsLingua_16-43-50] Element found and ready (attempt 1): By.xpath: (//div[@id='content-icon'])[2]
16:44:49 [TestNG-test-Yt Master Tests-2] INFO  verifyingSideMenuCollapsedLangAsInSettingsLingua_16-43-50 - Looking for language element with name: English (India)
16:44:49 [TestNG-test-Yt Master Tests-2] INFO  verifyingSideMenuCollapsedLangAsInSettingsLingua_16-43-50 - [verifyingSideMenuCollapsedLangAsInSettingsLingua_16-43-50] Trying to find element: By.xpath: //yt-multi-page-menu-section-renderer[@class='style-scope ytd-multi-page-menu-renderer']//yt-formatted-string[@id='label' and text()='English (India)']
16:44:49 [TestNG-test-Yt Master Tests-2] INFO  verifyingSideMenuCollapsedLangAsInSettingsLingua_16-43-50 - [verifyingSideMenuCollapsedLangAsInSettingsLingua_16-43-50] Element found and ready (attempt 1): By.xpath: //yt-multi-page-menu-section-renderer[@class='style-scope ytd-multi-page-menu-renderer']//yt-formatted-string[@id='label' and text()='English (India)']
16:44:49 [TestNG-test-Yt Master Tests-2] INFO  verifyingSideMenuCollapsedLangAsInSettingsLingua_16-43-50 - [verifyingSideMenuCollapsedLangAsInSettingsLingua_16-43-50] Trying to find element: By.xpath: //yt-multi-page-menu-section-renderer[@class='style-scope ytd-multi-page-menu-renderer']//yt-formatted-string[@id='label' and text()='English (India)']
16:44:49 [TestNG-test-Yt Master Tests-2] INFO  verifyingSideMenuCollapsedLangAsInSettingsLingua_16-43-50 - [verifyingSideMenuCollapsedLangAsInSettingsLingua_16-43-50] Element found and ready (attempt 1): By.xpath: //yt-multi-page-menu-section-renderer[@class='style-scope ytd-multi-page-menu-renderer']//yt-formatted-string[@id='label' and text()='English (India)']
16:44:51 [TestNG-test-Yt Master Tests-2] INFO  verifyingSideMenuCollapsedLangAsInSettingsLingua_16-43-50 - Clicking settings ellipses button...
16:44:51 [TestNG-test-Yt Master Tests-2] INFO  verifyingSideMenuCollapsedLangAsInSettingsLingua_16-43-50 - [verifyingSideMenuCollapsedLangAsInSettingsLingua_16-43-50] Trying to find element: By.xpath: //ytd-topbar-menu-button-renderer[@class='style-scope ytd-masthead style-default']
16:44:51 [TestNG-test-Yt Master Tests-2] INFO  verifyingSideMenuCollapsedLangAsInSettingsLingua_16-43-50 - [verifyingSideMenuCollapsedLangAsInSettingsLingua_16-43-50] Element found and ready (attempt 1): By.xpath: //ytd-topbar-menu-button-renderer[@class='style-scope ytd-masthead style-default']
16:44:51 [TestNG-test-Yt Master Tests-2] INFO  verifyingSideMenuCollapsedLangAsInSettingsLingua_16-43-50 - [verifyingSideMenuCollapsedLangAsInSettingsLingua_16-43-50] Waiting until element is visible in viewport
16:44:52 [TestNG-test-Yt Master Tests-2] INFO  verifyingSideMenuCollapsedLangAsInSettingsLingua_16-43-50 - Clicking settings ellipses button...
16:44:52 [TestNG-test-Yt Master Tests-2] INFO  verifyingSideMenuCollapsedLangAsInSettingsLingua_16-43-50 - [verifyingSideMenuCollapsedLangAsInSettingsLingua_16-43-50] Trying to find element: By.xpath: //ytd-topbar-menu-button-renderer[@class='style-scope ytd-masthead style-default']
16:44:52 [TestNG-test-Yt Master Tests-2] INFO  verifyingSideMenuCollapsedLangAsInSettingsLingua_16-43-50 - [verifyingSideMenuCollapsedLangAsInSettingsLingua_16-43-50] Element found and ready (attempt 1): By.xpath: //ytd-topbar-menu-button-renderer[@class='style-scope ytd-masthead style-default']
16:44:52 [TestNG-test-Yt Master Tests-2] INFO  verifyingSideMenuCollapsedLangAsInSettingsLingua_16-43-50 - getLangAttribute() - locating <html> and reading lang property
16:44:52 [TestNG-test-Yt Master Tests-2] INFO  verifyingSideMenuCollapsedLangAsInSettingsLingua_16-43-50 - Language attribute read: en-IN
16:44:52 [TestNG-test-Yt Master Tests-2] INFO  verifyingSideMenuCollapsedLangAsInSettingsLingua_16-43-50 - Fetching the side menu in collapsed view
16:44:52 [TestNG-test-Yt Master Tests-2] INFO  verifyingSideMenuCollapsedLangAsInSettingsLingua_16-43-50 - [verifyingSideMenuCollapsedLangAsInSettingsLingua_16-43-50] Finding elements list: By.xpath: //ytd-mini-guide-renderer[@class='style-scope ytd-app']//ytd-mini-guide-entry-renderer
16:44:52 [TestNG-test-Yt Master Tests-2] INFO  verifyingSideMenuCollapsedLangAsInSettingsLingua_16-43-50 - [verifyingSideMenuCollapsedLangAsInSettingsLingua_16-43-50] Found 4 ready elements (attempt 1): By.xpath: //ytd-mini-guide-renderer[@class='style-scope ytd-app']//ytd-mini-guide-entry-renderer
16:44:52 [TestNG-test-Yt Master Tests-2] INFO  verifyingSideMenuCollapsedLangAsInSettingsLingua_16-43-50 - 
========== LANGUAGE DETECTION ==========
Detected Language : ENGLISH
Input Text        : Home Shorts Subscriptions You
========================================
16:44:52 [TestNG-test-Yt Master Tests-2] INFO  verifyingSideMenuCollapsedLangAsInSettingsLingua_16-43-50 - text sent to lingua is       Home Shorts Subscriptions You
16:44:52 [TestNG-test-Yt Master Tests-2] INFO  verifyingSideMenuCollapsedLangAsInSettingsLingua_16-43-50 - getLangAttribute() - locating <html> and reading lang property
16:44:52 [TestNG-test-Yt Master Tests-2] INFO  verifyingSideMenuCollapsedLangAsInSettingsLingua_16-43-50 - Language attribute read: en-IN
16:44:52 [TestNG-test-Yt Master Tests-2] INFO  verifyingSideMenuCollapsedLangAsInSettingsLingua_16-43-50 - Clicking settings ellipses button...
16:44:52 [TestNG-test-Yt Master Tests-2] INFO  verifyingSideMenuCollapsedLangAsInSettingsLingua_16-43-50 - [verifyingSideMenuCollapsedLangAsInSettingsLingua_16-43-50] Trying to find element: By.xpath: //ytd-topbar-menu-button-renderer[@class='style-scope ytd-masthead style-default']
16:44:52 [TestNG-test-Yt Master Tests-2] INFO  verifyingSideMenuCollapsedLangAsInSettingsLingua_16-43-50 - [verifyingSideMenuCollapsedLangAsInSettingsLingua_16-43-50] Element found and ready (attempt 1): By.xpath: //ytd-topbar-menu-button-renderer[@class='style-scope ytd-masthead style-default']
16:44:52 [TestNG-test-Yt Master Tests-2] INFO  verifyingSideMenuCollapsedLangAsInSettingsLingua_16-43-50 - Clicking language dropdown...
16:44:52 [TestNG-test-Yt Master Tests-2] INFO  verifyingSideMenuCollapsedLangAsInSettingsLingua_16-43-50 - [verifyingSideMenuCollapsedLangAsInSettingsLingua_16-43-50] Trying to find element: By.xpath: (//div[@id='content-icon'])[2]
16:44:53 [TestNG-test-Yt Master Tests-2] INFO  verifyingSideMenuCollapsedLangAsInSettingsLingua_16-43-50 - [verifyingSideMenuCollapsedLangAsInSettingsLingua_16-43-50] Element found and ready (attempt 1): By.xpath: (//div[@id='content-icon'])[2]
16:44:54 [TestNG-test-Yt Master Tests-2] INFO  verifyingSideMenuCollapsedLangAsInSettingsLingua_16-43-50 - [verifyingSideMenuCollapsedLangAsInSettingsLingua_16-43-50] Not retrying test 'verifyingSideMenuCollapsedLangAsInSettingsLingua'. Retry count: 0, Cause: The following asserts failed:
	Language detection mismatch for language=Azərbaycan expected [AZERBAIJANI] but found [TURKISH],
	Language detection mismatch for language=Bahasa Indonesia expected [INDONESIAN] but found [ENGLISH],
	Language detection mismatch for language=Bosanski expected [CROATIAN] but found [BOSNIAN]
