19:04:34 [TestNG-test-Yt Master Tests-2] INFO  verifyingSideMenuCollapsedLangAsInSettingsLingua_19-04-34 - No existing WebDriver found for current thread. Initializing a new ChromeDriver...
19:04:34 [TestNG-test-Yt Master Tests-2] INFO  verifyingSideMenuCollapsedLangAsInSettingsLingua_19-04-34 - WebDriverManager: chromedriver setup OK
19:04:35 [TestNG-test-Yt Master Tests-2] INFO  verifyingSideMenuCollapsedLangAsInSettingsLingua_19-04-34 - ChromeDriver initialized successfully for thread: 35
19:04:35 [TestNG-test-Yt Master Tests-2] INFO  verifyingSideMenuCollapsedLangAsInSettingsLingua_19-04-34 - SafeActions initialized with driver ChromeDriver: chrome on windows (33933a3bba1c12ea9e0fd3aaf7ef4fa5)
19:04:35 [TestNG-test-Yt Master Tests-2] INFO  verifyingSideMenuCollapsedLangAsInSettingsLingua_19-04-34 - Initialized YtLandingPage with driver: ChromeDriver: chrome on windows (33933a3bba1c12ea9e0fd3aaf7ef4fa5)
19:04:35 [TestNG-test-Yt Master Tests-2] INFO  verifyingSideMenuCollapsedLangAsInSettingsLingua_19-04-34 - SafeActions initialized with driver ChromeDriver: chrome on windows (33933a3bba1c12ea9e0fd3aaf7ef4fa5)
19:04:38 [TestNG-test-Yt Master Tests-2] INFO  verifyingSideMenuCollapsedLangAsInSettingsLingua_19-04-34 - Opened YouTube landing page.
19:04:38 [TestNG-test-Yt Master Tests-2] INFO  verifyingSideMenuCollapsedLangAsInSettingsLingua_19-04-34 - Clicking left ellipses in the landing page
19:04:38 [TestNG-test-Yt Master Tests-2] INFO  verifyingSideMenuCollapsedLangAsInSettingsLingua_19-04-34 - [verifyingSideMenuCollapsedLangAsInSettingsLingua_19-04-34] Trying to find element: By.xpath: //ytd-topbar-logo-renderer[@id='logo']/preceding-sibling::*[@id='guide-button']
19:04:38 [TestNG-test-Yt Master Tests-2] INFO  verifyingSideMenuCollapsedLangAsInSettingsLingua_19-04-34 - [verifyingSideMenuCollapsedLangAsInSettingsLingua_19-04-34] Element found and ready (attempt 1): By.xpath: //ytd-topbar-logo-renderer[@id='logo']/preceding-sibling::*[@id='guide-button']
19:04:39 [TestNG-test-Yt Master Tests-2] INFO  verifyingSideMenuCollapsedLangAsInSettingsLingua_19-04-34 - Clicking settings ellipses button...
19:04:39 [TestNG-test-Yt Master Tests-2] INFO  verifyingSideMenuCollapsedLangAsInSettingsLingua_19-04-34 - [verifyingSideMenuCollapsedLangAsInSettingsLingua_19-04-34] Trying to find element: By.xpath: //ytd-topbar-menu-button-renderer[@class='style-scope ytd-masthead style-default']
19:04:39 [TestNG-test-Yt Master Tests-2] INFO  verifyingSideMenuCollapsedLangAsInSettingsLingua_19-04-34 - [verifyingSideMenuCollapsedLangAsInSettingsLingua_19-04-34] Element found and ready (attempt 1): By.xpath: //ytd-topbar-menu-button-renderer[@class='style-scope ytd-masthead style-default']
19:04:39 [TestNG-test-Yt Master Tests-2] INFO  verifyingSideMenuCollapsedLangAsInSettingsLingua_19-04-34 - Clicking language dropdown...
19:04:39 [TestNG-test-Yt Master Tests-2] INFO  verifyingSideMenuCollapsedLangAsInSettingsLingua_19-04-34 - [verifyingSideMenuCollapsedLangAsInSettingsLingua_19-04-34] Trying to find element: By.xpath: (//div[@id='content-icon'])[2]
19:04:40 [TestNG-test-Yt Master Tests-2] INFO  verifyingSideMenuCollapsedLangAsInSettingsLingua_19-04-34 - [verifyingSideMenuCollapsedLangAsInSettingsLingua_19-04-34] Element found and ready (attempt 1): By.xpath: (//div[@id='content-icon'])[2]
19:04:40 [TestNG-test-Yt Master Tests-2] INFO  verifyingSideMenuCollapsedLangAsInSettingsLingua_19-04-34 - [verifyingSideMenuCollapsedLangAsInSettingsLingua_19-04-34] Execution is scheduled type /CRON Job on CI Hence refering to CI keys from UtilData
19:04:40 [TestNG-test-Yt Master Tests-2] INFO  verifyingSideMenuCollapsedLangAsInSettingsLingua_19-04-34 - Looking for language element with name: Afrikaans
19:04:40 [TestNG-test-Yt Master Tests-2] INFO  verifyingSideMenuCollapsedLangAsInSettingsLingua_19-04-34 - [verifyingSideMenuCollapsedLangAsInSettingsLingua_19-04-34] Trying to find element: By.xpath: //yt-multi-page-menu-section-renderer[@class='style-scope ytd-multi-page-menu-renderer']//yt-formatted-string[@id='label' and text()='Afrikaans']
19:04:40 [TestNG-test-Yt Master Tests-2] INFO  verifyingSideMenuCollapsedLangAsInSettingsLingua_19-04-34 - [verifyingSideMenuCollapsedLangAsInSettingsLingua_19-04-34] Element found and ready (attempt 1): By.xpath: //yt-multi-page-menu-section-renderer[@class='style-scope ytd-multi-page-menu-renderer']//yt-formatted-string[@id='label' and text()='Afrikaans']
19:04:40 [TestNG-test-Yt Master Tests-2] INFO  verifyingSideMenuCollapsedLangAsInSettingsLingua_19-04-34 - [verifyingSideMenuCollapsedLangAsInSettingsLingua_19-04-34] Trying to find element: By.xpath: //yt-multi-page-menu-section-renderer[@class='style-scope ytd-multi-page-menu-renderer']//yt-formatted-string[@id='label' and text()='Afrikaans']
19:04:40 [TestNG-test-Yt Master Tests-2] INFO  verifyingSideMenuCollapsedLangAsInSettingsLingua_19-04-34 - [verifyingSideMenuCollapsedLangAsInSettingsLingua_19-04-34] Element found and ready (attempt 1): By.xpath: //yt-multi-page-menu-section-renderer[@class='style-scope ytd-multi-page-menu-renderer']//yt-formatted-string[@id='label' and text()='Afrikaans']
19:04:40 [TestNG-test-Yt Master Tests-2] INFO  verifyingSideMenuCollapsedLangAsInSettingsLingua_19-04-34 - Clicking settings ellipses button...
19:04:40 [TestNG-test-Yt Master Tests-2] INFO  verifyingSideMenuCollapsedLangAsInSettingsLingua_19-04-34 - [verifyingSideMenuCollapsedLangAsInSettingsLingua_19-04-34] Trying to find element: By.xpath: //ytd-topbar-menu-button-renderer[@class='style-scope ytd-masthead style-default']
19:04:41 [TestNG-test-Yt Master Tests-2] INFO  verifyingSideMenuCollapsedLangAsInSettingsLingua_19-04-34 - [verifyingSideMenuCollapsedLangAsInSettingsLingua_19-04-34] Element found and ready (attempt 1): By.xpath: //ytd-topbar-menu-button-renderer[@class='style-scope ytd-masthead style-default']
19:04:41 [TestNG-test-Yt Master Tests-2] INFO  verifyingSideMenuCollapsedLangAsInSettingsLingua_19-04-34 - [verifyingSideMenuCollapsedLangAsInSettingsLingua_19-04-34] Waiting until element is visible in viewport
19:04:51 [TestNG-test-Yt Master Tests-2] INFO  verifyingSideMenuCollapsedLangAsInSettingsLingua_19-04-34 - Clicking settings ellipses button...
19:04:51 [TestNG-test-Yt Master Tests-2] INFO  verifyingSideMenuCollapsedLangAsInSettingsLingua_19-04-34 - [verifyingSideMenuCollapsedLangAsInSettingsLingua_19-04-34] Trying to find element: By.xpath: //ytd-topbar-menu-button-renderer[@class='style-scope ytd-masthead style-default']
19:04:51 [TestNG-test-Yt Master Tests-2] INFO  verifyingSideMenuCollapsedLangAsInSettingsLingua_19-04-34 - [verifyingSideMenuCollapsedLangAsInSettingsLingua_19-04-34] Element found and ready (attempt 1): By.xpath: //ytd-topbar-menu-button-renderer[@class='style-scope ytd-masthead style-default']
19:04:51 [TestNG-test-Yt Master Tests-2] INFO  verifyingSideMenuCollapsedLangAsInSettingsLingua_19-04-34 - getLangAttribute() - locating <html> and reading lang property
19:04:51 [TestNG-test-Yt Master Tests-2] INFO  verifyingSideMenuCollapsedLangAsInSettingsLingua_19-04-34 - Language attribute read: en
19:04:51 [TestNG-test-Yt Master Tests-2] INFO  verifyingSideMenuCollapsedLangAsInSettingsLingua_19-04-34 - Fetching the side menu in collapsed view
19:04:51 [TestNG-test-Yt Master Tests-2] INFO  verifyingSideMenuCollapsedLangAsInSettingsLingua_19-04-34 - [verifyingSideMenuCollapsedLangAsInSettingsLingua_19-04-34] Finding elements list: By.xpath: //ytd-mini-guide-renderer[@class='style-scope ytd-app']//ytd-mini-guide-entry-renderer
19:04:52 [TestNG-test-Yt Master Tests-2] INFO  verifyingSideMenuCollapsedLangAsInSettingsLingua_19-04-34 - [verifyingSideMenuCollapsedLangAsInSettingsLingua_19-04-34] Found 4 ready elements (attempt 1): By.xpath: //ytd-mini-guide-renderer[@class='style-scope ytd-app']//ytd-mini-guide-entry-renderer
19:04:52 [TestNG-test-Yt Master Tests-2] INFO  verifyingSideMenuCollapsedLangAsInSettingsLingua_19-04-34 - 
========== LANGUAGE DETECTION ==========
Detected Language : ENGLISH
Input Text        : Home Shorts Subscriptions You
========================================
19:04:52 [TestNG-test-Yt Master Tests-2] INFO  verifyingSideMenuCollapsedLangAsInSettingsLingua_19-04-34 - text sent to lingua is       Home Shorts Subscriptions You
19:04:52 [TestNG-test-Yt Master Tests-2] INFO  verifyingSideMenuCollapsedLangAsInSettingsLingua_19-04-34 - getLangAttribute() - locating <html> and reading lang property
19:04:52 [TestNG-test-Yt Master Tests-2] INFO  verifyingSideMenuCollapsedLangAsInSettingsLingua_19-04-34 - Language attribute read: en
19:04:52 [TestNG-test-Yt Master Tests-2] INFO  verifyingSideMenuCollapsedLangAsInSettingsLingua_19-04-34 - Clicking settings ellipses button...
19:04:52 [TestNG-test-Yt Master Tests-2] INFO  verifyingSideMenuCollapsedLangAsInSettingsLingua_19-04-34 - [verifyingSideMenuCollapsedLangAsInSettingsLingua_19-04-34] Trying to find element: By.xpath: //ytd-topbar-menu-button-renderer[@class='style-scope ytd-masthead style-default']
19:04:52 [TestNG-test-Yt Master Tests-2] INFO  verifyingSideMenuCollapsedLangAsInSettingsLingua_19-04-34 - [verifyingSideMenuCollapsedLangAsInSettingsLingua_19-04-34] Element found and ready (attempt 1): By.xpath: //ytd-topbar-menu-button-renderer[@class='style-scope ytd-masthead style-default']
19:04:52 [TestNG-test-Yt Master Tests-2] INFO  verifyingSideMenuCollapsedLangAsInSettingsLingua_19-04-34 - Clicking language dropdown...
19:04:52 [TestNG-test-Yt Master Tests-2] INFO  verifyingSideMenuCollapsedLangAsInSettingsLingua_19-04-34 - [verifyingSideMenuCollapsedLangAsInSettingsLingua_19-04-34] Trying to find element: By.xpath: (//div[@id='content-icon'])[2]
19:05:02 [TestNG-test-Yt Master Tests-2] WARN  verifyingSideMenuCollapsedLangAsInSettingsLingua_19-04-34 - [verifyingSideMenuCollapsedLangAsInSettingsLingua_19-04-34] Timeout finding element (attempt 1): By.xpath: (//div[@id='content-icon'])[2]
19:05:13 [TestNG-test-Yt Master Tests-2] WARN  verifyingSideMenuCollapsedLangAsInSettingsLingua_19-04-34 - [verifyingSideMenuCollapsedLangAsInSettingsLingua_19-04-34] Timeout finding element (attempt 2): By.xpath: (//div[@id='content-icon'])[2]
19:05:13 [TestNG-test-Yt Master Tests-2] WARN  verifyingSideMenuCollapsedLangAsInSettingsLingua_19-04-34 - [verifyingSideMenuCollapsedLangAsInSettingsLingua_19-04-34] Attempt 2 failed — refreshing the page to recover...
19:05:13 [TestNG-test-Yt Master Tests-2] INFO  verifyingSideMenuCollapsedLangAsInSettingsLingua_19-04-34 - [verifyingSideMenuCollapsedLangAsInSettingsLingua_19-04-34] Current URL before refresh: https://www.youtube.com/
19:05:15 [TestNG-test-Yt Master Tests-2] INFO  verifyingSideMenuCollapsedLangAsInSettingsLingua_19-04-34 - [verifyingSideMenuCollapsedLangAsInSettingsLingua_19-04-34] Page refreshed successfully.
19:05:15 [TestNG-test-Yt Master Tests-2] INFO  verifyingSideMenuCollapsedLangAsInSettingsLingua_19-04-34 - [verifyingSideMenuCollapsedLangAsInSettingsLingua_19-04-34] Page fully loaded after refresh.
19:05:25 [TestNG-test-Yt Master Tests-2] WARN  verifyingSideMenuCollapsedLangAsInSettingsLingua_19-04-34 - [verifyingSideMenuCollapsedLangAsInSettingsLingua_19-04-34] Timeout finding element (attempt 3): By.xpath: (//div[@id='content-icon'])[2]
19:05:25 [TestNG-test-Yt Master Tests-2] WARN  verifyingSideMenuCollapsedLangAsInSettingsLingua_19-04-34 - [verifyingSideMenuCollapsedLangAsInSettingsLingua_19-04-34] Attempt 3 failed — refreshing the page to recover...
19:05:25 [TestNG-test-Yt Master Tests-2] INFO  verifyingSideMenuCollapsedLangAsInSettingsLingua_19-04-34 - [verifyingSideMenuCollapsedLangAsInSettingsLingua_19-04-34] Current URL before refresh: https://www.youtube.com/
19:05:25 [TestNG-test-Yt Master Tests-2] INFO  verifyingSideMenuCollapsedLangAsInSettingsLingua_19-04-34 - [verifyingSideMenuCollapsedLangAsInSettingsLingua_19-04-34] Page refreshed successfully.
19:05:27 [TestNG-test-Yt Master Tests-2] INFO  verifyingSideMenuCollapsedLangAsInSettingsLingua_19-04-34 - [verifyingSideMenuCollapsedLangAsInSettingsLingua_19-04-34] Page fully loaded after refresh.
19:05:27 [TestNG-test-Yt Master Tests-2] ERROR verifyingSideMenuCollapsedLangAsInSettingsLingua_19-04-34 - [verifyingSideMenuCollapsedLangAsInSettingsLingua_19-04-34] Element not found after 3 attempts: By.xpath: (//div[@id='content-icon'])[2]
19:05:27 [TestNG-test-Yt Master Tests-2] INFO  verifyingSideMenuCollapsedLangAsInSettingsLingua_19-04-34 - [verifyingSideMenuCollapsedLangAsInSettingsLingua_19-04-34] Not retrying test 'verifyingSideMenuCollapsedLangAsInSettingsLingua'. Retry count: 1, Cause: Cannot invoke "org.openqa.selenium.WebElement.click()" because the return value of "main.java.yt_multi_lang_ui_validator.safeActions.SafeActions.safeFindElement(org.openqa.selenium.By)" is null
