18:47:21 [TestNG-test-Yt Master Tests-2] INFO  verifyingSideMenuCollapsedLangAsInSettings_18-47-21 - No existing WebDriver found for current thread. Initializing a new ChromeDriver...
18:47:21 [TestNG-test-Yt Master Tests-2] INFO  verifyingSideMenuCollapsedLangAsInSettings_18-47-21 - WebDriverManager: chromedriver setup OK
18:47:24 [TestNG-test-Yt Master Tests-2] INFO  verifyingSideMenuCollapsedLangAsInSettings_18-47-21 - ChromeDriver initialized successfully for thread: 35
18:47:24 [TestNG-test-Yt Master Tests-2] INFO  verifyingSideMenuCollapsedLangAsInSettings_18-47-21 - SafeActions initialized with driver ChromeDriver: chrome on windows (1f77047d0806377c39a7babb803eb9b1)
18:47:24 [TestNG-test-Yt Master Tests-2] INFO  verifyingSideMenuCollapsedLangAsInSettings_18-47-21 - Initialized YtLandingPage with driver: ChromeDriver: chrome on windows (1f77047d0806377c39a7babb803eb9b1)
18:47:24 [TestNG-test-Yt Master Tests-2] INFO  verifyingSideMenuCollapsedLangAsInSettings_18-47-21 - SafeActions initialized with driver ChromeDriver: chrome on windows (1f77047d0806377c39a7babb803eb9b1)
18:47:33 [TestNG-test-Yt Master Tests-2] INFO  verifyingSideMenuCollapsedLangAsInSettings_18-47-21 - Opened YouTube landing page.
18:47:33 [TestNG-test-Yt Master Tests-2] INFO  verifyingSideMenuCollapsedLangAsInSettings_18-47-21 - Clicking left ellipses in the landing page
18:47:33 [TestNG-test-Yt Master Tests-2] INFO  verifyingSideMenuCollapsedLangAsInSettings_18-47-21 - [verifyingSideMenuCollapsedLangAsInSettings_18-47-21] Trying to find element: By.xpath: //ytd-topbar-logo-renderer[@id='logo']/preceding-sibling::*[@id='guide-button']
18:47:34 [TestNG-test-Yt Master Tests-2] INFO  verifyingSideMenuCollapsedLangAsInSettings_18-47-21 - [verifyingSideMenuCollapsedLangAsInSettings_18-47-21] Element found and ready (attempt 1): By.xpath: //ytd-topbar-logo-renderer[@id='logo']/preceding-sibling::*[@id='guide-button']
18:47:34 [TestNG-test-Yt Master Tests-2] INFO  verifyingSideMenuCollapsedLangAsInSettings_18-47-21 - Clicking settings ellipses button...
18:47:34 [TestNG-test-Yt Master Tests-2] INFO  verifyingSideMenuCollapsedLangAsInSettings_18-47-21 - [verifyingSideMenuCollapsedLangAsInSettings_18-47-21] Trying to find element: By.xpath: //ytd-topbar-menu-button-renderer[@class='style-scope ytd-masthead style-default']
18:47:35 [TestNG-test-Yt Master Tests-2] INFO  verifyingSideMenuCollapsedLangAsInSettings_18-47-21 - [verifyingSideMenuCollapsedLangAsInSettings_18-47-21] Element found and ready (attempt 1): By.xpath: //ytd-topbar-menu-button-renderer[@class='style-scope ytd-masthead style-default']
18:47:35 [TestNG-test-Yt Master Tests-2] INFO  verifyingSideMenuCollapsedLangAsInSettings_18-47-21 - Clicking language dropdown...
18:47:35 [TestNG-test-Yt Master Tests-2] INFO  verifyingSideMenuCollapsedLangAsInSettings_18-47-21 - [verifyingSideMenuCollapsedLangAsInSettings_18-47-21] Trying to find element: By.xpath: (//div[@id='content-icon'])[2]
18:47:36 [TestNG-test-Yt Master Tests-2] INFO  verifyingSideMenuCollapsedLangAsInSettings_18-47-21 - [verifyingSideMenuCollapsedLangAsInSettings_18-47-21] Element found and ready (attempt 1): By.xpath: (//div[@id='content-icon'])[2]
18:47:37 [TestNG-test-Yt Master Tests-2] INFO  verifyingSideMenuCollapsedLangAsInSettings_18-47-21 - [verifyingSideMenuCollapsedLangAsInSettings_18-47-21] Execution is scheduled type /CRON Job on CI Hence refering to CI keys from UtilData
18:47:37 [TestNG-test-Yt Master Tests-2] INFO  verifyingSideMenuCollapsedLangAsInSettings_18-47-21 - Looking for language element with name: Afrikaans
18:47:37 [TestNG-test-Yt Master Tests-2] INFO  verifyingSideMenuCollapsedLangAsInSettings_18-47-21 - [verifyingSideMenuCollapsedLangAsInSettings_18-47-21] Trying to find element: By.xpath: //yt-multi-page-menu-section-renderer[@class='style-scope ytd-multi-page-menu-renderer']//yt-formatted-string[@id='label' and text()='Afrikaans']
18:47:37 [TestNG-test-Yt Master Tests-2] INFO  verifyingSideMenuCollapsedLangAsInSettings_18-47-21 - [verifyingSideMenuCollapsedLangAsInSettings_18-47-21] Element found and ready (attempt 1): By.xpath: //yt-multi-page-menu-section-renderer[@class='style-scope ytd-multi-page-menu-renderer']//yt-formatted-string[@id='label' and text()='Afrikaans']
18:47:37 [TestNG-test-Yt Master Tests-2] INFO  verifyingSideMenuCollapsedLangAsInSettings_18-47-21 - [verifyingSideMenuCollapsedLangAsInSettings_18-47-21] Trying to find element: By.xpath: //yt-multi-page-menu-section-renderer[@class='style-scope ytd-multi-page-menu-renderer']//yt-formatted-string[@id='label' and text()='Afrikaans']
18:47:37 [TestNG-test-Yt Master Tests-2] INFO  verifyingSideMenuCollapsedLangAsInSettings_18-47-21 - [verifyingSideMenuCollapsedLangAsInSettings_18-47-21] Element found and ready (attempt 1): By.xpath: //yt-multi-page-menu-section-renderer[@class='style-scope ytd-multi-page-menu-renderer']//yt-formatted-string[@id='label' and text()='Afrikaans']
18:47:37 [TestNG-test-Yt Master Tests-2] INFO  verifyingSideMenuCollapsedLangAsInSettings_18-47-21 - Clicking settings ellipses button...
18:47:37 [TestNG-test-Yt Master Tests-2] INFO  verifyingSideMenuCollapsedLangAsInSettings_18-47-21 - [verifyingSideMenuCollapsedLangAsInSettings_18-47-21] Trying to find element: By.xpath: //ytd-topbar-menu-button-renderer[@class='style-scope ytd-masthead style-default']
18:47:37 [TestNG-test-Yt Master Tests-2] INFO  verifyingSideMenuCollapsedLangAsInSettings_18-47-21 - [verifyingSideMenuCollapsedLangAsInSettings_18-47-21] Element found and ready (attempt 1): By.xpath: //ytd-topbar-menu-button-renderer[@class='style-scope ytd-masthead style-default']
18:47:37 [TestNG-test-Yt Master Tests-2] INFO  verifyingSideMenuCollapsedLangAsInSettings_18-47-21 - [verifyingSideMenuCollapsedLangAsInSettings_18-47-21] Waiting until element is visible in viewport
18:47:48 [TestNG-test-Yt Master Tests-2] INFO  verifyingSideMenuCollapsedLangAsInSettings_18-47-21 - Clicking settings ellipses button...
18:47:48 [TestNG-test-Yt Master Tests-2] INFO  verifyingSideMenuCollapsedLangAsInSettings_18-47-21 - [verifyingSideMenuCollapsedLangAsInSettings_18-47-21] Trying to find element: By.xpath: //ytd-topbar-menu-button-renderer[@class='style-scope ytd-masthead style-default']
18:47:48 [TestNG-test-Yt Master Tests-2] INFO  verifyingSideMenuCollapsedLangAsInSettings_18-47-21 - [verifyingSideMenuCollapsedLangAsInSettings_18-47-21] Element found and ready (attempt 1): By.xpath: //ytd-topbar-menu-button-renderer[@class='style-scope ytd-masthead style-default']
18:47:48 [TestNG-test-Yt Master Tests-2] INFO  verifyingSideMenuCollapsedLangAsInSettings_18-47-21 - getLangAttribute() - locating <html> and reading lang property
18:47:48 [TestNG-test-Yt Master Tests-2] INFO  verifyingSideMenuCollapsedLangAsInSettings_18-47-21 - Language attribute read: en
18:47:48 [TestNG-test-Yt Master Tests-2] INFO  verifyingSideMenuCollapsedLangAsInSettings_18-47-21 - Fetching the side menu in collapsed view
18:47:48 [TestNG-test-Yt Master Tests-2] INFO  verifyingSideMenuCollapsedLangAsInSettings_18-47-21 - [verifyingSideMenuCollapsedLangAsInSettings_18-47-21] Finding elements list: By.xpath: //ytd-mini-guide-renderer[@class='style-scope ytd-app']//ytd-mini-guide-entry-renderer
18:47:49 [TestNG-test-Yt Master Tests-2] INFO  verifyingSideMenuCollapsedLangAsInSettings_18-47-21 - [verifyingSideMenuCollapsedLangAsInSettings_18-47-21] Found 4 ready elements (attempt 1): By.xpath: //ytd-mini-guide-renderer[@class='style-scope ytd-app']//ytd-mini-guide-entry-renderer
18:47:49 [TestNG-test-Yt Master Tests-2] INFO  verifyingSideMenuCollapsedLangAsInSettings_18-47-21 - Clicking settings ellipses button...
18:47:49 [TestNG-test-Yt Master Tests-2] INFO  verifyingSideMenuCollapsedLangAsInSettings_18-47-21 - [verifyingSideMenuCollapsedLangAsInSettings_18-47-21] Trying to find element: By.xpath: //ytd-topbar-menu-button-renderer[@class='style-scope ytd-masthead style-default']
18:47:49 [TestNG-test-Yt Master Tests-2] INFO  verifyingSideMenuCollapsedLangAsInSettings_18-47-21 - [verifyingSideMenuCollapsedLangAsInSettings_18-47-21] Element found and ready (attempt 1): By.xpath: //ytd-topbar-menu-button-renderer[@class='style-scope ytd-masthead style-default']
18:47:49 [TestNG-test-Yt Master Tests-2] INFO  verifyingSideMenuCollapsedLangAsInSettings_18-47-21 - Clicking language dropdown...
18:47:49 [TestNG-test-Yt Master Tests-2] INFO  verifyingSideMenuCollapsedLangAsInSettings_18-47-21 - [verifyingSideMenuCollapsedLangAsInSettings_18-47-21] Trying to find element: By.xpath: (//div[@id='content-icon'])[2]
18:47:59 [TestNG-test-Yt Master Tests-2] WARN  verifyingSideMenuCollapsedLangAsInSettings_18-47-21 - [verifyingSideMenuCollapsedLangAsInSettings_18-47-21] Timeout finding element (attempt 1): By.xpath: (//div[@id='content-icon'])[2]
18:48:10 [TestNG-test-Yt Master Tests-2] WARN  verifyingSideMenuCollapsedLangAsInSettings_18-47-21 - [verifyingSideMenuCollapsedLangAsInSettings_18-47-21] Timeout finding element (attempt 2): By.xpath: (//div[@id='content-icon'])[2]
18:48:10 [TestNG-test-Yt Master Tests-2] WARN  verifyingSideMenuCollapsedLangAsInSettings_18-47-21 - [verifyingSideMenuCollapsedLangAsInSettings_18-47-21] Attempt 2 failed — refreshing the page to recover...
18:48:10 [TestNG-test-Yt Master Tests-2] INFO  verifyingSideMenuCollapsedLangAsInSettings_18-47-21 - [verifyingSideMenuCollapsedLangAsInSettings_18-47-21] Current URL before refresh: https://www.youtube.com/
18:48:12 [TestNG-test-Yt Master Tests-2] INFO  verifyingSideMenuCollapsedLangAsInSettings_18-47-21 - [verifyingSideMenuCollapsedLangAsInSettings_18-47-21] Page refreshed successfully.
18:48:12 [TestNG-test-Yt Master Tests-2] INFO  verifyingSideMenuCollapsedLangAsInSettings_18-47-21 - [verifyingSideMenuCollapsedLangAsInSettings_18-47-21] Page fully loaded after refresh.
18:48:22 [TestNG-test-Yt Master Tests-2] WARN  verifyingSideMenuCollapsedLangAsInSettings_18-47-21 - [verifyingSideMenuCollapsedLangAsInSettings_18-47-21] Timeout finding element (attempt 3): By.xpath: (//div[@id='content-icon'])[2]
18:48:22 [TestNG-test-Yt Master Tests-2] WARN  verifyingSideMenuCollapsedLangAsInSettings_18-47-21 - [verifyingSideMenuCollapsedLangAsInSettings_18-47-21] Attempt 3 failed — refreshing the page to recover...
18:48:22 [TestNG-test-Yt Master Tests-2] INFO  verifyingSideMenuCollapsedLangAsInSettings_18-47-21 - [verifyingSideMenuCollapsedLangAsInSettings_18-47-21] Current URL before refresh: https://www.youtube.com/
18:48:23 [TestNG-test-Yt Master Tests-2] INFO  verifyingSideMenuCollapsedLangAsInSettings_18-47-21 - [verifyingSideMenuCollapsedLangAsInSettings_18-47-21] Page refreshed successfully.
18:48:24 [TestNG-test-Yt Master Tests-2] INFO  verifyingSideMenuCollapsedLangAsInSettings_18-47-21 - [verifyingSideMenuCollapsedLangAsInSettings_18-47-21] Page fully loaded after refresh.
18:48:24 [TestNG-test-Yt Master Tests-2] ERROR verifyingSideMenuCollapsedLangAsInSettings_18-47-21 - [verifyingSideMenuCollapsedLangAsInSettings_18-47-21] Element not found after 3 attempts: By.xpath: (//div[@id='content-icon'])[2]
18:48:24 [TestNG-test-Yt Master Tests-2] WARN  verifyingSideMenuCollapsedLangAsInSettings_18-47-21 - [verifyingSideMenuCollapsedLangAsInSettings_18-47-21] Retrying test 'verifyingSideMenuCollapsedLangAsInSettings' (attempt 1) due to: Cannot invoke "org.openqa.selenium.WebElement.click()" because the return value of "main.java.yt_multi_lang_ui_validator.safeActions.SafeActions.safeFindElement(org.openqa.selenium.By)" is null
