17:47:03 [TestNG-test-Yt Master Tests-1] INFO  verifyingSideMenuCollapsedLangAsInSettingsLingua_17-47-03 - No existing WebDriver found for current thread. Initializing a new ChromeDriver...
17:47:03 [TestNG-test-Yt Master Tests-1] INFO  verifyingSideMenuCollapsedLangAsInSettingsLingua_17-47-03 - WebDriverManager: chromedriver setup OK
17:47:04 [TestNG-test-Yt Master Tests-1] INFO  verifyingSideMenuCollapsedLangAsInSettingsLingua_17-47-03 - ChromeDriver initialized successfully for thread: 34
17:47:04 [TestNG-test-Yt Master Tests-1] INFO  verifyingSideMenuCollapsedLangAsInSettingsLingua_17-47-03 - SafeActions initialized with driver ChromeDriver: chrome on windows (b610ac07d59baf9087062207554c13c1)
17:47:04 [TestNG-test-Yt Master Tests-1] INFO  verifyingSideMenuCollapsedLangAsInSettingsLingua_17-47-03 - Initialized YtLandingPage with driver: ChromeDriver: chrome on windows (b610ac07d59baf9087062207554c13c1)
17:47:04 [TestNG-test-Yt Master Tests-1] INFO  verifyingSideMenuCollapsedLangAsInSettingsLingua_17-47-03 - SafeActions initialized with driver ChromeDriver: chrome on windows (b610ac07d59baf9087062207554c13c1)
17:47:06 [TestNG-test-Yt Master Tests-1] INFO  verifyingSideMenuCollapsedLangAsInSettingsLingua_17-47-03 - Opened YouTube landing page.
17:47:06 [TestNG-test-Yt Master Tests-1] INFO  verifyingSideMenuCollapsedLangAsInSettingsLingua_17-47-03 - Clicking left ellipses in the landing page
17:47:06 [TestNG-test-Yt Master Tests-1] INFO  verifyingSideMenuCollapsedLangAsInSettingsLingua_17-47-03 - [verifyingSideMenuCollapsedLangAsInSettingsLingua_17-47-03] Trying to find element: By.xpath: //ytd-topbar-logo-renderer[@id='logo']/preceding-sibling::*[@id='guide-button']
17:47:07 [TestNG-test-Yt Master Tests-1] INFO  verifyingSideMenuCollapsedLangAsInSettingsLingua_17-47-03 - [verifyingSideMenuCollapsedLangAsInSettingsLingua_17-47-03] Element found and ready (attempt 1): By.xpath: //ytd-topbar-logo-renderer[@id='logo']/preceding-sibling::*[@id='guide-button']
17:47:07 [TestNG-test-Yt Master Tests-1] INFO  verifyingSideMenuCollapsedLangAsInSettingsLingua_17-47-03 - Clicking settings ellipses button...
17:47:07 [TestNG-test-Yt Master Tests-1] INFO  verifyingSideMenuCollapsedLangAsInSettingsLingua_17-47-03 - [verifyingSideMenuCollapsedLangAsInSettingsLingua_17-47-03] Trying to find element: By.xpath: //ytd-topbar-menu-button-renderer[@class='style-scope ytd-masthead style-default']
17:47:07 [TestNG-test-Yt Master Tests-1] INFO  verifyingSideMenuCollapsedLangAsInSettingsLingua_17-47-03 - [verifyingSideMenuCollapsedLangAsInSettingsLingua_17-47-03] Element found and ready (attempt 1): By.xpath: //ytd-topbar-menu-button-renderer[@class='style-scope ytd-masthead style-default']
17:47:07 [TestNG-test-Yt Master Tests-1] INFO  verifyingSideMenuCollapsedLangAsInSettingsLingua_17-47-03 - Clicking language dropdown...
17:47:07 [TestNG-test-Yt Master Tests-1] INFO  verifyingSideMenuCollapsedLangAsInSettingsLingua_17-47-03 - [verifyingSideMenuCollapsedLangAsInSettingsLingua_17-47-03] Trying to find element: By.xpath: (//div[@id='content-icon'])[2]
17:47:08 [TestNG-test-Yt Master Tests-1] INFO  verifyingSideMenuCollapsedLangAsInSettingsLingua_17-47-03 - [verifyingSideMenuCollapsedLangAsInSettingsLingua_17-47-03] Element found and ready (attempt 1): By.xpath: (//div[@id='content-icon'])[2]
17:47:08 [TestNG-test-Yt Master Tests-1] INFO  verifyingSideMenuCollapsedLangAsInSettingsLingua_17-47-03 - [verifyingSideMenuCollapsedLangAsInSettingsLingua_17-47-03] Execution is Not CRON Job Hence refering to normal keys from UtilData
17:47:08 [TestNG-test-Yt Master Tests-1] INFO  verifyingSideMenuCollapsedLangAsInSettingsLingua_17-47-03 - Looking for language element with name: Afrikaans
17:47:08 [TestNG-test-Yt Master Tests-1] INFO  verifyingSideMenuCollapsedLangAsInSettingsLingua_17-47-03 - [verifyingSideMenuCollapsedLangAsInSettingsLingua_17-47-03] Trying to find element: By.xpath: //yt-multi-page-menu-section-renderer[@class='style-scope ytd-multi-page-menu-renderer']//yt-formatted-string[@id='label' and text()='Afrikaans']
17:47:08 [TestNG-test-Yt Master Tests-1] INFO  verifyingSideMenuCollapsedLangAsInSettingsLingua_17-47-03 - [verifyingSideMenuCollapsedLangAsInSettingsLingua_17-47-03] Element found and ready (attempt 1): By.xpath: //yt-multi-page-menu-section-renderer[@class='style-scope ytd-multi-page-menu-renderer']//yt-formatted-string[@id='label' and text()='Afrikaans']
17:47:08 [TestNG-test-Yt Master Tests-1] INFO  verifyingSideMenuCollapsedLangAsInSettingsLingua_17-47-03 - [verifyingSideMenuCollapsedLangAsInSettingsLingua_17-47-03] Trying to find element: By.xpath: //yt-multi-page-menu-section-renderer[@class='style-scope ytd-multi-page-menu-renderer']//yt-formatted-string[@id='label' and text()='Afrikaans']
17:47:09 [TestNG-test-Yt Master Tests-1] INFO  verifyingSideMenuCollapsedLangAsInSettingsLingua_17-47-03 - [verifyingSideMenuCollapsedLangAsInSettingsLingua_17-47-03] Element found and ready (attempt 1): By.xpath: //yt-multi-page-menu-section-renderer[@class='style-scope ytd-multi-page-menu-renderer']//yt-formatted-string[@id='label' and text()='Afrikaans']
17:47:11 [TestNG-test-Yt Master Tests-1] INFO  verifyingSideMenuCollapsedLangAsInSettingsLingua_17-47-03 - Clicking settings ellipses button...
17:47:11 [TestNG-test-Yt Master Tests-1] INFO  verifyingSideMenuCollapsedLangAsInSettingsLingua_17-47-03 - [verifyingSideMenuCollapsedLangAsInSettingsLingua_17-47-03] Trying to find element: By.xpath: //ytd-topbar-menu-button-renderer[@class='style-scope ytd-masthead style-default']
17:47:11 [TestNG-test-Yt Master Tests-1] INFO  verifyingSideMenuCollapsedLangAsInSettingsLingua_17-47-03 - [verifyingSideMenuCollapsedLangAsInSettingsLingua_17-47-03] Element found and ready (attempt 1): By.xpath: //ytd-topbar-menu-button-renderer[@class='style-scope ytd-masthead style-default']
17:47:11 [TestNG-test-Yt Master Tests-1] INFO  verifyingSideMenuCollapsedLangAsInSettingsLingua_17-47-03 - [verifyingSideMenuCollapsedLangAsInSettingsLingua_17-47-03] Waiting until element is visible in viewport
17:47:12 [TestNG-test-Yt Master Tests-1] INFO  verifyingSideMenuCollapsedLangAsInSettingsLingua_17-47-03 - Clicking settings ellipses button...
17:47:12 [TestNG-test-Yt Master Tests-1] INFO  verifyingSideMenuCollapsedLangAsInSettingsLingua_17-47-03 - [verifyingSideMenuCollapsedLangAsInSettingsLingua_17-47-03] Trying to find element: By.xpath: //ytd-topbar-menu-button-renderer[@class='style-scope ytd-masthead style-default']
17:47:12 [TestNG-test-Yt Master Tests-1] INFO  verifyingSideMenuCollapsedLangAsInSettingsLingua_17-47-03 - [verifyingSideMenuCollapsedLangAsInSettingsLingua_17-47-03] Element found and ready (attempt 1): By.xpath: //ytd-topbar-menu-button-renderer[@class='style-scope ytd-masthead style-default']
17:47:12 [TestNG-test-Yt Master Tests-1] INFO  verifyingSideMenuCollapsedLangAsInSettingsLingua_17-47-03 - getLangAttribute() - locating <html> and reading lang property
17:47:13 [TestNG-test-Yt Master Tests-1] INFO  verifyingSideMenuCollapsedLangAsInSettingsLingua_17-47-03 - Language attribute read: af-ZA
17:47:13 [TestNG-test-Yt Master Tests-1] INFO  verifyingSideMenuCollapsedLangAsInSettingsLingua_17-47-03 - Fetching the side menu in collapsed view
17:47:13 [TestNG-test-Yt Master Tests-1] INFO  verifyingSideMenuCollapsedLangAsInSettingsLingua_17-47-03 - [verifyingSideMenuCollapsedLangAsInSettingsLingua_17-47-03] Finding elements list: By.xpath: //ytd-mini-guide-renderer[@class='style-scope ytd-app']//ytd-mini-guide-entry-renderer
17:47:13 [TestNG-test-Yt Master Tests-1] INFO  verifyingSideMenuCollapsedLangAsInSettingsLingua_17-47-03 - [verifyingSideMenuCollapsedLangAsInSettingsLingua_17-47-03] Found 4 ready elements (attempt 1): By.xpath: //ytd-mini-guide-renderer[@class='style-scope ytd-app']//ytd-mini-guide-entry-renderer
17:47:19 [TestNG-test-Yt Master Tests-1] INFO  verifyingSideMenuCollapsedLangAsInSettingsLingua_17-47-03 - 
========== LANGUAGE DETECTION ==========
Detected Language : AFRIKAANS
Input Text        : Tuis Kortvideo's Intekeninge Myne
========================================
17:47:19 [TestNG-test-Yt Master Tests-1] INFO  verifyingSideMenuCollapsedLangAsInSettingsLingua_17-47-03 - text sent to lingua is       Tuis Kortvideo's Intekeninge Myne
17:47:19 [TestNG-test-Yt Master Tests-1] INFO  verifyingSideMenuCollapsedLangAsInSettingsLingua_17-47-03 - getLangAttribute() - locating <html> and reading lang property
17:47:19 [TestNG-test-Yt Master Tests-1] INFO  verifyingSideMenuCollapsedLangAsInSettingsLingua_17-47-03 - Language attribute read: af-ZA
17:47:19 [TestNG-test-Yt Master Tests-1] INFO  verifyingSideMenuCollapsedLangAsInSettingsLingua_17-47-03 - Clicking settings ellipses button...
17:47:19 [TestNG-test-Yt Master Tests-1] INFO  verifyingSideMenuCollapsedLangAsInSettingsLingua_17-47-03 - [verifyingSideMenuCollapsedLangAsInSettingsLingua_17-47-03] Trying to find element: By.xpath: //ytd-topbar-menu-button-renderer[@class='style-scope ytd-masthead style-default']
17:47:19 [TestNG-test-Yt Master Tests-1] INFO  verifyingSideMenuCollapsedLangAsInSettingsLingua_17-47-03 - [verifyingSideMenuCollapsedLangAsInSettingsLingua_17-47-03] Element found and ready (attempt 1): By.xpath: //ytd-topbar-menu-button-renderer[@class='style-scope ytd-masthead style-default']
17:47:19 [TestNG-test-Yt Master Tests-1] INFO  verifyingSideMenuCollapsedLangAsInSettingsLingua_17-47-03 - Clicking language dropdown...
17:47:19 [TestNG-test-Yt Master Tests-1] INFO  verifyingSideMenuCollapsedLangAsInSettingsLingua_17-47-03 - [verifyingSideMenuCollapsedLangAsInSettingsLingua_17-47-03] Trying to find element: By.xpath: (//div[@id='content-icon'])[2]
17:47:20 [TestNG-test-Yt Master Tests-1] INFO  verifyingSideMenuCollapsedLangAsInSettingsLingua_17-47-03 - [verifyingSideMenuCollapsedLangAsInSettingsLingua_17-47-03] Element found and ready (attempt 1): By.xpath: (//div[@id='content-icon'])[2]
17:47:21 [TestNG-test-Yt Master Tests-1] INFO  verifyingSideMenuCollapsedLangAsInSettingsLingua_17-47-03 - Looking for language element with name: Azərbaycan
17:47:21 [TestNG-test-Yt Master Tests-1] INFO  verifyingSideMenuCollapsedLangAsInSettingsLingua_17-47-03 - [verifyingSideMenuCollapsedLangAsInSettingsLingua_17-47-03] Trying to find element: By.xpath: //yt-multi-page-menu-section-renderer[@class='style-scope ytd-multi-page-menu-renderer']//yt-formatted-string[@id='label' and text()='Azərbaycan']
17:47:21 [TestNG-test-Yt Master Tests-1] INFO  verifyingSideMenuCollapsedLangAsInSettingsLingua_17-47-03 - [verifyingSideMenuCollapsedLangAsInSettingsLingua_17-47-03] Element found and ready (attempt 1): By.xpath: //yt-multi-page-menu-section-renderer[@class='style-scope ytd-multi-page-menu-renderer']//yt-formatted-string[@id='label' and text()='Azərbaycan']
17:47:21 [TestNG-test-Yt Master Tests-1] INFO  verifyingSideMenuCollapsedLangAsInSettingsLingua_17-47-03 - [verifyingSideMenuCollapsedLangAsInSettingsLingua_17-47-03] Trying to find element: By.xpath: //yt-multi-page-menu-section-renderer[@class='style-scope ytd-multi-page-menu-renderer']//yt-formatted-string[@id='label' and text()='Azərbaycan']
17:47:21 [TestNG-test-Yt Master Tests-1] INFO  verifyingSideMenuCollapsedLangAsInSettingsLingua_17-47-03 - [verifyingSideMenuCollapsedLangAsInSettingsLingua_17-47-03] Element found and ready (attempt 1): By.xpath: //yt-multi-page-menu-section-renderer[@class='style-scope ytd-multi-page-menu-renderer']//yt-formatted-string[@id='label' and text()='Azərbaycan']
17:47:22 [TestNG-test-Yt Master Tests-1] INFO  verifyingSideMenuCollapsedLangAsInSettingsLingua_17-47-03 - Clicking settings ellipses button...
17:47:22 [TestNG-test-Yt Master Tests-1] INFO  verifyingSideMenuCollapsedLangAsInSettingsLingua_17-47-03 - [verifyingSideMenuCollapsedLangAsInSettingsLingua_17-47-03] Trying to find element: By.xpath: //ytd-topbar-menu-button-renderer[@class='style-scope ytd-masthead style-default']
17:47:22 [TestNG-test-Yt Master Tests-1] INFO  verifyingSideMenuCollapsedLangAsInSettingsLingua_17-47-03 - [verifyingSideMenuCollapsedLangAsInSettingsLingua_17-47-03] Element found and ready (attempt 1): By.xpath: //ytd-topbar-menu-button-renderer[@class='style-scope ytd-masthead style-default']
17:47:23 [TestNG-test-Yt Master Tests-1] INFO  verifyingSideMenuCollapsedLangAsInSettingsLingua_17-47-03 - [verifyingSideMenuCollapsedLangAsInSettingsLingua_17-47-03] Waiting until element is visible in viewport
17:47:23 [TestNG-test-Yt Master Tests-1] INFO  verifyingSideMenuCollapsedLangAsInSettingsLingua_17-47-03 - Clicking settings ellipses button...
17:47:23 [TestNG-test-Yt Master Tests-1] INFO  verifyingSideMenuCollapsedLangAsInSettingsLingua_17-47-03 - [verifyingSideMenuCollapsedLangAsInSettingsLingua_17-47-03] Trying to find element: By.xpath: //ytd-topbar-menu-button-renderer[@class='style-scope ytd-masthead style-default']
17:47:23 [TestNG-test-Yt Master Tests-1] INFO  verifyingSideMenuCollapsedLangAsInSettingsLingua_17-47-03 - [verifyingSideMenuCollapsedLangAsInSettingsLingua_17-47-03] Element found and ready (attempt 1): By.xpath: //ytd-topbar-menu-button-renderer[@class='style-scope ytd-masthead style-default']
17:47:23 [TestNG-test-Yt Master Tests-1] INFO  verifyingSideMenuCollapsedLangAsInSettingsLingua_17-47-03 - getLangAttribute() - locating <html> and reading lang property
17:47:23 [TestNG-test-Yt Master Tests-1] INFO  verifyingSideMenuCollapsedLangAsInSettingsLingua_17-47-03 - Language attribute read: az-Latn-AZ
17:47:23 [TestNG-test-Yt Master Tests-1] INFO  verifyingSideMenuCollapsedLangAsInSettingsLingua_17-47-03 - Fetching the side menu in collapsed view
17:47:23 [TestNG-test-Yt Master Tests-1] INFO  verifyingSideMenuCollapsedLangAsInSettingsLingua_17-47-03 - [verifyingSideMenuCollapsedLangAsInSettingsLingua_17-47-03] Finding elements list: By.xpath: //ytd-mini-guide-renderer[@class='style-scope ytd-app']//ytd-mini-guide-entry-renderer
17:47:23 [TestNG-test-Yt Master Tests-1] INFO  verifyingSideMenuCollapsedLangAsInSettingsLingua_17-47-03 - [verifyingSideMenuCollapsedLangAsInSettingsLingua_17-47-03] Found 4 ready elements (attempt 1): By.xpath: //ytd-mini-guide-renderer[@class='style-scope ytd-app']//ytd-mini-guide-entry-renderer
17:47:24 [TestNG-test-Yt Master Tests-1] INFO  verifyingSideMenuCollapsedLangAsInSettingsLingua_17-47-03 - 
========== LANGUAGE DETECTION ==========
Detected Language : TURKISH
Input Text        : Ev Shorts Abunəliklər Siz
========================================
17:47:24 [TestNG-test-Yt Master Tests-1] INFO  verifyingSideMenuCollapsedLangAsInSettingsLingua_17-47-03 - text sent to lingua is       Ev Shorts Abunəliklər Siz
17:47:24 [TestNG-test-Yt Master Tests-1] INFO  verifyingSideMenuCollapsedLangAsInSettingsLingua_17-47-03 - getLangAttribute() - locating <html> and reading lang property
17:47:24 [TestNG-test-Yt Master Tests-1] INFO  verifyingSideMenuCollapsedLangAsInSettingsLingua_17-47-03 - Language attribute read: az-Latn-AZ
17:47:24 [TestNG-test-Yt Master Tests-1] INFO  verifyingSideMenuCollapsedLangAsInSettingsLingua_17-47-03 - Clicking settings ellipses button...
17:47:24 [TestNG-test-Yt Master Tests-1] INFO  verifyingSideMenuCollapsedLangAsInSettingsLingua_17-47-03 - [verifyingSideMenuCollapsedLangAsInSettingsLingua_17-47-03] Trying to find element: By.xpath: //ytd-topbar-menu-button-renderer[@class='style-scope ytd-masthead style-default']
17:47:24 [TestNG-test-Yt Master Tests-1] INFO  verifyingSideMenuCollapsedLangAsInSettingsLingua_17-47-03 - [verifyingSideMenuCollapsedLangAsInSettingsLingua_17-47-03] Element found and ready (attempt 1): By.xpath: //ytd-topbar-menu-button-renderer[@class='style-scope ytd-masthead style-default']
17:47:24 [TestNG-test-Yt Master Tests-1] INFO  verifyingSideMenuCollapsedLangAsInSettingsLingua_17-47-03 - Clicking language dropdown...
17:47:24 [TestNG-test-Yt Master Tests-1] INFO  verifyingSideMenuCollapsedLangAsInSettingsLingua_17-47-03 - [verifyingSideMenuCollapsedLangAsInSettingsLingua_17-47-03] Trying to find element: By.xpath: (//div[@id='content-icon'])[2]
17:47:24 [TestNG-test-Yt Master Tests-1] INFO  verifyingSideMenuCollapsedLangAsInSettingsLingua_17-47-03 - [verifyingSideMenuCollapsedLangAsInSettingsLingua_17-47-03] Element found and ready (attempt 1): By.xpath: (//div[@id='content-icon'])[2]
17:47:25 [TestNG-test-Yt Master Tests-1] INFO  verifyingSideMenuCollapsedLangAsInSettingsLingua_17-47-03 - Looking for language element with name: Bahasa Indonesia
17:47:25 [TestNG-test-Yt Master Tests-1] INFO  verifyingSideMenuCollapsedLangAsInSettingsLingua_17-47-03 - [verifyingSideMenuCollapsedLangAsInSettingsLingua_17-47-03] Trying to find element: By.xpath: //yt-multi-page-menu-section-renderer[@class='style-scope ytd-multi-page-menu-renderer']//yt-formatted-string[@id='label' and text()='Bahasa Indonesia']
17:47:25 [TestNG-test-Yt Master Tests-1] INFO  verifyingSideMenuCollapsedLangAsInSettingsLingua_17-47-03 - [verifyingSideMenuCollapsedLangAsInSettingsLingua_17-47-03] Element found and ready (attempt 1): By.xpath: //yt-multi-page-menu-section-renderer[@class='style-scope ytd-multi-page-menu-renderer']//yt-formatted-string[@id='label' and text()='Bahasa Indonesia']
17:47:25 [TestNG-test-Yt Master Tests-1] INFO  verifyingSideMenuCollapsedLangAsInSettingsLingua_17-47-03 - [verifyingSideMenuCollapsedLangAsInSettingsLingua_17-47-03] Trying to find element: By.xpath: //yt-multi-page-menu-section-renderer[@class='style-scope ytd-multi-page-menu-renderer']//yt-formatted-string[@id='label' and text()='Bahasa Indonesia']
17:47:25 [TestNG-test-Yt Master Tests-1] INFO  verifyingSideMenuCollapsedLangAsInSettingsLingua_17-47-03 - [verifyingSideMenuCollapsedLangAsInSettingsLingua_17-47-03] Element found and ready (attempt 1): By.xpath: //yt-multi-page-menu-section-renderer[@class='style-scope ytd-multi-page-menu-renderer']//yt-formatted-string[@id='label' and text()='Bahasa Indonesia']
17:47:26 [TestNG-test-Yt Master Tests-1] INFO  verifyingSideMenuCollapsedLangAsInSettingsLingua_17-47-03 - Clicking settings ellipses button...
17:47:26 [TestNG-test-Yt Master Tests-1] INFO  verifyingSideMenuCollapsedLangAsInSettingsLingua_17-47-03 - [verifyingSideMenuCollapsedLangAsInSettingsLingua_17-47-03] Trying to find element: By.xpath: //ytd-topbar-menu-button-renderer[@class='style-scope ytd-masthead style-default']
17:47:26 [TestNG-test-Yt Master Tests-1] INFO  verifyingSideMenuCollapsedLangAsInSettingsLingua_17-47-03 - [verifyingSideMenuCollapsedLangAsInSettingsLingua_17-47-03] Element found and ready (attempt 1): By.xpath: //ytd-topbar-menu-button-renderer[@class='style-scope ytd-masthead style-default']
17:47:27 [TestNG-test-Yt Master Tests-1] INFO  verifyingSideMenuCollapsedLangAsInSettingsLingua_17-47-03 - [verifyingSideMenuCollapsedLangAsInSettingsLingua_17-47-03] Waiting until element is visible in viewport
17:47:27 [TestNG-test-Yt Master Tests-1] INFO  verifyingSideMenuCollapsedLangAsInSettingsLingua_17-47-03 - Clicking settings ellipses button...
17:47:27 [TestNG-test-Yt Master Tests-1] INFO  verifyingSideMenuCollapsedLangAsInSettingsLingua_17-47-03 - [verifyingSideMenuCollapsedLangAsInSettingsLingua_17-47-03] Trying to find element: By.xpath: //ytd-topbar-menu-button-renderer[@class='style-scope ytd-masthead style-default']
17:47:27 [TestNG-test-Yt Master Tests-1] INFO  verifyingSideMenuCollapsedLangAsInSettingsLingua_17-47-03 - [verifyingSideMenuCollapsedLangAsInSettingsLingua_17-47-03] Element found and ready (attempt 1): By.xpath: //ytd-topbar-menu-button-renderer[@class='style-scope ytd-masthead style-default']
17:47:27 [TestNG-test-Yt Master Tests-1] INFO  verifyingSideMenuCollapsedLangAsInSettingsLingua_17-47-03 - getLangAttribute() - locating <html> and reading lang property
17:47:27 [TestNG-test-Yt Master Tests-1] INFO  verifyingSideMenuCollapsedLangAsInSettingsLingua_17-47-03 - Language attribute read: id-ID
17:47:27 [TestNG-test-Yt Master Tests-1] INFO  verifyingSideMenuCollapsedLangAsInSettingsLingua_17-47-03 - Fetching the side menu in collapsed view
17:47:27 [TestNG-test-Yt Master Tests-1] INFO  verifyingSideMenuCollapsedLangAsInSettingsLingua_17-47-03 - [verifyingSideMenuCollapsedLangAsInSettingsLingua_17-47-03] Finding elements list: By.xpath: //ytd-mini-guide-renderer[@class='style-scope ytd-app']//ytd-mini-guide-entry-renderer
17:47:27 [TestNG-test-Yt Master Tests-1] INFO  verifyingSideMenuCollapsedLangAsInSettingsLingua_17-47-03 - [verifyingSideMenuCollapsedLangAsInSettingsLingua_17-47-03] Found 4 ready elements (attempt 1): By.xpath: //ytd-mini-guide-renderer[@class='style-scope ytd-app']//ytd-mini-guide-entry-renderer
17:47:27 [TestNG-test-Yt Master Tests-1] INFO  verifyingSideMenuCollapsedLangAsInSettingsLingua_17-47-03 - 
========== LANGUAGE DETECTION ==========
Detected Language : ENGLISH
Input Text        : Beranda Shorts Subscription Anda
========================================
17:47:27 [TestNG-test-Yt Master Tests-1] INFO  verifyingSideMenuCollapsedLangAsInSettingsLingua_17-47-03 - text sent to lingua is       Beranda Shorts Subscription Anda
17:47:27 [TestNG-test-Yt Master Tests-1] INFO  verifyingSideMenuCollapsedLangAsInSettingsLingua_17-47-03 - getLangAttribute() - locating <html> and reading lang property
17:47:27 [TestNG-test-Yt Master Tests-1] INFO  verifyingSideMenuCollapsedLangAsInSettingsLingua_17-47-03 - Language attribute read: id-ID
17:47:27 [TestNG-test-Yt Master Tests-1] INFO  verifyingSideMenuCollapsedLangAsInSettingsLingua_17-47-03 - Clicking settings ellipses button...
17:47:27 [TestNG-test-Yt Master Tests-1] INFO  verifyingSideMenuCollapsedLangAsInSettingsLingua_17-47-03 - [verifyingSideMenuCollapsedLangAsInSettingsLingua_17-47-03] Trying to find element: By.xpath: //ytd-topbar-menu-button-renderer[@class='style-scope ytd-masthead style-default']
17:47:28 [TestNG-test-Yt Master Tests-1] INFO  verifyingSideMenuCollapsedLangAsInSettingsLingua_17-47-03 - [verifyingSideMenuCollapsedLangAsInSettingsLingua_17-47-03] Element found and ready (attempt 1): By.xpath: //ytd-topbar-menu-button-renderer[@class='style-scope ytd-masthead style-default']
17:47:28 [TestNG-test-Yt Master Tests-1] INFO  verifyingSideMenuCollapsedLangAsInSettingsLingua_17-47-03 - Clicking language dropdown...
17:47:28 [TestNG-test-Yt Master Tests-1] INFO  verifyingSideMenuCollapsedLangAsInSettingsLingua_17-47-03 - [verifyingSideMenuCollapsedLangAsInSettingsLingua_17-47-03] Trying to find element: By.xpath: (//div[@id='content-icon'])[2]
17:47:28 [TestNG-test-Yt Master Tests-1] INFO  verifyingSideMenuCollapsedLangAsInSettingsLingua_17-47-03 - [verifyingSideMenuCollapsedLangAsInSettingsLingua_17-47-03] Element found and ready (attempt 1): By.xpath: (//div[@id='content-icon'])[2]
17:47:28 [TestNG-test-Yt Master Tests-1] INFO  verifyingSideMenuCollapsedLangAsInSettingsLingua_17-47-03 - Looking for language element with name: Bosanski
17:47:28 [TestNG-test-Yt Master Tests-1] INFO  verifyingSideMenuCollapsedLangAsInSettingsLingua_17-47-03 - [verifyingSideMenuCollapsedLangAsInSettingsLingua_17-47-03] Trying to find element: By.xpath: //yt-multi-page-menu-section-renderer[@class='style-scope ytd-multi-page-menu-renderer']//yt-formatted-string[@id='label' and text()='Bosanski']
17:47:28 [TestNG-test-Yt Master Tests-1] INFO  verifyingSideMenuCollapsedLangAsInSettingsLingua_17-47-03 - [verifyingSideMenuCollapsedLangAsInSettingsLingua_17-47-03] Element found and ready (attempt 1): By.xpath: //yt-multi-page-menu-section-renderer[@class='style-scope ytd-multi-page-menu-renderer']//yt-formatted-string[@id='label' and text()='Bosanski']
17:47:28 [TestNG-test-Yt Master Tests-1] INFO  verifyingSideMenuCollapsedLangAsInSettingsLingua_17-47-03 - [verifyingSideMenuCollapsedLangAsInSettingsLingua_17-47-03] Trying to find element: By.xpath: //yt-multi-page-menu-section-renderer[@class='style-scope ytd-multi-page-menu-renderer']//yt-formatted-string[@id='label' and text()='Bosanski']
17:47:28 [TestNG-test-Yt Master Tests-1] INFO  verifyingSideMenuCollapsedLangAsInSettingsLingua_17-47-03 - [verifyingSideMenuCollapsedLangAsInSettingsLingua_17-47-03] Element found and ready (attempt 1): By.xpath: //yt-multi-page-menu-section-renderer[@class='style-scope ytd-multi-page-menu-renderer']//yt-formatted-string[@id='label' and text()='Bosanski']
17:47:29 [TestNG-test-Yt Master Tests-1] INFO  verifyingSideMenuCollapsedLangAsInSettingsLingua_17-47-03 - Clicking settings ellipses button...
17:47:30 [TestNG-test-Yt Master Tests-1] INFO  verifyingSideMenuCollapsedLangAsInSettingsLingua_17-47-03 - [verifyingSideMenuCollapsedLangAsInSettingsLingua_17-47-03] Trying to find element: By.xpath: //ytd-topbar-menu-button-renderer[@class='style-scope ytd-masthead style-default']
17:47:30 [TestNG-test-Yt Master Tests-1] INFO  verifyingSideMenuCollapsedLangAsInSettingsLingua_17-47-03 - [verifyingSideMenuCollapsedLangAsInSettingsLingua_17-47-03] Element found and ready (attempt 1): By.xpath: //ytd-topbar-menu-button-renderer[@class='style-scope ytd-masthead style-default']
17:47:30 [TestNG-test-Yt Master Tests-1] INFO  verifyingSideMenuCollapsedLangAsInSettingsLingua_17-47-03 - [verifyingSideMenuCollapsedLangAsInSettingsLingua_17-47-03] Waiting until element is visible in viewport
17:47:30 [TestNG-test-Yt Master Tests-1] INFO  verifyingSideMenuCollapsedLangAsInSettingsLingua_17-47-03 - Clicking settings ellipses button...
17:47:30 [TestNG-test-Yt Master Tests-1] INFO  verifyingSideMenuCollapsedLangAsInSettingsLingua_17-47-03 - [verifyingSideMenuCollapsedLangAsInSettingsLingua_17-47-03] Trying to find element: By.xpath: //ytd-topbar-menu-button-renderer[@class='style-scope ytd-masthead style-default']
17:47:30 [TestNG-test-Yt Master Tests-1] INFO  verifyingSideMenuCollapsedLangAsInSettingsLingua_17-47-03 - [verifyingSideMenuCollapsedLangAsInSettingsLingua_17-47-03] Element found and ready (attempt 1): By.xpath: //ytd-topbar-menu-button-renderer[@class='style-scope ytd-masthead style-default']
17:47:30 [TestNG-test-Yt Master Tests-1] INFO  verifyingSideMenuCollapsedLangAsInSettingsLingua_17-47-03 - getLangAttribute() - locating <html> and reading lang property
17:47:31 [TestNG-test-Yt Master Tests-1] INFO  verifyingSideMenuCollapsedLangAsInSettingsLingua_17-47-03 - Language attribute read: bs-Latn-BA
17:47:31 [TestNG-test-Yt Master Tests-1] INFO  verifyingSideMenuCollapsedLangAsInSettingsLingua_17-47-03 - Fetching the side menu in collapsed view
17:47:31 [TestNG-test-Yt Master Tests-1] INFO  verifyingSideMenuCollapsedLangAsInSettingsLingua_17-47-03 - [verifyingSideMenuCollapsedLangAsInSettingsLingua_17-47-03] Finding elements list: By.xpath: //ytd-mini-guide-renderer[@class='style-scope ytd-app']//ytd-mini-guide-entry-renderer
17:47:31 [TestNG-test-Yt Master Tests-1] INFO  verifyingSideMenuCollapsedLangAsInSettingsLingua_17-47-03 - [verifyingSideMenuCollapsedLangAsInSettingsLingua_17-47-03] Found 4 ready elements (attempt 1): By.xpath: //ytd-mini-guide-renderer[@class='style-scope ytd-app']//ytd-mini-guide-entry-renderer
17:47:31 [TestNG-test-Yt Master Tests-1] INFO  verifyingSideMenuCollapsedLangAsInSettingsLingua_17-47-03 - 
========== LANGUAGE DETECTION ==========
Detected Language : BOSNIAN
Input Text        : Početna stranica Shorts Pretplate Vi
========================================
17:47:31 [TestNG-test-Yt Master Tests-1] INFO  verifyingSideMenuCollapsedLangAsInSettingsLingua_17-47-03 - text sent to lingua is       Početna stranica Shorts Pretplate Vi
17:47:31 [TestNG-test-Yt Master Tests-1] INFO  verifyingSideMenuCollapsedLangAsInSettingsLingua_17-47-03 - getLangAttribute() - locating <html> and reading lang property
17:47:31 [TestNG-test-Yt Master Tests-1] INFO  verifyingSideMenuCollapsedLangAsInSettingsLingua_17-47-03 - Language attribute read: bs-Latn-BA
17:47:31 [TestNG-test-Yt Master Tests-1] INFO  verifyingSideMenuCollapsedLangAsInSettingsLingua_17-47-03 - Clicking settings ellipses button...
17:47:31 [TestNG-test-Yt Master Tests-1] INFO  verifyingSideMenuCollapsedLangAsInSettingsLingua_17-47-03 - [verifyingSideMenuCollapsedLangAsInSettingsLingua_17-47-03] Trying to find element: By.xpath: //ytd-topbar-menu-button-renderer[@class='style-scope ytd-masthead style-default']
17:47:31 [TestNG-test-Yt Master Tests-1] INFO  verifyingSideMenuCollapsedLangAsInSettingsLingua_17-47-03 - [verifyingSideMenuCollapsedLangAsInSettingsLingua_17-47-03] Element found and ready (attempt 1): By.xpath: //ytd-topbar-menu-button-renderer[@class='style-scope ytd-masthead style-default']
17:47:31 [TestNG-test-Yt Master Tests-1] INFO  verifyingSideMenuCollapsedLangAsInSettingsLingua_17-47-03 - Clicking language dropdown...
17:47:31 [TestNG-test-Yt Master Tests-1] INFO  verifyingSideMenuCollapsedLangAsInSettingsLingua_17-47-03 - [verifyingSideMenuCollapsedLangAsInSettingsLingua_17-47-03] Trying to find element: By.xpath: (//div[@id='content-icon'])[2]
17:47:31 [TestNG-test-Yt Master Tests-1] INFO  verifyingSideMenuCollapsedLangAsInSettingsLingua_17-47-03 - [verifyingSideMenuCollapsedLangAsInSettingsLingua_17-47-03] Element found and ready (attempt 1): By.xpath: (//div[@id='content-icon'])[2]
17:47:32 [TestNG-test-Yt Master Tests-1] INFO  verifyingSideMenuCollapsedLangAsInSettingsLingua_17-47-03 - Looking for language element with name: Català
17:47:32 [TestNG-test-Yt Master Tests-1] INFO  verifyingSideMenuCollapsedLangAsInSettingsLingua_17-47-03 - [verifyingSideMenuCollapsedLangAsInSettingsLingua_17-47-03] Trying to find element: By.xpath: //yt-multi-page-menu-section-renderer[@class='style-scope ytd-multi-page-menu-renderer']//yt-formatted-string[@id='label' and text()='Català']
17:47:32 [TestNG-test-Yt Master Tests-1] INFO  verifyingSideMenuCollapsedLangAsInSettingsLingua_17-47-03 - [verifyingSideMenuCollapsedLangAsInSettingsLingua_17-47-03] Element found and ready (attempt 1): By.xpath: //yt-multi-page-menu-section-renderer[@class='style-scope ytd-multi-page-menu-renderer']//yt-formatted-string[@id='label' and text()='Català']
17:47:32 [TestNG-test-Yt Master Tests-1] INFO  verifyingSideMenuCollapsedLangAsInSettingsLingua_17-47-03 - [verifyingSideMenuCollapsedLangAsInSettingsLingua_17-47-03] Trying to find element: By.xpath: //yt-multi-page-menu-section-renderer[@class='style-scope ytd-multi-page-menu-renderer']//yt-formatted-string[@id='label' and text()='Català']
17:47:32 [TestNG-test-Yt Master Tests-1] INFO  verifyingSideMenuCollapsedLangAsInSettingsLingua_17-47-03 - [verifyingSideMenuCollapsedLangAsInSettingsLingua_17-47-03] Element found and ready (attempt 1): By.xpath: //yt-multi-page-menu-section-renderer[@class='style-scope ytd-multi-page-menu-renderer']//yt-formatted-string[@id='label' and text()='Català']
17:47:33 [TestNG-test-Yt Master Tests-1] INFO  verifyingSideMenuCollapsedLangAsInSettingsLingua_17-47-03 - Clicking settings ellipses button...
17:47:33 [TestNG-test-Yt Master Tests-1] INFO  verifyingSideMenuCollapsedLangAsInSettingsLingua_17-47-03 - [verifyingSideMenuCollapsedLangAsInSettingsLingua_17-47-03] Trying to find element: By.xpath: //ytd-topbar-menu-button-renderer[@class='style-scope ytd-masthead style-default']
17:47:33 [TestNG-test-Yt Master Tests-1] INFO  verifyingSideMenuCollapsedLangAsInSettingsLingua_17-47-03 - [verifyingSideMenuCollapsedLangAsInSettingsLingua_17-47-03] Element found and ready (attempt 1): By.xpath: //ytd-topbar-menu-button-renderer[@class='style-scope ytd-masthead style-default']
17:47:33 [TestNG-test-Yt Master Tests-1] INFO  verifyingSideMenuCollapsedLangAsInSettingsLingua_17-47-03 - [verifyingSideMenuCollapsedLangAsInSettingsLingua_17-47-03] Waiting until element is visible in viewport
17:47:34 [TestNG-test-Yt Master Tests-1] INFO  verifyingSideMenuCollapsedLangAsInSettingsLingua_17-47-03 - Clicking settings ellipses button...
17:47:34 [TestNG-test-Yt Master Tests-1] INFO  verifyingSideMenuCollapsedLangAsInSettingsLingua_17-47-03 - [verifyingSideMenuCollapsedLangAsInSettingsLingua_17-47-03] Trying to find element: By.xpath: //ytd-topbar-menu-button-renderer[@class='style-scope ytd-masthead style-default']
17:47:34 [TestNG-test-Yt Master Tests-1] INFO  verifyingSideMenuCollapsedLangAsInSettingsLingua_17-47-03 - [verifyingSideMenuCollapsedLangAsInSettingsLingua_17-47-03] Element found and ready (attempt 1): By.xpath: //ytd-topbar-menu-button-renderer[@class='style-scope ytd-masthead style-default']
17:47:34 [TestNG-test-Yt Master Tests-1] INFO  verifyingSideMenuCollapsedLangAsInSettingsLingua_17-47-03 - getLangAttribute() - locating <html> and reading lang property
17:47:34 [TestNG-test-Yt Master Tests-1] INFO  verifyingSideMenuCollapsedLangAsInSettingsLingua_17-47-03 - Language attribute read: ca-ES
17:47:34 [TestNG-test-Yt Master Tests-1] INFO  verifyingSideMenuCollapsedLangAsInSettingsLingua_17-47-03 - Fetching the side menu in collapsed view
17:47:34 [TestNG-test-Yt Master Tests-1] INFO  verifyingSideMenuCollapsedLangAsInSettingsLingua_17-47-03 - [verifyingSideMenuCollapsedLangAsInSettingsLingua_17-47-03] Finding elements list: By.xpath: //ytd-mini-guide-renderer[@class='style-scope ytd-app']//ytd-mini-guide-entry-renderer
17:47:34 [TestNG-test-Yt Master Tests-1] INFO  verifyingSideMenuCollapsedLangAsInSettingsLingua_17-47-03 - [verifyingSideMenuCollapsedLangAsInSettingsLingua_17-47-03] Found 4 ready elements (attempt 1): By.xpath: //ytd-mini-guide-renderer[@class='style-scope ytd-app']//ytd-mini-guide-entry-renderer
17:47:34 [TestNG-test-Yt Master Tests-1] INFO  verifyingSideMenuCollapsedLangAsInSettingsLingua_17-47-03 - 
========== LANGUAGE DETECTION ==========
Detected Language : CATALAN
Input Text        : Inici YouTube Shorts Subscripcions Tu
========================================
17:47:34 [TestNG-test-Yt Master Tests-1] INFO  verifyingSideMenuCollapsedLangAsInSettingsLingua_17-47-03 - text sent to lingua is       Inici YouTube Shorts Subscripcions Tu
17:47:34 [TestNG-test-Yt Master Tests-1] INFO  verifyingSideMenuCollapsedLangAsInSettingsLingua_17-47-03 - getLangAttribute() - locating <html> and reading lang property
17:47:34 [TestNG-test-Yt Master Tests-1] INFO  verifyingSideMenuCollapsedLangAsInSettingsLingua_17-47-03 - Language attribute read: ca-ES
17:47:34 [TestNG-test-Yt Master Tests-1] INFO  verifyingSideMenuCollapsedLangAsInSettingsLingua_17-47-03 - Clicking settings ellipses button...
17:47:34 [TestNG-test-Yt Master Tests-1] INFO  verifyingSideMenuCollapsedLangAsInSettingsLingua_17-47-03 - [verifyingSideMenuCollapsedLangAsInSettingsLingua_17-47-03] Trying to find element: By.xpath: //ytd-topbar-menu-button-renderer[@class='style-scope ytd-masthead style-default']
17:47:34 [TestNG-test-Yt Master Tests-1] INFO  verifyingSideMenuCollapsedLangAsInSettingsLingua_17-47-03 - [verifyingSideMenuCollapsedLangAsInSettingsLingua_17-47-03] Element found and ready (attempt 1): By.xpath: //ytd-topbar-menu-button-renderer[@class='style-scope ytd-masthead style-default']
17:47:34 [TestNG-test-Yt Master Tests-1] INFO  verifyingSideMenuCollapsedLangAsInSettingsLingua_17-47-03 - Clicking language dropdown...
17:47:34 [TestNG-test-Yt Master Tests-1] INFO  verifyingSideMenuCollapsedLangAsInSettingsLingua_17-47-03 - [verifyingSideMenuCollapsedLangAsInSettingsLingua_17-47-03] Trying to find element: By.xpath: (//div[@id='content-icon'])[2]
17:47:35 [TestNG-test-Yt Master Tests-1] INFO  verifyingSideMenuCollapsedLangAsInSettingsLingua_17-47-03 - [verifyingSideMenuCollapsedLangAsInSettingsLingua_17-47-03] Element found and ready (attempt 1): By.xpath: (//div[@id='content-icon'])[2]
17:47:35 [TestNG-test-Yt Master Tests-1] INFO  verifyingSideMenuCollapsedLangAsInSettingsLingua_17-47-03 - Looking for language element with name: Dansk
17:47:35 [TestNG-test-Yt Master Tests-1] INFO  verifyingSideMenuCollapsedLangAsInSettingsLingua_17-47-03 - [verifyingSideMenuCollapsedLangAsInSettingsLingua_17-47-03] Trying to find element: By.xpath: //yt-multi-page-menu-section-renderer[@class='style-scope ytd-multi-page-menu-renderer']//yt-formatted-string[@id='label' and text()='Dansk']
17:47:35 [TestNG-test-Yt Master Tests-1] INFO  verifyingSideMenuCollapsedLangAsInSettingsLingua_17-47-03 - [verifyingSideMenuCollapsedLangAsInSettingsLingua_17-47-03] Element found and ready (attempt 1): By.xpath: //yt-multi-page-menu-section-renderer[@class='style-scope ytd-multi-page-menu-renderer']//yt-formatted-string[@id='label' and text()='Dansk']
17:47:35 [TestNG-test-Yt Master Tests-1] INFO  verifyingSideMenuCollapsedLangAsInSettingsLingua_17-47-03 - [verifyingSideMenuCollapsedLangAsInSettingsLingua_17-47-03] Trying to find element: By.xpath: //yt-multi-page-menu-section-renderer[@class='style-scope ytd-multi-page-menu-renderer']//yt-formatted-string[@id='label' and text()='Dansk']
17:47:35 [TestNG-test-Yt Master Tests-1] INFO  verifyingSideMenuCollapsedLangAsInSettingsLingua_17-47-03 - [verifyingSideMenuCollapsedLangAsInSettingsLingua_17-47-03] Element found and ready (attempt 1): By.xpath: //yt-multi-page-menu-section-renderer[@class='style-scope ytd-multi-page-menu-renderer']//yt-formatted-string[@id='label' and text()='Dansk']
17:47:37 [TestNG-test-Yt Master Tests-1] INFO  verifyingSideMenuCollapsedLangAsInSettingsLingua_17-47-03 - Clicking settings ellipses button...
17:47:37 [TestNG-test-Yt Master Tests-1] INFO  verifyingSideMenuCollapsedLangAsInSettingsLingua_17-47-03 - [verifyingSideMenuCollapsedLangAsInSettingsLingua_17-47-03] Trying to find element: By.xpath: //ytd-topbar-menu-button-renderer[@class='style-scope ytd-masthead style-default']
17:47:37 [TestNG-test-Yt Master Tests-1] INFO  verifyingSideMenuCollapsedLangAsInSettingsLingua_17-47-03 - [verifyingSideMenuCollapsedLangAsInSettingsLingua_17-47-03] Element found and ready (attempt 1): By.xpath: //ytd-topbar-menu-button-renderer[@class='style-scope ytd-masthead style-default']
17:47:38 [TestNG-test-Yt Master Tests-1] INFO  verifyingSideMenuCollapsedLangAsInSettingsLingua_17-47-03 - [verifyingSideMenuCollapsedLangAsInSettingsLingua_17-47-03] Waiting until element is visible in viewport
17:47:38 [TestNG-test-Yt Master Tests-1] INFO  verifyingSideMenuCollapsedLangAsInSettingsLingua_17-47-03 - Clicking settings ellipses button...
17:47:39 [TestNG-test-Yt Master Tests-1] INFO  verifyingSideMenuCollapsedLangAsInSettingsLingua_17-47-03 - [verifyingSideMenuCollapsedLangAsInSettingsLingua_17-47-03] Trying to find element: By.xpath: //ytd-topbar-menu-button-renderer[@class='style-scope ytd-masthead style-default']
17:47:39 [TestNG-test-Yt Master Tests-1] INFO  verifyingSideMenuCollapsedLangAsInSettingsLingua_17-47-03 - [verifyingSideMenuCollapsedLangAsInSettingsLingua_17-47-03] Element found and ready (attempt 1): By.xpath: //ytd-topbar-menu-button-renderer[@class='style-scope ytd-masthead style-default']
17:47:39 [TestNG-test-Yt Master Tests-1] INFO  verifyingSideMenuCollapsedLangAsInSettingsLingua_17-47-03 - getLangAttribute() - locating <html> and reading lang property
17:47:39 [TestNG-test-Yt Master Tests-1] INFO  verifyingSideMenuCollapsedLangAsInSettingsLingua_17-47-03 - Language attribute read: da-DK
17:47:39 [TestNG-test-Yt Master Tests-1] INFO  verifyingSideMenuCollapsedLangAsInSettingsLingua_17-47-03 - Fetching the side menu in collapsed view
17:47:39 [TestNG-test-Yt Master Tests-1] INFO  verifyingSideMenuCollapsedLangAsInSettingsLingua_17-47-03 - [verifyingSideMenuCollapsedLangAsInSettingsLingua_17-47-03] Finding elements list: By.xpath: //ytd-mini-guide-renderer[@class='style-scope ytd-app']//ytd-mini-guide-entry-renderer
17:47:39 [TestNG-test-Yt Master Tests-1] INFO  verifyingSideMenuCollapsedLangAsInSettingsLingua_17-47-03 - [verifyingSideMenuCollapsedLangAsInSettingsLingua_17-47-03] Found 4 ready elements (attempt 1): By.xpath: //ytd-mini-guide-renderer[@class='style-scope ytd-app']//ytd-mini-guide-entry-renderer
17:47:39 [TestNG-test-Yt Master Tests-1] INFO  verifyingSideMenuCollapsedLangAsInSettingsLingua_17-47-03 - 
========== LANGUAGE DETECTION ==========
Detected Language : DANISH
Input Text        : Start Shorts Abonnementer Dig
========================================
17:47:39 [TestNG-test-Yt Master Tests-1] INFO  verifyingSideMenuCollapsedLangAsInSettingsLingua_17-47-03 - text sent to lingua is       Start Shorts Abonnementer Dig
17:47:39 [TestNG-test-Yt Master Tests-1] INFO  verifyingSideMenuCollapsedLangAsInSettingsLingua_17-47-03 - getLangAttribute() - locating <html> and reading lang property
17:47:39 [TestNG-test-Yt Master Tests-1] INFO  verifyingSideMenuCollapsedLangAsInSettingsLingua_17-47-03 - Language attribute read: da-DK
17:47:39 [TestNG-test-Yt Master Tests-1] INFO  verifyingSideMenuCollapsedLangAsInSettingsLingua_17-47-03 - Clicking settings ellipses button...
17:47:39 [TestNG-test-Yt Master Tests-1] INFO  verifyingSideMenuCollapsedLangAsInSettingsLingua_17-47-03 - [verifyingSideMenuCollapsedLangAsInSettingsLingua_17-47-03] Trying to find element: By.xpath: //ytd-topbar-menu-button-renderer[@class='style-scope ytd-masthead style-default']
17:47:39 [TestNG-test-Yt Master Tests-1] INFO  verifyingSideMenuCollapsedLangAsInSettingsLingua_17-47-03 - [verifyingSideMenuCollapsedLangAsInSettingsLingua_17-47-03] Element found and ready (attempt 1): By.xpath: //ytd-topbar-menu-button-renderer[@class='style-scope ytd-masthead style-default']
17:47:39 [TestNG-test-Yt Master Tests-1] INFO  verifyingSideMenuCollapsedLangAsInSettingsLingua_17-47-03 - Clicking language dropdown...
17:47:39 [TestNG-test-Yt Master Tests-1] INFO  verifyingSideMenuCollapsedLangAsInSettingsLingua_17-47-03 - [verifyingSideMenuCollapsedLangAsInSettingsLingua_17-47-03] Trying to find element: By.xpath: (//div[@id='content-icon'])[2]
17:47:40 [TestNG-test-Yt Master Tests-1] INFO  verifyingSideMenuCollapsedLangAsInSettingsLingua_17-47-03 - [verifyingSideMenuCollapsedLangAsInSettingsLingua_17-47-03] Element found and ready (attempt 1): By.xpath: (//div[@id='content-icon'])[2]
17:47:40 [TestNG-test-Yt Master Tests-1] INFO  verifyingSideMenuCollapsedLangAsInSettingsLingua_17-47-03 - Looking for language element with name: Deutsch
17:47:40 [TestNG-test-Yt Master Tests-1] INFO  verifyingSideMenuCollapsedLangAsInSettingsLingua_17-47-03 - [verifyingSideMenuCollapsedLangAsInSettingsLingua_17-47-03] Trying to find element: By.xpath: //yt-multi-page-menu-section-renderer[@class='style-scope ytd-multi-page-menu-renderer']//yt-formatted-string[@id='label' and text()='Deutsch']
17:47:40 [TestNG-test-Yt Master Tests-1] INFO  verifyingSideMenuCollapsedLangAsInSettingsLingua_17-47-03 - [verifyingSideMenuCollapsedLangAsInSettingsLingua_17-47-03] Element found and ready (attempt 1): By.xpath: //yt-multi-page-menu-section-renderer[@class='style-scope ytd-multi-page-menu-renderer']//yt-formatted-string[@id='label' and text()='Deutsch']
17:47:40 [TestNG-test-Yt Master Tests-1] INFO  verifyingSideMenuCollapsedLangAsInSettingsLingua_17-47-03 - [verifyingSideMenuCollapsedLangAsInSettingsLingua_17-47-03] Trying to find element: By.xpath: //yt-multi-page-menu-section-renderer[@class='style-scope ytd-multi-page-menu-renderer']//yt-formatted-string[@id='label' and text()='Deutsch']
17:47:40 [TestNG-test-Yt Master Tests-1] INFO  verifyingSideMenuCollapsedLangAsInSettingsLingua_17-47-03 - [verifyingSideMenuCollapsedLangAsInSettingsLingua_17-47-03] Element found and ready (attempt 1): By.xpath: //yt-multi-page-menu-section-renderer[@class='style-scope ytd-multi-page-menu-renderer']//yt-formatted-string[@id='label' and text()='Deutsch']
17:47:42 [TestNG-test-Yt Master Tests-1] INFO  verifyingSideMenuCollapsedLangAsInSettingsLingua_17-47-03 - Clicking settings ellipses button...
17:47:42 [TestNG-test-Yt Master Tests-1] INFO  verifyingSideMenuCollapsedLangAsInSettingsLingua_17-47-03 - [verifyingSideMenuCollapsedLangAsInSettingsLingua_17-47-03] Trying to find element: By.xpath: //ytd-topbar-menu-button-renderer[@class='style-scope ytd-masthead style-default']
17:47:42 [TestNG-test-Yt Master Tests-1] INFO  verifyingSideMenuCollapsedLangAsInSettingsLingua_17-47-03 - [verifyingSideMenuCollapsedLangAsInSettingsLingua_17-47-03] Element found and ready (attempt 1): By.xpath: //ytd-topbar-menu-button-renderer[@class='style-scope ytd-masthead style-default']
17:47:42 [TestNG-test-Yt Master Tests-1] INFO  verifyingSideMenuCollapsedLangAsInSettingsLingua_17-47-03 - [verifyingSideMenuCollapsedLangAsInSettingsLingua_17-47-03] Waiting until element is visible in viewport
17:47:43 [TestNG-test-Yt Master Tests-1] INFO  verifyingSideMenuCollapsedLangAsInSettingsLingua_17-47-03 - Clicking settings ellipses button...
17:47:43 [TestNG-test-Yt Master Tests-1] INFO  verifyingSideMenuCollapsedLangAsInSettingsLingua_17-47-03 - [verifyingSideMenuCollapsedLangAsInSettingsLingua_17-47-03] Trying to find element: By.xpath: //ytd-topbar-menu-button-renderer[@class='style-scope ytd-masthead style-default']
17:47:43 [TestNG-test-Yt Master Tests-1] INFO  verifyingSideMenuCollapsedLangAsInSettingsLingua_17-47-03 - [verifyingSideMenuCollapsedLangAsInSettingsLingua_17-47-03] Element found and ready (attempt 1): By.xpath: //ytd-topbar-menu-button-renderer[@class='style-scope ytd-masthead style-default']
17:47:43 [TestNG-test-Yt Master Tests-1] INFO  verifyingSideMenuCollapsedLangAsInSettingsLingua_17-47-03 - getLangAttribute() - locating <html> and reading lang property
17:47:43 [TestNG-test-Yt Master Tests-1] INFO  verifyingSideMenuCollapsedLangAsInSettingsLingua_17-47-03 - Language attribute read: de-DE
17:47:43 [TestNG-test-Yt Master Tests-1] INFO  verifyingSideMenuCollapsedLangAsInSettingsLingua_17-47-03 - Fetching the side menu in collapsed view
17:47:43 [TestNG-test-Yt Master Tests-1] INFO  verifyingSideMenuCollapsedLangAsInSettingsLingua_17-47-03 - [verifyingSideMenuCollapsedLangAsInSettingsLingua_17-47-03] Finding elements list: By.xpath: //ytd-mini-guide-renderer[@class='style-scope ytd-app']//ytd-mini-guide-entry-renderer
17:47:43 [TestNG-test-Yt Master Tests-1] INFO  verifyingSideMenuCollapsedLangAsInSettingsLingua_17-47-03 - [verifyingSideMenuCollapsedLangAsInSettingsLingua_17-47-03] Found 4 ready elements (attempt 1): By.xpath: //ytd-mini-guide-renderer[@class='style-scope ytd-app']//ytd-mini-guide-entry-renderer
17:47:43 [TestNG-test-Yt Master Tests-1] INFO  verifyingSideMenuCollapsedLangAsInSettingsLingua_17-47-03 - 
========== LANGUAGE DETECTION ==========
Detected Language : GERMAN
Input Text        : Startseite Shorts Abos Mein YouTube
========================================
17:47:43 [TestNG-test-Yt Master Tests-1] INFO  verifyingSideMenuCollapsedLangAsInSettingsLingua_17-47-03 - text sent to lingua is       Startseite Shorts Abos Mein YouTube
17:47:43 [TestNG-test-Yt Master Tests-1] INFO  verifyingSideMenuCollapsedLangAsInSettingsLingua_17-47-03 - getLangAttribute() - locating <html> and reading lang property
17:47:43 [TestNG-test-Yt Master Tests-1] INFO  verifyingSideMenuCollapsedLangAsInSettingsLingua_17-47-03 - Language attribute read: de-DE
17:47:43 [TestNG-test-Yt Master Tests-1] INFO  verifyingSideMenuCollapsedLangAsInSettingsLingua_17-47-03 - Clicking settings ellipses button...
17:47:43 [TestNG-test-Yt Master Tests-1] INFO  verifyingSideMenuCollapsedLangAsInSettingsLingua_17-47-03 - [verifyingSideMenuCollapsedLangAsInSettingsLingua_17-47-03] Trying to find element: By.xpath: //ytd-topbar-menu-button-renderer[@class='style-scope ytd-masthead style-default']
17:47:43 [TestNG-test-Yt Master Tests-1] INFO  verifyingSideMenuCollapsedLangAsInSettingsLingua_17-47-03 - [verifyingSideMenuCollapsedLangAsInSettingsLingua_17-47-03] Element found and ready (attempt 1): By.xpath: //ytd-topbar-menu-button-renderer[@class='style-scope ytd-masthead style-default']
17:47:43 [TestNG-test-Yt Master Tests-1] INFO  verifyingSideMenuCollapsedLangAsInSettingsLingua_17-47-03 - Clicking language dropdown...
17:47:43 [TestNG-test-Yt Master Tests-1] INFO  verifyingSideMenuCollapsedLangAsInSettingsLingua_17-47-03 - [verifyingSideMenuCollapsedLangAsInSettingsLingua_17-47-03] Trying to find element: By.xpath: (//div[@id='content-icon'])[2]
17:47:44 [TestNG-test-Yt Master Tests-1] INFO  verifyingSideMenuCollapsedLangAsInSettingsLingua_17-47-03 - [verifyingSideMenuCollapsedLangAsInSettingsLingua_17-47-03] Element found and ready (attempt 1): By.xpath: (//div[@id='content-icon'])[2]
17:47:45 [TestNG-test-Yt Master Tests-1] INFO  verifyingSideMenuCollapsedLangAsInSettingsLingua_17-47-03 - Looking for language element with name: Eesti
17:47:45 [TestNG-test-Yt Master Tests-1] INFO  verifyingSideMenuCollapsedLangAsInSettingsLingua_17-47-03 - [verifyingSideMenuCollapsedLangAsInSettingsLingua_17-47-03] Trying to find element: By.xpath: //yt-multi-page-menu-section-renderer[@class='style-scope ytd-multi-page-menu-renderer']//yt-formatted-string[@id='label' and text()='Eesti']
17:47:45 [TestNG-test-Yt Master Tests-1] INFO  verifyingSideMenuCollapsedLangAsInSettingsLingua_17-47-03 - [verifyingSideMenuCollapsedLangAsInSettingsLingua_17-47-03] Element found and ready (attempt 1): By.xpath: //yt-multi-page-menu-section-renderer[@class='style-scope ytd-multi-page-menu-renderer']//yt-formatted-string[@id='label' and text()='Eesti']
17:47:45 [TestNG-test-Yt Master Tests-1] INFO  verifyingSideMenuCollapsedLangAsInSettingsLingua_17-47-03 - [verifyingSideMenuCollapsedLangAsInSettingsLingua_17-47-03] Trying to find element: By.xpath: //yt-multi-page-menu-section-renderer[@class='style-scope ytd-multi-page-menu-renderer']//yt-formatted-string[@id='label' and text()='Eesti']
17:47:45 [TestNG-test-Yt Master Tests-1] INFO  verifyingSideMenuCollapsedLangAsInSettingsLingua_17-47-03 - [verifyingSideMenuCollapsedLangAsInSettingsLingua_17-47-03] Element found and ready (attempt 1): By.xpath: //yt-multi-page-menu-section-renderer[@class='style-scope ytd-multi-page-menu-renderer']//yt-formatted-string[@id='label' and text()='Eesti']
17:47:46 [TestNG-test-Yt Master Tests-1] INFO  verifyingSideMenuCollapsedLangAsInSettingsLingua_17-47-03 - Clicking settings ellipses button...
17:47:46 [TestNG-test-Yt Master Tests-1] INFO  verifyingSideMenuCollapsedLangAsInSettingsLingua_17-47-03 - [verifyingSideMenuCollapsedLangAsInSettingsLingua_17-47-03] Trying to find element: By.xpath: //ytd-topbar-menu-button-renderer[@class='style-scope ytd-masthead style-default']
17:47:46 [TestNG-test-Yt Master Tests-1] INFO  verifyingSideMenuCollapsedLangAsInSettingsLingua_17-47-03 - [verifyingSideMenuCollapsedLangAsInSettingsLingua_17-47-03] Element found and ready (attempt 1): By.xpath: //ytd-topbar-menu-button-renderer[@class='style-scope ytd-masthead style-default']
17:47:46 [TestNG-test-Yt Master Tests-1] INFO  verifyingSideMenuCollapsedLangAsInSettingsLingua_17-47-03 - [verifyingSideMenuCollapsedLangAsInSettingsLingua_17-47-03] Waiting until element is visible in viewport
17:47:47 [TestNG-test-Yt Master Tests-1] INFO  verifyingSideMenuCollapsedLangAsInSettingsLingua_17-47-03 - Clicking settings ellipses button...
17:47:47 [TestNG-test-Yt Master Tests-1] INFO  verifyingSideMenuCollapsedLangAsInSettingsLingua_17-47-03 - [verifyingSideMenuCollapsedLangAsInSettingsLingua_17-47-03] Trying to find element: By.xpath: //ytd-topbar-menu-button-renderer[@class='style-scope ytd-masthead style-default']
17:47:47 [TestNG-test-Yt Master Tests-1] INFO  verifyingSideMenuCollapsedLangAsInSettingsLingua_17-47-03 - [verifyingSideMenuCollapsedLangAsInSettingsLingua_17-47-03] Element found and ready (attempt 1): By.xpath: //ytd-topbar-menu-button-renderer[@class='style-scope ytd-masthead style-default']
17:47:47 [TestNG-test-Yt Master Tests-1] INFO  verifyingSideMenuCollapsedLangAsInSettingsLingua_17-47-03 - getLangAttribute() - locating <html> and reading lang property
17:47:47 [TestNG-test-Yt Master Tests-1] INFO  verifyingSideMenuCollapsedLangAsInSettingsLingua_17-47-03 - Language attribute read: et-EE
17:47:47 [TestNG-test-Yt Master Tests-1] INFO  verifyingSideMenuCollapsedLangAsInSettingsLingua_17-47-03 - Fetching the side menu in collapsed view
17:47:47 [TestNG-test-Yt Master Tests-1] INFO  verifyingSideMenuCollapsedLangAsInSettingsLingua_17-47-03 - [verifyingSideMenuCollapsedLangAsInSettingsLingua_17-47-03] Finding elements list: By.xpath: //ytd-mini-guide-renderer[@class='style-scope ytd-app']//ytd-mini-guide-entry-renderer
17:47:47 [TestNG-test-Yt Master Tests-1] INFO  verifyingSideMenuCollapsedLangAsInSettingsLingua_17-47-03 - [verifyingSideMenuCollapsedLangAsInSettingsLingua_17-47-03] Found 4 ready elements (attempt 1): By.xpath: //ytd-mini-guide-renderer[@class='style-scope ytd-app']//ytd-mini-guide-entry-renderer
17:47:47 [TestNG-test-Yt Master Tests-1] INFO  verifyingSideMenuCollapsedLangAsInSettingsLingua_17-47-03 - 
========== LANGUAGE DETECTION ==========
Detected Language : ESTONIAN
Input Text        : Avaleht Shorts Tellimused Teie
========================================
17:47:47 [TestNG-test-Yt Master Tests-1] INFO  verifyingSideMenuCollapsedLangAsInSettingsLingua_17-47-03 - text sent to lingua is       Avaleht Shorts Tellimused Teie
17:47:47 [TestNG-test-Yt Master Tests-1] INFO  verifyingSideMenuCollapsedLangAsInSettingsLingua_17-47-03 - getLangAttribute() - locating <html> and reading lang property
17:47:47 [TestNG-test-Yt Master Tests-1] INFO  verifyingSideMenuCollapsedLangAsInSettingsLingua_17-47-03 - Language attribute read: et-EE
17:47:47 [TestNG-test-Yt Master Tests-1] INFO  verifyingSideMenuCollapsedLangAsInSettingsLingua_17-47-03 - Clicking settings ellipses button...
17:47:47 [TestNG-test-Yt Master Tests-1] INFO  verifyingSideMenuCollapsedLangAsInSettingsLingua_17-47-03 - [verifyingSideMenuCollapsedLangAsInSettingsLingua_17-47-03] Trying to find element: By.xpath: //ytd-topbar-menu-button-renderer[@class='style-scope ytd-masthead style-default']
17:47:47 [TestNG-test-Yt Master Tests-1] INFO  verifyingSideMenuCollapsedLangAsInSettingsLingua_17-47-03 - [verifyingSideMenuCollapsedLangAsInSettingsLingua_17-47-03] Element found and ready (attempt 1): By.xpath: //ytd-topbar-menu-button-renderer[@class='style-scope ytd-masthead style-default']
17:47:47 [TestNG-test-Yt Master Tests-1] INFO  verifyingSideMenuCollapsedLangAsInSettingsLingua_17-47-03 - Clicking language dropdown...
17:47:47 [TestNG-test-Yt Master Tests-1] INFO  verifyingSideMenuCollapsedLangAsInSettingsLingua_17-47-03 - [verifyingSideMenuCollapsedLangAsInSettingsLingua_17-47-03] Trying to find element: By.xpath: (//div[@id='content-icon'])[2]
17:47:48 [TestNG-test-Yt Master Tests-1] INFO  verifyingSideMenuCollapsedLangAsInSettingsLingua_17-47-03 - [verifyingSideMenuCollapsedLangAsInSettingsLingua_17-47-03] Element found and ready (attempt 1): By.xpath: (//div[@id='content-icon'])[2]
17:47:48 [TestNG-test-Yt Master Tests-1] INFO  verifyingSideMenuCollapsedLangAsInSettingsLingua_17-47-03 - Looking for language element with name: English (India)
17:47:48 [TestNG-test-Yt Master Tests-1] INFO  verifyingSideMenuCollapsedLangAsInSettingsLingua_17-47-03 - [verifyingSideMenuCollapsedLangAsInSettingsLingua_17-47-03] Trying to find element: By.xpath: //yt-multi-page-menu-section-renderer[@class='style-scope ytd-multi-page-menu-renderer']//yt-formatted-string[@id='label' and text()='English (India)']
17:47:49 [TestNG-test-Yt Master Tests-1] INFO  verifyingSideMenuCollapsedLangAsInSettingsLingua_17-47-03 - [verifyingSideMenuCollapsedLangAsInSettingsLingua_17-47-03] Element found and ready (attempt 1): By.xpath: //yt-multi-page-menu-section-renderer[@class='style-scope ytd-multi-page-menu-renderer']//yt-formatted-string[@id='label' and text()='English (India)']
17:47:49 [TestNG-test-Yt Master Tests-1] INFO  verifyingSideMenuCollapsedLangAsInSettingsLingua_17-47-03 - [verifyingSideMenuCollapsedLangAsInSettingsLingua_17-47-03] Trying to find element: By.xpath: //yt-multi-page-menu-section-renderer[@class='style-scope ytd-multi-page-menu-renderer']//yt-formatted-string[@id='label' and text()='English (India)']
17:47:49 [TestNG-test-Yt Master Tests-1] INFO  verifyingSideMenuCollapsedLangAsInSettingsLingua_17-47-03 - [verifyingSideMenuCollapsedLangAsInSettingsLingua_17-47-03] Element found and ready (attempt 1): By.xpath: //yt-multi-page-menu-section-renderer[@class='style-scope ytd-multi-page-menu-renderer']//yt-formatted-string[@id='label' and text()='English (India)']
17:47:50 [TestNG-test-Yt Master Tests-1] INFO  verifyingSideMenuCollapsedLangAsInSettingsLingua_17-47-03 - Clicking settings ellipses button...
17:47:50 [TestNG-test-Yt Master Tests-1] INFO  verifyingSideMenuCollapsedLangAsInSettingsLingua_17-47-03 - [verifyingSideMenuCollapsedLangAsInSettingsLingua_17-47-03] Trying to find element: By.xpath: //ytd-topbar-menu-button-renderer[@class='style-scope ytd-masthead style-default']
17:47:50 [TestNG-test-Yt Master Tests-1] INFO  verifyingSideMenuCollapsedLangAsInSettingsLingua_17-47-03 - [verifyingSideMenuCollapsedLangAsInSettingsLingua_17-47-03] Element found and ready (attempt 1): By.xpath: //ytd-topbar-menu-button-renderer[@class='style-scope ytd-masthead style-default']
17:47:50 [TestNG-test-Yt Master Tests-1] INFO  verifyingSideMenuCollapsedLangAsInSettingsLingua_17-47-03 - [verifyingSideMenuCollapsedLangAsInSettingsLingua_17-47-03] Waiting until element is visible in viewport
17:47:51 [TestNG-test-Yt Master Tests-1] INFO  verifyingSideMenuCollapsedLangAsInSettingsLingua_17-47-03 - Clicking settings ellipses button...
17:47:51 [TestNG-test-Yt Master Tests-1] INFO  verifyingSideMenuCollapsedLangAsInSettingsLingua_17-47-03 - [verifyingSideMenuCollapsedLangAsInSettingsLingua_17-47-03] Trying to find element: By.xpath: //ytd-topbar-menu-button-renderer[@class='style-scope ytd-masthead style-default']
17:47:51 [TestNG-test-Yt Master Tests-1] INFO  verifyingSideMenuCollapsedLangAsInSettingsLingua_17-47-03 - [verifyingSideMenuCollapsedLangAsInSettingsLingua_17-47-03] Element found and ready (attempt 1): By.xpath: //ytd-topbar-menu-button-renderer[@class='style-scope ytd-masthead style-default']
17:47:51 [TestNG-test-Yt Master Tests-1] INFO  verifyingSideMenuCollapsedLangAsInSettingsLingua_17-47-03 - getLangAttribute() - locating <html> and reading lang property
17:47:51 [TestNG-test-Yt Master Tests-1] INFO  verifyingSideMenuCollapsedLangAsInSettingsLingua_17-47-03 - Language attribute read: en-IN
17:47:51 [TestNG-test-Yt Master Tests-1] INFO  verifyingSideMenuCollapsedLangAsInSettingsLingua_17-47-03 - Fetching the side menu in collapsed view
17:47:51 [TestNG-test-Yt Master Tests-1] INFO  verifyingSideMenuCollapsedLangAsInSettingsLingua_17-47-03 - [verifyingSideMenuCollapsedLangAsInSettingsLingua_17-47-03] Finding elements list: By.xpath: //ytd-mini-guide-renderer[@class='style-scope ytd-app']//ytd-mini-guide-entry-renderer
17:47:51 [TestNG-test-Yt Master Tests-1] INFO  verifyingSideMenuCollapsedLangAsInSettingsLingua_17-47-03 - [verifyingSideMenuCollapsedLangAsInSettingsLingua_17-47-03] Found 4 ready elements (attempt 1): By.xpath: //ytd-mini-guide-renderer[@class='style-scope ytd-app']//ytd-mini-guide-entry-renderer
17:47:51 [TestNG-test-Yt Master Tests-1] INFO  verifyingSideMenuCollapsedLangAsInSettingsLingua_17-47-03 - 
========== LANGUAGE DETECTION ==========
Detected Language : ENGLISH
Input Text        : Home Shorts Subscriptions You
========================================
17:47:51 [TestNG-test-Yt Master Tests-1] INFO  verifyingSideMenuCollapsedLangAsInSettingsLingua_17-47-03 - text sent to lingua is       Home Shorts Subscriptions You
17:47:51 [TestNG-test-Yt Master Tests-1] INFO  verifyingSideMenuCollapsedLangAsInSettingsLingua_17-47-03 - getLangAttribute() - locating <html> and reading lang property
17:47:51 [TestNG-test-Yt Master Tests-1] INFO  verifyingSideMenuCollapsedLangAsInSettingsLingua_17-47-03 - Language attribute read: en-IN
17:47:51 [TestNG-test-Yt Master Tests-1] INFO  verifyingSideMenuCollapsedLangAsInSettingsLingua_17-47-03 - Clicking settings ellipses button...
17:47:51 [TestNG-test-Yt Master Tests-1] INFO  verifyingSideMenuCollapsedLangAsInSettingsLingua_17-47-03 - [verifyingSideMenuCollapsedLangAsInSettingsLingua_17-47-03] Trying to find element: By.xpath: //ytd-topbar-menu-button-renderer[@class='style-scope ytd-masthead style-default']
17:47:51 [TestNG-test-Yt Master Tests-1] INFO  verifyingSideMenuCollapsedLangAsInSettingsLingua_17-47-03 - [verifyingSideMenuCollapsedLangAsInSettingsLingua_17-47-03] Element found and ready (attempt 1): By.xpath: //ytd-topbar-menu-button-renderer[@class='style-scope ytd-masthead style-default']
17:47:51 [TestNG-test-Yt Master Tests-1] INFO  verifyingSideMenuCollapsedLangAsInSettingsLingua_17-47-03 - Clicking language dropdown...
17:47:51 [TestNG-test-Yt Master Tests-1] INFO  verifyingSideMenuCollapsedLangAsInSettingsLingua_17-47-03 - [verifyingSideMenuCollapsedLangAsInSettingsLingua_17-47-03] Trying to find element: By.xpath: (//div[@id='content-icon'])[2]
17:47:52 [TestNG-test-Yt Master Tests-1] INFO  verifyingSideMenuCollapsedLangAsInSettingsLingua_17-47-03 - [verifyingSideMenuCollapsedLangAsInSettingsLingua_17-47-03] Element found and ready (attempt 1): By.xpath: (//div[@id='content-icon'])[2]
17:47:52 [TestNG-test-Yt Master Tests-1] INFO  verifyingSideMenuCollapsedLangAsInSettingsLingua_17-47-03 - [verifyingSideMenuCollapsedLangAsInSettingsLingua_17-47-03] Not retrying test 'verifyingSideMenuCollapsedLangAsInSettingsLingua'. Retry count: 0, Cause: The following asserts failed:
	Language detection mismatch for language=Azərbaycan expected [AZERBAIJANI] but found [TURKISH],
	Language detection mismatch for language=Bahasa Indonesia expected [INDONESIAN] but found [ENGLISH],
	Language detection mismatch for language=Bosanski expected [CROATIAN] but found [BOSNIAN]
