18:57:22 [TestNG-test-Yt Master Tests-2] INFO  verifyingSideMenuCollapsedLangAsInSettings_18-57-22 - No existing WebDriver found for current thread. Initializing a new ChromeDriver...
18:57:22 [TestNG-test-Yt Master Tests-2] INFO  verifyingSideMenuCollapsedLangAsInSettings_18-57-22 - WebDriverManager: chromedriver setup OK
18:57:24 [TestNG-test-Yt Master Tests-2] INFO  verifyingSideMenuCollapsedLangAsInSettings_18-57-22 - ChromeDriver initialized successfully for thread: 35
18:57:24 [TestNG-test-Yt Master Tests-2] INFO  verifyingSideMenuCollapsedLangAsInSettings_18-57-22 - SafeActions initialized with driver ChromeDriver: chrome on windows (b87615bc3e97c120ae150804895e5d9d)
18:57:24 [TestNG-test-Yt Master Tests-2] INFO  verifyingSideMenuCollapsedLangAsInSettings_18-57-22 - Initialized YtLandingPage with driver: ChromeDriver: chrome on windows (b87615bc3e97c120ae150804895e5d9d)
18:57:24 [TestNG-test-Yt Master Tests-2] INFO  verifyingSideMenuCollapsedLangAsInSettings_18-57-22 - SafeActions initialized with driver ChromeDriver: chrome on windows (b87615bc3e97c120ae150804895e5d9d)
18:57:27 [TestNG-test-Yt Master Tests-2] INFO  verifyingSideMenuCollapsedLangAsInSettings_18-57-22 - Opened YouTube landing page.
18:57:27 [TestNG-test-Yt Master Tests-2] INFO  verifyingSideMenuCollapsedLangAsInSettings_18-57-22 - Clicking left ellipses in the landing page
18:57:27 [TestNG-test-Yt Master Tests-2] INFO  verifyingSideMenuCollapsedLangAsInSettings_18-57-22 - [verifyingSideMenuCollapsedLangAsInSettings_18-57-22] Trying to find element: By.xpath: //ytd-topbar-logo-renderer[@id='logo']/preceding-sibling::*[@id='guide-button']
18:57:28 [TestNG-test-Yt Master Tests-2] INFO  verifyingSideMenuCollapsedLangAsInSettings_18-57-22 - [verifyingSideMenuCollapsedLangAsInSettings_18-57-22] Element found and ready (attempt 1): By.xpath: //ytd-topbar-logo-renderer[@id='logo']/preceding-sibling::*[@id='guide-button']
18:57:28 [TestNG-test-Yt Master Tests-2] INFO  verifyingSideMenuCollapsedLangAsInSettings_18-57-22 - Clicking settings ellipses button...
18:57:28 [TestNG-test-Yt Master Tests-2] INFO  verifyingSideMenuCollapsedLangAsInSettings_18-57-22 - [verifyingSideMenuCollapsedLangAsInSettings_18-57-22] Trying to find element: By.xpath: //ytd-topbar-menu-button-renderer[@class='style-scope ytd-masthead style-default']
18:57:29 [TestNG-test-Yt Master Tests-2] INFO  verifyingSideMenuCollapsedLangAsInSettings_18-57-22 - [verifyingSideMenuCollapsedLangAsInSettings_18-57-22] Element found and ready (attempt 1): By.xpath: //ytd-topbar-menu-button-renderer[@class='style-scope ytd-masthead style-default']
18:57:29 [TestNG-test-Yt Master Tests-2] INFO  verifyingSideMenuCollapsedLangAsInSettings_18-57-22 - Clicking language dropdown...
18:57:29 [TestNG-test-Yt Master Tests-2] INFO  verifyingSideMenuCollapsedLangAsInSettings_18-57-22 - [verifyingSideMenuCollapsedLangAsInSettings_18-57-22] Trying to find element: By.xpath: (//div[@id='content-icon'])[2]
18:57:29 [TestNG-test-Yt Master Tests-2] INFO  verifyingSideMenuCollapsedLangAsInSettings_18-57-22 - [verifyingSideMenuCollapsedLangAsInSettings_18-57-22] Element found and ready (attempt 1): By.xpath: (//div[@id='content-icon'])[2]
18:57:30 [TestNG-test-Yt Master Tests-2] INFO  verifyingSideMenuCollapsedLangAsInSettings_18-57-22 - [verifyingSideMenuCollapsedLangAsInSettings_18-57-22] Execution is scheduled type /CRON Job on CI Hence refering to CI keys from UtilData
18:57:30 [TestNG-test-Yt Master Tests-2] INFO  verifyingSideMenuCollapsedLangAsInSettings_18-57-22 - Looking for language element with name: Afrikaans
18:57:30 [TestNG-test-Yt Master Tests-2] INFO  verifyingSideMenuCollapsedLangAsInSettings_18-57-22 - [verifyingSideMenuCollapsedLangAsInSettings_18-57-22] Trying to find element: By.xpath: //yt-multi-page-menu-section-renderer[@class='style-scope ytd-multi-page-menu-renderer']//yt-formatted-string[@id='label' and text()='Afrikaans']
18:57:30 [TestNG-test-Yt Master Tests-2] INFO  verifyingSideMenuCollapsedLangAsInSettings_18-57-22 - [verifyingSideMenuCollapsedLangAsInSettings_18-57-22] Element found and ready (attempt 1): By.xpath: //yt-multi-page-menu-section-renderer[@class='style-scope ytd-multi-page-menu-renderer']//yt-formatted-string[@id='label' and text()='Afrikaans']
18:57:30 [TestNG-test-Yt Master Tests-2] INFO  verifyingSideMenuCollapsedLangAsInSettings_18-57-22 - [verifyingSideMenuCollapsedLangAsInSettings_18-57-22] Trying to find element: By.xpath: //yt-multi-page-menu-section-renderer[@class='style-scope ytd-multi-page-menu-renderer']//yt-formatted-string[@id='label' and text()='Afrikaans']
18:57:30 [TestNG-test-Yt Master Tests-2] INFO  verifyingSideMenuCollapsedLangAsInSettings_18-57-22 - [verifyingSideMenuCollapsedLangAsInSettings_18-57-22] Element found and ready (attempt 1): By.xpath: //yt-multi-page-menu-section-renderer[@class='style-scope ytd-multi-page-menu-renderer']//yt-formatted-string[@id='label' and text()='Afrikaans']
18:57:33 [TestNG-test-Yt Master Tests-2] INFO  verifyingSideMenuCollapsedLangAsInSettings_18-57-22 - Clicking settings ellipses button...
18:57:33 [TestNG-test-Yt Master Tests-2] INFO  verifyingSideMenuCollapsedLangAsInSettings_18-57-22 - [verifyingSideMenuCollapsedLangAsInSettings_18-57-22] Trying to find element: By.xpath: //ytd-topbar-menu-button-renderer[@class='style-scope ytd-masthead style-default']
18:57:33 [TestNG-test-Yt Master Tests-2] INFO  verifyingSideMenuCollapsedLangAsInSettings_18-57-22 - [verifyingSideMenuCollapsedLangAsInSettings_18-57-22] Element found and ready (attempt 1): By.xpath: //ytd-topbar-menu-button-renderer[@class='style-scope ytd-masthead style-default']
18:57:33 [TestNG-test-Yt Master Tests-2] INFO  verifyingSideMenuCollapsedLangAsInSettings_18-57-22 - [verifyingSideMenuCollapsedLangAsInSettings_18-57-22] Waiting until element is visible in viewport
18:57:35 [TestNG-test-Yt Master Tests-2] INFO  verifyingSideMenuCollapsedLangAsInSettings_18-57-22 - Clicking settings ellipses button...
18:57:35 [TestNG-test-Yt Master Tests-2] INFO  verifyingSideMenuCollapsedLangAsInSettings_18-57-22 - [verifyingSideMenuCollapsedLangAsInSettings_18-57-22] Trying to find element: By.xpath: //ytd-topbar-menu-button-renderer[@class='style-scope ytd-masthead style-default']
18:57:35 [TestNG-test-Yt Master Tests-2] INFO  verifyingSideMenuCollapsedLangAsInSettings_18-57-22 - [verifyingSideMenuCollapsedLangAsInSettings_18-57-22] Element found and ready (attempt 1): By.xpath: //ytd-topbar-menu-button-renderer[@class='style-scope ytd-masthead style-default']
18:57:35 [TestNG-test-Yt Master Tests-2] INFO  verifyingSideMenuCollapsedLangAsInSettings_18-57-22 - getLangAttribute() - locating <html> and reading lang property
18:57:35 [TestNG-test-Yt Master Tests-2] INFO  verifyingSideMenuCollapsedLangAsInSettings_18-57-22 - Language attribute read: af-ZA
18:57:35 [TestNG-test-Yt Master Tests-2] INFO  verifyingSideMenuCollapsedLangAsInSettings_18-57-22 - Fetching the side menu in collapsed view
18:57:35 [TestNG-test-Yt Master Tests-2] INFO  verifyingSideMenuCollapsedLangAsInSettings_18-57-22 - [verifyingSideMenuCollapsedLangAsInSettings_18-57-22] Finding elements list: By.xpath: //ytd-mini-guide-renderer[@class='style-scope ytd-app']//ytd-mini-guide-entry-renderer
18:57:35 [TestNG-test-Yt Master Tests-2] INFO  verifyingSideMenuCollapsedLangAsInSettings_18-57-22 - [verifyingSideMenuCollapsedLangAsInSettings_18-57-22] Found 4 ready elements (attempt 1): By.xpath: //ytd-mini-guide-renderer[@class='style-scope ytd-app']//ytd-mini-guide-entry-renderer
18:57:35 [TestNG-test-Yt Master Tests-2] INFO  verifyingSideMenuCollapsedLangAsInSettings_18-57-22 - Clicking settings ellipses button...
18:57:35 [TestNG-test-Yt Master Tests-2] INFO  verifyingSideMenuCollapsedLangAsInSettings_18-57-22 - [verifyingSideMenuCollapsedLangAsInSettings_18-57-22] Trying to find element: By.xpath: //ytd-topbar-menu-button-renderer[@class='style-scope ytd-masthead style-default']
18:57:35 [TestNG-test-Yt Master Tests-2] INFO  verifyingSideMenuCollapsedLangAsInSettings_18-57-22 - [verifyingSideMenuCollapsedLangAsInSettings_18-57-22] Element found and ready (attempt 1): By.xpath: //ytd-topbar-menu-button-renderer[@class='style-scope ytd-masthead style-default']
18:57:36 [TestNG-test-Yt Master Tests-2] INFO  verifyingSideMenuCollapsedLangAsInSettings_18-57-22 - Clicking language dropdown...
18:57:36 [TestNG-test-Yt Master Tests-2] INFO  verifyingSideMenuCollapsedLangAsInSettings_18-57-22 - [verifyingSideMenuCollapsedLangAsInSettings_18-57-22] Trying to find element: By.xpath: (//div[@id='content-icon'])[2]
18:57:36 [TestNG-test-Yt Master Tests-2] INFO  verifyingSideMenuCollapsedLangAsInSettings_18-57-22 - [verifyingSideMenuCollapsedLangAsInSettings_18-57-22] Element found and ready (attempt 1): By.xpath: (//div[@id='content-icon'])[2]
18:57:37 [TestNG-test-Yt Master Tests-2] INFO  verifyingSideMenuCollapsedLangAsInSettings_18-57-22 - Looking for language element with name: Azərbaycan
18:57:37 [TestNG-test-Yt Master Tests-2] INFO  verifyingSideMenuCollapsedLangAsInSettings_18-57-22 - [verifyingSideMenuCollapsedLangAsInSettings_18-57-22] Trying to find element: By.xpath: //yt-multi-page-menu-section-renderer[@class='style-scope ytd-multi-page-menu-renderer']//yt-formatted-string[@id='label' and text()='Azərbaycan']
18:57:37 [TestNG-test-Yt Master Tests-2] INFO  verifyingSideMenuCollapsedLangAsInSettings_18-57-22 - [verifyingSideMenuCollapsedLangAsInSettings_18-57-22] Element found and ready (attempt 1): By.xpath: //yt-multi-page-menu-section-renderer[@class='style-scope ytd-multi-page-menu-renderer']//yt-formatted-string[@id='label' and text()='Azərbaycan']
18:57:37 [TestNG-test-Yt Master Tests-2] INFO  verifyingSideMenuCollapsedLangAsInSettings_18-57-22 - [verifyingSideMenuCollapsedLangAsInSettings_18-57-22] Trying to find element: By.xpath: //yt-multi-page-menu-section-renderer[@class='style-scope ytd-multi-page-menu-renderer']//yt-formatted-string[@id='label' and text()='Azərbaycan']
18:57:37 [TestNG-test-Yt Master Tests-2] INFO  verifyingSideMenuCollapsedLangAsInSettings_18-57-22 - [verifyingSideMenuCollapsedLangAsInSettings_18-57-22] Element found and ready (attempt 1): By.xpath: //yt-multi-page-menu-section-renderer[@class='style-scope ytd-multi-page-menu-renderer']//yt-formatted-string[@id='label' and text()='Azərbaycan']
18:57:39 [TestNG-test-Yt Master Tests-2] INFO  verifyingSideMenuCollapsedLangAsInSettings_18-57-22 - Clicking settings ellipses button...
18:57:39 [TestNG-test-Yt Master Tests-2] INFO  verifyingSideMenuCollapsedLangAsInSettings_18-57-22 - [verifyingSideMenuCollapsedLangAsInSettings_18-57-22] Trying to find element: By.xpath: //ytd-topbar-menu-button-renderer[@class='style-scope ytd-masthead style-default']
18:57:39 [TestNG-test-Yt Master Tests-2] INFO  verifyingSideMenuCollapsedLangAsInSettings_18-57-22 - [verifyingSideMenuCollapsedLangAsInSettings_18-57-22] Element found and ready (attempt 1): By.xpath: //ytd-topbar-menu-button-renderer[@class='style-scope ytd-masthead style-default']
18:57:39 [TestNG-test-Yt Master Tests-2] INFO  verifyingSideMenuCollapsedLangAsInSettings_18-57-22 - [verifyingSideMenuCollapsedLangAsInSettings_18-57-22] Waiting until element is visible in viewport
18:57:40 [TestNG-test-Yt Master Tests-2] INFO  verifyingSideMenuCollapsedLangAsInSettings_18-57-22 - Clicking settings ellipses button...
18:57:40 [TestNG-test-Yt Master Tests-2] INFO  verifyingSideMenuCollapsedLangAsInSettings_18-57-22 - [verifyingSideMenuCollapsedLangAsInSettings_18-57-22] Trying to find element: By.xpath: //ytd-topbar-menu-button-renderer[@class='style-scope ytd-masthead style-default']
18:57:40 [TestNG-test-Yt Master Tests-2] INFO  verifyingSideMenuCollapsedLangAsInSettings_18-57-22 - [verifyingSideMenuCollapsedLangAsInSettings_18-57-22] Element found and ready (attempt 1): By.xpath: //ytd-topbar-menu-button-renderer[@class='style-scope ytd-masthead style-default']
18:57:40 [TestNG-test-Yt Master Tests-2] INFO  verifyingSideMenuCollapsedLangAsInSettings_18-57-22 - getLangAttribute() - locating <html> and reading lang property
18:57:40 [TestNG-test-Yt Master Tests-2] INFO  verifyingSideMenuCollapsedLangAsInSettings_18-57-22 - Language attribute read: az-Latn-AZ
18:57:40 [TestNG-test-Yt Master Tests-2] INFO  verifyingSideMenuCollapsedLangAsInSettings_18-57-22 - Fetching the side menu in collapsed view
18:57:40 [TestNG-test-Yt Master Tests-2] INFO  verifyingSideMenuCollapsedLangAsInSettings_18-57-22 - [verifyingSideMenuCollapsedLangAsInSettings_18-57-22] Finding elements list: By.xpath: //ytd-mini-guide-renderer[@class='style-scope ytd-app']//ytd-mini-guide-entry-renderer
18:57:40 [TestNG-test-Yt Master Tests-2] INFO  verifyingSideMenuCollapsedLangAsInSettings_18-57-22 - [verifyingSideMenuCollapsedLangAsInSettings_18-57-22] Found 4 ready elements (attempt 1): By.xpath: //ytd-mini-guide-renderer[@class='style-scope ytd-app']//ytd-mini-guide-entry-renderer
18:57:41 [TestNG-test-Yt Master Tests-2] INFO  verifyingSideMenuCollapsedLangAsInSettings_18-57-22 - Clicking settings ellipses button...
18:57:41 [TestNG-test-Yt Master Tests-2] INFO  verifyingSideMenuCollapsedLangAsInSettings_18-57-22 - [verifyingSideMenuCollapsedLangAsInSettings_18-57-22] Trying to find element: By.xpath: //ytd-topbar-menu-button-renderer[@class='style-scope ytd-masthead style-default']
18:57:41 [TestNG-test-Yt Master Tests-2] INFO  verifyingSideMenuCollapsedLangAsInSettings_18-57-22 - [verifyingSideMenuCollapsedLangAsInSettings_18-57-22] Element found and ready (attempt 1): By.xpath: //ytd-topbar-menu-button-renderer[@class='style-scope ytd-masthead style-default']
18:57:41 [TestNG-test-Yt Master Tests-2] INFO  verifyingSideMenuCollapsedLangAsInSettings_18-57-22 - Clicking language dropdown...
18:57:41 [TestNG-test-Yt Master Tests-2] INFO  verifyingSideMenuCollapsedLangAsInSettings_18-57-22 - [verifyingSideMenuCollapsedLangAsInSettings_18-57-22] Trying to find element: By.xpath: (//div[@id='content-icon'])[2]
18:57:41 [TestNG-test-Yt Master Tests-2] INFO  verifyingSideMenuCollapsedLangAsInSettings_18-57-22 - [verifyingSideMenuCollapsedLangAsInSettings_18-57-22] Element found and ready (attempt 1): By.xpath: (//div[@id='content-icon'])[2]
18:57:42 [TestNG-test-Yt Master Tests-2] INFO  verifyingSideMenuCollapsedLangAsInSettings_18-57-22 - Looking for language element with name: Bahasa Indonesia
18:57:42 [TestNG-test-Yt Master Tests-2] INFO  verifyingSideMenuCollapsedLangAsInSettings_18-57-22 - [verifyingSideMenuCollapsedLangAsInSettings_18-57-22] Trying to find element: By.xpath: //yt-multi-page-menu-section-renderer[@class='style-scope ytd-multi-page-menu-renderer']//yt-formatted-string[@id='label' and text()='Bahasa Indonesia']
18:57:42 [TestNG-test-Yt Master Tests-2] INFO  verifyingSideMenuCollapsedLangAsInSettings_18-57-22 - [verifyingSideMenuCollapsedLangAsInSettings_18-57-22] Element found and ready (attempt 1): By.xpath: //yt-multi-page-menu-section-renderer[@class='style-scope ytd-multi-page-menu-renderer']//yt-formatted-string[@id='label' and text()='Bahasa Indonesia']
18:57:42 [TestNG-test-Yt Master Tests-2] INFO  verifyingSideMenuCollapsedLangAsInSettings_18-57-22 - [verifyingSideMenuCollapsedLangAsInSettings_18-57-22] Trying to find element: By.xpath: //yt-multi-page-menu-section-renderer[@class='style-scope ytd-multi-page-menu-renderer']//yt-formatted-string[@id='label' and text()='Bahasa Indonesia']
18:57:42 [TestNG-test-Yt Master Tests-2] INFO  verifyingSideMenuCollapsedLangAsInSettings_18-57-22 - [verifyingSideMenuCollapsedLangAsInSettings_18-57-22] Element found and ready (attempt 1): By.xpath: //yt-multi-page-menu-section-renderer[@class='style-scope ytd-multi-page-menu-renderer']//yt-formatted-string[@id='label' and text()='Bahasa Indonesia']
18:57:45 [TestNG-test-Yt Master Tests-2] INFO  verifyingSideMenuCollapsedLangAsInSettings_18-57-22 - Clicking settings ellipses button...
18:57:45 [TestNG-test-Yt Master Tests-2] INFO  verifyingSideMenuCollapsedLangAsInSettings_18-57-22 - [verifyingSideMenuCollapsedLangAsInSettings_18-57-22] Trying to find element: By.xpath: //ytd-topbar-menu-button-renderer[@class='style-scope ytd-masthead style-default']
18:57:45 [TestNG-test-Yt Master Tests-2] INFO  verifyingSideMenuCollapsedLangAsInSettings_18-57-22 - [verifyingSideMenuCollapsedLangAsInSettings_18-57-22] Element found and ready (attempt 1): By.xpath: //ytd-topbar-menu-button-renderer[@class='style-scope ytd-masthead style-default']
18:57:45 [TestNG-test-Yt Master Tests-2] INFO  verifyingSideMenuCollapsedLangAsInSettings_18-57-22 - [verifyingSideMenuCollapsedLangAsInSettings_18-57-22] Waiting until element is visible in viewport
18:57:46 [TestNG-test-Yt Master Tests-2] INFO  verifyingSideMenuCollapsedLangAsInSettings_18-57-22 - Clicking settings ellipses button...
18:57:46 [TestNG-test-Yt Master Tests-2] INFO  verifyingSideMenuCollapsedLangAsInSettings_18-57-22 - [verifyingSideMenuCollapsedLangAsInSettings_18-57-22] Trying to find element: By.xpath: //ytd-topbar-menu-button-renderer[@class='style-scope ytd-masthead style-default']
18:57:46 [TestNG-test-Yt Master Tests-2] INFO  verifyingSideMenuCollapsedLangAsInSettings_18-57-22 - [verifyingSideMenuCollapsedLangAsInSettings_18-57-22] Element found and ready (attempt 1): By.xpath: //ytd-topbar-menu-button-renderer[@class='style-scope ytd-masthead style-default']
18:57:46 [TestNG-test-Yt Master Tests-2] INFO  verifyingSideMenuCollapsedLangAsInSettings_18-57-22 - getLangAttribute() - locating <html> and reading lang property
18:57:46 [TestNG-test-Yt Master Tests-2] INFO  verifyingSideMenuCollapsedLangAsInSettings_18-57-22 - Language attribute read: id-ID
18:57:46 [TestNG-test-Yt Master Tests-2] INFO  verifyingSideMenuCollapsedLangAsInSettings_18-57-22 - Fetching the side menu in collapsed view
18:57:46 [TestNG-test-Yt Master Tests-2] INFO  verifyingSideMenuCollapsedLangAsInSettings_18-57-22 - [verifyingSideMenuCollapsedLangAsInSettings_18-57-22] Finding elements list: By.xpath: //ytd-mini-guide-renderer[@class='style-scope ytd-app']//ytd-mini-guide-entry-renderer
18:57:47 [TestNG-test-Yt Master Tests-2] INFO  verifyingSideMenuCollapsedLangAsInSettings_18-57-22 - [verifyingSideMenuCollapsedLangAsInSettings_18-57-22] Found 4 ready elements (attempt 1): By.xpath: //ytd-mini-guide-renderer[@class='style-scope ytd-app']//ytd-mini-guide-entry-renderer
18:57:47 [TestNG-test-Yt Master Tests-2] INFO  verifyingSideMenuCollapsedLangAsInSettings_18-57-22 - Clicking settings ellipses button...
18:57:47 [TestNG-test-Yt Master Tests-2] INFO  verifyingSideMenuCollapsedLangAsInSettings_18-57-22 - [verifyingSideMenuCollapsedLangAsInSettings_18-57-22] Trying to find element: By.xpath: //ytd-topbar-menu-button-renderer[@class='style-scope ytd-masthead style-default']
18:57:47 [TestNG-test-Yt Master Tests-2] INFO  verifyingSideMenuCollapsedLangAsInSettings_18-57-22 - [verifyingSideMenuCollapsedLangAsInSettings_18-57-22] Element found and ready (attempt 1): By.xpath: //ytd-topbar-menu-button-renderer[@class='style-scope ytd-masthead style-default']
18:57:47 [TestNG-test-Yt Master Tests-2] INFO  verifyingSideMenuCollapsedLangAsInSettings_18-57-22 - Clicking language dropdown...
18:57:47 [TestNG-test-Yt Master Tests-2] INFO  verifyingSideMenuCollapsedLangAsInSettings_18-57-22 - [verifyingSideMenuCollapsedLangAsInSettings_18-57-22] Trying to find element: By.xpath: (//div[@id='content-icon'])[2]
18:57:48 [TestNG-test-Yt Master Tests-2] INFO  verifyingSideMenuCollapsedLangAsInSettings_18-57-22 - [verifyingSideMenuCollapsedLangAsInSettings_18-57-22] Element found and ready (attempt 1): By.xpath: (//div[@id='content-icon'])[2]
18:57:48 [TestNG-test-Yt Master Tests-2] INFO  verifyingSideMenuCollapsedLangAsInSettings_18-57-22 - Looking for language element with name: Bosanski
18:57:48 [TestNG-test-Yt Master Tests-2] INFO  verifyingSideMenuCollapsedLangAsInSettings_18-57-22 - [verifyingSideMenuCollapsedLangAsInSettings_18-57-22] Trying to find element: By.xpath: //yt-multi-page-menu-section-renderer[@class='style-scope ytd-multi-page-menu-renderer']//yt-formatted-string[@id='label' and text()='Bosanski']
18:57:49 [TestNG-test-Yt Master Tests-2] INFO  verifyingSideMenuCollapsedLangAsInSettings_18-57-22 - [verifyingSideMenuCollapsedLangAsInSettings_18-57-22] Element found and ready (attempt 1): By.xpath: //yt-multi-page-menu-section-renderer[@class='style-scope ytd-multi-page-menu-renderer']//yt-formatted-string[@id='label' and text()='Bosanski']
18:57:49 [TestNG-test-Yt Master Tests-2] INFO  verifyingSideMenuCollapsedLangAsInSettings_18-57-22 - [verifyingSideMenuCollapsedLangAsInSettings_18-57-22] Trying to find element: By.xpath: //yt-multi-page-menu-section-renderer[@class='style-scope ytd-multi-page-menu-renderer']//yt-formatted-string[@id='label' and text()='Bosanski']
18:57:49 [TestNG-test-Yt Master Tests-2] INFO  verifyingSideMenuCollapsedLangAsInSettings_18-57-22 - [verifyingSideMenuCollapsedLangAsInSettings_18-57-22] Element found and ready (attempt 1): By.xpath: //yt-multi-page-menu-section-renderer[@class='style-scope ytd-multi-page-menu-renderer']//yt-formatted-string[@id='label' and text()='Bosanski']
18:57:50 [TestNG-test-Yt Master Tests-2] INFO  verifyingSideMenuCollapsedLangAsInSettings_18-57-22 - Clicking settings ellipses button...
18:57:50 [TestNG-test-Yt Master Tests-2] INFO  verifyingSideMenuCollapsedLangAsInSettings_18-57-22 - [verifyingSideMenuCollapsedLangAsInSettings_18-57-22] Trying to find element: By.xpath: //ytd-topbar-menu-button-renderer[@class='style-scope ytd-masthead style-default']
18:57:50 [TestNG-test-Yt Master Tests-2] INFO  verifyingSideMenuCollapsedLangAsInSettings_18-57-22 - [verifyingSideMenuCollapsedLangAsInSettings_18-57-22] Element found and ready (attempt 1): By.xpath: //ytd-topbar-menu-button-renderer[@class='style-scope ytd-masthead style-default']
18:57:51 [TestNG-test-Yt Master Tests-2] INFO  verifyingSideMenuCollapsedLangAsInSettings_18-57-22 - [verifyingSideMenuCollapsedLangAsInSettings_18-57-22] Waiting until element is visible in viewport
18:57:51 [TestNG-test-Yt Master Tests-2] INFO  verifyingSideMenuCollapsedLangAsInSettings_18-57-22 - Clicking settings ellipses button...
18:57:51 [TestNG-test-Yt Master Tests-2] INFO  verifyingSideMenuCollapsedLangAsInSettings_18-57-22 - [verifyingSideMenuCollapsedLangAsInSettings_18-57-22] Trying to find element: By.xpath: //ytd-topbar-menu-button-renderer[@class='style-scope ytd-masthead style-default']
18:57:51 [TestNG-test-Yt Master Tests-2] INFO  verifyingSideMenuCollapsedLangAsInSettings_18-57-22 - [verifyingSideMenuCollapsedLangAsInSettings_18-57-22] Element found and ready (attempt 1): By.xpath: //ytd-topbar-menu-button-renderer[@class='style-scope ytd-masthead style-default']
18:57:51 [TestNG-test-Yt Master Tests-2] INFO  verifyingSideMenuCollapsedLangAsInSettings_18-57-22 - getLangAttribute() - locating <html> and reading lang property
18:57:52 [TestNG-test-Yt Master Tests-2] INFO  verifyingSideMenuCollapsedLangAsInSettings_18-57-22 - Language attribute read: bs-Latn-BA
18:57:52 [TestNG-test-Yt Master Tests-2] INFO  verifyingSideMenuCollapsedLangAsInSettings_18-57-22 - Fetching the side menu in collapsed view
18:57:52 [TestNG-test-Yt Master Tests-2] INFO  verifyingSideMenuCollapsedLangAsInSettings_18-57-22 - [verifyingSideMenuCollapsedLangAsInSettings_18-57-22] Finding elements list: By.xpath: //ytd-mini-guide-renderer[@class='style-scope ytd-app']//ytd-mini-guide-entry-renderer
18:57:52 [TestNG-test-Yt Master Tests-2] INFO  verifyingSideMenuCollapsedLangAsInSettings_18-57-22 - [verifyingSideMenuCollapsedLangAsInSettings_18-57-22] Found 4 ready elements (attempt 1): By.xpath: //ytd-mini-guide-renderer[@class='style-scope ytd-app']//ytd-mini-guide-entry-renderer
18:57:52 [TestNG-test-Yt Master Tests-2] INFO  verifyingSideMenuCollapsedLangAsInSettings_18-57-22 - Clicking settings ellipses button...
18:57:52 [TestNG-test-Yt Master Tests-2] INFO  verifyingSideMenuCollapsedLangAsInSettings_18-57-22 - [verifyingSideMenuCollapsedLangAsInSettings_18-57-22] Trying to find element: By.xpath: //ytd-topbar-menu-button-renderer[@class='style-scope ytd-masthead style-default']
18:57:52 [TestNG-test-Yt Master Tests-2] INFO  verifyingSideMenuCollapsedLangAsInSettings_18-57-22 - [verifyingSideMenuCollapsedLangAsInSettings_18-57-22] Element found and ready (attempt 1): By.xpath: //ytd-topbar-menu-button-renderer[@class='style-scope ytd-masthead style-default']
18:57:52 [TestNG-test-Yt Master Tests-2] INFO  verifyingSideMenuCollapsedLangAsInSettings_18-57-22 - Clicking language dropdown...
18:57:52 [TestNG-test-Yt Master Tests-2] INFO  verifyingSideMenuCollapsedLangAsInSettings_18-57-22 - [verifyingSideMenuCollapsedLangAsInSettings_18-57-22] Trying to find element: By.xpath: (//div[@id='content-icon'])[2]
18:57:53 [TestNG-test-Yt Master Tests-2] INFO  verifyingSideMenuCollapsedLangAsInSettings_18-57-22 - [verifyingSideMenuCollapsedLangAsInSettings_18-57-22] Element found and ready (attempt 1): By.xpath: (//div[@id='content-icon'])[2]
18:57:54 [TestNG-test-Yt Master Tests-2] INFO  verifyingSideMenuCollapsedLangAsInSettings_18-57-22 - Looking for language element with name: Català
18:57:54 [TestNG-test-Yt Master Tests-2] INFO  verifyingSideMenuCollapsedLangAsInSettings_18-57-22 - [verifyingSideMenuCollapsedLangAsInSettings_18-57-22] Trying to find element: By.xpath: //yt-multi-page-menu-section-renderer[@class='style-scope ytd-multi-page-menu-renderer']//yt-formatted-string[@id='label' and text()='Català']
18:57:54 [TestNG-test-Yt Master Tests-2] INFO  verifyingSideMenuCollapsedLangAsInSettings_18-57-22 - [verifyingSideMenuCollapsedLangAsInSettings_18-57-22] Element found and ready (attempt 1): By.xpath: //yt-multi-page-menu-section-renderer[@class='style-scope ytd-multi-page-menu-renderer']//yt-formatted-string[@id='label' and text()='Català']
18:57:54 [TestNG-test-Yt Master Tests-2] INFO  verifyingSideMenuCollapsedLangAsInSettings_18-57-22 - [verifyingSideMenuCollapsedLangAsInSettings_18-57-22] Trying to find element: By.xpath: //yt-multi-page-menu-section-renderer[@class='style-scope ytd-multi-page-menu-renderer']//yt-formatted-string[@id='label' and text()='Català']
18:57:54 [TestNG-test-Yt Master Tests-2] INFO  verifyingSideMenuCollapsedLangAsInSettings_18-57-22 - [verifyingSideMenuCollapsedLangAsInSettings_18-57-22] Element found and ready (attempt 1): By.xpath: //yt-multi-page-menu-section-renderer[@class='style-scope ytd-multi-page-menu-renderer']//yt-formatted-string[@id='label' and text()='Català']
18:57:55 [TestNG-test-Yt Master Tests-2] INFO  verifyingSideMenuCollapsedLangAsInSettings_18-57-22 - Clicking settings ellipses button...
18:57:55 [TestNG-test-Yt Master Tests-2] INFO  verifyingSideMenuCollapsedLangAsInSettings_18-57-22 - [verifyingSideMenuCollapsedLangAsInSettings_18-57-22] Trying to find element: By.xpath: //ytd-topbar-menu-button-renderer[@class='style-scope ytd-masthead style-default']
18:57:56 [TestNG-test-Yt Master Tests-2] INFO  verifyingSideMenuCollapsedLangAsInSettings_18-57-22 - [verifyingSideMenuCollapsedLangAsInSettings_18-57-22] Element found and ready (attempt 1): By.xpath: //ytd-topbar-menu-button-renderer[@class='style-scope ytd-masthead style-default']
18:57:56 [TestNG-test-Yt Master Tests-2] INFO  verifyingSideMenuCollapsedLangAsInSettings_18-57-22 - [verifyingSideMenuCollapsedLangAsInSettings_18-57-22] Waiting until element is visible in viewport
18:57:57 [TestNG-test-Yt Master Tests-2] INFO  verifyingSideMenuCollapsedLangAsInSettings_18-57-22 - Clicking settings ellipses button...
18:57:57 [TestNG-test-Yt Master Tests-2] INFO  verifyingSideMenuCollapsedLangAsInSettings_18-57-22 - [verifyingSideMenuCollapsedLangAsInSettings_18-57-22] Trying to find element: By.xpath: //ytd-topbar-menu-button-renderer[@class='style-scope ytd-masthead style-default']
18:57:57 [TestNG-test-Yt Master Tests-2] INFO  verifyingSideMenuCollapsedLangAsInSettings_18-57-22 - [verifyingSideMenuCollapsedLangAsInSettings_18-57-22] Element found and ready (attempt 1): By.xpath: //ytd-topbar-menu-button-renderer[@class='style-scope ytd-masthead style-default']
18:57:57 [TestNG-test-Yt Master Tests-2] INFO  verifyingSideMenuCollapsedLangAsInSettings_18-57-22 - getLangAttribute() - locating <html> and reading lang property
18:57:57 [TestNG-test-Yt Master Tests-2] INFO  verifyingSideMenuCollapsedLangAsInSettings_18-57-22 - Language attribute read: ca-ES
18:57:57 [TestNG-test-Yt Master Tests-2] INFO  verifyingSideMenuCollapsedLangAsInSettings_18-57-22 - Fetching the side menu in collapsed view
18:57:57 [TestNG-test-Yt Master Tests-2] INFO  verifyingSideMenuCollapsedLangAsInSettings_18-57-22 - [verifyingSideMenuCollapsedLangAsInSettings_18-57-22] Finding elements list: By.xpath: //ytd-mini-guide-renderer[@class='style-scope ytd-app']//ytd-mini-guide-entry-renderer
18:57:57 [TestNG-test-Yt Master Tests-2] INFO  verifyingSideMenuCollapsedLangAsInSettings_18-57-22 - [verifyingSideMenuCollapsedLangAsInSettings_18-57-22] Found 4 ready elements (attempt 1): By.xpath: //ytd-mini-guide-renderer[@class='style-scope ytd-app']//ytd-mini-guide-entry-renderer
18:57:58 [TestNG-test-Yt Master Tests-2] INFO  verifyingSideMenuCollapsedLangAsInSettings_18-57-22 - Clicking settings ellipses button...
18:57:58 [TestNG-test-Yt Master Tests-2] INFO  verifyingSideMenuCollapsedLangAsInSettings_18-57-22 - [verifyingSideMenuCollapsedLangAsInSettings_18-57-22] Trying to find element: By.xpath: //ytd-topbar-menu-button-renderer[@class='style-scope ytd-masthead style-default']
18:57:59 [TestNG-test-Yt Master Tests-2] INFO  verifyingSideMenuCollapsedLangAsInSettings_18-57-22 - [verifyingSideMenuCollapsedLangAsInSettings_18-57-22] Element found and ready (attempt 1): By.xpath: //ytd-topbar-menu-button-renderer[@class='style-scope ytd-masthead style-default']
18:57:59 [TestNG-test-Yt Master Tests-2] INFO  verifyingSideMenuCollapsedLangAsInSettings_18-57-22 - Clicking language dropdown...
18:57:59 [TestNG-test-Yt Master Tests-2] INFO  verifyingSideMenuCollapsedLangAsInSettings_18-57-22 - [verifyingSideMenuCollapsedLangAsInSettings_18-57-22] Trying to find element: By.xpath: (//div[@id='content-icon'])[2]
18:57:59 [TestNG-test-Yt Master Tests-2] INFO  verifyingSideMenuCollapsedLangAsInSettings_18-57-22 - [verifyingSideMenuCollapsedLangAsInSettings_18-57-22] Element found and ready (attempt 1): By.xpath: (//div[@id='content-icon'])[2]
18:58:00 [TestNG-test-Yt Master Tests-2] INFO  verifyingSideMenuCollapsedLangAsInSettings_18-57-22 - Looking for language element with name: Dansk
18:58:00 [TestNG-test-Yt Master Tests-2] INFO  verifyingSideMenuCollapsedLangAsInSettings_18-57-22 - [verifyingSideMenuCollapsedLangAsInSettings_18-57-22] Trying to find element: By.xpath: //yt-multi-page-menu-section-renderer[@class='style-scope ytd-multi-page-menu-renderer']//yt-formatted-string[@id='label' and text()='Dansk']
18:58:00 [TestNG-test-Yt Master Tests-2] INFO  verifyingSideMenuCollapsedLangAsInSettings_18-57-22 - [verifyingSideMenuCollapsedLangAsInSettings_18-57-22] Element found and ready (attempt 1): By.xpath: //yt-multi-page-menu-section-renderer[@class='style-scope ytd-multi-page-menu-renderer']//yt-formatted-string[@id='label' and text()='Dansk']
18:58:00 [TestNG-test-Yt Master Tests-2] INFO  verifyingSideMenuCollapsedLangAsInSettings_18-57-22 - [verifyingSideMenuCollapsedLangAsInSettings_18-57-22] Trying to find element: By.xpath: //yt-multi-page-menu-section-renderer[@class='style-scope ytd-multi-page-menu-renderer']//yt-formatted-string[@id='label' and text()='Dansk']
18:58:00 [TestNG-test-Yt Master Tests-2] INFO  verifyingSideMenuCollapsedLangAsInSettings_18-57-22 - [verifyingSideMenuCollapsedLangAsInSettings_18-57-22] Element found and ready (attempt 1): By.xpath: //yt-multi-page-menu-section-renderer[@class='style-scope ytd-multi-page-menu-renderer']//yt-formatted-string[@id='label' and text()='Dansk']
18:58:01 [TestNG-test-Yt Master Tests-2] INFO  verifyingSideMenuCollapsedLangAsInSettings_18-57-22 - Clicking settings ellipses button...
18:58:01 [TestNG-test-Yt Master Tests-2] INFO  verifyingSideMenuCollapsedLangAsInSettings_18-57-22 - [verifyingSideMenuCollapsedLangAsInSettings_18-57-22] Trying to find element: By.xpath: //ytd-topbar-menu-button-renderer[@class='style-scope ytd-masthead style-default']
18:58:02 [TestNG-test-Yt Master Tests-2] INFO  verifyingSideMenuCollapsedLangAsInSettings_18-57-22 - [verifyingSideMenuCollapsedLangAsInSettings_18-57-22] Element found and ready (attempt 1): By.xpath: //ytd-topbar-menu-button-renderer[@class='style-scope ytd-masthead style-default']
18:58:02 [TestNG-test-Yt Master Tests-2] INFO  verifyingSideMenuCollapsedLangAsInSettings_18-57-22 - [verifyingSideMenuCollapsedLangAsInSettings_18-57-22] Waiting until element is visible in viewport
18:58:02 [TestNG-test-Yt Master Tests-2] INFO  verifyingSideMenuCollapsedLangAsInSettings_18-57-22 - Clicking settings ellipses button...
18:58:03 [TestNG-test-Yt Master Tests-2] INFO  verifyingSideMenuCollapsedLangAsInSettings_18-57-22 - [verifyingSideMenuCollapsedLangAsInSettings_18-57-22] Trying to find element: By.xpath: //ytd-topbar-menu-button-renderer[@class='style-scope ytd-masthead style-default']
18:58:03 [TestNG-test-Yt Master Tests-2] INFO  verifyingSideMenuCollapsedLangAsInSettings_18-57-22 - [verifyingSideMenuCollapsedLangAsInSettings_18-57-22] Element found and ready (attempt 1): By.xpath: //ytd-topbar-menu-button-renderer[@class='style-scope ytd-masthead style-default']
18:58:03 [TestNG-test-Yt Master Tests-2] INFO  verifyingSideMenuCollapsedLangAsInSettings_18-57-22 - getLangAttribute() - locating <html> and reading lang property
18:58:03 [TestNG-test-Yt Master Tests-2] INFO  verifyingSideMenuCollapsedLangAsInSettings_18-57-22 - Language attribute read: da-DK
18:58:03 [TestNG-test-Yt Master Tests-2] INFO  verifyingSideMenuCollapsedLangAsInSettings_18-57-22 - Fetching the side menu in collapsed view
18:58:03 [TestNG-test-Yt Master Tests-2] INFO  verifyingSideMenuCollapsedLangAsInSettings_18-57-22 - [verifyingSideMenuCollapsedLangAsInSettings_18-57-22] Finding elements list: By.xpath: //ytd-mini-guide-renderer[@class='style-scope ytd-app']//ytd-mini-guide-entry-renderer
18:58:03 [TestNG-test-Yt Master Tests-2] INFO  verifyingSideMenuCollapsedLangAsInSettings_18-57-22 - [verifyingSideMenuCollapsedLangAsInSettings_18-57-22] Found 4 ready elements (attempt 1): By.xpath: //ytd-mini-guide-renderer[@class='style-scope ytd-app']//ytd-mini-guide-entry-renderer
18:58:03 [TestNG-test-Yt Master Tests-2] INFO  verifyingSideMenuCollapsedLangAsInSettings_18-57-22 - Clicking settings ellipses button...
18:58:03 [TestNG-test-Yt Master Tests-2] INFO  verifyingSideMenuCollapsedLangAsInSettings_18-57-22 - [verifyingSideMenuCollapsedLangAsInSettings_18-57-22] Trying to find element: By.xpath: //ytd-topbar-menu-button-renderer[@class='style-scope ytd-masthead style-default']
18:58:03 [TestNG-test-Yt Master Tests-2] INFO  verifyingSideMenuCollapsedLangAsInSettings_18-57-22 - [verifyingSideMenuCollapsedLangAsInSettings_18-57-22] Element found and ready (attempt 1): By.xpath: //ytd-topbar-menu-button-renderer[@class='style-scope ytd-masthead style-default']
18:58:03 [TestNG-test-Yt Master Tests-2] INFO  verifyingSideMenuCollapsedLangAsInSettings_18-57-22 - Clicking language dropdown...
18:58:03 [TestNG-test-Yt Master Tests-2] INFO  verifyingSideMenuCollapsedLangAsInSettings_18-57-22 - [verifyingSideMenuCollapsedLangAsInSettings_18-57-22] Trying to find element: By.xpath: (//div[@id='content-icon'])[2]
18:58:04 [TestNG-test-Yt Master Tests-2] INFO  verifyingSideMenuCollapsedLangAsInSettings_18-57-22 - [verifyingSideMenuCollapsedLangAsInSettings_18-57-22] Element found and ready (attempt 1): By.xpath: (//div[@id='content-icon'])[2]
18:58:04 [TestNG-test-Yt Master Tests-2] INFO  verifyingSideMenuCollapsedLangAsInSettings_18-57-22 - Looking for language element with name: Deutsch
18:58:04 [TestNG-test-Yt Master Tests-2] INFO  verifyingSideMenuCollapsedLangAsInSettings_18-57-22 - [verifyingSideMenuCollapsedLangAsInSettings_18-57-22] Trying to find element: By.xpath: //yt-multi-page-menu-section-renderer[@class='style-scope ytd-multi-page-menu-renderer']//yt-formatted-string[@id='label' and text()='Deutsch']
18:58:04 [TestNG-test-Yt Master Tests-2] INFO  verifyingSideMenuCollapsedLangAsInSettings_18-57-22 - [verifyingSideMenuCollapsedLangAsInSettings_18-57-22] Element found and ready (attempt 1): By.xpath: //yt-multi-page-menu-section-renderer[@class='style-scope ytd-multi-page-menu-renderer']//yt-formatted-string[@id='label' and text()='Deutsch']
18:58:04 [TestNG-test-Yt Master Tests-2] INFO  verifyingSideMenuCollapsedLangAsInSettings_18-57-22 - [verifyingSideMenuCollapsedLangAsInSettings_18-57-22] Trying to find element: By.xpath: //yt-multi-page-menu-section-renderer[@class='style-scope ytd-multi-page-menu-renderer']//yt-formatted-string[@id='label' and text()='Deutsch']
18:58:04 [TestNG-test-Yt Master Tests-2] INFO  verifyingSideMenuCollapsedLangAsInSettings_18-57-22 - [verifyingSideMenuCollapsedLangAsInSettings_18-57-22] Element found and ready (attempt 1): By.xpath: //yt-multi-page-menu-section-renderer[@class='style-scope ytd-multi-page-menu-renderer']//yt-formatted-string[@id='label' and text()='Deutsch']
18:58:06 [TestNG-test-Yt Master Tests-2] INFO  verifyingSideMenuCollapsedLangAsInSettings_18-57-22 - Clicking settings ellipses button...
18:58:06 [TestNG-test-Yt Master Tests-2] INFO  verifyingSideMenuCollapsedLangAsInSettings_18-57-22 - [verifyingSideMenuCollapsedLangAsInSettings_18-57-22] Trying to find element: By.xpath: //ytd-topbar-menu-button-renderer[@class='style-scope ytd-masthead style-default']
18:58:06 [TestNG-test-Yt Master Tests-2] INFO  verifyingSideMenuCollapsedLangAsInSettings_18-57-22 - [verifyingSideMenuCollapsedLangAsInSettings_18-57-22] Element found and ready (attempt 1): By.xpath: //ytd-topbar-menu-button-renderer[@class='style-scope ytd-masthead style-default']
18:58:06 [TestNG-test-Yt Master Tests-2] INFO  verifyingSideMenuCollapsedLangAsInSettings_18-57-22 - [verifyingSideMenuCollapsedLangAsInSettings_18-57-22] Waiting until element is visible in viewport
18:58:07 [TestNG-test-Yt Master Tests-2] INFO  verifyingSideMenuCollapsedLangAsInSettings_18-57-22 - Clicking settings ellipses button...
18:58:07 [TestNG-test-Yt Master Tests-2] INFO  verifyingSideMenuCollapsedLangAsInSettings_18-57-22 - [verifyingSideMenuCollapsedLangAsInSettings_18-57-22] Trying to find element: By.xpath: //ytd-topbar-menu-button-renderer[@class='style-scope ytd-masthead style-default']
18:58:07 [TestNG-test-Yt Master Tests-2] INFO  verifyingSideMenuCollapsedLangAsInSettings_18-57-22 - [verifyingSideMenuCollapsedLangAsInSettings_18-57-22] Element found and ready (attempt 1): By.xpath: //ytd-topbar-menu-button-renderer[@class='style-scope ytd-masthead style-default']
18:58:07 [TestNG-test-Yt Master Tests-2] INFO  verifyingSideMenuCollapsedLangAsInSettings_18-57-22 - getLangAttribute() - locating <html> and reading lang property
18:58:07 [TestNG-test-Yt Master Tests-2] INFO  verifyingSideMenuCollapsedLangAsInSettings_18-57-22 - Language attribute read: de-DE
18:58:07 [TestNG-test-Yt Master Tests-2] INFO  verifyingSideMenuCollapsedLangAsInSettings_18-57-22 - Fetching the side menu in collapsed view
18:58:07 [TestNG-test-Yt Master Tests-2] INFO  verifyingSideMenuCollapsedLangAsInSettings_18-57-22 - [verifyingSideMenuCollapsedLangAsInSettings_18-57-22] Finding elements list: By.xpath: //ytd-mini-guide-renderer[@class='style-scope ytd-app']//ytd-mini-guide-entry-renderer
18:58:08 [TestNG-test-Yt Master Tests-2] INFO  verifyingSideMenuCollapsedLangAsInSettings_18-57-22 - [verifyingSideMenuCollapsedLangAsInSettings_18-57-22] Found 4 ready elements (attempt 1): By.xpath: //ytd-mini-guide-renderer[@class='style-scope ytd-app']//ytd-mini-guide-entry-renderer
18:58:08 [TestNG-test-Yt Master Tests-2] INFO  verifyingSideMenuCollapsedLangAsInSettings_18-57-22 - Clicking settings ellipses button...
18:58:08 [TestNG-test-Yt Master Tests-2] INFO  verifyingSideMenuCollapsedLangAsInSettings_18-57-22 - [verifyingSideMenuCollapsedLangAsInSettings_18-57-22] Trying to find element: By.xpath: //ytd-topbar-menu-button-renderer[@class='style-scope ytd-masthead style-default']
18:58:08 [TestNG-test-Yt Master Tests-2] INFO  verifyingSideMenuCollapsedLangAsInSettings_18-57-22 - [verifyingSideMenuCollapsedLangAsInSettings_18-57-22] Element found and ready (attempt 1): By.xpath: //ytd-topbar-menu-button-renderer[@class='style-scope ytd-masthead style-default']
18:58:08 [TestNG-test-Yt Master Tests-2] INFO  verifyingSideMenuCollapsedLangAsInSettings_18-57-22 - Clicking language dropdown...
18:58:08 [TestNG-test-Yt Master Tests-2] INFO  verifyingSideMenuCollapsedLangAsInSettings_18-57-22 - [verifyingSideMenuCollapsedLangAsInSettings_18-57-22] Trying to find element: By.xpath: (//div[@id='content-icon'])[2]
18:58:08 [TestNG-test-Yt Master Tests-2] INFO  verifyingSideMenuCollapsedLangAsInSettings_18-57-22 - [verifyingSideMenuCollapsedLangAsInSettings_18-57-22] Element found and ready (attempt 1): By.xpath: (//div[@id='content-icon'])[2]
18:58:08 [TestNG-test-Yt Master Tests-2] INFO  verifyingSideMenuCollapsedLangAsInSettings_18-57-22 - Looking for language element with name: Eesti
18:58:08 [TestNG-test-Yt Master Tests-2] INFO  verifyingSideMenuCollapsedLangAsInSettings_18-57-22 - [verifyingSideMenuCollapsedLangAsInSettings_18-57-22] Trying to find element: By.xpath: //yt-multi-page-menu-section-renderer[@class='style-scope ytd-multi-page-menu-renderer']//yt-formatted-string[@id='label' and text()='Eesti']
18:58:09 [TestNG-test-Yt Master Tests-2] INFO  verifyingSideMenuCollapsedLangAsInSettings_18-57-22 - [verifyingSideMenuCollapsedLangAsInSettings_18-57-22] Element found and ready (attempt 1): By.xpath: //yt-multi-page-menu-section-renderer[@class='style-scope ytd-multi-page-menu-renderer']//yt-formatted-string[@id='label' and text()='Eesti']
18:58:09 [TestNG-test-Yt Master Tests-2] INFO  verifyingSideMenuCollapsedLangAsInSettings_18-57-22 - [verifyingSideMenuCollapsedLangAsInSettings_18-57-22] Trying to find element: By.xpath: //yt-multi-page-menu-section-renderer[@class='style-scope ytd-multi-page-menu-renderer']//yt-formatted-string[@id='label' and text()='Eesti']
18:58:09 [TestNG-test-Yt Master Tests-2] INFO  verifyingSideMenuCollapsedLangAsInSettings_18-57-22 - [verifyingSideMenuCollapsedLangAsInSettings_18-57-22] Element found and ready (attempt 1): By.xpath: //yt-multi-page-menu-section-renderer[@class='style-scope ytd-multi-page-menu-renderer']//yt-formatted-string[@id='label' and text()='Eesti']
18:58:11 [TestNG-test-Yt Master Tests-2] INFO  verifyingSideMenuCollapsedLangAsInSettings_18-57-22 - Clicking settings ellipses button...
18:58:11 [TestNG-test-Yt Master Tests-2] INFO  verifyingSideMenuCollapsedLangAsInSettings_18-57-22 - [verifyingSideMenuCollapsedLangAsInSettings_18-57-22] Trying to find element: By.xpath: //ytd-topbar-menu-button-renderer[@class='style-scope ytd-masthead style-default']
18:58:11 [TestNG-test-Yt Master Tests-2] INFO  verifyingSideMenuCollapsedLangAsInSettings_18-57-22 - [verifyingSideMenuCollapsedLangAsInSettings_18-57-22] Element found and ready (attempt 1): By.xpath: //ytd-topbar-menu-button-renderer[@class='style-scope ytd-masthead style-default']
18:58:11 [TestNG-test-Yt Master Tests-2] INFO  verifyingSideMenuCollapsedLangAsInSettings_18-57-22 - [verifyingSideMenuCollapsedLangAsInSettings_18-57-22] Waiting until element is visible in viewport
18:58:12 [TestNG-test-Yt Master Tests-2] INFO  verifyingSideMenuCollapsedLangAsInSettings_18-57-22 - Clicking settings ellipses button...
18:58:12 [TestNG-test-Yt Master Tests-2] INFO  verifyingSideMenuCollapsedLangAsInSettings_18-57-22 - [verifyingSideMenuCollapsedLangAsInSettings_18-57-22] Trying to find element: By.xpath: //ytd-topbar-menu-button-renderer[@class='style-scope ytd-masthead style-default']
18:58:12 [TestNG-test-Yt Master Tests-2] INFO  verifyingSideMenuCollapsedLangAsInSettings_18-57-22 - [verifyingSideMenuCollapsedLangAsInSettings_18-57-22] Element found and ready (attempt 1): By.xpath: //ytd-topbar-menu-button-renderer[@class='style-scope ytd-masthead style-default']
18:58:12 [TestNG-test-Yt Master Tests-2] INFO  verifyingSideMenuCollapsedLangAsInSettings_18-57-22 - getLangAttribute() - locating <html> and reading lang property
18:58:12 [TestNG-test-Yt Master Tests-2] INFO  verifyingSideMenuCollapsedLangAsInSettings_18-57-22 - Language attribute read: et-EE
18:58:12 [TestNG-test-Yt Master Tests-2] INFO  verifyingSideMenuCollapsedLangAsInSettings_18-57-22 - Fetching the side menu in collapsed view
18:58:12 [TestNG-test-Yt Master Tests-2] INFO  verifyingSideMenuCollapsedLangAsInSettings_18-57-22 - [verifyingSideMenuCollapsedLangAsInSettings_18-57-22] Finding elements list: By.xpath: //ytd-mini-guide-renderer[@class='style-scope ytd-app']//ytd-mini-guide-entry-renderer
18:58:12 [TestNG-test-Yt Master Tests-2] INFO  verifyingSideMenuCollapsedLangAsInSettings_18-57-22 - [verifyingSideMenuCollapsedLangAsInSettings_18-57-22] Found 4 ready elements (attempt 1): By.xpath: //ytd-mini-guide-renderer[@class='style-scope ytd-app']//ytd-mini-guide-entry-renderer
18:58:12 [TestNG-test-Yt Master Tests-2] INFO  verifyingSideMenuCollapsedLangAsInSettings_18-57-22 - Clicking settings ellipses button...
18:58:12 [TestNG-test-Yt Master Tests-2] INFO  verifyingSideMenuCollapsedLangAsInSettings_18-57-22 - [verifyingSideMenuCollapsedLangAsInSettings_18-57-22] Trying to find element: By.xpath: //ytd-topbar-menu-button-renderer[@class='style-scope ytd-masthead style-default']
18:58:12 [TestNG-test-Yt Master Tests-2] INFO  verifyingSideMenuCollapsedLangAsInSettings_18-57-22 - [verifyingSideMenuCollapsedLangAsInSettings_18-57-22] Element found and ready (attempt 1): By.xpath: //ytd-topbar-menu-button-renderer[@class='style-scope ytd-masthead style-default']
18:58:12 [TestNG-test-Yt Master Tests-2] INFO  verifyingSideMenuCollapsedLangAsInSettings_18-57-22 - Clicking language dropdown...
18:58:12 [TestNG-test-Yt Master Tests-2] INFO  verifyingSideMenuCollapsedLangAsInSettings_18-57-22 - [verifyingSideMenuCollapsedLangAsInSettings_18-57-22] Trying to find element: By.xpath: (//div[@id='content-icon'])[2]
18:58:13 [TestNG-test-Yt Master Tests-2] INFO  verifyingSideMenuCollapsedLangAsInSettings_18-57-22 - [verifyingSideMenuCollapsedLangAsInSettings_18-57-22] Element found and ready (attempt 1): By.xpath: (//div[@id='content-icon'])[2]
18:58:13 [TestNG-test-Yt Master Tests-2] INFO  verifyingSideMenuCollapsedLangAsInSettings_18-57-22 - Looking for language element with name: English (India)
18:58:13 [TestNG-test-Yt Master Tests-2] INFO  verifyingSideMenuCollapsedLangAsInSettings_18-57-22 - [verifyingSideMenuCollapsedLangAsInSettings_18-57-22] Trying to find element: By.xpath: //yt-multi-page-menu-section-renderer[@class='style-scope ytd-multi-page-menu-renderer']//yt-formatted-string[@id='label' and text()='English (India)']
18:58:14 [TestNG-test-Yt Master Tests-2] INFO  verifyingSideMenuCollapsedLangAsInSettings_18-57-22 - [verifyingSideMenuCollapsedLangAsInSettings_18-57-22] Element found and ready (attempt 1): By.xpath: //yt-multi-page-menu-section-renderer[@class='style-scope ytd-multi-page-menu-renderer']//yt-formatted-string[@id='label' and text()='English (India)']
18:58:14 [TestNG-test-Yt Master Tests-2] INFO  verifyingSideMenuCollapsedLangAsInSettings_18-57-22 - [verifyingSideMenuCollapsedLangAsInSettings_18-57-22] Trying to find element: By.xpath: //yt-multi-page-menu-section-renderer[@class='style-scope ytd-multi-page-menu-renderer']//yt-formatted-string[@id='label' and text()='English (India)']
18:58:14 [TestNG-test-Yt Master Tests-2] INFO  verifyingSideMenuCollapsedLangAsInSettings_18-57-22 - [verifyingSideMenuCollapsedLangAsInSettings_18-57-22] Element found and ready (attempt 1): By.xpath: //yt-multi-page-menu-section-renderer[@class='style-scope ytd-multi-page-menu-renderer']//yt-formatted-string[@id='label' and text()='English (India)']
18:58:31 [TestNG-test-Yt Master Tests-2] INFO  verifyingSideMenuCollapsedLangAsInSettings_18-57-22 - [verifyingSideMenuCollapsedLangAsInSettings_18-57-22] Not retrying test 'verifyingSideMenuCollapsedLangAsInSettings'. Retry count: 1, Cause: Expected condition failed: waiting for presence of element located by: By.xpath: //ytd-mini-guide-renderer[@class='style-scope ytd-app']//ytd-mini-guide-entry-renderer (tried for 15 second(s) with 500 milliseconds interval)
