17:06:08 [TestNG-test-Yt Master Tests-3] INFO  verifyingSideMenuLanguageAsInSettings_17-06-08 - No existing WebDriver found for current thread. Initializing a new ChromeDriver...
17:06:08 [TestNG-test-Yt Master Tests-3] INFO  verifyingSideMenuLanguageAsInSettings_17-06-08 - WebDriverManager: chromedriver setup OK
17:06:11 [TestNG-test-Yt Master Tests-3] INFO  verifyingSideMenuLanguageAsInSettings_17-06-08 - ChromeDriver initialized successfully for thread: 36
17:06:11 [TestNG-test-Yt Master Tests-3] INFO  verifyingSideMenuLanguageAsInSettings_17-06-08 - SafeActions initialized with driver ChromeDriver: chrome on windows (ab27c0ecb92ec2fe16f9a16c6f0162fe)
17:06:11 [TestNG-test-Yt Master Tests-3] INFO  verifyingSideMenuLanguageAsInSettings_17-06-08 - Initialized YtLandingPage with driver: ChromeDriver: chrome on windows (ab27c0ecb92ec2fe16f9a16c6f0162fe)
17:06:11 [TestNG-test-Yt Master Tests-3] INFO  verifyingSideMenuLanguageAsInSettings_17-06-08 - SafeActions initialized with driver ChromeDriver: chrome on windows (ab27c0ecb92ec2fe16f9a16c6f0162fe)
17:06:19 [TestNG-test-Yt Master Tests-3] INFO  verifyingSideMenuLanguageAsInSettings_17-06-08 - Opened YouTube landing page.
17:06:19 [TestNG-test-Yt Master Tests-3] INFO  verifyingSideMenuLanguageAsInSettings_17-06-08 - Clicking settings ellipses button...
17:06:19 [TestNG-test-Yt Master Tests-3] INFO  verifyingSideMenuLanguageAsInSettings_17-06-08 - [verifyingSideMenuLanguageAsInSettings_17-06-08] Trying to find element: By.xpath: //ytd-topbar-menu-button-renderer[@class='style-scope ytd-masthead style-default']
17:06:19 [TestNG-test-Yt Master Tests-3] INFO  verifyingSideMenuLanguageAsInSettings_17-06-08 - [verifyingSideMenuLanguageAsInSettings_17-06-08] Element found and ready (attempt 1): By.xpath: //ytd-topbar-menu-button-renderer[@class='style-scope ytd-masthead style-default']
17:06:19 [TestNG-test-Yt Master Tests-3] INFO  verifyingSideMenuLanguageAsInSettings_17-06-08 - Clicking language dropdown...
17:06:19 [TestNG-test-Yt Master Tests-3] INFO  verifyingSideMenuLanguageAsInSettings_17-06-08 - [verifyingSideMenuLanguageAsInSettings_17-06-08] Trying to find element: By.xpath: (//div[@id='content-icon'])[2]
17:06:20 [TestNG-test-Yt Master Tests-3] INFO  verifyingSideMenuLanguageAsInSettings_17-06-08 - [verifyingSideMenuLanguageAsInSettings_17-06-08] Element found and ready (attempt 1): By.xpath: (//div[@id='content-icon'])[2]
17:06:20 [TestNG-test-Yt Master Tests-3] INFO  verifyingSideMenuLanguageAsInSettings_17-06-08 - [verifyingSideMenuLanguageAsInSettings_17-06-08] Execution is Not CRON Job Hence referring to normal keys from UtilData
17:06:20 [TestNG-test-Yt Master Tests-3] INFO  verifyingSideMenuLanguageAsInSettings_17-06-08 - [verifyingSideMenuLanguageAsInSettings_17-06-08] Row count is == 10
17:06:20 [TestNG-test-Yt Master Tests-3] INFO  verifyingSideMenuLanguageAsInSettings_17-06-08 - Looking for language element with name: Afrikaans
17:06:20 [TestNG-test-Yt Master Tests-3] INFO  verifyingSideMenuLanguageAsInSettings_17-06-08 - [verifyingSideMenuLanguageAsInSettings_17-06-08] Trying to find element: By.xpath: //yt-multi-page-menu-section-renderer[@class='style-scope ytd-multi-page-menu-renderer']//yt-formatted-string[@id='label' and text()='Afrikaans']
17:06:20 [TestNG-test-Yt Master Tests-3] INFO  verifyingSideMenuLanguageAsInSettings_17-06-08 - [verifyingSideMenuLanguageAsInSettings_17-06-08] Element found and ready (attempt 1): By.xpath: //yt-multi-page-menu-section-renderer[@class='style-scope ytd-multi-page-menu-renderer']//yt-formatted-string[@id='label' and text()='Afrikaans']
17:06:20 [TestNG-test-Yt Master Tests-3] INFO  verifyingSideMenuLanguageAsInSettings_17-06-08 - [verifyingSideMenuLanguageAsInSettings_17-06-08] Trying to find element: By.xpath: //yt-multi-page-menu-section-renderer[@class='style-scope ytd-multi-page-menu-renderer']//yt-formatted-string[@id='label' and text()='Afrikaans']
17:06:20 [TestNG-test-Yt Master Tests-3] INFO  verifyingSideMenuLanguageAsInSettings_17-06-08 - [verifyingSideMenuLanguageAsInSettings_17-06-08] Element found and ready (attempt 1): By.xpath: //yt-multi-page-menu-section-renderer[@class='style-scope ytd-multi-page-menu-renderer']//yt-formatted-string[@id='label' and text()='Afrikaans']
17:06:32 [TestNG-test-Yt Master Tests-3] INFO  verifyingSideMenuLanguageAsInSettings_17-06-08 - Clicking settings ellipses button...
17:06:32 [TestNG-test-Yt Master Tests-3] INFO  verifyingSideMenuLanguageAsInSettings_17-06-08 - [verifyingSideMenuLanguageAsInSettings_17-06-08] Trying to find element: By.xpath: //ytd-topbar-menu-button-renderer[@class='style-scope ytd-masthead style-default']
17:06:32 [TestNG-test-Yt Master Tests-3] INFO  verifyingSideMenuLanguageAsInSettings_17-06-08 - [verifyingSideMenuLanguageAsInSettings_17-06-08] Element found and ready (attempt 1): By.xpath: //ytd-topbar-menu-button-renderer[@class='style-scope ytd-masthead style-default']
17:06:33 [TestNG-test-Yt Master Tests-3] INFO  verifyingSideMenuLanguageAsInSettings_17-06-08 - [verifyingSideMenuLanguageAsInSettings_17-06-08] Waiting until element is visible in viewport
17:06:33 [TestNG-test-Yt Master Tests-3] INFO  verifyingSideMenuLanguageAsInSettings_17-06-08 - Clicking settings ellipses button...
17:06:33 [TestNG-test-Yt Master Tests-3] INFO  verifyingSideMenuLanguageAsInSettings_17-06-08 - [verifyingSideMenuLanguageAsInSettings_17-06-08] Trying to find element: By.xpath: //ytd-topbar-menu-button-renderer[@class='style-scope ytd-masthead style-default']
17:06:33 [TestNG-test-Yt Master Tests-3] INFO  verifyingSideMenuLanguageAsInSettings_17-06-08 - [verifyingSideMenuLanguageAsInSettings_17-06-08] Element found and ready (attempt 1): By.xpath: //ytd-topbar-menu-button-renderer[@class='style-scope ytd-masthead style-default']
17:06:33 [TestNG-test-Yt Master Tests-3] INFO  verifyingSideMenuLanguageAsInSettings_17-06-08 - Fetching the side menu in expanded view
17:06:33 [TestNG-test-Yt Master Tests-3] INFO  verifyingSideMenuLanguageAsInSettings_17-06-08 - [verifyingSideMenuLanguageAsInSettings_17-06-08] Finding elements list: By.xpath: //ytd-guide-entry-renderer[@class='style-scope ytd-guide-section-renderer']
17:06:34 [TestNG-test-Yt Master Tests-3] INFO  verifyingSideMenuLanguageAsInSettings_17-06-08 - [verifyingSideMenuLanguageAsInSettings_17-06-08] Found 13 ready elements (attempt 1): By.xpath: //ytd-guide-entry-renderer[@class='style-scope ytd-guide-section-renderer']
17:06:34 [TestNG-test-Yt Master Tests-3] INFO  verifyingSideMenuLanguageAsInSettings_17-06-08 - Clicking settings ellipses button...
17:06:34 [TestNG-test-Yt Master Tests-3] INFO  verifyingSideMenuLanguageAsInSettings_17-06-08 - [verifyingSideMenuLanguageAsInSettings_17-06-08] Trying to find element: By.xpath: //ytd-topbar-menu-button-renderer[@class='style-scope ytd-masthead style-default']
17:06:34 [TestNG-test-Yt Master Tests-3] INFO  verifyingSideMenuLanguageAsInSettings_17-06-08 - [verifyingSideMenuLanguageAsInSettings_17-06-08] Element found and ready (attempt 1): By.xpath: //ytd-topbar-menu-button-renderer[@class='style-scope ytd-masthead style-default']
17:06:34 [TestNG-test-Yt Master Tests-3] INFO  verifyingSideMenuLanguageAsInSettings_17-06-08 - Clicking language dropdown...
17:06:34 [TestNG-test-Yt Master Tests-3] INFO  verifyingSideMenuLanguageAsInSettings_17-06-08 - [verifyingSideMenuLanguageAsInSettings_17-06-08] Trying to find element: By.xpath: (//div[@id='content-icon'])[2]
17:06:34 [TestNG-test-Yt Master Tests-3] INFO  verifyingSideMenuLanguageAsInSettings_17-06-08 - [verifyingSideMenuLanguageAsInSettings_17-06-08] Element found and ready (attempt 1): By.xpath: (//div[@id='content-icon'])[2]
17:06:35 [TestNG-test-Yt Master Tests-3] INFO  verifyingSideMenuLanguageAsInSettings_17-06-08 - Looking for language element with name: Azərbaycan
17:06:35 [TestNG-test-Yt Master Tests-3] INFO  verifyingSideMenuLanguageAsInSettings_17-06-08 - [verifyingSideMenuLanguageAsInSettings_17-06-08] Trying to find element: By.xpath: //yt-multi-page-menu-section-renderer[@class='style-scope ytd-multi-page-menu-renderer']//yt-formatted-string[@id='label' and text()='Azərbaycan']
17:06:35 [TestNG-test-Yt Master Tests-3] INFO  verifyingSideMenuLanguageAsInSettings_17-06-08 - [verifyingSideMenuLanguageAsInSettings_17-06-08] Element found and ready (attempt 1): By.xpath: //yt-multi-page-menu-section-renderer[@class='style-scope ytd-multi-page-menu-renderer']//yt-formatted-string[@id='label' and text()='Azərbaycan']
17:06:35 [TestNG-test-Yt Master Tests-3] INFO  verifyingSideMenuLanguageAsInSettings_17-06-08 - [verifyingSideMenuLanguageAsInSettings_17-06-08] Trying to find element: By.xpath: //yt-multi-page-menu-section-renderer[@class='style-scope ytd-multi-page-menu-renderer']//yt-formatted-string[@id='label' and text()='Azərbaycan']
17:06:35 [TestNG-test-Yt Master Tests-3] INFO  verifyingSideMenuLanguageAsInSettings_17-06-08 - [verifyingSideMenuLanguageAsInSettings_17-06-08] Element found and ready (attempt 1): By.xpath: //yt-multi-page-menu-section-renderer[@class='style-scope ytd-multi-page-menu-renderer']//yt-formatted-string[@id='label' and text()='Azərbaycan']
17:06:37 [TestNG-test-Yt Master Tests-3] INFO  verifyingSideMenuLanguageAsInSettings_17-06-08 - Clicking settings ellipses button...
17:06:37 [TestNG-test-Yt Master Tests-3] INFO  verifyingSideMenuLanguageAsInSettings_17-06-08 - [verifyingSideMenuLanguageAsInSettings_17-06-08] Trying to find element: By.xpath: //ytd-topbar-menu-button-renderer[@class='style-scope ytd-masthead style-default']
17:06:37 [TestNG-test-Yt Master Tests-3] INFO  verifyingSideMenuLanguageAsInSettings_17-06-08 - [verifyingSideMenuLanguageAsInSettings_17-06-08] Element found and ready (attempt 1): By.xpath: //ytd-topbar-menu-button-renderer[@class='style-scope ytd-masthead style-default']
17:06:37 [TestNG-test-Yt Master Tests-3] INFO  verifyingSideMenuLanguageAsInSettings_17-06-08 - [verifyingSideMenuLanguageAsInSettings_17-06-08] Waiting until element is visible in viewport
17:06:38 [TestNG-test-Yt Master Tests-3] INFO  verifyingSideMenuLanguageAsInSettings_17-06-08 - Clicking settings ellipses button...
17:06:38 [TestNG-test-Yt Master Tests-3] INFO  verifyingSideMenuLanguageAsInSettings_17-06-08 - [verifyingSideMenuLanguageAsInSettings_17-06-08] Trying to find element: By.xpath: //ytd-topbar-menu-button-renderer[@class='style-scope ytd-masthead style-default']
17:06:38 [TestNG-test-Yt Master Tests-3] INFO  verifyingSideMenuLanguageAsInSettings_17-06-08 - [verifyingSideMenuLanguageAsInSettings_17-06-08] Element found and ready (attempt 1): By.xpath: //ytd-topbar-menu-button-renderer[@class='style-scope ytd-masthead style-default']
17:06:38 [TestNG-test-Yt Master Tests-3] INFO  verifyingSideMenuLanguageAsInSettings_17-06-08 - Fetching the side menu in expanded view
17:06:38 [TestNG-test-Yt Master Tests-3] INFO  verifyingSideMenuLanguageAsInSettings_17-06-08 - [verifyingSideMenuLanguageAsInSettings_17-06-08] Finding elements list: By.xpath: //ytd-guide-entry-renderer[@class='style-scope ytd-guide-section-renderer']
17:06:38 [TestNG-test-Yt Master Tests-3] INFO  verifyingSideMenuLanguageAsInSettings_17-06-08 - [verifyingSideMenuLanguageAsInSettings_17-06-08] Found 13 ready elements (attempt 1): By.xpath: //ytd-guide-entry-renderer[@class='style-scope ytd-guide-section-renderer']
17:06:38 [TestNG-test-Yt Master Tests-3] INFO  verifyingSideMenuLanguageAsInSettings_17-06-08 - Clicking settings ellipses button...
17:06:38 [TestNG-test-Yt Master Tests-3] INFO  verifyingSideMenuLanguageAsInSettings_17-06-08 - [verifyingSideMenuLanguageAsInSettings_17-06-08] Trying to find element: By.xpath: //ytd-topbar-menu-button-renderer[@class='style-scope ytd-masthead style-default']
17:06:38 [TestNG-test-Yt Master Tests-3] INFO  verifyingSideMenuLanguageAsInSettings_17-06-08 - [verifyingSideMenuLanguageAsInSettings_17-06-08] Element found and ready (attempt 1): By.xpath: //ytd-topbar-menu-button-renderer[@class='style-scope ytd-masthead style-default']
17:06:38 [TestNG-test-Yt Master Tests-3] INFO  verifyingSideMenuLanguageAsInSettings_17-06-08 - Clicking language dropdown...
17:06:38 [TestNG-test-Yt Master Tests-3] INFO  verifyingSideMenuLanguageAsInSettings_17-06-08 - [verifyingSideMenuLanguageAsInSettings_17-06-08] Trying to find element: By.xpath: (//div[@id='content-icon'])[2]
17:06:39 [TestNG-test-Yt Master Tests-3] INFO  verifyingSideMenuLanguageAsInSettings_17-06-08 - [verifyingSideMenuLanguageAsInSettings_17-06-08] Element found and ready (attempt 1): By.xpath: (//div[@id='content-icon'])[2]
17:06:39 [TestNG-test-Yt Master Tests-3] INFO  verifyingSideMenuLanguageAsInSettings_17-06-08 - Looking for language element with name: Bahasa Indonesia
17:06:39 [TestNG-test-Yt Master Tests-3] INFO  verifyingSideMenuLanguageAsInSettings_17-06-08 - [verifyingSideMenuLanguageAsInSettings_17-06-08] Trying to find element: By.xpath: //yt-multi-page-menu-section-renderer[@class='style-scope ytd-multi-page-menu-renderer']//yt-formatted-string[@id='label' and text()='Bahasa Indonesia']
17:06:39 [TestNG-test-Yt Master Tests-3] INFO  verifyingSideMenuLanguageAsInSettings_17-06-08 - [verifyingSideMenuLanguageAsInSettings_17-06-08] Element found and ready (attempt 1): By.xpath: //yt-multi-page-menu-section-renderer[@class='style-scope ytd-multi-page-menu-renderer']//yt-formatted-string[@id='label' and text()='Bahasa Indonesia']
17:06:39 [TestNG-test-Yt Master Tests-3] INFO  verifyingSideMenuLanguageAsInSettings_17-06-08 - [verifyingSideMenuLanguageAsInSettings_17-06-08] Trying to find element: By.xpath: //yt-multi-page-menu-section-renderer[@class='style-scope ytd-multi-page-menu-renderer']//yt-formatted-string[@id='label' and text()='Bahasa Indonesia']
17:06:39 [TestNG-test-Yt Master Tests-3] INFO  verifyingSideMenuLanguageAsInSettings_17-06-08 - [verifyingSideMenuLanguageAsInSettings_17-06-08] Element found and ready (attempt 1): By.xpath: //yt-multi-page-menu-section-renderer[@class='style-scope ytd-multi-page-menu-renderer']//yt-formatted-string[@id='label' and text()='Bahasa Indonesia']
17:06:40 [TestNG-test-Yt Master Tests-3] INFO  verifyingSideMenuLanguageAsInSettings_17-06-08 - Clicking settings ellipses button...
17:06:41 [TestNG-test-Yt Master Tests-3] INFO  verifyingSideMenuLanguageAsInSettings_17-06-08 - [verifyingSideMenuLanguageAsInSettings_17-06-08] Trying to find element: By.xpath: //ytd-topbar-menu-button-renderer[@class='style-scope ytd-masthead style-default']
17:06:41 [TestNG-test-Yt Master Tests-3] INFO  verifyingSideMenuLanguageAsInSettings_17-06-08 - [verifyingSideMenuLanguageAsInSettings_17-06-08] Element found and ready (attempt 1): By.xpath: //ytd-topbar-menu-button-renderer[@class='style-scope ytd-masthead style-default']
17:06:41 [TestNG-test-Yt Master Tests-3] INFO  verifyingSideMenuLanguageAsInSettings_17-06-08 - [verifyingSideMenuLanguageAsInSettings_17-06-08] Waiting until element is visible in viewport
17:06:42 [TestNG-test-Yt Master Tests-3] INFO  verifyingSideMenuLanguageAsInSettings_17-06-08 - Clicking settings ellipses button...
17:06:42 [TestNG-test-Yt Master Tests-3] INFO  verifyingSideMenuLanguageAsInSettings_17-06-08 - [verifyingSideMenuLanguageAsInSettings_17-06-08] Trying to find element: By.xpath: //ytd-topbar-menu-button-renderer[@class='style-scope ytd-masthead style-default']
17:06:42 [TestNG-test-Yt Master Tests-3] INFO  verifyingSideMenuLanguageAsInSettings_17-06-08 - [verifyingSideMenuLanguageAsInSettings_17-06-08] Element found and ready (attempt 1): By.xpath: //ytd-topbar-menu-button-renderer[@class='style-scope ytd-masthead style-default']
17:06:42 [TestNG-test-Yt Master Tests-3] INFO  verifyingSideMenuLanguageAsInSettings_17-06-08 - Fetching the side menu in expanded view
17:06:42 [TestNG-test-Yt Master Tests-3] INFO  verifyingSideMenuLanguageAsInSettings_17-06-08 - [verifyingSideMenuLanguageAsInSettings_17-06-08] Finding elements list: By.xpath: //ytd-guide-entry-renderer[@class='style-scope ytd-guide-section-renderer']
17:06:42 [TestNG-test-Yt Master Tests-3] INFO  verifyingSideMenuLanguageAsInSettings_17-06-08 - [verifyingSideMenuLanguageAsInSettings_17-06-08] Found 13 ready elements (attempt 1): By.xpath: //ytd-guide-entry-renderer[@class='style-scope ytd-guide-section-renderer']
17:06:42 [TestNG-test-Yt Master Tests-3] INFO  verifyingSideMenuLanguageAsInSettings_17-06-08 - Clicking settings ellipses button...
17:06:42 [TestNG-test-Yt Master Tests-3] INFO  verifyingSideMenuLanguageAsInSettings_17-06-08 - [verifyingSideMenuLanguageAsInSettings_17-06-08] Trying to find element: By.xpath: //ytd-topbar-menu-button-renderer[@class='style-scope ytd-masthead style-default']
17:06:42 [TestNG-test-Yt Master Tests-3] INFO  verifyingSideMenuLanguageAsInSettings_17-06-08 - [verifyingSideMenuLanguageAsInSettings_17-06-08] Element found and ready (attempt 1): By.xpath: //ytd-topbar-menu-button-renderer[@class='style-scope ytd-masthead style-default']
17:06:42 [TestNG-test-Yt Master Tests-3] INFO  verifyingSideMenuLanguageAsInSettings_17-06-08 - Clicking language dropdown...
17:06:42 [TestNG-test-Yt Master Tests-3] INFO  verifyingSideMenuLanguageAsInSettings_17-06-08 - [verifyingSideMenuLanguageAsInSettings_17-06-08] Trying to find element: By.xpath: (//div[@id='content-icon'])[2]
17:06:43 [TestNG-test-Yt Master Tests-3] INFO  verifyingSideMenuLanguageAsInSettings_17-06-08 - [verifyingSideMenuLanguageAsInSettings_17-06-08] Element found and ready (attempt 1): By.xpath: (//div[@id='content-icon'])[2]
17:06:44 [TestNG-test-Yt Master Tests-3] INFO  verifyingSideMenuLanguageAsInSettings_17-06-08 - Looking for language element with name: Bosanski
17:06:44 [TestNG-test-Yt Master Tests-3] INFO  verifyingSideMenuLanguageAsInSettings_17-06-08 - [verifyingSideMenuLanguageAsInSettings_17-06-08] Trying to find element: By.xpath: //yt-multi-page-menu-section-renderer[@class='style-scope ytd-multi-page-menu-renderer']//yt-formatted-string[@id='label' and text()='Bosanski']
17:06:44 [TestNG-test-Yt Master Tests-3] INFO  verifyingSideMenuLanguageAsInSettings_17-06-08 - [verifyingSideMenuLanguageAsInSettings_17-06-08] Element found and ready (attempt 1): By.xpath: //yt-multi-page-menu-section-renderer[@class='style-scope ytd-multi-page-menu-renderer']//yt-formatted-string[@id='label' and text()='Bosanski']
17:06:44 [TestNG-test-Yt Master Tests-3] INFO  verifyingSideMenuLanguageAsInSettings_17-06-08 - [verifyingSideMenuLanguageAsInSettings_17-06-08] Trying to find element: By.xpath: //yt-multi-page-menu-section-renderer[@class='style-scope ytd-multi-page-menu-renderer']//yt-formatted-string[@id='label' and text()='Bosanski']
17:06:44 [TestNG-test-Yt Master Tests-3] INFO  verifyingSideMenuLanguageAsInSettings_17-06-08 - [verifyingSideMenuLanguageAsInSettings_17-06-08] Element found and ready (attempt 1): By.xpath: //yt-multi-page-menu-section-renderer[@class='style-scope ytd-multi-page-menu-renderer']//yt-formatted-string[@id='label' and text()='Bosanski']
17:06:45 [TestNG-test-Yt Master Tests-3] INFO  verifyingSideMenuLanguageAsInSettings_17-06-08 - Clicking settings ellipses button...
17:06:45 [TestNG-test-Yt Master Tests-3] INFO  verifyingSideMenuLanguageAsInSettings_17-06-08 - [verifyingSideMenuLanguageAsInSettings_17-06-08] Trying to find element: By.xpath: //ytd-topbar-menu-button-renderer[@class='style-scope ytd-masthead style-default']
17:06:45 [TestNG-test-Yt Master Tests-3] INFO  verifyingSideMenuLanguageAsInSettings_17-06-08 - [verifyingSideMenuLanguageAsInSettings_17-06-08] Element found and ready (attempt 1): By.xpath: //ytd-topbar-menu-button-renderer[@class='style-scope ytd-masthead style-default']
17:06:45 [TestNG-test-Yt Master Tests-3] INFO  verifyingSideMenuLanguageAsInSettings_17-06-08 - [verifyingSideMenuLanguageAsInSettings_17-06-08] Waiting until element is visible in viewport
17:06:46 [TestNG-test-Yt Master Tests-3] INFO  verifyingSideMenuLanguageAsInSettings_17-06-08 - Clicking settings ellipses button...
17:06:46 [TestNG-test-Yt Master Tests-3] INFO  verifyingSideMenuLanguageAsInSettings_17-06-08 - [verifyingSideMenuLanguageAsInSettings_17-06-08] Trying to find element: By.xpath: //ytd-topbar-menu-button-renderer[@class='style-scope ytd-masthead style-default']
17:06:46 [TestNG-test-Yt Master Tests-3] INFO  verifyingSideMenuLanguageAsInSettings_17-06-08 - [verifyingSideMenuLanguageAsInSettings_17-06-08] Element found and ready (attempt 1): By.xpath: //ytd-topbar-menu-button-renderer[@class='style-scope ytd-masthead style-default']
17:06:46 [TestNG-test-Yt Master Tests-3] INFO  verifyingSideMenuLanguageAsInSettings_17-06-08 - Fetching the side menu in expanded view
17:06:46 [TestNG-test-Yt Master Tests-3] INFO  verifyingSideMenuLanguageAsInSettings_17-06-08 - [verifyingSideMenuLanguageAsInSettings_17-06-08] Finding elements list: By.xpath: //ytd-guide-entry-renderer[@class='style-scope ytd-guide-section-renderer']
17:06:46 [TestNG-test-Yt Master Tests-3] INFO  verifyingSideMenuLanguageAsInSettings_17-06-08 - [verifyingSideMenuLanguageAsInSettings_17-06-08] Found 13 ready elements (attempt 1): By.xpath: //ytd-guide-entry-renderer[@class='style-scope ytd-guide-section-renderer']
17:06:46 [TestNG-test-Yt Master Tests-3] INFO  verifyingSideMenuLanguageAsInSettings_17-06-08 - Clicking settings ellipses button...
17:06:46 [TestNG-test-Yt Master Tests-3] INFO  verifyingSideMenuLanguageAsInSettings_17-06-08 - [verifyingSideMenuLanguageAsInSettings_17-06-08] Trying to find element: By.xpath: //ytd-topbar-menu-button-renderer[@class='style-scope ytd-masthead style-default']
17:06:46 [TestNG-test-Yt Master Tests-3] INFO  verifyingSideMenuLanguageAsInSettings_17-06-08 - [verifyingSideMenuLanguageAsInSettings_17-06-08] Element found and ready (attempt 1): By.xpath: //ytd-topbar-menu-button-renderer[@class='style-scope ytd-masthead style-default']
17:06:46 [TestNG-test-Yt Master Tests-3] INFO  verifyingSideMenuLanguageAsInSettings_17-06-08 - Clicking language dropdown...
17:06:46 [TestNG-test-Yt Master Tests-3] INFO  verifyingSideMenuLanguageAsInSettings_17-06-08 - [verifyingSideMenuLanguageAsInSettings_17-06-08] Trying to find element: By.xpath: (//div[@id='content-icon'])[2]
17:06:47 [TestNG-test-Yt Master Tests-3] INFO  verifyingSideMenuLanguageAsInSettings_17-06-08 - [verifyingSideMenuLanguageAsInSettings_17-06-08] Element found and ready (attempt 1): By.xpath: (//div[@id='content-icon'])[2]
17:06:47 [TestNG-test-Yt Master Tests-3] INFO  verifyingSideMenuLanguageAsInSettings_17-06-08 - Looking for language element with name: Català
17:06:47 [TestNG-test-Yt Master Tests-3] INFO  verifyingSideMenuLanguageAsInSettings_17-06-08 - [verifyingSideMenuLanguageAsInSettings_17-06-08] Trying to find element: By.xpath: //yt-multi-page-menu-section-renderer[@class='style-scope ytd-multi-page-menu-renderer']//yt-formatted-string[@id='label' and text()='Català']
17:06:47 [TestNG-test-Yt Master Tests-3] INFO  verifyingSideMenuLanguageAsInSettings_17-06-08 - [verifyingSideMenuLanguageAsInSettings_17-06-08] Element found and ready (attempt 1): By.xpath: //yt-multi-page-menu-section-renderer[@class='style-scope ytd-multi-page-menu-renderer']//yt-formatted-string[@id='label' and text()='Català']
17:06:47 [TestNG-test-Yt Master Tests-3] INFO  verifyingSideMenuLanguageAsInSettings_17-06-08 - [verifyingSideMenuLanguageAsInSettings_17-06-08] Trying to find element: By.xpath: //yt-multi-page-menu-section-renderer[@class='style-scope ytd-multi-page-menu-renderer']//yt-formatted-string[@id='label' and text()='Català']
17:06:47 [TestNG-test-Yt Master Tests-3] INFO  verifyingSideMenuLanguageAsInSettings_17-06-08 - [verifyingSideMenuLanguageAsInSettings_17-06-08] Element found and ready (attempt 1): By.xpath: //yt-multi-page-menu-section-renderer[@class='style-scope ytd-multi-page-menu-renderer']//yt-formatted-string[@id='label' and text()='Català']
17:06:48 [TestNG-test-Yt Master Tests-3] INFO  verifyingSideMenuLanguageAsInSettings_17-06-08 - Clicking settings ellipses button...
17:06:48 [TestNG-test-Yt Master Tests-3] INFO  verifyingSideMenuLanguageAsInSettings_17-06-08 - [verifyingSideMenuLanguageAsInSettings_17-06-08] Trying to find element: By.xpath: //ytd-topbar-menu-button-renderer[@class='style-scope ytd-masthead style-default']
17:06:48 [TestNG-test-Yt Master Tests-3] INFO  verifyingSideMenuLanguageAsInSettings_17-06-08 - [verifyingSideMenuLanguageAsInSettings_17-06-08] Element found and ready (attempt 1): By.xpath: //ytd-topbar-menu-button-renderer[@class='style-scope ytd-masthead style-default']
17:06:49 [TestNG-test-Yt Master Tests-3] INFO  verifyingSideMenuLanguageAsInSettings_17-06-08 - [verifyingSideMenuLanguageAsInSettings_17-06-08] Waiting until element is visible in viewport
17:06:50 [TestNG-test-Yt Master Tests-3] INFO  verifyingSideMenuLanguageAsInSettings_17-06-08 - Clicking settings ellipses button...
17:06:50 [TestNG-test-Yt Master Tests-3] INFO  verifyingSideMenuLanguageAsInSettings_17-06-08 - [verifyingSideMenuLanguageAsInSettings_17-06-08] Trying to find element: By.xpath: //ytd-topbar-menu-button-renderer[@class='style-scope ytd-masthead style-default']
17:06:50 [TestNG-test-Yt Master Tests-3] INFO  verifyingSideMenuLanguageAsInSettings_17-06-08 - [verifyingSideMenuLanguageAsInSettings_17-06-08] Element found and ready (attempt 1): By.xpath: //ytd-topbar-menu-button-renderer[@class='style-scope ytd-masthead style-default']
17:06:50 [TestNG-test-Yt Master Tests-3] INFO  verifyingSideMenuLanguageAsInSettings_17-06-08 - Fetching the side menu in expanded view
17:06:50 [TestNG-test-Yt Master Tests-3] INFO  verifyingSideMenuLanguageAsInSettings_17-06-08 - [verifyingSideMenuLanguageAsInSettings_17-06-08] Finding elements list: By.xpath: //ytd-guide-entry-renderer[@class='style-scope ytd-guide-section-renderer']
17:06:50 [TestNG-test-Yt Master Tests-3] INFO  verifyingSideMenuLanguageAsInSettings_17-06-08 - [verifyingSideMenuLanguageAsInSettings_17-06-08] Found 13 ready elements (attempt 1): By.xpath: //ytd-guide-entry-renderer[@class='style-scope ytd-guide-section-renderer']
17:06:50 [TestNG-test-Yt Master Tests-3] INFO  verifyingSideMenuLanguageAsInSettings_17-06-08 - Clicking settings ellipses button...
17:06:50 [TestNG-test-Yt Master Tests-3] INFO  verifyingSideMenuLanguageAsInSettings_17-06-08 - [verifyingSideMenuLanguageAsInSettings_17-06-08] Trying to find element: By.xpath: //ytd-topbar-menu-button-renderer[@class='style-scope ytd-masthead style-default']
17:06:50 [TestNG-test-Yt Master Tests-3] INFO  verifyingSideMenuLanguageAsInSettings_17-06-08 - [verifyingSideMenuLanguageAsInSettings_17-06-08] Element found and ready (attempt 1): By.xpath: //ytd-topbar-menu-button-renderer[@class='style-scope ytd-masthead style-default']
17:06:50 [TestNG-test-Yt Master Tests-3] INFO  verifyingSideMenuLanguageAsInSettings_17-06-08 - Clicking language dropdown...
17:06:50 [TestNG-test-Yt Master Tests-3] INFO  verifyingSideMenuLanguageAsInSettings_17-06-08 - [verifyingSideMenuLanguageAsInSettings_17-06-08] Trying to find element: By.xpath: (//div[@id='content-icon'])[2]
17:06:51 [TestNG-test-Yt Master Tests-3] INFO  verifyingSideMenuLanguageAsInSettings_17-06-08 - [verifyingSideMenuLanguageAsInSettings_17-06-08] Element found and ready (attempt 1): By.xpath: (//div[@id='content-icon'])[2]
17:06:52 [TestNG-test-Yt Master Tests-3] INFO  verifyingSideMenuLanguageAsInSettings_17-06-08 - Looking for language element with name: Dansk
17:06:52 [TestNG-test-Yt Master Tests-3] INFO  verifyingSideMenuLanguageAsInSettings_17-06-08 - [verifyingSideMenuLanguageAsInSettings_17-06-08] Trying to find element: By.xpath: //yt-multi-page-menu-section-renderer[@class='style-scope ytd-multi-page-menu-renderer']//yt-formatted-string[@id='label' and text()='Dansk']
17:06:52 [TestNG-test-Yt Master Tests-3] INFO  verifyingSideMenuLanguageAsInSettings_17-06-08 - [verifyingSideMenuLanguageAsInSettings_17-06-08] Element found and ready (attempt 1): By.xpath: //yt-multi-page-menu-section-renderer[@class='style-scope ytd-multi-page-menu-renderer']//yt-formatted-string[@id='label' and text()='Dansk']
17:06:52 [TestNG-test-Yt Master Tests-3] INFO  verifyingSideMenuLanguageAsInSettings_17-06-08 - [verifyingSideMenuLanguageAsInSettings_17-06-08] Trying to find element: By.xpath: //yt-multi-page-menu-section-renderer[@class='style-scope ytd-multi-page-menu-renderer']//yt-formatted-string[@id='label' and text()='Dansk']
17:06:52 [TestNG-test-Yt Master Tests-3] INFO  verifyingSideMenuLanguageAsInSettings_17-06-08 - [verifyingSideMenuLanguageAsInSettings_17-06-08] Element found and ready (attempt 1): By.xpath: //yt-multi-page-menu-section-renderer[@class='style-scope ytd-multi-page-menu-renderer']//yt-formatted-string[@id='label' and text()='Dansk']
17:06:52 [TestNG-test-Yt Master Tests-3] INFO  verifyingSideMenuLanguageAsInSettings_17-06-08 - Clicking settings ellipses button...
17:06:53 [TestNG-test-Yt Master Tests-3] INFO  verifyingSideMenuLanguageAsInSettings_17-06-08 - [verifyingSideMenuLanguageAsInSettings_17-06-08] Trying to find element: By.xpath: //ytd-topbar-menu-button-renderer[@class='style-scope ytd-masthead style-default']
17:06:53 [TestNG-test-Yt Master Tests-3] INFO  verifyingSideMenuLanguageAsInSettings_17-06-08 - [verifyingSideMenuLanguageAsInSettings_17-06-08] Element found and ready (attempt 1): By.xpath: //ytd-topbar-menu-button-renderer[@class='style-scope ytd-masthead style-default']
17:06:53 [TestNG-test-Yt Master Tests-3] INFO  verifyingSideMenuLanguageAsInSettings_17-06-08 - [verifyingSideMenuLanguageAsInSettings_17-06-08] Waiting until element is visible in viewport
17:06:54 [TestNG-test-Yt Master Tests-3] INFO  verifyingSideMenuLanguageAsInSettings_17-06-08 - Clicking settings ellipses button...
17:06:54 [TestNG-test-Yt Master Tests-3] INFO  verifyingSideMenuLanguageAsInSettings_17-06-08 - [verifyingSideMenuLanguageAsInSettings_17-06-08] Trying to find element: By.xpath: //ytd-topbar-menu-button-renderer[@class='style-scope ytd-masthead style-default']
17:06:54 [TestNG-test-Yt Master Tests-3] INFO  verifyingSideMenuLanguageAsInSettings_17-06-08 - [verifyingSideMenuLanguageAsInSettings_17-06-08] Element found and ready (attempt 1): By.xpath: //ytd-topbar-menu-button-renderer[@class='style-scope ytd-masthead style-default']
17:06:54 [TestNG-test-Yt Master Tests-3] INFO  verifyingSideMenuLanguageAsInSettings_17-06-08 - Fetching the side menu in expanded view
17:06:54 [TestNG-test-Yt Master Tests-3] INFO  verifyingSideMenuLanguageAsInSettings_17-06-08 - [verifyingSideMenuLanguageAsInSettings_17-06-08] Finding elements list: By.xpath: //ytd-guide-entry-renderer[@class='style-scope ytd-guide-section-renderer']
17:06:54 [TestNG-test-Yt Master Tests-3] INFO  verifyingSideMenuLanguageAsInSettings_17-06-08 - [verifyingSideMenuLanguageAsInSettings_17-06-08] Found 13 ready elements (attempt 1): By.xpath: //ytd-guide-entry-renderer[@class='style-scope ytd-guide-section-renderer']
17:06:54 [TestNG-test-Yt Master Tests-3] INFO  verifyingSideMenuLanguageAsInSettings_17-06-08 - Clicking settings ellipses button...
17:06:54 [TestNG-test-Yt Master Tests-3] INFO  verifyingSideMenuLanguageAsInSettings_17-06-08 - [verifyingSideMenuLanguageAsInSettings_17-06-08] Trying to find element: By.xpath: //ytd-topbar-menu-button-renderer[@class='style-scope ytd-masthead style-default']
17:06:54 [TestNG-test-Yt Master Tests-3] INFO  verifyingSideMenuLanguageAsInSettings_17-06-08 - [verifyingSideMenuLanguageAsInSettings_17-06-08] Element found and ready (attempt 1): By.xpath: //ytd-topbar-menu-button-renderer[@class='style-scope ytd-masthead style-default']
17:06:54 [TestNG-test-Yt Master Tests-3] INFO  verifyingSideMenuLanguageAsInSettings_17-06-08 - Clicking language dropdown...
17:06:54 [TestNG-test-Yt Master Tests-3] INFO  verifyingSideMenuLanguageAsInSettings_17-06-08 - [verifyingSideMenuLanguageAsInSettings_17-06-08] Trying to find element: By.xpath: (//div[@id='content-icon'])[2]
17:06:55 [TestNG-test-Yt Master Tests-3] INFO  verifyingSideMenuLanguageAsInSettings_17-06-08 - [verifyingSideMenuLanguageAsInSettings_17-06-08] Element found and ready (attempt 1): By.xpath: (//div[@id='content-icon'])[2]
17:06:56 [TestNG-test-Yt Master Tests-3] INFO  verifyingSideMenuLanguageAsInSettings_17-06-08 - Looking for language element with name: Deutsch
17:06:56 [TestNG-test-Yt Master Tests-3] INFO  verifyingSideMenuLanguageAsInSettings_17-06-08 - [verifyingSideMenuLanguageAsInSettings_17-06-08] Trying to find element: By.xpath: //yt-multi-page-menu-section-renderer[@class='style-scope ytd-multi-page-menu-renderer']//yt-formatted-string[@id='label' and text()='Deutsch']
17:06:56 [TestNG-test-Yt Master Tests-3] INFO  verifyingSideMenuLanguageAsInSettings_17-06-08 - [verifyingSideMenuLanguageAsInSettings_17-06-08] Element found and ready (attempt 1): By.xpath: //yt-multi-page-menu-section-renderer[@class='style-scope ytd-multi-page-menu-renderer']//yt-formatted-string[@id='label' and text()='Deutsch']
17:06:56 [TestNG-test-Yt Master Tests-3] INFO  verifyingSideMenuLanguageAsInSettings_17-06-08 - [verifyingSideMenuLanguageAsInSettings_17-06-08] Trying to find element: By.xpath: //yt-multi-page-menu-section-renderer[@class='style-scope ytd-multi-page-menu-renderer']//yt-formatted-string[@id='label' and text()='Deutsch']
17:06:56 [TestNG-test-Yt Master Tests-3] INFO  verifyingSideMenuLanguageAsInSettings_17-06-08 - [verifyingSideMenuLanguageAsInSettings_17-06-08] Element found and ready (attempt 1): By.xpath: //yt-multi-page-menu-section-renderer[@class='style-scope ytd-multi-page-menu-renderer']//yt-formatted-string[@id='label' and text()='Deutsch']
17:06:57 [TestNG-test-Yt Master Tests-3] INFO  verifyingSideMenuLanguageAsInSettings_17-06-08 - Clicking settings ellipses button...
17:06:57 [TestNG-test-Yt Master Tests-3] INFO  verifyingSideMenuLanguageAsInSettings_17-06-08 - [verifyingSideMenuLanguageAsInSettings_17-06-08] Trying to find element: By.xpath: //ytd-topbar-menu-button-renderer[@class='style-scope ytd-masthead style-default']
17:06:57 [TestNG-test-Yt Master Tests-3] INFO  verifyingSideMenuLanguageAsInSettings_17-06-08 - [verifyingSideMenuLanguageAsInSettings_17-06-08] Element found and ready (attempt 1): By.xpath: //ytd-topbar-menu-button-renderer[@class='style-scope ytd-masthead style-default']
17:06:57 [TestNG-test-Yt Master Tests-3] INFO  verifyingSideMenuLanguageAsInSettings_17-06-08 - [verifyingSideMenuLanguageAsInSettings_17-06-08] Waiting until element is visible in viewport
17:06:58 [TestNG-test-Yt Master Tests-3] INFO  verifyingSideMenuLanguageAsInSettings_17-06-08 - Clicking settings ellipses button...
17:06:58 [TestNG-test-Yt Master Tests-3] INFO  verifyingSideMenuLanguageAsInSettings_17-06-08 - [verifyingSideMenuLanguageAsInSettings_17-06-08] Trying to find element: By.xpath: //ytd-topbar-menu-button-renderer[@class='style-scope ytd-masthead style-default']
17:06:58 [TestNG-test-Yt Master Tests-3] INFO  verifyingSideMenuLanguageAsInSettings_17-06-08 - [verifyingSideMenuLanguageAsInSettings_17-06-08] Element found and ready (attempt 1): By.xpath: //ytd-topbar-menu-button-renderer[@class='style-scope ytd-masthead style-default']
17:06:58 [TestNG-test-Yt Master Tests-3] INFO  verifyingSideMenuLanguageAsInSettings_17-06-08 - Fetching the side menu in expanded view
17:06:58 [TestNG-test-Yt Master Tests-3] INFO  verifyingSideMenuLanguageAsInSettings_17-06-08 - [verifyingSideMenuLanguageAsInSettings_17-06-08] Finding elements list: By.xpath: //ytd-guide-entry-renderer[@class='style-scope ytd-guide-section-renderer']
17:06:58 [TestNG-test-Yt Master Tests-3] INFO  verifyingSideMenuLanguageAsInSettings_17-06-08 - [verifyingSideMenuLanguageAsInSettings_17-06-08] Found 13 ready elements (attempt 1): By.xpath: //ytd-guide-entry-renderer[@class='style-scope ytd-guide-section-renderer']
17:06:58 [TestNG-test-Yt Master Tests-3] INFO  verifyingSideMenuLanguageAsInSettings_17-06-08 - Clicking settings ellipses button...
17:06:58 [TestNG-test-Yt Master Tests-3] INFO  verifyingSideMenuLanguageAsInSettings_17-06-08 - [verifyingSideMenuLanguageAsInSettings_17-06-08] Trying to find element: By.xpath: //ytd-topbar-menu-button-renderer[@class='style-scope ytd-masthead style-default']
17:06:59 [TestNG-test-Yt Master Tests-3] INFO  verifyingSideMenuLanguageAsInSettings_17-06-08 - [verifyingSideMenuLanguageAsInSettings_17-06-08] Element found and ready (attempt 1): By.xpath: //ytd-topbar-menu-button-renderer[@class='style-scope ytd-masthead style-default']
17:06:59 [TestNG-test-Yt Master Tests-3] INFO  verifyingSideMenuLanguageAsInSettings_17-06-08 - Clicking language dropdown...
17:06:59 [TestNG-test-Yt Master Tests-3] INFO  verifyingSideMenuLanguageAsInSettings_17-06-08 - [verifyingSideMenuLanguageAsInSettings_17-06-08] Trying to find element: By.xpath: (//div[@id='content-icon'])[2]
17:06:59 [TestNG-test-Yt Master Tests-3] INFO  verifyingSideMenuLanguageAsInSettings_17-06-08 - [verifyingSideMenuLanguageAsInSettings_17-06-08] Element found and ready (attempt 1): By.xpath: (//div[@id='content-icon'])[2]
17:07:00 [TestNG-test-Yt Master Tests-3] INFO  verifyingSideMenuLanguageAsInSettings_17-06-08 - Looking for language element with name: Eesti
17:07:00 [TestNG-test-Yt Master Tests-3] INFO  verifyingSideMenuLanguageAsInSettings_17-06-08 - [verifyingSideMenuLanguageAsInSettings_17-06-08] Trying to find element: By.xpath: //yt-multi-page-menu-section-renderer[@class='style-scope ytd-multi-page-menu-renderer']//yt-formatted-string[@id='label' and text()='Eesti']
17:07:00 [TestNG-test-Yt Master Tests-3] INFO  verifyingSideMenuLanguageAsInSettings_17-06-08 - [verifyingSideMenuLanguageAsInSettings_17-06-08] Element found and ready (attempt 1): By.xpath: //yt-multi-page-menu-section-renderer[@class='style-scope ytd-multi-page-menu-renderer']//yt-formatted-string[@id='label' and text()='Eesti']
17:07:00 [TestNG-test-Yt Master Tests-3] INFO  verifyingSideMenuLanguageAsInSettings_17-06-08 - [verifyingSideMenuLanguageAsInSettings_17-06-08] Trying to find element: By.xpath: //yt-multi-page-menu-section-renderer[@class='style-scope ytd-multi-page-menu-renderer']//yt-formatted-string[@id='label' and text()='Eesti']
17:07:00 [TestNG-test-Yt Master Tests-3] INFO  verifyingSideMenuLanguageAsInSettings_17-06-08 - [verifyingSideMenuLanguageAsInSettings_17-06-08] Element found and ready (attempt 1): By.xpath: //yt-multi-page-menu-section-renderer[@class='style-scope ytd-multi-page-menu-renderer']//yt-formatted-string[@id='label' and text()='Eesti']
17:07:01 [TestNG-test-Yt Master Tests-3] INFO  verifyingSideMenuLanguageAsInSettings_17-06-08 - Clicking settings ellipses button...
17:07:01 [TestNG-test-Yt Master Tests-3] INFO  verifyingSideMenuLanguageAsInSettings_17-06-08 - [verifyingSideMenuLanguageAsInSettings_17-06-08] Trying to find element: By.xpath: //ytd-topbar-menu-button-renderer[@class='style-scope ytd-masthead style-default']
17:07:01 [TestNG-test-Yt Master Tests-3] INFO  verifyingSideMenuLanguageAsInSettings_17-06-08 - [verifyingSideMenuLanguageAsInSettings_17-06-08] Element found and ready (attempt 1): By.xpath: //ytd-topbar-menu-button-renderer[@class='style-scope ytd-masthead style-default']
17:07:01 [TestNG-test-Yt Master Tests-3] INFO  verifyingSideMenuLanguageAsInSettings_17-06-08 - [verifyingSideMenuLanguageAsInSettings_17-06-08] Waiting until element is visible in viewport
17:07:02 [TestNG-test-Yt Master Tests-3] INFO  verifyingSideMenuLanguageAsInSettings_17-06-08 - Clicking settings ellipses button...
17:07:02 [TestNG-test-Yt Master Tests-3] INFO  verifyingSideMenuLanguageAsInSettings_17-06-08 - [verifyingSideMenuLanguageAsInSettings_17-06-08] Trying to find element: By.xpath: //ytd-topbar-menu-button-renderer[@class='style-scope ytd-masthead style-default']
17:07:02 [TestNG-test-Yt Master Tests-3] INFO  verifyingSideMenuLanguageAsInSettings_17-06-08 - [verifyingSideMenuLanguageAsInSettings_17-06-08] Element found and ready (attempt 1): By.xpath: //ytd-topbar-menu-button-renderer[@class='style-scope ytd-masthead style-default']
17:07:02 [TestNG-test-Yt Master Tests-3] INFO  verifyingSideMenuLanguageAsInSettings_17-06-08 - Fetching the side menu in expanded view
17:07:02 [TestNG-test-Yt Master Tests-3] INFO  verifyingSideMenuLanguageAsInSettings_17-06-08 - [verifyingSideMenuLanguageAsInSettings_17-06-08] Finding elements list: By.xpath: //ytd-guide-entry-renderer[@class='style-scope ytd-guide-section-renderer']
17:07:03 [TestNG-test-Yt Master Tests-3] INFO  verifyingSideMenuLanguageAsInSettings_17-06-08 - [verifyingSideMenuLanguageAsInSettings_17-06-08] Found 13 ready elements (attempt 1): By.xpath: //ytd-guide-entry-renderer[@class='style-scope ytd-guide-section-renderer']
17:07:03 [TestNG-test-Yt Master Tests-3] INFO  verifyingSideMenuLanguageAsInSettings_17-06-08 - Clicking settings ellipses button...
17:07:03 [TestNG-test-Yt Master Tests-3] INFO  verifyingSideMenuLanguageAsInSettings_17-06-08 - [verifyingSideMenuLanguageAsInSettings_17-06-08] Trying to find element: By.xpath: //ytd-topbar-menu-button-renderer[@class='style-scope ytd-masthead style-default']
17:07:03 [TestNG-test-Yt Master Tests-3] INFO  verifyingSideMenuLanguageAsInSettings_17-06-08 - [verifyingSideMenuLanguageAsInSettings_17-06-08] Element found and ready (attempt 1): By.xpath: //ytd-topbar-menu-button-renderer[@class='style-scope ytd-masthead style-default']
17:07:03 [TestNG-test-Yt Master Tests-3] INFO  verifyingSideMenuLanguageAsInSettings_17-06-08 - Clicking language dropdown...
17:07:03 [TestNG-test-Yt Master Tests-3] INFO  verifyingSideMenuLanguageAsInSettings_17-06-08 - [verifyingSideMenuLanguageAsInSettings_17-06-08] Trying to find element: By.xpath: (//div[@id='content-icon'])[2]
17:07:03 [TestNG-test-Yt Master Tests-3] INFO  verifyingSideMenuLanguageAsInSettings_17-06-08 - [verifyingSideMenuLanguageAsInSettings_17-06-08] Element found and ready (attempt 1): By.xpath: (//div[@id='content-icon'])[2]
17:07:04 [TestNG-test-Yt Master Tests-3] INFO  verifyingSideMenuLanguageAsInSettings_17-06-08 - Looking for language element with name: English (India)
17:07:04 [TestNG-test-Yt Master Tests-3] INFO  verifyingSideMenuLanguageAsInSettings_17-06-08 - [verifyingSideMenuLanguageAsInSettings_17-06-08] Trying to find element: By.xpath: //yt-multi-page-menu-section-renderer[@class='style-scope ytd-multi-page-menu-renderer']//yt-formatted-string[@id='label' and text()='English (India)']
17:07:04 [TestNG-test-Yt Master Tests-3] INFO  verifyingSideMenuLanguageAsInSettings_17-06-08 - [verifyingSideMenuLanguageAsInSettings_17-06-08] Element found and ready (attempt 1): By.xpath: //yt-multi-page-menu-section-renderer[@class='style-scope ytd-multi-page-menu-renderer']//yt-formatted-string[@id='label' and text()='English (India)']
17:07:04 [TestNG-test-Yt Master Tests-3] INFO  verifyingSideMenuLanguageAsInSettings_17-06-08 - [verifyingSideMenuLanguageAsInSettings_17-06-08] Trying to find element: By.xpath: //yt-multi-page-menu-section-renderer[@class='style-scope ytd-multi-page-menu-renderer']//yt-formatted-string[@id='label' and text()='English (India)']
17:07:04 [TestNG-test-Yt Master Tests-3] INFO  verifyingSideMenuLanguageAsInSettings_17-06-08 - [verifyingSideMenuLanguageAsInSettings_17-06-08] Element found and ready (attempt 1): By.xpath: //yt-multi-page-menu-section-renderer[@class='style-scope ytd-multi-page-menu-renderer']//yt-formatted-string[@id='label' and text()='English (India)']
17:07:05 [TestNG-test-Yt Master Tests-3] INFO  verifyingSideMenuLanguageAsInSettings_17-06-08 - Clicking settings ellipses button...
17:07:05 [TestNG-test-Yt Master Tests-3] INFO  verifyingSideMenuLanguageAsInSettings_17-06-08 - [verifyingSideMenuLanguageAsInSettings_17-06-08] Trying to find element: By.xpath: //ytd-topbar-menu-button-renderer[@class='style-scope ytd-masthead style-default']
17:07:05 [TestNG-test-Yt Master Tests-3] INFO  verifyingSideMenuLanguageAsInSettings_17-06-08 - [verifyingSideMenuLanguageAsInSettings_17-06-08] Element found and ready (attempt 1): By.xpath: //ytd-topbar-menu-button-renderer[@class='style-scope ytd-masthead style-default']
17:07:06 [TestNG-test-Yt Master Tests-3] INFO  verifyingSideMenuLanguageAsInSettings_17-06-08 - [verifyingSideMenuLanguageAsInSettings_17-06-08] Waiting until element is visible in viewport
17:07:07 [TestNG-test-Yt Master Tests-3] INFO  verifyingSideMenuLanguageAsInSettings_17-06-08 - Clicking settings ellipses button...
17:07:07 [TestNG-test-Yt Master Tests-3] INFO  verifyingSideMenuLanguageAsInSettings_17-06-08 - [verifyingSideMenuLanguageAsInSettings_17-06-08] Trying to find element: By.xpath: //ytd-topbar-menu-button-renderer[@class='style-scope ytd-masthead style-default']
17:07:07 [TestNG-test-Yt Master Tests-3] INFO  verifyingSideMenuLanguageAsInSettings_17-06-08 - [verifyingSideMenuLanguageAsInSettings_17-06-08] Element found and ready (attempt 1): By.xpath: //ytd-topbar-menu-button-renderer[@class='style-scope ytd-masthead style-default']
17:07:07 [TestNG-test-Yt Master Tests-3] INFO  verifyingSideMenuLanguageAsInSettings_17-06-08 - Fetching the side menu in expanded view
17:07:07 [TestNG-test-Yt Master Tests-3] INFO  verifyingSideMenuLanguageAsInSettings_17-06-08 - [verifyingSideMenuLanguageAsInSettings_17-06-08] Finding elements list: By.xpath: //ytd-guide-entry-renderer[@class='style-scope ytd-guide-section-renderer']
17:07:07 [TestNG-test-Yt Master Tests-3] INFO  verifyingSideMenuLanguageAsInSettings_17-06-08 - [verifyingSideMenuLanguageAsInSettings_17-06-08] Found 13 ready elements (attempt 1): By.xpath: //ytd-guide-entry-renderer[@class='style-scope ytd-guide-section-renderer']
17:07:07 [TestNG-test-Yt Master Tests-3] INFO  verifyingSideMenuLanguageAsInSettings_17-06-08 - Clicking settings ellipses button...
17:07:07 [TestNG-test-Yt Master Tests-3] INFO  verifyingSideMenuLanguageAsInSettings_17-06-08 - [verifyingSideMenuLanguageAsInSettings_17-06-08] Trying to find element: By.xpath: //ytd-topbar-menu-button-renderer[@class='style-scope ytd-masthead style-default']
17:07:07 [TestNG-test-Yt Master Tests-3] INFO  verifyingSideMenuLanguageAsInSettings_17-06-08 - [verifyingSideMenuLanguageAsInSettings_17-06-08] Element found and ready (attempt 1): By.xpath: //ytd-topbar-menu-button-renderer[@class='style-scope ytd-masthead style-default']
17:07:07 [TestNG-test-Yt Master Tests-3] INFO  verifyingSideMenuLanguageAsInSettings_17-06-08 - Clicking language dropdown...
17:07:07 [TestNG-test-Yt Master Tests-3] INFO  verifyingSideMenuLanguageAsInSettings_17-06-08 - [verifyingSideMenuLanguageAsInSettings_17-06-08] Trying to find element: By.xpath: (//div[@id='content-icon'])[2]
17:07:07 [TestNG-test-Yt Master Tests-3] INFO  verifyingSideMenuLanguageAsInSettings_17-06-08 - [verifyingSideMenuLanguageAsInSettings_17-06-08] Element found and ready (attempt 1): By.xpath: (//div[@id='content-icon'])[2]
17:07:08 [TestNG-test-Yt Master Tests-3] INFO  verifyingSideMenuLanguageAsInSettings_17-06-08 - [verifyingSideMenuLanguageAsInSettings_17-06-08] Not retrying test 'verifyingSideMenuLanguageAsInSettings'. Retry count: 0, Cause: The following asserts failed:
	Mismatch in the Actual and Expected data for language=Afrikaans expected [Tuis Kortvideo's Intekeninge Myne Geskiedenis Musiek Flieks Regstreeks YouTube Premium YouTube Music YouTube Kids Instellings Aangeegeskiedenis Hulp Stuur terugvoer] but found [Tuis Kortvideo's Intekeninge Myne Geskiedenis Musiek Flieks en TV Ophef YouTube Premium YouTube TV YouTube Music YouTube Kids Aangeegeskiedenis],
	Mismatch in the Actual and Expected data for language=Azərbaycan expected [Ev Shorts Abunəliklər Siz Tarixçə Musiqi Filmlər Canlı YouTube Premium YouTube Music YouTube Kids Ayarlar Xəbər tarixçəsi Yardım Rəy göndərin] but found [Ev Shorts Abunəliklər Siz Tarixçə Musiqi Film və TV Hayp YouTube Premium YouTube TV YouTube Music YouTube Kids Xəbər tarixçəsi],
	Mismatch in the Actual and Expected data for language=Bahasa Indonesia expected [Beranda Shorts Subscription Anda Histori Musik Film Live YouTube Premium YouTube Music YouTube Kids Setelan Histori laporan Bantuan Kirim masukan] but found [Beranda Shorts Subscription Anda Histori Musik Film & TV Beri hype YouTube Premium YouTube TV YouTube Music YouTube Kids Histori laporan],
	Mismatch in the Actual and Expected data for language=Bosanski expected [Početna stranica Shorts Pretplate Vi Hi‪storija Muzika Filmovi Uživo YouTube Premium YouTube Music YouTube Kids Postavke Historija prijava Pomoć Pošaljite povratne informacije] but found [Početna stranica Shorts Pretplate Vi Hi‪storija Muzika Filmovi i TV Poticanje interesovanja YouTube Premium YouTube TV YouTube Music YouTube Kids Historija prijava],
	Mismatch in the Actual and Expected data for language=Català expected [Inici YouTube Shorts Subscripcions Tu Historial Música Pel·lícules En directe YouTube Premium YouTube Music YouTube Kids Configuració Historial d'informes Ajuda Envia suggeriments] but found [Inici Shorts Subscripcions Tu Historial Música Pel·lícules i televisió Hype YouTube Premium YouTube TV YouTube Music YouTube Kids Historial d'informes],
	Mismatch in the Actual and Expected data for language=Dansk expected [Start Shorts Abonnementer Dig Historik Musik Film Live YouTube Premium YouTube Music YouTube Kids Indstillinger Rapporteringshistorik Hjælp Send feedback] but found [Start Shorts Abonnementer Dig Historik Musik Film og tv Hype YouTube Premium YouTube TV YouTube Music YouTube Kids Rapporteringshistorik],
	Mismatch in the Actual and Expected data for language=Deutsch expected [Startseite Shorts Abos Mein YouTube Verlauf Musik Filme Live YouTube Premium YouTube Music YouTube Kids Einstellungen Meldeverlauf Hilfe Feedback senden] but found [Startseite Shorts Abos Mein YouTube Verlauf Musik Filme & Shows Hype YouTube Premium YouTube TV YouTube Music YouTube Kids Meldeverlauf],
	Mismatch in the Actual and Expected data for language=Eesti expected [Avaleht Shorts Tellimused Teie Ajalugu Muusika Filmid Otse YouTube Premium YouTube Music YouTube Kids Seaded Teavituste ajalugu Abi Tagasiside saatmine] but found [Avaleht Shorts Tellimused Teie Ajalugu Muusika Filmid ja telesarjad Haipimine YouTube Premium YouTube TV YouTube Music YouTube Kids Teavituste ajalugu],
	Mismatch in the Actual and Expected data for language=English (India) expected [Home Shorts Subscriptions You History Shopping Music Films YouTube Premium YouTube Music YouTube Kids Settings Report history Help Send feedback] but found [Home Shorts Subscriptions You History Shopping Music Movies & TV YouTube Premium YouTube TV YouTube Music YouTube Kids Report history]
