18:52:03 [TestNG-test-Yt Master Tests-1] INFO  verifyingSideMenuLanguageAsInSettingsLingua_18-52-03 - No existing WebDriver found for current thread. Initializing a new ChromeDriver...
18:52:03 [TestNG-test-Yt Master Tests-1] INFO  verifyingSideMenuLanguageAsInSettingsLingua_18-52-03 - WebDriverManager: chromedriver setup OK
18:52:04 [TestNG-test-Yt Master Tests-1] INFO  verifyingSideMenuLanguageAsInSettingsLingua_18-52-03 - ChromeDriver initialized successfully for thread: 34
18:52:04 [TestNG-test-Yt Master Tests-1] INFO  verifyingSideMenuLanguageAsInSettingsLingua_18-52-03 - SafeActions initialized with driver ChromeDriver: chrome on windows (694b277c3c63bafedf15926ad92755bb)
18:52:04 [TestNG-test-Yt Master Tests-1] INFO  verifyingSideMenuLanguageAsInSettingsLingua_18-52-03 - Initialized YtLandingPage with driver: ChromeDriver: chrome on windows (694b277c3c63bafedf15926ad92755bb)
18:52:04 [TestNG-test-Yt Master Tests-1] INFO  verifyingSideMenuLanguageAsInSettingsLingua_18-52-03 - SafeActions initialized with driver ChromeDriver: chrome on windows (694b277c3c63bafedf15926ad92755bb)
18:52:09 [TestNG-test-Yt Master Tests-1] INFO  verifyingSideMenuLanguageAsInSettingsLingua_18-52-03 - Opened YouTube landing page.
18:52:09 [TestNG-test-Yt Master Tests-1] INFO  verifyingSideMenuLanguageAsInSettingsLingua_18-52-03 - Clicking settings ellipses button...
18:52:09 [TestNG-test-Yt Master Tests-1] INFO  verifyingSideMenuLanguageAsInSettingsLingua_18-52-03 - [verifyingSideMenuLanguageAsInSettingsLingua_18-52-03] Trying to find element: By.xpath: //ytd-topbar-menu-button-renderer[@class='style-scope ytd-masthead style-default']
18:52:09 [TestNG-test-Yt Master Tests-1] INFO  verifyingSideMenuLanguageAsInSettingsLingua_18-52-03 - [verifyingSideMenuLanguageAsInSettingsLingua_18-52-03] Element found and ready (attempt 1): By.xpath: //ytd-topbar-menu-button-renderer[@class='style-scope ytd-masthead style-default']
18:52:09 [TestNG-test-Yt Master Tests-1] INFO  verifyingSideMenuLanguageAsInSettingsLingua_18-52-03 - Clicking language dropdown...
18:52:09 [TestNG-test-Yt Master Tests-1] INFO  verifyingSideMenuLanguageAsInSettingsLingua_18-52-03 - [verifyingSideMenuLanguageAsInSettingsLingua_18-52-03] Trying to find element: By.xpath: (//div[@id='content-icon'])[2]
18:52:10 [TestNG-test-Yt Master Tests-1] INFO  verifyingSideMenuLanguageAsInSettingsLingua_18-52-03 - [verifyingSideMenuLanguageAsInSettingsLingua_18-52-03] Element found and ready (attempt 1): By.xpath: (//div[@id='content-icon'])[2]
18:52:11 [TestNG-test-Yt Master Tests-1] INFO  verifyingSideMenuLanguageAsInSettingsLingua_18-52-03 - [verifyingSideMenuLanguageAsInSettingsLingua_18-52-03] Execution is scheduled type /CRON Job on CI Hence refering to CI keys from UtilData
18:52:11 [TestNG-test-Yt Master Tests-1] INFO  verifyingSideMenuLanguageAsInSettingsLingua_18-52-03 - Looking for language element with name: Afrikaans
18:52:11 [TestNG-test-Yt Master Tests-1] INFO  verifyingSideMenuLanguageAsInSettingsLingua_18-52-03 - [verifyingSideMenuLanguageAsInSettingsLingua_18-52-03] Trying to find element: By.xpath: //yt-multi-page-menu-section-renderer[@class='style-scope ytd-multi-page-menu-renderer']//yt-formatted-string[@id='label' and text()='Afrikaans']
18:52:11 [TestNG-test-Yt Master Tests-1] INFO  verifyingSideMenuLanguageAsInSettingsLingua_18-52-03 - [verifyingSideMenuLanguageAsInSettingsLingua_18-52-03] Element found and ready (attempt 1): By.xpath: //yt-multi-page-menu-section-renderer[@class='style-scope ytd-multi-page-menu-renderer']//yt-formatted-string[@id='label' and text()='Afrikaans']
18:52:11 [TestNG-test-Yt Master Tests-1] INFO  verifyingSideMenuLanguageAsInSettingsLingua_18-52-03 - [verifyingSideMenuLanguageAsInSettingsLingua_18-52-03] Trying to find element: By.xpath: //yt-multi-page-menu-section-renderer[@class='style-scope ytd-multi-page-menu-renderer']//yt-formatted-string[@id='label' and text()='Afrikaans']
18:52:11 [TestNG-test-Yt Master Tests-1] INFO  verifyingSideMenuLanguageAsInSettingsLingua_18-52-03 - [verifyingSideMenuLanguageAsInSettingsLingua_18-52-03] Element found and ready (attempt 1): By.xpath: //yt-multi-page-menu-section-renderer[@class='style-scope ytd-multi-page-menu-renderer']//yt-formatted-string[@id='label' and text()='Afrikaans']
18:52:11 [TestNG-test-Yt Master Tests-1] INFO  verifyingSideMenuLanguageAsInSettingsLingua_18-52-03 - Clicking settings ellipses button...
18:52:11 [TestNG-test-Yt Master Tests-1] INFO  verifyingSideMenuLanguageAsInSettingsLingua_18-52-03 - [verifyingSideMenuLanguageAsInSettingsLingua_18-52-03] Trying to find element: By.xpath: //ytd-topbar-menu-button-renderer[@class='style-scope ytd-masthead style-default']
18:52:11 [TestNG-test-Yt Master Tests-1] INFO  verifyingSideMenuLanguageAsInSettingsLingua_18-52-03 - [verifyingSideMenuLanguageAsInSettingsLingua_18-52-03] Element found and ready (attempt 1): By.xpath: //ytd-topbar-menu-button-renderer[@class='style-scope ytd-masthead style-default']
18:52:11 [TestNG-test-Yt Master Tests-1] INFO  verifyingSideMenuLanguageAsInSettingsLingua_18-52-03 - [verifyingSideMenuLanguageAsInSettingsLingua_18-52-03] Waiting until element is visible in viewport
18:52:22 [TestNG-test-Yt Master Tests-1] INFO  verifyingSideMenuLanguageAsInSettingsLingua_18-52-03 - Clicking settings ellipses button...
18:52:22 [TestNG-test-Yt Master Tests-1] INFO  verifyingSideMenuLanguageAsInSettingsLingua_18-52-03 - [verifyingSideMenuLanguageAsInSettingsLingua_18-52-03] Trying to find element: By.xpath: //ytd-topbar-menu-button-renderer[@class='style-scope ytd-masthead style-default']
18:52:22 [TestNG-test-Yt Master Tests-1] INFO  verifyingSideMenuLanguageAsInSettingsLingua_18-52-03 - [verifyingSideMenuLanguageAsInSettingsLingua_18-52-03] Element found and ready (attempt 1): By.xpath: //ytd-topbar-menu-button-renderer[@class='style-scope ytd-masthead style-default']
18:52:22 [TestNG-test-Yt Master Tests-1] INFO  verifyingSideMenuLanguageAsInSettingsLingua_18-52-03 - Fetching the side menu in expanded view
18:52:22 [TestNG-test-Yt Master Tests-1] INFO  verifyingSideMenuLanguageAsInSettingsLingua_18-52-03 - [verifyingSideMenuLanguageAsInSettingsLingua_18-52-03] Finding elements list: By.xpath: //ytd-guide-entry-renderer[@class='style-scope ytd-guide-section-renderer']
18:52:22 [TestNG-test-Yt Master Tests-1] INFO  verifyingSideMenuLanguageAsInSettingsLingua_18-52-03 - [verifyingSideMenuLanguageAsInSettingsLingua_18-52-03] Found 13 ready elements (attempt 1): By.xpath: //ytd-guide-entry-renderer[@class='style-scope ytd-guide-section-renderer']
18:52:23 [TestNG-test-Yt Master Tests-1] INFO  verifyingSideMenuLanguageAsInSettingsLingua_18-52-03 - 
========== LANGUAGE DETECTION ==========
Detected Language : ENGLISH
Input Text        : Home Shorts Subscriptions You History Shopping Music Movies & TV YouTube Premium YouTube TV YouTube Music YouTube Kids Report history
========================================
18:52:23 [TestNG-test-Yt Master Tests-1] INFO  verifyingSideMenuLanguageAsInSettingsLingua_18-52-03 - getLangAttribute() - locating <html> and reading lang property
18:52:23 [TestNG-test-Yt Master Tests-1] INFO  verifyingSideMenuLanguageAsInSettingsLingua_18-52-03 - Language attribute read: en
18:52:23 [TestNG-test-Yt Master Tests-1] INFO  verifyingSideMenuLanguageAsInSettingsLingua_18-52-03 - [verifyingSideMenuLanguageAsInSettingsLingua_18-52-03] ApplicableLanguage==  Afrikaans     Detected Language ==  ENGLISH  Expected Language == AFRIKAANS
18:52:23 [TestNG-test-Yt Master Tests-1] INFO  verifyingSideMenuLanguageAsInSettingsLingua_18-52-03 - Clicking settings ellipses button...
18:52:23 [TestNG-test-Yt Master Tests-1] INFO  verifyingSideMenuLanguageAsInSettingsLingua_18-52-03 - [verifyingSideMenuLanguageAsInSettingsLingua_18-52-03] Trying to find element: By.xpath: //ytd-topbar-menu-button-renderer[@class='style-scope ytd-masthead style-default']
18:52:23 [TestNG-test-Yt Master Tests-1] INFO  verifyingSideMenuLanguageAsInSettingsLingua_18-52-03 - [verifyingSideMenuLanguageAsInSettingsLingua_18-52-03] Element found and ready (attempt 1): By.xpath: //ytd-topbar-menu-button-renderer[@class='style-scope ytd-masthead style-default']
18:52:23 [TestNG-test-Yt Master Tests-1] INFO  verifyingSideMenuLanguageAsInSettingsLingua_18-52-03 - Clicking language dropdown...
18:52:23 [TestNG-test-Yt Master Tests-1] INFO  verifyingSideMenuLanguageAsInSettingsLingua_18-52-03 - [verifyingSideMenuLanguageAsInSettingsLingua_18-52-03] Trying to find element: By.xpath: (//div[@id='content-icon'])[2]
18:52:33 [TestNG-test-Yt Master Tests-1] WARN  verifyingSideMenuLanguageAsInSettingsLingua_18-52-03 - [verifyingSideMenuLanguageAsInSettingsLingua_18-52-03] Timeout finding element (attempt 1): By.xpath: (//div[@id='content-icon'])[2]
18:52:44 [TestNG-test-Yt Master Tests-1] WARN  verifyingSideMenuLanguageAsInSettingsLingua_18-52-03 - [verifyingSideMenuLanguageAsInSettingsLingua_18-52-03] Timeout finding element (attempt 2): By.xpath: (//div[@id='content-icon'])[2]
18:52:44 [TestNG-test-Yt Master Tests-1] WARN  verifyingSideMenuLanguageAsInSettingsLingua_18-52-03 - [verifyingSideMenuLanguageAsInSettingsLingua_18-52-03] Attempt 2 failed — refreshing the page to recover...
18:52:44 [TestNG-test-Yt Master Tests-1] INFO  verifyingSideMenuLanguageAsInSettingsLingua_18-52-03 - [verifyingSideMenuLanguageAsInSettingsLingua_18-52-03] Current URL before refresh: https://www.youtube.com/
18:52:46 [TestNG-test-Yt Master Tests-1] INFO  verifyingSideMenuLanguageAsInSettingsLingua_18-52-03 - [verifyingSideMenuLanguageAsInSettingsLingua_18-52-03] Page refreshed successfully.
18:52:46 [TestNG-test-Yt Master Tests-1] INFO  verifyingSideMenuLanguageAsInSettingsLingua_18-52-03 - [verifyingSideMenuLanguageAsInSettingsLingua_18-52-03] Page fully loaded after refresh.
18:52:56 [TestNG-test-Yt Master Tests-1] WARN  verifyingSideMenuLanguageAsInSettingsLingua_18-52-03 - [verifyingSideMenuLanguageAsInSettingsLingua_18-52-03] Timeout finding element (attempt 3): By.xpath: (//div[@id='content-icon'])[2]
18:52:56 [TestNG-test-Yt Master Tests-1] WARN  verifyingSideMenuLanguageAsInSettingsLingua_18-52-03 - [verifyingSideMenuLanguageAsInSettingsLingua_18-52-03] Attempt 3 failed — refreshing the page to recover...
18:52:56 [TestNG-test-Yt Master Tests-1] INFO  verifyingSideMenuLanguageAsInSettingsLingua_18-52-03 - [verifyingSideMenuLanguageAsInSettingsLingua_18-52-03] Current URL before refresh: https://www.youtube.com/
18:52:57 [TestNG-test-Yt Master Tests-1] INFO  verifyingSideMenuLanguageAsInSettingsLingua_18-52-03 - [verifyingSideMenuLanguageAsInSettingsLingua_18-52-03] Page refreshed successfully.
18:52:57 [TestNG-test-Yt Master Tests-1] INFO  verifyingSideMenuLanguageAsInSettingsLingua_18-52-03 - [verifyingSideMenuLanguageAsInSettingsLingua_18-52-03] Page fully loaded after refresh.
18:52:57 [TestNG-test-Yt Master Tests-1] ERROR verifyingSideMenuLanguageAsInSettingsLingua_18-52-03 - [verifyingSideMenuLanguageAsInSettingsLingua_18-52-03] Element not found after 3 attempts: By.xpath: (//div[@id='content-icon'])[2]
18:52:57 [TestNG-test-Yt Master Tests-1] WARN  verifyingSideMenuLanguageAsInSettingsLingua_18-52-03 - [verifyingSideMenuLanguageAsInSettingsLingua_18-52-03] Retrying test 'verifyingSideMenuLanguageAsInSettingsLingua' (attempt 1) due to: Cannot invoke "org.openqa.selenium.WebElement.click()" because the return value of "main.java.yt_multi_lang_ui_validator.safeActions.SafeActions.safeFindElement(org.openqa.selenium.By)" is null
