18:11:35 [TestNG-test-Yt Master Tests-1] INFO  verifyingSideMenuCollapsedLangAsInSettingsLingua_18-11-35 - No existing WebDriver found for current thread. Initializing a new ChromeDriver...
18:11:35 [TestNG-test-Yt Master Tests-1] INFO  verifyingSideMenuCollapsedLangAsInSettingsLingua_18-11-35 - WebDriverManager: chromedriver setup OK
18:11:37 [TestNG-test-Yt Master Tests-1] INFO  verifyingSideMenuCollapsedLangAsInSettingsLingua_18-11-35 - ChromeDriver initialized successfully for thread: 34
18:11:37 [TestNG-test-Yt Master Tests-1] INFO  verifyingSideMenuCollapsedLangAsInSettingsLingua_18-11-35 - SafeActions initialized with driver ChromeDriver: chrome on windows (c2a241e00fd7ee85d0b733d64f10002a)
18:11:37 [TestNG-test-Yt Master Tests-1] INFO  verifyingSideMenuCollapsedLangAsInSettingsLingua_18-11-35 - Initialized YtLandingPage with driver: ChromeDriver: chrome on windows (c2a241e00fd7ee85d0b733d64f10002a)
18:11:37 [TestNG-test-Yt Master Tests-1] INFO  verifyingSideMenuCollapsedLangAsInSettingsLingua_18-11-35 - SafeActions initialized with driver ChromeDriver: chrome on windows (c2a241e00fd7ee85d0b733d64f10002a)
18:11:37 [TestNG-test-Yt Master Tests-1] INFO  verifyingSideMenuCollapsedLangAsInSettingsLingua_18-11-35 - Opened YouTube landing page.
18:11:41 [TestNG-test-Yt Master Tests-1] INFO  verifyingSideMenuCollapsedLangAsInSettingsLingua_18-11-35 - Clicking left ellipses in the landing page
18:11:41 [TestNG-test-Yt Master Tests-1] INFO  verifyingSideMenuCollapsedLangAsInSettingsLingua_18-11-35 - [verifyingSideMenuCollapsedLangAsInSettingsLingua_18-11-35] Trying to find element: By.xpath: //ytd-topbar-logo-renderer[@id='logo']/preceding-sibling::*[@id='guide-button']
18:11:41 [TestNG-test-Yt Master Tests-1] INFO  verifyingSideMenuCollapsedLangAsInSettingsLingua_18-11-35 - [verifyingSideMenuCollapsedLangAsInSettingsLingua_18-11-35] Element found and ready (attempt 1): By.xpath: //ytd-topbar-logo-renderer[@id='logo']/preceding-sibling::*[@id='guide-button']
18:11:41 [TestNG-test-Yt Master Tests-1] INFO  verifyingSideMenuCollapsedLangAsInSettingsLingua_18-11-35 - Clicking settings ellipses button...
18:11:41 [TestNG-test-Yt Master Tests-1] INFO  verifyingSideMenuCollapsedLangAsInSettingsLingua_18-11-35 - [verifyingSideMenuCollapsedLangAsInSettingsLingua_18-11-35] Trying to find element: By.xpath: //ytd-topbar-menu-button-renderer[@class='style-scope ytd-masthead style-default']
18:11:41 [TestNG-test-Yt Master Tests-1] INFO  verifyingSideMenuCollapsedLangAsInSettingsLingua_18-11-35 - [verifyingSideMenuCollapsedLangAsInSettingsLingua_18-11-35] Element found and ready (attempt 1): By.xpath: //ytd-topbar-menu-button-renderer[@class='style-scope ytd-masthead style-default']
18:11:42 [TestNG-test-Yt Master Tests-1] INFO  verifyingSideMenuCollapsedLangAsInSettingsLingua_18-11-35 - Clicking language dropdown...
18:11:42 [TestNG-test-Yt Master Tests-1] INFO  verifyingSideMenuCollapsedLangAsInSettingsLingua_18-11-35 - [verifyingSideMenuCollapsedLangAsInSettingsLingua_18-11-35] Trying to find element: By.xpath: (//div[@id='content-icon'])[2]
18:11:42 [TestNG-test-Yt Master Tests-1] INFO  verifyingSideMenuCollapsedLangAsInSettingsLingua_18-11-35 - [verifyingSideMenuCollapsedLangAsInSettingsLingua_18-11-35] Element found and ready (attempt 1): By.xpath: (//div[@id='content-icon'])[2]
18:11:42 [TestNG-test-Yt Master Tests-1] INFO  verifyingSideMenuCollapsedLangAsInSettingsLingua_18-11-35 - [verifyingSideMenuCollapsedLangAsInSettingsLingua_18-11-35] Execution is Not CRON Job Hence refering to normal keys from UtilData
18:11:42 [TestNG-test-Yt Master Tests-1] INFO  verifyingSideMenuCollapsedLangAsInSettingsLingua_18-11-35 - Looking for language element with name: Afrikaans
18:11:42 [TestNG-test-Yt Master Tests-1] INFO  verifyingSideMenuCollapsedLangAsInSettingsLingua_18-11-35 - [verifyingSideMenuCollapsedLangAsInSettingsLingua_18-11-35] Trying to find element: By.xpath: //yt-multi-page-menu-section-renderer[@class='style-scope ytd-multi-page-menu-renderer']//yt-formatted-string[@id='label' and text()='Afrikaans']
18:11:43 [TestNG-test-Yt Master Tests-1] INFO  verifyingSideMenuCollapsedLangAsInSettingsLingua_18-11-35 - [verifyingSideMenuCollapsedLangAsInSettingsLingua_18-11-35] Element found and ready (attempt 1): By.xpath: //yt-multi-page-menu-section-renderer[@class='style-scope ytd-multi-page-menu-renderer']//yt-formatted-string[@id='label' and text()='Afrikaans']
18:11:43 [TestNG-test-Yt Master Tests-1] INFO  verifyingSideMenuCollapsedLangAsInSettingsLingua_18-11-35 - [verifyingSideMenuCollapsedLangAsInSettingsLingua_18-11-35] Trying to find element: By.xpath: //yt-multi-page-menu-section-renderer[@class='style-scope ytd-multi-page-menu-renderer']//yt-formatted-string[@id='label' and text()='Afrikaans']
18:11:43 [TestNG-test-Yt Master Tests-1] INFO  verifyingSideMenuCollapsedLangAsInSettingsLingua_18-11-35 - [verifyingSideMenuCollapsedLangAsInSettingsLingua_18-11-35] Element found and ready (attempt 1): By.xpath: //yt-multi-page-menu-section-renderer[@class='style-scope ytd-multi-page-menu-renderer']//yt-formatted-string[@id='label' and text()='Afrikaans']
18:11:46 [TestNG-test-Yt Master Tests-1] INFO  verifyingSideMenuCollapsedLangAsInSettingsLingua_18-11-35 - Clicking settings ellipses button...
18:11:46 [TestNG-test-Yt Master Tests-1] INFO  verifyingSideMenuCollapsedLangAsInSettingsLingua_18-11-35 - [verifyingSideMenuCollapsedLangAsInSettingsLingua_18-11-35] Trying to find element: By.xpath: //ytd-topbar-menu-button-renderer[@class='style-scope ytd-masthead style-default']
18:11:46 [TestNG-test-Yt Master Tests-1] INFO  verifyingSideMenuCollapsedLangAsInSettingsLingua_18-11-35 - [verifyingSideMenuCollapsedLangAsInSettingsLingua_18-11-35] Element found and ready (attempt 1): By.xpath: //ytd-topbar-menu-button-renderer[@class='style-scope ytd-masthead style-default']
18:11:46 [TestNG-test-Yt Master Tests-1] INFO  verifyingSideMenuCollapsedLangAsInSettingsLingua_18-11-35 - [verifyingSideMenuCollapsedLangAsInSettingsLingua_18-11-35] Waiting until element is visible in viewport
18:11:47 [TestNG-test-Yt Master Tests-1] INFO  verifyingSideMenuCollapsedLangAsInSettingsLingua_18-11-35 - Clicking settings ellipses button...
18:11:47 [TestNG-test-Yt Master Tests-1] INFO  verifyingSideMenuCollapsedLangAsInSettingsLingua_18-11-35 - [verifyingSideMenuCollapsedLangAsInSettingsLingua_18-11-35] Trying to find element: By.xpath: //ytd-topbar-menu-button-renderer[@class='style-scope ytd-masthead style-default']
18:11:47 [TestNG-test-Yt Master Tests-1] INFO  verifyingSideMenuCollapsedLangAsInSettingsLingua_18-11-35 - [verifyingSideMenuCollapsedLangAsInSettingsLingua_18-11-35] Element found and ready (attempt 1): By.xpath: //ytd-topbar-menu-button-renderer[@class='style-scope ytd-masthead style-default']
18:11:47 [TestNG-test-Yt Master Tests-1] INFO  verifyingSideMenuCollapsedLangAsInSettingsLingua_18-11-35 - getLangAttribute() - locating <html> and reading lang property
18:11:47 [TestNG-test-Yt Master Tests-1] INFO  verifyingSideMenuCollapsedLangAsInSettingsLingua_18-11-35 - Language attribute read: af-ZA
18:11:47 [TestNG-test-Yt Master Tests-1] INFO  verifyingSideMenuCollapsedLangAsInSettingsLingua_18-11-35 - Fetching the side menu in collapsed view
18:11:47 [TestNG-test-Yt Master Tests-1] INFO  verifyingSideMenuCollapsedLangAsInSettingsLingua_18-11-35 - [verifyingSideMenuCollapsedLangAsInSettingsLingua_18-11-35] Finding elements list: By.xpath: //ytd-mini-guide-renderer[@class='style-scope ytd-app']//ytd-mini-guide-entry-renderer
18:11:47 [TestNG-test-Yt Master Tests-1] INFO  verifyingSideMenuCollapsedLangAsInSettingsLingua_18-11-35 - [verifyingSideMenuCollapsedLangAsInSettingsLingua_18-11-35] Found 4 ready elements (attempt 1): By.xpath: //ytd-mini-guide-renderer[@class='style-scope ytd-app']//ytd-mini-guide-entry-renderer
18:11:57 [TestNG-test-Yt Master Tests-1] INFO  verifyingSideMenuCollapsedLangAsInSettingsLingua_18-11-35 - 
========== LANGUAGE DETECTION ==========
Detected Language : AFRIKAANS
Input Text        : Tuis Kortvideo's Intekeninge Myne
========================================
18:11:57 [TestNG-test-Yt Master Tests-1] INFO  verifyingSideMenuCollapsedLangAsInSettingsLingua_18-11-35 - text sent to lingua is       Tuis Kortvideo's Intekeninge Myne
18:11:57 [TestNG-test-Yt Master Tests-1] INFO  verifyingSideMenuCollapsedLangAsInSettingsLingua_18-11-35 - getLangAttribute() - locating <html> and reading lang property
18:11:57 [TestNG-test-Yt Master Tests-1] INFO  verifyingSideMenuCollapsedLangAsInSettingsLingua_18-11-35 - Language attribute read: af-ZA
18:11:57 [TestNG-test-Yt Master Tests-1] INFO  verifyingSideMenuCollapsedLangAsInSettingsLingua_18-11-35 - Clicking settings ellipses button...
18:11:57 [TestNG-test-Yt Master Tests-1] INFO  verifyingSideMenuCollapsedLangAsInSettingsLingua_18-11-35 - [verifyingSideMenuCollapsedLangAsInSettingsLingua_18-11-35] Trying to find element: By.xpath: //ytd-topbar-menu-button-renderer[@class='style-scope ytd-masthead style-default']
18:11:57 [TestNG-test-Yt Master Tests-1] INFO  verifyingSideMenuCollapsedLangAsInSettingsLingua_18-11-35 - [verifyingSideMenuCollapsedLangAsInSettingsLingua_18-11-35] Element found and ready (attempt 1): By.xpath: //ytd-topbar-menu-button-renderer[@class='style-scope ytd-masthead style-default']
18:11:57 [TestNG-test-Yt Master Tests-1] INFO  verifyingSideMenuCollapsedLangAsInSettingsLingua_18-11-35 - Clicking language dropdown...
18:11:57 [TestNG-test-Yt Master Tests-1] INFO  verifyingSideMenuCollapsedLangAsInSettingsLingua_18-11-35 - [verifyingSideMenuCollapsedLangAsInSettingsLingua_18-11-35] Trying to find element: By.xpath: (//div[@id='content-icon'])[2]
18:11:58 [TestNG-test-Yt Master Tests-1] INFO  verifyingSideMenuCollapsedLangAsInSettingsLingua_18-11-35 - [verifyingSideMenuCollapsedLangAsInSettingsLingua_18-11-35] Element found and ready (attempt 1): By.xpath: (//div[@id='content-icon'])[2]
18:11:59 [TestNG-test-Yt Master Tests-1] INFO  verifyingSideMenuCollapsedLangAsInSettingsLingua_18-11-35 - Looking for language element with name: Azərbaycan
18:11:59 [TestNG-test-Yt Master Tests-1] INFO  verifyingSideMenuCollapsedLangAsInSettingsLingua_18-11-35 - [verifyingSideMenuCollapsedLangAsInSettingsLingua_18-11-35] Trying to find element: By.xpath: //yt-multi-page-menu-section-renderer[@class='style-scope ytd-multi-page-menu-renderer']//yt-formatted-string[@id='label' and text()='Azərbaycan']
18:11:59 [TestNG-test-Yt Master Tests-1] INFO  verifyingSideMenuCollapsedLangAsInSettingsLingua_18-11-35 - [verifyingSideMenuCollapsedLangAsInSettingsLingua_18-11-35] Element found and ready (attempt 1): By.xpath: //yt-multi-page-menu-section-renderer[@class='style-scope ytd-multi-page-menu-renderer']//yt-formatted-string[@id='label' and text()='Azərbaycan']
18:11:59 [TestNG-test-Yt Master Tests-1] INFO  verifyingSideMenuCollapsedLangAsInSettingsLingua_18-11-35 - [verifyingSideMenuCollapsedLangAsInSettingsLingua_18-11-35] Trying to find element: By.xpath: //yt-multi-page-menu-section-renderer[@class='style-scope ytd-multi-page-menu-renderer']//yt-formatted-string[@id='label' and text()='Azərbaycan']
18:11:59 [TestNG-test-Yt Master Tests-1] INFO  verifyingSideMenuCollapsedLangAsInSettingsLingua_18-11-35 - [verifyingSideMenuCollapsedLangAsInSettingsLingua_18-11-35] Element found and ready (attempt 1): By.xpath: //yt-multi-page-menu-section-renderer[@class='style-scope ytd-multi-page-menu-renderer']//yt-formatted-string[@id='label' and text()='Azərbaycan']
18:12:02 [TestNG-test-Yt Master Tests-1] INFO  verifyingSideMenuCollapsedLangAsInSettingsLingua_18-11-35 - Clicking settings ellipses button...
18:12:02 [TestNG-test-Yt Master Tests-1] INFO  verifyingSideMenuCollapsedLangAsInSettingsLingua_18-11-35 - [verifyingSideMenuCollapsedLangAsInSettingsLingua_18-11-35] Trying to find element: By.xpath: //ytd-topbar-menu-button-renderer[@class='style-scope ytd-masthead style-default']
18:12:02 [TestNG-test-Yt Master Tests-1] INFO  verifyingSideMenuCollapsedLangAsInSettingsLingua_18-11-35 - [verifyingSideMenuCollapsedLangAsInSettingsLingua_18-11-35] Element found and ready (attempt 1): By.xpath: //ytd-topbar-menu-button-renderer[@class='style-scope ytd-masthead style-default']
18:12:02 [TestNG-test-Yt Master Tests-1] INFO  verifyingSideMenuCollapsedLangAsInSettingsLingua_18-11-35 - [verifyingSideMenuCollapsedLangAsInSettingsLingua_18-11-35] Waiting until element is visible in viewport
18:12:03 [TestNG-test-Yt Master Tests-1] INFO  verifyingSideMenuCollapsedLangAsInSettingsLingua_18-11-35 - Clicking settings ellipses button...
18:12:03 [TestNG-test-Yt Master Tests-1] INFO  verifyingSideMenuCollapsedLangAsInSettingsLingua_18-11-35 - [verifyingSideMenuCollapsedLangAsInSettingsLingua_18-11-35] Trying to find element: By.xpath: //ytd-topbar-menu-button-renderer[@class='style-scope ytd-masthead style-default']
18:12:03 [TestNG-test-Yt Master Tests-1] INFO  verifyingSideMenuCollapsedLangAsInSettingsLingua_18-11-35 - [verifyingSideMenuCollapsedLangAsInSettingsLingua_18-11-35] Element found and ready (attempt 1): By.xpath: //ytd-topbar-menu-button-renderer[@class='style-scope ytd-masthead style-default']
18:12:03 [TestNG-test-Yt Master Tests-1] INFO  verifyingSideMenuCollapsedLangAsInSettingsLingua_18-11-35 - getLangAttribute() - locating <html> and reading lang property
18:12:03 [TestNG-test-Yt Master Tests-1] INFO  verifyingSideMenuCollapsedLangAsInSettingsLingua_18-11-35 - Language attribute read: az-Latn-AZ
18:12:03 [TestNG-test-Yt Master Tests-1] INFO  verifyingSideMenuCollapsedLangAsInSettingsLingua_18-11-35 - Fetching the side menu in collapsed view
18:12:03 [TestNG-test-Yt Master Tests-1] INFO  verifyingSideMenuCollapsedLangAsInSettingsLingua_18-11-35 - [verifyingSideMenuCollapsedLangAsInSettingsLingua_18-11-35] Finding elements list: By.xpath: //ytd-mini-guide-renderer[@class='style-scope ytd-app']//ytd-mini-guide-entry-renderer
18:12:04 [TestNG-test-Yt Master Tests-1] INFO  verifyingSideMenuCollapsedLangAsInSettingsLingua_18-11-35 - [verifyingSideMenuCollapsedLangAsInSettingsLingua_18-11-35] Found 4 ready elements (attempt 1): By.xpath: //ytd-mini-guide-renderer[@class='style-scope ytd-app']//ytd-mini-guide-entry-renderer
18:12:04 [TestNG-test-Yt Master Tests-1] INFO  verifyingSideMenuCollapsedLangAsInSettingsLingua_18-11-35 - 
========== LANGUAGE DETECTION ==========
Detected Language : TURKISH
Input Text        : Ev Shorts Abunəliklər Siz
========================================
18:12:04 [TestNG-test-Yt Master Tests-1] INFO  verifyingSideMenuCollapsedLangAsInSettingsLingua_18-11-35 - text sent to lingua is       Ev Shorts Abunəliklər Siz
18:12:04 [TestNG-test-Yt Master Tests-1] INFO  verifyingSideMenuCollapsedLangAsInSettingsLingua_18-11-35 - getLangAttribute() - locating <html> and reading lang property
18:12:04 [TestNG-test-Yt Master Tests-1] INFO  verifyingSideMenuCollapsedLangAsInSettingsLingua_18-11-35 - Language attribute read: az-Latn-AZ
18:12:04 [TestNG-test-Yt Master Tests-1] INFO  verifyingSideMenuCollapsedLangAsInSettingsLingua_18-11-35 - Clicking settings ellipses button...
18:12:04 [TestNG-test-Yt Master Tests-1] INFO  verifyingSideMenuCollapsedLangAsInSettingsLingua_18-11-35 - [verifyingSideMenuCollapsedLangAsInSettingsLingua_18-11-35] Trying to find element: By.xpath: //ytd-topbar-menu-button-renderer[@class='style-scope ytd-masthead style-default']
18:12:04 [TestNG-test-Yt Master Tests-1] INFO  verifyingSideMenuCollapsedLangAsInSettingsLingua_18-11-35 - [verifyingSideMenuCollapsedLangAsInSettingsLingua_18-11-35] Element found and ready (attempt 1): By.xpath: //ytd-topbar-menu-button-renderer[@class='style-scope ytd-masthead style-default']
18:12:04 [TestNG-test-Yt Master Tests-1] INFO  verifyingSideMenuCollapsedLangAsInSettingsLingua_18-11-35 - Clicking language dropdown...
18:12:04 [TestNG-test-Yt Master Tests-1] INFO  verifyingSideMenuCollapsedLangAsInSettingsLingua_18-11-35 - [verifyingSideMenuCollapsedLangAsInSettingsLingua_18-11-35] Trying to find element: By.xpath: (//div[@id='content-icon'])[2]
18:12:05 [TestNG-test-Yt Master Tests-1] INFO  verifyingSideMenuCollapsedLangAsInSettingsLingua_18-11-35 - [verifyingSideMenuCollapsedLangAsInSettingsLingua_18-11-35] Element found and ready (attempt 1): By.xpath: (//div[@id='content-icon'])[2]
18:12:05 [TestNG-test-Yt Master Tests-1] INFO  verifyingSideMenuCollapsedLangAsInSettingsLingua_18-11-35 - Looking for language element with name: Bahasa Indonesia
18:12:05 [TestNG-test-Yt Master Tests-1] INFO  verifyingSideMenuCollapsedLangAsInSettingsLingua_18-11-35 - [verifyingSideMenuCollapsedLangAsInSettingsLingua_18-11-35] Trying to find element: By.xpath: //yt-multi-page-menu-section-renderer[@class='style-scope ytd-multi-page-menu-renderer']//yt-formatted-string[@id='label' and text()='Bahasa Indonesia']
18:12:05 [TestNG-test-Yt Master Tests-1] INFO  verifyingSideMenuCollapsedLangAsInSettingsLingua_18-11-35 - [verifyingSideMenuCollapsedLangAsInSettingsLingua_18-11-35] Element found and ready (attempt 1): By.xpath: //yt-multi-page-menu-section-renderer[@class='style-scope ytd-multi-page-menu-renderer']//yt-formatted-string[@id='label' and text()='Bahasa Indonesia']
18:12:05 [TestNG-test-Yt Master Tests-1] INFO  verifyingSideMenuCollapsedLangAsInSettingsLingua_18-11-35 - [verifyingSideMenuCollapsedLangAsInSettingsLingua_18-11-35] Trying to find element: By.xpath: //yt-multi-page-menu-section-renderer[@class='style-scope ytd-multi-page-menu-renderer']//yt-formatted-string[@id='label' and text()='Bahasa Indonesia']
18:12:06 [TestNG-test-Yt Master Tests-1] INFO  verifyingSideMenuCollapsedLangAsInSettingsLingua_18-11-35 - [verifyingSideMenuCollapsedLangAsInSettingsLingua_18-11-35] Element found and ready (attempt 1): By.xpath: //yt-multi-page-menu-section-renderer[@class='style-scope ytd-multi-page-menu-renderer']//yt-formatted-string[@id='label' and text()='Bahasa Indonesia']
18:12:08 [TestNG-test-Yt Master Tests-1] INFO  verifyingSideMenuCollapsedLangAsInSettingsLingua_18-11-35 - Clicking settings ellipses button...
18:12:08 [TestNG-test-Yt Master Tests-1] INFO  verifyingSideMenuCollapsedLangAsInSettingsLingua_18-11-35 - [verifyingSideMenuCollapsedLangAsInSettingsLingua_18-11-35] Trying to find element: By.xpath: //ytd-topbar-menu-button-renderer[@class='style-scope ytd-masthead style-default']
18:12:08 [TestNG-test-Yt Master Tests-1] INFO  verifyingSideMenuCollapsedLangAsInSettingsLingua_18-11-35 - [verifyingSideMenuCollapsedLangAsInSettingsLingua_18-11-35] Element found and ready (attempt 1): By.xpath: //ytd-topbar-menu-button-renderer[@class='style-scope ytd-masthead style-default']
18:12:08 [TestNG-test-Yt Master Tests-1] INFO  verifyingSideMenuCollapsedLangAsInSettingsLingua_18-11-35 - [verifyingSideMenuCollapsedLangAsInSettingsLingua_18-11-35] Waiting until element is visible in viewport
18:12:10 [TestNG-test-Yt Master Tests-1] INFO  verifyingSideMenuCollapsedLangAsInSettingsLingua_18-11-35 - Clicking settings ellipses button...
18:12:10 [TestNG-test-Yt Master Tests-1] INFO  verifyingSideMenuCollapsedLangAsInSettingsLingua_18-11-35 - [verifyingSideMenuCollapsedLangAsInSettingsLingua_18-11-35] Trying to find element: By.xpath: //ytd-topbar-menu-button-renderer[@class='style-scope ytd-masthead style-default']
18:12:10 [TestNG-test-Yt Master Tests-1] INFO  verifyingSideMenuCollapsedLangAsInSettingsLingua_18-11-35 - [verifyingSideMenuCollapsedLangAsInSettingsLingua_18-11-35] Element found and ready (attempt 1): By.xpath: //ytd-topbar-menu-button-renderer[@class='style-scope ytd-masthead style-default']
18:12:10 [TestNG-test-Yt Master Tests-1] INFO  verifyingSideMenuCollapsedLangAsInSettingsLingua_18-11-35 - getLangAttribute() - locating <html> and reading lang property
18:12:10 [TestNG-test-Yt Master Tests-1] INFO  verifyingSideMenuCollapsedLangAsInSettingsLingua_18-11-35 - Language attribute read: id-ID
18:12:10 [TestNG-test-Yt Master Tests-1] INFO  verifyingSideMenuCollapsedLangAsInSettingsLingua_18-11-35 - Fetching the side menu in collapsed view
18:12:10 [TestNG-test-Yt Master Tests-1] INFO  verifyingSideMenuCollapsedLangAsInSettingsLingua_18-11-35 - [verifyingSideMenuCollapsedLangAsInSettingsLingua_18-11-35] Finding elements list: By.xpath: //ytd-mini-guide-renderer[@class='style-scope ytd-app']//ytd-mini-guide-entry-renderer
18:12:11 [TestNG-test-Yt Master Tests-1] INFO  verifyingSideMenuCollapsedLangAsInSettingsLingua_18-11-35 - [verifyingSideMenuCollapsedLangAsInSettingsLingua_18-11-35] Found 4 ready elements (attempt 1): By.xpath: //ytd-mini-guide-renderer[@class='style-scope ytd-app']//ytd-mini-guide-entry-renderer
18:12:11 [TestNG-test-Yt Master Tests-1] INFO  verifyingSideMenuCollapsedLangAsInSettingsLingua_18-11-35 - 
========== LANGUAGE DETECTION ==========
Detected Language : ENGLISH
Input Text        : Beranda Shorts Subscription Anda
========================================
18:12:11 [TestNG-test-Yt Master Tests-1] INFO  verifyingSideMenuCollapsedLangAsInSettingsLingua_18-11-35 - text sent to lingua is       Beranda Shorts Subscription Anda
18:12:11 [TestNG-test-Yt Master Tests-1] INFO  verifyingSideMenuCollapsedLangAsInSettingsLingua_18-11-35 - getLangAttribute() - locating <html> and reading lang property
18:12:11 [TestNG-test-Yt Master Tests-1] INFO  verifyingSideMenuCollapsedLangAsInSettingsLingua_18-11-35 - Language attribute read: id-ID
18:12:11 [TestNG-test-Yt Master Tests-1] INFO  verifyingSideMenuCollapsedLangAsInSettingsLingua_18-11-35 - Clicking settings ellipses button...
18:12:11 [TestNG-test-Yt Master Tests-1] INFO  verifyingSideMenuCollapsedLangAsInSettingsLingua_18-11-35 - [verifyingSideMenuCollapsedLangAsInSettingsLingua_18-11-35] Trying to find element: By.xpath: //ytd-topbar-menu-button-renderer[@class='style-scope ytd-masthead style-default']
18:12:11 [TestNG-test-Yt Master Tests-1] INFO  verifyingSideMenuCollapsedLangAsInSettingsLingua_18-11-35 - [verifyingSideMenuCollapsedLangAsInSettingsLingua_18-11-35] Element found and ready (attempt 1): By.xpath: //ytd-topbar-menu-button-renderer[@class='style-scope ytd-masthead style-default']
18:12:11 [TestNG-test-Yt Master Tests-1] INFO  verifyingSideMenuCollapsedLangAsInSettingsLingua_18-11-35 - Clicking language dropdown...
18:12:11 [TestNG-test-Yt Master Tests-1] INFO  verifyingSideMenuCollapsedLangAsInSettingsLingua_18-11-35 - [verifyingSideMenuCollapsedLangAsInSettingsLingua_18-11-35] Trying to find element: By.xpath: (//div[@id='content-icon'])[2]
18:12:12 [TestNG-test-Yt Master Tests-1] INFO  verifyingSideMenuCollapsedLangAsInSettingsLingua_18-11-35 - [verifyingSideMenuCollapsedLangAsInSettingsLingua_18-11-35] Element found and ready (attempt 1): By.xpath: (//div[@id='content-icon'])[2]
18:12:13 [TestNG-test-Yt Master Tests-1] INFO  verifyingSideMenuCollapsedLangAsInSettingsLingua_18-11-35 - Looking for language element with name: Bosanski
18:12:13 [TestNG-test-Yt Master Tests-1] INFO  verifyingSideMenuCollapsedLangAsInSettingsLingua_18-11-35 - [verifyingSideMenuCollapsedLangAsInSettingsLingua_18-11-35] Trying to find element: By.xpath: //yt-multi-page-menu-section-renderer[@class='style-scope ytd-multi-page-menu-renderer']//yt-formatted-string[@id='label' and text()='Bosanski']
18:12:13 [TestNG-test-Yt Master Tests-1] INFO  verifyingSideMenuCollapsedLangAsInSettingsLingua_18-11-35 - [verifyingSideMenuCollapsedLangAsInSettingsLingua_18-11-35] Element found and ready (attempt 1): By.xpath: //yt-multi-page-menu-section-renderer[@class='style-scope ytd-multi-page-menu-renderer']//yt-formatted-string[@id='label' and text()='Bosanski']
18:12:13 [TestNG-test-Yt Master Tests-1] INFO  verifyingSideMenuCollapsedLangAsInSettingsLingua_18-11-35 - [verifyingSideMenuCollapsedLangAsInSettingsLingua_18-11-35] Trying to find element: By.xpath: //yt-multi-page-menu-section-renderer[@class='style-scope ytd-multi-page-menu-renderer']//yt-formatted-string[@id='label' and text()='Bosanski']
18:12:13 [TestNG-test-Yt Master Tests-1] INFO  verifyingSideMenuCollapsedLangAsInSettingsLingua_18-11-35 - [verifyingSideMenuCollapsedLangAsInSettingsLingua_18-11-35] Element found and ready (attempt 1): By.xpath: //yt-multi-page-menu-section-renderer[@class='style-scope ytd-multi-page-menu-renderer']//yt-formatted-string[@id='label' and text()='Bosanski']
18:12:14 [TestNG-test-Yt Master Tests-1] INFO  verifyingSideMenuCollapsedLangAsInSettingsLingua_18-11-35 - Clicking settings ellipses button...
18:12:14 [TestNG-test-Yt Master Tests-1] INFO  verifyingSideMenuCollapsedLangAsInSettingsLingua_18-11-35 - [verifyingSideMenuCollapsedLangAsInSettingsLingua_18-11-35] Trying to find element: By.xpath: //ytd-topbar-menu-button-renderer[@class='style-scope ytd-masthead style-default']
18:12:15 [TestNG-test-Yt Master Tests-1] INFO  verifyingSideMenuCollapsedLangAsInSettingsLingua_18-11-35 - [verifyingSideMenuCollapsedLangAsInSettingsLingua_18-11-35] Element found and ready (attempt 1): By.xpath: //ytd-topbar-menu-button-renderer[@class='style-scope ytd-masthead style-default']
18:12:15 [TestNG-test-Yt Master Tests-1] INFO  verifyingSideMenuCollapsedLangAsInSettingsLingua_18-11-35 - [verifyingSideMenuCollapsedLangAsInSettingsLingua_18-11-35] Waiting until element is visible in viewport
18:12:16 [TestNG-test-Yt Master Tests-1] INFO  verifyingSideMenuCollapsedLangAsInSettingsLingua_18-11-35 - Clicking settings ellipses button...
18:12:16 [TestNG-test-Yt Master Tests-1] INFO  verifyingSideMenuCollapsedLangAsInSettingsLingua_18-11-35 - [verifyingSideMenuCollapsedLangAsInSettingsLingua_18-11-35] Trying to find element: By.xpath: //ytd-topbar-menu-button-renderer[@class='style-scope ytd-masthead style-default']
18:12:16 [TestNG-test-Yt Master Tests-1] INFO  verifyingSideMenuCollapsedLangAsInSettingsLingua_18-11-35 - [verifyingSideMenuCollapsedLangAsInSettingsLingua_18-11-35] Element found and ready (attempt 1): By.xpath: //ytd-topbar-menu-button-renderer[@class='style-scope ytd-masthead style-default']
18:12:16 [TestNG-test-Yt Master Tests-1] INFO  verifyingSideMenuCollapsedLangAsInSettingsLingua_18-11-35 - getLangAttribute() - locating <html> and reading lang property
18:12:16 [TestNG-test-Yt Master Tests-1] INFO  verifyingSideMenuCollapsedLangAsInSettingsLingua_18-11-35 - Language attribute read: bs-Latn-BA
18:12:16 [TestNG-test-Yt Master Tests-1] INFO  verifyingSideMenuCollapsedLangAsInSettingsLingua_18-11-35 - Fetching the side menu in collapsed view
18:12:16 [TestNG-test-Yt Master Tests-1] INFO  verifyingSideMenuCollapsedLangAsInSettingsLingua_18-11-35 - [verifyingSideMenuCollapsedLangAsInSettingsLingua_18-11-35] Finding elements list: By.xpath: //ytd-mini-guide-renderer[@class='style-scope ytd-app']//ytd-mini-guide-entry-renderer
18:12:16 [TestNG-test-Yt Master Tests-1] INFO  verifyingSideMenuCollapsedLangAsInSettingsLingua_18-11-35 - [verifyingSideMenuCollapsedLangAsInSettingsLingua_18-11-35] Found 4 ready elements (attempt 1): By.xpath: //ytd-mini-guide-renderer[@class='style-scope ytd-app']//ytd-mini-guide-entry-renderer
18:12:16 [TestNG-test-Yt Master Tests-1] INFO  verifyingSideMenuCollapsedLangAsInSettingsLingua_18-11-35 - 
========== LANGUAGE DETECTION ==========
Detected Language : BOSNIAN
Input Text        : Početna stranica Shorts Pretplate Vi
========================================
18:12:16 [TestNG-test-Yt Master Tests-1] INFO  verifyingSideMenuCollapsedLangAsInSettingsLingua_18-11-35 - text sent to lingua is       Početna stranica Shorts Pretplate Vi
18:12:16 [TestNG-test-Yt Master Tests-1] INFO  verifyingSideMenuCollapsedLangAsInSettingsLingua_18-11-35 - getLangAttribute() - locating <html> and reading lang property
18:12:16 [TestNG-test-Yt Master Tests-1] INFO  verifyingSideMenuCollapsedLangAsInSettingsLingua_18-11-35 - Language attribute read: bs-Latn-BA
18:12:16 [TestNG-test-Yt Master Tests-1] INFO  verifyingSideMenuCollapsedLangAsInSettingsLingua_18-11-35 - Clicking settings ellipses button...
18:12:16 [TestNG-test-Yt Master Tests-1] INFO  verifyingSideMenuCollapsedLangAsInSettingsLingua_18-11-35 - [verifyingSideMenuCollapsedLangAsInSettingsLingua_18-11-35] Trying to find element: By.xpath: //ytd-topbar-menu-button-renderer[@class='style-scope ytd-masthead style-default']
18:12:16 [TestNG-test-Yt Master Tests-1] INFO  verifyingSideMenuCollapsedLangAsInSettingsLingua_18-11-35 - [verifyingSideMenuCollapsedLangAsInSettingsLingua_18-11-35] Element found and ready (attempt 1): By.xpath: //ytd-topbar-menu-button-renderer[@class='style-scope ytd-masthead style-default']
18:12:16 [TestNG-test-Yt Master Tests-1] INFO  verifyingSideMenuCollapsedLangAsInSettingsLingua_18-11-35 - Clicking language dropdown...
18:12:16 [TestNG-test-Yt Master Tests-1] INFO  verifyingSideMenuCollapsedLangAsInSettingsLingua_18-11-35 - [verifyingSideMenuCollapsedLangAsInSettingsLingua_18-11-35] Trying to find element: By.xpath: (//div[@id='content-icon'])[2]
18:12:17 [TestNG-test-Yt Master Tests-1] INFO  verifyingSideMenuCollapsedLangAsInSettingsLingua_18-11-35 - [verifyingSideMenuCollapsedLangAsInSettingsLingua_18-11-35] Element found and ready (attempt 1): By.xpath: (//div[@id='content-icon'])[2]
18:12:18 [TestNG-test-Yt Master Tests-1] INFO  verifyingSideMenuCollapsedLangAsInSettingsLingua_18-11-35 - Looking for language element with name: Català
18:12:18 [TestNG-test-Yt Master Tests-1] INFO  verifyingSideMenuCollapsedLangAsInSettingsLingua_18-11-35 - [verifyingSideMenuCollapsedLangAsInSettingsLingua_18-11-35] Trying to find element: By.xpath: //yt-multi-page-menu-section-renderer[@class='style-scope ytd-multi-page-menu-renderer']//yt-formatted-string[@id='label' and text()='Català']
18:12:18 [TestNG-test-Yt Master Tests-1] INFO  verifyingSideMenuCollapsedLangAsInSettingsLingua_18-11-35 - [verifyingSideMenuCollapsedLangAsInSettingsLingua_18-11-35] Element found and ready (attempt 1): By.xpath: //yt-multi-page-menu-section-renderer[@class='style-scope ytd-multi-page-menu-renderer']//yt-formatted-string[@id='label' and text()='Català']
18:12:18 [TestNG-test-Yt Master Tests-1] INFO  verifyingSideMenuCollapsedLangAsInSettingsLingua_18-11-35 - [verifyingSideMenuCollapsedLangAsInSettingsLingua_18-11-35] Trying to find element: By.xpath: //yt-multi-page-menu-section-renderer[@class='style-scope ytd-multi-page-menu-renderer']//yt-formatted-string[@id='label' and text()='Català']
18:12:18 [TestNG-test-Yt Master Tests-1] INFO  verifyingSideMenuCollapsedLangAsInSettingsLingua_18-11-35 - [verifyingSideMenuCollapsedLangAsInSettingsLingua_18-11-35] Element found and ready (attempt 1): By.xpath: //yt-multi-page-menu-section-renderer[@class='style-scope ytd-multi-page-menu-renderer']//yt-formatted-string[@id='label' and text()='Català']
18:12:20 [TestNG-test-Yt Master Tests-1] INFO  verifyingSideMenuCollapsedLangAsInSettingsLingua_18-11-35 - Clicking settings ellipses button...
18:12:20 [TestNG-test-Yt Master Tests-1] INFO  verifyingSideMenuCollapsedLangAsInSettingsLingua_18-11-35 - [verifyingSideMenuCollapsedLangAsInSettingsLingua_18-11-35] Trying to find element: By.xpath: //ytd-topbar-menu-button-renderer[@class='style-scope ytd-masthead style-default']
18:12:20 [TestNG-test-Yt Master Tests-1] INFO  verifyingSideMenuCollapsedLangAsInSettingsLingua_18-11-35 - [verifyingSideMenuCollapsedLangAsInSettingsLingua_18-11-35] Element found and ready (attempt 1): By.xpath: //ytd-topbar-menu-button-renderer[@class='style-scope ytd-masthead style-default']
18:12:20 [TestNG-test-Yt Master Tests-1] INFO  verifyingSideMenuCollapsedLangAsInSettingsLingua_18-11-35 - [verifyingSideMenuCollapsedLangAsInSettingsLingua_18-11-35] Waiting until element is visible in viewport
18:12:21 [TestNG-test-Yt Master Tests-1] INFO  verifyingSideMenuCollapsedLangAsInSettingsLingua_18-11-35 - Clicking settings ellipses button...
18:12:21 [TestNG-test-Yt Master Tests-1] INFO  verifyingSideMenuCollapsedLangAsInSettingsLingua_18-11-35 - [verifyingSideMenuCollapsedLangAsInSettingsLingua_18-11-35] Trying to find element: By.xpath: //ytd-topbar-menu-button-renderer[@class='style-scope ytd-masthead style-default']
18:12:21 [TestNG-test-Yt Master Tests-1] INFO  verifyingSideMenuCollapsedLangAsInSettingsLingua_18-11-35 - [verifyingSideMenuCollapsedLangAsInSettingsLingua_18-11-35] Element found and ready (attempt 1): By.xpath: //ytd-topbar-menu-button-renderer[@class='style-scope ytd-masthead style-default']
18:12:22 [TestNG-test-Yt Master Tests-1] INFO  verifyingSideMenuCollapsedLangAsInSettingsLingua_18-11-35 - getLangAttribute() - locating <html> and reading lang property
18:12:22 [TestNG-test-Yt Master Tests-1] INFO  verifyingSideMenuCollapsedLangAsInSettingsLingua_18-11-35 - Language attribute read: ca-ES
18:12:22 [TestNG-test-Yt Master Tests-1] INFO  verifyingSideMenuCollapsedLangAsInSettingsLingua_18-11-35 - Fetching the side menu in collapsed view
18:12:22 [TestNG-test-Yt Master Tests-1] INFO  verifyingSideMenuCollapsedLangAsInSettingsLingua_18-11-35 - [verifyingSideMenuCollapsedLangAsInSettingsLingua_18-11-35] Finding elements list: By.xpath: //ytd-mini-guide-renderer[@class='style-scope ytd-app']//ytd-mini-guide-entry-renderer
18:12:22 [TestNG-test-Yt Master Tests-1] INFO  verifyingSideMenuCollapsedLangAsInSettingsLingua_18-11-35 - [verifyingSideMenuCollapsedLangAsInSettingsLingua_18-11-35] Found 4 ready elements (attempt 1): By.xpath: //ytd-mini-guide-renderer[@class='style-scope ytd-app']//ytd-mini-guide-entry-renderer
18:12:22 [TestNG-test-Yt Master Tests-1] INFO  verifyingSideMenuCollapsedLangAsInSettingsLingua_18-11-35 - 
========== LANGUAGE DETECTION ==========
Detected Language : CATALAN
Input Text        : Inici YouTube Shorts Subscripcions Tu
========================================
18:12:22 [TestNG-test-Yt Master Tests-1] INFO  verifyingSideMenuCollapsedLangAsInSettingsLingua_18-11-35 - text sent to lingua is       Inici YouTube Shorts Subscripcions Tu
18:12:22 [TestNG-test-Yt Master Tests-1] INFO  verifyingSideMenuCollapsedLangAsInSettingsLingua_18-11-35 - getLangAttribute() - locating <html> and reading lang property
18:12:22 [TestNG-test-Yt Master Tests-1] INFO  verifyingSideMenuCollapsedLangAsInSettingsLingua_18-11-35 - Language attribute read: ca-ES
18:12:22 [TestNG-test-Yt Master Tests-1] INFO  verifyingSideMenuCollapsedLangAsInSettingsLingua_18-11-35 - Clicking settings ellipses button...
18:12:22 [TestNG-test-Yt Master Tests-1] INFO  verifyingSideMenuCollapsedLangAsInSettingsLingua_18-11-35 - [verifyingSideMenuCollapsedLangAsInSettingsLingua_18-11-35] Trying to find element: By.xpath: //ytd-topbar-menu-button-renderer[@class='style-scope ytd-masthead style-default']
18:12:23 [TestNG-test-Yt Master Tests-1] INFO  verifyingSideMenuCollapsedLangAsInSettingsLingua_18-11-35 - [verifyingSideMenuCollapsedLangAsInSettingsLingua_18-11-35] Element found and ready (attempt 1): By.xpath: //ytd-topbar-menu-button-renderer[@class='style-scope ytd-masthead style-default']
18:12:23 [TestNG-test-Yt Master Tests-1] INFO  verifyingSideMenuCollapsedLangAsInSettingsLingua_18-11-35 - Clicking language dropdown...
18:12:23 [TestNG-test-Yt Master Tests-1] INFO  verifyingSideMenuCollapsedLangAsInSettingsLingua_18-11-35 - [verifyingSideMenuCollapsedLangAsInSettingsLingua_18-11-35] Trying to find element: By.xpath: (//div[@id='content-icon'])[2]
18:12:24 [TestNG-test-Yt Master Tests-1] INFO  verifyingSideMenuCollapsedLangAsInSettingsLingua_18-11-35 - [verifyingSideMenuCollapsedLangAsInSettingsLingua_18-11-35] Element found and ready (attempt 1): By.xpath: (//div[@id='content-icon'])[2]
18:12:24 [TestNG-test-Yt Master Tests-1] INFO  verifyingSideMenuCollapsedLangAsInSettingsLingua_18-11-35 - Looking for language element with name: Dansk
18:12:24 [TestNG-test-Yt Master Tests-1] INFO  verifyingSideMenuCollapsedLangAsInSettingsLingua_18-11-35 - [verifyingSideMenuCollapsedLangAsInSettingsLingua_18-11-35] Trying to find element: By.xpath: //yt-multi-page-menu-section-renderer[@class='style-scope ytd-multi-page-menu-renderer']//yt-formatted-string[@id='label' and text()='Dansk']
18:12:24 [TestNG-test-Yt Master Tests-1] INFO  verifyingSideMenuCollapsedLangAsInSettingsLingua_18-11-35 - [verifyingSideMenuCollapsedLangAsInSettingsLingua_18-11-35] Element found and ready (attempt 1): By.xpath: //yt-multi-page-menu-section-renderer[@class='style-scope ytd-multi-page-menu-renderer']//yt-formatted-string[@id='label' and text()='Dansk']
18:12:24 [TestNG-test-Yt Master Tests-1] INFO  verifyingSideMenuCollapsedLangAsInSettingsLingua_18-11-35 - [verifyingSideMenuCollapsedLangAsInSettingsLingua_18-11-35] Trying to find element: By.xpath: //yt-multi-page-menu-section-renderer[@class='style-scope ytd-multi-page-menu-renderer']//yt-formatted-string[@id='label' and text()='Dansk']
18:12:25 [TestNG-test-Yt Master Tests-1] INFO  verifyingSideMenuCollapsedLangAsInSettingsLingua_18-11-35 - [verifyingSideMenuCollapsedLangAsInSettingsLingua_18-11-35] Element found and ready (attempt 1): By.xpath: //yt-multi-page-menu-section-renderer[@class='style-scope ytd-multi-page-menu-renderer']//yt-formatted-string[@id='label' and text()='Dansk']
18:12:26 [TestNG-test-Yt Master Tests-1] INFO  verifyingSideMenuCollapsedLangAsInSettingsLingua_18-11-35 - Clicking settings ellipses button...
18:12:26 [TestNG-test-Yt Master Tests-1] INFO  verifyingSideMenuCollapsedLangAsInSettingsLingua_18-11-35 - [verifyingSideMenuCollapsedLangAsInSettingsLingua_18-11-35] Trying to find element: By.xpath: //ytd-topbar-menu-button-renderer[@class='style-scope ytd-masthead style-default']
18:12:26 [TestNG-test-Yt Master Tests-1] INFO  verifyingSideMenuCollapsedLangAsInSettingsLingua_18-11-35 - [verifyingSideMenuCollapsedLangAsInSettingsLingua_18-11-35] Element found and ready (attempt 1): By.xpath: //ytd-topbar-menu-button-renderer[@class='style-scope ytd-masthead style-default']
18:12:26 [TestNG-test-Yt Master Tests-1] INFO  verifyingSideMenuCollapsedLangAsInSettingsLingua_18-11-35 - [verifyingSideMenuCollapsedLangAsInSettingsLingua_18-11-35] Waiting until element is visible in viewport
18:12:27 [TestNG-test-Yt Master Tests-1] INFO  verifyingSideMenuCollapsedLangAsInSettingsLingua_18-11-35 - Clicking settings ellipses button...
18:12:27 [TestNG-test-Yt Master Tests-1] INFO  verifyingSideMenuCollapsedLangAsInSettingsLingua_18-11-35 - [verifyingSideMenuCollapsedLangAsInSettingsLingua_18-11-35] Trying to find element: By.xpath: //ytd-topbar-menu-button-renderer[@class='style-scope ytd-masthead style-default']
18:12:27 [TestNG-test-Yt Master Tests-1] INFO  verifyingSideMenuCollapsedLangAsInSettingsLingua_18-11-35 - [verifyingSideMenuCollapsedLangAsInSettingsLingua_18-11-35] Element found and ready (attempt 1): By.xpath: //ytd-topbar-menu-button-renderer[@class='style-scope ytd-masthead style-default']
18:12:27 [TestNG-test-Yt Master Tests-1] INFO  verifyingSideMenuCollapsedLangAsInSettingsLingua_18-11-35 - getLangAttribute() - locating <html> and reading lang property
18:12:27 [TestNG-test-Yt Master Tests-1] INFO  verifyingSideMenuCollapsedLangAsInSettingsLingua_18-11-35 - Language attribute read: da-DK
18:12:27 [TestNG-test-Yt Master Tests-1] INFO  verifyingSideMenuCollapsedLangAsInSettingsLingua_18-11-35 - Fetching the side menu in collapsed view
18:12:27 [TestNG-test-Yt Master Tests-1] INFO  verifyingSideMenuCollapsedLangAsInSettingsLingua_18-11-35 - [verifyingSideMenuCollapsedLangAsInSettingsLingua_18-11-35] Finding elements list: By.xpath: //ytd-mini-guide-renderer[@class='style-scope ytd-app']//ytd-mini-guide-entry-renderer
18:12:28 [TestNG-test-Yt Master Tests-1] INFO  verifyingSideMenuCollapsedLangAsInSettingsLingua_18-11-35 - [verifyingSideMenuCollapsedLangAsInSettingsLingua_18-11-35] Found 4 ready elements (attempt 1): By.xpath: //ytd-mini-guide-renderer[@class='style-scope ytd-app']//ytd-mini-guide-entry-renderer
18:12:28 [TestNG-test-Yt Master Tests-1] INFO  verifyingSideMenuCollapsedLangAsInSettingsLingua_18-11-35 - 
========== LANGUAGE DETECTION ==========
Detected Language : DANISH
Input Text        : Start Shorts Abonnementer Dig
========================================
18:12:28 [TestNG-test-Yt Master Tests-1] INFO  verifyingSideMenuCollapsedLangAsInSettingsLingua_18-11-35 - text sent to lingua is       Start Shorts Abonnementer Dig
18:12:28 [TestNG-test-Yt Master Tests-1] INFO  verifyingSideMenuCollapsedLangAsInSettingsLingua_18-11-35 - getLangAttribute() - locating <html> and reading lang property
18:12:28 [TestNG-test-Yt Master Tests-1] INFO  verifyingSideMenuCollapsedLangAsInSettingsLingua_18-11-35 - Language attribute read: da-DK
18:12:28 [TestNG-test-Yt Master Tests-1] INFO  verifyingSideMenuCollapsedLangAsInSettingsLingua_18-11-35 - Clicking settings ellipses button...
18:12:28 [TestNG-test-Yt Master Tests-1] INFO  verifyingSideMenuCollapsedLangAsInSettingsLingua_18-11-35 - [verifyingSideMenuCollapsedLangAsInSettingsLingua_18-11-35] Trying to find element: By.xpath: //ytd-topbar-menu-button-renderer[@class='style-scope ytd-masthead style-default']
18:12:28 [TestNG-test-Yt Master Tests-1] INFO  verifyingSideMenuCollapsedLangAsInSettingsLingua_18-11-35 - [verifyingSideMenuCollapsedLangAsInSettingsLingua_18-11-35] Element found and ready (attempt 1): By.xpath: //ytd-topbar-menu-button-renderer[@class='style-scope ytd-masthead style-default']
18:12:28 [TestNG-test-Yt Master Tests-1] INFO  verifyingSideMenuCollapsedLangAsInSettingsLingua_18-11-35 - Clicking language dropdown...
18:12:28 [TestNG-test-Yt Master Tests-1] INFO  verifyingSideMenuCollapsedLangAsInSettingsLingua_18-11-35 - [verifyingSideMenuCollapsedLangAsInSettingsLingua_18-11-35] Trying to find element: By.xpath: (//div[@id='content-icon'])[2]
18:12:29 [TestNG-test-Yt Master Tests-1] INFO  verifyingSideMenuCollapsedLangAsInSettingsLingua_18-11-35 - [verifyingSideMenuCollapsedLangAsInSettingsLingua_18-11-35] Element found and ready (attempt 1): By.xpath: (//div[@id='content-icon'])[2]
18:12:30 [TestNG-test-Yt Master Tests-1] INFO  verifyingSideMenuCollapsedLangAsInSettingsLingua_18-11-35 - Looking for language element with name: Deutsch
18:12:30 [TestNG-test-Yt Master Tests-1] INFO  verifyingSideMenuCollapsedLangAsInSettingsLingua_18-11-35 - [verifyingSideMenuCollapsedLangAsInSettingsLingua_18-11-35] Trying to find element: By.xpath: //yt-multi-page-menu-section-renderer[@class='style-scope ytd-multi-page-menu-renderer']//yt-formatted-string[@id='label' and text()='Deutsch']
18:12:31 [TestNG-test-Yt Master Tests-1] INFO  verifyingSideMenuCollapsedLangAsInSettingsLingua_18-11-35 - [verifyingSideMenuCollapsedLangAsInSettingsLingua_18-11-35] Element found and ready (attempt 1): By.xpath: //yt-multi-page-menu-section-renderer[@class='style-scope ytd-multi-page-menu-renderer']//yt-formatted-string[@id='label' and text()='Deutsch']
18:12:31 [TestNG-test-Yt Master Tests-1] INFO  verifyingSideMenuCollapsedLangAsInSettingsLingua_18-11-35 - [verifyingSideMenuCollapsedLangAsInSettingsLingua_18-11-35] Trying to find element: By.xpath: //yt-multi-page-menu-section-renderer[@class='style-scope ytd-multi-page-menu-renderer']//yt-formatted-string[@id='label' and text()='Deutsch']
18:12:31 [TestNG-test-Yt Master Tests-1] INFO  verifyingSideMenuCollapsedLangAsInSettingsLingua_18-11-35 - [verifyingSideMenuCollapsedLangAsInSettingsLingua_18-11-35] Element found and ready (attempt 1): By.xpath: //yt-multi-page-menu-section-renderer[@class='style-scope ytd-multi-page-menu-renderer']//yt-formatted-string[@id='label' and text()='Deutsch']
18:12:32 [TestNG-test-Yt Master Tests-1] INFO  verifyingSideMenuCollapsedLangAsInSettingsLingua_18-11-35 - Clicking settings ellipses button...
18:12:32 [TestNG-test-Yt Master Tests-1] INFO  verifyingSideMenuCollapsedLangAsInSettingsLingua_18-11-35 - [verifyingSideMenuCollapsedLangAsInSettingsLingua_18-11-35] Trying to find element: By.xpath: //ytd-topbar-menu-button-renderer[@class='style-scope ytd-masthead style-default']
18:12:32 [TestNG-test-Yt Master Tests-1] INFO  verifyingSideMenuCollapsedLangAsInSettingsLingua_18-11-35 - [verifyingSideMenuCollapsedLangAsInSettingsLingua_18-11-35] Element found and ready (attempt 1): By.xpath: //ytd-topbar-menu-button-renderer[@class='style-scope ytd-masthead style-default']
18:12:33 [TestNG-test-Yt Master Tests-1] INFO  verifyingSideMenuCollapsedLangAsInSettingsLingua_18-11-35 - [verifyingSideMenuCollapsedLangAsInSettingsLingua_18-11-35] Waiting until element is visible in viewport
18:12:34 [TestNG-test-Yt Master Tests-1] INFO  verifyingSideMenuCollapsedLangAsInSettingsLingua_18-11-35 - Clicking settings ellipses button...
18:12:34 [TestNG-test-Yt Master Tests-1] INFO  verifyingSideMenuCollapsedLangAsInSettingsLingua_18-11-35 - [verifyingSideMenuCollapsedLangAsInSettingsLingua_18-11-35] Trying to find element: By.xpath: //ytd-topbar-menu-button-renderer[@class='style-scope ytd-masthead style-default']
18:12:34 [TestNG-test-Yt Master Tests-1] INFO  verifyingSideMenuCollapsedLangAsInSettingsLingua_18-11-35 - [verifyingSideMenuCollapsedLangAsInSettingsLingua_18-11-35] Element found and ready (attempt 1): By.xpath: //ytd-topbar-menu-button-renderer[@class='style-scope ytd-masthead style-default']
18:12:34 [TestNG-test-Yt Master Tests-1] INFO  verifyingSideMenuCollapsedLangAsInSettingsLingua_18-11-35 - getLangAttribute() - locating <html> and reading lang property
18:12:34 [TestNG-test-Yt Master Tests-1] INFO  verifyingSideMenuCollapsedLangAsInSettingsLingua_18-11-35 - Language attribute read: de-DE
18:12:34 [TestNG-test-Yt Master Tests-1] INFO  verifyingSideMenuCollapsedLangAsInSettingsLingua_18-11-35 - Fetching the side menu in collapsed view
18:12:34 [TestNG-test-Yt Master Tests-1] INFO  verifyingSideMenuCollapsedLangAsInSettingsLingua_18-11-35 - [verifyingSideMenuCollapsedLangAsInSettingsLingua_18-11-35] Finding elements list: By.xpath: //ytd-mini-guide-renderer[@class='style-scope ytd-app']//ytd-mini-guide-entry-renderer
18:12:34 [TestNG-test-Yt Master Tests-1] INFO  verifyingSideMenuCollapsedLangAsInSettingsLingua_18-11-35 - [verifyingSideMenuCollapsedLangAsInSettingsLingua_18-11-35] Found 4 ready elements (attempt 1): By.xpath: //ytd-mini-guide-renderer[@class='style-scope ytd-app']//ytd-mini-guide-entry-renderer
18:12:35 [TestNG-test-Yt Master Tests-1] INFO  verifyingSideMenuCollapsedLangAsInSettingsLingua_18-11-35 - 
========== LANGUAGE DETECTION ==========
Detected Language : GERMAN
Input Text        : Startseite Shorts Abos Mein YouTube
========================================
18:12:35 [TestNG-test-Yt Master Tests-1] INFO  verifyingSideMenuCollapsedLangAsInSettingsLingua_18-11-35 - text sent to lingua is       Startseite Shorts Abos Mein YouTube
18:12:35 [TestNG-test-Yt Master Tests-1] INFO  verifyingSideMenuCollapsedLangAsInSettingsLingua_18-11-35 - getLangAttribute() - locating <html> and reading lang property
18:12:35 [TestNG-test-Yt Master Tests-1] INFO  verifyingSideMenuCollapsedLangAsInSettingsLingua_18-11-35 - Language attribute read: de-DE
18:12:35 [TestNG-test-Yt Master Tests-1] INFO  verifyingSideMenuCollapsedLangAsInSettingsLingua_18-11-35 - Clicking settings ellipses button...
18:12:35 [TestNG-test-Yt Master Tests-1] INFO  verifyingSideMenuCollapsedLangAsInSettingsLingua_18-11-35 - [verifyingSideMenuCollapsedLangAsInSettingsLingua_18-11-35] Trying to find element: By.xpath: //ytd-topbar-menu-button-renderer[@class='style-scope ytd-masthead style-default']
18:12:35 [TestNG-test-Yt Master Tests-1] INFO  verifyingSideMenuCollapsedLangAsInSettingsLingua_18-11-35 - [verifyingSideMenuCollapsedLangAsInSettingsLingua_18-11-35] Element found and ready (attempt 1): By.xpath: //ytd-topbar-menu-button-renderer[@class='style-scope ytd-masthead style-default']
18:12:35 [TestNG-test-Yt Master Tests-1] INFO  verifyingSideMenuCollapsedLangAsInSettingsLingua_18-11-35 - Clicking language dropdown...
18:12:35 [TestNG-test-Yt Master Tests-1] INFO  verifyingSideMenuCollapsedLangAsInSettingsLingua_18-11-35 - [verifyingSideMenuCollapsedLangAsInSettingsLingua_18-11-35] Trying to find element: By.xpath: (//div[@id='content-icon'])[2]
18:12:36 [TestNG-test-Yt Master Tests-1] INFO  verifyingSideMenuCollapsedLangAsInSettingsLingua_18-11-35 - [verifyingSideMenuCollapsedLangAsInSettingsLingua_18-11-35] Element found and ready (attempt 1): By.xpath: (//div[@id='content-icon'])[2]
18:12:36 [TestNG-test-Yt Master Tests-1] INFO  verifyingSideMenuCollapsedLangAsInSettingsLingua_18-11-35 - Looking for language element with name: Eesti
18:12:36 [TestNG-test-Yt Master Tests-1] INFO  verifyingSideMenuCollapsedLangAsInSettingsLingua_18-11-35 - [verifyingSideMenuCollapsedLangAsInSettingsLingua_18-11-35] Trying to find element: By.xpath: //yt-multi-page-menu-section-renderer[@class='style-scope ytd-multi-page-menu-renderer']//yt-formatted-string[@id='label' and text()='Eesti']
18:12:37 [TestNG-test-Yt Master Tests-1] INFO  verifyingSideMenuCollapsedLangAsInSettingsLingua_18-11-35 - [verifyingSideMenuCollapsedLangAsInSettingsLingua_18-11-35] Element found and ready (attempt 1): By.xpath: //yt-multi-page-menu-section-renderer[@class='style-scope ytd-multi-page-menu-renderer']//yt-formatted-string[@id='label' and text()='Eesti']
18:12:37 [TestNG-test-Yt Master Tests-1] INFO  verifyingSideMenuCollapsedLangAsInSettingsLingua_18-11-35 - [verifyingSideMenuCollapsedLangAsInSettingsLingua_18-11-35] Trying to find element: By.xpath: //yt-multi-page-menu-section-renderer[@class='style-scope ytd-multi-page-menu-renderer']//yt-formatted-string[@id='label' and text()='Eesti']
18:12:37 [TestNG-test-Yt Master Tests-1] INFO  verifyingSideMenuCollapsedLangAsInSettingsLingua_18-11-35 - [verifyingSideMenuCollapsedLangAsInSettingsLingua_18-11-35] Element found and ready (attempt 1): By.xpath: //yt-multi-page-menu-section-renderer[@class='style-scope ytd-multi-page-menu-renderer']//yt-formatted-string[@id='label' and text()='Eesti']
18:12:39 [TestNG-test-Yt Master Tests-1] INFO  verifyingSideMenuCollapsedLangAsInSettingsLingua_18-11-35 - Clicking settings ellipses button...
18:12:39 [TestNG-test-Yt Master Tests-1] INFO  verifyingSideMenuCollapsedLangAsInSettingsLingua_18-11-35 - [verifyingSideMenuCollapsedLangAsInSettingsLingua_18-11-35] Trying to find element: By.xpath: //ytd-topbar-menu-button-renderer[@class='style-scope ytd-masthead style-default']
18:12:40 [TestNG-test-Yt Master Tests-1] INFO  verifyingSideMenuCollapsedLangAsInSettingsLingua_18-11-35 - [verifyingSideMenuCollapsedLangAsInSettingsLingua_18-11-35] Element found and ready (attempt 1): By.xpath: //ytd-topbar-menu-button-renderer[@class='style-scope ytd-masthead style-default']
18:12:40 [TestNG-test-Yt Master Tests-1] INFO  verifyingSideMenuCollapsedLangAsInSettingsLingua_18-11-35 - [verifyingSideMenuCollapsedLangAsInSettingsLingua_18-11-35] Waiting until element is visible in viewport
18:12:41 [TestNG-test-Yt Master Tests-1] INFO  verifyingSideMenuCollapsedLangAsInSettingsLingua_18-11-35 - Clicking settings ellipses button...
18:12:41 [TestNG-test-Yt Master Tests-1] INFO  verifyingSideMenuCollapsedLangAsInSettingsLingua_18-11-35 - [verifyingSideMenuCollapsedLangAsInSettingsLingua_18-11-35] Trying to find element: By.xpath: //ytd-topbar-menu-button-renderer[@class='style-scope ytd-masthead style-default']
18:12:41 [TestNG-test-Yt Master Tests-1] INFO  verifyingSideMenuCollapsedLangAsInSettingsLingua_18-11-35 - [verifyingSideMenuCollapsedLangAsInSettingsLingua_18-11-35] Element found and ready (attempt 1): By.xpath: //ytd-topbar-menu-button-renderer[@class='style-scope ytd-masthead style-default']
18:12:41 [TestNG-test-Yt Master Tests-1] INFO  verifyingSideMenuCollapsedLangAsInSettingsLingua_18-11-35 - getLangAttribute() - locating <html> and reading lang property
18:12:41 [TestNG-test-Yt Master Tests-1] INFO  verifyingSideMenuCollapsedLangAsInSettingsLingua_18-11-35 - Language attribute read: et-EE
18:12:41 [TestNG-test-Yt Master Tests-1] INFO  verifyingSideMenuCollapsedLangAsInSettingsLingua_18-11-35 - Fetching the side menu in collapsed view
18:12:41 [TestNG-test-Yt Master Tests-1] INFO  verifyingSideMenuCollapsedLangAsInSettingsLingua_18-11-35 - [verifyingSideMenuCollapsedLangAsInSettingsLingua_18-11-35] Finding elements list: By.xpath: //ytd-mini-guide-renderer[@class='style-scope ytd-app']//ytd-mini-guide-entry-renderer
18:12:41 [TestNG-test-Yt Master Tests-1] INFO  verifyingSideMenuCollapsedLangAsInSettingsLingua_18-11-35 - [verifyingSideMenuCollapsedLangAsInSettingsLingua_18-11-35] Found 4 ready elements (attempt 1): By.xpath: //ytd-mini-guide-renderer[@class='style-scope ytd-app']//ytd-mini-guide-entry-renderer
18:12:41 [TestNG-test-Yt Master Tests-1] INFO  verifyingSideMenuCollapsedLangAsInSettingsLingua_18-11-35 - 
========== LANGUAGE DETECTION ==========
Detected Language : ESTONIAN
Input Text        : Avaleht Shorts Tellimused Teie
========================================
18:12:41 [TestNG-test-Yt Master Tests-1] INFO  verifyingSideMenuCollapsedLangAsInSettingsLingua_18-11-35 - text sent to lingua is       Avaleht Shorts Tellimused Teie
18:12:41 [TestNG-test-Yt Master Tests-1] INFO  verifyingSideMenuCollapsedLangAsInSettingsLingua_18-11-35 - getLangAttribute() - locating <html> and reading lang property
18:12:41 [TestNG-test-Yt Master Tests-1] INFO  verifyingSideMenuCollapsedLangAsInSettingsLingua_18-11-35 - Language attribute read: et-EE
18:12:41 [TestNG-test-Yt Master Tests-1] INFO  verifyingSideMenuCollapsedLangAsInSettingsLingua_18-11-35 - Clicking settings ellipses button...
18:12:41 [TestNG-test-Yt Master Tests-1] INFO  verifyingSideMenuCollapsedLangAsInSettingsLingua_18-11-35 - [verifyingSideMenuCollapsedLangAsInSettingsLingua_18-11-35] Trying to find element: By.xpath: //ytd-topbar-menu-button-renderer[@class='style-scope ytd-masthead style-default']
18:12:42 [TestNG-test-Yt Master Tests-1] INFO  verifyingSideMenuCollapsedLangAsInSettingsLingua_18-11-35 - [verifyingSideMenuCollapsedLangAsInSettingsLingua_18-11-35] Element found and ready (attempt 1): By.xpath: //ytd-topbar-menu-button-renderer[@class='style-scope ytd-masthead style-default']
18:12:42 [TestNG-test-Yt Master Tests-1] INFO  verifyingSideMenuCollapsedLangAsInSettingsLingua_18-11-35 - Clicking language dropdown...
18:12:42 [TestNG-test-Yt Master Tests-1] INFO  verifyingSideMenuCollapsedLangAsInSettingsLingua_18-11-35 - [verifyingSideMenuCollapsedLangAsInSettingsLingua_18-11-35] Trying to find element: By.xpath: (//div[@id='content-icon'])[2]
18:12:42 [TestNG-test-Yt Master Tests-1] INFO  verifyingSideMenuCollapsedLangAsInSettingsLingua_18-11-35 - [verifyingSideMenuCollapsedLangAsInSettingsLingua_18-11-35] Element found and ready (attempt 1): By.xpath: (//div[@id='content-icon'])[2]
18:12:43 [TestNG-test-Yt Master Tests-1] INFO  verifyingSideMenuCollapsedLangAsInSettingsLingua_18-11-35 - Looking for language element with name: English (India)
18:12:43 [TestNG-test-Yt Master Tests-1] INFO  verifyingSideMenuCollapsedLangAsInSettingsLingua_18-11-35 - [verifyingSideMenuCollapsedLangAsInSettingsLingua_18-11-35] Trying to find element: By.xpath: //yt-multi-page-menu-section-renderer[@class='style-scope ytd-multi-page-menu-renderer']//yt-formatted-string[@id='label' and text()='English (India)']
18:12:43 [TestNG-test-Yt Master Tests-1] INFO  verifyingSideMenuCollapsedLangAsInSettingsLingua_18-11-35 - [verifyingSideMenuCollapsedLangAsInSettingsLingua_18-11-35] Element found and ready (attempt 1): By.xpath: //yt-multi-page-menu-section-renderer[@class='style-scope ytd-multi-page-menu-renderer']//yt-formatted-string[@id='label' and text()='English (India)']
18:12:43 [TestNG-test-Yt Master Tests-1] INFO  verifyingSideMenuCollapsedLangAsInSettingsLingua_18-11-35 - [verifyingSideMenuCollapsedLangAsInSettingsLingua_18-11-35] Trying to find element: By.xpath: //yt-multi-page-menu-section-renderer[@class='style-scope ytd-multi-page-menu-renderer']//yt-formatted-string[@id='label' and text()='English (India)']
18:12:43 [TestNG-test-Yt Master Tests-1] INFO  verifyingSideMenuCollapsedLangAsInSettingsLingua_18-11-35 - [verifyingSideMenuCollapsedLangAsInSettingsLingua_18-11-35] Element found and ready (attempt 1): By.xpath: //yt-multi-page-menu-section-renderer[@class='style-scope ytd-multi-page-menu-renderer']//yt-formatted-string[@id='label' and text()='English (India)']
18:12:45 [TestNG-test-Yt Master Tests-1] INFO  verifyingSideMenuCollapsedLangAsInSettingsLingua_18-11-35 - Clicking settings ellipses button...
18:12:45 [TestNG-test-Yt Master Tests-1] INFO  verifyingSideMenuCollapsedLangAsInSettingsLingua_18-11-35 - [verifyingSideMenuCollapsedLangAsInSettingsLingua_18-11-35] Trying to find element: By.xpath: //ytd-topbar-menu-button-renderer[@class='style-scope ytd-masthead style-default']
18:12:46 [TestNG-test-Yt Master Tests-1] INFO  verifyingSideMenuCollapsedLangAsInSettingsLingua_18-11-35 - [verifyingSideMenuCollapsedLangAsInSettingsLingua_18-11-35] Element found and ready (attempt 1): By.xpath: //ytd-topbar-menu-button-renderer[@class='style-scope ytd-masthead style-default']
18:12:46 [TestNG-test-Yt Master Tests-1] INFO  verifyingSideMenuCollapsedLangAsInSettingsLingua_18-11-35 - [verifyingSideMenuCollapsedLangAsInSettingsLingua_18-11-35] Waiting until element is visible in viewport
18:12:47 [TestNG-test-Yt Master Tests-1] INFO  verifyingSideMenuCollapsedLangAsInSettingsLingua_18-11-35 - Clicking settings ellipses button...
18:12:47 [TestNG-test-Yt Master Tests-1] INFO  verifyingSideMenuCollapsedLangAsInSettingsLingua_18-11-35 - [verifyingSideMenuCollapsedLangAsInSettingsLingua_18-11-35] Trying to find element: By.xpath: //ytd-topbar-menu-button-renderer[@class='style-scope ytd-masthead style-default']
18:12:47 [TestNG-test-Yt Master Tests-1] INFO  verifyingSideMenuCollapsedLangAsInSettingsLingua_18-11-35 - [verifyingSideMenuCollapsedLangAsInSettingsLingua_18-11-35] Element found and ready (attempt 1): By.xpath: //ytd-topbar-menu-button-renderer[@class='style-scope ytd-masthead style-default']
18:12:47 [TestNG-test-Yt Master Tests-1] INFO  verifyingSideMenuCollapsedLangAsInSettingsLingua_18-11-35 - getLangAttribute() - locating <html> and reading lang property
18:12:48 [TestNG-test-Yt Master Tests-1] INFO  verifyingSideMenuCollapsedLangAsInSettingsLingua_18-11-35 - Language attribute read: en-IN
18:12:48 [TestNG-test-Yt Master Tests-1] INFO  verifyingSideMenuCollapsedLangAsInSettingsLingua_18-11-35 - Fetching the side menu in collapsed view
18:12:48 [TestNG-test-Yt Master Tests-1] INFO  verifyingSideMenuCollapsedLangAsInSettingsLingua_18-11-35 - [verifyingSideMenuCollapsedLangAsInSettingsLingua_18-11-35] Finding elements list: By.xpath: //ytd-mini-guide-renderer[@class='style-scope ytd-app']//ytd-mini-guide-entry-renderer
18:12:48 [TestNG-test-Yt Master Tests-1] INFO  verifyingSideMenuCollapsedLangAsInSettingsLingua_18-11-35 - [verifyingSideMenuCollapsedLangAsInSettingsLingua_18-11-35] Found 4 ready elements (attempt 1): By.xpath: //ytd-mini-guide-renderer[@class='style-scope ytd-app']//ytd-mini-guide-entry-renderer
18:12:48 [TestNG-test-Yt Master Tests-1] INFO  verifyingSideMenuCollapsedLangAsInSettingsLingua_18-11-35 - 
========== LANGUAGE DETECTION ==========
Detected Language : ENGLISH
Input Text        : Home Shorts Subscriptions You
========================================
18:12:48 [TestNG-test-Yt Master Tests-1] INFO  verifyingSideMenuCollapsedLangAsInSettingsLingua_18-11-35 - text sent to lingua is       Home Shorts Subscriptions You
18:12:48 [TestNG-test-Yt Master Tests-1] INFO  verifyingSideMenuCollapsedLangAsInSettingsLingua_18-11-35 - getLangAttribute() - locating <html> and reading lang property
18:12:48 [TestNG-test-Yt Master Tests-1] INFO  verifyingSideMenuCollapsedLangAsInSettingsLingua_18-11-35 - Language attribute read: en-IN
18:12:48 [TestNG-test-Yt Master Tests-1] INFO  verifyingSideMenuCollapsedLangAsInSettingsLingua_18-11-35 - Clicking settings ellipses button...
18:12:48 [TestNG-test-Yt Master Tests-1] INFO  verifyingSideMenuCollapsedLangAsInSettingsLingua_18-11-35 - [verifyingSideMenuCollapsedLangAsInSettingsLingua_18-11-35] Trying to find element: By.xpath: //ytd-topbar-menu-button-renderer[@class='style-scope ytd-masthead style-default']
18:12:48 [TestNG-test-Yt Master Tests-1] INFO  verifyingSideMenuCollapsedLangAsInSettingsLingua_18-11-35 - [verifyingSideMenuCollapsedLangAsInSettingsLingua_18-11-35] Element found and ready (attempt 1): By.xpath: //ytd-topbar-menu-button-renderer[@class='style-scope ytd-masthead style-default']
18:12:48 [TestNG-test-Yt Master Tests-1] INFO  verifyingSideMenuCollapsedLangAsInSettingsLingua_18-11-35 - Clicking language dropdown...
18:12:48 [TestNG-test-Yt Master Tests-1] INFO  verifyingSideMenuCollapsedLangAsInSettingsLingua_18-11-35 - [verifyingSideMenuCollapsedLangAsInSettingsLingua_18-11-35] Trying to find element: By.xpath: (//div[@id='content-icon'])[2]
18:12:49 [TestNG-test-Yt Master Tests-1] INFO  verifyingSideMenuCollapsedLangAsInSettingsLingua_18-11-35 - [verifyingSideMenuCollapsedLangAsInSettingsLingua_18-11-35] Element found and ready (attempt 1): By.xpath: (//div[@id='content-icon'])[2]
18:12:49 [TestNG-test-Yt Master Tests-1] INFO  verifyingSideMenuCollapsedLangAsInSettingsLingua_18-11-35 - [verifyingSideMenuCollapsedLangAsInSettingsLingua_18-11-35] Not retrying test 'verifyingSideMenuCollapsedLangAsInSettingsLingua'. Retry count: 0, Cause: The following asserts failed:
	Language detection mismatch for language=Azərbaycan expected [AZERBAIJANI] but found [TURKISH],
	Language detection mismatch for language=Bahasa Indonesia expected [INDONESIAN] but found [ENGLISH],
	Language detection mismatch for language=Bosanski expected [CROATIAN] but found [BOSNIAN]
