16:37:01 [TestNG-test-Yt Master Tests-3] INFO  verifyingSideMenuCollapsedLangAsInSettings_16-37-01 - No existing WebDriver found for current thread. Initializing a new ChromeDriver...
16:37:01 [TestNG-test-Yt Master Tests-3] INFO  verifyingSideMenuCollapsedLangAsInSettings_16-37-01 - WebDriverManager: chromedriver setup OK
16:37:04 [TestNG-test-Yt Master Tests-3] INFO  verifyingSideMenuCollapsedLangAsInSettings_16-37-01 - ChromeDriver initialized successfully for thread: 36
16:37:04 [TestNG-test-Yt Master Tests-3] INFO  verifyingSideMenuCollapsedLangAsInSettings_16-37-01 - SafeActions initialized with driver ChromeDriver: chrome on windows (3cf6d51b831d69519b30352f932256ff)
16:37:04 [TestNG-test-Yt Master Tests-3] INFO  verifyingSideMenuCollapsedLangAsInSettings_16-37-01 - Initialized YtLandingPage with driver: ChromeDriver: chrome on windows (3cf6d51b831d69519b30352f932256ff)
16:37:04 [TestNG-test-Yt Master Tests-3] INFO  verifyingSideMenuCollapsedLangAsInSettings_16-37-01 - SafeActions initialized with driver ChromeDriver: chrome on windows (3cf6d51b831d69519b30352f932256ff)
16:37:12 [TestNG-test-Yt Master Tests-3] INFO  verifyingSideMenuCollapsedLangAsInSettings_16-37-01 - Opened YouTube landing page.
16:37:12 [TestNG-test-Yt Master Tests-3] INFO  verifyingSideMenuCollapsedLangAsInSettings_16-37-01 - Clicking left ellipses in the landing page
16:37:12 [TestNG-test-Yt Master Tests-3] INFO  verifyingSideMenuCollapsedLangAsInSettings_16-37-01 - [verifyingSideMenuCollapsedLangAsInSettings_16-37-01] Trying to find element: By.xpath: //ytd-topbar-logo-renderer[@id='logo']/preceding-sibling::*[@id='guide-button']
16:37:12 [TestNG-test-Yt Master Tests-3] INFO  verifyingSideMenuCollapsedLangAsInSettings_16-37-01 - [verifyingSideMenuCollapsedLangAsInSettings_16-37-01] Element found and ready (attempt 1): By.xpath: //ytd-topbar-logo-renderer[@id='logo']/preceding-sibling::*[@id='guide-button']
16:37:12 [TestNG-test-Yt Master Tests-3] INFO  verifyingSideMenuCollapsedLangAsInSettings_16-37-01 - Clicking settings ellipses button...
16:37:13 [TestNG-test-Yt Master Tests-3] INFO  verifyingSideMenuCollapsedLangAsInSettings_16-37-01 - [verifyingSideMenuCollapsedLangAsInSettings_16-37-01] Trying to find element: By.xpath: //ytd-topbar-menu-button-renderer[@class='style-scope ytd-masthead style-default']
16:37:13 [TestNG-test-Yt Master Tests-3] INFO  verifyingSideMenuCollapsedLangAsInSettings_16-37-01 - [verifyingSideMenuCollapsedLangAsInSettings_16-37-01] Element found and ready (attempt 1): By.xpath: //ytd-topbar-menu-button-renderer[@class='style-scope ytd-masthead style-default']
16:37:14 [TestNG-test-Yt Master Tests-3] INFO  verifyingSideMenuCollapsedLangAsInSettings_16-37-01 - Clicking language dropdown...
16:37:14 [TestNG-test-Yt Master Tests-3] INFO  verifyingSideMenuCollapsedLangAsInSettings_16-37-01 - [verifyingSideMenuCollapsedLangAsInSettings_16-37-01] Trying to find element: By.xpath: (//div[@id='content-icon'])[2]
16:37:14 [TestNG-test-Yt Master Tests-3] INFO  verifyingSideMenuCollapsedLangAsInSettings_16-37-01 - [verifyingSideMenuCollapsedLangAsInSettings_16-37-01] Element found and ready (attempt 1): By.xpath: (//div[@id='content-icon'])[2]
16:37:15 [TestNG-test-Yt Master Tests-3] INFO  verifyingSideMenuCollapsedLangAsInSettings_16-37-01 - [verifyingSideMenuCollapsedLangAsInSettings_16-37-01] Execution is Not CRON Job Hence referring to normal keys from UtilData
16:37:15 [TestNG-test-Yt Master Tests-3] INFO  verifyingSideMenuCollapsedLangAsInSettings_16-37-01 - [verifyingSideMenuCollapsedLangAsInSettings_16-37-01] Row count is == 10
16:37:15 [TestNG-test-Yt Master Tests-3] INFO  verifyingSideMenuCollapsedLangAsInSettings_16-37-01 - Looking for language element with name: Afrikaans
16:37:15 [TestNG-test-Yt Master Tests-3] INFO  verifyingSideMenuCollapsedLangAsInSettings_16-37-01 - [verifyingSideMenuCollapsedLangAsInSettings_16-37-01] Trying to find element: By.xpath: //yt-multi-page-menu-section-renderer[@class='style-scope ytd-multi-page-menu-renderer']//yt-formatted-string[@id='label' and text()='Afrikaans']
16:37:15 [TestNG-test-Yt Master Tests-3] INFO  verifyingSideMenuCollapsedLangAsInSettings_16-37-01 - [verifyingSideMenuCollapsedLangAsInSettings_16-37-01] Element found and ready (attempt 1): By.xpath: //yt-multi-page-menu-section-renderer[@class='style-scope ytd-multi-page-menu-renderer']//yt-formatted-string[@id='label' and text()='Afrikaans']
16:37:15 [TestNG-test-Yt Master Tests-3] INFO  verifyingSideMenuCollapsedLangAsInSettings_16-37-01 - [verifyingSideMenuCollapsedLangAsInSettings_16-37-01] Trying to find element: By.xpath: //yt-multi-page-menu-section-renderer[@class='style-scope ytd-multi-page-menu-renderer']//yt-formatted-string[@id='label' and text()='Afrikaans']
16:37:15 [TestNG-test-Yt Master Tests-3] INFO  verifyingSideMenuCollapsedLangAsInSettings_16-37-01 - [verifyingSideMenuCollapsedLangAsInSettings_16-37-01] Element found and ready (attempt 1): By.xpath: //yt-multi-page-menu-section-renderer[@class='style-scope ytd-multi-page-menu-renderer']//yt-formatted-string[@id='label' and text()='Afrikaans']
16:37:20 [TestNG-test-Yt Master Tests-3] INFO  verifyingSideMenuCollapsedLangAsInSettings_16-37-01 - Clicking settings ellipses button...
16:37:20 [TestNG-test-Yt Master Tests-3] INFO  verifyingSideMenuCollapsedLangAsInSettings_16-37-01 - [verifyingSideMenuCollapsedLangAsInSettings_16-37-01] Trying to find element: By.xpath: //ytd-topbar-menu-button-renderer[@class='style-scope ytd-masthead style-default']
16:37:21 [TestNG-test-Yt Master Tests-3] INFO  verifyingSideMenuCollapsedLangAsInSettings_16-37-01 - [verifyingSideMenuCollapsedLangAsInSettings_16-37-01] Element found and ready (attempt 1): By.xpath: //ytd-topbar-menu-button-renderer[@class='style-scope ytd-masthead style-default']
16:37:21 [TestNG-test-Yt Master Tests-3] INFO  verifyingSideMenuCollapsedLangAsInSettings_16-37-01 - [verifyingSideMenuCollapsedLangAsInSettings_16-37-01] Waiting until element is visible in viewport
16:37:22 [TestNG-test-Yt Master Tests-3] INFO  verifyingSideMenuCollapsedLangAsInSettings_16-37-01 - Clicking settings ellipses button...
16:37:22 [TestNG-test-Yt Master Tests-3] INFO  verifyingSideMenuCollapsedLangAsInSettings_16-37-01 - [verifyingSideMenuCollapsedLangAsInSettings_16-37-01] Trying to find element: By.xpath: //ytd-topbar-menu-button-renderer[@class='style-scope ytd-masthead style-default']
16:37:22 [TestNG-test-Yt Master Tests-3] INFO  verifyingSideMenuCollapsedLangAsInSettings_16-37-01 - [verifyingSideMenuCollapsedLangAsInSettings_16-37-01] Element found and ready (attempt 1): By.xpath: //ytd-topbar-menu-button-renderer[@class='style-scope ytd-masthead style-default']
16:37:22 [TestNG-test-Yt Master Tests-3] INFO  verifyingSideMenuCollapsedLangAsInSettings_16-37-01 - getLangAttribute() - locating <html> and reading lang property
16:37:23 [TestNG-test-Yt Master Tests-3] INFO  verifyingSideMenuCollapsedLangAsInSettings_16-37-01 - Language attribute read: af-ZA
16:37:23 [TestNG-test-Yt Master Tests-3] INFO  verifyingSideMenuCollapsedLangAsInSettings_16-37-01 - Fetching the side menu in collapsed view
16:37:23 [TestNG-test-Yt Master Tests-3] INFO  verifyingSideMenuCollapsedLangAsInSettings_16-37-01 - [verifyingSideMenuCollapsedLangAsInSettings_16-37-01] Finding elements list: By.xpath: //ytd-mini-guide-renderer[@class='style-scope ytd-app']//ytd-mini-guide-entry-renderer
16:37:23 [TestNG-test-Yt Master Tests-3] INFO  verifyingSideMenuCollapsedLangAsInSettings_16-37-01 - [verifyingSideMenuCollapsedLangAsInSettings_16-37-01] Found 4 ready elements (attempt 1): By.xpath: //ytd-mini-guide-renderer[@class='style-scope ytd-app']//ytd-mini-guide-entry-renderer
16:37:23 [TestNG-test-Yt Master Tests-3] INFO  verifyingSideMenuCollapsedLangAsInSettings_16-37-01 - Clicking settings ellipses button...
16:37:23 [TestNG-test-Yt Master Tests-3] INFO  verifyingSideMenuCollapsedLangAsInSettings_16-37-01 - [verifyingSideMenuCollapsedLangAsInSettings_16-37-01] Trying to find element: By.xpath: //ytd-topbar-menu-button-renderer[@class='style-scope ytd-masthead style-default']
16:37:23 [TestNG-test-Yt Master Tests-3] INFO  verifyingSideMenuCollapsedLangAsInSettings_16-37-01 - [verifyingSideMenuCollapsedLangAsInSettings_16-37-01] Element found and ready (attempt 1): By.xpath: //ytd-topbar-menu-button-renderer[@class='style-scope ytd-masthead style-default']
16:37:24 [TestNG-test-Yt Master Tests-3] INFO  verifyingSideMenuCollapsedLangAsInSettings_16-37-01 - Clicking language dropdown...
16:37:24 [TestNG-test-Yt Master Tests-3] INFO  verifyingSideMenuCollapsedLangAsInSettings_16-37-01 - [verifyingSideMenuCollapsedLangAsInSettings_16-37-01] Trying to find element: By.xpath: (//div[@id='content-icon'])[2]
16:37:25 [TestNG-test-Yt Master Tests-3] INFO  verifyingSideMenuCollapsedLangAsInSettings_16-37-01 - [verifyingSideMenuCollapsedLangAsInSettings_16-37-01] Element found and ready (attempt 1): By.xpath: (//div[@id='content-icon'])[2]
16:37:26 [TestNG-test-Yt Master Tests-3] INFO  verifyingSideMenuCollapsedLangAsInSettings_16-37-01 - Looking for language element with name: Azərbaycan
16:37:26 [TestNG-test-Yt Master Tests-3] INFO  verifyingSideMenuCollapsedLangAsInSettings_16-37-01 - [verifyingSideMenuCollapsedLangAsInSettings_16-37-01] Trying to find element: By.xpath: //yt-multi-page-menu-section-renderer[@class='style-scope ytd-multi-page-menu-renderer']//yt-formatted-string[@id='label' and text()='Azərbaycan']
16:37:27 [TestNG-test-Yt Master Tests-3] INFO  verifyingSideMenuCollapsedLangAsInSettings_16-37-01 - [verifyingSideMenuCollapsedLangAsInSettings_16-37-01] Element found and ready (attempt 1): By.xpath: //yt-multi-page-menu-section-renderer[@class='style-scope ytd-multi-page-menu-renderer']//yt-formatted-string[@id='label' and text()='Azərbaycan']
16:37:27 [TestNG-test-Yt Master Tests-3] INFO  verifyingSideMenuCollapsedLangAsInSettings_16-37-01 - [verifyingSideMenuCollapsedLangAsInSettings_16-37-01] Trying to find element: By.xpath: //yt-multi-page-menu-section-renderer[@class='style-scope ytd-multi-page-menu-renderer']//yt-formatted-string[@id='label' and text()='Azərbaycan']
16:37:27 [TestNG-test-Yt Master Tests-3] INFO  verifyingSideMenuCollapsedLangAsInSettings_16-37-01 - [verifyingSideMenuCollapsedLangAsInSettings_16-37-01] Element found and ready (attempt 1): By.xpath: //yt-multi-page-menu-section-renderer[@class='style-scope ytd-multi-page-menu-renderer']//yt-formatted-string[@id='label' and text()='Azərbaycan']
16:37:29 [TestNG-test-Yt Master Tests-3] INFO  verifyingSideMenuCollapsedLangAsInSettings_16-37-01 - Clicking settings ellipses button...
16:37:29 [TestNG-test-Yt Master Tests-3] INFO  verifyingSideMenuCollapsedLangAsInSettings_16-37-01 - [verifyingSideMenuCollapsedLangAsInSettings_16-37-01] Trying to find element: By.xpath: //ytd-topbar-menu-button-renderer[@class='style-scope ytd-masthead style-default']
16:37:29 [TestNG-test-Yt Master Tests-3] INFO  verifyingSideMenuCollapsedLangAsInSettings_16-37-01 - [verifyingSideMenuCollapsedLangAsInSettings_16-37-01] Element found and ready (attempt 1): By.xpath: //ytd-topbar-menu-button-renderer[@class='style-scope ytd-masthead style-default']
16:37:30 [TestNG-test-Yt Master Tests-3] INFO  verifyingSideMenuCollapsedLangAsInSettings_16-37-01 - [verifyingSideMenuCollapsedLangAsInSettings_16-37-01] Waiting until element is visible in viewport
16:37:30 [TestNG-test-Yt Master Tests-3] INFO  verifyingSideMenuCollapsedLangAsInSettings_16-37-01 - Clicking settings ellipses button...
16:37:30 [TestNG-test-Yt Master Tests-3] INFO  verifyingSideMenuCollapsedLangAsInSettings_16-37-01 - [verifyingSideMenuCollapsedLangAsInSettings_16-37-01] Trying to find element: By.xpath: //ytd-topbar-menu-button-renderer[@class='style-scope ytd-masthead style-default']
16:37:30 [TestNG-test-Yt Master Tests-3] INFO  verifyingSideMenuCollapsedLangAsInSettings_16-37-01 - [verifyingSideMenuCollapsedLangAsInSettings_16-37-01] Element found and ready (attempt 1): By.xpath: //ytd-topbar-menu-button-renderer[@class='style-scope ytd-masthead style-default']
16:37:30 [TestNG-test-Yt Master Tests-3] INFO  verifyingSideMenuCollapsedLangAsInSettings_16-37-01 - getLangAttribute() - locating <html> and reading lang property
16:37:30 [TestNG-test-Yt Master Tests-3] INFO  verifyingSideMenuCollapsedLangAsInSettings_16-37-01 - Language attribute read: az-Latn-AZ
16:37:30 [TestNG-test-Yt Master Tests-3] INFO  verifyingSideMenuCollapsedLangAsInSettings_16-37-01 - Fetching the side menu in collapsed view
16:37:30 [TestNG-test-Yt Master Tests-3] INFO  verifyingSideMenuCollapsedLangAsInSettings_16-37-01 - [verifyingSideMenuCollapsedLangAsInSettings_16-37-01] Finding elements list: By.xpath: //ytd-mini-guide-renderer[@class='style-scope ytd-app']//ytd-mini-guide-entry-renderer
16:37:31 [TestNG-test-Yt Master Tests-3] INFO  verifyingSideMenuCollapsedLangAsInSettings_16-37-01 - [verifyingSideMenuCollapsedLangAsInSettings_16-37-01] Found 4 ready elements (attempt 1): By.xpath: //ytd-mini-guide-renderer[@class='style-scope ytd-app']//ytd-mini-guide-entry-renderer
16:37:31 [TestNG-test-Yt Master Tests-3] INFO  verifyingSideMenuCollapsedLangAsInSettings_16-37-01 - Clicking settings ellipses button...
16:37:31 [TestNG-test-Yt Master Tests-3] INFO  verifyingSideMenuCollapsedLangAsInSettings_16-37-01 - [verifyingSideMenuCollapsedLangAsInSettings_16-37-01] Trying to find element: By.xpath: //ytd-topbar-menu-button-renderer[@class='style-scope ytd-masthead style-default']
16:37:31 [TestNG-test-Yt Master Tests-3] INFO  verifyingSideMenuCollapsedLangAsInSettings_16-37-01 - [verifyingSideMenuCollapsedLangAsInSettings_16-37-01] Element found and ready (attempt 1): By.xpath: //ytd-topbar-menu-button-renderer[@class='style-scope ytd-masthead style-default']
16:37:31 [TestNG-test-Yt Master Tests-3] INFO  verifyingSideMenuCollapsedLangAsInSettings_16-37-01 - Clicking language dropdown...
16:37:31 [TestNG-test-Yt Master Tests-3] INFO  verifyingSideMenuCollapsedLangAsInSettings_16-37-01 - [verifyingSideMenuCollapsedLangAsInSettings_16-37-01] Trying to find element: By.xpath: (//div[@id='content-icon'])[2]
16:37:32 [TestNG-test-Yt Master Tests-3] INFO  verifyingSideMenuCollapsedLangAsInSettings_16-37-01 - [verifyingSideMenuCollapsedLangAsInSettings_16-37-01] Element found and ready (attempt 1): By.xpath: (//div[@id='content-icon'])[2]
16:37:32 [TestNG-test-Yt Master Tests-3] INFO  verifyingSideMenuCollapsedLangAsInSettings_16-37-01 - Looking for language element with name: Bahasa Indonesia
16:37:32 [TestNG-test-Yt Master Tests-3] INFO  verifyingSideMenuCollapsedLangAsInSettings_16-37-01 - [verifyingSideMenuCollapsedLangAsInSettings_16-37-01] Trying to find element: By.xpath: //yt-multi-page-menu-section-renderer[@class='style-scope ytd-multi-page-menu-renderer']//yt-formatted-string[@id='label' and text()='Bahasa Indonesia']
16:37:32 [TestNG-test-Yt Master Tests-3] INFO  verifyingSideMenuCollapsedLangAsInSettings_16-37-01 - [verifyingSideMenuCollapsedLangAsInSettings_16-37-01] Element found and ready (attempt 1): By.xpath: //yt-multi-page-menu-section-renderer[@class='style-scope ytd-multi-page-menu-renderer']//yt-formatted-string[@id='label' and text()='Bahasa Indonesia']
16:37:32 [TestNG-test-Yt Master Tests-3] INFO  verifyingSideMenuCollapsedLangAsInSettings_16-37-01 - [verifyingSideMenuCollapsedLangAsInSettings_16-37-01] Trying to find element: By.xpath: //yt-multi-page-menu-section-renderer[@class='style-scope ytd-multi-page-menu-renderer']//yt-formatted-string[@id='label' and text()='Bahasa Indonesia']
16:37:33 [TestNG-test-Yt Master Tests-3] INFO  verifyingSideMenuCollapsedLangAsInSettings_16-37-01 - [verifyingSideMenuCollapsedLangAsInSettings_16-37-01] Element found and ready (attempt 1): By.xpath: //yt-multi-page-menu-section-renderer[@class='style-scope ytd-multi-page-menu-renderer']//yt-formatted-string[@id='label' and text()='Bahasa Indonesia']
16:37:36 [TestNG-test-Yt Master Tests-3] INFO  verifyingSideMenuCollapsedLangAsInSettings_16-37-01 - Clicking settings ellipses button...
16:37:36 [TestNG-test-Yt Master Tests-3] INFO  verifyingSideMenuCollapsedLangAsInSettings_16-37-01 - [verifyingSideMenuCollapsedLangAsInSettings_16-37-01] Trying to find element: By.xpath: //ytd-topbar-menu-button-renderer[@class='style-scope ytd-masthead style-default']
16:37:36 [TestNG-test-Yt Master Tests-3] INFO  verifyingSideMenuCollapsedLangAsInSettings_16-37-01 - [verifyingSideMenuCollapsedLangAsInSettings_16-37-01] Element found and ready (attempt 1): By.xpath: //ytd-topbar-menu-button-renderer[@class='style-scope ytd-masthead style-default']
16:37:36 [TestNG-test-Yt Master Tests-3] INFO  verifyingSideMenuCollapsedLangAsInSettings_16-37-01 - [verifyingSideMenuCollapsedLangAsInSettings_16-37-01] Waiting until element is visible in viewport
16:37:37 [TestNG-test-Yt Master Tests-3] INFO  verifyingSideMenuCollapsedLangAsInSettings_16-37-01 - Clicking settings ellipses button...
16:37:38 [TestNG-test-Yt Master Tests-3] INFO  verifyingSideMenuCollapsedLangAsInSettings_16-37-01 - [verifyingSideMenuCollapsedLangAsInSettings_16-37-01] Trying to find element: By.xpath: //ytd-topbar-menu-button-renderer[@class='style-scope ytd-masthead style-default']
16:37:38 [TestNG-test-Yt Master Tests-3] INFO  verifyingSideMenuCollapsedLangAsInSettings_16-37-01 - [verifyingSideMenuCollapsedLangAsInSettings_16-37-01] Element found and ready (attempt 1): By.xpath: //ytd-topbar-menu-button-renderer[@class='style-scope ytd-masthead style-default']
16:37:38 [TestNG-test-Yt Master Tests-3] INFO  verifyingSideMenuCollapsedLangAsInSettings_16-37-01 - getLangAttribute() - locating <html> and reading lang property
16:37:38 [TestNG-test-Yt Master Tests-3] INFO  verifyingSideMenuCollapsedLangAsInSettings_16-37-01 - Language attribute read: id-ID
16:37:38 [TestNG-test-Yt Master Tests-3] INFO  verifyingSideMenuCollapsedLangAsInSettings_16-37-01 - Fetching the side menu in collapsed view
16:37:38 [TestNG-test-Yt Master Tests-3] INFO  verifyingSideMenuCollapsedLangAsInSettings_16-37-01 - [verifyingSideMenuCollapsedLangAsInSettings_16-37-01] Finding elements list: By.xpath: //ytd-mini-guide-renderer[@class='style-scope ytd-app']//ytd-mini-guide-entry-renderer
16:37:38 [TestNG-test-Yt Master Tests-3] INFO  verifyingSideMenuCollapsedLangAsInSettings_16-37-01 - [verifyingSideMenuCollapsedLangAsInSettings_16-37-01] Found 4 ready elements (attempt 1): By.xpath: //ytd-mini-guide-renderer[@class='style-scope ytd-app']//ytd-mini-guide-entry-renderer
16:37:38 [TestNG-test-Yt Master Tests-3] INFO  verifyingSideMenuCollapsedLangAsInSettings_16-37-01 - Clicking settings ellipses button...
16:37:38 [TestNG-test-Yt Master Tests-3] INFO  verifyingSideMenuCollapsedLangAsInSettings_16-37-01 - [verifyingSideMenuCollapsedLangAsInSettings_16-37-01] Trying to find element: By.xpath: //ytd-topbar-menu-button-renderer[@class='style-scope ytd-masthead style-default']
16:37:39 [TestNG-test-Yt Master Tests-3] INFO  verifyingSideMenuCollapsedLangAsInSettings_16-37-01 - [verifyingSideMenuCollapsedLangAsInSettings_16-37-01] Element found and ready (attempt 1): By.xpath: //ytd-topbar-menu-button-renderer[@class='style-scope ytd-masthead style-default']
16:37:39 [TestNG-test-Yt Master Tests-3] INFO  verifyingSideMenuCollapsedLangAsInSettings_16-37-01 - Clicking language dropdown...
16:37:39 [TestNG-test-Yt Master Tests-3] INFO  verifyingSideMenuCollapsedLangAsInSettings_16-37-01 - [verifyingSideMenuCollapsedLangAsInSettings_16-37-01] Trying to find element: By.xpath: (//div[@id='content-icon'])[2]
16:37:39 [TestNG-test-Yt Master Tests-3] INFO  verifyingSideMenuCollapsedLangAsInSettings_16-37-01 - [verifyingSideMenuCollapsedLangAsInSettings_16-37-01] Element found and ready (attempt 1): By.xpath: (//div[@id='content-icon'])[2]
16:37:40 [TestNG-test-Yt Master Tests-3] INFO  verifyingSideMenuCollapsedLangAsInSettings_16-37-01 - Looking for language element with name: Bosanski
16:37:40 [TestNG-test-Yt Master Tests-3] INFO  verifyingSideMenuCollapsedLangAsInSettings_16-37-01 - [verifyingSideMenuCollapsedLangAsInSettings_16-37-01] Trying to find element: By.xpath: //yt-multi-page-menu-section-renderer[@class='style-scope ytd-multi-page-menu-renderer']//yt-formatted-string[@id='label' and text()='Bosanski']
16:37:40 [TestNG-test-Yt Master Tests-3] INFO  verifyingSideMenuCollapsedLangAsInSettings_16-37-01 - [verifyingSideMenuCollapsedLangAsInSettings_16-37-01] Element found and ready (attempt 1): By.xpath: //yt-multi-page-menu-section-renderer[@class='style-scope ytd-multi-page-menu-renderer']//yt-formatted-string[@id='label' and text()='Bosanski']
16:37:40 [TestNG-test-Yt Master Tests-3] INFO  verifyingSideMenuCollapsedLangAsInSettings_16-37-01 - [verifyingSideMenuCollapsedLangAsInSettings_16-37-01] Trying to find element: By.xpath: //yt-multi-page-menu-section-renderer[@class='style-scope ytd-multi-page-menu-renderer']//yt-formatted-string[@id='label' and text()='Bosanski']
16:37:40 [TestNG-test-Yt Master Tests-3] INFO  verifyingSideMenuCollapsedLangAsInSettings_16-37-01 - [verifyingSideMenuCollapsedLangAsInSettings_16-37-01] Element found and ready (attempt 1): By.xpath: //yt-multi-page-menu-section-renderer[@class='style-scope ytd-multi-page-menu-renderer']//yt-formatted-string[@id='label' and text()='Bosanski']
16:37:43 [TestNG-test-Yt Master Tests-3] INFO  verifyingSideMenuCollapsedLangAsInSettings_16-37-01 - Clicking settings ellipses button...
16:37:43 [TestNG-test-Yt Master Tests-3] INFO  verifyingSideMenuCollapsedLangAsInSettings_16-37-01 - [verifyingSideMenuCollapsedLangAsInSettings_16-37-01] Trying to find element: By.xpath: //ytd-topbar-menu-button-renderer[@class='style-scope ytd-masthead style-default']
16:37:43 [TestNG-test-Yt Master Tests-3] INFO  verifyingSideMenuCollapsedLangAsInSettings_16-37-01 - [verifyingSideMenuCollapsedLangAsInSettings_16-37-01] Element found and ready (attempt 1): By.xpath: //ytd-topbar-menu-button-renderer[@class='style-scope ytd-masthead style-default']
16:37:44 [TestNG-test-Yt Master Tests-3] INFO  verifyingSideMenuCollapsedLangAsInSettings_16-37-01 - [verifyingSideMenuCollapsedLangAsInSettings_16-37-01] Waiting until element is visible in viewport
16:37:45 [TestNG-test-Yt Master Tests-3] INFO  verifyingSideMenuCollapsedLangAsInSettings_16-37-01 - Clicking settings ellipses button...
16:37:45 [TestNG-test-Yt Master Tests-3] INFO  verifyingSideMenuCollapsedLangAsInSettings_16-37-01 - [verifyingSideMenuCollapsedLangAsInSettings_16-37-01] Trying to find element: By.xpath: //ytd-topbar-menu-button-renderer[@class='style-scope ytd-masthead style-default']
16:37:45 [TestNG-test-Yt Master Tests-3] INFO  verifyingSideMenuCollapsedLangAsInSettings_16-37-01 - [verifyingSideMenuCollapsedLangAsInSettings_16-37-01] Element found and ready (attempt 1): By.xpath: //ytd-topbar-menu-button-renderer[@class='style-scope ytd-masthead style-default']
16:37:45 [TestNG-test-Yt Master Tests-3] INFO  verifyingSideMenuCollapsedLangAsInSettings_16-37-01 - getLangAttribute() - locating <html> and reading lang property
16:37:45 [TestNG-test-Yt Master Tests-3] INFO  verifyingSideMenuCollapsedLangAsInSettings_16-37-01 - Language attribute read: bs-Latn-BA
16:37:45 [TestNG-test-Yt Master Tests-3] INFO  verifyingSideMenuCollapsedLangAsInSettings_16-37-01 - Fetching the side menu in collapsed view
16:37:45 [TestNG-test-Yt Master Tests-3] INFO  verifyingSideMenuCollapsedLangAsInSettings_16-37-01 - [verifyingSideMenuCollapsedLangAsInSettings_16-37-01] Finding elements list: By.xpath: //ytd-mini-guide-renderer[@class='style-scope ytd-app']//ytd-mini-guide-entry-renderer
16:37:45 [TestNG-test-Yt Master Tests-3] INFO  verifyingSideMenuCollapsedLangAsInSettings_16-37-01 - [verifyingSideMenuCollapsedLangAsInSettings_16-37-01] Found 4 ready elements (attempt 1): By.xpath: //ytd-mini-guide-renderer[@class='style-scope ytd-app']//ytd-mini-guide-entry-renderer
16:37:45 [TestNG-test-Yt Master Tests-3] INFO  verifyingSideMenuCollapsedLangAsInSettings_16-37-01 - Clicking settings ellipses button...
16:37:45 [TestNG-test-Yt Master Tests-3] INFO  verifyingSideMenuCollapsedLangAsInSettings_16-37-01 - [verifyingSideMenuCollapsedLangAsInSettings_16-37-01] Trying to find element: By.xpath: //ytd-topbar-menu-button-renderer[@class='style-scope ytd-masthead style-default']
16:37:45 [TestNG-test-Yt Master Tests-3] INFO  verifyingSideMenuCollapsedLangAsInSettings_16-37-01 - [verifyingSideMenuCollapsedLangAsInSettings_16-37-01] Element found and ready (attempt 1): By.xpath: //ytd-topbar-menu-button-renderer[@class='style-scope ytd-masthead style-default']
16:37:46 [TestNG-test-Yt Master Tests-3] INFO  verifyingSideMenuCollapsedLangAsInSettings_16-37-01 - Clicking language dropdown...
16:37:46 [TestNG-test-Yt Master Tests-3] INFO  verifyingSideMenuCollapsedLangAsInSettings_16-37-01 - [verifyingSideMenuCollapsedLangAsInSettings_16-37-01] Trying to find element: By.xpath: (//div[@id='content-icon'])[2]
16:37:46 [TestNG-test-Yt Master Tests-3] INFO  verifyingSideMenuCollapsedLangAsInSettings_16-37-01 - [verifyingSideMenuCollapsedLangAsInSettings_16-37-01] Element found and ready (attempt 1): By.xpath: (//div[@id='content-icon'])[2]
16:37:47 [TestNG-test-Yt Master Tests-3] INFO  verifyingSideMenuCollapsedLangAsInSettings_16-37-01 - Looking for language element with name: Català
16:37:47 [TestNG-test-Yt Master Tests-3] INFO  verifyingSideMenuCollapsedLangAsInSettings_16-37-01 - [verifyingSideMenuCollapsedLangAsInSettings_16-37-01] Trying to find element: By.xpath: //yt-multi-page-menu-section-renderer[@class='style-scope ytd-multi-page-menu-renderer']//yt-formatted-string[@id='label' and text()='Català']
16:37:47 [TestNG-test-Yt Master Tests-3] INFO  verifyingSideMenuCollapsedLangAsInSettings_16-37-01 - [verifyingSideMenuCollapsedLangAsInSettings_16-37-01] Element found and ready (attempt 1): By.xpath: //yt-multi-page-menu-section-renderer[@class='style-scope ytd-multi-page-menu-renderer']//yt-formatted-string[@id='label' and text()='Català']
16:37:47 [TestNG-test-Yt Master Tests-3] INFO  verifyingSideMenuCollapsedLangAsInSettings_16-37-01 - [verifyingSideMenuCollapsedLangAsInSettings_16-37-01] Trying to find element: By.xpath: //yt-multi-page-menu-section-renderer[@class='style-scope ytd-multi-page-menu-renderer']//yt-formatted-string[@id='label' and text()='Català']
16:37:47 [TestNG-test-Yt Master Tests-3] INFO  verifyingSideMenuCollapsedLangAsInSettings_16-37-01 - [verifyingSideMenuCollapsedLangAsInSettings_16-37-01] Element found and ready (attempt 1): By.xpath: //yt-multi-page-menu-section-renderer[@class='style-scope ytd-multi-page-menu-renderer']//yt-formatted-string[@id='label' and text()='Català']
16:37:48 [TestNG-test-Yt Master Tests-3] INFO  verifyingSideMenuCollapsedLangAsInSettings_16-37-01 - Clicking settings ellipses button...
16:37:48 [TestNG-test-Yt Master Tests-3] INFO  verifyingSideMenuCollapsedLangAsInSettings_16-37-01 - [verifyingSideMenuCollapsedLangAsInSettings_16-37-01] Trying to find element: By.xpath: //ytd-topbar-menu-button-renderer[@class='style-scope ytd-masthead style-default']
16:37:49 [TestNG-test-Yt Master Tests-3] INFO  verifyingSideMenuCollapsedLangAsInSettings_16-37-01 - [verifyingSideMenuCollapsedLangAsInSettings_16-37-01] Element found and ready (attempt 1): By.xpath: //ytd-topbar-menu-button-renderer[@class='style-scope ytd-masthead style-default']
16:37:49 [TestNG-test-Yt Master Tests-3] INFO  verifyingSideMenuCollapsedLangAsInSettings_16-37-01 - [verifyingSideMenuCollapsedLangAsInSettings_16-37-01] Waiting until element is visible in viewport
16:37:51 [TestNG-test-Yt Master Tests-3] INFO  verifyingSideMenuCollapsedLangAsInSettings_16-37-01 - Clicking settings ellipses button...
16:37:51 [TestNG-test-Yt Master Tests-3] INFO  verifyingSideMenuCollapsedLangAsInSettings_16-37-01 - [verifyingSideMenuCollapsedLangAsInSettings_16-37-01] Trying to find element: By.xpath: //ytd-topbar-menu-button-renderer[@class='style-scope ytd-masthead style-default']
16:37:51 [TestNG-test-Yt Master Tests-3] INFO  verifyingSideMenuCollapsedLangAsInSettings_16-37-01 - [verifyingSideMenuCollapsedLangAsInSettings_16-37-01] Element found and ready (attempt 1): By.xpath: //ytd-topbar-menu-button-renderer[@class='style-scope ytd-masthead style-default']
16:37:51 [TestNG-test-Yt Master Tests-3] INFO  verifyingSideMenuCollapsedLangAsInSettings_16-37-01 - getLangAttribute() - locating <html> and reading lang property
16:37:51 [TestNG-test-Yt Master Tests-3] INFO  verifyingSideMenuCollapsedLangAsInSettings_16-37-01 - Language attribute read: ca-ES
16:37:51 [TestNG-test-Yt Master Tests-3] INFO  verifyingSideMenuCollapsedLangAsInSettings_16-37-01 - Fetching the side menu in collapsed view
16:37:51 [TestNG-test-Yt Master Tests-3] INFO  verifyingSideMenuCollapsedLangAsInSettings_16-37-01 - [verifyingSideMenuCollapsedLangAsInSettings_16-37-01] Finding elements list: By.xpath: //ytd-mini-guide-renderer[@class='style-scope ytd-app']//ytd-mini-guide-entry-renderer
16:37:52 [TestNG-test-Yt Master Tests-3] INFO  verifyingSideMenuCollapsedLangAsInSettings_16-37-01 - [verifyingSideMenuCollapsedLangAsInSettings_16-37-01] Found 4 ready elements (attempt 1): By.xpath: //ytd-mini-guide-renderer[@class='style-scope ytd-app']//ytd-mini-guide-entry-renderer
16:37:52 [TestNG-test-Yt Master Tests-3] INFO  verifyingSideMenuCollapsedLangAsInSettings_16-37-01 - Clicking settings ellipses button...
16:37:52 [TestNG-test-Yt Master Tests-3] INFO  verifyingSideMenuCollapsedLangAsInSettings_16-37-01 - [verifyingSideMenuCollapsedLangAsInSettings_16-37-01] Trying to find element: By.xpath: //ytd-topbar-menu-button-renderer[@class='style-scope ytd-masthead style-default']
16:37:52 [TestNG-test-Yt Master Tests-3] INFO  verifyingSideMenuCollapsedLangAsInSettings_16-37-01 - [verifyingSideMenuCollapsedLangAsInSettings_16-37-01] Element found and ready (attempt 1): By.xpath: //ytd-topbar-menu-button-renderer[@class='style-scope ytd-masthead style-default']
16:37:52 [TestNG-test-Yt Master Tests-3] INFO  verifyingSideMenuCollapsedLangAsInSettings_16-37-01 - Clicking language dropdown...
16:37:52 [TestNG-test-Yt Master Tests-3] INFO  verifyingSideMenuCollapsedLangAsInSettings_16-37-01 - [verifyingSideMenuCollapsedLangAsInSettings_16-37-01] Trying to find element: By.xpath: (//div[@id='content-icon'])[2]
16:37:53 [TestNG-test-Yt Master Tests-3] INFO  verifyingSideMenuCollapsedLangAsInSettings_16-37-01 - [verifyingSideMenuCollapsedLangAsInSettings_16-37-01] Element found and ready (attempt 1): By.xpath: (//div[@id='content-icon'])[2]
16:37:53 [TestNG-test-Yt Master Tests-3] INFO  verifyingSideMenuCollapsedLangAsInSettings_16-37-01 - Looking for language element with name: Dansk
16:37:53 [TestNG-test-Yt Master Tests-3] INFO  verifyingSideMenuCollapsedLangAsInSettings_16-37-01 - [verifyingSideMenuCollapsedLangAsInSettings_16-37-01] Trying to find element: By.xpath: //yt-multi-page-menu-section-renderer[@class='style-scope ytd-multi-page-menu-renderer']//yt-formatted-string[@id='label' and text()='Dansk']
16:37:53 [TestNG-test-Yt Master Tests-3] INFO  verifyingSideMenuCollapsedLangAsInSettings_16-37-01 - [verifyingSideMenuCollapsedLangAsInSettings_16-37-01] Element found and ready (attempt 1): By.xpath: //yt-multi-page-menu-section-renderer[@class='style-scope ytd-multi-page-menu-renderer']//yt-formatted-string[@id='label' and text()='Dansk']
16:37:53 [TestNG-test-Yt Master Tests-3] INFO  verifyingSideMenuCollapsedLangAsInSettings_16-37-01 - [verifyingSideMenuCollapsedLangAsInSettings_16-37-01] Trying to find element: By.xpath: //yt-multi-page-menu-section-renderer[@class='style-scope ytd-multi-page-menu-renderer']//yt-formatted-string[@id='label' and text()='Dansk']
16:37:54 [TestNG-test-Yt Master Tests-3] INFO  verifyingSideMenuCollapsedLangAsInSettings_16-37-01 - [verifyingSideMenuCollapsedLangAsInSettings_16-37-01] Element found and ready (attempt 1): By.xpath: //yt-multi-page-menu-section-renderer[@class='style-scope ytd-multi-page-menu-renderer']//yt-formatted-string[@id='label' and text()='Dansk']
16:37:56 [TestNG-test-Yt Master Tests-3] INFO  verifyingSideMenuCollapsedLangAsInSettings_16-37-01 - Clicking settings ellipses button...
16:37:57 [TestNG-test-Yt Master Tests-3] INFO  verifyingSideMenuCollapsedLangAsInSettings_16-37-01 - [verifyingSideMenuCollapsedLangAsInSettings_16-37-01] Trying to find element: By.xpath: //ytd-topbar-menu-button-renderer[@class='style-scope ytd-masthead style-default']
16:37:57 [TestNG-test-Yt Master Tests-3] INFO  verifyingSideMenuCollapsedLangAsInSettings_16-37-01 - [verifyingSideMenuCollapsedLangAsInSettings_16-37-01] Element found and ready (attempt 1): By.xpath: //ytd-topbar-menu-button-renderer[@class='style-scope ytd-masthead style-default']
16:37:57 [TestNG-test-Yt Master Tests-3] INFO  verifyingSideMenuCollapsedLangAsInSettings_16-37-01 - [verifyingSideMenuCollapsedLangAsInSettings_16-37-01] Waiting until element is visible in viewport
16:37:58 [TestNG-test-Yt Master Tests-3] INFO  verifyingSideMenuCollapsedLangAsInSettings_16-37-01 - Clicking settings ellipses button...
16:37:58 [TestNG-test-Yt Master Tests-3] INFO  verifyingSideMenuCollapsedLangAsInSettings_16-37-01 - [verifyingSideMenuCollapsedLangAsInSettings_16-37-01] Trying to find element: By.xpath: //ytd-topbar-menu-button-renderer[@class='style-scope ytd-masthead style-default']
16:37:58 [TestNG-test-Yt Master Tests-3] INFO  verifyingSideMenuCollapsedLangAsInSettings_16-37-01 - [verifyingSideMenuCollapsedLangAsInSettings_16-37-01] Element found and ready (attempt 1): By.xpath: //ytd-topbar-menu-button-renderer[@class='style-scope ytd-masthead style-default']
16:37:58 [TestNG-test-Yt Master Tests-3] INFO  verifyingSideMenuCollapsedLangAsInSettings_16-37-01 - getLangAttribute() - locating <html> and reading lang property
16:37:59 [TestNG-test-Yt Master Tests-3] INFO  verifyingSideMenuCollapsedLangAsInSettings_16-37-01 - Language attribute read: da-DK
16:37:59 [TestNG-test-Yt Master Tests-3] INFO  verifyingSideMenuCollapsedLangAsInSettings_16-37-01 - Fetching the side menu in collapsed view
16:37:59 [TestNG-test-Yt Master Tests-3] INFO  verifyingSideMenuCollapsedLangAsInSettings_16-37-01 - [verifyingSideMenuCollapsedLangAsInSettings_16-37-01] Finding elements list: By.xpath: //ytd-mini-guide-renderer[@class='style-scope ytd-app']//ytd-mini-guide-entry-renderer
16:37:59 [TestNG-test-Yt Master Tests-3] INFO  verifyingSideMenuCollapsedLangAsInSettings_16-37-01 - [verifyingSideMenuCollapsedLangAsInSettings_16-37-01] Found 4 ready elements (attempt 1): By.xpath: //ytd-mini-guide-renderer[@class='style-scope ytd-app']//ytd-mini-guide-entry-renderer
16:37:59 [TestNG-test-Yt Master Tests-3] INFO  verifyingSideMenuCollapsedLangAsInSettings_16-37-01 - Clicking settings ellipses button...
16:37:59 [TestNG-test-Yt Master Tests-3] INFO  verifyingSideMenuCollapsedLangAsInSettings_16-37-01 - [verifyingSideMenuCollapsedLangAsInSettings_16-37-01] Trying to find element: By.xpath: //ytd-topbar-menu-button-renderer[@class='style-scope ytd-masthead style-default']
16:37:59 [TestNG-test-Yt Master Tests-3] INFO  verifyingSideMenuCollapsedLangAsInSettings_16-37-01 - [verifyingSideMenuCollapsedLangAsInSettings_16-37-01] Element found and ready (attempt 1): By.xpath: //ytd-topbar-menu-button-renderer[@class='style-scope ytd-masthead style-default']
16:37:59 [TestNG-test-Yt Master Tests-3] INFO  verifyingSideMenuCollapsedLangAsInSettings_16-37-01 - Clicking language dropdown...
16:37:59 [TestNG-test-Yt Master Tests-3] INFO  verifyingSideMenuCollapsedLangAsInSettings_16-37-01 - [verifyingSideMenuCollapsedLangAsInSettings_16-37-01] Trying to find element: By.xpath: (//div[@id='content-icon'])[2]
16:38:00 [TestNG-test-Yt Master Tests-3] INFO  verifyingSideMenuCollapsedLangAsInSettings_16-37-01 - [verifyingSideMenuCollapsedLangAsInSettings_16-37-01] Element found and ready (attempt 1): By.xpath: (//div[@id='content-icon'])[2]
16:38:01 [TestNG-test-Yt Master Tests-3] INFO  verifyingSideMenuCollapsedLangAsInSettings_16-37-01 - Looking for language element with name: Deutsch
16:38:01 [TestNG-test-Yt Master Tests-3] INFO  verifyingSideMenuCollapsedLangAsInSettings_16-37-01 - [verifyingSideMenuCollapsedLangAsInSettings_16-37-01] Trying to find element: By.xpath: //yt-multi-page-menu-section-renderer[@class='style-scope ytd-multi-page-menu-renderer']//yt-formatted-string[@id='label' and text()='Deutsch']
16:38:01 [TestNG-test-Yt Master Tests-3] INFO  verifyingSideMenuCollapsedLangAsInSettings_16-37-01 - [verifyingSideMenuCollapsedLangAsInSettings_16-37-01] Element found and ready (attempt 1): By.xpath: //yt-multi-page-menu-section-renderer[@class='style-scope ytd-multi-page-menu-renderer']//yt-formatted-string[@id='label' and text()='Deutsch']
16:38:01 [TestNG-test-Yt Master Tests-3] INFO  verifyingSideMenuCollapsedLangAsInSettings_16-37-01 - [verifyingSideMenuCollapsedLangAsInSettings_16-37-01] Trying to find element: By.xpath: //yt-multi-page-menu-section-renderer[@class='style-scope ytd-multi-page-menu-renderer']//yt-formatted-string[@id='label' and text()='Deutsch']
16:38:01 [TestNG-test-Yt Master Tests-3] INFO  verifyingSideMenuCollapsedLangAsInSettings_16-37-01 - [verifyingSideMenuCollapsedLangAsInSettings_16-37-01] Element found and ready (attempt 1): By.xpath: //yt-multi-page-menu-section-renderer[@class='style-scope ytd-multi-page-menu-renderer']//yt-formatted-string[@id='label' and text()='Deutsch']
16:38:04 [TestNG-test-Yt Master Tests-3] INFO  verifyingSideMenuCollapsedLangAsInSettings_16-37-01 - Clicking settings ellipses button...
16:38:04 [TestNG-test-Yt Master Tests-3] INFO  verifyingSideMenuCollapsedLangAsInSettings_16-37-01 - [verifyingSideMenuCollapsedLangAsInSettings_16-37-01] Trying to find element: By.xpath: //ytd-topbar-menu-button-renderer[@class='style-scope ytd-masthead style-default']
16:38:04 [TestNG-test-Yt Master Tests-3] INFO  verifyingSideMenuCollapsedLangAsInSettings_16-37-01 - [verifyingSideMenuCollapsedLangAsInSettings_16-37-01] Element found and ready (attempt 1): By.xpath: //ytd-topbar-menu-button-renderer[@class='style-scope ytd-masthead style-default']
16:38:04 [TestNG-test-Yt Master Tests-3] INFO  verifyingSideMenuCollapsedLangAsInSettings_16-37-01 - [verifyingSideMenuCollapsedLangAsInSettings_16-37-01] Waiting until element is visible in viewport
16:38:05 [TestNG-test-Yt Master Tests-3] INFO  verifyingSideMenuCollapsedLangAsInSettings_16-37-01 - Clicking settings ellipses button...
16:38:05 [TestNG-test-Yt Master Tests-3] INFO  verifyingSideMenuCollapsedLangAsInSettings_16-37-01 - [verifyingSideMenuCollapsedLangAsInSettings_16-37-01] Trying to find element: By.xpath: //ytd-topbar-menu-button-renderer[@class='style-scope ytd-masthead style-default']
16:38:05 [TestNG-test-Yt Master Tests-3] INFO  verifyingSideMenuCollapsedLangAsInSettings_16-37-01 - [verifyingSideMenuCollapsedLangAsInSettings_16-37-01] Element found and ready (attempt 1): By.xpath: //ytd-topbar-menu-button-renderer[@class='style-scope ytd-masthead style-default']
16:38:06 [TestNG-test-Yt Master Tests-3] INFO  verifyingSideMenuCollapsedLangAsInSettings_16-37-01 - getLangAttribute() - locating <html> and reading lang property
16:38:06 [TestNG-test-Yt Master Tests-3] INFO  verifyingSideMenuCollapsedLangAsInSettings_16-37-01 - Language attribute read: de-DE
16:38:06 [TestNG-test-Yt Master Tests-3] INFO  verifyingSideMenuCollapsedLangAsInSettings_16-37-01 - Fetching the side menu in collapsed view
16:38:06 [TestNG-test-Yt Master Tests-3] INFO  verifyingSideMenuCollapsedLangAsInSettings_16-37-01 - [verifyingSideMenuCollapsedLangAsInSettings_16-37-01] Finding elements list: By.xpath: //ytd-mini-guide-renderer[@class='style-scope ytd-app']//ytd-mini-guide-entry-renderer
16:38:06 [TestNG-test-Yt Master Tests-3] INFO  verifyingSideMenuCollapsedLangAsInSettings_16-37-01 - [verifyingSideMenuCollapsedLangAsInSettings_16-37-01] Found 4 ready elements (attempt 1): By.xpath: //ytd-mini-guide-renderer[@class='style-scope ytd-app']//ytd-mini-guide-entry-renderer
16:38:07 [TestNG-test-Yt Master Tests-3] INFO  verifyingSideMenuCollapsedLangAsInSettings_16-37-01 - Clicking settings ellipses button...
16:38:07 [TestNG-test-Yt Master Tests-3] INFO  verifyingSideMenuCollapsedLangAsInSettings_16-37-01 - [verifyingSideMenuCollapsedLangAsInSettings_16-37-01] Trying to find element: By.xpath: //ytd-topbar-menu-button-renderer[@class='style-scope ytd-masthead style-default']
16:38:07 [TestNG-test-Yt Master Tests-3] INFO  verifyingSideMenuCollapsedLangAsInSettings_16-37-01 - [verifyingSideMenuCollapsedLangAsInSettings_16-37-01] Element found and ready (attempt 1): By.xpath: //ytd-topbar-menu-button-renderer[@class='style-scope ytd-masthead style-default']
16:38:07 [TestNG-test-Yt Master Tests-3] INFO  verifyingSideMenuCollapsedLangAsInSettings_16-37-01 - Clicking language dropdown...
16:38:07 [TestNG-test-Yt Master Tests-3] INFO  verifyingSideMenuCollapsedLangAsInSettings_16-37-01 - [verifyingSideMenuCollapsedLangAsInSettings_16-37-01] Trying to find element: By.xpath: (//div[@id='content-icon'])[2]
16:38:08 [TestNG-test-Yt Master Tests-3] INFO  verifyingSideMenuCollapsedLangAsInSettings_16-37-01 - [verifyingSideMenuCollapsedLangAsInSettings_16-37-01] Element found and ready (attempt 1): By.xpath: (//div[@id='content-icon'])[2]
16:38:09 [TestNG-test-Yt Master Tests-3] INFO  verifyingSideMenuCollapsedLangAsInSettings_16-37-01 - Looking for language element with name: Eesti
16:38:09 [TestNG-test-Yt Master Tests-3] INFO  verifyingSideMenuCollapsedLangAsInSettings_16-37-01 - [verifyingSideMenuCollapsedLangAsInSettings_16-37-01] Trying to find element: By.xpath: //yt-multi-page-menu-section-renderer[@class='style-scope ytd-multi-page-menu-renderer']//yt-formatted-string[@id='label' and text()='Eesti']
16:38:09 [TestNG-test-Yt Master Tests-3] INFO  verifyingSideMenuCollapsedLangAsInSettings_16-37-01 - [verifyingSideMenuCollapsedLangAsInSettings_16-37-01] Element found and ready (attempt 1): By.xpath: //yt-multi-page-menu-section-renderer[@class='style-scope ytd-multi-page-menu-renderer']//yt-formatted-string[@id='label' and text()='Eesti']
16:38:09 [TestNG-test-Yt Master Tests-3] INFO  verifyingSideMenuCollapsedLangAsInSettings_16-37-01 - [verifyingSideMenuCollapsedLangAsInSettings_16-37-01] Trying to find element: By.xpath: //yt-multi-page-menu-section-renderer[@class='style-scope ytd-multi-page-menu-renderer']//yt-formatted-string[@id='label' and text()='Eesti']
16:38:10 [TestNG-test-Yt Master Tests-3] INFO  verifyingSideMenuCollapsedLangAsInSettings_16-37-01 - [verifyingSideMenuCollapsedLangAsInSettings_16-37-01] Element found and ready (attempt 1): By.xpath: //yt-multi-page-menu-section-renderer[@class='style-scope ytd-multi-page-menu-renderer']//yt-formatted-string[@id='label' and text()='Eesti']
16:38:12 [TestNG-test-Yt Master Tests-3] INFO  verifyingSideMenuCollapsedLangAsInSettings_16-37-01 - Clicking settings ellipses button...
16:38:12 [TestNG-test-Yt Master Tests-3] INFO  verifyingSideMenuCollapsedLangAsInSettings_16-37-01 - [verifyingSideMenuCollapsedLangAsInSettings_16-37-01] Trying to find element: By.xpath: //ytd-topbar-menu-button-renderer[@class='style-scope ytd-masthead style-default']
16:38:12 [TestNG-test-Yt Master Tests-3] INFO  verifyingSideMenuCollapsedLangAsInSettings_16-37-01 - [verifyingSideMenuCollapsedLangAsInSettings_16-37-01] Element found and ready (attempt 1): By.xpath: //ytd-topbar-menu-button-renderer[@class='style-scope ytd-masthead style-default']
16:38:13 [TestNG-test-Yt Master Tests-3] INFO  verifyingSideMenuCollapsedLangAsInSettings_16-37-01 - [verifyingSideMenuCollapsedLangAsInSettings_16-37-01] Waiting until element is visible in viewport
16:38:14 [TestNG-test-Yt Master Tests-3] INFO  verifyingSideMenuCollapsedLangAsInSettings_16-37-01 - Clicking settings ellipses button...
16:38:14 [TestNG-test-Yt Master Tests-3] INFO  verifyingSideMenuCollapsedLangAsInSettings_16-37-01 - [verifyingSideMenuCollapsedLangAsInSettings_16-37-01] Trying to find element: By.xpath: //ytd-topbar-menu-button-renderer[@class='style-scope ytd-masthead style-default']
16:38:14 [TestNG-test-Yt Master Tests-3] INFO  verifyingSideMenuCollapsedLangAsInSettings_16-37-01 - [verifyingSideMenuCollapsedLangAsInSettings_16-37-01] Element found and ready (attempt 1): By.xpath: //ytd-topbar-menu-button-renderer[@class='style-scope ytd-masthead style-default']
16:38:14 [TestNG-test-Yt Master Tests-3] INFO  verifyingSideMenuCollapsedLangAsInSettings_16-37-01 - getLangAttribute() - locating <html> and reading lang property
16:38:14 [TestNG-test-Yt Master Tests-3] INFO  verifyingSideMenuCollapsedLangAsInSettings_16-37-01 - Language attribute read: et-EE
16:38:14 [TestNG-test-Yt Master Tests-3] INFO  verifyingSideMenuCollapsedLangAsInSettings_16-37-01 - Fetching the side menu in collapsed view
16:38:14 [TestNG-test-Yt Master Tests-3] INFO  verifyingSideMenuCollapsedLangAsInSettings_16-37-01 - [verifyingSideMenuCollapsedLangAsInSettings_16-37-01] Finding elements list: By.xpath: //ytd-mini-guide-renderer[@class='style-scope ytd-app']//ytd-mini-guide-entry-renderer
16:38:15 [TestNG-test-Yt Master Tests-3] INFO  verifyingSideMenuCollapsedLangAsInSettings_16-37-01 - [verifyingSideMenuCollapsedLangAsInSettings_16-37-01] Found 4 ready elements (attempt 1): By.xpath: //ytd-mini-guide-renderer[@class='style-scope ytd-app']//ytd-mini-guide-entry-renderer
16:38:15 [TestNG-test-Yt Master Tests-3] INFO  verifyingSideMenuCollapsedLangAsInSettings_16-37-01 - Clicking settings ellipses button...
16:38:15 [TestNG-test-Yt Master Tests-3] INFO  verifyingSideMenuCollapsedLangAsInSettings_16-37-01 - [verifyingSideMenuCollapsedLangAsInSettings_16-37-01] Trying to find element: By.xpath: //ytd-topbar-menu-button-renderer[@class='style-scope ytd-masthead style-default']
16:38:15 [TestNG-test-Yt Master Tests-3] INFO  verifyingSideMenuCollapsedLangAsInSettings_16-37-01 - [verifyingSideMenuCollapsedLangAsInSettings_16-37-01] Element found and ready (attempt 1): By.xpath: //ytd-topbar-menu-button-renderer[@class='style-scope ytd-masthead style-default']
16:38:15 [TestNG-test-Yt Master Tests-3] INFO  verifyingSideMenuCollapsedLangAsInSettings_16-37-01 - Clicking language dropdown...
16:38:15 [TestNG-test-Yt Master Tests-3] INFO  verifyingSideMenuCollapsedLangAsInSettings_16-37-01 - [verifyingSideMenuCollapsedLangAsInSettings_16-37-01] Trying to find element: By.xpath: (//div[@id='content-icon'])[2]
16:38:16 [TestNG-test-Yt Master Tests-3] INFO  verifyingSideMenuCollapsedLangAsInSettings_16-37-01 - [verifyingSideMenuCollapsedLangAsInSettings_16-37-01] Element found and ready (attempt 1): By.xpath: (//div[@id='content-icon'])[2]
16:38:17 [TestNG-test-Yt Master Tests-3] INFO  verifyingSideMenuCollapsedLangAsInSettings_16-37-01 - Looking for language element with name: English (India)
16:38:17 [TestNG-test-Yt Master Tests-3] INFO  verifyingSideMenuCollapsedLangAsInSettings_16-37-01 - [verifyingSideMenuCollapsedLangAsInSettings_16-37-01] Trying to find element: By.xpath: //yt-multi-page-menu-section-renderer[@class='style-scope ytd-multi-page-menu-renderer']//yt-formatted-string[@id='label' and text()='English (India)']
16:38:17 [TestNG-test-Yt Master Tests-3] INFO  verifyingSideMenuCollapsedLangAsInSettings_16-37-01 - [verifyingSideMenuCollapsedLangAsInSettings_16-37-01] Element found and ready (attempt 1): By.xpath: //yt-multi-page-menu-section-renderer[@class='style-scope ytd-multi-page-menu-renderer']//yt-formatted-string[@id='label' and text()='English (India)']
16:38:17 [TestNG-test-Yt Master Tests-3] INFO  verifyingSideMenuCollapsedLangAsInSettings_16-37-01 - [verifyingSideMenuCollapsedLangAsInSettings_16-37-01] Trying to find element: By.xpath: //yt-multi-page-menu-section-renderer[@class='style-scope ytd-multi-page-menu-renderer']//yt-formatted-string[@id='label' and text()='English (India)']
16:38:17 [TestNG-test-Yt Master Tests-3] INFO  verifyingSideMenuCollapsedLangAsInSettings_16-37-01 - [verifyingSideMenuCollapsedLangAsInSettings_16-37-01] Element found and ready (attempt 1): By.xpath: //yt-multi-page-menu-section-renderer[@class='style-scope ytd-multi-page-menu-renderer']//yt-formatted-string[@id='label' and text()='English (India)']
16:38:20 [TestNG-test-Yt Master Tests-3] INFO  verifyingSideMenuCollapsedLangAsInSettings_16-37-01 - Clicking settings ellipses button...
16:38:20 [TestNG-test-Yt Master Tests-3] INFO  verifyingSideMenuCollapsedLangAsInSettings_16-37-01 - [verifyingSideMenuCollapsedLangAsInSettings_16-37-01] Trying to find element: By.xpath: //ytd-topbar-menu-button-renderer[@class='style-scope ytd-masthead style-default']
16:38:20 [TestNG-test-Yt Master Tests-3] INFO  verifyingSideMenuCollapsedLangAsInSettings_16-37-01 - [verifyingSideMenuCollapsedLangAsInSettings_16-37-01] Element found and ready (attempt 1): By.xpath: //ytd-topbar-menu-button-renderer[@class='style-scope ytd-masthead style-default']
16:38:21 [TestNG-test-Yt Master Tests-3] INFO  verifyingSideMenuCollapsedLangAsInSettings_16-37-01 - [verifyingSideMenuCollapsedLangAsInSettings_16-37-01] Waiting until element is visible in viewport
16:38:22 [TestNG-test-Yt Master Tests-3] INFO  verifyingSideMenuCollapsedLangAsInSettings_16-37-01 - Clicking settings ellipses button...
16:38:22 [TestNG-test-Yt Master Tests-3] INFO  verifyingSideMenuCollapsedLangAsInSettings_16-37-01 - [verifyingSideMenuCollapsedLangAsInSettings_16-37-01] Trying to find element: By.xpath: //ytd-topbar-menu-button-renderer[@class='style-scope ytd-masthead style-default']
16:38:23 [TestNG-test-Yt Master Tests-3] INFO  verifyingSideMenuCollapsedLangAsInSettings_16-37-01 - [verifyingSideMenuCollapsedLangAsInSettings_16-37-01] Element found and ready (attempt 1): By.xpath: //ytd-topbar-menu-button-renderer[@class='style-scope ytd-masthead style-default']
16:38:23 [TestNG-test-Yt Master Tests-3] INFO  verifyingSideMenuCollapsedLangAsInSettings_16-37-01 - getLangAttribute() - locating <html> and reading lang property
16:38:23 [TestNG-test-Yt Master Tests-3] INFO  verifyingSideMenuCollapsedLangAsInSettings_16-37-01 - Language attribute read: en-IN
16:38:23 [TestNG-test-Yt Master Tests-3] INFO  verifyingSideMenuCollapsedLangAsInSettings_16-37-01 - Fetching the side menu in collapsed view
16:38:23 [TestNG-test-Yt Master Tests-3] INFO  verifyingSideMenuCollapsedLangAsInSettings_16-37-01 - [verifyingSideMenuCollapsedLangAsInSettings_16-37-01] Finding elements list: By.xpath: //ytd-mini-guide-renderer[@class='style-scope ytd-app']//ytd-mini-guide-entry-renderer
16:38:23 [TestNG-test-Yt Master Tests-3] INFO  verifyingSideMenuCollapsedLangAsInSettings_16-37-01 - [verifyingSideMenuCollapsedLangAsInSettings_16-37-01] Found 4 ready elements (attempt 1): By.xpath: //ytd-mini-guide-renderer[@class='style-scope ytd-app']//ytd-mini-guide-entry-renderer
16:38:24 [TestNG-test-Yt Master Tests-3] INFO  verifyingSideMenuCollapsedLangAsInSettings_16-37-01 - Clicking settings ellipses button...
16:38:24 [TestNG-test-Yt Master Tests-3] INFO  verifyingSideMenuCollapsedLangAsInSettings_16-37-01 - [verifyingSideMenuCollapsedLangAsInSettings_16-37-01] Trying to find element: By.xpath: //ytd-topbar-menu-button-renderer[@class='style-scope ytd-masthead style-default']
16:38:24 [TestNG-test-Yt Master Tests-3] INFO  verifyingSideMenuCollapsedLangAsInSettings_16-37-01 - [verifyingSideMenuCollapsedLangAsInSettings_16-37-01] Element found and ready (attempt 1): By.xpath: //ytd-topbar-menu-button-renderer[@class='style-scope ytd-masthead style-default']
16:38:24 [TestNG-test-Yt Master Tests-3] INFO  verifyingSideMenuCollapsedLangAsInSettings_16-37-01 - Clicking language dropdown...
16:38:24 [TestNG-test-Yt Master Tests-3] INFO  verifyingSideMenuCollapsedLangAsInSettings_16-37-01 - [verifyingSideMenuCollapsedLangAsInSettings_16-37-01] Trying to find element: By.xpath: (//div[@id='content-icon'])[2]
16:38:25 [TestNG-test-Yt Master Tests-3] INFO  verifyingSideMenuCollapsedLangAsInSettings_16-37-01 - [verifyingSideMenuCollapsedLangAsInSettings_16-37-01] Element found and ready (attempt 1): By.xpath: (//div[@id='content-icon'])[2]
16:38:26 [TestNG-test-Yt Master Tests-3] INFO  verifyingSideMenuCollapsedLangAsInSettings_16-37-01 - [verifyingSideMenuCollapsedLangAsInSettings_16-37-01] Not retrying test 'verifyingSideMenuCollapsedLangAsInSettings'. Retry count: 0, Cause: The following asserts failed:
	Mismatch in the Actual and Expected data for language=Català expected [Inici YouTube Shorts Subscripcions Tu] but found [Inici Shorts Subscripcions Tu]
