17:53:01 [TestNG-test-Yt Master Tests-2] INFO  verifyingSideMenuCollapsedLangAsInSettings_17-53-01 - No existing WebDriver found for current thread. Initializing a new ChromeDriver...
17:53:01 [TestNG-test-Yt Master Tests-2] INFO  verifyingSideMenuCollapsedLangAsInSettings_17-53-01 - WebDriverManager: chromedriver setup OK
17:53:04 [TestNG-test-Yt Master Tests-2] INFO  verifyingSideMenuCollapsedLangAsInSettings_17-53-01 - ChromeDriver initialized successfully for thread: 35
17:53:04 [TestNG-test-Yt Master Tests-2] INFO  verifyingSideMenuCollapsedLangAsInSettings_17-53-01 - SafeActions initialized with driver ChromeDriver: chrome on windows (e3280fbc12f75145b7eee37c59ff89c5)
17:53:04 [TestNG-test-Yt Master Tests-2] INFO  verifyingSideMenuCollapsedLangAsInSettings_17-53-01 - Initialized YtLandingPage with driver: ChromeDriver: chrome on windows (e3280fbc12f75145b7eee37c59ff89c5)
17:53:04 [TestNG-test-Yt Master Tests-2] INFO  verifyingSideMenuCollapsedLangAsInSettings_17-53-01 - SafeActions initialized with driver ChromeDriver: chrome on windows (e3280fbc12f75145b7eee37c59ff89c5)
17:53:20 [TestNG-test-Yt Master Tests-2] INFO  verifyingSideMenuCollapsedLangAsInSettings_17-53-01 - Opened YouTube landing page.
17:53:20 [TestNG-test-Yt Master Tests-2] INFO  verifyingSideMenuCollapsedLangAsInSettings_17-53-01 - Clicking left ellipses in the landing page
17:53:20 [TestNG-test-Yt Master Tests-2] INFO  verifyingSideMenuCollapsedLangAsInSettings_17-53-01 - [verifyingSideMenuCollapsedLangAsInSettings_17-53-01] Trying to find element: By.xpath: //ytd-topbar-logo-renderer[@id='logo']/preceding-sibling::*[@id='guide-button']
17:53:20 [TestNG-test-Yt Master Tests-2] INFO  verifyingSideMenuCollapsedLangAsInSettings_17-53-01 - [verifyingSideMenuCollapsedLangAsInSettings_17-53-01] Element found and ready (attempt 1): By.xpath: //ytd-topbar-logo-renderer[@id='logo']/preceding-sibling::*[@id='guide-button']
17:53:20 [TestNG-test-Yt Master Tests-2] INFO  verifyingSideMenuCollapsedLangAsInSettings_17-53-01 - Clicking settings ellipses button...
17:53:21 [TestNG-test-Yt Master Tests-2] INFO  verifyingSideMenuCollapsedLangAsInSettings_17-53-01 - [verifyingSideMenuCollapsedLangAsInSettings_17-53-01] Trying to find element: By.xpath: //ytd-topbar-menu-button-renderer[@class='style-scope ytd-masthead style-default']
17:53:21 [TestNG-test-Yt Master Tests-2] INFO  verifyingSideMenuCollapsedLangAsInSettings_17-53-01 - [verifyingSideMenuCollapsedLangAsInSettings_17-53-01] Element found and ready (attempt 1): By.xpath: //ytd-topbar-menu-button-renderer[@class='style-scope ytd-masthead style-default']
17:53:22 [TestNG-test-Yt Master Tests-2] INFO  verifyingSideMenuCollapsedLangAsInSettings_17-53-01 - Clicking language dropdown...
17:53:22 [TestNG-test-Yt Master Tests-2] INFO  verifyingSideMenuCollapsedLangAsInSettings_17-53-01 - [verifyingSideMenuCollapsedLangAsInSettings_17-53-01] Trying to find element: By.xpath: (//div[@id='content-icon'])[2]
17:53:22 [TestNG-test-Yt Master Tests-2] INFO  verifyingSideMenuCollapsedLangAsInSettings_17-53-01 - [verifyingSideMenuCollapsedLangAsInSettings_17-53-01] Element found and ready (attempt 1): By.xpath: (//div[@id='content-icon'])[2]
17:53:23 [TestNG-test-Yt Master Tests-2] INFO  verifyingSideMenuCollapsedLangAsInSettings_17-53-01 - [verifyingSideMenuCollapsedLangAsInSettings_17-53-01] Execution is Not CRON Job Hence refering to normal keys from UtilData
17:53:23 [TestNG-test-Yt Master Tests-2] INFO  verifyingSideMenuCollapsedLangAsInSettings_17-53-01 - Looking for language element with name: Afrikaans
17:53:23 [TestNG-test-Yt Master Tests-2] INFO  verifyingSideMenuCollapsedLangAsInSettings_17-53-01 - [verifyingSideMenuCollapsedLangAsInSettings_17-53-01] Trying to find element: By.xpath: //yt-multi-page-menu-section-renderer[@class='style-scope ytd-multi-page-menu-renderer']//yt-formatted-string[@id='label' and text()='Afrikaans']
17:53:23 [TestNG-test-Yt Master Tests-2] INFO  verifyingSideMenuCollapsedLangAsInSettings_17-53-01 - [verifyingSideMenuCollapsedLangAsInSettings_17-53-01] Element found and ready (attempt 1): By.xpath: //yt-multi-page-menu-section-renderer[@class='style-scope ytd-multi-page-menu-renderer']//yt-formatted-string[@id='label' and text()='Afrikaans']
17:53:23 [TestNG-test-Yt Master Tests-2] INFO  verifyingSideMenuCollapsedLangAsInSettings_17-53-01 - [verifyingSideMenuCollapsedLangAsInSettings_17-53-01] Trying to find element: By.xpath: //yt-multi-page-menu-section-renderer[@class='style-scope ytd-multi-page-menu-renderer']//yt-formatted-string[@id='label' and text()='Afrikaans']
17:53:23 [TestNG-test-Yt Master Tests-2] INFO  verifyingSideMenuCollapsedLangAsInSettings_17-53-01 - [verifyingSideMenuCollapsedLangAsInSettings_17-53-01] Element found and ready (attempt 1): By.xpath: //yt-multi-page-menu-section-renderer[@class='style-scope ytd-multi-page-menu-renderer']//yt-formatted-string[@id='label' and text()='Afrikaans']
17:53:27 [TestNG-test-Yt Master Tests-2] INFO  verifyingSideMenuCollapsedLangAsInSettings_17-53-01 - Clicking settings ellipses button...
17:53:27 [TestNG-test-Yt Master Tests-2] INFO  verifyingSideMenuCollapsedLangAsInSettings_17-53-01 - [verifyingSideMenuCollapsedLangAsInSettings_17-53-01] Trying to find element: By.xpath: //ytd-topbar-menu-button-renderer[@class='style-scope ytd-masthead style-default']
17:53:28 [TestNG-test-Yt Master Tests-2] INFO  verifyingSideMenuCollapsedLangAsInSettings_17-53-01 - [verifyingSideMenuCollapsedLangAsInSettings_17-53-01] Element found and ready (attempt 1): By.xpath: //ytd-topbar-menu-button-renderer[@class='style-scope ytd-masthead style-default']
17:53:28 [TestNG-test-Yt Master Tests-2] INFO  verifyingSideMenuCollapsedLangAsInSettings_17-53-01 - [verifyingSideMenuCollapsedLangAsInSettings_17-53-01] Waiting until element is visible in viewport
17:53:29 [TestNG-test-Yt Master Tests-2] INFO  verifyingSideMenuCollapsedLangAsInSettings_17-53-01 - Clicking settings ellipses button...
17:53:29 [TestNG-test-Yt Master Tests-2] INFO  verifyingSideMenuCollapsedLangAsInSettings_17-53-01 - [verifyingSideMenuCollapsedLangAsInSettings_17-53-01] Trying to find element: By.xpath: //ytd-topbar-menu-button-renderer[@class='style-scope ytd-masthead style-default']
17:53:29 [TestNG-test-Yt Master Tests-2] INFO  verifyingSideMenuCollapsedLangAsInSettings_17-53-01 - [verifyingSideMenuCollapsedLangAsInSettings_17-53-01] Element found and ready (attempt 1): By.xpath: //ytd-topbar-menu-button-renderer[@class='style-scope ytd-masthead style-default']
17:53:30 [TestNG-test-Yt Master Tests-2] INFO  verifyingSideMenuCollapsedLangAsInSettings_17-53-01 - getLangAttribute() - locating <html> and reading lang property
17:53:30 [TestNG-test-Yt Master Tests-2] INFO  verifyingSideMenuCollapsedLangAsInSettings_17-53-01 - Language attribute read: af-ZA
17:53:30 [TestNG-test-Yt Master Tests-2] INFO  verifyingSideMenuCollapsedLangAsInSettings_17-53-01 - Fetching the side menu in collapsed view
17:53:30 [TestNG-test-Yt Master Tests-2] INFO  verifyingSideMenuCollapsedLangAsInSettings_17-53-01 - [verifyingSideMenuCollapsedLangAsInSettings_17-53-01] Finding elements list: By.xpath: //ytd-mini-guide-renderer[@class='style-scope ytd-app']//ytd-mini-guide-entry-renderer
17:53:30 [TestNG-test-Yt Master Tests-2] INFO  verifyingSideMenuCollapsedLangAsInSettings_17-53-01 - [verifyingSideMenuCollapsedLangAsInSettings_17-53-01] Found 4 ready elements (attempt 1): By.xpath: //ytd-mini-guide-renderer[@class='style-scope ytd-app']//ytd-mini-guide-entry-renderer
17:53:30 [TestNG-test-Yt Master Tests-2] INFO  verifyingSideMenuCollapsedLangAsInSettings_17-53-01 - Clicking settings ellipses button...
17:53:30 [TestNG-test-Yt Master Tests-2] INFO  verifyingSideMenuCollapsedLangAsInSettings_17-53-01 - [verifyingSideMenuCollapsedLangAsInSettings_17-53-01] Trying to find element: By.xpath: //ytd-topbar-menu-button-renderer[@class='style-scope ytd-masthead style-default']
17:53:33 [TestNG-test-Yt Master Tests-2] INFO  verifyingSideMenuCollapsedLangAsInSettings_17-53-01 - [verifyingSideMenuCollapsedLangAsInSettings_17-53-01] Element found and ready (attempt 1): By.xpath: //ytd-topbar-menu-button-renderer[@class='style-scope ytd-masthead style-default']
17:53:33 [TestNG-test-Yt Master Tests-2] INFO  verifyingSideMenuCollapsedLangAsInSettings_17-53-01 - Clicking language dropdown...
17:53:33 [TestNG-test-Yt Master Tests-2] INFO  verifyingSideMenuCollapsedLangAsInSettings_17-53-01 - [verifyingSideMenuCollapsedLangAsInSettings_17-53-01] Trying to find element: By.xpath: (//div[@id='content-icon'])[2]
17:53:34 [TestNG-test-Yt Master Tests-2] INFO  verifyingSideMenuCollapsedLangAsInSettings_17-53-01 - [verifyingSideMenuCollapsedLangAsInSettings_17-53-01] Element found and ready (attempt 1): By.xpath: (//div[@id='content-icon'])[2]
17:53:34 [TestNG-test-Yt Master Tests-2] INFO  verifyingSideMenuCollapsedLangAsInSettings_17-53-01 - Looking for language element with name: Azərbaycan
17:53:34 [TestNG-test-Yt Master Tests-2] INFO  verifyingSideMenuCollapsedLangAsInSettings_17-53-01 - [verifyingSideMenuCollapsedLangAsInSettings_17-53-01] Trying to find element: By.xpath: //yt-multi-page-menu-section-renderer[@class='style-scope ytd-multi-page-menu-renderer']//yt-formatted-string[@id='label' and text()='Azərbaycan']
17:53:35 [TestNG-test-Yt Master Tests-2] INFO  verifyingSideMenuCollapsedLangAsInSettings_17-53-01 - [verifyingSideMenuCollapsedLangAsInSettings_17-53-01] Element found and ready (attempt 1): By.xpath: //yt-multi-page-menu-section-renderer[@class='style-scope ytd-multi-page-menu-renderer']//yt-formatted-string[@id='label' and text()='Azərbaycan']
17:53:35 [TestNG-test-Yt Master Tests-2] INFO  verifyingSideMenuCollapsedLangAsInSettings_17-53-01 - [verifyingSideMenuCollapsedLangAsInSettings_17-53-01] Trying to find element: By.xpath: //yt-multi-page-menu-section-renderer[@class='style-scope ytd-multi-page-menu-renderer']//yt-formatted-string[@id='label' and text()='Azərbaycan']
17:53:35 [TestNG-test-Yt Master Tests-2] INFO  verifyingSideMenuCollapsedLangAsInSettings_17-53-01 - [verifyingSideMenuCollapsedLangAsInSettings_17-53-01] Element found and ready (attempt 1): By.xpath: //yt-multi-page-menu-section-renderer[@class='style-scope ytd-multi-page-menu-renderer']//yt-formatted-string[@id='label' and text()='Azərbaycan']
17:53:37 [TestNG-test-Yt Master Tests-2] INFO  verifyingSideMenuCollapsedLangAsInSettings_17-53-01 - Clicking settings ellipses button...
17:53:38 [TestNG-test-Yt Master Tests-2] INFO  verifyingSideMenuCollapsedLangAsInSettings_17-53-01 - [verifyingSideMenuCollapsedLangAsInSettings_17-53-01] Trying to find element: By.xpath: //ytd-topbar-menu-button-renderer[@class='style-scope ytd-masthead style-default']
17:53:39 [TestNG-test-Yt Master Tests-2] INFO  verifyingSideMenuCollapsedLangAsInSettings_17-53-01 - [verifyingSideMenuCollapsedLangAsInSettings_17-53-01] Element found and ready (attempt 1): By.xpath: //ytd-topbar-menu-button-renderer[@class='style-scope ytd-masthead style-default']
17:53:39 [TestNG-test-Yt Master Tests-2] INFO  verifyingSideMenuCollapsedLangAsInSettings_17-53-01 - [verifyingSideMenuCollapsedLangAsInSettings_17-53-01] Waiting until element is visible in viewport
17:53:40 [TestNG-test-Yt Master Tests-2] INFO  verifyingSideMenuCollapsedLangAsInSettings_17-53-01 - Clicking settings ellipses button...
17:53:41 [TestNG-test-Yt Master Tests-2] INFO  verifyingSideMenuCollapsedLangAsInSettings_17-53-01 - [verifyingSideMenuCollapsedLangAsInSettings_17-53-01] Trying to find element: By.xpath: //ytd-topbar-menu-button-renderer[@class='style-scope ytd-masthead style-default']
17:53:41 [TestNG-test-Yt Master Tests-2] INFO  verifyingSideMenuCollapsedLangAsInSettings_17-53-01 - [verifyingSideMenuCollapsedLangAsInSettings_17-53-01] Element found and ready (attempt 1): By.xpath: //ytd-topbar-menu-button-renderer[@class='style-scope ytd-masthead style-default']
17:53:42 [TestNG-test-Yt Master Tests-2] INFO  verifyingSideMenuCollapsedLangAsInSettings_17-53-01 - getLangAttribute() - locating <html> and reading lang property
17:53:42 [TestNG-test-Yt Master Tests-2] INFO  verifyingSideMenuCollapsedLangAsInSettings_17-53-01 - Language attribute read: az-Latn-AZ
17:53:42 [TestNG-test-Yt Master Tests-2] INFO  verifyingSideMenuCollapsedLangAsInSettings_17-53-01 - Fetching the side menu in collapsed view
17:53:42 [TestNG-test-Yt Master Tests-2] INFO  verifyingSideMenuCollapsedLangAsInSettings_17-53-01 - [verifyingSideMenuCollapsedLangAsInSettings_17-53-01] Finding elements list: By.xpath: //ytd-mini-guide-renderer[@class='style-scope ytd-app']//ytd-mini-guide-entry-renderer
17:53:42 [TestNG-test-Yt Master Tests-2] INFO  verifyingSideMenuCollapsedLangAsInSettings_17-53-01 - [verifyingSideMenuCollapsedLangAsInSettings_17-53-01] Found 4 ready elements (attempt 1): By.xpath: //ytd-mini-guide-renderer[@class='style-scope ytd-app']//ytd-mini-guide-entry-renderer
17:53:43 [TestNG-test-Yt Master Tests-2] INFO  verifyingSideMenuCollapsedLangAsInSettings_17-53-01 - Clicking settings ellipses button...
17:53:43 [TestNG-test-Yt Master Tests-2] INFO  verifyingSideMenuCollapsedLangAsInSettings_17-53-01 - [verifyingSideMenuCollapsedLangAsInSettings_17-53-01] Trying to find element: By.xpath: //ytd-topbar-menu-button-renderer[@class='style-scope ytd-masthead style-default']
17:53:43 [TestNG-test-Yt Master Tests-2] INFO  verifyingSideMenuCollapsedLangAsInSettings_17-53-01 - [verifyingSideMenuCollapsedLangAsInSettings_17-53-01] Element found and ready (attempt 1): By.xpath: //ytd-topbar-menu-button-renderer[@class='style-scope ytd-masthead style-default']
17:53:43 [TestNG-test-Yt Master Tests-2] INFO  verifyingSideMenuCollapsedLangAsInSettings_17-53-01 - Clicking language dropdown...
17:53:43 [TestNG-test-Yt Master Tests-2] INFO  verifyingSideMenuCollapsedLangAsInSettings_17-53-01 - [verifyingSideMenuCollapsedLangAsInSettings_17-53-01] Trying to find element: By.xpath: (//div[@id='content-icon'])[2]
17:53:44 [TestNG-test-Yt Master Tests-2] INFO  verifyingSideMenuCollapsedLangAsInSettings_17-53-01 - [verifyingSideMenuCollapsedLangAsInSettings_17-53-01] Element found and ready (attempt 1): By.xpath: (//div[@id='content-icon'])[2]
17:53:44 [TestNG-test-Yt Master Tests-2] INFO  verifyingSideMenuCollapsedLangAsInSettings_17-53-01 - Looking for language element with name: Bahasa Indonesia
17:53:44 [TestNG-test-Yt Master Tests-2] INFO  verifyingSideMenuCollapsedLangAsInSettings_17-53-01 - [verifyingSideMenuCollapsedLangAsInSettings_17-53-01] Trying to find element: By.xpath: //yt-multi-page-menu-section-renderer[@class='style-scope ytd-multi-page-menu-renderer']//yt-formatted-string[@id='label' and text()='Bahasa Indonesia']
17:53:44 [TestNG-test-Yt Master Tests-2] INFO  verifyingSideMenuCollapsedLangAsInSettings_17-53-01 - [verifyingSideMenuCollapsedLangAsInSettings_17-53-01] Element found and ready (attempt 1): By.xpath: //yt-multi-page-menu-section-renderer[@class='style-scope ytd-multi-page-menu-renderer']//yt-formatted-string[@id='label' and text()='Bahasa Indonesia']
17:53:44 [TestNG-test-Yt Master Tests-2] INFO  verifyingSideMenuCollapsedLangAsInSettings_17-53-01 - [verifyingSideMenuCollapsedLangAsInSettings_17-53-01] Trying to find element: By.xpath: //yt-multi-page-menu-section-renderer[@class='style-scope ytd-multi-page-menu-renderer']//yt-formatted-string[@id='label' and text()='Bahasa Indonesia']
17:53:45 [TestNG-test-Yt Master Tests-2] INFO  verifyingSideMenuCollapsedLangAsInSettings_17-53-01 - [verifyingSideMenuCollapsedLangAsInSettings_17-53-01] Element found and ready (attempt 1): By.xpath: //yt-multi-page-menu-section-renderer[@class='style-scope ytd-multi-page-menu-renderer']//yt-formatted-string[@id='label' and text()='Bahasa Indonesia']
17:53:49 [TestNG-test-Yt Master Tests-2] INFO  verifyingSideMenuCollapsedLangAsInSettings_17-53-01 - Clicking settings ellipses button...
17:53:49 [TestNG-test-Yt Master Tests-2] INFO  verifyingSideMenuCollapsedLangAsInSettings_17-53-01 - [verifyingSideMenuCollapsedLangAsInSettings_17-53-01] Trying to find element: By.xpath: //ytd-topbar-menu-button-renderer[@class='style-scope ytd-masthead style-default']
17:53:49 [TestNG-test-Yt Master Tests-2] INFO  verifyingSideMenuCollapsedLangAsInSettings_17-53-01 - [verifyingSideMenuCollapsedLangAsInSettings_17-53-01] Element found and ready (attempt 1): By.xpath: //ytd-topbar-menu-button-renderer[@class='style-scope ytd-masthead style-default']
17:53:50 [TestNG-test-Yt Master Tests-2] INFO  verifyingSideMenuCollapsedLangAsInSettings_17-53-01 - [verifyingSideMenuCollapsedLangAsInSettings_17-53-01] Waiting until element is visible in viewport
17:53:50 [TestNG-test-Yt Master Tests-2] INFO  verifyingSideMenuCollapsedLangAsInSettings_17-53-01 - Clicking settings ellipses button...
17:53:51 [TestNG-test-Yt Master Tests-2] INFO  verifyingSideMenuCollapsedLangAsInSettings_17-53-01 - [verifyingSideMenuCollapsedLangAsInSettings_17-53-01] Trying to find element: By.xpath: //ytd-topbar-menu-button-renderer[@class='style-scope ytd-masthead style-default']
17:53:51 [TestNG-test-Yt Master Tests-2] INFO  verifyingSideMenuCollapsedLangAsInSettings_17-53-01 - [verifyingSideMenuCollapsedLangAsInSettings_17-53-01] Element found and ready (attempt 1): By.xpath: //ytd-topbar-menu-button-renderer[@class='style-scope ytd-masthead style-default']
17:53:51 [TestNG-test-Yt Master Tests-2] INFO  verifyingSideMenuCollapsedLangAsInSettings_17-53-01 - getLangAttribute() - locating <html> and reading lang property
17:53:51 [TestNG-test-Yt Master Tests-2] INFO  verifyingSideMenuCollapsedLangAsInSettings_17-53-01 - Language attribute read: id-ID
17:53:51 [TestNG-test-Yt Master Tests-2] INFO  verifyingSideMenuCollapsedLangAsInSettings_17-53-01 - Fetching the side menu in collapsed view
17:53:51 [TestNG-test-Yt Master Tests-2] INFO  verifyingSideMenuCollapsedLangAsInSettings_17-53-01 - [verifyingSideMenuCollapsedLangAsInSettings_17-53-01] Finding elements list: By.xpath: //ytd-mini-guide-renderer[@class='style-scope ytd-app']//ytd-mini-guide-entry-renderer
17:53:51 [TestNG-test-Yt Master Tests-2] INFO  verifyingSideMenuCollapsedLangAsInSettings_17-53-01 - [verifyingSideMenuCollapsedLangAsInSettings_17-53-01] Found 4 ready elements (attempt 1): By.xpath: //ytd-mini-guide-renderer[@class='style-scope ytd-app']//ytd-mini-guide-entry-renderer
17:53:51 [TestNG-test-Yt Master Tests-2] INFO  verifyingSideMenuCollapsedLangAsInSettings_17-53-01 - Clicking settings ellipses button...
17:53:51 [TestNG-test-Yt Master Tests-2] INFO  verifyingSideMenuCollapsedLangAsInSettings_17-53-01 - [verifyingSideMenuCollapsedLangAsInSettings_17-53-01] Trying to find element: By.xpath: //ytd-topbar-menu-button-renderer[@class='style-scope ytd-masthead style-default']
17:53:51 [TestNG-test-Yt Master Tests-2] INFO  verifyingSideMenuCollapsedLangAsInSettings_17-53-01 - [verifyingSideMenuCollapsedLangAsInSettings_17-53-01] Element found and ready (attempt 1): By.xpath: //ytd-topbar-menu-button-renderer[@class='style-scope ytd-masthead style-default']
17:53:52 [TestNG-test-Yt Master Tests-2] INFO  verifyingSideMenuCollapsedLangAsInSettings_17-53-01 - Clicking language dropdown...
17:53:52 [TestNG-test-Yt Master Tests-2] INFO  verifyingSideMenuCollapsedLangAsInSettings_17-53-01 - [verifyingSideMenuCollapsedLangAsInSettings_17-53-01] Trying to find element: By.xpath: (//div[@id='content-icon'])[2]
17:53:52 [TestNG-test-Yt Master Tests-2] INFO  verifyingSideMenuCollapsedLangAsInSettings_17-53-01 - [verifyingSideMenuCollapsedLangAsInSettings_17-53-01] Element found and ready (attempt 1): By.xpath: (//div[@id='content-icon'])[2]
17:53:53 [TestNG-test-Yt Master Tests-2] INFO  verifyingSideMenuCollapsedLangAsInSettings_17-53-01 - Looking for language element with name: Bosanski
17:53:53 [TestNG-test-Yt Master Tests-2] INFO  verifyingSideMenuCollapsedLangAsInSettings_17-53-01 - [verifyingSideMenuCollapsedLangAsInSettings_17-53-01] Trying to find element: By.xpath: //yt-multi-page-menu-section-renderer[@class='style-scope ytd-multi-page-menu-renderer']//yt-formatted-string[@id='label' and text()='Bosanski']
17:53:53 [TestNG-test-Yt Master Tests-2] INFO  verifyingSideMenuCollapsedLangAsInSettings_17-53-01 - [verifyingSideMenuCollapsedLangAsInSettings_17-53-01] Element found and ready (attempt 1): By.xpath: //yt-multi-page-menu-section-renderer[@class='style-scope ytd-multi-page-menu-renderer']//yt-formatted-string[@id='label' and text()='Bosanski']
17:53:53 [TestNG-test-Yt Master Tests-2] INFO  verifyingSideMenuCollapsedLangAsInSettings_17-53-01 - [verifyingSideMenuCollapsedLangAsInSettings_17-53-01] Trying to find element: By.xpath: //yt-multi-page-menu-section-renderer[@class='style-scope ytd-multi-page-menu-renderer']//yt-formatted-string[@id='label' and text()='Bosanski']
17:53:53 [TestNG-test-Yt Master Tests-2] INFO  verifyingSideMenuCollapsedLangAsInSettings_17-53-01 - [verifyingSideMenuCollapsedLangAsInSettings_17-53-01] Element found and ready (attempt 1): By.xpath: //yt-multi-page-menu-section-renderer[@class='style-scope ytd-multi-page-menu-renderer']//yt-formatted-string[@id='label' and text()='Bosanski']
17:53:56 [TestNG-test-Yt Master Tests-2] INFO  verifyingSideMenuCollapsedLangAsInSettings_17-53-01 - Clicking settings ellipses button...
17:53:57 [TestNG-test-Yt Master Tests-2] INFO  verifyingSideMenuCollapsedLangAsInSettings_17-53-01 - [verifyingSideMenuCollapsedLangAsInSettings_17-53-01] Trying to find element: By.xpath: //ytd-topbar-menu-button-renderer[@class='style-scope ytd-masthead style-default']
17:53:57 [TestNG-test-Yt Master Tests-2] INFO  verifyingSideMenuCollapsedLangAsInSettings_17-53-01 - [verifyingSideMenuCollapsedLangAsInSettings_17-53-01] Element found and ready (attempt 1): By.xpath: //ytd-topbar-menu-button-renderer[@class='style-scope ytd-masthead style-default']
17:53:57 [TestNG-test-Yt Master Tests-2] INFO  verifyingSideMenuCollapsedLangAsInSettings_17-53-01 - [verifyingSideMenuCollapsedLangAsInSettings_17-53-01] Waiting until element is visible in viewport
17:53:59 [TestNG-test-Yt Master Tests-2] INFO  verifyingSideMenuCollapsedLangAsInSettings_17-53-01 - Clicking settings ellipses button...
17:53:59 [TestNG-test-Yt Master Tests-2] INFO  verifyingSideMenuCollapsedLangAsInSettings_17-53-01 - [verifyingSideMenuCollapsedLangAsInSettings_17-53-01] Trying to find element: By.xpath: //ytd-topbar-menu-button-renderer[@class='style-scope ytd-masthead style-default']
17:53:59 [TestNG-test-Yt Master Tests-2] INFO  verifyingSideMenuCollapsedLangAsInSettings_17-53-01 - [verifyingSideMenuCollapsedLangAsInSettings_17-53-01] Element found and ready (attempt 1): By.xpath: //ytd-topbar-menu-button-renderer[@class='style-scope ytd-masthead style-default']
17:53:59 [TestNG-test-Yt Master Tests-2] INFO  verifyingSideMenuCollapsedLangAsInSettings_17-53-01 - getLangAttribute() - locating <html> and reading lang property
17:53:59 [TestNG-test-Yt Master Tests-2] INFO  verifyingSideMenuCollapsedLangAsInSettings_17-53-01 - Language attribute read: bs-Latn-BA
17:53:59 [TestNG-test-Yt Master Tests-2] INFO  verifyingSideMenuCollapsedLangAsInSettings_17-53-01 - Fetching the side menu in collapsed view
17:53:59 [TestNG-test-Yt Master Tests-2] INFO  verifyingSideMenuCollapsedLangAsInSettings_17-53-01 - [verifyingSideMenuCollapsedLangAsInSettings_17-53-01] Finding elements list: By.xpath: //ytd-mini-guide-renderer[@class='style-scope ytd-app']//ytd-mini-guide-entry-renderer
17:54:00 [TestNG-test-Yt Master Tests-2] INFO  verifyingSideMenuCollapsedLangAsInSettings_17-53-01 - [verifyingSideMenuCollapsedLangAsInSettings_17-53-01] Found 4 ready elements (attempt 1): By.xpath: //ytd-mini-guide-renderer[@class='style-scope ytd-app']//ytd-mini-guide-entry-renderer
17:54:00 [TestNG-test-Yt Master Tests-2] INFO  verifyingSideMenuCollapsedLangAsInSettings_17-53-01 - Clicking settings ellipses button...
17:54:00 [TestNG-test-Yt Master Tests-2] INFO  verifyingSideMenuCollapsedLangAsInSettings_17-53-01 - [verifyingSideMenuCollapsedLangAsInSettings_17-53-01] Trying to find element: By.xpath: //ytd-topbar-menu-button-renderer[@class='style-scope ytd-masthead style-default']
17:54:00 [TestNG-test-Yt Master Tests-2] INFO  verifyingSideMenuCollapsedLangAsInSettings_17-53-01 - [verifyingSideMenuCollapsedLangAsInSettings_17-53-01] Element found and ready (attempt 1): By.xpath: //ytd-topbar-menu-button-renderer[@class='style-scope ytd-masthead style-default']
17:54:00 [TestNG-test-Yt Master Tests-2] INFO  verifyingSideMenuCollapsedLangAsInSettings_17-53-01 - Clicking language dropdown...
17:54:00 [TestNG-test-Yt Master Tests-2] INFO  verifyingSideMenuCollapsedLangAsInSettings_17-53-01 - [verifyingSideMenuCollapsedLangAsInSettings_17-53-01] Trying to find element: By.xpath: (//div[@id='content-icon'])[2]
17:54:01 [TestNG-test-Yt Master Tests-2] INFO  verifyingSideMenuCollapsedLangAsInSettings_17-53-01 - [verifyingSideMenuCollapsedLangAsInSettings_17-53-01] Element found and ready (attempt 1): By.xpath: (//div[@id='content-icon'])[2]
17:54:01 [TestNG-test-Yt Master Tests-2] INFO  verifyingSideMenuCollapsedLangAsInSettings_17-53-01 - Looking for language element with name: Català
17:54:01 [TestNG-test-Yt Master Tests-2] INFO  verifyingSideMenuCollapsedLangAsInSettings_17-53-01 - [verifyingSideMenuCollapsedLangAsInSettings_17-53-01] Trying to find element: By.xpath: //yt-multi-page-menu-section-renderer[@class='style-scope ytd-multi-page-menu-renderer']//yt-formatted-string[@id='label' and text()='Català']
17:54:02 [TestNG-test-Yt Master Tests-2] INFO  verifyingSideMenuCollapsedLangAsInSettings_17-53-01 - [verifyingSideMenuCollapsedLangAsInSettings_17-53-01] Element found and ready (attempt 1): By.xpath: //yt-multi-page-menu-section-renderer[@class='style-scope ytd-multi-page-menu-renderer']//yt-formatted-string[@id='label' and text()='Català']
17:54:02 [TestNG-test-Yt Master Tests-2] INFO  verifyingSideMenuCollapsedLangAsInSettings_17-53-01 - [verifyingSideMenuCollapsedLangAsInSettings_17-53-01] Trying to find element: By.xpath: //yt-multi-page-menu-section-renderer[@class='style-scope ytd-multi-page-menu-renderer']//yt-formatted-string[@id='label' and text()='Català']
17:54:02 [TestNG-test-Yt Master Tests-2] INFO  verifyingSideMenuCollapsedLangAsInSettings_17-53-01 - [verifyingSideMenuCollapsedLangAsInSettings_17-53-01] Element found and ready (attempt 1): By.xpath: //yt-multi-page-menu-section-renderer[@class='style-scope ytd-multi-page-menu-renderer']//yt-formatted-string[@id='label' and text()='Català']
17:54:04 [TestNG-test-Yt Master Tests-2] INFO  verifyingSideMenuCollapsedLangAsInSettings_17-53-01 - Clicking settings ellipses button...
17:54:04 [TestNG-test-Yt Master Tests-2] INFO  verifyingSideMenuCollapsedLangAsInSettings_17-53-01 - [verifyingSideMenuCollapsedLangAsInSettings_17-53-01] Trying to find element: By.xpath: //ytd-topbar-menu-button-renderer[@class='style-scope ytd-masthead style-default']
17:54:04 [TestNG-test-Yt Master Tests-2] INFO  verifyingSideMenuCollapsedLangAsInSettings_17-53-01 - [verifyingSideMenuCollapsedLangAsInSettings_17-53-01] Element found and ready (attempt 1): By.xpath: //ytd-topbar-menu-button-renderer[@class='style-scope ytd-masthead style-default']
17:54:05 [TestNG-test-Yt Master Tests-2] INFO  verifyingSideMenuCollapsedLangAsInSettings_17-53-01 - [verifyingSideMenuCollapsedLangAsInSettings_17-53-01] Waiting until element is visible in viewport
17:54:06 [TestNG-test-Yt Master Tests-2] INFO  verifyingSideMenuCollapsedLangAsInSettings_17-53-01 - Clicking settings ellipses button...
17:54:06 [TestNG-test-Yt Master Tests-2] INFO  verifyingSideMenuCollapsedLangAsInSettings_17-53-01 - [verifyingSideMenuCollapsedLangAsInSettings_17-53-01] Trying to find element: By.xpath: //ytd-topbar-menu-button-renderer[@class='style-scope ytd-masthead style-default']
17:54:06 [TestNG-test-Yt Master Tests-2] INFO  verifyingSideMenuCollapsedLangAsInSettings_17-53-01 - [verifyingSideMenuCollapsedLangAsInSettings_17-53-01] Element found and ready (attempt 1): By.xpath: //ytd-topbar-menu-button-renderer[@class='style-scope ytd-masthead style-default']
17:54:06 [TestNG-test-Yt Master Tests-2] INFO  verifyingSideMenuCollapsedLangAsInSettings_17-53-01 - getLangAttribute() - locating <html> and reading lang property
17:54:06 [TestNG-test-Yt Master Tests-2] INFO  verifyingSideMenuCollapsedLangAsInSettings_17-53-01 - Language attribute read: ca-ES
17:54:06 [TestNG-test-Yt Master Tests-2] INFO  verifyingSideMenuCollapsedLangAsInSettings_17-53-01 - Fetching the side menu in collapsed view
17:54:06 [TestNG-test-Yt Master Tests-2] INFO  verifyingSideMenuCollapsedLangAsInSettings_17-53-01 - [verifyingSideMenuCollapsedLangAsInSettings_17-53-01] Finding elements list: By.xpath: //ytd-mini-guide-renderer[@class='style-scope ytd-app']//ytd-mini-guide-entry-renderer
17:54:07 [TestNG-test-Yt Master Tests-2] INFO  verifyingSideMenuCollapsedLangAsInSettings_17-53-01 - [verifyingSideMenuCollapsedLangAsInSettings_17-53-01] Found 4 ready elements (attempt 1): By.xpath: //ytd-mini-guide-renderer[@class='style-scope ytd-app']//ytd-mini-guide-entry-renderer
17:54:07 [TestNG-test-Yt Master Tests-2] INFO  verifyingSideMenuCollapsedLangAsInSettings_17-53-01 - Clicking settings ellipses button...
17:54:07 [TestNG-test-Yt Master Tests-2] INFO  verifyingSideMenuCollapsedLangAsInSettings_17-53-01 - [verifyingSideMenuCollapsedLangAsInSettings_17-53-01] Trying to find element: By.xpath: //ytd-topbar-menu-button-renderer[@class='style-scope ytd-masthead style-default']
17:54:07 [TestNG-test-Yt Master Tests-2] INFO  verifyingSideMenuCollapsedLangAsInSettings_17-53-01 - [verifyingSideMenuCollapsedLangAsInSettings_17-53-01] Element found and ready (attempt 1): By.xpath: //ytd-topbar-menu-button-renderer[@class='style-scope ytd-masthead style-default']
17:54:07 [TestNG-test-Yt Master Tests-2] INFO  verifyingSideMenuCollapsedLangAsInSettings_17-53-01 - Clicking language dropdown...
17:54:07 [TestNG-test-Yt Master Tests-2] INFO  verifyingSideMenuCollapsedLangAsInSettings_17-53-01 - [verifyingSideMenuCollapsedLangAsInSettings_17-53-01] Trying to find element: By.xpath: (//div[@id='content-icon'])[2]
17:54:08 [TestNG-test-Yt Master Tests-2] INFO  verifyingSideMenuCollapsedLangAsInSettings_17-53-01 - [verifyingSideMenuCollapsedLangAsInSettings_17-53-01] Element found and ready (attempt 1): By.xpath: (//div[@id='content-icon'])[2]
17:54:09 [TestNG-test-Yt Master Tests-2] INFO  verifyingSideMenuCollapsedLangAsInSettings_17-53-01 - Looking for language element with name: Dansk
17:54:09 [TestNG-test-Yt Master Tests-2] INFO  verifyingSideMenuCollapsedLangAsInSettings_17-53-01 - [verifyingSideMenuCollapsedLangAsInSettings_17-53-01] Trying to find element: By.xpath: //yt-multi-page-menu-section-renderer[@class='style-scope ytd-multi-page-menu-renderer']//yt-formatted-string[@id='label' and text()='Dansk']
17:54:09 [TestNG-test-Yt Master Tests-2] INFO  verifyingSideMenuCollapsedLangAsInSettings_17-53-01 - [verifyingSideMenuCollapsedLangAsInSettings_17-53-01] Element found and ready (attempt 1): By.xpath: //yt-multi-page-menu-section-renderer[@class='style-scope ytd-multi-page-menu-renderer']//yt-formatted-string[@id='label' and text()='Dansk']
17:54:09 [TestNG-test-Yt Master Tests-2] INFO  verifyingSideMenuCollapsedLangAsInSettings_17-53-01 - [verifyingSideMenuCollapsedLangAsInSettings_17-53-01] Trying to find element: By.xpath: //yt-multi-page-menu-section-renderer[@class='style-scope ytd-multi-page-menu-renderer']//yt-formatted-string[@id='label' and text()='Dansk']
17:54:09 [TestNG-test-Yt Master Tests-2] INFO  verifyingSideMenuCollapsedLangAsInSettings_17-53-01 - [verifyingSideMenuCollapsedLangAsInSettings_17-53-01] Element found and ready (attempt 1): By.xpath: //yt-multi-page-menu-section-renderer[@class='style-scope ytd-multi-page-menu-renderer']//yt-formatted-string[@id='label' and text()='Dansk']
17:54:11 [TestNG-test-Yt Master Tests-2] INFO  verifyingSideMenuCollapsedLangAsInSettings_17-53-01 - Clicking settings ellipses button...
17:54:11 [TestNG-test-Yt Master Tests-2] INFO  verifyingSideMenuCollapsedLangAsInSettings_17-53-01 - [verifyingSideMenuCollapsedLangAsInSettings_17-53-01] Trying to find element: By.xpath: //ytd-topbar-menu-button-renderer[@class='style-scope ytd-masthead style-default']
17:54:11 [TestNG-test-Yt Master Tests-2] INFO  verifyingSideMenuCollapsedLangAsInSettings_17-53-01 - [verifyingSideMenuCollapsedLangAsInSettings_17-53-01] Element found and ready (attempt 1): By.xpath: //ytd-topbar-menu-button-renderer[@class='style-scope ytd-masthead style-default']
17:54:12 [TestNG-test-Yt Master Tests-2] INFO  verifyingSideMenuCollapsedLangAsInSettings_17-53-01 - [verifyingSideMenuCollapsedLangAsInSettings_17-53-01] Waiting until element is visible in viewport
17:54:12 [TestNG-test-Yt Master Tests-2] INFO  verifyingSideMenuCollapsedLangAsInSettings_17-53-01 - Clicking settings ellipses button...
17:54:12 [TestNG-test-Yt Master Tests-2] INFO  verifyingSideMenuCollapsedLangAsInSettings_17-53-01 - [verifyingSideMenuCollapsedLangAsInSettings_17-53-01] Trying to find element: By.xpath: //ytd-topbar-menu-button-renderer[@class='style-scope ytd-masthead style-default']
17:54:12 [TestNG-test-Yt Master Tests-2] INFO  verifyingSideMenuCollapsedLangAsInSettings_17-53-01 - [verifyingSideMenuCollapsedLangAsInSettings_17-53-01] Element found and ready (attempt 1): By.xpath: //ytd-topbar-menu-button-renderer[@class='style-scope ytd-masthead style-default']
17:54:13 [TestNG-test-Yt Master Tests-2] INFO  verifyingSideMenuCollapsedLangAsInSettings_17-53-01 - getLangAttribute() - locating <html> and reading lang property
17:54:13 [TestNG-test-Yt Master Tests-2] INFO  verifyingSideMenuCollapsedLangAsInSettings_17-53-01 - Language attribute read: da-DK
17:54:13 [TestNG-test-Yt Master Tests-2] INFO  verifyingSideMenuCollapsedLangAsInSettings_17-53-01 - Fetching the side menu in collapsed view
17:54:13 [TestNG-test-Yt Master Tests-2] INFO  verifyingSideMenuCollapsedLangAsInSettings_17-53-01 - [verifyingSideMenuCollapsedLangAsInSettings_17-53-01] Finding elements list: By.xpath: //ytd-mini-guide-renderer[@class='style-scope ytd-app']//ytd-mini-guide-entry-renderer
17:54:13 [TestNG-test-Yt Master Tests-2] INFO  verifyingSideMenuCollapsedLangAsInSettings_17-53-01 - [verifyingSideMenuCollapsedLangAsInSettings_17-53-01] Found 4 ready elements (attempt 1): By.xpath: //ytd-mini-guide-renderer[@class='style-scope ytd-app']//ytd-mini-guide-entry-renderer
17:54:13 [TestNG-test-Yt Master Tests-2] INFO  verifyingSideMenuCollapsedLangAsInSettings_17-53-01 - Clicking settings ellipses button...
17:54:13 [TestNG-test-Yt Master Tests-2] INFO  verifyingSideMenuCollapsedLangAsInSettings_17-53-01 - [verifyingSideMenuCollapsedLangAsInSettings_17-53-01] Trying to find element: By.xpath: //ytd-topbar-menu-button-renderer[@class='style-scope ytd-masthead style-default']
17:54:13 [TestNG-test-Yt Master Tests-2] INFO  verifyingSideMenuCollapsedLangAsInSettings_17-53-01 - [verifyingSideMenuCollapsedLangAsInSettings_17-53-01] Element found and ready (attempt 1): By.xpath: //ytd-topbar-menu-button-renderer[@class='style-scope ytd-masthead style-default']
17:54:13 [TestNG-test-Yt Master Tests-2] INFO  verifyingSideMenuCollapsedLangAsInSettings_17-53-01 - Clicking language dropdown...
17:54:13 [TestNG-test-Yt Master Tests-2] INFO  verifyingSideMenuCollapsedLangAsInSettings_17-53-01 - [verifyingSideMenuCollapsedLangAsInSettings_17-53-01] Trying to find element: By.xpath: (//div[@id='content-icon'])[2]
17:54:14 [TestNG-test-Yt Master Tests-2] INFO  verifyingSideMenuCollapsedLangAsInSettings_17-53-01 - [verifyingSideMenuCollapsedLangAsInSettings_17-53-01] Element found and ready (attempt 1): By.xpath: (//div[@id='content-icon'])[2]
17:54:14 [TestNG-test-Yt Master Tests-2] INFO  verifyingSideMenuCollapsedLangAsInSettings_17-53-01 - Looking for language element with name: Deutsch
17:54:14 [TestNG-test-Yt Master Tests-2] INFO  verifyingSideMenuCollapsedLangAsInSettings_17-53-01 - [verifyingSideMenuCollapsedLangAsInSettings_17-53-01] Trying to find element: By.xpath: //yt-multi-page-menu-section-renderer[@class='style-scope ytd-multi-page-menu-renderer']//yt-formatted-string[@id='label' and text()='Deutsch']
17:54:15 [TestNG-test-Yt Master Tests-2] INFO  verifyingSideMenuCollapsedLangAsInSettings_17-53-01 - [verifyingSideMenuCollapsedLangAsInSettings_17-53-01] Element found and ready (attempt 1): By.xpath: //yt-multi-page-menu-section-renderer[@class='style-scope ytd-multi-page-menu-renderer']//yt-formatted-string[@id='label' and text()='Deutsch']
17:54:15 [TestNG-test-Yt Master Tests-2] INFO  verifyingSideMenuCollapsedLangAsInSettings_17-53-01 - [verifyingSideMenuCollapsedLangAsInSettings_17-53-01] Trying to find element: By.xpath: //yt-multi-page-menu-section-renderer[@class='style-scope ytd-multi-page-menu-renderer']//yt-formatted-string[@id='label' and text()='Deutsch']
17:54:15 [TestNG-test-Yt Master Tests-2] INFO  verifyingSideMenuCollapsedLangAsInSettings_17-53-01 - [verifyingSideMenuCollapsedLangAsInSettings_17-53-01] Element found and ready (attempt 1): By.xpath: //yt-multi-page-menu-section-renderer[@class='style-scope ytd-multi-page-menu-renderer']//yt-formatted-string[@id='label' and text()='Deutsch']
17:54:18 [TestNG-test-Yt Master Tests-2] INFO  verifyingSideMenuCollapsedLangAsInSettings_17-53-01 - Clicking settings ellipses button...
17:54:18 [TestNG-test-Yt Master Tests-2] INFO  verifyingSideMenuCollapsedLangAsInSettings_17-53-01 - [verifyingSideMenuCollapsedLangAsInSettings_17-53-01] Trying to find element: By.xpath: //ytd-topbar-menu-button-renderer[@class='style-scope ytd-masthead style-default']
17:54:18 [TestNG-test-Yt Master Tests-2] INFO  verifyingSideMenuCollapsedLangAsInSettings_17-53-01 - [verifyingSideMenuCollapsedLangAsInSettings_17-53-01] Element found and ready (attempt 1): By.xpath: //ytd-topbar-menu-button-renderer[@class='style-scope ytd-masthead style-default']
17:54:18 [TestNG-test-Yt Master Tests-2] INFO  verifyingSideMenuCollapsedLangAsInSettings_17-53-01 - [verifyingSideMenuCollapsedLangAsInSettings_17-53-01] Waiting until element is visible in viewport
17:54:19 [TestNG-test-Yt Master Tests-2] INFO  verifyingSideMenuCollapsedLangAsInSettings_17-53-01 - Clicking settings ellipses button...
17:54:19 [TestNG-test-Yt Master Tests-2] INFO  verifyingSideMenuCollapsedLangAsInSettings_17-53-01 - [verifyingSideMenuCollapsedLangAsInSettings_17-53-01] Trying to find element: By.xpath: //ytd-topbar-menu-button-renderer[@class='style-scope ytd-masthead style-default']
17:54:19 [TestNG-test-Yt Master Tests-2] INFO  verifyingSideMenuCollapsedLangAsInSettings_17-53-01 - [verifyingSideMenuCollapsedLangAsInSettings_17-53-01] Element found and ready (attempt 1): By.xpath: //ytd-topbar-menu-button-renderer[@class='style-scope ytd-masthead style-default']
17:54:19 [TestNG-test-Yt Master Tests-2] INFO  verifyingSideMenuCollapsedLangAsInSettings_17-53-01 - getLangAttribute() - locating <html> and reading lang property
17:54:20 [TestNG-test-Yt Master Tests-2] INFO  verifyingSideMenuCollapsedLangAsInSettings_17-53-01 - Language attribute read: de-DE
17:54:20 [TestNG-test-Yt Master Tests-2] INFO  verifyingSideMenuCollapsedLangAsInSettings_17-53-01 - Fetching the side menu in collapsed view
17:54:20 [TestNG-test-Yt Master Tests-2] INFO  verifyingSideMenuCollapsedLangAsInSettings_17-53-01 - [verifyingSideMenuCollapsedLangAsInSettings_17-53-01] Finding elements list: By.xpath: //ytd-mini-guide-renderer[@class='style-scope ytd-app']//ytd-mini-guide-entry-renderer
17:54:20 [TestNG-test-Yt Master Tests-2] INFO  verifyingSideMenuCollapsedLangAsInSettings_17-53-01 - [verifyingSideMenuCollapsedLangAsInSettings_17-53-01] Found 4 ready elements (attempt 1): By.xpath: //ytd-mini-guide-renderer[@class='style-scope ytd-app']//ytd-mini-guide-entry-renderer
17:54:20 [TestNG-test-Yt Master Tests-2] INFO  verifyingSideMenuCollapsedLangAsInSettings_17-53-01 - Clicking settings ellipses button...
17:54:20 [TestNG-test-Yt Master Tests-2] INFO  verifyingSideMenuCollapsedLangAsInSettings_17-53-01 - [verifyingSideMenuCollapsedLangAsInSettings_17-53-01] Trying to find element: By.xpath: //ytd-topbar-menu-button-renderer[@class='style-scope ytd-masthead style-default']
17:54:20 [TestNG-test-Yt Master Tests-2] INFO  verifyingSideMenuCollapsedLangAsInSettings_17-53-01 - [verifyingSideMenuCollapsedLangAsInSettings_17-53-01] Element found and ready (attempt 1): By.xpath: //ytd-topbar-menu-button-renderer[@class='style-scope ytd-masthead style-default']
17:54:20 [TestNG-test-Yt Master Tests-2] INFO  verifyingSideMenuCollapsedLangAsInSettings_17-53-01 - Clicking language dropdown...
17:54:20 [TestNG-test-Yt Master Tests-2] INFO  verifyingSideMenuCollapsedLangAsInSettings_17-53-01 - [verifyingSideMenuCollapsedLangAsInSettings_17-53-01] Trying to find element: By.xpath: (//div[@id='content-icon'])[2]
17:54:21 [TestNG-test-Yt Master Tests-2] INFO  verifyingSideMenuCollapsedLangAsInSettings_17-53-01 - [verifyingSideMenuCollapsedLangAsInSettings_17-53-01] Element found and ready (attempt 1): By.xpath: (//div[@id='content-icon'])[2]
17:54:21 [TestNG-test-Yt Master Tests-2] INFO  verifyingSideMenuCollapsedLangAsInSettings_17-53-01 - Looking for language element with name: Eesti
17:54:21 [TestNG-test-Yt Master Tests-2] INFO  verifyingSideMenuCollapsedLangAsInSettings_17-53-01 - [verifyingSideMenuCollapsedLangAsInSettings_17-53-01] Trying to find element: By.xpath: //yt-multi-page-menu-section-renderer[@class='style-scope ytd-multi-page-menu-renderer']//yt-formatted-string[@id='label' and text()='Eesti']
17:54:21 [TestNG-test-Yt Master Tests-2] INFO  verifyingSideMenuCollapsedLangAsInSettings_17-53-01 - [verifyingSideMenuCollapsedLangAsInSettings_17-53-01] Element found and ready (attempt 1): By.xpath: //yt-multi-page-menu-section-renderer[@class='style-scope ytd-multi-page-menu-renderer']//yt-formatted-string[@id='label' and text()='Eesti']
17:54:21 [TestNG-test-Yt Master Tests-2] INFO  verifyingSideMenuCollapsedLangAsInSettings_17-53-01 - [verifyingSideMenuCollapsedLangAsInSettings_17-53-01] Trying to find element: By.xpath: //yt-multi-page-menu-section-renderer[@class='style-scope ytd-multi-page-menu-renderer']//yt-formatted-string[@id='label' and text()='Eesti']
17:54:22 [TestNG-test-Yt Master Tests-2] INFO  verifyingSideMenuCollapsedLangAsInSettings_17-53-01 - [verifyingSideMenuCollapsedLangAsInSettings_17-53-01] Element found and ready (attempt 1): By.xpath: //yt-multi-page-menu-section-renderer[@class='style-scope ytd-multi-page-menu-renderer']//yt-formatted-string[@id='label' and text()='Eesti']
17:54:24 [TestNG-test-Yt Master Tests-2] INFO  verifyingSideMenuCollapsedLangAsInSettings_17-53-01 - Clicking settings ellipses button...
17:54:24 [TestNG-test-Yt Master Tests-2] INFO  verifyingSideMenuCollapsedLangAsInSettings_17-53-01 - [verifyingSideMenuCollapsedLangAsInSettings_17-53-01] Trying to find element: By.xpath: //ytd-topbar-menu-button-renderer[@class='style-scope ytd-masthead style-default']
17:54:24 [TestNG-test-Yt Master Tests-2] INFO  verifyingSideMenuCollapsedLangAsInSettings_17-53-01 - [verifyingSideMenuCollapsedLangAsInSettings_17-53-01] Element found and ready (attempt 1): By.xpath: //ytd-topbar-menu-button-renderer[@class='style-scope ytd-masthead style-default']
17:54:25 [TestNG-test-Yt Master Tests-2] INFO  verifyingSideMenuCollapsedLangAsInSettings_17-53-01 - [verifyingSideMenuCollapsedLangAsInSettings_17-53-01] Waiting until element is visible in viewport
17:54:26 [TestNG-test-Yt Master Tests-2] INFO  verifyingSideMenuCollapsedLangAsInSettings_17-53-01 - Clicking settings ellipses button...
17:54:26 [TestNG-test-Yt Master Tests-2] INFO  verifyingSideMenuCollapsedLangAsInSettings_17-53-01 - [verifyingSideMenuCollapsedLangAsInSettings_17-53-01] Trying to find element: By.xpath: //ytd-topbar-menu-button-renderer[@class='style-scope ytd-masthead style-default']
17:54:26 [TestNG-test-Yt Master Tests-2] INFO  verifyingSideMenuCollapsedLangAsInSettings_17-53-01 - [verifyingSideMenuCollapsedLangAsInSettings_17-53-01] Element found and ready (attempt 1): By.xpath: //ytd-topbar-menu-button-renderer[@class='style-scope ytd-masthead style-default']
17:54:27 [TestNG-test-Yt Master Tests-2] INFO  verifyingSideMenuCollapsedLangAsInSettings_17-53-01 - getLangAttribute() - locating <html> and reading lang property
17:54:27 [TestNG-test-Yt Master Tests-2] INFO  verifyingSideMenuCollapsedLangAsInSettings_17-53-01 - Language attribute read: et-EE
17:54:27 [TestNG-test-Yt Master Tests-2] INFO  verifyingSideMenuCollapsedLangAsInSettings_17-53-01 - Fetching the side menu in collapsed view
17:54:27 [TestNG-test-Yt Master Tests-2] INFO  verifyingSideMenuCollapsedLangAsInSettings_17-53-01 - [verifyingSideMenuCollapsedLangAsInSettings_17-53-01] Finding elements list: By.xpath: //ytd-mini-guide-renderer[@class='style-scope ytd-app']//ytd-mini-guide-entry-renderer
17:54:27 [TestNG-test-Yt Master Tests-2] INFO  verifyingSideMenuCollapsedLangAsInSettings_17-53-01 - [verifyingSideMenuCollapsedLangAsInSettings_17-53-01] Found 4 ready elements (attempt 1): By.xpath: //ytd-mini-guide-renderer[@class='style-scope ytd-app']//ytd-mini-guide-entry-renderer
17:54:27 [TestNG-test-Yt Master Tests-2] INFO  verifyingSideMenuCollapsedLangAsInSettings_17-53-01 - Clicking settings ellipses button...
17:54:27 [TestNG-test-Yt Master Tests-2] INFO  verifyingSideMenuCollapsedLangAsInSettings_17-53-01 - [verifyingSideMenuCollapsedLangAsInSettings_17-53-01] Trying to find element: By.xpath: //ytd-topbar-menu-button-renderer[@class='style-scope ytd-masthead style-default']
17:54:27 [TestNG-test-Yt Master Tests-2] INFO  verifyingSideMenuCollapsedLangAsInSettings_17-53-01 - [verifyingSideMenuCollapsedLangAsInSettings_17-53-01] Element found and ready (attempt 1): By.xpath: //ytd-topbar-menu-button-renderer[@class='style-scope ytd-masthead style-default']
17:54:27 [TestNG-test-Yt Master Tests-2] INFO  verifyingSideMenuCollapsedLangAsInSettings_17-53-01 - Clicking language dropdown...
17:54:27 [TestNG-test-Yt Master Tests-2] INFO  verifyingSideMenuCollapsedLangAsInSettings_17-53-01 - [verifyingSideMenuCollapsedLangAsInSettings_17-53-01] Trying to find element: By.xpath: (//div[@id='content-icon'])[2]
17:54:28 [TestNG-test-Yt Master Tests-2] INFO  verifyingSideMenuCollapsedLangAsInSettings_17-53-01 - [verifyingSideMenuCollapsedLangAsInSettings_17-53-01] Element found and ready (attempt 1): By.xpath: (//div[@id='content-icon'])[2]
17:54:29 [TestNG-test-Yt Master Tests-2] INFO  verifyingSideMenuCollapsedLangAsInSettings_17-53-01 - Looking for language element with name: English (India)
17:54:29 [TestNG-test-Yt Master Tests-2] INFO  verifyingSideMenuCollapsedLangAsInSettings_17-53-01 - [verifyingSideMenuCollapsedLangAsInSettings_17-53-01] Trying to find element: By.xpath: //yt-multi-page-menu-section-renderer[@class='style-scope ytd-multi-page-menu-renderer']//yt-formatted-string[@id='label' and text()='English (India)']
17:54:29 [TestNG-test-Yt Master Tests-2] INFO  verifyingSideMenuCollapsedLangAsInSettings_17-53-01 - [verifyingSideMenuCollapsedLangAsInSettings_17-53-01] Element found and ready (attempt 1): By.xpath: //yt-multi-page-menu-section-renderer[@class='style-scope ytd-multi-page-menu-renderer']//yt-formatted-string[@id='label' and text()='English (India)']
17:54:29 [TestNG-test-Yt Master Tests-2] INFO  verifyingSideMenuCollapsedLangAsInSettings_17-53-01 - [verifyingSideMenuCollapsedLangAsInSettings_17-53-01] Trying to find element: By.xpath: //yt-multi-page-menu-section-renderer[@class='style-scope ytd-multi-page-menu-renderer']//yt-formatted-string[@id='label' and text()='English (India)']
17:54:29 [TestNG-test-Yt Master Tests-2] INFO  verifyingSideMenuCollapsedLangAsInSettings_17-53-01 - [verifyingSideMenuCollapsedLangAsInSettings_17-53-01] Element found and ready (attempt 1): By.xpath: //yt-multi-page-menu-section-renderer[@class='style-scope ytd-multi-page-menu-renderer']//yt-formatted-string[@id='label' and text()='English (India)']
17:54:31 [TestNG-test-Yt Master Tests-2] INFO  verifyingSideMenuCollapsedLangAsInSettings_17-53-01 - Clicking settings ellipses button...
17:54:31 [TestNG-test-Yt Master Tests-2] INFO  verifyingSideMenuCollapsedLangAsInSettings_17-53-01 - [verifyingSideMenuCollapsedLangAsInSettings_17-53-01] Trying to find element: By.xpath: //ytd-topbar-menu-button-renderer[@class='style-scope ytd-masthead style-default']
17:54:31 [TestNG-test-Yt Master Tests-2] INFO  verifyingSideMenuCollapsedLangAsInSettings_17-53-01 - [verifyingSideMenuCollapsedLangAsInSettings_17-53-01] Element found and ready (attempt 1): By.xpath: //ytd-topbar-menu-button-renderer[@class='style-scope ytd-masthead style-default']
17:54:32 [TestNG-test-Yt Master Tests-2] INFO  verifyingSideMenuCollapsedLangAsInSettings_17-53-01 - [verifyingSideMenuCollapsedLangAsInSettings_17-53-01] Waiting until element is visible in viewport
17:54:33 [TestNG-test-Yt Master Tests-2] INFO  verifyingSideMenuCollapsedLangAsInSettings_17-53-01 - Clicking settings ellipses button...
17:54:33 [TestNG-test-Yt Master Tests-2] INFO  verifyingSideMenuCollapsedLangAsInSettings_17-53-01 - [verifyingSideMenuCollapsedLangAsInSettings_17-53-01] Trying to find element: By.xpath: //ytd-topbar-menu-button-renderer[@class='style-scope ytd-masthead style-default']
17:54:33 [TestNG-test-Yt Master Tests-2] INFO  verifyingSideMenuCollapsedLangAsInSettings_17-53-01 - [verifyingSideMenuCollapsedLangAsInSettings_17-53-01] Element found and ready (attempt 1): By.xpath: //ytd-topbar-menu-button-renderer[@class='style-scope ytd-masthead style-default']
17:54:34 [TestNG-test-Yt Master Tests-2] INFO  verifyingSideMenuCollapsedLangAsInSettings_17-53-01 - getLangAttribute() - locating <html> and reading lang property
17:54:34 [TestNG-test-Yt Master Tests-2] INFO  verifyingSideMenuCollapsedLangAsInSettings_17-53-01 - Language attribute read: en-IN
17:54:34 [TestNG-test-Yt Master Tests-2] INFO  verifyingSideMenuCollapsedLangAsInSettings_17-53-01 - Fetching the side menu in collapsed view
17:54:34 [TestNG-test-Yt Master Tests-2] INFO  verifyingSideMenuCollapsedLangAsInSettings_17-53-01 - [verifyingSideMenuCollapsedLangAsInSettings_17-53-01] Finding elements list: By.xpath: //ytd-mini-guide-renderer[@class='style-scope ytd-app']//ytd-mini-guide-entry-renderer
17:54:34 [TestNG-test-Yt Master Tests-2] INFO  verifyingSideMenuCollapsedLangAsInSettings_17-53-01 - [verifyingSideMenuCollapsedLangAsInSettings_17-53-01] Found 4 ready elements (attempt 1): By.xpath: //ytd-mini-guide-renderer[@class='style-scope ytd-app']//ytd-mini-guide-entry-renderer
17:54:34 [TestNG-test-Yt Master Tests-2] INFO  verifyingSideMenuCollapsedLangAsInSettings_17-53-01 - Clicking settings ellipses button...
17:54:34 [TestNG-test-Yt Master Tests-2] INFO  verifyingSideMenuCollapsedLangAsInSettings_17-53-01 - [verifyingSideMenuCollapsedLangAsInSettings_17-53-01] Trying to find element: By.xpath: //ytd-topbar-menu-button-renderer[@class='style-scope ytd-masthead style-default']
17:54:34 [TestNG-test-Yt Master Tests-2] INFO  verifyingSideMenuCollapsedLangAsInSettings_17-53-01 - [verifyingSideMenuCollapsedLangAsInSettings_17-53-01] Element found and ready (attempt 1): By.xpath: //ytd-topbar-menu-button-renderer[@class='style-scope ytd-masthead style-default']
17:54:34 [TestNG-test-Yt Master Tests-2] INFO  verifyingSideMenuCollapsedLangAsInSettings_17-53-01 - Clicking language dropdown...
17:54:34 [TestNG-test-Yt Master Tests-2] INFO  verifyingSideMenuCollapsedLangAsInSettings_17-53-01 - [verifyingSideMenuCollapsedLangAsInSettings_17-53-01] Trying to find element: By.xpath: (//div[@id='content-icon'])[2]
17:54:35 [TestNG-test-Yt Master Tests-2] INFO  verifyingSideMenuCollapsedLangAsInSettings_17-53-01 - [verifyingSideMenuCollapsedLangAsInSettings_17-53-01] Element found and ready (attempt 1): By.xpath: (//div[@id='content-icon'])[2]
