17:06:11 [TestNG-test-Yt Master Tests-1] INFO  verifyingSideMenuLanguageAsInSettingsLingua_17-06-11 - No existing WebDriver found for current thread. Initializing a new ChromeDriver...
17:06:11 [TestNG-test-Yt Master Tests-1] INFO  verifyingSideMenuLanguageAsInSettingsLingua_17-06-11 - WebDriverManager: chromedriver setup OK
17:06:15 [TestNG-test-Yt Master Tests-1] INFO  verifyingSideMenuLanguageAsInSettingsLingua_17-06-11 - ChromeDriver initialized successfully for thread: 34
17:06:15 [TestNG-test-Yt Master Tests-1] INFO  verifyingSideMenuLanguageAsInSettingsLingua_17-06-11 - SafeActions initialized with driver ChromeDriver: chrome on windows (2b7c9383d785f73c83a1e2a93e2db3de)
17:06:15 [TestNG-test-Yt Master Tests-1] INFO  verifyingSideMenuLanguageAsInSettingsLingua_17-06-11 - Initialized YtLandingPage with driver: ChromeDriver: chrome on windows (2b7c9383d785f73c83a1e2a93e2db3de)
17:06:15 [TestNG-test-Yt Master Tests-1] INFO  verifyingSideMenuLanguageAsInSettingsLingua_17-06-11 - SafeActions initialized with driver ChromeDriver: chrome on windows (2b7c9383d785f73c83a1e2a93e2db3de)
17:06:20 [TestNG-test-Yt Master Tests-1] INFO  verifyingSideMenuLanguageAsInSettingsLingua_17-06-11 - Opened YouTube landing page.
17:06:20 [TestNG-test-Yt Master Tests-1] INFO  verifyingSideMenuLanguageAsInSettingsLingua_17-06-11 - Clicking settings ellipses button...
17:06:20 [TestNG-test-Yt Master Tests-1] INFO  verifyingSideMenuLanguageAsInSettingsLingua_17-06-11 - [verifyingSideMenuLanguageAsInSettingsLingua_17-06-11] Trying to find element: By.xpath: //ytd-topbar-menu-button-renderer[@class='style-scope ytd-masthead style-default']
17:06:20 [TestNG-test-Yt Master Tests-1] INFO  verifyingSideMenuLanguageAsInSettingsLingua_17-06-11 - [verifyingSideMenuLanguageAsInSettingsLingua_17-06-11] Element found and ready (attempt 1): By.xpath: //ytd-topbar-menu-button-renderer[@class='style-scope ytd-masthead style-default']
17:06:20 [TestNG-test-Yt Master Tests-1] INFO  verifyingSideMenuLanguageAsInSettingsLingua_17-06-11 - Clicking language dropdown...
17:06:20 [TestNG-test-Yt Master Tests-1] INFO  verifyingSideMenuLanguageAsInSettingsLingua_17-06-11 - [verifyingSideMenuLanguageAsInSettingsLingua_17-06-11] Trying to find element: By.xpath: (//div[@id='content-icon'])[2]
17:06:21 [TestNG-test-Yt Master Tests-1] INFO  verifyingSideMenuLanguageAsInSettingsLingua_17-06-11 - [verifyingSideMenuLanguageAsInSettingsLingua_17-06-11] Element found and ready (attempt 1): By.xpath: (//div[@id='content-icon'])[2]
17:06:21 [TestNG-test-Yt Master Tests-1] INFO  verifyingSideMenuLanguageAsInSettingsLingua_17-06-11 - [verifyingSideMenuLanguageAsInSettingsLingua_17-06-11] Execution is Not CRON Job Hence referring to normal keys from UtilData
17:06:21 [TestNG-test-Yt Master Tests-1] INFO  verifyingSideMenuLanguageAsInSettingsLingua_17-06-11 - [verifyingSideMenuLanguageAsInSettingsLingua_17-06-11] Row count is == 10
17:06:21 [TestNG-test-Yt Master Tests-1] INFO  verifyingSideMenuLanguageAsInSettingsLingua_17-06-11 - Looking for language element with name: Afrikaans
17:06:21 [TestNG-test-Yt Master Tests-1] INFO  verifyingSideMenuLanguageAsInSettingsLingua_17-06-11 - [verifyingSideMenuLanguageAsInSettingsLingua_17-06-11] Trying to find element: By.xpath: //yt-multi-page-menu-section-renderer[@class='style-scope ytd-multi-page-menu-renderer']//yt-formatted-string[@id='label' and text()='Afrikaans']
17:06:21 [TestNG-test-Yt Master Tests-1] INFO  verifyingSideMenuLanguageAsInSettingsLingua_17-06-11 - [verifyingSideMenuLanguageAsInSettingsLingua_17-06-11] Element found and ready (attempt 1): By.xpath: //yt-multi-page-menu-section-renderer[@class='style-scope ytd-multi-page-menu-renderer']//yt-formatted-string[@id='label' and text()='Afrikaans']
17:06:21 [TestNG-test-Yt Master Tests-1] INFO  verifyingSideMenuLanguageAsInSettingsLingua_17-06-11 - [verifyingSideMenuLanguageAsInSettingsLingua_17-06-11] Trying to find element: By.xpath: //yt-multi-page-menu-section-renderer[@class='style-scope ytd-multi-page-menu-renderer']//yt-formatted-string[@id='label' and text()='Afrikaans']
17:06:21 [TestNG-test-Yt Master Tests-1] INFO  verifyingSideMenuLanguageAsInSettingsLingua_17-06-11 - [verifyingSideMenuLanguageAsInSettingsLingua_17-06-11] Element found and ready (attempt 1): By.xpath: //yt-multi-page-menu-section-renderer[@class='style-scope ytd-multi-page-menu-renderer']//yt-formatted-string[@id='label' and text()='Afrikaans']
17:06:34 [TestNG-test-Yt Master Tests-1] INFO  verifyingSideMenuLanguageAsInSettingsLingua_17-06-11 - Clicking settings ellipses button...
17:06:34 [TestNG-test-Yt Master Tests-1] INFO  verifyingSideMenuLanguageAsInSettingsLingua_17-06-11 - [verifyingSideMenuLanguageAsInSettingsLingua_17-06-11] Trying to find element: By.xpath: //ytd-topbar-menu-button-renderer[@class='style-scope ytd-masthead style-default']
17:06:34 [TestNG-test-Yt Master Tests-1] INFO  verifyingSideMenuLanguageAsInSettingsLingua_17-06-11 - [verifyingSideMenuLanguageAsInSettingsLingua_17-06-11] Element found and ready (attempt 1): By.xpath: //ytd-topbar-menu-button-renderer[@class='style-scope ytd-masthead style-default']
17:06:34 [TestNG-test-Yt Master Tests-1] INFO  verifyingSideMenuLanguageAsInSettingsLingua_17-06-11 - [verifyingSideMenuLanguageAsInSettingsLingua_17-06-11] Waiting until element is visible in viewport
17:06:34 [TestNG-test-Yt Master Tests-1] INFO  verifyingSideMenuLanguageAsInSettingsLingua_17-06-11 - Clicking settings ellipses button...
17:06:34 [TestNG-test-Yt Master Tests-1] INFO  verifyingSideMenuLanguageAsInSettingsLingua_17-06-11 - [verifyingSideMenuLanguageAsInSettingsLingua_17-06-11] Trying to find element: By.xpath: //ytd-topbar-menu-button-renderer[@class='style-scope ytd-masthead style-default']
17:06:34 [TestNG-test-Yt Master Tests-1] INFO  verifyingSideMenuLanguageAsInSettingsLingua_17-06-11 - [verifyingSideMenuLanguageAsInSettingsLingua_17-06-11] Element found and ready (attempt 1): By.xpath: //ytd-topbar-menu-button-renderer[@class='style-scope ytd-masthead style-default']
17:06:35 [TestNG-test-Yt Master Tests-1] INFO  verifyingSideMenuLanguageAsInSettingsLingua_17-06-11 - Fetching the side menu in expanded view
17:06:35 [TestNG-test-Yt Master Tests-1] INFO  verifyingSideMenuLanguageAsInSettingsLingua_17-06-11 - [verifyingSideMenuLanguageAsInSettingsLingua_17-06-11] Finding elements list: By.xpath: //ytd-guide-entry-renderer[@class='style-scope ytd-guide-section-renderer']
17:06:35 [TestNG-test-Yt Master Tests-1] INFO  verifyingSideMenuLanguageAsInSettingsLingua_17-06-11 - [verifyingSideMenuLanguageAsInSettingsLingua_17-06-11] Found 13 ready elements (attempt 1): By.xpath: //ytd-guide-entry-renderer[@class='style-scope ytd-guide-section-renderer']
17:06:35 [TestNG-test-Yt Master Tests-1] INFO  verifyingSideMenuLanguageAsInSettingsLingua_17-06-11 - 
========== LANGUAGE DETECTION ==========
Detected Language : DUTCH
Input Text        : Tuis Kortvideo's Intekeninge Myne Geskiedenis Musiek Flieks en TV Regstreeks YouTube Premium YouTube TV YouTube Music YouTube Kids Aangeegeskiedenis
========================================
17:06:35 [TestNG-test-Yt Master Tests-1] INFO  verifyingSideMenuLanguageAsInSettingsLingua_17-06-11 - getLangAttribute() - locating <html> and reading lang property
17:06:35 [TestNG-test-Yt Master Tests-1] INFO  verifyingSideMenuLanguageAsInSettingsLingua_17-06-11 - Language attribute read: af-ZA
17:06:35 [TestNG-test-Yt Master Tests-1] INFO  verifyingSideMenuLanguageAsInSettingsLingua_17-06-11 - [verifyingSideMenuLanguageAsInSettingsLingua_17-06-11] ApplicableLanguage==  Afrikaans     Detected Language ==  DUTCH  Expected Language == AFRIKAANS
17:06:35 [TestNG-test-Yt Master Tests-1] INFO  verifyingSideMenuLanguageAsInSettingsLingua_17-06-11 - Clicking settings ellipses button...
17:06:35 [TestNG-test-Yt Master Tests-1] INFO  verifyingSideMenuLanguageAsInSettingsLingua_17-06-11 - [verifyingSideMenuLanguageAsInSettingsLingua_17-06-11] Trying to find element: By.xpath: //ytd-topbar-menu-button-renderer[@class='style-scope ytd-masthead style-default']
17:06:35 [TestNG-test-Yt Master Tests-1] INFO  verifyingSideMenuLanguageAsInSettingsLingua_17-06-11 - [verifyingSideMenuLanguageAsInSettingsLingua_17-06-11] Element found and ready (attempt 1): By.xpath: //ytd-topbar-menu-button-renderer[@class='style-scope ytd-masthead style-default']
17:06:35 [TestNG-test-Yt Master Tests-1] INFO  verifyingSideMenuLanguageAsInSettingsLingua_17-06-11 - Clicking language dropdown...
17:06:35 [TestNG-test-Yt Master Tests-1] INFO  verifyingSideMenuLanguageAsInSettingsLingua_17-06-11 - [verifyingSideMenuLanguageAsInSettingsLingua_17-06-11] Trying to find element: By.xpath: (//div[@id='content-icon'])[2]
17:06:36 [TestNG-test-Yt Master Tests-1] INFO  verifyingSideMenuLanguageAsInSettingsLingua_17-06-11 - [verifyingSideMenuLanguageAsInSettingsLingua_17-06-11] Element found and ready (attempt 1): By.xpath: (//div[@id='content-icon'])[2]
17:06:36 [TestNG-test-Yt Master Tests-1] INFO  verifyingSideMenuLanguageAsInSettingsLingua_17-06-11 - Looking for language element with name: Azərbaycan
17:06:36 [TestNG-test-Yt Master Tests-1] INFO  verifyingSideMenuLanguageAsInSettingsLingua_17-06-11 - [verifyingSideMenuLanguageAsInSettingsLingua_17-06-11] Trying to find element: By.xpath: //yt-multi-page-menu-section-renderer[@class='style-scope ytd-multi-page-menu-renderer']//yt-formatted-string[@id='label' and text()='Azərbaycan']
17:06:36 [TestNG-test-Yt Master Tests-1] INFO  verifyingSideMenuLanguageAsInSettingsLingua_17-06-11 - [verifyingSideMenuLanguageAsInSettingsLingua_17-06-11] Element found and ready (attempt 1): By.xpath: //yt-multi-page-menu-section-renderer[@class='style-scope ytd-multi-page-menu-renderer']//yt-formatted-string[@id='label' and text()='Azərbaycan']
17:06:36 [TestNG-test-Yt Master Tests-1] INFO  verifyingSideMenuLanguageAsInSettingsLingua_17-06-11 - [verifyingSideMenuLanguageAsInSettingsLingua_17-06-11] Trying to find element: By.xpath: //yt-multi-page-menu-section-renderer[@class='style-scope ytd-multi-page-menu-renderer']//yt-formatted-string[@id='label' and text()='Azərbaycan']
17:06:36 [TestNG-test-Yt Master Tests-1] INFO  verifyingSideMenuLanguageAsInSettingsLingua_17-06-11 - [verifyingSideMenuLanguageAsInSettingsLingua_17-06-11] Element found and ready (attempt 1): By.xpath: //yt-multi-page-menu-section-renderer[@class='style-scope ytd-multi-page-menu-renderer']//yt-formatted-string[@id='label' and text()='Azərbaycan']
17:06:37 [TestNG-test-Yt Master Tests-1] INFO  verifyingSideMenuLanguageAsInSettingsLingua_17-06-11 - Clicking settings ellipses button...
17:06:38 [TestNG-test-Yt Master Tests-1] INFO  verifyingSideMenuLanguageAsInSettingsLingua_17-06-11 - [verifyingSideMenuLanguageAsInSettingsLingua_17-06-11] Trying to find element: By.xpath: //ytd-topbar-menu-button-renderer[@class='style-scope ytd-masthead style-default']
17:06:38 [TestNG-test-Yt Master Tests-1] INFO  verifyingSideMenuLanguageAsInSettingsLingua_17-06-11 - [verifyingSideMenuLanguageAsInSettingsLingua_17-06-11] Element found and ready (attempt 1): By.xpath: //ytd-topbar-menu-button-renderer[@class='style-scope ytd-masthead style-default']
17:06:38 [TestNG-test-Yt Master Tests-1] INFO  verifyingSideMenuLanguageAsInSettingsLingua_17-06-11 - [verifyingSideMenuLanguageAsInSettingsLingua_17-06-11] Waiting until element is visible in viewport
17:06:38 [TestNG-test-Yt Master Tests-1] INFO  verifyingSideMenuLanguageAsInSettingsLingua_17-06-11 - Clicking settings ellipses button...
17:06:38 [TestNG-test-Yt Master Tests-1] INFO  verifyingSideMenuLanguageAsInSettingsLingua_17-06-11 - [verifyingSideMenuLanguageAsInSettingsLingua_17-06-11] Trying to find element: By.xpath: //ytd-topbar-menu-button-renderer[@class='style-scope ytd-masthead style-default']
17:06:39 [TestNG-test-Yt Master Tests-1] INFO  verifyingSideMenuLanguageAsInSettingsLingua_17-06-11 - [verifyingSideMenuLanguageAsInSettingsLingua_17-06-11] Element found and ready (attempt 1): By.xpath: //ytd-topbar-menu-button-renderer[@class='style-scope ytd-masthead style-default']
17:06:39 [TestNG-test-Yt Master Tests-1] INFO  verifyingSideMenuLanguageAsInSettingsLingua_17-06-11 - Fetching the side menu in expanded view
17:06:39 [TestNG-test-Yt Master Tests-1] INFO  verifyingSideMenuLanguageAsInSettingsLingua_17-06-11 - [verifyingSideMenuLanguageAsInSettingsLingua_17-06-11] Finding elements list: By.xpath: //ytd-guide-entry-renderer[@class='style-scope ytd-guide-section-renderer']
17:06:39 [TestNG-test-Yt Master Tests-1] INFO  verifyingSideMenuLanguageAsInSettingsLingua_17-06-11 - [verifyingSideMenuLanguageAsInSettingsLingua_17-06-11] Found 13 ready elements (attempt 1): By.xpath: //ytd-guide-entry-renderer[@class='style-scope ytd-guide-section-renderer']
17:06:39 [TestNG-test-Yt Master Tests-1] INFO  verifyingSideMenuLanguageAsInSettingsLingua_17-06-11 - 
========== LANGUAGE DETECTION ==========
Detected Language : AZERBAIJANI
Input Text        : Ev Shorts Abunəliklər Siz Tarixçə Musiqi Film və TV Canlı YouTube Premium YouTube TV YouTube Music YouTube Kids Xəbər tarixçəsi
========================================
17:06:39 [TestNG-test-Yt Master Tests-1] INFO  verifyingSideMenuLanguageAsInSettingsLingua_17-06-11 - getLangAttribute() - locating <html> and reading lang property
17:06:39 [TestNG-test-Yt Master Tests-1] INFO  verifyingSideMenuLanguageAsInSettingsLingua_17-06-11 - Language attribute read: az-Latn-AZ
17:06:39 [TestNG-test-Yt Master Tests-1] INFO  verifyingSideMenuLanguageAsInSettingsLingua_17-06-11 - [verifyingSideMenuLanguageAsInSettingsLingua_17-06-11] ApplicableLanguage==  Azərbaycan     Detected Language ==  AZERBAIJANI  Expected Language == AZERBAIJANI
17:06:39 [TestNG-test-Yt Master Tests-1] INFO  verifyingSideMenuLanguageAsInSettingsLingua_17-06-11 - Clicking settings ellipses button...
17:06:39 [TestNG-test-Yt Master Tests-1] INFO  verifyingSideMenuLanguageAsInSettingsLingua_17-06-11 - [verifyingSideMenuLanguageAsInSettingsLingua_17-06-11] Trying to find element: By.xpath: //ytd-topbar-menu-button-renderer[@class='style-scope ytd-masthead style-default']
17:06:39 [TestNG-test-Yt Master Tests-1] INFO  verifyingSideMenuLanguageAsInSettingsLingua_17-06-11 - [verifyingSideMenuLanguageAsInSettingsLingua_17-06-11] Element found and ready (attempt 1): By.xpath: //ytd-topbar-menu-button-renderer[@class='style-scope ytd-masthead style-default']
17:06:39 [TestNG-test-Yt Master Tests-1] INFO  verifyingSideMenuLanguageAsInSettingsLingua_17-06-11 - Clicking language dropdown...
17:06:39 [TestNG-test-Yt Master Tests-1] INFO  verifyingSideMenuLanguageAsInSettingsLingua_17-06-11 - [verifyingSideMenuLanguageAsInSettingsLingua_17-06-11] Trying to find element: By.xpath: (//div[@id='content-icon'])[2]
17:06:39 [TestNG-test-Yt Master Tests-1] INFO  verifyingSideMenuLanguageAsInSettingsLingua_17-06-11 - [verifyingSideMenuLanguageAsInSettingsLingua_17-06-11] Element found and ready (attempt 1): By.xpath: (//div[@id='content-icon'])[2]
17:06:40 [TestNG-test-Yt Master Tests-1] INFO  verifyingSideMenuLanguageAsInSettingsLingua_17-06-11 - Looking for language element with name: Bahasa Indonesia
17:06:40 [TestNG-test-Yt Master Tests-1] INFO  verifyingSideMenuLanguageAsInSettingsLingua_17-06-11 - [verifyingSideMenuLanguageAsInSettingsLingua_17-06-11] Trying to find element: By.xpath: //yt-multi-page-menu-section-renderer[@class='style-scope ytd-multi-page-menu-renderer']//yt-formatted-string[@id='label' and text()='Bahasa Indonesia']
17:06:40 [TestNG-test-Yt Master Tests-1] INFO  verifyingSideMenuLanguageAsInSettingsLingua_17-06-11 - [verifyingSideMenuLanguageAsInSettingsLingua_17-06-11] Element found and ready (attempt 1): By.xpath: //yt-multi-page-menu-section-renderer[@class='style-scope ytd-multi-page-menu-renderer']//yt-formatted-string[@id='label' and text()='Bahasa Indonesia']
17:06:40 [TestNG-test-Yt Master Tests-1] INFO  verifyingSideMenuLanguageAsInSettingsLingua_17-06-11 - [verifyingSideMenuLanguageAsInSettingsLingua_17-06-11] Trying to find element: By.xpath: //yt-multi-page-menu-section-renderer[@class='style-scope ytd-multi-page-menu-renderer']//yt-formatted-string[@id='label' and text()='Bahasa Indonesia']
17:06:40 [TestNG-test-Yt Master Tests-1] INFO  verifyingSideMenuLanguageAsInSettingsLingua_17-06-11 - [verifyingSideMenuLanguageAsInSettingsLingua_17-06-11] Element found and ready (attempt 1): By.xpath: //yt-multi-page-menu-section-renderer[@class='style-scope ytd-multi-page-menu-renderer']//yt-formatted-string[@id='label' and text()='Bahasa Indonesia']
17:06:41 [TestNG-test-Yt Master Tests-1] INFO  verifyingSideMenuLanguageAsInSettingsLingua_17-06-11 - Clicking settings ellipses button...
17:06:41 [TestNG-test-Yt Master Tests-1] INFO  verifyingSideMenuLanguageAsInSettingsLingua_17-06-11 - [verifyingSideMenuLanguageAsInSettingsLingua_17-06-11] Trying to find element: By.xpath: //ytd-topbar-menu-button-renderer[@class='style-scope ytd-masthead style-default']
17:06:41 [TestNG-test-Yt Master Tests-1] INFO  verifyingSideMenuLanguageAsInSettingsLingua_17-06-11 - [verifyingSideMenuLanguageAsInSettingsLingua_17-06-11] Element found and ready (attempt 1): By.xpath: //ytd-topbar-menu-button-renderer[@class='style-scope ytd-masthead style-default']
17:06:41 [TestNG-test-Yt Master Tests-1] INFO  verifyingSideMenuLanguageAsInSettingsLingua_17-06-11 - [verifyingSideMenuLanguageAsInSettingsLingua_17-06-11] Waiting until element is visible in viewport
17:06:42 [TestNG-test-Yt Master Tests-1] INFO  verifyingSideMenuLanguageAsInSettingsLingua_17-06-11 - Clicking settings ellipses button...
17:06:42 [TestNG-test-Yt Master Tests-1] INFO  verifyingSideMenuLanguageAsInSettingsLingua_17-06-11 - [verifyingSideMenuLanguageAsInSettingsLingua_17-06-11] Trying to find element: By.xpath: //ytd-topbar-menu-button-renderer[@class='style-scope ytd-masthead style-default']
17:06:42 [TestNG-test-Yt Master Tests-1] INFO  verifyingSideMenuLanguageAsInSettingsLingua_17-06-11 - [verifyingSideMenuLanguageAsInSettingsLingua_17-06-11] Element found and ready (attempt 1): By.xpath: //ytd-topbar-menu-button-renderer[@class='style-scope ytd-masthead style-default']
17:06:42 [TestNG-test-Yt Master Tests-1] INFO  verifyingSideMenuLanguageAsInSettingsLingua_17-06-11 - Fetching the side menu in expanded view
17:06:42 [TestNG-test-Yt Master Tests-1] INFO  verifyingSideMenuLanguageAsInSettingsLingua_17-06-11 - [verifyingSideMenuLanguageAsInSettingsLingua_17-06-11] Finding elements list: By.xpath: //ytd-guide-entry-renderer[@class='style-scope ytd-guide-section-renderer']
17:06:42 [TestNG-test-Yt Master Tests-1] INFO  verifyingSideMenuLanguageAsInSettingsLingua_17-06-11 - [verifyingSideMenuLanguageAsInSettingsLingua_17-06-11] Found 13 ready elements (attempt 1): By.xpath: //ytd-guide-entry-renderer[@class='style-scope ytd-guide-section-renderer']
17:06:42 [TestNG-test-Yt Master Tests-1] INFO  verifyingSideMenuLanguageAsInSettingsLingua_17-06-11 - 
========== LANGUAGE DETECTION ==========
Detected Language : ENGLISH
Input Text        : Beranda Shorts Subscription Anda Histori Musik Film & TV Live YouTube Premium YouTube TV YouTube Music YouTube Kids Histori laporan
========================================
17:06:42 [TestNG-test-Yt Master Tests-1] INFO  verifyingSideMenuLanguageAsInSettingsLingua_17-06-11 - getLangAttribute() - locating <html> and reading lang property
17:06:42 [TestNG-test-Yt Master Tests-1] INFO  verifyingSideMenuLanguageAsInSettingsLingua_17-06-11 - Language attribute read: id-ID
17:06:42 [TestNG-test-Yt Master Tests-1] INFO  verifyingSideMenuLanguageAsInSettingsLingua_17-06-11 - [verifyingSideMenuLanguageAsInSettingsLingua_17-06-11] ApplicableLanguage==  Bahasa Indonesia     Detected Language ==  ENGLISH  Expected Language == INDONESIAN
17:06:42 [TestNG-test-Yt Master Tests-1] INFO  verifyingSideMenuLanguageAsInSettingsLingua_17-06-11 - Clicking settings ellipses button...
17:06:42 [TestNG-test-Yt Master Tests-1] INFO  verifyingSideMenuLanguageAsInSettingsLingua_17-06-11 - [verifyingSideMenuLanguageAsInSettingsLingua_17-06-11] Trying to find element: By.xpath: //ytd-topbar-menu-button-renderer[@class='style-scope ytd-masthead style-default']
17:06:42 [TestNG-test-Yt Master Tests-1] INFO  verifyingSideMenuLanguageAsInSettingsLingua_17-06-11 - [verifyingSideMenuLanguageAsInSettingsLingua_17-06-11] Element found and ready (attempt 1): By.xpath: //ytd-topbar-menu-button-renderer[@class='style-scope ytd-masthead style-default']
17:06:42 [TestNG-test-Yt Master Tests-1] INFO  verifyingSideMenuLanguageAsInSettingsLingua_17-06-11 - Clicking language dropdown...
17:06:42 [TestNG-test-Yt Master Tests-1] INFO  verifyingSideMenuLanguageAsInSettingsLingua_17-06-11 - [verifyingSideMenuLanguageAsInSettingsLingua_17-06-11] Trying to find element: By.xpath: (//div[@id='content-icon'])[2]
17:06:43 [TestNG-test-Yt Master Tests-1] INFO  verifyingSideMenuLanguageAsInSettingsLingua_17-06-11 - [verifyingSideMenuLanguageAsInSettingsLingua_17-06-11] Element found and ready (attempt 1): By.xpath: (//div[@id='content-icon'])[2]
17:06:43 [TestNG-test-Yt Master Tests-1] INFO  verifyingSideMenuLanguageAsInSettingsLingua_17-06-11 - Looking for language element with name: Bosanski
17:06:43 [TestNG-test-Yt Master Tests-1] INFO  verifyingSideMenuLanguageAsInSettingsLingua_17-06-11 - [verifyingSideMenuLanguageAsInSettingsLingua_17-06-11] Trying to find element: By.xpath: //yt-multi-page-menu-section-renderer[@class='style-scope ytd-multi-page-menu-renderer']//yt-formatted-string[@id='label' and text()='Bosanski']
17:06:43 [TestNG-test-Yt Master Tests-1] INFO  verifyingSideMenuLanguageAsInSettingsLingua_17-06-11 - [verifyingSideMenuLanguageAsInSettingsLingua_17-06-11] Element found and ready (attempt 1): By.xpath: //yt-multi-page-menu-section-renderer[@class='style-scope ytd-multi-page-menu-renderer']//yt-formatted-string[@id='label' and text()='Bosanski']
17:06:43 [TestNG-test-Yt Master Tests-1] INFO  verifyingSideMenuLanguageAsInSettingsLingua_17-06-11 - [verifyingSideMenuLanguageAsInSettingsLingua_17-06-11] Trying to find element: By.xpath: //yt-multi-page-menu-section-renderer[@class='style-scope ytd-multi-page-menu-renderer']//yt-formatted-string[@id='label' and text()='Bosanski']
17:06:43 [TestNG-test-Yt Master Tests-1] INFO  verifyingSideMenuLanguageAsInSettingsLingua_17-06-11 - [verifyingSideMenuLanguageAsInSettingsLingua_17-06-11] Element found and ready (attempt 1): By.xpath: //yt-multi-page-menu-section-renderer[@class='style-scope ytd-multi-page-menu-renderer']//yt-formatted-string[@id='label' and text()='Bosanski']
17:06:44 [TestNG-test-Yt Master Tests-1] INFO  verifyingSideMenuLanguageAsInSettingsLingua_17-06-11 - Clicking settings ellipses button...
17:06:44 [TestNG-test-Yt Master Tests-1] INFO  verifyingSideMenuLanguageAsInSettingsLingua_17-06-11 - [verifyingSideMenuLanguageAsInSettingsLingua_17-06-11] Trying to find element: By.xpath: //ytd-topbar-menu-button-renderer[@class='style-scope ytd-masthead style-default']
17:06:44 [TestNG-test-Yt Master Tests-1] INFO  verifyingSideMenuLanguageAsInSettingsLingua_17-06-11 - [verifyingSideMenuLanguageAsInSettingsLingua_17-06-11] Element found and ready (attempt 1): By.xpath: //ytd-topbar-menu-button-renderer[@class='style-scope ytd-masthead style-default']
17:06:44 [TestNG-test-Yt Master Tests-1] INFO  verifyingSideMenuLanguageAsInSettingsLingua_17-06-11 - [verifyingSideMenuLanguageAsInSettingsLingua_17-06-11] Waiting until element is visible in viewport
17:06:45 [TestNG-test-Yt Master Tests-1] INFO  verifyingSideMenuLanguageAsInSettingsLingua_17-06-11 - Clicking settings ellipses button...
17:06:45 [TestNG-test-Yt Master Tests-1] INFO  verifyingSideMenuLanguageAsInSettingsLingua_17-06-11 - [verifyingSideMenuLanguageAsInSettingsLingua_17-06-11] Trying to find element: By.xpath: //ytd-topbar-menu-button-renderer[@class='style-scope ytd-masthead style-default']
17:06:45 [TestNG-test-Yt Master Tests-1] INFO  verifyingSideMenuLanguageAsInSettingsLingua_17-06-11 - [verifyingSideMenuLanguageAsInSettingsLingua_17-06-11] Element found and ready (attempt 1): By.xpath: //ytd-topbar-menu-button-renderer[@class='style-scope ytd-masthead style-default']
17:06:45 [TestNG-test-Yt Master Tests-1] INFO  verifyingSideMenuLanguageAsInSettingsLingua_17-06-11 - Fetching the side menu in expanded view
17:06:45 [TestNG-test-Yt Master Tests-1] INFO  verifyingSideMenuLanguageAsInSettingsLingua_17-06-11 - [verifyingSideMenuLanguageAsInSettingsLingua_17-06-11] Finding elements list: By.xpath: //ytd-guide-entry-renderer[@class='style-scope ytd-guide-section-renderer']
17:06:45 [TestNG-test-Yt Master Tests-1] INFO  verifyingSideMenuLanguageAsInSettingsLingua_17-06-11 - [verifyingSideMenuLanguageAsInSettingsLingua_17-06-11] Found 13 ready elements (attempt 1): By.xpath: //ytd-guide-entry-renderer[@class='style-scope ytd-guide-section-renderer']
17:06:46 [TestNG-test-Yt Master Tests-1] INFO  verifyingSideMenuLanguageAsInSettingsLingua_17-06-11 - 
========== LANGUAGE DETECTION ==========
Detected Language : BOSNIAN
Input Text        : Početna stranica Shorts Pretplate Vi Hi‪storija Muzika Filmovi i TV Uživo YouTube Premium YouTube TV YouTube Music YouTube Kids Historija prijava
========================================
17:06:46 [TestNG-test-Yt Master Tests-1] INFO  verifyingSideMenuLanguageAsInSettingsLingua_17-06-11 - getLangAttribute() - locating <html> and reading lang property
17:06:46 [TestNG-test-Yt Master Tests-1] INFO  verifyingSideMenuLanguageAsInSettingsLingua_17-06-11 - Language attribute read: bs-Latn-BA
17:06:46 [TestNG-test-Yt Master Tests-1] INFO  verifyingSideMenuLanguageAsInSettingsLingua_17-06-11 - [verifyingSideMenuLanguageAsInSettingsLingua_17-06-11] ApplicableLanguage==  Bosanski     Detected Language ==  BOSNIAN  Expected Language == CROATIAN
17:06:46 [TestNG-test-Yt Master Tests-1] INFO  verifyingSideMenuLanguageAsInSettingsLingua_17-06-11 - Clicking settings ellipses button...
17:06:46 [TestNG-test-Yt Master Tests-1] INFO  verifyingSideMenuLanguageAsInSettingsLingua_17-06-11 - [verifyingSideMenuLanguageAsInSettingsLingua_17-06-11] Trying to find element: By.xpath: //ytd-topbar-menu-button-renderer[@class='style-scope ytd-masthead style-default']
17:06:46 [TestNG-test-Yt Master Tests-1] INFO  verifyingSideMenuLanguageAsInSettingsLingua_17-06-11 - [verifyingSideMenuLanguageAsInSettingsLingua_17-06-11] Element found and ready (attempt 1): By.xpath: //ytd-topbar-menu-button-renderer[@class='style-scope ytd-masthead style-default']
17:06:46 [TestNG-test-Yt Master Tests-1] INFO  verifyingSideMenuLanguageAsInSettingsLingua_17-06-11 - Clicking language dropdown...
17:06:46 [TestNG-test-Yt Master Tests-1] INFO  verifyingSideMenuLanguageAsInSettingsLingua_17-06-11 - [verifyingSideMenuLanguageAsInSettingsLingua_17-06-11] Trying to find element: By.xpath: (//div[@id='content-icon'])[2]
17:06:46 [TestNG-test-Yt Master Tests-1] INFO  verifyingSideMenuLanguageAsInSettingsLingua_17-06-11 - [verifyingSideMenuLanguageAsInSettingsLingua_17-06-11] Element found and ready (attempt 1): By.xpath: (//div[@id='content-icon'])[2]
17:06:46 [TestNG-test-Yt Master Tests-1] INFO  verifyingSideMenuLanguageAsInSettingsLingua_17-06-11 - Looking for language element with name: Català
17:06:46 [TestNG-test-Yt Master Tests-1] INFO  verifyingSideMenuLanguageAsInSettingsLingua_17-06-11 - [verifyingSideMenuLanguageAsInSettingsLingua_17-06-11] Trying to find element: By.xpath: //yt-multi-page-menu-section-renderer[@class='style-scope ytd-multi-page-menu-renderer']//yt-formatted-string[@id='label' and text()='Català']
17:06:47 [TestNG-test-Yt Master Tests-1] INFO  verifyingSideMenuLanguageAsInSettingsLingua_17-06-11 - [verifyingSideMenuLanguageAsInSettingsLingua_17-06-11] Element found and ready (attempt 1): By.xpath: //yt-multi-page-menu-section-renderer[@class='style-scope ytd-multi-page-menu-renderer']//yt-formatted-string[@id='label' and text()='Català']
17:06:47 [TestNG-test-Yt Master Tests-1] INFO  verifyingSideMenuLanguageAsInSettingsLingua_17-06-11 - [verifyingSideMenuLanguageAsInSettingsLingua_17-06-11] Trying to find element: By.xpath: //yt-multi-page-menu-section-renderer[@class='style-scope ytd-multi-page-menu-renderer']//yt-formatted-string[@id='label' and text()='Català']
17:06:47 [TestNG-test-Yt Master Tests-1] INFO  verifyingSideMenuLanguageAsInSettingsLingua_17-06-11 - [verifyingSideMenuLanguageAsInSettingsLingua_17-06-11] Element found and ready (attempt 1): By.xpath: //yt-multi-page-menu-section-renderer[@class='style-scope ytd-multi-page-menu-renderer']//yt-formatted-string[@id='label' and text()='Català']
17:06:48 [TestNG-test-Yt Master Tests-1] INFO  verifyingSideMenuLanguageAsInSettingsLingua_17-06-11 - Clicking settings ellipses button...
17:06:48 [TestNG-test-Yt Master Tests-1] INFO  verifyingSideMenuLanguageAsInSettingsLingua_17-06-11 - [verifyingSideMenuLanguageAsInSettingsLingua_17-06-11] Trying to find element: By.xpath: //ytd-topbar-menu-button-renderer[@class='style-scope ytd-masthead style-default']
17:06:48 [TestNG-test-Yt Master Tests-1] INFO  verifyingSideMenuLanguageAsInSettingsLingua_17-06-11 - [verifyingSideMenuLanguageAsInSettingsLingua_17-06-11] Element found and ready (attempt 1): By.xpath: //ytd-topbar-menu-button-renderer[@class='style-scope ytd-masthead style-default']
17:06:48 [TestNG-test-Yt Master Tests-1] INFO  verifyingSideMenuLanguageAsInSettingsLingua_17-06-11 - [verifyingSideMenuLanguageAsInSettingsLingua_17-06-11] Waiting until element is visible in viewport
17:06:50 [TestNG-test-Yt Master Tests-1] INFO  verifyingSideMenuLanguageAsInSettingsLingua_17-06-11 - Clicking settings ellipses button...
17:06:50 [TestNG-test-Yt Master Tests-1] INFO  verifyingSideMenuLanguageAsInSettingsLingua_17-06-11 - [verifyingSideMenuLanguageAsInSettingsLingua_17-06-11] Trying to find element: By.xpath: //ytd-topbar-menu-button-renderer[@class='style-scope ytd-masthead style-default']
17:06:50 [TestNG-test-Yt Master Tests-1] INFO  verifyingSideMenuLanguageAsInSettingsLingua_17-06-11 - [verifyingSideMenuLanguageAsInSettingsLingua_17-06-11] Element found and ready (attempt 1): By.xpath: //ytd-topbar-menu-button-renderer[@class='style-scope ytd-masthead style-default']
17:06:50 [TestNG-test-Yt Master Tests-1] INFO  verifyingSideMenuLanguageAsInSettingsLingua_17-06-11 - Fetching the side menu in expanded view
17:06:50 [TestNG-test-Yt Master Tests-1] INFO  verifyingSideMenuLanguageAsInSettingsLingua_17-06-11 - [verifyingSideMenuLanguageAsInSettingsLingua_17-06-11] Finding elements list: By.xpath: //ytd-guide-entry-renderer[@class='style-scope ytd-guide-section-renderer']
17:06:50 [TestNG-test-Yt Master Tests-1] INFO  verifyingSideMenuLanguageAsInSettingsLingua_17-06-11 - [verifyingSideMenuLanguageAsInSettingsLingua_17-06-11] Found 13 ready elements (attempt 1): By.xpath: //ytd-guide-entry-renderer[@class='style-scope ytd-guide-section-renderer']
17:06:50 [TestNG-test-Yt Master Tests-1] INFO  verifyingSideMenuLanguageAsInSettingsLingua_17-06-11 - 
========== LANGUAGE DETECTION ==========
Detected Language : CATALAN
Input Text        : Inici Shorts Subscripcions Tu Historial Música Pel·lícules i televisió En directe YouTube Premium YouTube TV YouTube Music YouTube Kids Historial d'informes
========================================
17:06:50 [TestNG-test-Yt Master Tests-1] INFO  verifyingSideMenuLanguageAsInSettingsLingua_17-06-11 - getLangAttribute() - locating <html> and reading lang property
17:06:50 [TestNG-test-Yt Master Tests-1] INFO  verifyingSideMenuLanguageAsInSettingsLingua_17-06-11 - Language attribute read: ca-ES
17:06:50 [TestNG-test-Yt Master Tests-1] INFO  verifyingSideMenuLanguageAsInSettingsLingua_17-06-11 - [verifyingSideMenuLanguageAsInSettingsLingua_17-06-11] ApplicableLanguage==  Català     Detected Language ==  CATALAN  Expected Language == CATALAN
17:06:50 [TestNG-test-Yt Master Tests-1] INFO  verifyingSideMenuLanguageAsInSettingsLingua_17-06-11 - Clicking settings ellipses button...
17:06:50 [TestNG-test-Yt Master Tests-1] INFO  verifyingSideMenuLanguageAsInSettingsLingua_17-06-11 - [verifyingSideMenuLanguageAsInSettingsLingua_17-06-11] Trying to find element: By.xpath: //ytd-topbar-menu-button-renderer[@class='style-scope ytd-masthead style-default']
17:06:50 [TestNG-test-Yt Master Tests-1] INFO  verifyingSideMenuLanguageAsInSettingsLingua_17-06-11 - [verifyingSideMenuLanguageAsInSettingsLingua_17-06-11] Element found and ready (attempt 1): By.xpath: //ytd-topbar-menu-button-renderer[@class='style-scope ytd-masthead style-default']
17:06:50 [TestNG-test-Yt Master Tests-1] INFO  verifyingSideMenuLanguageAsInSettingsLingua_17-06-11 - Clicking language dropdown...
17:06:50 [TestNG-test-Yt Master Tests-1] INFO  verifyingSideMenuLanguageAsInSettingsLingua_17-06-11 - [verifyingSideMenuLanguageAsInSettingsLingua_17-06-11] Trying to find element: By.xpath: (//div[@id='content-icon'])[2]
17:06:51 [TestNG-test-Yt Master Tests-1] INFO  verifyingSideMenuLanguageAsInSettingsLingua_17-06-11 - [verifyingSideMenuLanguageAsInSettingsLingua_17-06-11] Element found and ready (attempt 1): By.xpath: (//div[@id='content-icon'])[2]
17:06:51 [TestNG-test-Yt Master Tests-1] INFO  verifyingSideMenuLanguageAsInSettingsLingua_17-06-11 - Looking for language element with name: Dansk
17:06:51 [TestNG-test-Yt Master Tests-1] INFO  verifyingSideMenuLanguageAsInSettingsLingua_17-06-11 - [verifyingSideMenuLanguageAsInSettingsLingua_17-06-11] Trying to find element: By.xpath: //yt-multi-page-menu-section-renderer[@class='style-scope ytd-multi-page-menu-renderer']//yt-formatted-string[@id='label' and text()='Dansk']
17:06:51 [TestNG-test-Yt Master Tests-1] INFO  verifyingSideMenuLanguageAsInSettingsLingua_17-06-11 - [verifyingSideMenuLanguageAsInSettingsLingua_17-06-11] Element found and ready (attempt 1): By.xpath: //yt-multi-page-menu-section-renderer[@class='style-scope ytd-multi-page-menu-renderer']//yt-formatted-string[@id='label' and text()='Dansk']
17:06:51 [TestNG-test-Yt Master Tests-1] INFO  verifyingSideMenuLanguageAsInSettingsLingua_17-06-11 - [verifyingSideMenuLanguageAsInSettingsLingua_17-06-11] Trying to find element: By.xpath: //yt-multi-page-menu-section-renderer[@class='style-scope ytd-multi-page-menu-renderer']//yt-formatted-string[@id='label' and text()='Dansk']
17:06:51 [TestNG-test-Yt Master Tests-1] INFO  verifyingSideMenuLanguageAsInSettingsLingua_17-06-11 - [verifyingSideMenuLanguageAsInSettingsLingua_17-06-11] Element found and ready (attempt 1): By.xpath: //yt-multi-page-menu-section-renderer[@class='style-scope ytd-multi-page-menu-renderer']//yt-formatted-string[@id='label' and text()='Dansk']
17:06:52 [TestNG-test-Yt Master Tests-1] INFO  verifyingSideMenuLanguageAsInSettingsLingua_17-06-11 - Clicking settings ellipses button...
17:06:52 [TestNG-test-Yt Master Tests-1] INFO  verifyingSideMenuLanguageAsInSettingsLingua_17-06-11 - [verifyingSideMenuLanguageAsInSettingsLingua_17-06-11] Trying to find element: By.xpath: //ytd-topbar-menu-button-renderer[@class='style-scope ytd-masthead style-default']
17:06:52 [TestNG-test-Yt Master Tests-1] INFO  verifyingSideMenuLanguageAsInSettingsLingua_17-06-11 - [verifyingSideMenuLanguageAsInSettingsLingua_17-06-11] Element found and ready (attempt 1): By.xpath: //ytd-topbar-menu-button-renderer[@class='style-scope ytd-masthead style-default']
17:06:53 [TestNG-test-Yt Master Tests-1] INFO  verifyingSideMenuLanguageAsInSettingsLingua_17-06-11 - [verifyingSideMenuLanguageAsInSettingsLingua_17-06-11] Waiting until element is visible in viewport
17:06:53 [TestNG-test-Yt Master Tests-1] INFO  verifyingSideMenuLanguageAsInSettingsLingua_17-06-11 - Clicking settings ellipses button...
17:06:53 [TestNG-test-Yt Master Tests-1] INFO  verifyingSideMenuLanguageAsInSettingsLingua_17-06-11 - [verifyingSideMenuLanguageAsInSettingsLingua_17-06-11] Trying to find element: By.xpath: //ytd-topbar-menu-button-renderer[@class='style-scope ytd-masthead style-default']
17:06:53 [TestNG-test-Yt Master Tests-1] INFO  verifyingSideMenuLanguageAsInSettingsLingua_17-06-11 - [verifyingSideMenuLanguageAsInSettingsLingua_17-06-11] Element found and ready (attempt 1): By.xpath: //ytd-topbar-menu-button-renderer[@class='style-scope ytd-masthead style-default']
17:06:53 [TestNG-test-Yt Master Tests-1] INFO  verifyingSideMenuLanguageAsInSettingsLingua_17-06-11 - Fetching the side menu in expanded view
17:06:53 [TestNG-test-Yt Master Tests-1] INFO  verifyingSideMenuLanguageAsInSettingsLingua_17-06-11 - [verifyingSideMenuLanguageAsInSettingsLingua_17-06-11] Finding elements list: By.xpath: //ytd-guide-entry-renderer[@class='style-scope ytd-guide-section-renderer']
17:06:53 [TestNG-test-Yt Master Tests-1] INFO  verifyingSideMenuLanguageAsInSettingsLingua_17-06-11 - [verifyingSideMenuLanguageAsInSettingsLingua_17-06-11] Found 13 ready elements (attempt 1): By.xpath: //ytd-guide-entry-renderer[@class='style-scope ytd-guide-section-renderer']
17:06:54 [TestNG-test-Yt Master Tests-1] INFO  verifyingSideMenuLanguageAsInSettingsLingua_17-06-11 - 
========== LANGUAGE DETECTION ==========
Detected Language : DANISH
Input Text        : Start Shorts Abonnementer Dig Historik Musik Film og tv Live YouTube Premium YouTube TV YouTube Music YouTube Kids Rapporteringshistorik
========================================
17:06:54 [TestNG-test-Yt Master Tests-1] INFO  verifyingSideMenuLanguageAsInSettingsLingua_17-06-11 - getLangAttribute() - locating <html> and reading lang property
17:06:54 [TestNG-test-Yt Master Tests-1] INFO  verifyingSideMenuLanguageAsInSettingsLingua_17-06-11 - Language attribute read: da-DK
17:06:54 [TestNG-test-Yt Master Tests-1] INFO  verifyingSideMenuLanguageAsInSettingsLingua_17-06-11 - [verifyingSideMenuLanguageAsInSettingsLingua_17-06-11] ApplicableLanguage==  Dansk     Detected Language ==  DANISH  Expected Language == DANISH
17:06:54 [TestNG-test-Yt Master Tests-1] INFO  verifyingSideMenuLanguageAsInSettingsLingua_17-06-11 - Clicking settings ellipses button...
17:06:54 [TestNG-test-Yt Master Tests-1] INFO  verifyingSideMenuLanguageAsInSettingsLingua_17-06-11 - [verifyingSideMenuLanguageAsInSettingsLingua_17-06-11] Trying to find element: By.xpath: //ytd-topbar-menu-button-renderer[@class='style-scope ytd-masthead style-default']
17:06:54 [TestNG-test-Yt Master Tests-1] INFO  verifyingSideMenuLanguageAsInSettingsLingua_17-06-11 - [verifyingSideMenuLanguageAsInSettingsLingua_17-06-11] Element found and ready (attempt 1): By.xpath: //ytd-topbar-menu-button-renderer[@class='style-scope ytd-masthead style-default']
17:06:54 [TestNG-test-Yt Master Tests-1] INFO  verifyingSideMenuLanguageAsInSettingsLingua_17-06-11 - Clicking language dropdown...
17:06:54 [TestNG-test-Yt Master Tests-1] INFO  verifyingSideMenuLanguageAsInSettingsLingua_17-06-11 - [verifyingSideMenuLanguageAsInSettingsLingua_17-06-11] Trying to find element: By.xpath: (//div[@id='content-icon'])[2]
17:06:54 [TestNG-test-Yt Master Tests-1] INFO  verifyingSideMenuLanguageAsInSettingsLingua_17-06-11 - [verifyingSideMenuLanguageAsInSettingsLingua_17-06-11] Element found and ready (attempt 1): By.xpath: (//div[@id='content-icon'])[2]
17:06:54 [TestNG-test-Yt Master Tests-1] INFO  verifyingSideMenuLanguageAsInSettingsLingua_17-06-11 - Looking for language element with name: Deutsch
17:06:54 [TestNG-test-Yt Master Tests-1] INFO  verifyingSideMenuLanguageAsInSettingsLingua_17-06-11 - [verifyingSideMenuLanguageAsInSettingsLingua_17-06-11] Trying to find element: By.xpath: //yt-multi-page-menu-section-renderer[@class='style-scope ytd-multi-page-menu-renderer']//yt-formatted-string[@id='label' and text()='Deutsch']
17:06:55 [TestNG-test-Yt Master Tests-1] INFO  verifyingSideMenuLanguageAsInSettingsLingua_17-06-11 - [verifyingSideMenuLanguageAsInSettingsLingua_17-06-11] Element found and ready (attempt 1): By.xpath: //yt-multi-page-menu-section-renderer[@class='style-scope ytd-multi-page-menu-renderer']//yt-formatted-string[@id='label' and text()='Deutsch']
17:06:55 [TestNG-test-Yt Master Tests-1] INFO  verifyingSideMenuLanguageAsInSettingsLingua_17-06-11 - [verifyingSideMenuLanguageAsInSettingsLingua_17-06-11] Trying to find element: By.xpath: //yt-multi-page-menu-section-renderer[@class='style-scope ytd-multi-page-menu-renderer']//yt-formatted-string[@id='label' and text()='Deutsch']
17:06:55 [TestNG-test-Yt Master Tests-1] INFO  verifyingSideMenuLanguageAsInSettingsLingua_17-06-11 - [verifyingSideMenuLanguageAsInSettingsLingua_17-06-11] Element found and ready (attempt 1): By.xpath: //yt-multi-page-menu-section-renderer[@class='style-scope ytd-multi-page-menu-renderer']//yt-formatted-string[@id='label' and text()='Deutsch']
17:06:56 [TestNG-test-Yt Master Tests-1] INFO  verifyingSideMenuLanguageAsInSettingsLingua_17-06-11 - Clicking settings ellipses button...
17:06:56 [TestNG-test-Yt Master Tests-1] INFO  verifyingSideMenuLanguageAsInSettingsLingua_17-06-11 - [verifyingSideMenuLanguageAsInSettingsLingua_17-06-11] Trying to find element: By.xpath: //ytd-topbar-menu-button-renderer[@class='style-scope ytd-masthead style-default']
17:06:56 [TestNG-test-Yt Master Tests-1] INFO  verifyingSideMenuLanguageAsInSettingsLingua_17-06-11 - [verifyingSideMenuLanguageAsInSettingsLingua_17-06-11] Element found and ready (attempt 1): By.xpath: //ytd-topbar-menu-button-renderer[@class='style-scope ytd-masthead style-default']
17:06:56 [TestNG-test-Yt Master Tests-1] INFO  verifyingSideMenuLanguageAsInSettingsLingua_17-06-11 - [verifyingSideMenuLanguageAsInSettingsLingua_17-06-11] Waiting until element is visible in viewport
17:06:57 [TestNG-test-Yt Master Tests-1] INFO  verifyingSideMenuLanguageAsInSettingsLingua_17-06-11 - Clicking settings ellipses button...
17:06:57 [TestNG-test-Yt Master Tests-1] INFO  verifyingSideMenuLanguageAsInSettingsLingua_17-06-11 - [verifyingSideMenuLanguageAsInSettingsLingua_17-06-11] Trying to find element: By.xpath: //ytd-topbar-menu-button-renderer[@class='style-scope ytd-masthead style-default']
17:06:57 [TestNG-test-Yt Master Tests-1] INFO  verifyingSideMenuLanguageAsInSettingsLingua_17-06-11 - [verifyingSideMenuLanguageAsInSettingsLingua_17-06-11] Element found and ready (attempt 1): By.xpath: //ytd-topbar-menu-button-renderer[@class='style-scope ytd-masthead style-default']
17:06:57 [TestNG-test-Yt Master Tests-1] INFO  verifyingSideMenuLanguageAsInSettingsLingua_17-06-11 - Fetching the side menu in expanded view
17:06:57 [TestNG-test-Yt Master Tests-1] INFO  verifyingSideMenuLanguageAsInSettingsLingua_17-06-11 - [verifyingSideMenuLanguageAsInSettingsLingua_17-06-11] Finding elements list: By.xpath: //ytd-guide-entry-renderer[@class='style-scope ytd-guide-section-renderer']
17:06:57 [TestNG-test-Yt Master Tests-1] INFO  verifyingSideMenuLanguageAsInSettingsLingua_17-06-11 - [verifyingSideMenuLanguageAsInSettingsLingua_17-06-11] Found 13 ready elements (attempt 1): By.xpath: //ytd-guide-entry-renderer[@class='style-scope ytd-guide-section-renderer']
17:06:57 [TestNG-test-Yt Master Tests-1] INFO  verifyingSideMenuLanguageAsInSettingsLingua_17-06-11 - 
========== LANGUAGE DETECTION ==========
Detected Language : GERMAN
Input Text        : Startseite Shorts Abos Mein YouTube Verlauf Musik Filme & Shows Live YouTube Premium YouTube TV YouTube Music YouTube Kids Meldeverlauf
========================================
17:06:57 [TestNG-test-Yt Master Tests-1] INFO  verifyingSideMenuLanguageAsInSettingsLingua_17-06-11 - getLangAttribute() - locating <html> and reading lang property
17:06:57 [TestNG-test-Yt Master Tests-1] INFO  verifyingSideMenuLanguageAsInSettingsLingua_17-06-11 - Language attribute read: de-DE
17:06:57 [TestNG-test-Yt Master Tests-1] INFO  verifyingSideMenuLanguageAsInSettingsLingua_17-06-11 - [verifyingSideMenuLanguageAsInSettingsLingua_17-06-11] ApplicableLanguage==  Deutsch     Detected Language ==  GERMAN  Expected Language == GERMAN
17:06:57 [TestNG-test-Yt Master Tests-1] INFO  verifyingSideMenuLanguageAsInSettingsLingua_17-06-11 - Clicking settings ellipses button...
17:06:57 [TestNG-test-Yt Master Tests-1] INFO  verifyingSideMenuLanguageAsInSettingsLingua_17-06-11 - [verifyingSideMenuLanguageAsInSettingsLingua_17-06-11] Trying to find element: By.xpath: //ytd-topbar-menu-button-renderer[@class='style-scope ytd-masthead style-default']
17:06:57 [TestNG-test-Yt Master Tests-1] INFO  verifyingSideMenuLanguageAsInSettingsLingua_17-06-11 - [verifyingSideMenuLanguageAsInSettingsLingua_17-06-11] Element found and ready (attempt 1): By.xpath: //ytd-topbar-menu-button-renderer[@class='style-scope ytd-masthead style-default']
17:06:57 [TestNG-test-Yt Master Tests-1] INFO  verifyingSideMenuLanguageAsInSettingsLingua_17-06-11 - Clicking language dropdown...
17:06:57 [TestNG-test-Yt Master Tests-1] INFO  verifyingSideMenuLanguageAsInSettingsLingua_17-06-11 - [verifyingSideMenuLanguageAsInSettingsLingua_17-06-11] Trying to find element: By.xpath: (//div[@id='content-icon'])[2]
17:06:58 [TestNG-test-Yt Master Tests-1] INFO  verifyingSideMenuLanguageAsInSettingsLingua_17-06-11 - [verifyingSideMenuLanguageAsInSettingsLingua_17-06-11] Element found and ready (attempt 1): By.xpath: (//div[@id='content-icon'])[2]
17:06:58 [TestNG-test-Yt Master Tests-1] INFO  verifyingSideMenuLanguageAsInSettingsLingua_17-06-11 - Looking for language element with name: Eesti
17:06:58 [TestNG-test-Yt Master Tests-1] INFO  verifyingSideMenuLanguageAsInSettingsLingua_17-06-11 - [verifyingSideMenuLanguageAsInSettingsLingua_17-06-11] Trying to find element: By.xpath: //yt-multi-page-menu-section-renderer[@class='style-scope ytd-multi-page-menu-renderer']//yt-formatted-string[@id='label' and text()='Eesti']
17:06:58 [TestNG-test-Yt Master Tests-1] INFO  verifyingSideMenuLanguageAsInSettingsLingua_17-06-11 - [verifyingSideMenuLanguageAsInSettingsLingua_17-06-11] Element found and ready (attempt 1): By.xpath: //yt-multi-page-menu-section-renderer[@class='style-scope ytd-multi-page-menu-renderer']//yt-formatted-string[@id='label' and text()='Eesti']
17:06:58 [TestNG-test-Yt Master Tests-1] INFO  verifyingSideMenuLanguageAsInSettingsLingua_17-06-11 - [verifyingSideMenuLanguageAsInSettingsLingua_17-06-11] Trying to find element: By.xpath: //yt-multi-page-menu-section-renderer[@class='style-scope ytd-multi-page-menu-renderer']//yt-formatted-string[@id='label' and text()='Eesti']
17:06:58 [TestNG-test-Yt Master Tests-1] INFO  verifyingSideMenuLanguageAsInSettingsLingua_17-06-11 - [verifyingSideMenuLanguageAsInSettingsLingua_17-06-11] Element found and ready (attempt 1): By.xpath: //yt-multi-page-menu-section-renderer[@class='style-scope ytd-multi-page-menu-renderer']//yt-formatted-string[@id='label' and text()='Eesti']
17:06:59 [TestNG-test-Yt Master Tests-1] INFO  verifyingSideMenuLanguageAsInSettingsLingua_17-06-11 - Clicking settings ellipses button...
17:07:00 [TestNG-test-Yt Master Tests-1] INFO  verifyingSideMenuLanguageAsInSettingsLingua_17-06-11 - [verifyingSideMenuLanguageAsInSettingsLingua_17-06-11] Trying to find element: By.xpath: //ytd-topbar-menu-button-renderer[@class='style-scope ytd-masthead style-default']
17:07:00 [TestNG-test-Yt Master Tests-1] INFO  verifyingSideMenuLanguageAsInSettingsLingua_17-06-11 - [verifyingSideMenuLanguageAsInSettingsLingua_17-06-11] Element found and ready (attempt 1): By.xpath: //ytd-topbar-menu-button-renderer[@class='style-scope ytd-masthead style-default']
17:07:00 [TestNG-test-Yt Master Tests-1] INFO  verifyingSideMenuLanguageAsInSettingsLingua_17-06-11 - [verifyingSideMenuLanguageAsInSettingsLingua_17-06-11] Waiting until element is visible in viewport
17:07:01 [TestNG-test-Yt Master Tests-1] INFO  verifyingSideMenuLanguageAsInSettingsLingua_17-06-11 - Clicking settings ellipses button...
17:07:01 [TestNG-test-Yt Master Tests-1] INFO  verifyingSideMenuLanguageAsInSettingsLingua_17-06-11 - [verifyingSideMenuLanguageAsInSettingsLingua_17-06-11] Trying to find element: By.xpath: //ytd-topbar-menu-button-renderer[@class='style-scope ytd-masthead style-default']
17:07:01 [TestNG-test-Yt Master Tests-1] INFO  verifyingSideMenuLanguageAsInSettingsLingua_17-06-11 - [verifyingSideMenuLanguageAsInSettingsLingua_17-06-11] Element found and ready (attempt 1): By.xpath: //ytd-topbar-menu-button-renderer[@class='style-scope ytd-masthead style-default']
17:07:01 [TestNG-test-Yt Master Tests-1] INFO  verifyingSideMenuLanguageAsInSettingsLingua_17-06-11 - Fetching the side menu in expanded view
17:07:01 [TestNG-test-Yt Master Tests-1] INFO  verifyingSideMenuLanguageAsInSettingsLingua_17-06-11 - [verifyingSideMenuLanguageAsInSettingsLingua_17-06-11] Finding elements list: By.xpath: //ytd-guide-entry-renderer[@class='style-scope ytd-guide-section-renderer']
17:07:01 [TestNG-test-Yt Master Tests-1] INFO  verifyingSideMenuLanguageAsInSettingsLingua_17-06-11 - [verifyingSideMenuLanguageAsInSettingsLingua_17-06-11] Found 13 ready elements (attempt 1): By.xpath: //ytd-guide-entry-renderer[@class='style-scope ytd-guide-section-renderer']
17:07:02 [TestNG-test-Yt Master Tests-1] INFO  verifyingSideMenuLanguageAsInSettingsLingua_17-06-11 - 
========== LANGUAGE DETECTION ==========
Detected Language : ESTONIAN
Input Text        : Avaleht Shorts Tellimused Teie Ajalugu Muusika Filmid ja telesarjad Otse YouTube Premium YouTube TV YouTube Music YouTube Kids Teavituste ajalugu
========================================
17:07:02 [TestNG-test-Yt Master Tests-1] INFO  verifyingSideMenuLanguageAsInSettingsLingua_17-06-11 - getLangAttribute() - locating <html> and reading lang property
17:07:02 [TestNG-test-Yt Master Tests-1] INFO  verifyingSideMenuLanguageAsInSettingsLingua_17-06-11 - Language attribute read: et-EE
17:07:02 [TestNG-test-Yt Master Tests-1] INFO  verifyingSideMenuLanguageAsInSettingsLingua_17-06-11 - [verifyingSideMenuLanguageAsInSettingsLingua_17-06-11] ApplicableLanguage==  Eesti     Detected Language ==  ESTONIAN  Expected Language == ESTONIAN
17:07:02 [TestNG-test-Yt Master Tests-1] INFO  verifyingSideMenuLanguageAsInSettingsLingua_17-06-11 - Clicking settings ellipses button...
17:07:02 [TestNG-test-Yt Master Tests-1] INFO  verifyingSideMenuLanguageAsInSettingsLingua_17-06-11 - [verifyingSideMenuLanguageAsInSettingsLingua_17-06-11] Trying to find element: By.xpath: //ytd-topbar-menu-button-renderer[@class='style-scope ytd-masthead style-default']
17:07:02 [TestNG-test-Yt Master Tests-1] INFO  verifyingSideMenuLanguageAsInSettingsLingua_17-06-11 - [verifyingSideMenuLanguageAsInSettingsLingua_17-06-11] Element found and ready (attempt 1): By.xpath: //ytd-topbar-menu-button-renderer[@class='style-scope ytd-masthead style-default']
17:07:02 [TestNG-test-Yt Master Tests-1] INFO  verifyingSideMenuLanguageAsInSettingsLingua_17-06-11 - Clicking language dropdown...
17:07:02 [TestNG-test-Yt Master Tests-1] INFO  verifyingSideMenuLanguageAsInSettingsLingua_17-06-11 - [verifyingSideMenuLanguageAsInSettingsLingua_17-06-11] Trying to find element: By.xpath: (//div[@id='content-icon'])[2]
17:07:02 [TestNG-test-Yt Master Tests-1] INFO  verifyingSideMenuLanguageAsInSettingsLingua_17-06-11 - [verifyingSideMenuLanguageAsInSettingsLingua_17-06-11] Element found and ready (attempt 1): By.xpath: (//div[@id='content-icon'])[2]
17:07:02 [TestNG-test-Yt Master Tests-1] INFO  verifyingSideMenuLanguageAsInSettingsLingua_17-06-11 - Looking for language element with name: English (India)
17:07:02 [TestNG-test-Yt Master Tests-1] INFO  verifyingSideMenuLanguageAsInSettingsLingua_17-06-11 - [verifyingSideMenuLanguageAsInSettingsLingua_17-06-11] Trying to find element: By.xpath: //yt-multi-page-menu-section-renderer[@class='style-scope ytd-multi-page-menu-renderer']//yt-formatted-string[@id='label' and text()='English (India)']
17:07:03 [TestNG-test-Yt Master Tests-1] INFO  verifyingSideMenuLanguageAsInSettingsLingua_17-06-11 - [verifyingSideMenuLanguageAsInSettingsLingua_17-06-11] Element found and ready (attempt 1): By.xpath: //yt-multi-page-menu-section-renderer[@class='style-scope ytd-multi-page-menu-renderer']//yt-formatted-string[@id='label' and text()='English (India)']
17:07:03 [TestNG-test-Yt Master Tests-1] INFO  verifyingSideMenuLanguageAsInSettingsLingua_17-06-11 - [verifyingSideMenuLanguageAsInSettingsLingua_17-06-11] Trying to find element: By.xpath: //yt-multi-page-menu-section-renderer[@class='style-scope ytd-multi-page-menu-renderer']//yt-formatted-string[@id='label' and text()='English (India)']
17:07:03 [TestNG-test-Yt Master Tests-1] INFO  verifyingSideMenuLanguageAsInSettingsLingua_17-06-11 - [verifyingSideMenuLanguageAsInSettingsLingua_17-06-11] Element found and ready (attempt 1): By.xpath: //yt-multi-page-menu-section-renderer[@class='style-scope ytd-multi-page-menu-renderer']//yt-formatted-string[@id='label' and text()='English (India)']
17:07:04 [TestNG-test-Yt Master Tests-1] INFO  verifyingSideMenuLanguageAsInSettingsLingua_17-06-11 - Clicking settings ellipses button...
17:07:04 [TestNG-test-Yt Master Tests-1] INFO  verifyingSideMenuLanguageAsInSettingsLingua_17-06-11 - [verifyingSideMenuLanguageAsInSettingsLingua_17-06-11] Trying to find element: By.xpath: //ytd-topbar-menu-button-renderer[@class='style-scope ytd-masthead style-default']
17:07:04 [TestNG-test-Yt Master Tests-1] INFO  verifyingSideMenuLanguageAsInSettingsLingua_17-06-11 - [verifyingSideMenuLanguageAsInSettingsLingua_17-06-11] Element found and ready (attempt 1): By.xpath: //ytd-topbar-menu-button-renderer[@class='style-scope ytd-masthead style-default']
17:07:04 [TestNG-test-Yt Master Tests-1] INFO  verifyingSideMenuLanguageAsInSettingsLingua_17-06-11 - [verifyingSideMenuLanguageAsInSettingsLingua_17-06-11] Waiting until element is visible in viewport
17:07:05 [TestNG-test-Yt Master Tests-1] INFO  verifyingSideMenuLanguageAsInSettingsLingua_17-06-11 - Clicking settings ellipses button...
17:07:05 [TestNG-test-Yt Master Tests-1] INFO  verifyingSideMenuLanguageAsInSettingsLingua_17-06-11 - [verifyingSideMenuLanguageAsInSettingsLingua_17-06-11] Trying to find element: By.xpath: //ytd-topbar-menu-button-renderer[@class='style-scope ytd-masthead style-default']
17:07:05 [TestNG-test-Yt Master Tests-1] INFO  verifyingSideMenuLanguageAsInSettingsLingua_17-06-11 - [verifyingSideMenuLanguageAsInSettingsLingua_17-06-11] Element found and ready (attempt 1): By.xpath: //ytd-topbar-menu-button-renderer[@class='style-scope ytd-masthead style-default']
17:07:05 [TestNG-test-Yt Master Tests-1] INFO  verifyingSideMenuLanguageAsInSettingsLingua_17-06-11 - Fetching the side menu in expanded view
17:07:05 [TestNG-test-Yt Master Tests-1] INFO  verifyingSideMenuLanguageAsInSettingsLingua_17-06-11 - [verifyingSideMenuLanguageAsInSettingsLingua_17-06-11] Finding elements list: By.xpath: //ytd-guide-entry-renderer[@class='style-scope ytd-guide-section-renderer']
17:07:05 [TestNG-test-Yt Master Tests-1] INFO  verifyingSideMenuLanguageAsInSettingsLingua_17-06-11 - [verifyingSideMenuLanguageAsInSettingsLingua_17-06-11] Found 13 ready elements (attempt 1): By.xpath: //ytd-guide-entry-renderer[@class='style-scope ytd-guide-section-renderer']
17:07:05 [TestNG-test-Yt Master Tests-1] INFO  verifyingSideMenuLanguageAsInSettingsLingua_17-06-11 - 
========== LANGUAGE DETECTION ==========
Detected Language : ENGLISH
Input Text        : Home Shorts Subscriptions You History Shopping Music Movies & TV YouTube Premium YouTube TV YouTube Music YouTube Kids Report history
========================================
17:07:05 [TestNG-test-Yt Master Tests-1] INFO  verifyingSideMenuLanguageAsInSettingsLingua_17-06-11 - getLangAttribute() - locating <html> and reading lang property
17:07:05 [TestNG-test-Yt Master Tests-1] INFO  verifyingSideMenuLanguageAsInSettingsLingua_17-06-11 - Language attribute read: en-IN
17:07:05 [TestNG-test-Yt Master Tests-1] INFO  verifyingSideMenuLanguageAsInSettingsLingua_17-06-11 - [verifyingSideMenuLanguageAsInSettingsLingua_17-06-11] ApplicableLanguage==  English (India)     Detected Language ==  ENGLISH  Expected Language == ENGLISH
17:07:05 [TestNG-test-Yt Master Tests-1] INFO  verifyingSideMenuLanguageAsInSettingsLingua_17-06-11 - Clicking settings ellipses button...
17:07:05 [TestNG-test-Yt Master Tests-1] INFO  verifyingSideMenuLanguageAsInSettingsLingua_17-06-11 - [verifyingSideMenuLanguageAsInSettingsLingua_17-06-11] Trying to find element: By.xpath: //ytd-topbar-menu-button-renderer[@class='style-scope ytd-masthead style-default']
17:07:05 [TestNG-test-Yt Master Tests-1] INFO  verifyingSideMenuLanguageAsInSettingsLingua_17-06-11 - [verifyingSideMenuLanguageAsInSettingsLingua_17-06-11] Element found and ready (attempt 1): By.xpath: //ytd-topbar-menu-button-renderer[@class='style-scope ytd-masthead style-default']
17:07:06 [TestNG-test-Yt Master Tests-1] INFO  verifyingSideMenuLanguageAsInSettingsLingua_17-06-11 - Clicking language dropdown...
17:07:06 [TestNG-test-Yt Master Tests-1] INFO  verifyingSideMenuLanguageAsInSettingsLingua_17-06-11 - [verifyingSideMenuLanguageAsInSettingsLingua_17-06-11] Trying to find element: By.xpath: (//div[@id='content-icon'])[2]
17:07:06 [TestNG-test-Yt Master Tests-1] INFO  verifyingSideMenuLanguageAsInSettingsLingua_17-06-11 - [verifyingSideMenuLanguageAsInSettingsLingua_17-06-11] Element found and ready (attempt 1): By.xpath: (//div[@id='content-icon'])[2]
17:07:06 [TestNG-test-Yt Master Tests-1] INFO  verifyingSideMenuLanguageAsInSettingsLingua_17-06-11 - [verifyingSideMenuLanguageAsInSettingsLingua_17-06-11] Not retrying test 'verifyingSideMenuLanguageAsInSettingsLingua'. Retry count: 0, Cause: The following asserts failed:
	Page title mismatch for language=Afrikaans expected [AFRIKAANS] but found [DUTCH],
	Page title mismatch for language=Bahasa Indonesia expected [INDONESIAN] but found [ENGLISH],
	Page title mismatch for language=Bosanski expected [CROATIAN] but found [BOSNIAN]
