2026-03-06 18:40:44.400 [TestNG-test-Yt Master Tests-2] INFO  [verifyingGlobalFilterLandingPage] ===== STARTING TEST: verifyingGlobalFilterLandingPage  | Thread: 35 =====
2026-03-06 18:40:44.427 [TestNG-test-Yt Master Tests-2] INFO  [verifyingGlobalFilterLandingPage] No existing WebDriver found for current thread. Initializing a new ChromeDriver...
2026-03-06 18:40:46.770 [TestNG-test-Yt Master Tests-2] INFO  [verifyingGlobalFilterLandingPage] WebDriverManager: chromedriver setup OK
2026-03-06 18:40:54.900 [TestNG-test-Yt Master Tests-2] INFO  [verifyingGlobalFilterLandingPage] ChromeDriver initialized successfully for thread: 35
2026-03-06 18:40:54.901 [TestNG-test-Yt Master Tests-2] INFO  [verifyingGlobalFilterLandingPage] Driver initialized successfully for test: verifyingGlobalFilterLandingPage
2026-03-06 18:40:55.070 [TestNG-test-Yt Master Tests-2] INFO  [verifyingGlobalFilterLandingPage] SafeActions initialized with driver ChromeDriver: chrome on windows (52d18696f364b812f94fe74f6387b93b)
2026-03-06 18:40:55.072 [TestNG-test-Yt Master Tests-2] INFO  [verifyingGlobalFilterLandingPage] SafeActions initialized with driver ChromeDriver: chrome on windows (52d18696f364b812f94fe74f6387b93b)
2026-03-06 18:40:55.072 [TestNG-test-Yt Master Tests-2] INFO  [verifyingGlobalFilterLandingPage] Initialized YtLandingPage with driver: ChromeDriver: chrome on windows (52d18696f364b812f94fe74f6387b93b)
2026-03-06 18:41:00.036 [TestNG-test-Yt Master Tests-2] INFO  [verifyingGlobalFilterLandingPage] Opened YouTube landing page.
2026-03-06 18:41:00.037 [TestNG-test-Yt Master Tests-2] INFO  [verifyingGlobalFilterLandingPage] Giving input into the search bar with input as  = youtube
2026-03-06 18:41:00.037 [TestNG-test-Yt Master Tests-2] INFO  [verifyingGlobalFilterLandingPage] [verifyingGlobalFilterLandingPage] Trying to click element: By.xpath: //input[@class='ytSearchboxComponentInput yt-searchbox-input title']
2026-03-06 18:41:00.328 [TestNG-test-Yt Master Tests-2] INFO  [verifyingGlobalFilterLandingPage] [verifyingGlobalFilterLandingPage] Clicked successfully (attempt 1): By.xpath: //input[@class='ytSearchboxComponentInput yt-searchbox-input title']
2026-03-06 18:41:00.329 [TestNG-test-Yt Master Tests-2] INFO  [verifyingGlobalFilterLandingPage] [verifyingGlobalFilterLandingPage] Trying to find element: By.xpath: //input[@class='ytSearchboxComponentInput yt-searchbox-input title']
2026-03-06 18:41:00.472 [TestNG-test-Yt Master Tests-2] INFO  [verifyingGlobalFilterLandingPage] [verifyingGlobalFilterLandingPage] Element found and ready (attempt 1): By.xpath: //input[@class='ytSearchboxComponentInput yt-searchbox-input title']
2026-03-06 18:41:00.526 [TestNG-test-Yt Master Tests-2] INFO  [verifyingGlobalFilterLandingPage] clickEnter(By.xpath: //input[@class='ytSearchboxComponentInput yt-searchbox-input title'])
2026-03-06 18:41:00.526 [TestNG-test-Yt Master Tests-2] INFO  [verifyingGlobalFilterLandingPage] [verifyingGlobalFilterLandingPage] Trying to find element: By.xpath: //input[@class='ytSearchboxComponentInput yt-searchbox-input title']
2026-03-06 18:41:00.623 [TestNG-test-Yt Master Tests-2] INFO  [verifyingGlobalFilterLandingPage] [verifyingGlobalFilterLandingPage] Element found and ready (attempt 1): By.xpath: //input[@class='ytSearchboxComponentInput yt-searchbox-input title']
2026-03-06 18:41:00.691 [TestNG-test-Yt Master Tests-2] INFO  [verifyingGlobalFilterLandingPage] Sent ENTER to By.xpath: //input[@class='ytSearchboxComponentInput yt-searchbox-input title']
2026-03-06 18:41:00.692 [TestNG-test-Yt Master Tests-2] INFO  [verifyingGlobalFilterLandingPage] [verifyingGlobalFilterLandingPage] Execution is Not CRON Job Hence refering to normal keys from UtilData
2026-03-06 18:41:00.692 [TestNG-test-Yt Master Tests-2] INFO  [verifyingGlobalFilterLandingPage] Clicking settings ellipses button...
2026-03-06 18:41:00.778 [TestNG-test-Yt Master Tests-2] INFO  [verifyingGlobalFilterLandingPage] [verifyingGlobalFilterLandingPage] Trying to find element: By.xpath: //ytd-topbar-menu-button-renderer[@class='style-scope ytd-masthead style-default']
2026-03-06 18:41:01.007 [TestNG-test-Yt Master Tests-2] INFO  [verifyingGlobalFilterLandingPage] [verifyingGlobalFilterLandingPage] Element found and ready (attempt 1): By.xpath: //ytd-topbar-menu-button-renderer[@class='style-scope ytd-masthead style-default']
2026-03-06 18:41:01.163 [TestNG-test-Yt Master Tests-2] INFO  [verifyingGlobalFilterLandingPage] Clicking language dropdown...
2026-03-06 18:41:01.164 [TestNG-test-Yt Master Tests-2] INFO  [verifyingGlobalFilterLandingPage] [verifyingGlobalFilterLandingPage] Trying to find element: By.xpath: (//div[@id='content-icon'])[2]
2026-03-06 18:41:01.773 [TestNG-test-Yt Master Tests-2] INFO  [verifyingGlobalFilterLandingPage] [verifyingGlobalFilterLandingPage] Element found and ready (attempt 1): By.xpath: (//div[@id='content-icon'])[2]
2026-03-06 18:41:03.115 [TestNG-test-Yt Master Tests-2] INFO  [verifyingGlobalFilterLandingPage] [verifyingGlobalFilterLandingPage] Trying to find element: By.xpath: //yt-multi-page-menu-section-renderer[@class='style-scope ytd-multi-page-menu-renderer']//yt-formatted-string[@id='label' and text()='Afrikaans']
2026-03-06 18:41:05.789 [TestNG-test-Yt Master Tests-2] INFO  [verifyingGlobalFilterLandingPage] [verifyingGlobalFilterLandingPage] Element found and ready (attempt 1): By.xpath: //yt-multi-page-menu-section-renderer[@class='style-scope ytd-multi-page-menu-renderer']//yt-formatted-string[@id='label' and text()='Afrikaans']
2026-03-06 18:41:05.790 [TestNG-test-Yt Master Tests-2] INFO  [verifyingGlobalFilterLandingPage] Looking for language element with name: Afrikaans
2026-03-06 18:41:05.790 [TestNG-test-Yt Master Tests-2] INFO  [verifyingGlobalFilterLandingPage] [verifyingGlobalFilterLandingPage] Within smoothScrollToElement method
2026-03-06 18:41:05.790 [TestNG-test-Yt Master Tests-2] INFO  [verifyingGlobalFilterLandingPage] SafeActions initialized with driver ChromeDriver: chrome on windows (52d18696f364b812f94fe74f6387b93b)
2026-03-06 18:41:05.791 [TestNG-test-Yt Master Tests-2] INFO  [verifyingGlobalFilterLandingPage] [verifyingGlobalFilterLandingPage] Trying to find element: By.xpath: //yt-multi-page-menu-section-renderer[@class='style-scope ytd-multi-page-menu-renderer']//yt-formatted-string[@id='label' and text()='Afrikaans']
2026-03-06 18:41:05.959 [TestNG-test-Yt Master Tests-2] INFO  [verifyingGlobalFilterLandingPage] [verifyingGlobalFilterLandingPage] Element found and ready (attempt 1): By.xpath: //yt-multi-page-menu-section-renderer[@class='style-scope ytd-multi-page-menu-renderer']//yt-formatted-string[@id='label' and text()='Afrikaans']
2026-03-06 18:41:06.073 [TestNG-test-Yt Master Tests-2] INFO  [verifyingGlobalFilterLandingPage] [verifyingGlobalFilterLandingPage] Successfully scrolled to element: By.xpath: //yt-multi-page-menu-section-renderer[@class='style-scope ytd-multi-page-menu-renderer']//yt-formatted-string[@id='label' and text()='Afrikaans']
2026-03-06 18:41:06.074 [TestNG-test-Yt Master Tests-2] INFO  [verifyingGlobalFilterLandingPage] Looking for language element with name: Afrikaans
2026-03-06 18:41:06.074 [TestNG-test-Yt Master Tests-2] INFO  [verifyingGlobalFilterLandingPage] [verifyingGlobalFilterLandingPage] Trying to find element: By.xpath: //yt-multi-page-menu-section-renderer[@class='style-scope ytd-multi-page-menu-renderer']//yt-formatted-string[@id='label' and text()='Afrikaans']
2026-03-06 18:41:06.218 [TestNG-test-Yt Master Tests-2] INFO  [verifyingGlobalFilterLandingPage] [verifyingGlobalFilterLandingPage] Element found and ready (attempt 1): By.xpath: //yt-multi-page-menu-section-renderer[@class='style-scope ytd-multi-page-menu-renderer']//yt-formatted-string[@id='label' and text()='Afrikaans']
2026-03-06 18:41:06.219 [TestNG-test-Yt Master Tests-2] INFO  [verifyingGlobalFilterLandingPage] [verifyingGlobalFilterLandingPage] Trying to find element: By.xpath: //yt-multi-page-menu-section-renderer[@class='style-scope ytd-multi-page-menu-renderer']//yt-formatted-string[@id='label' and text()='Afrikaans']
2026-03-06 18:41:06.361 [TestNG-test-Yt Master Tests-2] INFO  [verifyingGlobalFilterLandingPage] [verifyingGlobalFilterLandingPage] Element found and ready (attempt 1): By.xpath: //yt-multi-page-menu-section-renderer[@class='style-scope ytd-multi-page-menu-renderer']//yt-formatted-string[@id='label' and text()='Afrikaans']
2026-03-06 18:41:10.059 [TestNG-test-Yt Master Tests-2] INFO  [verifyingGlobalFilterLandingPage] Clicking settings ellipses button...
2026-03-06 18:41:11.229 [TestNG-test-Yt Master Tests-2] INFO  [verifyingGlobalFilterLandingPage] [verifyingGlobalFilterLandingPage] Trying to find element: By.xpath: //ytd-topbar-menu-button-renderer[@class='style-scope ytd-masthead style-default']
2026-03-06 18:41:12.334 [TestNG-test-Yt Master Tests-2] INFO  [verifyingGlobalFilterLandingPage] [verifyingGlobalFilterLandingPage] Element found and ready (attempt 1): By.xpath: //ytd-topbar-menu-button-renderer[@class='style-scope ytd-masthead style-default']
2026-03-06 18:41:12.450 [TestNG-test-Yt Master Tests-2] INFO  [verifyingGlobalFilterLandingPage] [verifyingGlobalFilterLandingPage] Waiting until element is visible in viewport
2026-03-06 18:41:13.071 [TestNG-test-Yt Master Tests-2] INFO  [verifyingGlobalFilterLandingPage] [verifyingGlobalFilterLandingPage] Capturing screenshot: Filter Applied is Afrikaans__2026-03-06_184113.jpg
2026-03-06 18:41:13.767 [TestNG-test-Yt Master Tests-2] INFO  [verifyingGlobalFilterLandingPage] [verifyingGlobalFilterLandingPage] Screenshot saved at: test-output/screenshots/Run_2026-03-06_18-40-22/verifyingGlobalFilterLandingPage/Filter Applied is Afrikaans__2026-03-06_184113.jpg
2026-03-06 18:41:13.813 [TestNG-test-Yt Master Tests-2] INFO  [verifyingGlobalFilterLandingPage] Clicking settings ellipses button...
2026-03-06 18:41:13.849 [TestNG-test-Yt Master Tests-2] INFO  [verifyingGlobalFilterLandingPage] [verifyingGlobalFilterLandingPage] Trying to find element: By.xpath: //ytd-topbar-menu-button-renderer[@class='style-scope ytd-masthead style-default']
2026-03-06 18:41:13.935 [TestNG-test-Yt Master Tests-2] INFO  [verifyingGlobalFilterLandingPage] [verifyingGlobalFilterLandingPage] Element found and ready (attempt 1): By.xpath: //ytd-topbar-menu-button-renderer[@class='style-scope ytd-masthead style-default']
2026-03-06 18:41:14.006 [TestNG-test-Yt Master Tests-2] INFO  [verifyingGlobalFilterLandingPage] Clicking on global filter button in landing page..
2026-03-06 18:41:14.007 [TestNG-test-Yt Master Tests-2] INFO  [verifyingGlobalFilterLandingPage] [verifyingGlobalFilterLandingPage] Trying to click element: By.xpath: //div[@id='filter-button']
2026-03-06 18:41:14.288 [TestNG-test-Yt Master Tests-2] INFO  [verifyingGlobalFilterLandingPage] [verifyingGlobalFilterLandingPage] Clicked successfully (attempt 1): By.xpath: //div[@id='filter-button']
2026-03-06 18:41:14.289 [TestNG-test-Yt Master Tests-2] INFO  [verifyingGlobalFilterLandingPage] [verifyingGlobalFilterLandingPage] Waiting until element is visible in viewport
2026-03-06 18:41:14.328 [TestNG-test-Yt Master Tests-2] INFO  [verifyingGlobalFilterLandingPage] [verifyingGlobalFilterLandingPage] Capturing screenshot: Filter Applied is Afrikaans__2026-03-06_184114.jpg
2026-03-06 18:41:14.950 [TestNG-test-Yt Master Tests-2] INFO  [verifyingGlobalFilterLandingPage] [verifyingGlobalFilterLandingPage] Screenshot saved at: test-output/screenshots/Run_2026-03-06_18-40-22/verifyingGlobalFilterLandingPage/Filter Applied is Afrikaans__2026-03-06_184114.jpg
2026-03-06 18:41:14.951 [TestNG-test-Yt Master Tests-2] INFO  [verifyingGlobalFilterLandingPage] Fetching the data from the global filter in landing page
2026-03-06 18:41:14.952 [TestNG-test-Yt Master Tests-2] INFO  [verifyingGlobalFilterLandingPage] [verifyingGlobalFilterLandingPage] Trying to find element: By.xpath: //ytd-search-filter-options-dialog-renderer[@class='style-scope ytd-popup-container']
2026-03-06 18:41:15.052 [TestNG-test-Yt Master Tests-2] INFO  [verifyingGlobalFilterLandingPage] [verifyingGlobalFilterLandingPage] Element found and ready (attempt 1): By.xpath: //ytd-search-filter-options-dialog-renderer[@class='style-scope ytd-popup-container']
2026-03-06 18:41:15.096 [TestNG-test-Yt Master Tests-2] INFO  [verifyingGlobalFilterLandingPage] Closing the global filter pop-up in landing page..
2026-03-06 18:41:15.096 [TestNG-test-Yt Master Tests-2] INFO  [verifyingGlobalFilterLandingPage] [verifyingGlobalFilterLandingPage] Trying to find element: By.xpath: //yt-icon[@icon='close']
2026-03-06 18:41:15.171 [TestNG-test-Yt Master Tests-2] INFO  [verifyingGlobalFilterLandingPage] [verifyingGlobalFilterLandingPage] Element found and ready (attempt 1): By.xpath: //yt-icon[@icon='close']
2026-03-06 18:41:15.256 [TestNG-test-Yt Master Tests-2] INFO  [verifyingGlobalFilterLandingPage] Clicking settings ellipses button...
2026-03-06 18:41:15.288 [TestNG-test-Yt Master Tests-2] INFO  [verifyingGlobalFilterLandingPage] [verifyingGlobalFilterLandingPage] Trying to find element: By.xpath: //ytd-topbar-menu-button-renderer[@class='style-scope ytd-masthead style-default']
2026-03-06 18:41:15.373 [TestNG-test-Yt Master Tests-2] INFO  [verifyingGlobalFilterLandingPage] [verifyingGlobalFilterLandingPage] Element found and ready (attempt 1): By.xpath: //ytd-topbar-menu-button-renderer[@class='style-scope ytd-masthead style-default']
2026-03-06 18:41:15.470 [TestNG-test-Yt Master Tests-2] INFO  [verifyingGlobalFilterLandingPage] Clicking language dropdown...
2026-03-06 18:41:15.471 [TestNG-test-Yt Master Tests-2] INFO  [verifyingGlobalFilterLandingPage] [verifyingGlobalFilterLandingPage] Trying to find element: By.xpath: (//div[@id='content-icon'])[2]
2026-03-06 18:41:15.654 [TestNG-test-Yt Master Tests-2] INFO  [verifyingGlobalFilterLandingPage] [verifyingGlobalFilterLandingPage] Element found and ready (attempt 1): By.xpath: (//div[@id='content-icon'])[2]
2026-03-06 18:41:16.131 [TestNG-test-Yt Master Tests-2] INFO  [verifyingGlobalFilterLandingPage] [verifyingGlobalFilterLandingPage] Trying to find element: By.xpath: //yt-multi-page-menu-section-renderer[@class='style-scope ytd-multi-page-menu-renderer']//yt-formatted-string[@id='label' and text()='Azərbaycan']
2026-03-06 18:41:16.367 [TestNG-test-Yt Master Tests-2] INFO  [verifyingGlobalFilterLandingPage] [verifyingGlobalFilterLandingPage] Element found and ready (attempt 1): By.xpath: //yt-multi-page-menu-section-renderer[@class='style-scope ytd-multi-page-menu-renderer']//yt-formatted-string[@id='label' and text()='Azərbaycan']
2026-03-06 18:41:16.368 [TestNG-test-Yt Master Tests-2] INFO  [verifyingGlobalFilterLandingPage] Looking for language element with name: Azərbaycan
2026-03-06 18:41:16.368 [TestNG-test-Yt Master Tests-2] INFO  [verifyingGlobalFilterLandingPage] [verifyingGlobalFilterLandingPage] Within smoothScrollToElement method
2026-03-06 18:41:16.368 [TestNG-test-Yt Master Tests-2] INFO  [verifyingGlobalFilterLandingPage] SafeActions initialized with driver ChromeDriver: chrome on windows (52d18696f364b812f94fe74f6387b93b)
2026-03-06 18:41:16.369 [TestNG-test-Yt Master Tests-2] INFO  [verifyingGlobalFilterLandingPage] [verifyingGlobalFilterLandingPage] Trying to find element: By.xpath: //yt-multi-page-menu-section-renderer[@class='style-scope ytd-multi-page-menu-renderer']//yt-formatted-string[@id='label' and text()='Azərbaycan']
2026-03-06 18:41:16.483 [TestNG-test-Yt Master Tests-2] INFO  [verifyingGlobalFilterLandingPage] [verifyingGlobalFilterLandingPage] Element found and ready (attempt 1): By.xpath: //yt-multi-page-menu-section-renderer[@class='style-scope ytd-multi-page-menu-renderer']//yt-formatted-string[@id='label' and text()='Azərbaycan']
2026-03-06 18:41:16.520 [TestNG-test-Yt Master Tests-2] INFO  [verifyingGlobalFilterLandingPage] [verifyingGlobalFilterLandingPage] Successfully scrolled to element: By.xpath: //yt-multi-page-menu-section-renderer[@class='style-scope ytd-multi-page-menu-renderer']//yt-formatted-string[@id='label' and text()='Azərbaycan']
2026-03-06 18:41:16.521 [TestNG-test-Yt Master Tests-2] INFO  [verifyingGlobalFilterLandingPage] Looking for language element with name: Azərbaycan
2026-03-06 18:41:16.521 [TestNG-test-Yt Master Tests-2] INFO  [verifyingGlobalFilterLandingPage] [verifyingGlobalFilterLandingPage] Trying to find element: By.xpath: //yt-multi-page-menu-section-renderer[@class='style-scope ytd-multi-page-menu-renderer']//yt-formatted-string[@id='label' and text()='Azərbaycan']
2026-03-06 18:41:16.609 [TestNG-test-Yt Master Tests-2] INFO  [verifyingGlobalFilterLandingPage] [verifyingGlobalFilterLandingPage] Element found and ready (attempt 1): By.xpath: //yt-multi-page-menu-section-renderer[@class='style-scope ytd-multi-page-menu-renderer']//yt-formatted-string[@id='label' and text()='Azərbaycan']
2026-03-06 18:41:16.609 [TestNG-test-Yt Master Tests-2] INFO  [verifyingGlobalFilterLandingPage] [verifyingGlobalFilterLandingPage] Trying to find element: By.xpath: //yt-multi-page-menu-section-renderer[@class='style-scope ytd-multi-page-menu-renderer']//yt-formatted-string[@id='label' and text()='Azərbaycan']
2026-03-06 18:41:16.748 [TestNG-test-Yt Master Tests-2] INFO  [verifyingGlobalFilterLandingPage] [verifyingGlobalFilterLandingPage] Element found and ready (attempt 1): By.xpath: //yt-multi-page-menu-section-renderer[@class='style-scope ytd-multi-page-menu-renderer']//yt-formatted-string[@id='label' and text()='Azərbaycan']
2026-03-06 18:41:19.859 [TestNG-test-Yt Master Tests-2] INFO  [verifyingGlobalFilterLandingPage] Clicking settings ellipses button...
2026-03-06 18:41:21.584 [TestNG-test-Yt Master Tests-2] INFO  [verifyingGlobalFilterLandingPage] [verifyingGlobalFilterLandingPage] Trying to find element: By.xpath: //ytd-topbar-menu-button-renderer[@class='style-scope ytd-masthead style-default']
2026-03-06 18:41:21.867 [TestNG-test-Yt Master Tests-2] INFO  [verifyingGlobalFilterLandingPage] [verifyingGlobalFilterLandingPage] Element found and ready (attempt 1): By.xpath: //ytd-topbar-menu-button-renderer[@class='style-scope ytd-masthead style-default']
2026-03-06 18:41:21.991 [TestNG-test-Yt Master Tests-2] INFO  [verifyingGlobalFilterLandingPage] [verifyingGlobalFilterLandingPage] Waiting until element is visible in viewport
2026-03-06 18:41:22.616 [TestNG-test-Yt Master Tests-2] INFO  [verifyingGlobalFilterLandingPage] [verifyingGlobalFilterLandingPage] Capturing screenshot: Filter Applied is Azərbaycan__2026-03-06_184122.jpg
2026-03-06 18:41:23.121 [TestNG-test-Yt Master Tests-2] INFO  [verifyingGlobalFilterLandingPage] [verifyingGlobalFilterLandingPage] Screenshot saved at: test-output/screenshots/Run_2026-03-06_18-40-22/verifyingGlobalFilterLandingPage/Filter Applied is Azərbaycan__2026-03-06_184122.jpg
2026-03-06 18:41:23.122 [TestNG-test-Yt Master Tests-2] INFO  [verifyingGlobalFilterLandingPage] Clicking settings ellipses button...
2026-03-06 18:41:23.151 [TestNG-test-Yt Master Tests-2] INFO  [verifyingGlobalFilterLandingPage] [verifyingGlobalFilterLandingPage] Trying to find element: By.xpath: //ytd-topbar-menu-button-renderer[@class='style-scope ytd-masthead style-default']
2026-03-06 18:41:23.256 [TestNG-test-Yt Master Tests-2] INFO  [verifyingGlobalFilterLandingPage] [verifyingGlobalFilterLandingPage] Element found and ready (attempt 1): By.xpath: //ytd-topbar-menu-button-renderer[@class='style-scope ytd-masthead style-default']
2026-03-06 18:41:23.360 [TestNG-test-Yt Master Tests-2] INFO  [verifyingGlobalFilterLandingPage] Clicking on global filter button in landing page..
2026-03-06 18:41:23.361 [TestNG-test-Yt Master Tests-2] INFO  [verifyingGlobalFilterLandingPage] [verifyingGlobalFilterLandingPage] Trying to click element: By.xpath: //div[@id='filter-button']
2026-03-06 18:41:23.640 [TestNG-test-Yt Master Tests-2] INFO  [verifyingGlobalFilterLandingPage] [verifyingGlobalFilterLandingPage] Clicked successfully (attempt 1): By.xpath: //div[@id='filter-button']
2026-03-06 18:41:23.663 [TestNG-test-Yt Master Tests-2] INFO  [verifyingGlobalFilterLandingPage] [verifyingGlobalFilterLandingPage] Waiting until element is visible in viewport
2026-03-06 18:41:23.739 [TestNG-test-Yt Master Tests-2] INFO  [verifyingGlobalFilterLandingPage] [verifyingGlobalFilterLandingPage] Capturing screenshot: Filter Applied is Azərbaycan__2026-03-06_184123.jpg
2026-03-06 18:41:24.400 [TestNG-test-Yt Master Tests-2] INFO  [verifyingGlobalFilterLandingPage] [verifyingGlobalFilterLandingPage] Screenshot saved at: test-output/screenshots/Run_2026-03-06_18-40-22/verifyingGlobalFilterLandingPage/Filter Applied is Azərbaycan__2026-03-06_184123.jpg
2026-03-06 18:41:24.403 [TestNG-test-Yt Master Tests-2] INFO  [verifyingGlobalFilterLandingPage] Fetching the data from the global filter in landing page
2026-03-06 18:41:24.403 [TestNG-test-Yt Master Tests-2] INFO  [verifyingGlobalFilterLandingPage] [verifyingGlobalFilterLandingPage] Trying to find element: By.xpath: //ytd-search-filter-options-dialog-renderer[@class='style-scope ytd-popup-container']
2026-03-06 18:41:24.492 [TestNG-test-Yt Master Tests-2] INFO  [verifyingGlobalFilterLandingPage] [verifyingGlobalFilterLandingPage] Element found and ready (attempt 1): By.xpath: //ytd-search-filter-options-dialog-renderer[@class='style-scope ytd-popup-container']
2026-03-06 18:41:24.529 [TestNG-test-Yt Master Tests-2] INFO  [verifyingGlobalFilterLandingPage] Closing the global filter pop-up in landing page..
2026-03-06 18:41:24.530 [TestNG-test-Yt Master Tests-2] INFO  [verifyingGlobalFilterLandingPage] [verifyingGlobalFilterLandingPage] Trying to find element: By.xpath: //yt-icon[@icon='close']
2026-03-06 18:41:24.608 [TestNG-test-Yt Master Tests-2] INFO  [verifyingGlobalFilterLandingPage] [verifyingGlobalFilterLandingPage] Element found and ready (attempt 1): By.xpath: //yt-icon[@icon='close']
2026-03-06 18:41:24.704 [TestNG-test-Yt Master Tests-2] INFO  [verifyingGlobalFilterLandingPage] Clicking settings ellipses button...
2026-03-06 18:41:24.765 [TestNG-test-Yt Master Tests-2] INFO  [verifyingGlobalFilterLandingPage] [verifyingGlobalFilterLandingPage] Trying to find element: By.xpath: //ytd-topbar-menu-button-renderer[@class='style-scope ytd-masthead style-default']
2026-03-06 18:41:24.921 [TestNG-test-Yt Master Tests-2] INFO  [verifyingGlobalFilterLandingPage] [verifyingGlobalFilterLandingPage] Element found and ready (attempt 1): By.xpath: //ytd-topbar-menu-button-renderer[@class='style-scope ytd-masthead style-default']
2026-03-06 18:41:25.051 [TestNG-test-Yt Master Tests-2] INFO  [verifyingGlobalFilterLandingPage] Clicking language dropdown...
2026-03-06 18:41:25.051 [TestNG-test-Yt Master Tests-2] INFO  [verifyingGlobalFilterLandingPage] [verifyingGlobalFilterLandingPage] Trying to find element: By.xpath: (//div[@id='content-icon'])[2]
2026-03-06 18:41:25.654 [TestNG-test-Yt Master Tests-2] INFO  [verifyingGlobalFilterLandingPage] [verifyingGlobalFilterLandingPage] Element found and ready (attempt 1): By.xpath: (//div[@id='content-icon'])[2]
2026-03-06 18:41:26.109 [TestNG-test-Yt Master Tests-2] INFO  [verifyingGlobalFilterLandingPage] [verifyingGlobalFilterLandingPage] Trying to find element: By.xpath: //yt-multi-page-menu-section-renderer[@class='style-scope ytd-multi-page-menu-renderer']//yt-formatted-string[@id='label' and text()='Bahasa Indonesia']
2026-03-06 18:41:26.311 [TestNG-test-Yt Master Tests-2] INFO  [verifyingGlobalFilterLandingPage] [verifyingGlobalFilterLandingPage] Element found and ready (attempt 1): By.xpath: //yt-multi-page-menu-section-renderer[@class='style-scope ytd-multi-page-menu-renderer']//yt-formatted-string[@id='label' and text()='Bahasa Indonesia']
2026-03-06 18:41:26.311 [TestNG-test-Yt Master Tests-2] INFO  [verifyingGlobalFilterLandingPage] Looking for language element with name: Bahasa Indonesia
2026-03-06 18:41:26.311 [TestNG-test-Yt Master Tests-2] INFO  [verifyingGlobalFilterLandingPage] [verifyingGlobalFilterLandingPage] Within smoothScrollToElement method
2026-03-06 18:41:26.311 [TestNG-test-Yt Master Tests-2] INFO  [verifyingGlobalFilterLandingPage] SafeActions initialized with driver ChromeDriver: chrome on windows (52d18696f364b812f94fe74f6387b93b)
2026-03-06 18:41:26.311 [TestNG-test-Yt Master Tests-2] INFO  [verifyingGlobalFilterLandingPage] [verifyingGlobalFilterLandingPage] Trying to find element: By.xpath: //yt-multi-page-menu-section-renderer[@class='style-scope ytd-multi-page-menu-renderer']//yt-formatted-string[@id='label' and text()='Bahasa Indonesia']
2026-03-06 18:41:26.376 [TestNG-test-Yt Master Tests-2] INFO  [verifyingGlobalFilterLandingPage] [verifyingGlobalFilterLandingPage] Element found and ready (attempt 1): By.xpath: //yt-multi-page-menu-section-renderer[@class='style-scope ytd-multi-page-menu-renderer']//yt-formatted-string[@id='label' and text()='Bahasa Indonesia']
2026-03-06 18:41:26.401 [TestNG-test-Yt Master Tests-2] INFO  [verifyingGlobalFilterLandingPage] [verifyingGlobalFilterLandingPage] Successfully scrolled to element: By.xpath: //yt-multi-page-menu-section-renderer[@class='style-scope ytd-multi-page-menu-renderer']//yt-formatted-string[@id='label' and text()='Bahasa Indonesia']
2026-03-06 18:41:26.402 [TestNG-test-Yt Master Tests-2] INFO  [verifyingGlobalFilterLandingPage] Looking for language element with name: Bahasa Indonesia
2026-03-06 18:41:26.402 [TestNG-test-Yt Master Tests-2] INFO  [verifyingGlobalFilterLandingPage] [verifyingGlobalFilterLandingPage] Trying to find element: By.xpath: //yt-multi-page-menu-section-renderer[@class='style-scope ytd-multi-page-menu-renderer']//yt-formatted-string[@id='label' and text()='Bahasa Indonesia']
2026-03-06 18:41:26.478 [TestNG-test-Yt Master Tests-2] INFO  [verifyingGlobalFilterLandingPage] [verifyingGlobalFilterLandingPage] Element found and ready (attempt 1): By.xpath: //yt-multi-page-menu-section-renderer[@class='style-scope ytd-multi-page-menu-renderer']//yt-formatted-string[@id='label' and text()='Bahasa Indonesia']
2026-03-06 18:41:26.478 [TestNG-test-Yt Master Tests-2] INFO  [verifyingGlobalFilterLandingPage] [verifyingGlobalFilterLandingPage] Trying to find element: By.xpath: //yt-multi-page-menu-section-renderer[@class='style-scope ytd-multi-page-menu-renderer']//yt-formatted-string[@id='label' and text()='Bahasa Indonesia']
2026-03-06 18:41:26.552 [TestNG-test-Yt Master Tests-2] INFO  [verifyingGlobalFilterLandingPage] [verifyingGlobalFilterLandingPage] Element found and ready (attempt 1): By.xpath: //yt-multi-page-menu-section-renderer[@class='style-scope ytd-multi-page-menu-renderer']//yt-formatted-string[@id='label' and text()='Bahasa Indonesia']
2026-03-06 18:41:29.209 [TestNG-test-Yt Master Tests-2] INFO  [verifyingGlobalFilterLandingPage] Clicking settings ellipses button...
2026-03-06 18:41:30.648 [TestNG-test-Yt Master Tests-2] INFO  [verifyingGlobalFilterLandingPage] [verifyingGlobalFilterLandingPage] Trying to find element: By.xpath: //ytd-topbar-menu-button-renderer[@class='style-scope ytd-masthead style-default']
2026-03-06 18:41:31.743 [TestNG-test-Yt Master Tests-2] INFO  [verifyingGlobalFilterLandingPage] [verifyingGlobalFilterLandingPage] Element found and ready (attempt 1): By.xpath: //ytd-topbar-menu-button-renderer[@class='style-scope ytd-masthead style-default']
2026-03-06 18:41:31.882 [TestNG-test-Yt Master Tests-2] INFO  [verifyingGlobalFilterLandingPage] [verifyingGlobalFilterLandingPage] Waiting until element is visible in viewport
2026-03-06 18:41:32.425 [TestNG-test-Yt Master Tests-2] INFO  [verifyingGlobalFilterLandingPage] [verifyingGlobalFilterLandingPage] Capturing screenshot: Filter Applied is Bahasa Indonesia__2026-03-06_184132.jpg
2026-03-06 18:41:32.943 [TestNG-test-Yt Master Tests-2] INFO  [verifyingGlobalFilterLandingPage] [verifyingGlobalFilterLandingPage] Screenshot saved at: test-output/screenshots/Run_2026-03-06_18-40-22/verifyingGlobalFilterLandingPage/Filter Applied is Bahasa Indonesia__2026-03-06_184132.jpg
2026-03-06 18:41:32.944 [TestNG-test-Yt Master Tests-2] INFO  [verifyingGlobalFilterLandingPage] Clicking settings ellipses button...
2026-03-06 18:41:32.973 [TestNG-test-Yt Master Tests-2] INFO  [verifyingGlobalFilterLandingPage] [verifyingGlobalFilterLandingPage] Trying to find element: By.xpath: //ytd-topbar-menu-button-renderer[@class='style-scope ytd-masthead style-default']
2026-03-06 18:41:33.044 [TestNG-test-Yt Master Tests-2] INFO  [verifyingGlobalFilterLandingPage] [verifyingGlobalFilterLandingPage] Element found and ready (attempt 1): By.xpath: //ytd-topbar-menu-button-renderer[@class='style-scope ytd-masthead style-default']
2026-03-06 18:41:33.119 [TestNG-test-Yt Master Tests-2] INFO  [verifyingGlobalFilterLandingPage] Clicking on global filter button in landing page..
2026-03-06 18:41:33.119 [TestNG-test-Yt Master Tests-2] INFO  [verifyingGlobalFilterLandingPage] [verifyingGlobalFilterLandingPage] Trying to click element: By.xpath: //div[@id='filter-button']
2026-03-06 18:41:33.371 [TestNG-test-Yt Master Tests-2] INFO  [verifyingGlobalFilterLandingPage] [verifyingGlobalFilterLandingPage] Clicked successfully (attempt 1): By.xpath: //div[@id='filter-button']
2026-03-06 18:41:33.372 [TestNG-test-Yt Master Tests-2] INFO  [verifyingGlobalFilterLandingPage] [verifyingGlobalFilterLandingPage] Waiting until element is visible in viewport
2026-03-06 18:41:33.397 [TestNG-test-Yt Master Tests-2] INFO  [verifyingGlobalFilterLandingPage] [verifyingGlobalFilterLandingPage] Capturing screenshot: Filter Applied is Bahasa Indonesia__2026-03-06_184133.jpg
2026-03-06 18:41:33.918 [TestNG-test-Yt Master Tests-2] INFO  [verifyingGlobalFilterLandingPage] [verifyingGlobalFilterLandingPage] Screenshot saved at: test-output/screenshots/Run_2026-03-06_18-40-22/verifyingGlobalFilterLandingPage/Filter Applied is Bahasa Indonesia__2026-03-06_184133.jpg
2026-03-06 18:41:33.919 [TestNG-test-Yt Master Tests-2] INFO  [verifyingGlobalFilterLandingPage] Fetching the data from the global filter in landing page
2026-03-06 18:41:33.919 [TestNG-test-Yt Master Tests-2] INFO  [verifyingGlobalFilterLandingPage] [verifyingGlobalFilterLandingPage] Trying to find element: By.xpath: //ytd-search-filter-options-dialog-renderer[@class='style-scope ytd-popup-container']
2026-03-06 18:41:34.013 [TestNG-test-Yt Master Tests-2] INFO  [verifyingGlobalFilterLandingPage] [verifyingGlobalFilterLandingPage] Element found and ready (attempt 1): By.xpath: //ytd-search-filter-options-dialog-renderer[@class='style-scope ytd-popup-container']
2026-03-06 18:41:34.053 [TestNG-test-Yt Master Tests-2] INFO  [verifyingGlobalFilterLandingPage] Closing the global filter pop-up in landing page..
2026-03-06 18:41:34.053 [TestNG-test-Yt Master Tests-2] INFO  [verifyingGlobalFilterLandingPage] [verifyingGlobalFilterLandingPage] Trying to find element: By.xpath: //yt-icon[@icon='close']
2026-03-06 18:41:34.128 [TestNG-test-Yt Master Tests-2] INFO  [verifyingGlobalFilterLandingPage] [verifyingGlobalFilterLandingPage] Element found and ready (attempt 1): By.xpath: //yt-icon[@icon='close']
2026-03-06 18:41:34.194 [TestNG-test-Yt Master Tests-2] INFO  [verifyingGlobalFilterLandingPage] Clicking settings ellipses button...
2026-03-06 18:41:34.232 [TestNG-test-Yt Master Tests-2] INFO  [verifyingGlobalFilterLandingPage] [verifyingGlobalFilterLandingPage] Trying to find element: By.xpath: //ytd-topbar-menu-button-renderer[@class='style-scope ytd-masthead style-default']
2026-03-06 18:41:34.329 [TestNG-test-Yt Master Tests-2] INFO  [verifyingGlobalFilterLandingPage] [verifyingGlobalFilterLandingPage] Element found and ready (attempt 1): By.xpath: //ytd-topbar-menu-button-renderer[@class='style-scope ytd-masthead style-default']
2026-03-06 18:41:34.436 [TestNG-test-Yt Master Tests-2] INFO  [verifyingGlobalFilterLandingPage] Clicking language dropdown...
2026-03-06 18:41:34.436 [TestNG-test-Yt Master Tests-2] INFO  [verifyingGlobalFilterLandingPage] [verifyingGlobalFilterLandingPage] Trying to find element: By.xpath: (//div[@id='content-icon'])[2]
2026-03-06 18:41:35.124 [TestNG-test-Yt Master Tests-2] INFO  [verifyingGlobalFilterLandingPage] [verifyingGlobalFilterLandingPage] Element found and ready (attempt 1): By.xpath: (//div[@id='content-icon'])[2]
2026-03-06 18:41:35.509 [TestNG-test-Yt Master Tests-2] INFO  [verifyingGlobalFilterLandingPage] [verifyingGlobalFilterLandingPage] Trying to find element: By.xpath: //yt-multi-page-menu-section-renderer[@class='style-scope ytd-multi-page-menu-renderer']//yt-formatted-string[@id='label' and text()='Bosanski']
2026-03-06 18:41:35.731 [TestNG-test-Yt Master Tests-2] INFO  [verifyingGlobalFilterLandingPage] [verifyingGlobalFilterLandingPage] Element found and ready (attempt 1): By.xpath: //yt-multi-page-menu-section-renderer[@class='style-scope ytd-multi-page-menu-renderer']//yt-formatted-string[@id='label' and text()='Bosanski']
2026-03-06 18:41:35.732 [TestNG-test-Yt Master Tests-2] INFO  [verifyingGlobalFilterLandingPage] Looking for language element with name: Bosanski
2026-03-06 18:41:35.732 [TestNG-test-Yt Master Tests-2] INFO  [verifyingGlobalFilterLandingPage] [verifyingGlobalFilterLandingPage] Within smoothScrollToElement method
2026-03-06 18:41:35.732 [TestNG-test-Yt Master Tests-2] INFO  [verifyingGlobalFilterLandingPage] SafeActions initialized with driver ChromeDriver: chrome on windows (52d18696f364b812f94fe74f6387b93b)
2026-03-06 18:41:35.732 [TestNG-test-Yt Master Tests-2] INFO  [verifyingGlobalFilterLandingPage] [verifyingGlobalFilterLandingPage] Trying to find element: By.xpath: //yt-multi-page-menu-section-renderer[@class='style-scope ytd-multi-page-menu-renderer']//yt-formatted-string[@id='label' and text()='Bosanski']
2026-03-06 18:41:35.800 [TestNG-test-Yt Master Tests-2] INFO  [verifyingGlobalFilterLandingPage] [verifyingGlobalFilterLandingPage] Element found and ready (attempt 1): By.xpath: //yt-multi-page-menu-section-renderer[@class='style-scope ytd-multi-page-menu-renderer']//yt-formatted-string[@id='label' and text()='Bosanski']
2026-03-06 18:41:35.826 [TestNG-test-Yt Master Tests-2] INFO  [verifyingGlobalFilterLandingPage] [verifyingGlobalFilterLandingPage] Successfully scrolled to element: By.xpath: //yt-multi-page-menu-section-renderer[@class='style-scope ytd-multi-page-menu-renderer']//yt-formatted-string[@id='label' and text()='Bosanski']
2026-03-06 18:41:35.827 [TestNG-test-Yt Master Tests-2] INFO  [verifyingGlobalFilterLandingPage] Looking for language element with name: Bosanski
2026-03-06 18:41:35.827 [TestNG-test-Yt Master Tests-2] INFO  [verifyingGlobalFilterLandingPage] [verifyingGlobalFilterLandingPage] Trying to find element: By.xpath: //yt-multi-page-menu-section-renderer[@class='style-scope ytd-multi-page-menu-renderer']//yt-formatted-string[@id='label' and text()='Bosanski']
2026-03-06 18:41:35.897 [TestNG-test-Yt Master Tests-2] INFO  [verifyingGlobalFilterLandingPage] [verifyingGlobalFilterLandingPage] Element found and ready (attempt 1): By.xpath: //yt-multi-page-menu-section-renderer[@class='style-scope ytd-multi-page-menu-renderer']//yt-formatted-string[@id='label' and text()='Bosanski']
2026-03-06 18:41:35.897 [TestNG-test-Yt Master Tests-2] INFO  [verifyingGlobalFilterLandingPage] [verifyingGlobalFilterLandingPage] Trying to find element: By.xpath: //yt-multi-page-menu-section-renderer[@class='style-scope ytd-multi-page-menu-renderer']//yt-formatted-string[@id='label' and text()='Bosanski']
2026-03-06 18:41:35.963 [TestNG-test-Yt Master Tests-2] INFO  [verifyingGlobalFilterLandingPage] [verifyingGlobalFilterLandingPage] Element found and ready (attempt 1): By.xpath: //yt-multi-page-menu-section-renderer[@class='style-scope ytd-multi-page-menu-renderer']//yt-formatted-string[@id='label' and text()='Bosanski']
2026-03-06 18:41:39.852 [TestNG-test-Yt Master Tests-2] INFO  [verifyingGlobalFilterLandingPage] Clicking settings ellipses button...
2026-03-06 18:41:40.814 [TestNG-test-Yt Master Tests-2] INFO  [verifyingGlobalFilterLandingPage] [verifyingGlobalFilterLandingPage] Trying to find element: By.xpath: //ytd-topbar-menu-button-renderer[@class='style-scope ytd-masthead style-default']
2026-03-06 18:41:41.222 [TestNG-test-Yt Master Tests-2] INFO  [verifyingGlobalFilterLandingPage] [verifyingGlobalFilterLandingPage] Element found and ready (attempt 1): By.xpath: //ytd-topbar-menu-button-renderer[@class='style-scope ytd-masthead style-default']
2026-03-06 18:41:41.318 [TestNG-test-Yt Master Tests-2] INFO  [verifyingGlobalFilterLandingPage] [verifyingGlobalFilterLandingPage] Waiting until element is visible in viewport
2026-03-06 18:41:41.865 [TestNG-test-Yt Master Tests-2] INFO  [verifyingGlobalFilterLandingPage] [verifyingGlobalFilterLandingPage] Capturing screenshot: Filter Applied is Bosanski__2026-03-06_184141.jpg
2026-03-06 18:41:42.331 [TestNG-test-Yt Master Tests-2] INFO  [verifyingGlobalFilterLandingPage] [verifyingGlobalFilterLandingPage] Screenshot saved at: test-output/screenshots/Run_2026-03-06_18-40-22/verifyingGlobalFilterLandingPage/Filter Applied is Bosanski__2026-03-06_184141.jpg
2026-03-06 18:41:42.332 [TestNG-test-Yt Master Tests-2] INFO  [verifyingGlobalFilterLandingPage] Clicking settings ellipses button...
2026-03-06 18:41:42.357 [TestNG-test-Yt Master Tests-2] INFO  [verifyingGlobalFilterLandingPage] [verifyingGlobalFilterLandingPage] Trying to find element: By.xpath: //ytd-topbar-menu-button-renderer[@class='style-scope ytd-masthead style-default']
2026-03-06 18:41:42.418 [TestNG-test-Yt Master Tests-2] INFO  [verifyingGlobalFilterLandingPage] [verifyingGlobalFilterLandingPage] Element found and ready (attempt 1): By.xpath: //ytd-topbar-menu-button-renderer[@class='style-scope ytd-masthead style-default']
2026-03-06 18:41:42.488 [TestNG-test-Yt Master Tests-2] INFO  [verifyingGlobalFilterLandingPage] Clicking on global filter button in landing page..
2026-03-06 18:41:42.488 [TestNG-test-Yt Master Tests-2] INFO  [verifyingGlobalFilterLandingPage] [verifyingGlobalFilterLandingPage] Trying to click element: By.xpath: //div[@id='filter-button']
2026-03-06 18:41:42.736 [TestNG-test-Yt Master Tests-2] INFO  [verifyingGlobalFilterLandingPage] [verifyingGlobalFilterLandingPage] Clicked successfully (attempt 1): By.xpath: //div[@id='filter-button']
2026-03-06 18:41:42.737 [TestNG-test-Yt Master Tests-2] INFO  [verifyingGlobalFilterLandingPage] [verifyingGlobalFilterLandingPage] Waiting until element is visible in viewport
2026-03-06 18:41:42.773 [TestNG-test-Yt Master Tests-2] INFO  [verifyingGlobalFilterLandingPage] [verifyingGlobalFilterLandingPage] Capturing screenshot: Filter Applied is Bosanski__2026-03-06_184142.jpg
2026-03-06 18:41:43.241 [TestNG-test-Yt Master Tests-2] INFO  [verifyingGlobalFilterLandingPage] [verifyingGlobalFilterLandingPage] Screenshot saved at: test-output/screenshots/Run_2026-03-06_18-40-22/verifyingGlobalFilterLandingPage/Filter Applied is Bosanski__2026-03-06_184142.jpg
2026-03-06 18:41:43.242 [TestNG-test-Yt Master Tests-2] INFO  [verifyingGlobalFilterLandingPage] Fetching the data from the global filter in landing page
2026-03-06 18:41:43.242 [TestNG-test-Yt Master Tests-2] INFO  [verifyingGlobalFilterLandingPage] [verifyingGlobalFilterLandingPage] Trying to find element: By.xpath: //ytd-search-filter-options-dialog-renderer[@class='style-scope ytd-popup-container']
2026-03-06 18:41:43.318 [TestNG-test-Yt Master Tests-2] INFO  [verifyingGlobalFilterLandingPage] [verifyingGlobalFilterLandingPage] Element found and ready (attempt 1): By.xpath: //ytd-search-filter-options-dialog-renderer[@class='style-scope ytd-popup-container']
2026-03-06 18:41:43.350 [TestNG-test-Yt Master Tests-2] INFO  [verifyingGlobalFilterLandingPage] Closing the global filter pop-up in landing page..
2026-03-06 18:41:43.351 [TestNG-test-Yt Master Tests-2] INFO  [verifyingGlobalFilterLandingPage] [verifyingGlobalFilterLandingPage] Trying to find element: By.xpath: //yt-icon[@icon='close']
2026-03-06 18:41:43.427 [TestNG-test-Yt Master Tests-2] INFO  [verifyingGlobalFilterLandingPage] [verifyingGlobalFilterLandingPage] Element found and ready (attempt 1): By.xpath: //yt-icon[@icon='close']
2026-03-06 18:41:43.498 [TestNG-test-Yt Master Tests-2] INFO  [verifyingGlobalFilterLandingPage] Clicking settings ellipses button...
2026-03-06 18:41:43.525 [TestNG-test-Yt Master Tests-2] INFO  [verifyingGlobalFilterLandingPage] [verifyingGlobalFilterLandingPage] Trying to find element: By.xpath: //ytd-topbar-menu-button-renderer[@class='style-scope ytd-masthead style-default']
2026-03-06 18:41:43.599 [TestNG-test-Yt Master Tests-2] INFO  [verifyingGlobalFilterLandingPage] [verifyingGlobalFilterLandingPage] Element found and ready (attempt 1): By.xpath: //ytd-topbar-menu-button-renderer[@class='style-scope ytd-masthead style-default']
2026-03-06 18:41:43.692 [TestNG-test-Yt Master Tests-2] INFO  [verifyingGlobalFilterLandingPage] Clicking language dropdown...
2026-03-06 18:41:43.693 [TestNG-test-Yt Master Tests-2] INFO  [verifyingGlobalFilterLandingPage] [verifyingGlobalFilterLandingPage] Trying to find element: By.xpath: (//div[@id='content-icon'])[2]
2026-03-06 18:41:44.328 [TestNG-test-Yt Master Tests-2] INFO  [verifyingGlobalFilterLandingPage] [verifyingGlobalFilterLandingPage] Element found and ready (attempt 1): By.xpath: (//div[@id='content-icon'])[2]
2026-03-06 18:41:44.720 [TestNG-test-Yt Master Tests-2] INFO  [verifyingGlobalFilterLandingPage] [verifyingGlobalFilterLandingPage] Trying to find element: By.xpath: //yt-multi-page-menu-section-renderer[@class='style-scope ytd-multi-page-menu-renderer']//yt-formatted-string[@id='label' and text()='Català']
2026-03-06 18:41:45.057 [TestNG-test-Yt Master Tests-2] INFO  [verifyingGlobalFilterLandingPage] [verifyingGlobalFilterLandingPage] Element found and ready (attempt 1): By.xpath: //yt-multi-page-menu-section-renderer[@class='style-scope ytd-multi-page-menu-renderer']//yt-formatted-string[@id='label' and text()='Català']
2026-03-06 18:41:45.057 [TestNG-test-Yt Master Tests-2] INFO  [verifyingGlobalFilterLandingPage] Looking for language element with name: Català
2026-03-06 18:41:45.057 [TestNG-test-Yt Master Tests-2] INFO  [verifyingGlobalFilterLandingPage] [verifyingGlobalFilterLandingPage] Within smoothScrollToElement method
2026-03-06 18:41:45.057 [TestNG-test-Yt Master Tests-2] INFO  [verifyingGlobalFilterLandingPage] SafeActions initialized with driver ChromeDriver: chrome on windows (52d18696f364b812f94fe74f6387b93b)
2026-03-06 18:41:45.058 [TestNG-test-Yt Master Tests-2] INFO  [verifyingGlobalFilterLandingPage] [verifyingGlobalFilterLandingPage] Trying to find element: By.xpath: //yt-multi-page-menu-section-renderer[@class='style-scope ytd-multi-page-menu-renderer']//yt-formatted-string[@id='label' and text()='Català']
2026-03-06 18:41:45.128 [TestNG-test-Yt Master Tests-2] INFO  [verifyingGlobalFilterLandingPage] [verifyingGlobalFilterLandingPage] Element found and ready (attempt 1): By.xpath: //yt-multi-page-menu-section-renderer[@class='style-scope ytd-multi-page-menu-renderer']//yt-formatted-string[@id='label' and text()='Català']
2026-03-06 18:41:45.166 [TestNG-test-Yt Master Tests-2] INFO  [verifyingGlobalFilterLandingPage] [verifyingGlobalFilterLandingPage] Successfully scrolled to element: By.xpath: //yt-multi-page-menu-section-renderer[@class='style-scope ytd-multi-page-menu-renderer']//yt-formatted-string[@id='label' and text()='Català']
2026-03-06 18:41:45.166 [TestNG-test-Yt Master Tests-2] INFO  [verifyingGlobalFilterLandingPage] Looking for language element with name: Català
2026-03-06 18:41:45.166 [TestNG-test-Yt Master Tests-2] INFO  [verifyingGlobalFilterLandingPage] [verifyingGlobalFilterLandingPage] Trying to find element: By.xpath: //yt-multi-page-menu-section-renderer[@class='style-scope ytd-multi-page-menu-renderer']//yt-formatted-string[@id='label' and text()='Català']
2026-03-06 18:41:45.258 [TestNG-test-Yt Master Tests-2] INFO  [verifyingGlobalFilterLandingPage] [verifyingGlobalFilterLandingPage] Element found and ready (attempt 1): By.xpath: //yt-multi-page-menu-section-renderer[@class='style-scope ytd-multi-page-menu-renderer']//yt-formatted-string[@id='label' and text()='Català']
2026-03-06 18:41:45.258 [TestNG-test-Yt Master Tests-2] INFO  [verifyingGlobalFilterLandingPage] [verifyingGlobalFilterLandingPage] Trying to find element: By.xpath: //yt-multi-page-menu-section-renderer[@class='style-scope ytd-multi-page-menu-renderer']//yt-formatted-string[@id='label' and text()='Català']
2026-03-06 18:41:45.348 [TestNG-test-Yt Master Tests-2] INFO  [verifyingGlobalFilterLandingPage] [verifyingGlobalFilterLandingPage] Element found and ready (attempt 1): By.xpath: //yt-multi-page-menu-section-renderer[@class='style-scope ytd-multi-page-menu-renderer']//yt-formatted-string[@id='label' and text()='Català']
2026-03-06 18:41:48.365 [TestNG-test-Yt Master Tests-2] INFO  [verifyingGlobalFilterLandingPage] Clicking settings ellipses button...
2026-03-06 18:41:49.695 [TestNG-test-Yt Master Tests-2] INFO  [verifyingGlobalFilterLandingPage] [verifyingGlobalFilterLandingPage] Trying to find element: By.xpath: //ytd-topbar-menu-button-renderer[@class='style-scope ytd-masthead style-default']
2026-03-06 18:41:50.267 [TestNG-test-Yt Master Tests-2] INFO  [verifyingGlobalFilterLandingPage] [verifyingGlobalFilterLandingPage] Element found and ready (attempt 1): By.xpath: //ytd-topbar-menu-button-renderer[@class='style-scope ytd-masthead style-default']
2026-03-06 18:41:50.370 [TestNG-test-Yt Master Tests-2] INFO  [verifyingGlobalFilterLandingPage] [verifyingGlobalFilterLandingPage] Waiting until element is visible in viewport
2026-03-06 18:41:50.913 [TestNG-test-Yt Master Tests-2] INFO  [verifyingGlobalFilterLandingPage] [verifyingGlobalFilterLandingPage] Capturing screenshot: Filter Applied is Català__2026-03-06_184150.jpg
2026-03-06 18:41:51.425 [TestNG-test-Yt Master Tests-2] INFO  [verifyingGlobalFilterLandingPage] [verifyingGlobalFilterLandingPage] Screenshot saved at: test-output/screenshots/Run_2026-03-06_18-40-22/verifyingGlobalFilterLandingPage/Filter Applied is Català__2026-03-06_184150.jpg
2026-03-06 18:41:51.427 [TestNG-test-Yt Master Tests-2] INFO  [verifyingGlobalFilterLandingPage] Clicking settings ellipses button...
2026-03-06 18:41:51.455 [TestNG-test-Yt Master Tests-2] INFO  [verifyingGlobalFilterLandingPage] [verifyingGlobalFilterLandingPage] Trying to find element: By.xpath: //ytd-topbar-menu-button-renderer[@class='style-scope ytd-masthead style-default']
2026-03-06 18:41:51.520 [TestNG-test-Yt Master Tests-2] INFO  [verifyingGlobalFilterLandingPage] [verifyingGlobalFilterLandingPage] Element found and ready (attempt 1): By.xpath: //ytd-topbar-menu-button-renderer[@class='style-scope ytd-masthead style-default']
2026-03-06 18:41:51.608 [TestNG-test-Yt Master Tests-2] INFO  [verifyingGlobalFilterLandingPage] Clicking on global filter button in landing page..
2026-03-06 18:41:51.608 [TestNG-test-Yt Master Tests-2] INFO  [verifyingGlobalFilterLandingPage] [verifyingGlobalFilterLandingPage] Trying to click element: By.xpath: //div[@id='filter-button']
2026-03-06 18:41:52.067 [TestNG-test-Yt Master Tests-2] INFO  [verifyingGlobalFilterLandingPage] [verifyingGlobalFilterLandingPage] Clicked successfully (attempt 1): By.xpath: //div[@id='filter-button']
2026-03-06 18:41:52.068 [TestNG-test-Yt Master Tests-2] INFO  [verifyingGlobalFilterLandingPage] [verifyingGlobalFilterLandingPage] Waiting until element is visible in viewport
2026-03-06 18:41:52.144 [TestNG-test-Yt Master Tests-2] INFO  [verifyingGlobalFilterLandingPage] [verifyingGlobalFilterLandingPage] Capturing screenshot: Filter Applied is Català__2026-03-06_184152.jpg
2026-03-06 18:41:52.729 [TestNG-test-Yt Master Tests-2] INFO  [verifyingGlobalFilterLandingPage] [verifyingGlobalFilterLandingPage] Screenshot saved at: test-output/screenshots/Run_2026-03-06_18-40-22/verifyingGlobalFilterLandingPage/Filter Applied is Català__2026-03-06_184152.jpg
2026-03-06 18:41:52.729 [TestNG-test-Yt Master Tests-2] INFO  [verifyingGlobalFilterLandingPage] Fetching the data from the global filter in landing page
2026-03-06 18:41:52.729 [TestNG-test-Yt Master Tests-2] INFO  [verifyingGlobalFilterLandingPage] [verifyingGlobalFilterLandingPage] Trying to find element: By.xpath: //ytd-search-filter-options-dialog-renderer[@class='style-scope ytd-popup-container']
2026-03-06 18:41:52.792 [TestNG-test-Yt Master Tests-2] INFO  [verifyingGlobalFilterLandingPage] [verifyingGlobalFilterLandingPage] Element found and ready (attempt 1): By.xpath: //ytd-search-filter-options-dialog-renderer[@class='style-scope ytd-popup-container']
2026-03-06 18:41:52.825 [TestNG-test-Yt Master Tests-2] INFO  [verifyingGlobalFilterLandingPage] Closing the global filter pop-up in landing page..
2026-03-06 18:41:52.826 [TestNG-test-Yt Master Tests-2] INFO  [verifyingGlobalFilterLandingPage] [verifyingGlobalFilterLandingPage] Trying to find element: By.xpath: //yt-icon[@icon='close']
2026-03-06 18:41:52.887 [TestNG-test-Yt Master Tests-2] INFO  [verifyingGlobalFilterLandingPage] [verifyingGlobalFilterLandingPage] Element found and ready (attempt 1): By.xpath: //yt-icon[@icon='close']
2026-03-06 18:41:52.958 [TestNG-test-Yt Master Tests-2] INFO  [verifyingGlobalFilterLandingPage] Clicking settings ellipses button...
2026-03-06 18:41:52.985 [TestNG-test-Yt Master Tests-2] INFO  [verifyingGlobalFilterLandingPage] [verifyingGlobalFilterLandingPage] Trying to find element: By.xpath: //ytd-topbar-menu-button-renderer[@class='style-scope ytd-masthead style-default']
2026-03-06 18:41:53.049 [TestNG-test-Yt Master Tests-2] INFO  [verifyingGlobalFilterLandingPage] [verifyingGlobalFilterLandingPage] Element found and ready (attempt 1): By.xpath: //ytd-topbar-menu-button-renderer[@class='style-scope ytd-masthead style-default']
2026-03-06 18:41:53.131 [TestNG-test-Yt Master Tests-2] INFO  [verifyingGlobalFilterLandingPage] Clicking language dropdown...
2026-03-06 18:41:53.132 [TestNG-test-Yt Master Tests-2] INFO  [verifyingGlobalFilterLandingPage] [verifyingGlobalFilterLandingPage] Trying to find element: By.xpath: (//div[@id='content-icon'])[2]
2026-03-06 18:41:53.733 [TestNG-test-Yt Master Tests-2] INFO  [verifyingGlobalFilterLandingPage] [verifyingGlobalFilterLandingPage] Element found and ready (attempt 1): By.xpath: (//div[@id='content-icon'])[2]
2026-03-06 18:41:54.190 [TestNG-test-Yt Master Tests-2] INFO  [verifyingGlobalFilterLandingPage] [verifyingGlobalFilterLandingPage] Trying to find element: By.xpath: //yt-multi-page-menu-section-renderer[@class='style-scope ytd-multi-page-menu-renderer']//yt-formatted-string[@id='label' and text()='Dansk']
2026-03-06 18:41:54.363 [TestNG-test-Yt Master Tests-2] INFO  [verifyingGlobalFilterLandingPage] [verifyingGlobalFilterLandingPage] Element found and ready (attempt 1): By.xpath: //yt-multi-page-menu-section-renderer[@class='style-scope ytd-multi-page-menu-renderer']//yt-formatted-string[@id='label' and text()='Dansk']
2026-03-06 18:41:54.363 [TestNG-test-Yt Master Tests-2] INFO  [verifyingGlobalFilterLandingPage] Looking for language element with name: Dansk
2026-03-06 18:41:54.363 [TestNG-test-Yt Master Tests-2] INFO  [verifyingGlobalFilterLandingPage] [verifyingGlobalFilterLandingPage] Within smoothScrollToElement method
2026-03-06 18:41:54.363 [TestNG-test-Yt Master Tests-2] INFO  [verifyingGlobalFilterLandingPage] SafeActions initialized with driver ChromeDriver: chrome on windows (52d18696f364b812f94fe74f6387b93b)
2026-03-06 18:41:54.363 [TestNG-test-Yt Master Tests-2] INFO  [verifyingGlobalFilterLandingPage] [verifyingGlobalFilterLandingPage] Trying to find element: By.xpath: //yt-multi-page-menu-section-renderer[@class='style-scope ytd-multi-page-menu-renderer']//yt-formatted-string[@id='label' and text()='Dansk']
2026-03-06 18:41:54.431 [TestNG-test-Yt Master Tests-2] INFO  [verifyingGlobalFilterLandingPage] [verifyingGlobalFilterLandingPage] Element found and ready (attempt 1): By.xpath: //yt-multi-page-menu-section-renderer[@class='style-scope ytd-multi-page-menu-renderer']//yt-formatted-string[@id='label' and text()='Dansk']
2026-03-06 18:41:54.455 [TestNG-test-Yt Master Tests-2] INFO  [verifyingGlobalFilterLandingPage] [verifyingGlobalFilterLandingPage] Successfully scrolled to element: By.xpath: //yt-multi-page-menu-section-renderer[@class='style-scope ytd-multi-page-menu-renderer']//yt-formatted-string[@id='label' and text()='Dansk']
2026-03-06 18:41:54.455 [TestNG-test-Yt Master Tests-2] INFO  [verifyingGlobalFilterLandingPage] Looking for language element with name: Dansk
2026-03-06 18:41:54.455 [TestNG-test-Yt Master Tests-2] INFO  [verifyingGlobalFilterLandingPage] [verifyingGlobalFilterLandingPage] Trying to find element: By.xpath: //yt-multi-page-menu-section-renderer[@class='style-scope ytd-multi-page-menu-renderer']//yt-formatted-string[@id='label' and text()='Dansk']
2026-03-06 18:41:54.532 [TestNG-test-Yt Master Tests-2] INFO  [verifyingGlobalFilterLandingPage] [verifyingGlobalFilterLandingPage] Element found and ready (attempt 1): By.xpath: //yt-multi-page-menu-section-renderer[@class='style-scope ytd-multi-page-menu-renderer']//yt-formatted-string[@id='label' and text()='Dansk']
2026-03-06 18:41:54.532 [TestNG-test-Yt Master Tests-2] INFO  [verifyingGlobalFilterLandingPage] [verifyingGlobalFilterLandingPage] Trying to find element: By.xpath: //yt-multi-page-menu-section-renderer[@class='style-scope ytd-multi-page-menu-renderer']//yt-formatted-string[@id='label' and text()='Dansk']
2026-03-06 18:41:54.594 [TestNG-test-Yt Master Tests-2] INFO  [verifyingGlobalFilterLandingPage] [verifyingGlobalFilterLandingPage] Element found and ready (attempt 1): By.xpath: //yt-multi-page-menu-section-renderer[@class='style-scope ytd-multi-page-menu-renderer']//yt-formatted-string[@id='label' and text()='Dansk']
2026-03-06 18:41:57.365 [TestNG-test-Yt Master Tests-2] INFO  [verifyingGlobalFilterLandingPage] Clicking settings ellipses button...
2026-03-06 18:41:58.323 [TestNG-test-Yt Master Tests-2] INFO  [verifyingGlobalFilterLandingPage] [verifyingGlobalFilterLandingPage] Trying to find element: By.xpath: //ytd-topbar-menu-button-renderer[@class='style-scope ytd-masthead style-default']
2026-03-06 18:41:59.102 [TestNG-test-Yt Master Tests-2] INFO  [verifyingGlobalFilterLandingPage] [verifyingGlobalFilterLandingPage] Element found and ready (attempt 1): By.xpath: //ytd-topbar-menu-button-renderer[@class='style-scope ytd-masthead style-default']
2026-03-06 18:41:59.213 [TestNG-test-Yt Master Tests-2] INFO  [verifyingGlobalFilterLandingPage] [verifyingGlobalFilterLandingPage] Waiting until element is visible in viewport
2026-03-06 18:41:59.756 [TestNG-test-Yt Master Tests-2] INFO  [verifyingGlobalFilterLandingPage] [verifyingGlobalFilterLandingPage] Capturing screenshot: Filter Applied is Dansk__2026-03-06_184159.jpg
2026-03-06 18:42:00.120 [TestNG-test-Yt Master Tests-2] INFO  [verifyingGlobalFilterLandingPage] [verifyingGlobalFilterLandingPage] Screenshot saved at: test-output/screenshots/Run_2026-03-06_18-40-22/verifyingGlobalFilterLandingPage/Filter Applied is Dansk__2026-03-06_184159.jpg
2026-03-06 18:42:00.121 [TestNG-test-Yt Master Tests-2] INFO  [verifyingGlobalFilterLandingPage] Clicking settings ellipses button...
2026-03-06 18:42:00.146 [TestNG-test-Yt Master Tests-2] INFO  [verifyingGlobalFilterLandingPage] [verifyingGlobalFilterLandingPage] Trying to find element: By.xpath: //ytd-topbar-menu-button-renderer[@class='style-scope ytd-masthead style-default']
2026-03-06 18:42:00.203 [TestNG-test-Yt Master Tests-2] INFO  [verifyingGlobalFilterLandingPage] [verifyingGlobalFilterLandingPage] Element found and ready (attempt 1): By.xpath: //ytd-topbar-menu-button-renderer[@class='style-scope ytd-masthead style-default']
2026-03-06 18:42:00.269 [TestNG-test-Yt Master Tests-2] INFO  [verifyingGlobalFilterLandingPage] Clicking on global filter button in landing page..
2026-03-06 18:42:00.269 [TestNG-test-Yt Master Tests-2] INFO  [verifyingGlobalFilterLandingPage] [verifyingGlobalFilterLandingPage] Trying to click element: By.xpath: //div[@id='filter-button']
2026-03-06 18:42:00.519 [TestNG-test-Yt Master Tests-2] INFO  [verifyingGlobalFilterLandingPage] [verifyingGlobalFilterLandingPage] Clicked successfully (attempt 1): By.xpath: //div[@id='filter-button']
2026-03-06 18:42:00.519 [TestNG-test-Yt Master Tests-2] INFO  [verifyingGlobalFilterLandingPage] [verifyingGlobalFilterLandingPage] Waiting until element is visible in viewport
2026-03-06 18:42:00.562 [TestNG-test-Yt Master Tests-2] INFO  [verifyingGlobalFilterLandingPage] [verifyingGlobalFilterLandingPage] Capturing screenshot: Filter Applied is Dansk__2026-03-06_184200.jpg
2026-03-06 18:42:01.141 [TestNG-test-Yt Master Tests-2] INFO  [verifyingGlobalFilterLandingPage] [verifyingGlobalFilterLandingPage] Screenshot saved at: test-output/screenshots/Run_2026-03-06_18-40-22/verifyingGlobalFilterLandingPage/Filter Applied is Dansk__2026-03-06_184200.jpg
2026-03-06 18:42:01.141 [TestNG-test-Yt Master Tests-2] INFO  [verifyingGlobalFilterLandingPage] Fetching the data from the global filter in landing page
2026-03-06 18:42:01.141 [TestNG-test-Yt Master Tests-2] INFO  [verifyingGlobalFilterLandingPage] [verifyingGlobalFilterLandingPage] Trying to find element: By.xpath: //ytd-search-filter-options-dialog-renderer[@class='style-scope ytd-popup-container']
2026-03-06 18:42:01.201 [TestNG-test-Yt Master Tests-2] INFO  [verifyingGlobalFilterLandingPage] [verifyingGlobalFilterLandingPage] Element found and ready (attempt 1): By.xpath: //ytd-search-filter-options-dialog-renderer[@class='style-scope ytd-popup-container']
2026-03-06 18:42:01.230 [TestNG-test-Yt Master Tests-2] INFO  [verifyingGlobalFilterLandingPage] Closing the global filter pop-up in landing page..
2026-03-06 18:42:01.230 [TestNG-test-Yt Master Tests-2] INFO  [verifyingGlobalFilterLandingPage] [verifyingGlobalFilterLandingPage] Trying to find element: By.xpath: //yt-icon[@icon='close']
2026-03-06 18:42:01.309 [TestNG-test-Yt Master Tests-2] INFO  [verifyingGlobalFilterLandingPage] [verifyingGlobalFilterLandingPage] Element found and ready (attempt 1): By.xpath: //yt-icon[@icon='close']
2026-03-06 18:42:01.378 [TestNG-test-Yt Master Tests-2] INFO  [verifyingGlobalFilterLandingPage] Clicking settings ellipses button...
2026-03-06 18:42:01.408 [TestNG-test-Yt Master Tests-2] INFO  [verifyingGlobalFilterLandingPage] [verifyingGlobalFilterLandingPage] Trying to find element: By.xpath: //ytd-topbar-menu-button-renderer[@class='style-scope ytd-masthead style-default']
2026-03-06 18:42:01.516 [TestNG-test-Yt Master Tests-2] INFO  [verifyingGlobalFilterLandingPage] [verifyingGlobalFilterLandingPage] Element found and ready (attempt 1): By.xpath: //ytd-topbar-menu-button-renderer[@class='style-scope ytd-masthead style-default']
2026-03-06 18:42:01.611 [TestNG-test-Yt Master Tests-2] INFO  [verifyingGlobalFilterLandingPage] Clicking language dropdown...
2026-03-06 18:42:01.611 [TestNG-test-Yt Master Tests-2] INFO  [verifyingGlobalFilterLandingPage] [verifyingGlobalFilterLandingPage] Trying to find element: By.xpath: (//div[@id='content-icon'])[2]
2026-03-06 18:42:02.292 [TestNG-test-Yt Master Tests-2] INFO  [verifyingGlobalFilterLandingPage] [verifyingGlobalFilterLandingPage] Element found and ready (attempt 1): By.xpath: (//div[@id='content-icon'])[2]
2026-03-06 18:42:02.729 [TestNG-test-Yt Master Tests-2] INFO  [verifyingGlobalFilterLandingPage] [verifyingGlobalFilterLandingPage] Trying to find element: By.xpath: //yt-multi-page-menu-section-renderer[@class='style-scope ytd-multi-page-menu-renderer']//yt-formatted-string[@id='label' and text()='Deutsch']
2026-03-06 18:42:02.890 [TestNG-test-Yt Master Tests-2] INFO  [verifyingGlobalFilterLandingPage] [verifyingGlobalFilterLandingPage] Element found and ready (attempt 1): By.xpath: //yt-multi-page-menu-section-renderer[@class='style-scope ytd-multi-page-menu-renderer']//yt-formatted-string[@id='label' and text()='Deutsch']
2026-03-06 18:42:02.890 [TestNG-test-Yt Master Tests-2] INFO  [verifyingGlobalFilterLandingPage] Looking for language element with name: Deutsch
2026-03-06 18:42:02.890 [TestNG-test-Yt Master Tests-2] INFO  [verifyingGlobalFilterLandingPage] [verifyingGlobalFilterLandingPage] Within smoothScrollToElement method
2026-03-06 18:42:02.890 [TestNG-test-Yt Master Tests-2] INFO  [verifyingGlobalFilterLandingPage] SafeActions initialized with driver ChromeDriver: chrome on windows (52d18696f364b812f94fe74f6387b93b)
2026-03-06 18:42:02.890 [TestNG-test-Yt Master Tests-2] INFO  [verifyingGlobalFilterLandingPage] [verifyingGlobalFilterLandingPage] Trying to find element: By.xpath: //yt-multi-page-menu-section-renderer[@class='style-scope ytd-multi-page-menu-renderer']//yt-formatted-string[@id='label' and text()='Deutsch']
2026-03-06 18:42:02.954 [TestNG-test-Yt Master Tests-2] INFO  [verifyingGlobalFilterLandingPage] [verifyingGlobalFilterLandingPage] Element found and ready (attempt 1): By.xpath: //yt-multi-page-menu-section-renderer[@class='style-scope ytd-multi-page-menu-renderer']//yt-formatted-string[@id='label' and text()='Deutsch']
2026-03-06 18:42:02.977 [TestNG-test-Yt Master Tests-2] INFO  [verifyingGlobalFilterLandingPage] [verifyingGlobalFilterLandingPage] Successfully scrolled to element: By.xpath: //yt-multi-page-menu-section-renderer[@class='style-scope ytd-multi-page-menu-renderer']//yt-formatted-string[@id='label' and text()='Deutsch']
2026-03-06 18:42:02.977 [TestNG-test-Yt Master Tests-2] INFO  [verifyingGlobalFilterLandingPage] Looking for language element with name: Deutsch
2026-03-06 18:42:02.977 [TestNG-test-Yt Master Tests-2] INFO  [verifyingGlobalFilterLandingPage] [verifyingGlobalFilterLandingPage] Trying to find element: By.xpath: //yt-multi-page-menu-section-renderer[@class='style-scope ytd-multi-page-menu-renderer']//yt-formatted-string[@id='label' and text()='Deutsch']
2026-03-06 18:42:03.040 [TestNG-test-Yt Master Tests-2] INFO  [verifyingGlobalFilterLandingPage] [verifyingGlobalFilterLandingPage] Element found and ready (attempt 1): By.xpath: //yt-multi-page-menu-section-renderer[@class='style-scope ytd-multi-page-menu-renderer']//yt-formatted-string[@id='label' and text()='Deutsch']
2026-03-06 18:42:03.040 [TestNG-test-Yt Master Tests-2] INFO  [verifyingGlobalFilterLandingPage] [verifyingGlobalFilterLandingPage] Trying to find element: By.xpath: //yt-multi-page-menu-section-renderer[@class='style-scope ytd-multi-page-menu-renderer']//yt-formatted-string[@id='label' and text()='Deutsch']
2026-03-06 18:42:03.102 [TestNG-test-Yt Master Tests-2] INFO  [verifyingGlobalFilterLandingPage] [verifyingGlobalFilterLandingPage] Element found and ready (attempt 1): By.xpath: //yt-multi-page-menu-section-renderer[@class='style-scope ytd-multi-page-menu-renderer']//yt-formatted-string[@id='label' and text()='Deutsch']
2026-03-06 18:42:06.826 [TestNG-test-Yt Master Tests-2] INFO  [verifyingGlobalFilterLandingPage] Clicking settings ellipses button...
2026-03-06 18:42:07.716 [TestNG-test-Yt Master Tests-2] INFO  [verifyingGlobalFilterLandingPage] [verifyingGlobalFilterLandingPage] Trying to find element: By.xpath: //ytd-topbar-menu-button-renderer[@class='style-scope ytd-masthead style-default']
2026-03-06 18:42:08.236 [TestNG-test-Yt Master Tests-2] INFO  [verifyingGlobalFilterLandingPage] [verifyingGlobalFilterLandingPage] Element found and ready (attempt 1): By.xpath: //ytd-topbar-menu-button-renderer[@class='style-scope ytd-masthead style-default']
2026-03-06 18:42:08.333 [TestNG-test-Yt Master Tests-2] INFO  [verifyingGlobalFilterLandingPage] [verifyingGlobalFilterLandingPage] Waiting until element is visible in viewport
2026-03-06 18:42:08.870 [TestNG-test-Yt Master Tests-2] INFO  [verifyingGlobalFilterLandingPage] [verifyingGlobalFilterLandingPage] Capturing screenshot: Filter Applied is Deutsch__2026-03-06_184208.jpg
2026-03-06 18:42:09.270 [TestNG-test-Yt Master Tests-2] INFO  [verifyingGlobalFilterLandingPage] [verifyingGlobalFilterLandingPage] Screenshot saved at: test-output/screenshots/Run_2026-03-06_18-40-22/verifyingGlobalFilterLandingPage/Filter Applied is Deutsch__2026-03-06_184208.jpg
2026-03-06 18:42:09.270 [TestNG-test-Yt Master Tests-2] INFO  [verifyingGlobalFilterLandingPage] Clicking settings ellipses button...
2026-03-06 18:42:09.297 [TestNG-test-Yt Master Tests-2] INFO  [verifyingGlobalFilterLandingPage] [verifyingGlobalFilterLandingPage] Trying to find element: By.xpath: //ytd-topbar-menu-button-renderer[@class='style-scope ytd-masthead style-default']
2026-03-06 18:42:09.359 [TestNG-test-Yt Master Tests-2] INFO  [verifyingGlobalFilterLandingPage] [verifyingGlobalFilterLandingPage] Element found and ready (attempt 1): By.xpath: //ytd-topbar-menu-button-renderer[@class='style-scope ytd-masthead style-default']
2026-03-06 18:42:09.428 [TestNG-test-Yt Master Tests-2] INFO  [verifyingGlobalFilterLandingPage] Clicking on global filter button in landing page..
2026-03-06 18:42:09.428 [TestNG-test-Yt Master Tests-2] INFO  [verifyingGlobalFilterLandingPage] [verifyingGlobalFilterLandingPage] Trying to click element: By.xpath: //div[@id='filter-button']
2026-03-06 18:42:09.665 [TestNG-test-Yt Master Tests-2] INFO  [verifyingGlobalFilterLandingPage] [verifyingGlobalFilterLandingPage] Clicked successfully (attempt 1): By.xpath: //div[@id='filter-button']
2026-03-06 18:42:09.665 [TestNG-test-Yt Master Tests-2] INFO  [verifyingGlobalFilterLandingPage] [verifyingGlobalFilterLandingPage] Waiting until element is visible in viewport
2026-03-06 18:42:09.705 [TestNG-test-Yt Master Tests-2] INFO  [verifyingGlobalFilterLandingPage] [verifyingGlobalFilterLandingPage] Capturing screenshot: Filter Applied is Deutsch__2026-03-06_184209.jpg
2026-03-06 18:42:10.178 [TestNG-test-Yt Master Tests-2] INFO  [verifyingGlobalFilterLandingPage] [verifyingGlobalFilterLandingPage] Screenshot saved at: test-output/screenshots/Run_2026-03-06_18-40-22/verifyingGlobalFilterLandingPage/Filter Applied is Deutsch__2026-03-06_184209.jpg
2026-03-06 18:42:10.178 [TestNG-test-Yt Master Tests-2] INFO  [verifyingGlobalFilterLandingPage] Fetching the data from the global filter in landing page
2026-03-06 18:42:10.179 [TestNG-test-Yt Master Tests-2] INFO  [verifyingGlobalFilterLandingPage] [verifyingGlobalFilterLandingPage] Trying to find element: By.xpath: //ytd-search-filter-options-dialog-renderer[@class='style-scope ytd-popup-container']
2026-03-06 18:42:10.244 [TestNG-test-Yt Master Tests-2] INFO  [verifyingGlobalFilterLandingPage] [verifyingGlobalFilterLandingPage] Element found and ready (attempt 1): By.xpath: //ytd-search-filter-options-dialog-renderer[@class='style-scope ytd-popup-container']
2026-03-06 18:42:10.276 [TestNG-test-Yt Master Tests-2] INFO  [verifyingGlobalFilterLandingPage] Closing the global filter pop-up in landing page..
2026-03-06 18:42:10.276 [TestNG-test-Yt Master Tests-2] INFO  [verifyingGlobalFilterLandingPage] [verifyingGlobalFilterLandingPage] Trying to find element: By.xpath: //yt-icon[@icon='close']
2026-03-06 18:42:10.338 [TestNG-test-Yt Master Tests-2] INFO  [verifyingGlobalFilterLandingPage] [verifyingGlobalFilterLandingPage] Element found and ready (attempt 1): By.xpath: //yt-icon[@icon='close']
2026-03-06 18:42:10.405 [TestNG-test-Yt Master Tests-2] INFO  [verifyingGlobalFilterLandingPage] Clicking settings ellipses button...
2026-03-06 18:42:10.431 [TestNG-test-Yt Master Tests-2] INFO  [verifyingGlobalFilterLandingPage] [verifyingGlobalFilterLandingPage] Trying to find element: By.xpath: //ytd-topbar-menu-button-renderer[@class='style-scope ytd-masthead style-default']
2026-03-06 18:42:10.504 [TestNG-test-Yt Master Tests-2] INFO  [verifyingGlobalFilterLandingPage] [verifyingGlobalFilterLandingPage] Element found and ready (attempt 1): By.xpath: //ytd-topbar-menu-button-renderer[@class='style-scope ytd-masthead style-default']
2026-03-06 18:42:10.599 [TestNG-test-Yt Master Tests-2] INFO  [verifyingGlobalFilterLandingPage] Clicking language dropdown...
2026-03-06 18:42:10.600 [TestNG-test-Yt Master Tests-2] INFO  [verifyingGlobalFilterLandingPage] [verifyingGlobalFilterLandingPage] Trying to find element: By.xpath: (//div[@id='content-icon'])[2]
2026-03-06 18:42:11.205 [TestNG-test-Yt Master Tests-2] INFO  [verifyingGlobalFilterLandingPage] [verifyingGlobalFilterLandingPage] Element found and ready (attempt 1): By.xpath: (//div[@id='content-icon'])[2]
2026-03-06 18:42:11.622 [TestNG-test-Yt Master Tests-2] INFO  [verifyingGlobalFilterLandingPage] [verifyingGlobalFilterLandingPage] Trying to find element: By.xpath: //yt-multi-page-menu-section-renderer[@class='style-scope ytd-multi-page-menu-renderer']//yt-formatted-string[@id='label' and text()='Eesti']
2026-03-06 18:42:11.832 [TestNG-test-Yt Master Tests-2] INFO  [verifyingGlobalFilterLandingPage] [verifyingGlobalFilterLandingPage] Element found and ready (attempt 1): By.xpath: //yt-multi-page-menu-section-renderer[@class='style-scope ytd-multi-page-menu-renderer']//yt-formatted-string[@id='label' and text()='Eesti']
2026-03-06 18:42:11.832 [TestNG-test-Yt Master Tests-2] INFO  [verifyingGlobalFilterLandingPage] Looking for language element with name: Eesti
2026-03-06 18:42:11.832 [TestNG-test-Yt Master Tests-2] INFO  [verifyingGlobalFilterLandingPage] [verifyingGlobalFilterLandingPage] Within smoothScrollToElement method
2026-03-06 18:42:11.832 [TestNG-test-Yt Master Tests-2] INFO  [verifyingGlobalFilterLandingPage] SafeActions initialized with driver ChromeDriver: chrome on windows (52d18696f364b812f94fe74f6387b93b)
2026-03-06 18:42:11.832 [TestNG-test-Yt Master Tests-2] INFO  [verifyingGlobalFilterLandingPage] [verifyingGlobalFilterLandingPage] Trying to find element: By.xpath: //yt-multi-page-menu-section-renderer[@class='style-scope ytd-multi-page-menu-renderer']//yt-formatted-string[@id='label' and text()='Eesti']
2026-03-06 18:42:11.916 [TestNG-test-Yt Master Tests-2] INFO  [verifyingGlobalFilterLandingPage] [verifyingGlobalFilterLandingPage] Element found and ready (attempt 1): By.xpath: //yt-multi-page-menu-section-renderer[@class='style-scope ytd-multi-page-menu-renderer']//yt-formatted-string[@id='label' and text()='Eesti']
2026-03-06 18:42:11.988 [TestNG-test-Yt Master Tests-2] INFO  [verifyingGlobalFilterLandingPage] [verifyingGlobalFilterLandingPage] Successfully scrolled to element: By.xpath: //yt-multi-page-menu-section-renderer[@class='style-scope ytd-multi-page-menu-renderer']//yt-formatted-string[@id='label' and text()='Eesti']
2026-03-06 18:42:11.988 [TestNG-test-Yt Master Tests-2] INFO  [verifyingGlobalFilterLandingPage] Looking for language element with name: Eesti
2026-03-06 18:42:11.988 [TestNG-test-Yt Master Tests-2] INFO  [verifyingGlobalFilterLandingPage] [verifyingGlobalFilterLandingPage] Trying to find element: By.xpath: //yt-multi-page-menu-section-renderer[@class='style-scope ytd-multi-page-menu-renderer']//yt-formatted-string[@id='label' and text()='Eesti']
2026-03-06 18:42:12.062 [TestNG-test-Yt Master Tests-2] INFO  [verifyingGlobalFilterLandingPage] [verifyingGlobalFilterLandingPage] Element found and ready (attempt 1): By.xpath: //yt-multi-page-menu-section-renderer[@class='style-scope ytd-multi-page-menu-renderer']//yt-formatted-string[@id='label' and text()='Eesti']
2026-03-06 18:42:12.062 [TestNG-test-Yt Master Tests-2] INFO  [verifyingGlobalFilterLandingPage] [verifyingGlobalFilterLandingPage] Trying to find element: By.xpath: //yt-multi-page-menu-section-renderer[@class='style-scope ytd-multi-page-menu-renderer']//yt-formatted-string[@id='label' and text()='Eesti']
2026-03-06 18:42:12.140 [TestNG-test-Yt Master Tests-2] INFO  [verifyingGlobalFilterLandingPage] [verifyingGlobalFilterLandingPage] Element found and ready (attempt 1): By.xpath: //yt-multi-page-menu-section-renderer[@class='style-scope ytd-multi-page-menu-renderer']//yt-formatted-string[@id='label' and text()='Eesti']
2026-03-06 18:42:15.047 [TestNG-test-Yt Master Tests-2] INFO  [verifyingGlobalFilterLandingPage] Clicking settings ellipses button...
2026-03-06 18:42:17.054 [TestNG-test-Yt Master Tests-2] INFO  [verifyingGlobalFilterLandingPage] [verifyingGlobalFilterLandingPage] Trying to find element: By.xpath: //ytd-topbar-menu-button-renderer[@class='style-scope ytd-masthead style-default']
2026-03-06 18:42:17.306 [TestNG-test-Yt Master Tests-2] INFO  [verifyingGlobalFilterLandingPage] [verifyingGlobalFilterLandingPage] Element found and ready (attempt 1): By.xpath: //ytd-topbar-menu-button-renderer[@class='style-scope ytd-masthead style-default']
2026-03-06 18:42:17.417 [TestNG-test-Yt Master Tests-2] INFO  [verifyingGlobalFilterLandingPage] [verifyingGlobalFilterLandingPage] Waiting until element is visible in viewport
2026-03-06 18:42:18.043 [TestNG-test-Yt Master Tests-2] INFO  [verifyingGlobalFilterLandingPage] [verifyingGlobalFilterLandingPage] Capturing screenshot: Filter Applied is Eesti__2026-03-06_184218.jpg
2026-03-06 18:42:18.498 [TestNG-test-Yt Master Tests-2] INFO  [verifyingGlobalFilterLandingPage] [verifyingGlobalFilterLandingPage] Screenshot saved at: test-output/screenshots/Run_2026-03-06_18-40-22/verifyingGlobalFilterLandingPage/Filter Applied is Eesti__2026-03-06_184218.jpg
2026-03-06 18:42:18.498 [TestNG-test-Yt Master Tests-2] INFO  [verifyingGlobalFilterLandingPage] Clicking settings ellipses button...
2026-03-06 18:42:18.533 [TestNG-test-Yt Master Tests-2] INFO  [verifyingGlobalFilterLandingPage] [verifyingGlobalFilterLandingPage] Trying to find element: By.xpath: //ytd-topbar-menu-button-renderer[@class='style-scope ytd-masthead style-default']
2026-03-06 18:42:18.597 [TestNG-test-Yt Master Tests-2] INFO  [verifyingGlobalFilterLandingPage] [verifyingGlobalFilterLandingPage] Element found and ready (attempt 1): By.xpath: //ytd-topbar-menu-button-renderer[@class='style-scope ytd-masthead style-default']
2026-03-06 18:42:18.659 [TestNG-test-Yt Master Tests-2] INFO  [verifyingGlobalFilterLandingPage] Clicking on global filter button in landing page..
2026-03-06 18:42:18.659 [TestNG-test-Yt Master Tests-2] INFO  [verifyingGlobalFilterLandingPage] [verifyingGlobalFilterLandingPage] Trying to click element: By.xpath: //div[@id='filter-button']
2026-03-06 18:42:18.898 [TestNG-test-Yt Master Tests-2] INFO  [verifyingGlobalFilterLandingPage] [verifyingGlobalFilterLandingPage] Clicked successfully (attempt 1): By.xpath: //div[@id='filter-button']
2026-03-06 18:42:18.898 [TestNG-test-Yt Master Tests-2] INFO  [verifyingGlobalFilterLandingPage] [verifyingGlobalFilterLandingPage] Waiting until element is visible in viewport
2026-03-06 18:42:18.924 [TestNG-test-Yt Master Tests-2] INFO  [verifyingGlobalFilterLandingPage] [verifyingGlobalFilterLandingPage] Capturing screenshot: Filter Applied is Eesti__2026-03-06_184218.jpg
2026-03-06 18:42:19.569 [TestNG-test-Yt Master Tests-2] INFO  [verifyingGlobalFilterLandingPage] [verifyingGlobalFilterLandingPage] Screenshot saved at: test-output/screenshots/Run_2026-03-06_18-40-22/verifyingGlobalFilterLandingPage/Filter Applied is Eesti__2026-03-06_184218.jpg
2026-03-06 18:42:19.569 [TestNG-test-Yt Master Tests-2] INFO  [verifyingGlobalFilterLandingPage] Fetching the data from the global filter in landing page
2026-03-06 18:42:19.569 [TestNG-test-Yt Master Tests-2] INFO  [verifyingGlobalFilterLandingPage] [verifyingGlobalFilterLandingPage] Trying to find element: By.xpath: //ytd-search-filter-options-dialog-renderer[@class='style-scope ytd-popup-container']
2026-03-06 18:42:19.658 [TestNG-test-Yt Master Tests-2] INFO  [verifyingGlobalFilterLandingPage] [verifyingGlobalFilterLandingPage] Element found and ready (attempt 1): By.xpath: //ytd-search-filter-options-dialog-renderer[@class='style-scope ytd-popup-container']
2026-03-06 18:42:19.701 [TestNG-test-Yt Master Tests-2] INFO  [verifyingGlobalFilterLandingPage] Closing the global filter pop-up in landing page..
2026-03-06 18:42:19.701 [TestNG-test-Yt Master Tests-2] INFO  [verifyingGlobalFilterLandingPage] [verifyingGlobalFilterLandingPage] Trying to find element: By.xpath: //yt-icon[@icon='close']
2026-03-06 18:42:19.793 [TestNG-test-Yt Master Tests-2] INFO  [verifyingGlobalFilterLandingPage] [verifyingGlobalFilterLandingPage] Element found and ready (attempt 1): By.xpath: //yt-icon[@icon='close']
2026-03-06 18:42:19.888 [TestNG-test-Yt Master Tests-2] INFO  [verifyingGlobalFilterLandingPage] Clicking settings ellipses button...
2026-03-06 18:42:20.007 [TestNG-test-Yt Master Tests-2] INFO  [verifyingGlobalFilterLandingPage] [verifyingGlobalFilterLandingPage] Trying to find element: By.xpath: //ytd-topbar-menu-button-renderer[@class='style-scope ytd-masthead style-default']
2026-03-06 18:42:20.239 [TestNG-test-Yt Master Tests-2] INFO  [verifyingGlobalFilterLandingPage] [verifyingGlobalFilterLandingPage] Element found and ready (attempt 1): By.xpath: //ytd-topbar-menu-button-renderer[@class='style-scope ytd-masthead style-default']
2026-03-06 18:42:20.383 [TestNG-test-Yt Master Tests-2] INFO  [verifyingGlobalFilterLandingPage] Clicking language dropdown...
2026-03-06 18:42:20.384 [TestNG-test-Yt Master Tests-2] INFO  [verifyingGlobalFilterLandingPage] [verifyingGlobalFilterLandingPage] Trying to find element: By.xpath: (//div[@id='content-icon'])[2]
2026-03-06 18:42:20.992 [TestNG-test-Yt Master Tests-2] INFO  [verifyingGlobalFilterLandingPage] [verifyingGlobalFilterLandingPage] Element found and ready (attempt 1): By.xpath: (//div[@id='content-icon'])[2]
2026-03-06 18:42:21.536 [TestNG-test-Yt Master Tests-2] INFO  [verifyingGlobalFilterLandingPage] [verifyingGlobalFilterLandingPage] Trying to find element: By.xpath: //yt-multi-page-menu-section-renderer[@class='style-scope ytd-multi-page-menu-renderer']//yt-formatted-string[@id='label' and text()='English (India)']
2026-03-06 18:42:21.656 [TestNG-test-Yt Master Tests-2] INFO  [verifyingGlobalFilterLandingPage] [verifyingGlobalFilterLandingPage] Element found and ready (attempt 1): By.xpath: //yt-multi-page-menu-section-renderer[@class='style-scope ytd-multi-page-menu-renderer']//yt-formatted-string[@id='label' and text()='English (India)']
2026-03-06 18:42:21.657 [TestNG-test-Yt Master Tests-2] INFO  [verifyingGlobalFilterLandingPage] Looking for language element with name: English (India)
2026-03-06 18:42:21.657 [TestNG-test-Yt Master Tests-2] INFO  [verifyingGlobalFilterLandingPage] [verifyingGlobalFilterLandingPage] Within smoothScrollToElement method
2026-03-06 18:42:21.657 [TestNG-test-Yt Master Tests-2] INFO  [verifyingGlobalFilterLandingPage] SafeActions initialized with driver ChromeDriver: chrome on windows (52d18696f364b812f94fe74f6387b93b)
2026-03-06 18:42:21.657 [TestNG-test-Yt Master Tests-2] INFO  [verifyingGlobalFilterLandingPage] [verifyingGlobalFilterLandingPage] Trying to find element: By.xpath: //yt-multi-page-menu-section-renderer[@class='style-scope ytd-multi-page-menu-renderer']//yt-formatted-string[@id='label' and text()='English (India)']
2026-03-06 18:42:21.724 [TestNG-test-Yt Master Tests-2] INFO  [verifyingGlobalFilterLandingPage] [verifyingGlobalFilterLandingPage] Element found and ready (attempt 1): By.xpath: //yt-multi-page-menu-section-renderer[@class='style-scope ytd-multi-page-menu-renderer']//yt-formatted-string[@id='label' and text()='English (India)']
2026-03-06 18:42:21.761 [TestNG-test-Yt Master Tests-2] INFO  [verifyingGlobalFilterLandingPage] [verifyingGlobalFilterLandingPage] Successfully scrolled to element: By.xpath: //yt-multi-page-menu-section-renderer[@class='style-scope ytd-multi-page-menu-renderer']//yt-formatted-string[@id='label' and text()='English (India)']
2026-03-06 18:42:21.761 [TestNG-test-Yt Master Tests-2] INFO  [verifyingGlobalFilterLandingPage] Looking for language element with name: English (India)
2026-03-06 18:42:21.761 [TestNG-test-Yt Master Tests-2] INFO  [verifyingGlobalFilterLandingPage] [verifyingGlobalFilterLandingPage] Trying to find element: By.xpath: //yt-multi-page-menu-section-renderer[@class='style-scope ytd-multi-page-menu-renderer']//yt-formatted-string[@id='label' and text()='English (India)']
2026-03-06 18:42:21.836 [TestNG-test-Yt Master Tests-2] INFO  [verifyingGlobalFilterLandingPage] [verifyingGlobalFilterLandingPage] Element found and ready (attempt 1): By.xpath: //yt-multi-page-menu-section-renderer[@class='style-scope ytd-multi-page-menu-renderer']//yt-formatted-string[@id='label' and text()='English (India)']
2026-03-06 18:42:21.837 [TestNG-test-Yt Master Tests-2] INFO  [verifyingGlobalFilterLandingPage] [verifyingGlobalFilterLandingPage] Trying to find element: By.xpath: //yt-multi-page-menu-section-renderer[@class='style-scope ytd-multi-page-menu-renderer']//yt-formatted-string[@id='label' and text()='English (India)']
2026-03-06 18:42:21.921 [TestNG-test-Yt Master Tests-2] INFO  [verifyingGlobalFilterLandingPage] [verifyingGlobalFilterLandingPage] Element found and ready (attempt 1): By.xpath: //yt-multi-page-menu-section-renderer[@class='style-scope ytd-multi-page-menu-renderer']//yt-formatted-string[@id='label' and text()='English (India)']
2026-03-06 18:42:26.341 [TestNG-test-Yt Master Tests-2] INFO  [verifyingGlobalFilterLandingPage] Clicking settings ellipses button...
2026-03-06 18:42:27.071 [TestNG-test-Yt Master Tests-2] INFO  [verifyingGlobalFilterLandingPage] [verifyingGlobalFilterLandingPage] Trying to find element: By.xpath: //ytd-topbar-menu-button-renderer[@class='style-scope ytd-masthead style-default']
2026-03-06 18:42:27.167 [TestNG-test-Yt Master Tests-2] INFO  [verifyingGlobalFilterLandingPage] [verifyingGlobalFilterLandingPage] Element found and ready (attempt 1): By.xpath: //ytd-topbar-menu-button-renderer[@class='style-scope ytd-masthead style-default']
2026-03-06 18:42:27.267 [TestNG-test-Yt Master Tests-2] INFO  [verifyingGlobalFilterLandingPage] [verifyingGlobalFilterLandingPage] Waiting until element is visible in viewport
2026-03-06 18:42:27.813 [TestNG-test-Yt Master Tests-2] INFO  [verifyingGlobalFilterLandingPage] [verifyingGlobalFilterLandingPage] Capturing screenshot: Filter Applied is English (India)__2026-03-06_184227.jpg
2026-03-06 18:42:28.349 [TestNG-test-Yt Master Tests-2] INFO  [verifyingGlobalFilterLandingPage] [verifyingGlobalFilterLandingPage] Screenshot saved at: test-output/screenshots/Run_2026-03-06_18-40-22/verifyingGlobalFilterLandingPage/Filter Applied is English (India)__2026-03-06_184227.jpg
2026-03-06 18:42:28.351 [TestNG-test-Yt Master Tests-2] INFO  [verifyingGlobalFilterLandingPage] Clicking settings ellipses button...
2026-03-06 18:42:28.416 [TestNG-test-Yt Master Tests-2] INFO  [verifyingGlobalFilterLandingPage] [verifyingGlobalFilterLandingPage] Trying to find element: By.xpath: //ytd-topbar-menu-button-renderer[@class='style-scope ytd-masthead style-default']
2026-03-06 18:42:28.501 [TestNG-test-Yt Master Tests-2] INFO  [verifyingGlobalFilterLandingPage] [verifyingGlobalFilterLandingPage] Element found and ready (attempt 1): By.xpath: //ytd-topbar-menu-button-renderer[@class='style-scope ytd-masthead style-default']
2026-03-06 18:42:28.600 [TestNG-test-Yt Master Tests-2] INFO  [verifyingGlobalFilterLandingPage] Clicking on global filter button in landing page..
2026-03-06 18:42:28.600 [TestNG-test-Yt Master Tests-2] INFO  [verifyingGlobalFilterLandingPage] [verifyingGlobalFilterLandingPage] Trying to click element: By.xpath: //div[@id='filter-button']
2026-03-06 18:42:28.900 [TestNG-test-Yt Master Tests-2] INFO  [verifyingGlobalFilterLandingPage] [verifyingGlobalFilterLandingPage] Clicked successfully (attempt 1): By.xpath: //div[@id='filter-button']
2026-03-06 18:42:28.900 [TestNG-test-Yt Master Tests-2] INFO  [verifyingGlobalFilterLandingPage] [verifyingGlobalFilterLandingPage] Waiting until element is visible in viewport
2026-03-06 18:42:28.969 [TestNG-test-Yt Master Tests-2] INFO  [verifyingGlobalFilterLandingPage] [verifyingGlobalFilterLandingPage] Capturing screenshot: Filter Applied is English (India)__2026-03-06_184228.jpg
2026-03-06 18:42:29.457 [TestNG-test-Yt Master Tests-2] INFO  [verifyingGlobalFilterLandingPage] [verifyingGlobalFilterLandingPage] Screenshot saved at: test-output/screenshots/Run_2026-03-06_18-40-22/verifyingGlobalFilterLandingPage/Filter Applied is English (India)__2026-03-06_184228.jpg
2026-03-06 18:42:29.457 [TestNG-test-Yt Master Tests-2] INFO  [verifyingGlobalFilterLandingPage] Fetching the data from the global filter in landing page
2026-03-06 18:42:29.457 [TestNG-test-Yt Master Tests-2] INFO  [verifyingGlobalFilterLandingPage] [verifyingGlobalFilterLandingPage] Trying to find element: By.xpath: //ytd-search-filter-options-dialog-renderer[@class='style-scope ytd-popup-container']
2026-03-06 18:42:29.514 [TestNG-test-Yt Master Tests-2] INFO  [verifyingGlobalFilterLandingPage] [verifyingGlobalFilterLandingPage] Element found and ready (attempt 1): By.xpath: //ytd-search-filter-options-dialog-renderer[@class='style-scope ytd-popup-container']
2026-03-06 18:42:29.542 [TestNG-test-Yt Master Tests-2] INFO  [verifyingGlobalFilterLandingPage] Closing the global filter pop-up in landing page..
2026-03-06 18:42:29.542 [TestNG-test-Yt Master Tests-2] INFO  [verifyingGlobalFilterLandingPage] [verifyingGlobalFilterLandingPage] Trying to find element: By.xpath: //yt-icon[@icon='close']
2026-03-06 18:42:29.606 [TestNG-test-Yt Master Tests-2] INFO  [verifyingGlobalFilterLandingPage] [verifyingGlobalFilterLandingPage] Element found and ready (attempt 1): By.xpath: //yt-icon[@icon='close']
2026-03-06 18:42:29.670 [TestNG-test-Yt Master Tests-2] INFO  [verifyingGlobalFilterLandingPage] [verifyingGlobalFilterLandingPage] Not retrying test 'verifyingGlobalFilterLandingPage'. Retry count: 0, Cause: The following asserts failed:
	Mismatch in the Expected and Actual Data for languageAfrikaans expected [Soekfilters
OPLAAIDATUM
Afgelope uur
Vandag
Vandeesweek
Vandeesmaand
Hierdie jaar
TIPE
Video
Kanaal
Snitlys
Fliek
TYDSDUUR
Korter as 4 minute
4–20 minute
Langer as 20 minute
KENMERKE
Regstreeks
4K
HD
Onderskrifte
Creative Commons
360°
VR180
3D
HDR
Ligging
Gekoop
RANGSKIK VOLGENS
Relevansie
Oplaaidatum
Kyktelling
Gradering] but found [Soekfilters
TIPE
Video’s
Kortvideo’s
Kanale
Snitlyste
Flieks
TYDSDUUR
Korter as 3 minute
3-20 minute
Langer as 20 minute
OPLAAIDATUM
Vandag
Vandeesweek
Vandeesmaand
Hierdie jaar
KENMERKE
Regstreeks
4K
HD
Onderskrifte
Creative Commons
360°
VR180
3D
HDR
Ligging
Gekoop
PRIORITISEER
Relevansie
Gewildheid],
	Mismatch in the Expected and Actual Data for languageAzərbaycan expected [Axtarış filtrləri
YÜKLƏMƏ TARIXI
Son saat
Bu gün
Bu həftə
Bu ay
Bu il
NÖV
Video
Kanal
Playlist
Kino
MÜDDƏT
4 dəqiqədən az
4-20 dəqiqə
20 dəqiqədən çox
FUNKSIYALAR
Canlı
4K
HD
Altyazılar/gizli altyazılar
Creative Commons lisenziyalı
360°
VR180
3D
HDR
Məkan
Satın alınmış
SIRALA
uyğunluq
Yükləmə tarixi
Baxış sayı
Reytinq] but found [Axtarış filtrləri
NÖV
Videolar
Shorts
Kanallar
Mahnı siyahıları
Filmlər
MÜDDƏT
3 dəqiqədən az
3 - 20 dəqiqə
20 dəqiqədən çox
YÜKLƏMƏ TARIXI
Bu gün
Bu həftə
Bu ay
Bu il
FUNKSIYALAR
Canlı
4K
HD
Altyazılar/gizli altyazılar
Creative Commons lisenziyalı
360°
VR180
3D
HDR
Məkan
Satın alınmış
PRIORITETLƏŞDIRIN
uyğunluq
Populyarlıq],
	Mismatch in the Expected and Actual Data for languageBahasa Indonesia expected [Filter penelusuran
TANGGAL UPLOAD
Sejam terakhir
Hari ini
Minggu ini
Bulan ini
Tahun ini
JENIS
Video
Channel
Playlist
Film
DURASI
Kurang dari 4 menit
4 - 20 menit
Lebih dari 20 menit
FITUR
Live
4K
HD
Subtitel/CC
Creative Commons
360°
VR180
3D
HDR
Lokasi
Dibeli
URUTKAN MENURUT
Relevansi
Tanggal upload
Jumlah tayangan
Rating] but found [Filter penelusuran
JENIS
Video
Shorts
Channel
Playlist
Film
DURASI
Kurang dari 3 menit
3—20 menit
Lebih dari 20 menit
TANGGAL UPLOAD
Hari ini
Minggu ini
Bulan ini
Tahun ini
FITUR
Live
4K
HD
Subtitel/CC
Creative Commons
360°
VR180
3D
HDR
Lokasi
Dibeli
PRIORITASKAN
Relevansi
Popularitas],
	Mismatch in the Expected and Actual Data for languageBosanski expected [Filteri pretraživanja
DATUM OTPREMANJA
Posljednji sat
Danas
Ova sedmica
Ovog mjeseca
Ove godine
VRSTA
Videozapis
Kanal
Plejlista
Film
TRAJANJE
Manje od 4 minute
4 - 20 minuta
Više od 20 minuta
FUNKCIJE
Uživo
4K
HD
Titlovi
Creative Commons
360°
VR180
3D
HDR
Lokacija
Kupljeno
POREDAJ PO:
Relevantnost
Datum otpremanja
Broj pregleda
Ocjena] but found [Filteri pretraživanja
VRSTA
Videozapisi
Shortsi
Kanali
Plejliste
Filmovi
TRAJANJE
Manje od 3 minute
3–20 minuta
Više od 20 minuta
DATUM OTPREMANJA
Danas
Ova sedmica
Ovog mjeseca
Ove godine
FUNKCIJE
Uživo
4K
HD
Titlovi
Creative Commons
360°
VR180
3D
HDR
Lokacija
Kupljeno
DAVANJE PRIORITETA
Relevantnost
Popularnost],
	Mismatch in the Expected and Actual Data for languageCatalà expected [Filtres de cerca
DATA DE PUJADA
Darrera hora
Avui
Aquesta setmana
Aquest mes
Aquest any
TIPUS
Vídeo
Canal
Llista de reproducció
Pel·lícula
DURADA
Menys de 4 minuts
4-20 minuts
Més de 20 minuts
FUNCIONS
En directe
4K
HD
Subtítols
Creative Commons
360°
VR180
3D
HDR
Ubicació
Comprat
ORDENA PER
Rellevància
Data de pujada
Visualitzacions
Puntuació] but found [Filtres de cerca
TIPUS
Vídeos
Curts
Canals
Llistes de reproducció
Pel·lícules
DURADA
Menys de 3 minuts
Entre 3 i 20 de minuts
Més de 20 minuts
DATA DE PUJADA
Avui
Aquesta setmana
Aquest mes
Aquest any
FUNCIONS
En directe
4K
HD
Subtítols
Creative Commons
360°
VR180
3D
HDR
Ubicació
Comprat
PRIORITZA
Rellevància
Popularitat],
	Mismatch in the Expected and Actual Data for languageDansk expected [Søgefiltre
DATO FOR UPLOAD
Seneste time
I dag
Denne uge
Denne måned
I år
TYPE
Video
Kanal
Playliste
Film
VARIGHED
Under 4 minutter
4-20 minutter
Over 20 minutter
EGENSKABER
Live
4K
HD
Undertekster
Creative Commons
360°
VR180
3D
HDR
Lokation
Købt
SORTER EFTER
Relevans
Dato for upload
Antal visninger
Bedømmelse] but found [Søgefiltre
TYPE
Videoer
Shorts
Kanaler
Playlister
Film
VARIGHED
Under 3 minutter
3-20 minutter
Over 20 minutter
DATO FOR UPLOAD
I dag
Denne uge
Denne måned
I år
EGENSKABER
Live
4K
HD
Undertekster
Creative Commons
360°
VR180
3D
HDR
Lokation
Købt
PRIORITER
Relevans
Popularitet],
	Mismatch in the Expected and Actual Data for languageDeutsch expected [Suchfilter
HOCHLADEDATUM
Letzte Stunde
Heute
Diese Woche
Dieser Monat
Dieses Jahr
TYP
Video
Kanal
Playlist
Film
DAUER
Kürzer als 4 Minuten
4–20 Minuten
Länger als 20 Minuten
EIGENSCHAFTEN
Live
4K
HD
Untertitel/CC
Creative Commons
360°
VR180
3D
HDR
Standort
Gekauft
SORTIEREN NACH
Relevanz
Upload-Datum
Anzahl der Aufrufe
Bewertung] but found [Suchfilter
TYP
Videos
Shorts
Kanäle
Playlists
Filme
DAUER
Kürzer als 3 Minuten
3–20 Minuten
Länger als 20 Minuten
HOCHLADEDATUM
Heute
Diese Woche
Dieser Monat
Dieses Jahr
EIGENSCHAFTEN
Live
4K
HD
Untertitel/CC
Creative Commons
360°
VR180
3D
HDR
Standort
Gekauft
PRIORISIEREN
Relevanz
Beliebtheit],
	Mismatch in the Expected and Actual Data for languageEesti expected [Otsingufiltrid
ÜLESLAADIMISE KUUPÄEV
Viimane tund
Täna
See nädal
See kuu
See aasta
TÜÜP
Video
Kanal
Esitusloend
Film
KESTUS
Alla 4 minuti
4–20 minutit
Üle 20 minuti
FUNKTSIOONID
Reaalajas
4K
HD
Subtiitrid
Creative Commons
360°
VR180
3D
HDR
Asukoht
Ostetud
SORDI LÄHTUDES
Asjakohasus
Üleslaadimiskuupäev
Vaatamiste arv
Hinnang] but found [Otsingufiltrid
TÜÜP
Videod
Lühivideod
Kanalid
Esitusloendid
Filmid
KESTUS
Alla 3 minuti
3–20 minutit
Üle 20 minuti
ÜLESLAADIMISE KUUPÄEV
Täna
See nädal
See kuu
See aasta
FUNKTSIOONID
Reaalajas
4K
HD
Subtiitrid
Creative Commons
360°
VR180
3D
HDR
Asukoht
Ostetud
PRIORITEETSUS
Asjakohasus
Populaarsus],
	Mismatch in the Expected and Actual Data for languageEnglish (India) expected [Search filters
UPLOAD DATE
Last hour
Today
This week
This month
This year
TYPE
Video
Channel
Playlist
Film
DURATION
Under 4 minutes
4–20 minutes
Over 20 minutes
FEATURES
Live
4K
HD
Subtitles/CC
Creative Commons
360°
VR180
3D
HDR
Location
Purchased
SORT BY
Relevance
Upload date
View count
Rating] but found [Search filters
TYPE
Videos
Shorts
Channels
Playlists
Movies
DURATION
Under 3 minutes
3–20 minutes
Over 20 minutes
UPLOAD DATE
Today
This week
This month
This year
FEATURES
Live
4K
HD
Subtitles/CC
Creative Commons
360°
VR180
3D
HDR
Location
Purchased
PRIORITISE
Relevance
Popularity]
2026-03-06 18:42:29.688 [TestNG-test-Yt Master Tests-2] ERROR [verifyingGlobalFilterLandingPage] Test FAILED: verifyingGlobalFilterLandingPage - java.lang.AssertionError: The following asserts failed:
	Mismatch in the Expected and Actual Data for languageAfrikaans expected [Soekfilters
OPLAAIDATUM
Afgelope uur
Vandag
Vandeesweek
Vandeesmaand
Hierdie jaar
TIPE
Video
Kanaal
Snitlys
Fliek
TYDSDUUR
Korter as 4 minute
4–20 minute
Langer as 20 minute
KENMERKE
Regstreeks
4K
HD
Onderskrifte
Creative Commons
360°
VR180
3D
HDR
Ligging
Gekoop
RANGSKIK VOLGENS
Relevansie
Oplaaidatum
Kyktelling
Gradering] but found [Soekfilters
TIPE
Video’s
Kortvideo’s
Kanale
Snitlyste
Flieks
TYDSDUUR
Korter as 3 minute
3-20 minute
Langer as 20 minute
OPLAAIDATUM
Vandag
Vandeesweek
Vandeesmaand
Hierdie jaar
KENMERKE
Regstreeks
4K
HD
Onderskrifte
Creative Commons
360°
VR180
3D
HDR
Ligging
Gekoop
PRIORITISEER
Relevansie
Gewildheid],
	Mismatch in the Expected and Actual Data for languageAzərbaycan expected [Axtarış filtrləri
YÜKLƏMƏ TARIXI
Son saat
Bu gün
Bu həftə
Bu ay
Bu il
NÖV
Video
Kanal
Playlist
Kino
MÜDDƏT
4 dəqiqədən az
4-20 dəqiqə
20 dəqiqədən çox
FUNKSIYALAR
Canlı
4K
HD
Altyazılar/gizli altyazılar
Creative Commons lisenziyalı
360°
VR180
3D
HDR
Məkan
Satın alınmış
SIRALA
uyğunluq
Yükləmə tarixi
Baxış sayı
Reytinq] but found [Axtarış filtrləri
NÖV
Videolar
Shorts
Kanallar
Mahnı siyahıları
Filmlər
MÜDDƏT
3 dəqiqədən az
3 - 20 dəqiqə
20 dəqiqədən çox
YÜKLƏMƏ TARIXI
Bu gün
Bu həftə
Bu ay
Bu il
FUNKSIYALAR
Canlı
4K
HD
Altyazılar/gizli altyazılar
Creative Commons lisenziyalı
360°
VR180
3D
HDR
Məkan
Satın alınmış
PRIORITETLƏŞDIRIN
uyğunluq
Populyarlıq],
	Mismatch in the Expected and Actual Data for languageBahasa Indonesia expected [Filter penelusuran
TANGGAL UPLOAD
Sejam terakhir
Hari ini
Minggu ini
Bulan ini
Tahun ini
JENIS
Video
Channel
Playlist
Film
DURASI
Kurang dari 4 menit
4 - 20 menit
Lebih dari 20 menit
FITUR
Live
4K
HD
Subtitel/CC
Creative Commons
360°
VR180
3D
HDR
Lokasi
Dibeli
URUTKAN MENURUT
Relevansi
Tanggal upload
Jumlah tayangan
Rating] but found [Filter penelusuran
JENIS
Video
Shorts
Channel
Playlist
Film
DURASI
Kurang dari 3 menit
3—20 menit
Lebih dari 20 menit
TANGGAL UPLOAD
Hari ini
Minggu ini
Bulan ini
Tahun ini
FITUR
Live
4K
HD
Subtitel/CC
Creative Commons
360°
VR180
3D
HDR
Lokasi
Dibeli
PRIORITASKAN
Relevansi
Popularitas],
	Mismatch in the Expected and Actual Data for languageBosanski expected [Filteri pretraživanja
DATUM OTPREMANJA
Posljednji sat
Danas
Ova sedmica
Ovog mjeseca
Ove godine
VRSTA
Videozapis
Kanal
Plejlista
Film
TRAJANJE
Manje od 4 minute
4 - 20 minuta
Više od 20 minuta
FUNKCIJE
Uživo
4K
HD
Titlovi
Creative Commons
360°
VR180
3D
HDR
Lokacija
Kupljeno
POREDAJ PO:
Relevantnost
Datum otpremanja
Broj pregleda
Ocjena] but found [Filteri pretraživanja
VRSTA
Videozapisi
Shortsi
Kanali
Plejliste
Filmovi
TRAJANJE
Manje od 3 minute
3–20 minuta
Više od 20 minuta
DATUM OTPREMANJA
Danas
Ova sedmica
Ovog mjeseca
Ove godine
FUNKCIJE
Uživo
4K
HD
Titlovi
Creative Commons
360°
VR180
3D
HDR
Lokacija
Kupljeno
DAVANJE PRIORITETA
Relevantnost
Popularnost],
	Mismatch in the Expected and Actual Data for languageCatalà expected [Filtres de cerca
DATA DE PUJADA
Darrera hora
Avui
Aquesta setmana
Aquest mes
Aquest any
TIPUS
Vídeo
Canal
Llista de reproducció
Pel·lícula
DURADA
Menys de 4 minuts
4-20 minuts
Més de 20 minuts
FUNCIONS
En directe
4K
HD
Subtítols
Creative Commons
360°
VR180
3D
HDR
Ubicació
Comprat
ORDENA PER
Rellevància
Data de pujada
Visualitzacions
Puntuació] but found [Filtres de cerca
TIPUS
Vídeos
Curts
Canals
Llistes de reproducció
Pel·lícules
DURADA
Menys de 3 minuts
Entre 3 i 20 de minuts
Més de 20 minuts
DATA DE PUJADA
Avui
Aquesta setmana
Aquest mes
Aquest any
FUNCIONS
En directe
4K
HD
Subtítols
Creative Commons
360°
VR180
3D
HDR
Ubicació
Comprat
PRIORITZA
Rellevància
Popularitat],
	Mismatch in the Expected and Actual Data for languageDansk expected [Søgefiltre
DATO FOR UPLOAD
Seneste time
I dag
Denne uge
Denne måned
I år
TYPE
Video
Kanal
Playliste
Film
VARIGHED
Under 4 minutter
4-20 minutter
Over 20 minutter
EGENSKABER
Live
4K
HD
Undertekster
Creative Commons
360°
VR180
3D
HDR
Lokation
Købt
SORTER EFTER
Relevans
Dato for upload
Antal visninger
Bedømmelse] but found [Søgefiltre
TYPE
Videoer
Shorts
Kanaler
Playlister
Film
VARIGHED
Under 3 minutter
3-20 minutter
Over 20 minutter
DATO FOR UPLOAD
I dag
Denne uge
Denne måned
I år
EGENSKABER
Live
4K
HD
Undertekster
Creative Commons
360°
VR180
3D
HDR
Lokation
Købt
PRIORITER
Relevans
Popularitet],
	Mismatch in the Expected and Actual Data for languageDeutsch expected [Suchfilter
HOCHLADEDATUM
Letzte Stunde
Heute
Diese Woche
Dieser Monat
Dieses Jahr
TYP
Video
Kanal
Playlist
Film
DAUER
Kürzer als 4 Minuten
4–20 Minuten
Länger als 20 Minuten
EIGENSCHAFTEN
Live
4K
HD
Untertitel/CC
Creative Commons
360°
VR180
3D
HDR
Standort
Gekauft
SORTIEREN NACH
Relevanz
Upload-Datum
Anzahl der Aufrufe
Bewertung] but found [Suchfilter
TYP
Videos
Shorts
Kanäle
Playlists
Filme
DAUER
Kürzer als 3 Minuten
3–20 Minuten
Länger als 20 Minuten
HOCHLADEDATUM
Heute
Diese Woche
Dieser Monat
Dieses Jahr
EIGENSCHAFTEN
Live
4K
HD
Untertitel/CC
Creative Commons
360°
VR180
3D
HDR
Standort
Gekauft
PRIORISIEREN
Relevanz
Beliebtheit],
	Mismatch in the Expected and Actual Data for languageEesti expected [Otsingufiltrid
ÜLESLAADIMISE KUUPÄEV
Viimane tund
Täna
See nädal
See kuu
See aasta
TÜÜP
Video
Kanal
Esitusloend
Film
KESTUS
Alla 4 minuti
4–20 minutit
Üle 20 minuti
FUNKTSIOONID
Reaalajas
4K
HD
Subtiitrid
Creative Commons
360°
VR180
3D
HDR
Asukoht
Ostetud
SORDI LÄHTUDES
Asjakohasus
Üleslaadimiskuupäev
Vaatamiste arv
Hinnang] but found [Otsingufiltrid
TÜÜP
Videod
Lühivideod
Kanalid
Esitusloendid
Filmid
KESTUS
Alla 3 minuti
3–20 minutit
Üle 20 minuti
ÜLESLAADIMISE KUUPÄEV
Täna
See nädal
See kuu
See aasta
FUNKTSIOONID
Reaalajas
4K
HD
Subtiitrid
Creative Commons
360°
VR180
3D
HDR
Asukoht
Ostetud
PRIORITEETSUS
Asjakohasus
Populaarsus],
	Mismatch in the Expected and Actual Data for languageEnglish (India) expected [Search filters
UPLOAD DATE
Last hour
Today
This week
This month
This year
TYPE
Video
Channel
Playlist
Film
DURATION
Under 4 minutes
4–20 minutes
Over 20 minutes
FEATURES
Live
4K
HD
Subtitles/CC
Creative Commons
360°
VR180
3D
HDR
Location
Purchased
SORT BY
Relevance
Upload date
View count
Rating] but found [Search filters
TYPE
Videos
Shorts
Channels
Playlists
Movies
DURATION
Under 3 minutes
3–20 minutes
Over 20 minutes
UPLOAD DATE
Today
This week
This month
This year
FEATURES
Live
4K
HD
Subtitles/CC
Creative Commons
360°
VR180
3D
HDR
Location
Purchased
PRIORITISE
Relevance
Popularity]
2026-03-06 18:42:29.689 [TestNG-test-Yt Master Tests-2] INFO  [verifyingGlobalFilterLandingPage] Closing WebDriver for thread: 35
2026-03-06 18:42:30.101 [TestNG-test-Yt Master Tests-2] INFO  [verifyingGlobalFilterLandingPage] WebDriver instance removed from ThreadLocal for thread: 35
2026-03-06 18:42:30.101 [TestNG-test-Yt Master Tests-2] INFO  [verifyingGlobalFilterLandingPage] Driver closed for test: verifyingGlobalFilterLandingPage
