19:06:19 [TestNG-test-Yt Master Tests-2] INFO  verifyingSideMenuLanguageAsInSettings_19-06-19 - No existing WebDriver found for current thread. Initializing a new ChromeDriver...
19:06:19 [TestNG-test-Yt Master Tests-2] INFO  verifyingSideMenuLanguageAsInSettings_19-06-19 - WebDriverManager: chromedriver setup OK
19:06:20 [TestNG-test-Yt Master Tests-2] INFO  verifyingSideMenuLanguageAsInSettings_19-06-19 - ChromeDriver initialized successfully for thread: 35
19:06:20 [TestNG-test-Yt Master Tests-2] INFO  verifyingSideMenuLanguageAsInSettings_19-06-19 - SafeActions initialized with driver ChromeDriver: chrome on windows (98f9725c14c19a0471f8c8a9266330d0)
19:06:20 [TestNG-test-Yt Master Tests-2] INFO  verifyingSideMenuLanguageAsInSettings_19-06-19 - Initialized YtLandingPage with driver: ChromeDriver: chrome on windows (98f9725c14c19a0471f8c8a9266330d0)
19:06:20 [TestNG-test-Yt Master Tests-2] INFO  verifyingSideMenuLanguageAsInSettings_19-06-19 - SafeActions initialized with driver ChromeDriver: chrome on windows (98f9725c14c19a0471f8c8a9266330d0)
19:06:23 [TestNG-test-Yt Master Tests-2] INFO  verifyingSideMenuLanguageAsInSettings_19-06-19 - Opened YouTube landing page.
19:06:23 [TestNG-test-Yt Master Tests-2] INFO  verifyingSideMenuLanguageAsInSettings_19-06-19 - Clicking settings ellipses button...
19:06:23 [TestNG-test-Yt Master Tests-2] INFO  verifyingSideMenuLanguageAsInSettings_19-06-19 - [verifyingSideMenuLanguageAsInSettings_19-06-19] Trying to find element: By.xpath: //ytd-topbar-menu-button-renderer[@class='style-scope ytd-masthead style-default']
19:06:23 [TestNG-test-Yt Master Tests-2] INFO  verifyingSideMenuLanguageAsInSettings_19-06-19 - [verifyingSideMenuLanguageAsInSettings_19-06-19] Element found and ready (attempt 1): By.xpath: //ytd-topbar-menu-button-renderer[@class='style-scope ytd-masthead style-default']
19:06:23 [TestNG-test-Yt Master Tests-2] INFO  verifyingSideMenuLanguageAsInSettings_19-06-19 - Clicking language dropdown...
19:06:23 [TestNG-test-Yt Master Tests-2] INFO  verifyingSideMenuLanguageAsInSettings_19-06-19 - [verifyingSideMenuLanguageAsInSettings_19-06-19] Trying to find element: By.xpath: (//div[@id='content-icon'])[2]
19:06:24 [TestNG-test-Yt Master Tests-2] INFO  verifyingSideMenuLanguageAsInSettings_19-06-19 - [verifyingSideMenuLanguageAsInSettings_19-06-19] Element found and ready (attempt 1): By.xpath: (//div[@id='content-icon'])[2]
19:06:25 [TestNG-test-Yt Master Tests-2] INFO  verifyingSideMenuLanguageAsInSettings_19-06-19 - [verifyingSideMenuLanguageAsInSettings_19-06-19] Execution is scheduled type /CRON Job on CI Hence refering to CI keys from UtilData
19:06:25 [TestNG-test-Yt Master Tests-2] INFO  verifyingSideMenuLanguageAsInSettings_19-06-19 - Looking for language element with name: Afrikaans
19:06:25 [TestNG-test-Yt Master Tests-2] INFO  verifyingSideMenuLanguageAsInSettings_19-06-19 - [verifyingSideMenuLanguageAsInSettings_19-06-19] Trying to find element: By.xpath: //yt-multi-page-menu-section-renderer[@class='style-scope ytd-multi-page-menu-renderer']//yt-formatted-string[@id='label' and text()='Afrikaans']
19:06:25 [TestNG-test-Yt Master Tests-2] INFO  verifyingSideMenuLanguageAsInSettings_19-06-19 - [verifyingSideMenuLanguageAsInSettings_19-06-19] Element found and ready (attempt 1): By.xpath: //yt-multi-page-menu-section-renderer[@class='style-scope ytd-multi-page-menu-renderer']//yt-formatted-string[@id='label' and text()='Afrikaans']
19:06:25 [TestNG-test-Yt Master Tests-2] INFO  verifyingSideMenuLanguageAsInSettings_19-06-19 - [verifyingSideMenuLanguageAsInSettings_19-06-19] Trying to find element: By.xpath: //yt-multi-page-menu-section-renderer[@class='style-scope ytd-multi-page-menu-renderer']//yt-formatted-string[@id='label' and text()='Afrikaans']
19:06:25 [TestNG-test-Yt Master Tests-2] INFO  verifyingSideMenuLanguageAsInSettings_19-06-19 - [verifyingSideMenuLanguageAsInSettings_19-06-19] Element found and ready (attempt 1): By.xpath: //yt-multi-page-menu-section-renderer[@class='style-scope ytd-multi-page-menu-renderer']//yt-formatted-string[@id='label' and text()='Afrikaans']
19:06:25 [TestNG-test-Yt Master Tests-2] INFO  verifyingSideMenuLanguageAsInSettings_19-06-19 - Clicking settings ellipses button...
19:06:25 [TestNG-test-Yt Master Tests-2] INFO  verifyingSideMenuLanguageAsInSettings_19-06-19 - [verifyingSideMenuLanguageAsInSettings_19-06-19] Trying to find element: By.xpath: //ytd-topbar-menu-button-renderer[@class='style-scope ytd-masthead style-default']
19:06:25 [TestNG-test-Yt Master Tests-2] INFO  verifyingSideMenuLanguageAsInSettings_19-06-19 - [verifyingSideMenuLanguageAsInSettings_19-06-19] Element found and ready (attempt 1): By.xpath: //ytd-topbar-menu-button-renderer[@class='style-scope ytd-masthead style-default']
19:06:25 [TestNG-test-Yt Master Tests-2] INFO  verifyingSideMenuLanguageAsInSettings_19-06-19 - [verifyingSideMenuLanguageAsInSettings_19-06-19] Waiting until element is visible in viewport
19:06:35 [TestNG-test-Yt Master Tests-2] INFO  verifyingSideMenuLanguageAsInSettings_19-06-19 - Clicking settings ellipses button...
19:06:35 [TestNG-test-Yt Master Tests-2] INFO  verifyingSideMenuLanguageAsInSettings_19-06-19 - [verifyingSideMenuLanguageAsInSettings_19-06-19] Trying to find element: By.xpath: //ytd-topbar-menu-button-renderer[@class='style-scope ytd-masthead style-default']
19:06:35 [TestNG-test-Yt Master Tests-2] INFO  verifyingSideMenuLanguageAsInSettings_19-06-19 - [verifyingSideMenuLanguageAsInSettings_19-06-19] Element found and ready (attempt 1): By.xpath: //ytd-topbar-menu-button-renderer[@class='style-scope ytd-masthead style-default']
19:06:36 [TestNG-test-Yt Master Tests-2] INFO  verifyingSideMenuLanguageAsInSettings_19-06-19 - Fetching the side menu in expanded view
19:06:36 [TestNG-test-Yt Master Tests-2] INFO  verifyingSideMenuLanguageAsInSettings_19-06-19 - [verifyingSideMenuLanguageAsInSettings_19-06-19] Finding elements list: By.xpath: //ytd-guide-entry-renderer[@class='style-scope ytd-guide-section-renderer']
19:06:36 [TestNG-test-Yt Master Tests-2] INFO  verifyingSideMenuLanguageAsInSettings_19-06-19 - [verifyingSideMenuLanguageAsInSettings_19-06-19] Found 12 ready elements (attempt 1): By.xpath: //ytd-guide-entry-renderer[@class='style-scope ytd-guide-section-renderer']
19:06:36 [TestNG-test-Yt Master Tests-2] INFO  verifyingSideMenuLanguageAsInSettings_19-06-19 - Clicking settings ellipses button...
19:06:36 [TestNG-test-Yt Master Tests-2] INFO  verifyingSideMenuLanguageAsInSettings_19-06-19 - [verifyingSideMenuLanguageAsInSettings_19-06-19] Trying to find element: By.xpath: //ytd-topbar-menu-button-renderer[@class='style-scope ytd-masthead style-default']
19:06:36 [TestNG-test-Yt Master Tests-2] INFO  verifyingSideMenuLanguageAsInSettings_19-06-19 - [verifyingSideMenuLanguageAsInSettings_19-06-19] Element found and ready (attempt 1): By.xpath: //ytd-topbar-menu-button-renderer[@class='style-scope ytd-masthead style-default']
19:06:36 [TestNG-test-Yt Master Tests-2] INFO  verifyingSideMenuLanguageAsInSettings_19-06-19 - Clicking language dropdown...
19:06:36 [TestNG-test-Yt Master Tests-2] INFO  verifyingSideMenuLanguageAsInSettings_19-06-19 - [verifyingSideMenuLanguageAsInSettings_19-06-19] Trying to find element: By.xpath: (//div[@id='content-icon'])[2]
19:06:47 [TestNG-test-Yt Master Tests-2] WARN  verifyingSideMenuLanguageAsInSettings_19-06-19 - [verifyingSideMenuLanguageAsInSettings_19-06-19] Timeout finding element (attempt 1): By.xpath: (//div[@id='content-icon'])[2]
19:06:57 [TestNG-test-Yt Master Tests-2] WARN  verifyingSideMenuLanguageAsInSettings_19-06-19 - [verifyingSideMenuLanguageAsInSettings_19-06-19] Timeout finding element (attempt 2): By.xpath: (//div[@id='content-icon'])[2]
19:06:57 [TestNG-test-Yt Master Tests-2] WARN  verifyingSideMenuLanguageAsInSettings_19-06-19 - [verifyingSideMenuLanguageAsInSettings_19-06-19] Attempt 2 failed — refreshing the page to recover...
19:06:57 [TestNG-test-Yt Master Tests-2] INFO  verifyingSideMenuLanguageAsInSettings_19-06-19 - [verifyingSideMenuLanguageAsInSettings_19-06-19] Current URL before refresh: https://www.youtube.com/
19:06:59 [TestNG-test-Yt Master Tests-2] INFO  verifyingSideMenuLanguageAsInSettings_19-06-19 - [verifyingSideMenuLanguageAsInSettings_19-06-19] Page refreshed successfully.
19:06:59 [TestNG-test-Yt Master Tests-2] INFO  verifyingSideMenuLanguageAsInSettings_19-06-19 - [verifyingSideMenuLanguageAsInSettings_19-06-19] Page fully loaded after refresh.
19:07:10 [TestNG-test-Yt Master Tests-2] WARN  verifyingSideMenuLanguageAsInSettings_19-06-19 - [verifyingSideMenuLanguageAsInSettings_19-06-19] Timeout finding element (attempt 3): By.xpath: (//div[@id='content-icon'])[2]
19:07:10 [TestNG-test-Yt Master Tests-2] WARN  verifyingSideMenuLanguageAsInSettings_19-06-19 - [verifyingSideMenuLanguageAsInSettings_19-06-19] Attempt 3 failed — refreshing the page to recover...
19:07:10 [TestNG-test-Yt Master Tests-2] INFO  verifyingSideMenuLanguageAsInSettings_19-06-19 - [verifyingSideMenuLanguageAsInSettings_19-06-19] Current URL before refresh: https://www.youtube.com/
19:07:10 [TestNG-test-Yt Master Tests-2] INFO  verifyingSideMenuLanguageAsInSettings_19-06-19 - [verifyingSideMenuLanguageAsInSettings_19-06-19] Page refreshed successfully.
19:07:11 [TestNG-test-Yt Master Tests-2] INFO  verifyingSideMenuLanguageAsInSettings_19-06-19 - [verifyingSideMenuLanguageAsInSettings_19-06-19] Page fully loaded after refresh.
19:07:11 [TestNG-test-Yt Master Tests-2] ERROR verifyingSideMenuLanguageAsInSettings_19-06-19 - [verifyingSideMenuLanguageAsInSettings_19-06-19] Element not found after 3 attempts: By.xpath: (//div[@id='content-icon'])[2]
19:07:11 [TestNG-test-Yt Master Tests-2] INFO  verifyingSideMenuLanguageAsInSettings_19-06-19 - [verifyingSideMenuLanguageAsInSettings_19-06-19] Not retrying test 'verifyingSideMenuLanguageAsInSettings'. Retry count: 1, Cause: Cannot invoke "org.openqa.selenium.WebElement.click()" because the return value of "main.java.yt_multi_lang_ui_validator.safeActions.SafeActions.safeFindElement(org.openqa.selenium.By)" is null
