06:38:59 [TestNG-test-Yt Master Tests-1] INFO  verifyingSideMenuCollapsedLangAsInSettingsLingua_06-38-59 - No existing WebDriver found for current thread. Initializing a new ChromeDriver...
06:38:59 [TestNG-test-Yt Master Tests-1] INFO  verifyingSideMenuCollapsedLangAsInSettingsLingua_06-38-59 - WebDriverManager: chromedriver setup OK
06:39:01 [TestNG-test-Yt Master Tests-1] INFO  verifyingSideMenuCollapsedLangAsInSettingsLingua_06-38-59 - ChromeDriver initialized successfully for thread: 34
06:39:01 [TestNG-test-Yt Master Tests-1] INFO  verifyingSideMenuCollapsedLangAsInSettingsLingua_06-38-59 - SafeActions initialized with driver ChromeDriver: chrome on windows (1a755c71ab3300ac5dcf00ae6791fec9)
06:39:01 [TestNG-test-Yt Master Tests-1] INFO  verifyingSideMenuCollapsedLangAsInSettingsLingua_06-38-59 - Initialized YtLandingPage with driver: ChromeDriver: chrome on windows (1a755c71ab3300ac5dcf00ae6791fec9)
06:39:01 [TestNG-test-Yt Master Tests-1] INFO  verifyingSideMenuCollapsedLangAsInSettingsLingua_06-38-59 - SafeActions initialized with driver ChromeDriver: chrome on windows (1a755c71ab3300ac5dcf00ae6791fec9)
06:39:06 [TestNG-test-Yt Master Tests-1] INFO  verifyingSideMenuCollapsedLangAsInSettingsLingua_06-38-59 - Opened YouTube landing page.
06:39:06 [TestNG-test-Yt Master Tests-1] INFO  verifyingSideMenuCollapsedLangAsInSettingsLingua_06-38-59 - Clicking left ellipses in the landing page
06:39:06 [TestNG-test-Yt Master Tests-1] INFO  verifyingSideMenuCollapsedLangAsInSettingsLingua_06-38-59 - [verifyingSideMenuCollapsedLangAsInSettingsLingua_06-38-59] Trying to find element: By.xpath: //ytd-topbar-logo-renderer[@id='logo']/preceding-sibling::*[@id='guide-button']
06:39:06 [TestNG-test-Yt Master Tests-1] INFO  verifyingSideMenuCollapsedLangAsInSettingsLingua_06-38-59 - [verifyingSideMenuCollapsedLangAsInSettingsLingua_06-38-59] Element found and ready (attempt 1): By.xpath: //ytd-topbar-logo-renderer[@id='logo']/preceding-sibling::*[@id='guide-button']
06:39:06 [TestNG-test-Yt Master Tests-1] INFO  verifyingSideMenuCollapsedLangAsInSettingsLingua_06-38-59 - Clicking settings ellipses button...
06:39:06 [TestNG-test-Yt Master Tests-1] INFO  verifyingSideMenuCollapsedLangAsInSettingsLingua_06-38-59 - [verifyingSideMenuCollapsedLangAsInSettingsLingua_06-38-59] Trying to find element: By.xpath: //ytd-topbar-menu-button-renderer[@class='style-scope ytd-masthead style-default']
06:39:06 [TestNG-test-Yt Master Tests-1] INFO  verifyingSideMenuCollapsedLangAsInSettingsLingua_06-38-59 - [verifyingSideMenuCollapsedLangAsInSettingsLingua_06-38-59] Element found and ready (attempt 1): By.xpath: //ytd-topbar-menu-button-renderer[@class='style-scope ytd-masthead style-default']
06:39:06 [TestNG-test-Yt Master Tests-1] INFO  verifyingSideMenuCollapsedLangAsInSettingsLingua_06-38-59 - Clicking language dropdown...
06:39:06 [TestNG-test-Yt Master Tests-1] INFO  verifyingSideMenuCollapsedLangAsInSettingsLingua_06-38-59 - [verifyingSideMenuCollapsedLangAsInSettingsLingua_06-38-59] Trying to find element: By.xpath: (//div[@id='content-icon'])[2]
06:39:07 [TestNG-test-Yt Master Tests-1] INFO  verifyingSideMenuCollapsedLangAsInSettingsLingua_06-38-59 - [verifyingSideMenuCollapsedLangAsInSettingsLingua_06-38-59] Element found and ready (attempt 1): By.xpath: (//div[@id='content-icon'])[2]
06:39:07 [TestNG-test-Yt Master Tests-1] INFO  verifyingSideMenuCollapsedLangAsInSettingsLingua_06-38-59 - [verifyingSideMenuCollapsedLangAsInSettingsLingua_06-38-59] Execution is Not CRON Job Hence referring to normal keys from UtilData
06:39:07 [TestNG-test-Yt Master Tests-1] INFO  verifyingSideMenuCollapsedLangAsInSettingsLingua_06-38-59 - [verifyingSideMenuCollapsedLangAsInSettingsLingua_06-38-59] Row count is == 10
06:39:07 [TestNG-test-Yt Master Tests-1] INFO  verifyingSideMenuCollapsedLangAsInSettingsLingua_06-38-59 - Looking for language element with name: Afrikaans
06:39:07 [TestNG-test-Yt Master Tests-1] INFO  verifyingSideMenuCollapsedLangAsInSettingsLingua_06-38-59 - [verifyingSideMenuCollapsedLangAsInSettingsLingua_06-38-59] Trying to find element: By.xpath: //yt-multi-page-menu-section-renderer[@class='style-scope ytd-multi-page-menu-renderer']//yt-formatted-string[@id='label' and text()='Afrikaans']
06:39:08 [TestNG-test-Yt Master Tests-1] INFO  verifyingSideMenuCollapsedLangAsInSettingsLingua_06-38-59 - [verifyingSideMenuCollapsedLangAsInSettingsLingua_06-38-59] Element found and ready (attempt 1): By.xpath: //yt-multi-page-menu-section-renderer[@class='style-scope ytd-multi-page-menu-renderer']//yt-formatted-string[@id='label' and text()='Afrikaans']
06:39:08 [TestNG-test-Yt Master Tests-1] INFO  verifyingSideMenuCollapsedLangAsInSettingsLingua_06-38-59 - [verifyingSideMenuCollapsedLangAsInSettingsLingua_06-38-59] Trying to find element: By.xpath: //yt-multi-page-menu-section-renderer[@class='style-scope ytd-multi-page-menu-renderer']//yt-formatted-string[@id='label' and text()='Afrikaans']
06:39:08 [TestNG-test-Yt Master Tests-1] INFO  verifyingSideMenuCollapsedLangAsInSettingsLingua_06-38-59 - [verifyingSideMenuCollapsedLangAsInSettingsLingua_06-38-59] Element found and ready (attempt 1): By.xpath: //yt-multi-page-menu-section-renderer[@class='style-scope ytd-multi-page-menu-renderer']//yt-formatted-string[@id='label' and text()='Afrikaans']
06:39:11 [TestNG-test-Yt Master Tests-1] INFO  verifyingSideMenuCollapsedLangAsInSettingsLingua_06-38-59 - Clicking settings ellipses button...
06:39:11 [TestNG-test-Yt Master Tests-1] INFO  verifyingSideMenuCollapsedLangAsInSettingsLingua_06-38-59 - [verifyingSideMenuCollapsedLangAsInSettingsLingua_06-38-59] Trying to find element: By.xpath: //ytd-topbar-menu-button-renderer[@class='style-scope ytd-masthead style-default']
06:39:11 [TestNG-test-Yt Master Tests-1] INFO  verifyingSideMenuCollapsedLangAsInSettingsLingua_06-38-59 - [verifyingSideMenuCollapsedLangAsInSettingsLingua_06-38-59] Element found and ready (attempt 1): By.xpath: //ytd-topbar-menu-button-renderer[@class='style-scope ytd-masthead style-default']
06:39:12 [TestNG-test-Yt Master Tests-1] INFO  verifyingSideMenuCollapsedLangAsInSettingsLingua_06-38-59 - [verifyingSideMenuCollapsedLangAsInSettingsLingua_06-38-59] Waiting until element is visible in viewport
06:39:12 [TestNG-test-Yt Master Tests-1] INFO  verifyingSideMenuCollapsedLangAsInSettingsLingua_06-38-59 - Clicking settings ellipses button...
06:39:12 [TestNG-test-Yt Master Tests-1] INFO  verifyingSideMenuCollapsedLangAsInSettingsLingua_06-38-59 - [verifyingSideMenuCollapsedLangAsInSettingsLingua_06-38-59] Trying to find element: By.xpath: //ytd-topbar-menu-button-renderer[@class='style-scope ytd-masthead style-default']
06:39:12 [TestNG-test-Yt Master Tests-1] INFO  verifyingSideMenuCollapsedLangAsInSettingsLingua_06-38-59 - [verifyingSideMenuCollapsedLangAsInSettingsLingua_06-38-59] Element found and ready (attempt 1): By.xpath: //ytd-topbar-menu-button-renderer[@class='style-scope ytd-masthead style-default']
06:39:12 [TestNG-test-Yt Master Tests-1] INFO  verifyingSideMenuCollapsedLangAsInSettingsLingua_06-38-59 - getLangAttribute() - locating <html> and reading lang property
06:39:13 [TestNG-test-Yt Master Tests-1] INFO  verifyingSideMenuCollapsedLangAsInSettingsLingua_06-38-59 - Language attribute read: af-ZA
06:39:13 [TestNG-test-Yt Master Tests-1] INFO  verifyingSideMenuCollapsedLangAsInSettingsLingua_06-38-59 - Fetching the side menu in collapsed view
06:39:13 [TestNG-test-Yt Master Tests-1] INFO  verifyingSideMenuCollapsedLangAsInSettingsLingua_06-38-59 - [verifyingSideMenuCollapsedLangAsInSettingsLingua_06-38-59] Finding elements list: By.xpath: //ytd-mini-guide-renderer[@class='style-scope ytd-app']//ytd-mini-guide-entry-renderer
06:39:13 [TestNG-test-Yt Master Tests-1] INFO  verifyingSideMenuCollapsedLangAsInSettingsLingua_06-38-59 - [verifyingSideMenuCollapsedLangAsInSettingsLingua_06-38-59] Found 4 ready elements (attempt 1): By.xpath: //ytd-mini-guide-renderer[@class='style-scope ytd-app']//ytd-mini-guide-entry-renderer
06:39:33 [TestNG-test-Yt Master Tests-1] INFO  verifyingSideMenuCollapsedLangAsInSettingsLingua_06-38-59 - 
========== LANGUAGE DETECTION ==========
Detected Language : AFRIKAANS
Input Text        : Tuis Kortvideo's Intekeninge Myne
========================================
06:39:33 [TestNG-test-Yt Master Tests-1] INFO  verifyingSideMenuCollapsedLangAsInSettingsLingua_06-38-59 - text sent to lingua is       Tuis Kortvideo's Intekeninge Myne
06:39:33 [TestNG-test-Yt Master Tests-1] INFO  verifyingSideMenuCollapsedLangAsInSettingsLingua_06-38-59 - getLangAttribute() - locating <html> and reading lang property
06:39:33 [TestNG-test-Yt Master Tests-1] INFO  verifyingSideMenuCollapsedLangAsInSettingsLingua_06-38-59 - Language attribute read: af-ZA
06:39:33 [TestNG-test-Yt Master Tests-1] INFO  verifyingSideMenuCollapsedLangAsInSettingsLingua_06-38-59 - Clicking settings ellipses button...
06:39:33 [TestNG-test-Yt Master Tests-1] INFO  verifyingSideMenuCollapsedLangAsInSettingsLingua_06-38-59 - [verifyingSideMenuCollapsedLangAsInSettingsLingua_06-38-59] Trying to find element: By.xpath: //ytd-topbar-menu-button-renderer[@class='style-scope ytd-masthead style-default']
06:39:34 [TestNG-test-Yt Master Tests-1] INFO  verifyingSideMenuCollapsedLangAsInSettingsLingua_06-38-59 - [verifyingSideMenuCollapsedLangAsInSettingsLingua_06-38-59] Element found and ready (attempt 1): By.xpath: //ytd-topbar-menu-button-renderer[@class='style-scope ytd-masthead style-default']
06:39:34 [TestNG-test-Yt Master Tests-1] INFO  verifyingSideMenuCollapsedLangAsInSettingsLingua_06-38-59 - Clicking language dropdown...
06:39:34 [TestNG-test-Yt Master Tests-1] INFO  verifyingSideMenuCollapsedLangAsInSettingsLingua_06-38-59 - [verifyingSideMenuCollapsedLangAsInSettingsLingua_06-38-59] Trying to find element: By.xpath: (//div[@id='content-icon'])[2]
06:39:35 [TestNG-test-Yt Master Tests-1] INFO  verifyingSideMenuCollapsedLangAsInSettingsLingua_06-38-59 - [verifyingSideMenuCollapsedLangAsInSettingsLingua_06-38-59] Element found and ready (attempt 1): By.xpath: (//div[@id='content-icon'])[2]
06:39:35 [TestNG-test-Yt Master Tests-1] INFO  verifyingSideMenuCollapsedLangAsInSettingsLingua_06-38-59 - Looking for language element with name: Azərbaycan
06:39:35 [TestNG-test-Yt Master Tests-1] INFO  verifyingSideMenuCollapsedLangAsInSettingsLingua_06-38-59 - [verifyingSideMenuCollapsedLangAsInSettingsLingua_06-38-59] Trying to find element: By.xpath: //yt-multi-page-menu-section-renderer[@class='style-scope ytd-multi-page-menu-renderer']//yt-formatted-string[@id='label' and text()='Azərbaycan']
06:39:36 [TestNG-test-Yt Master Tests-1] INFO  verifyingSideMenuCollapsedLangAsInSettingsLingua_06-38-59 - [verifyingSideMenuCollapsedLangAsInSettingsLingua_06-38-59] Element found and ready (attempt 1): By.xpath: //yt-multi-page-menu-section-renderer[@class='style-scope ytd-multi-page-menu-renderer']//yt-formatted-string[@id='label' and text()='Azərbaycan']
06:39:36 [TestNG-test-Yt Master Tests-1] INFO  verifyingSideMenuCollapsedLangAsInSettingsLingua_06-38-59 - [verifyingSideMenuCollapsedLangAsInSettingsLingua_06-38-59] Trying to find element: By.xpath: //yt-multi-page-menu-section-renderer[@class='style-scope ytd-multi-page-menu-renderer']//yt-formatted-string[@id='label' and text()='Azərbaycan']
06:39:36 [TestNG-test-Yt Master Tests-1] INFO  verifyingSideMenuCollapsedLangAsInSettingsLingua_06-38-59 - [verifyingSideMenuCollapsedLangAsInSettingsLingua_06-38-59] Element found and ready (attempt 1): By.xpath: //yt-multi-page-menu-section-renderer[@class='style-scope ytd-multi-page-menu-renderer']//yt-formatted-string[@id='label' and text()='Azərbaycan']
06:39:38 [TestNG-test-Yt Master Tests-1] INFO  verifyingSideMenuCollapsedLangAsInSettingsLingua_06-38-59 - Clicking settings ellipses button...
06:39:38 [TestNG-test-Yt Master Tests-1] INFO  verifyingSideMenuCollapsedLangAsInSettingsLingua_06-38-59 - [verifyingSideMenuCollapsedLangAsInSettingsLingua_06-38-59] Trying to find element: By.xpath: //ytd-topbar-menu-button-renderer[@class='style-scope ytd-masthead style-default']
06:39:38 [TestNG-test-Yt Master Tests-1] INFO  verifyingSideMenuCollapsedLangAsInSettingsLingua_06-38-59 - [verifyingSideMenuCollapsedLangAsInSettingsLingua_06-38-59] Element found and ready (attempt 1): By.xpath: //ytd-topbar-menu-button-renderer[@class='style-scope ytd-masthead style-default']
06:39:38 [TestNG-test-Yt Master Tests-1] INFO  verifyingSideMenuCollapsedLangAsInSettingsLingua_06-38-59 - [verifyingSideMenuCollapsedLangAsInSettingsLingua_06-38-59] Waiting until element is visible in viewport
06:39:39 [TestNG-test-Yt Master Tests-1] INFO  verifyingSideMenuCollapsedLangAsInSettingsLingua_06-38-59 - Clicking settings ellipses button...
06:39:39 [TestNG-test-Yt Master Tests-1] INFO  verifyingSideMenuCollapsedLangAsInSettingsLingua_06-38-59 - [verifyingSideMenuCollapsedLangAsInSettingsLingua_06-38-59] Trying to find element: By.xpath: //ytd-topbar-menu-button-renderer[@class='style-scope ytd-masthead style-default']
06:39:40 [TestNG-test-Yt Master Tests-1] INFO  verifyingSideMenuCollapsedLangAsInSettingsLingua_06-38-59 - [verifyingSideMenuCollapsedLangAsInSettingsLingua_06-38-59] Element found and ready (attempt 1): By.xpath: //ytd-topbar-menu-button-renderer[@class='style-scope ytd-masthead style-default']
06:39:40 [TestNG-test-Yt Master Tests-1] INFO  verifyingSideMenuCollapsedLangAsInSettingsLingua_06-38-59 - getLangAttribute() - locating <html> and reading lang property
06:39:40 [TestNG-test-Yt Master Tests-1] INFO  verifyingSideMenuCollapsedLangAsInSettingsLingua_06-38-59 - Language attribute read: az-Latn-AZ
06:39:40 [TestNG-test-Yt Master Tests-1] INFO  verifyingSideMenuCollapsedLangAsInSettingsLingua_06-38-59 - Fetching the side menu in collapsed view
06:39:40 [TestNG-test-Yt Master Tests-1] INFO  verifyingSideMenuCollapsedLangAsInSettingsLingua_06-38-59 - [verifyingSideMenuCollapsedLangAsInSettingsLingua_06-38-59] Finding elements list: By.xpath: //ytd-mini-guide-renderer[@class='style-scope ytd-app']//ytd-mini-guide-entry-renderer
06:39:40 [TestNG-test-Yt Master Tests-1] INFO  verifyingSideMenuCollapsedLangAsInSettingsLingua_06-38-59 - [verifyingSideMenuCollapsedLangAsInSettingsLingua_06-38-59] Found 4 ready elements (attempt 1): By.xpath: //ytd-mini-guide-renderer[@class='style-scope ytd-app']//ytd-mini-guide-entry-renderer
06:39:40 [TestNG-test-Yt Master Tests-1] INFO  verifyingSideMenuCollapsedLangAsInSettingsLingua_06-38-59 - 
========== LANGUAGE DETECTION ==========
Detected Language : TURKISH
Input Text        : Ev Shorts Abunəliklər Siz
========================================
06:39:40 [TestNG-test-Yt Master Tests-1] INFO  verifyingSideMenuCollapsedLangAsInSettingsLingua_06-38-59 - text sent to lingua is       Ev Shorts Abunəliklər Siz
06:39:40 [TestNG-test-Yt Master Tests-1] INFO  verifyingSideMenuCollapsedLangAsInSettingsLingua_06-38-59 - getLangAttribute() - locating <html> and reading lang property
06:39:40 [TestNG-test-Yt Master Tests-1] INFO  verifyingSideMenuCollapsedLangAsInSettingsLingua_06-38-59 - Language attribute read: az-Latn-AZ
06:39:40 [TestNG-test-Yt Master Tests-1] INFO  verifyingSideMenuCollapsedLangAsInSettingsLingua_06-38-59 - Clicking settings ellipses button...
06:39:40 [TestNG-test-Yt Master Tests-1] INFO  verifyingSideMenuCollapsedLangAsInSettingsLingua_06-38-59 - [verifyingSideMenuCollapsedLangAsInSettingsLingua_06-38-59] Trying to find element: By.xpath: //ytd-topbar-menu-button-renderer[@class='style-scope ytd-masthead style-default']
06:39:40 [TestNG-test-Yt Master Tests-1] INFO  verifyingSideMenuCollapsedLangAsInSettingsLingua_06-38-59 - [verifyingSideMenuCollapsedLangAsInSettingsLingua_06-38-59] Element found and ready (attempt 1): By.xpath: //ytd-topbar-menu-button-renderer[@class='style-scope ytd-masthead style-default']
06:39:40 [TestNG-test-Yt Master Tests-1] INFO  verifyingSideMenuCollapsedLangAsInSettingsLingua_06-38-59 - Clicking language dropdown...
06:39:40 [TestNG-test-Yt Master Tests-1] INFO  verifyingSideMenuCollapsedLangAsInSettingsLingua_06-38-59 - [verifyingSideMenuCollapsedLangAsInSettingsLingua_06-38-59] Trying to find element: By.xpath: (//div[@id='content-icon'])[2]
06:39:41 [TestNG-test-Yt Master Tests-1] INFO  verifyingSideMenuCollapsedLangAsInSettingsLingua_06-38-59 - [verifyingSideMenuCollapsedLangAsInSettingsLingua_06-38-59] Element found and ready (attempt 1): By.xpath: (//div[@id='content-icon'])[2]
06:39:41 [TestNG-test-Yt Master Tests-1] INFO  verifyingSideMenuCollapsedLangAsInSettingsLingua_06-38-59 - Looking for language element with name: Bahasa Indonesia
06:39:41 [TestNG-test-Yt Master Tests-1] INFO  verifyingSideMenuCollapsedLangAsInSettingsLingua_06-38-59 - [verifyingSideMenuCollapsedLangAsInSettingsLingua_06-38-59] Trying to find element: By.xpath: //yt-multi-page-menu-section-renderer[@class='style-scope ytd-multi-page-menu-renderer']//yt-formatted-string[@id='label' and text()='Bahasa Indonesia']
06:39:41 [TestNG-test-Yt Master Tests-1] INFO  verifyingSideMenuCollapsedLangAsInSettingsLingua_06-38-59 - [verifyingSideMenuCollapsedLangAsInSettingsLingua_06-38-59] Element found and ready (attempt 1): By.xpath: //yt-multi-page-menu-section-renderer[@class='style-scope ytd-multi-page-menu-renderer']//yt-formatted-string[@id='label' and text()='Bahasa Indonesia']
06:39:41 [TestNG-test-Yt Master Tests-1] INFO  verifyingSideMenuCollapsedLangAsInSettingsLingua_06-38-59 - [verifyingSideMenuCollapsedLangAsInSettingsLingua_06-38-59] Trying to find element: By.xpath: //yt-multi-page-menu-section-renderer[@class='style-scope ytd-multi-page-menu-renderer']//yt-formatted-string[@id='label' and text()='Bahasa Indonesia']
06:39:41 [TestNG-test-Yt Master Tests-1] INFO  verifyingSideMenuCollapsedLangAsInSettingsLingua_06-38-59 - [verifyingSideMenuCollapsedLangAsInSettingsLingua_06-38-59] Element found and ready (attempt 1): By.xpath: //yt-multi-page-menu-section-renderer[@class='style-scope ytd-multi-page-menu-renderer']//yt-formatted-string[@id='label' and text()='Bahasa Indonesia']
06:39:43 [TestNG-test-Yt Master Tests-1] INFO  verifyingSideMenuCollapsedLangAsInSettingsLingua_06-38-59 - Clicking settings ellipses button...
06:39:43 [TestNG-test-Yt Master Tests-1] INFO  verifyingSideMenuCollapsedLangAsInSettingsLingua_06-38-59 - [verifyingSideMenuCollapsedLangAsInSettingsLingua_06-38-59] Trying to find element: By.xpath: //ytd-topbar-menu-button-renderer[@class='style-scope ytd-masthead style-default']
06:39:44 [TestNG-test-Yt Master Tests-1] INFO  verifyingSideMenuCollapsedLangAsInSettingsLingua_06-38-59 - [verifyingSideMenuCollapsedLangAsInSettingsLingua_06-38-59] Element found and ready (attempt 1): By.xpath: //ytd-topbar-menu-button-renderer[@class='style-scope ytd-masthead style-default']
06:39:44 [TestNG-test-Yt Master Tests-1] INFO  verifyingSideMenuCollapsedLangAsInSettingsLingua_06-38-59 - [verifyingSideMenuCollapsedLangAsInSettingsLingua_06-38-59] Waiting until element is visible in viewport
06:39:45 [TestNG-test-Yt Master Tests-1] INFO  verifyingSideMenuCollapsedLangAsInSettingsLingua_06-38-59 - Clicking settings ellipses button...
06:39:45 [TestNG-test-Yt Master Tests-1] INFO  verifyingSideMenuCollapsedLangAsInSettingsLingua_06-38-59 - [verifyingSideMenuCollapsedLangAsInSettingsLingua_06-38-59] Trying to find element: By.xpath: //ytd-topbar-menu-button-renderer[@class='style-scope ytd-masthead style-default']
06:39:45 [TestNG-test-Yt Master Tests-1] INFO  verifyingSideMenuCollapsedLangAsInSettingsLingua_06-38-59 - [verifyingSideMenuCollapsedLangAsInSettingsLingua_06-38-59] Element found and ready (attempt 1): By.xpath: //ytd-topbar-menu-button-renderer[@class='style-scope ytd-masthead style-default']
06:39:45 [TestNG-test-Yt Master Tests-1] INFO  verifyingSideMenuCollapsedLangAsInSettingsLingua_06-38-59 - getLangAttribute() - locating <html> and reading lang property
06:39:46 [TestNG-test-Yt Master Tests-1] INFO  verifyingSideMenuCollapsedLangAsInSettingsLingua_06-38-59 - Language attribute read: id-ID
06:39:46 [TestNG-test-Yt Master Tests-1] INFO  verifyingSideMenuCollapsedLangAsInSettingsLingua_06-38-59 - Fetching the side menu in collapsed view
06:39:46 [TestNG-test-Yt Master Tests-1] INFO  verifyingSideMenuCollapsedLangAsInSettingsLingua_06-38-59 - [verifyingSideMenuCollapsedLangAsInSettingsLingua_06-38-59] Finding elements list: By.xpath: //ytd-mini-guide-renderer[@class='style-scope ytd-app']//ytd-mini-guide-entry-renderer
06:39:46 [TestNG-test-Yt Master Tests-1] INFO  verifyingSideMenuCollapsedLangAsInSettingsLingua_06-38-59 - [verifyingSideMenuCollapsedLangAsInSettingsLingua_06-38-59] Found 4 ready elements (attempt 1): By.xpath: //ytd-mini-guide-renderer[@class='style-scope ytd-app']//ytd-mini-guide-entry-renderer
06:39:46 [TestNG-test-Yt Master Tests-1] INFO  verifyingSideMenuCollapsedLangAsInSettingsLingua_06-38-59 - 
========== LANGUAGE DETECTION ==========
Detected Language : ENGLISH
Input Text        : Beranda Shorts Subscription Anda
========================================
06:39:46 [TestNG-test-Yt Master Tests-1] INFO  verifyingSideMenuCollapsedLangAsInSettingsLingua_06-38-59 - text sent to lingua is       Beranda Shorts Subscription Anda
06:39:46 [TestNG-test-Yt Master Tests-1] INFO  verifyingSideMenuCollapsedLangAsInSettingsLingua_06-38-59 - getLangAttribute() - locating <html> and reading lang property
06:39:46 [TestNG-test-Yt Master Tests-1] INFO  verifyingSideMenuCollapsedLangAsInSettingsLingua_06-38-59 - Language attribute read: id-ID
06:39:46 [TestNG-test-Yt Master Tests-1] INFO  verifyingSideMenuCollapsedLangAsInSettingsLingua_06-38-59 - Clicking settings ellipses button...
06:39:46 [TestNG-test-Yt Master Tests-1] INFO  verifyingSideMenuCollapsedLangAsInSettingsLingua_06-38-59 - [verifyingSideMenuCollapsedLangAsInSettingsLingua_06-38-59] Trying to find element: By.xpath: //ytd-topbar-menu-button-renderer[@class='style-scope ytd-masthead style-default']
06:39:47 [TestNG-test-Yt Master Tests-1] INFO  verifyingSideMenuCollapsedLangAsInSettingsLingua_06-38-59 - [verifyingSideMenuCollapsedLangAsInSettingsLingua_06-38-59] Element found and ready (attempt 1): By.xpath: //ytd-topbar-menu-button-renderer[@class='style-scope ytd-masthead style-default']
06:39:48 [TestNG-test-Yt Master Tests-1] INFO  verifyingSideMenuCollapsedLangAsInSettingsLingua_06-38-59 - Clicking language dropdown...
06:39:48 [TestNG-test-Yt Master Tests-1] INFO  verifyingSideMenuCollapsedLangAsInSettingsLingua_06-38-59 - [verifyingSideMenuCollapsedLangAsInSettingsLingua_06-38-59] Trying to find element: By.xpath: (//div[@id='content-icon'])[2]
06:39:48 [TestNG-test-Yt Master Tests-1] INFO  verifyingSideMenuCollapsedLangAsInSettingsLingua_06-38-59 - [verifyingSideMenuCollapsedLangAsInSettingsLingua_06-38-59] Element found and ready (attempt 1): By.xpath: (//div[@id='content-icon'])[2]
06:39:49 [TestNG-test-Yt Master Tests-1] INFO  verifyingSideMenuCollapsedLangAsInSettingsLingua_06-38-59 - Looking for language element with name: Bosanski
06:39:49 [TestNG-test-Yt Master Tests-1] INFO  verifyingSideMenuCollapsedLangAsInSettingsLingua_06-38-59 - [verifyingSideMenuCollapsedLangAsInSettingsLingua_06-38-59] Trying to find element: By.xpath: //yt-multi-page-menu-section-renderer[@class='style-scope ytd-multi-page-menu-renderer']//yt-formatted-string[@id='label' and text()='Bosanski']
06:39:50 [TestNG-test-Yt Master Tests-1] INFO  verifyingSideMenuCollapsedLangAsInSettingsLingua_06-38-59 - [verifyingSideMenuCollapsedLangAsInSettingsLingua_06-38-59] Element found and ready (attempt 1): By.xpath: //yt-multi-page-menu-section-renderer[@class='style-scope ytd-multi-page-menu-renderer']//yt-formatted-string[@id='label' and text()='Bosanski']
06:39:50 [TestNG-test-Yt Master Tests-1] INFO  verifyingSideMenuCollapsedLangAsInSettingsLingua_06-38-59 - [verifyingSideMenuCollapsedLangAsInSettingsLingua_06-38-59] Trying to find element: By.xpath: //yt-multi-page-menu-section-renderer[@class='style-scope ytd-multi-page-menu-renderer']//yt-formatted-string[@id='label' and text()='Bosanski']
06:39:50 [TestNG-test-Yt Master Tests-1] INFO  verifyingSideMenuCollapsedLangAsInSettingsLingua_06-38-59 - [verifyingSideMenuCollapsedLangAsInSettingsLingua_06-38-59] Element found and ready (attempt 1): By.xpath: //yt-multi-page-menu-section-renderer[@class='style-scope ytd-multi-page-menu-renderer']//yt-formatted-string[@id='label' and text()='Bosanski']
06:39:51 [TestNG-test-Yt Master Tests-1] INFO  verifyingSideMenuCollapsedLangAsInSettingsLingua_06-38-59 - Clicking settings ellipses button...
06:39:51 [TestNG-test-Yt Master Tests-1] INFO  verifyingSideMenuCollapsedLangAsInSettingsLingua_06-38-59 - [verifyingSideMenuCollapsedLangAsInSettingsLingua_06-38-59] Trying to find element: By.xpath: //ytd-topbar-menu-button-renderer[@class='style-scope ytd-masthead style-default']
06:39:52 [TestNG-test-Yt Master Tests-1] INFO  verifyingSideMenuCollapsedLangAsInSettingsLingua_06-38-59 - [verifyingSideMenuCollapsedLangAsInSettingsLingua_06-38-59] Element found and ready (attempt 1): By.xpath: //ytd-topbar-menu-button-renderer[@class='style-scope ytd-masthead style-default']
06:39:53 [TestNG-test-Yt Master Tests-1] INFO  verifyingSideMenuCollapsedLangAsInSettingsLingua_06-38-59 - [verifyingSideMenuCollapsedLangAsInSettingsLingua_06-38-59] Waiting until element is visible in viewport
06:39:54 [TestNG-test-Yt Master Tests-1] INFO  verifyingSideMenuCollapsedLangAsInSettingsLingua_06-38-59 - Clicking settings ellipses button...
06:39:54 [TestNG-test-Yt Master Tests-1] INFO  verifyingSideMenuCollapsedLangAsInSettingsLingua_06-38-59 - [verifyingSideMenuCollapsedLangAsInSettingsLingua_06-38-59] Trying to find element: By.xpath: //ytd-topbar-menu-button-renderer[@class='style-scope ytd-masthead style-default']
06:39:54 [TestNG-test-Yt Master Tests-1] INFO  verifyingSideMenuCollapsedLangAsInSettingsLingua_06-38-59 - [verifyingSideMenuCollapsedLangAsInSettingsLingua_06-38-59] Element found and ready (attempt 1): By.xpath: //ytd-topbar-menu-button-renderer[@class='style-scope ytd-masthead style-default']
06:39:55 [TestNG-test-Yt Master Tests-1] INFO  verifyingSideMenuCollapsedLangAsInSettingsLingua_06-38-59 - getLangAttribute() - locating <html> and reading lang property
06:39:55 [TestNG-test-Yt Master Tests-1] INFO  verifyingSideMenuCollapsedLangAsInSettingsLingua_06-38-59 - Language attribute read: bs-Latn-BA
06:39:55 [TestNG-test-Yt Master Tests-1] INFO  verifyingSideMenuCollapsedLangAsInSettingsLingua_06-38-59 - Fetching the side menu in collapsed view
06:39:55 [TestNG-test-Yt Master Tests-1] INFO  verifyingSideMenuCollapsedLangAsInSettingsLingua_06-38-59 - [verifyingSideMenuCollapsedLangAsInSettingsLingua_06-38-59] Finding elements list: By.xpath: //ytd-mini-guide-renderer[@class='style-scope ytd-app']//ytd-mini-guide-entry-renderer
06:39:55 [TestNG-test-Yt Master Tests-1] INFO  verifyingSideMenuCollapsedLangAsInSettingsLingua_06-38-59 - [verifyingSideMenuCollapsedLangAsInSettingsLingua_06-38-59] Found 4 ready elements (attempt 1): By.xpath: //ytd-mini-guide-renderer[@class='style-scope ytd-app']//ytd-mini-guide-entry-renderer
06:39:55 [TestNG-test-Yt Master Tests-1] INFO  verifyingSideMenuCollapsedLangAsInSettingsLingua_06-38-59 - 
========== LANGUAGE DETECTION ==========
Detected Language : BOSNIAN
Input Text        : Početna stranica Shorts Pretplate Vi
========================================
06:39:55 [TestNG-test-Yt Master Tests-1] INFO  verifyingSideMenuCollapsedLangAsInSettingsLingua_06-38-59 - text sent to lingua is       Početna stranica Shorts Pretplate Vi
06:39:55 [TestNG-test-Yt Master Tests-1] INFO  verifyingSideMenuCollapsedLangAsInSettingsLingua_06-38-59 - getLangAttribute() - locating <html> and reading lang property
06:39:55 [TestNG-test-Yt Master Tests-1] INFO  verifyingSideMenuCollapsedLangAsInSettingsLingua_06-38-59 - Language attribute read: bs-Latn-BA
06:39:55 [TestNG-test-Yt Master Tests-1] INFO  verifyingSideMenuCollapsedLangAsInSettingsLingua_06-38-59 - Clicking settings ellipses button...
06:39:55 [TestNG-test-Yt Master Tests-1] INFO  verifyingSideMenuCollapsedLangAsInSettingsLingua_06-38-59 - [verifyingSideMenuCollapsedLangAsInSettingsLingua_06-38-59] Trying to find element: By.xpath: //ytd-topbar-menu-button-renderer[@class='style-scope ytd-masthead style-default']
06:39:55 [TestNG-test-Yt Master Tests-1] INFO  verifyingSideMenuCollapsedLangAsInSettingsLingua_06-38-59 - [verifyingSideMenuCollapsedLangAsInSettingsLingua_06-38-59] Element found and ready (attempt 1): By.xpath: //ytd-topbar-menu-button-renderer[@class='style-scope ytd-masthead style-default']
06:39:55 [TestNG-test-Yt Master Tests-1] INFO  verifyingSideMenuCollapsedLangAsInSettingsLingua_06-38-59 - Clicking language dropdown...
06:39:55 [TestNG-test-Yt Master Tests-1] INFO  verifyingSideMenuCollapsedLangAsInSettingsLingua_06-38-59 - [verifyingSideMenuCollapsedLangAsInSettingsLingua_06-38-59] Trying to find element: By.xpath: (//div[@id='content-icon'])[2]
06:39:56 [TestNG-test-Yt Master Tests-1] INFO  verifyingSideMenuCollapsedLangAsInSettingsLingua_06-38-59 - [verifyingSideMenuCollapsedLangAsInSettingsLingua_06-38-59] Element found and ready (attempt 1): By.xpath: (//div[@id='content-icon'])[2]
06:39:57 [TestNG-test-Yt Master Tests-1] INFO  verifyingSideMenuCollapsedLangAsInSettingsLingua_06-38-59 - Looking for language element with name: Català
06:39:57 [TestNG-test-Yt Master Tests-1] INFO  verifyingSideMenuCollapsedLangAsInSettingsLingua_06-38-59 - [verifyingSideMenuCollapsedLangAsInSettingsLingua_06-38-59] Trying to find element: By.xpath: //yt-multi-page-menu-section-renderer[@class='style-scope ytd-multi-page-menu-renderer']//yt-formatted-string[@id='label' and text()='Català']
06:39:59 [TestNG-test-Yt Master Tests-1] INFO  verifyingSideMenuCollapsedLangAsInSettingsLingua_06-38-59 - [verifyingSideMenuCollapsedLangAsInSettingsLingua_06-38-59] Element found and ready (attempt 1): By.xpath: //yt-multi-page-menu-section-renderer[@class='style-scope ytd-multi-page-menu-renderer']//yt-formatted-string[@id='label' and text()='Català']
06:39:59 [TestNG-test-Yt Master Tests-1] INFO  verifyingSideMenuCollapsedLangAsInSettingsLingua_06-38-59 - [verifyingSideMenuCollapsedLangAsInSettingsLingua_06-38-59] Trying to find element: By.xpath: //yt-multi-page-menu-section-renderer[@class='style-scope ytd-multi-page-menu-renderer']//yt-formatted-string[@id='label' and text()='Català']
06:39:59 [TestNG-test-Yt Master Tests-1] INFO  verifyingSideMenuCollapsedLangAsInSettingsLingua_06-38-59 - [verifyingSideMenuCollapsedLangAsInSettingsLingua_06-38-59] Element found and ready (attempt 1): By.xpath: //yt-multi-page-menu-section-renderer[@class='style-scope ytd-multi-page-menu-renderer']//yt-formatted-string[@id='label' and text()='Català']
06:40:01 [TestNG-test-Yt Master Tests-1] INFO  verifyingSideMenuCollapsedLangAsInSettingsLingua_06-38-59 - Clicking settings ellipses button...
06:40:01 [TestNG-test-Yt Master Tests-1] INFO  verifyingSideMenuCollapsedLangAsInSettingsLingua_06-38-59 - [verifyingSideMenuCollapsedLangAsInSettingsLingua_06-38-59] Trying to find element: By.xpath: //ytd-topbar-menu-button-renderer[@class='style-scope ytd-masthead style-default']
06:40:01 [TestNG-test-Yt Master Tests-1] INFO  verifyingSideMenuCollapsedLangAsInSettingsLingua_06-38-59 - [verifyingSideMenuCollapsedLangAsInSettingsLingua_06-38-59] Element found and ready (attempt 1): By.xpath: //ytd-topbar-menu-button-renderer[@class='style-scope ytd-masthead style-default']
06:40:02 [TestNG-test-Yt Master Tests-1] INFO  verifyingSideMenuCollapsedLangAsInSettingsLingua_06-38-59 - [verifyingSideMenuCollapsedLangAsInSettingsLingua_06-38-59] Waiting until element is visible in viewport
06:40:03 [TestNG-test-Yt Master Tests-1] INFO  verifyingSideMenuCollapsedLangAsInSettingsLingua_06-38-59 - Clicking settings ellipses button...
06:40:03 [TestNG-test-Yt Master Tests-1] INFO  verifyingSideMenuCollapsedLangAsInSettingsLingua_06-38-59 - [verifyingSideMenuCollapsedLangAsInSettingsLingua_06-38-59] Trying to find element: By.xpath: //ytd-topbar-menu-button-renderer[@class='style-scope ytd-masthead style-default']
06:40:03 [TestNG-test-Yt Master Tests-1] INFO  verifyingSideMenuCollapsedLangAsInSettingsLingua_06-38-59 - [verifyingSideMenuCollapsedLangAsInSettingsLingua_06-38-59] Element found and ready (attempt 1): By.xpath: //ytd-topbar-menu-button-renderer[@class='style-scope ytd-masthead style-default']
06:40:03 [TestNG-test-Yt Master Tests-1] INFO  verifyingSideMenuCollapsedLangAsInSettingsLingua_06-38-59 - getLangAttribute() - locating <html> and reading lang property
06:40:03 [TestNG-test-Yt Master Tests-1] INFO  verifyingSideMenuCollapsedLangAsInSettingsLingua_06-38-59 - Language attribute read: ca-ES
06:40:03 [TestNG-test-Yt Master Tests-1] INFO  verifyingSideMenuCollapsedLangAsInSettingsLingua_06-38-59 - Fetching the side menu in collapsed view
06:40:03 [TestNG-test-Yt Master Tests-1] INFO  verifyingSideMenuCollapsedLangAsInSettingsLingua_06-38-59 - [verifyingSideMenuCollapsedLangAsInSettingsLingua_06-38-59] Finding elements list: By.xpath: //ytd-mini-guide-renderer[@class='style-scope ytd-app']//ytd-mini-guide-entry-renderer
06:40:03 [TestNG-test-Yt Master Tests-1] INFO  verifyingSideMenuCollapsedLangAsInSettingsLingua_06-38-59 - [verifyingSideMenuCollapsedLangAsInSettingsLingua_06-38-59] Found 4 ready elements (attempt 1): By.xpath: //ytd-mini-guide-renderer[@class='style-scope ytd-app']//ytd-mini-guide-entry-renderer
06:40:04 [TestNG-test-Yt Master Tests-1] INFO  verifyingSideMenuCollapsedLangAsInSettingsLingua_06-38-59 - 
========== LANGUAGE DETECTION ==========
Detected Language : CATALAN
Input Text        : Inici Shorts Subscripcions Tu
========================================
06:40:04 [TestNG-test-Yt Master Tests-1] INFO  verifyingSideMenuCollapsedLangAsInSettingsLingua_06-38-59 - text sent to lingua is       Inici Shorts Subscripcions Tu
06:40:04 [TestNG-test-Yt Master Tests-1] INFO  verifyingSideMenuCollapsedLangAsInSettingsLingua_06-38-59 - getLangAttribute() - locating <html> and reading lang property
06:40:04 [TestNG-test-Yt Master Tests-1] INFO  verifyingSideMenuCollapsedLangAsInSettingsLingua_06-38-59 - Language attribute read: ca-ES
06:40:04 [TestNG-test-Yt Master Tests-1] INFO  verifyingSideMenuCollapsedLangAsInSettingsLingua_06-38-59 - Clicking settings ellipses button...
06:40:04 [TestNG-test-Yt Master Tests-1] INFO  verifyingSideMenuCollapsedLangAsInSettingsLingua_06-38-59 - [verifyingSideMenuCollapsedLangAsInSettingsLingua_06-38-59] Trying to find element: By.xpath: //ytd-topbar-menu-button-renderer[@class='style-scope ytd-masthead style-default']
06:40:04 [TestNG-test-Yt Master Tests-1] INFO  verifyingSideMenuCollapsedLangAsInSettingsLingua_06-38-59 - [verifyingSideMenuCollapsedLangAsInSettingsLingua_06-38-59] Element found and ready (attempt 1): By.xpath: //ytd-topbar-menu-button-renderer[@class='style-scope ytd-masthead style-default']
06:40:04 [TestNG-test-Yt Master Tests-1] INFO  verifyingSideMenuCollapsedLangAsInSettingsLingua_06-38-59 - Clicking language dropdown...
06:40:04 [TestNG-test-Yt Master Tests-1] INFO  verifyingSideMenuCollapsedLangAsInSettingsLingua_06-38-59 - [verifyingSideMenuCollapsedLangAsInSettingsLingua_06-38-59] Trying to find element: By.xpath: (//div[@id='content-icon'])[2]
06:40:05 [TestNG-test-Yt Master Tests-1] INFO  verifyingSideMenuCollapsedLangAsInSettingsLingua_06-38-59 - [verifyingSideMenuCollapsedLangAsInSettingsLingua_06-38-59] Element found and ready (attempt 1): By.xpath: (//div[@id='content-icon'])[2]
06:40:07 [TestNG-test-Yt Master Tests-1] INFO  verifyingSideMenuCollapsedLangAsInSettingsLingua_06-38-59 - Looking for language element with name: Dansk
06:40:07 [TestNG-test-Yt Master Tests-1] INFO  verifyingSideMenuCollapsedLangAsInSettingsLingua_06-38-59 - [verifyingSideMenuCollapsedLangAsInSettingsLingua_06-38-59] Trying to find element: By.xpath: //yt-multi-page-menu-section-renderer[@class='style-scope ytd-multi-page-menu-renderer']//yt-formatted-string[@id='label' and text()='Dansk']
06:40:07 [TestNG-test-Yt Master Tests-1] INFO  verifyingSideMenuCollapsedLangAsInSettingsLingua_06-38-59 - [verifyingSideMenuCollapsedLangAsInSettingsLingua_06-38-59] Element found and ready (attempt 1): By.xpath: //yt-multi-page-menu-section-renderer[@class='style-scope ytd-multi-page-menu-renderer']//yt-formatted-string[@id='label' and text()='Dansk']
06:40:07 [TestNG-test-Yt Master Tests-1] INFO  verifyingSideMenuCollapsedLangAsInSettingsLingua_06-38-59 - [verifyingSideMenuCollapsedLangAsInSettingsLingua_06-38-59] Trying to find element: By.xpath: //yt-multi-page-menu-section-renderer[@class='style-scope ytd-multi-page-menu-renderer']//yt-formatted-string[@id='label' and text()='Dansk']
06:40:08 [TestNG-test-Yt Master Tests-1] INFO  verifyingSideMenuCollapsedLangAsInSettingsLingua_06-38-59 - [verifyingSideMenuCollapsedLangAsInSettingsLingua_06-38-59] Element found and ready (attempt 1): By.xpath: //yt-multi-page-menu-section-renderer[@class='style-scope ytd-multi-page-menu-renderer']//yt-formatted-string[@id='label' and text()='Dansk']
06:40:09 [TestNG-test-Yt Master Tests-1] INFO  verifyingSideMenuCollapsedLangAsInSettingsLingua_06-38-59 - Clicking settings ellipses button...
06:40:09 [TestNG-test-Yt Master Tests-1] INFO  verifyingSideMenuCollapsedLangAsInSettingsLingua_06-38-59 - [verifyingSideMenuCollapsedLangAsInSettingsLingua_06-38-59] Trying to find element: By.xpath: //ytd-topbar-menu-button-renderer[@class='style-scope ytd-masthead style-default']
06:40:10 [TestNG-test-Yt Master Tests-1] INFO  verifyingSideMenuCollapsedLangAsInSettingsLingua_06-38-59 - [verifyingSideMenuCollapsedLangAsInSettingsLingua_06-38-59] Element found and ready (attempt 1): By.xpath: //ytd-topbar-menu-button-renderer[@class='style-scope ytd-masthead style-default']
06:40:12 [TestNG-test-Yt Master Tests-1] INFO  verifyingSideMenuCollapsedLangAsInSettingsLingua_06-38-59 - [verifyingSideMenuCollapsedLangAsInSettingsLingua_06-38-59] Waiting until element is visible in viewport
06:40:15 [TestNG-test-Yt Master Tests-1] INFO  verifyingSideMenuCollapsedLangAsInSettingsLingua_06-38-59 - Clicking settings ellipses button...
06:40:15 [TestNG-test-Yt Master Tests-1] INFO  verifyingSideMenuCollapsedLangAsInSettingsLingua_06-38-59 - [verifyingSideMenuCollapsedLangAsInSettingsLingua_06-38-59] Trying to find element: By.xpath: //ytd-topbar-menu-button-renderer[@class='style-scope ytd-masthead style-default']
06:40:16 [TestNG-test-Yt Master Tests-1] INFO  verifyingSideMenuCollapsedLangAsInSettingsLingua_06-38-59 - [verifyingSideMenuCollapsedLangAsInSettingsLingua_06-38-59] Element found and ready (attempt 1): By.xpath: //ytd-topbar-menu-button-renderer[@class='style-scope ytd-masthead style-default']
06:40:16 [TestNG-test-Yt Master Tests-1] INFO  verifyingSideMenuCollapsedLangAsInSettingsLingua_06-38-59 - getLangAttribute() - locating <html> and reading lang property
06:40:16 [TestNG-test-Yt Master Tests-1] INFO  verifyingSideMenuCollapsedLangAsInSettingsLingua_06-38-59 - Language attribute read: da-DK
06:40:16 [TestNG-test-Yt Master Tests-1] INFO  verifyingSideMenuCollapsedLangAsInSettingsLingua_06-38-59 - Fetching the side menu in collapsed view
06:40:16 [TestNG-test-Yt Master Tests-1] INFO  verifyingSideMenuCollapsedLangAsInSettingsLingua_06-38-59 - [verifyingSideMenuCollapsedLangAsInSettingsLingua_06-38-59] Finding elements list: By.xpath: //ytd-mini-guide-renderer[@class='style-scope ytd-app']//ytd-mini-guide-entry-renderer
06:40:16 [TestNG-test-Yt Master Tests-1] INFO  verifyingSideMenuCollapsedLangAsInSettingsLingua_06-38-59 - [verifyingSideMenuCollapsedLangAsInSettingsLingua_06-38-59] Found 4 ready elements (attempt 1): By.xpath: //ytd-mini-guide-renderer[@class='style-scope ytd-app']//ytd-mini-guide-entry-renderer
06:40:17 [TestNG-test-Yt Master Tests-1] INFO  verifyingSideMenuCollapsedLangAsInSettingsLingua_06-38-59 - 
========== LANGUAGE DETECTION ==========
Detected Language : DANISH
Input Text        : Start Shorts Abonnementer Dig
========================================
06:40:17 [TestNG-test-Yt Master Tests-1] INFO  verifyingSideMenuCollapsedLangAsInSettingsLingua_06-38-59 - text sent to lingua is       Start Shorts Abonnementer Dig
06:40:17 [TestNG-test-Yt Master Tests-1] INFO  verifyingSideMenuCollapsedLangAsInSettingsLingua_06-38-59 - getLangAttribute() - locating <html> and reading lang property
06:40:17 [TestNG-test-Yt Master Tests-1] INFO  verifyingSideMenuCollapsedLangAsInSettingsLingua_06-38-59 - Language attribute read: da-DK
06:40:17 [TestNG-test-Yt Master Tests-1] INFO  verifyingSideMenuCollapsedLangAsInSettingsLingua_06-38-59 - Clicking settings ellipses button...
06:40:17 [TestNG-test-Yt Master Tests-1] INFO  verifyingSideMenuCollapsedLangAsInSettingsLingua_06-38-59 - [verifyingSideMenuCollapsedLangAsInSettingsLingua_06-38-59] Trying to find element: By.xpath: //ytd-topbar-menu-button-renderer[@class='style-scope ytd-masthead style-default']
06:40:17 [TestNG-test-Yt Master Tests-1] INFO  verifyingSideMenuCollapsedLangAsInSettingsLingua_06-38-59 - [verifyingSideMenuCollapsedLangAsInSettingsLingua_06-38-59] Element found and ready (attempt 1): By.xpath: //ytd-topbar-menu-button-renderer[@class='style-scope ytd-masthead style-default']
06:40:17 [TestNG-test-Yt Master Tests-1] INFO  verifyingSideMenuCollapsedLangAsInSettingsLingua_06-38-59 - Clicking language dropdown...
06:40:17 [TestNG-test-Yt Master Tests-1] INFO  verifyingSideMenuCollapsedLangAsInSettingsLingua_06-38-59 - [verifyingSideMenuCollapsedLangAsInSettingsLingua_06-38-59] Trying to find element: By.xpath: (//div[@id='content-icon'])[2]
06:40:18 [TestNG-test-Yt Master Tests-1] INFO  verifyingSideMenuCollapsedLangAsInSettingsLingua_06-38-59 - [verifyingSideMenuCollapsedLangAsInSettingsLingua_06-38-59] Element found and ready (attempt 1): By.xpath: (//div[@id='content-icon'])[2]
06:40:19 [TestNG-test-Yt Master Tests-1] INFO  verifyingSideMenuCollapsedLangAsInSettingsLingua_06-38-59 - Looking for language element with name: Deutsch
06:40:19 [TestNG-test-Yt Master Tests-1] INFO  verifyingSideMenuCollapsedLangAsInSettingsLingua_06-38-59 - [verifyingSideMenuCollapsedLangAsInSettingsLingua_06-38-59] Trying to find element: By.xpath: //yt-multi-page-menu-section-renderer[@class='style-scope ytd-multi-page-menu-renderer']//yt-formatted-string[@id='label' and text()='Deutsch']
06:40:20 [TestNG-test-Yt Master Tests-1] INFO  verifyingSideMenuCollapsedLangAsInSettingsLingua_06-38-59 - [verifyingSideMenuCollapsedLangAsInSettingsLingua_06-38-59] Element found and ready (attempt 1): By.xpath: //yt-multi-page-menu-section-renderer[@class='style-scope ytd-multi-page-menu-renderer']//yt-formatted-string[@id='label' and text()='Deutsch']
06:40:20 [TestNG-test-Yt Master Tests-1] INFO  verifyingSideMenuCollapsedLangAsInSettingsLingua_06-38-59 - [verifyingSideMenuCollapsedLangAsInSettingsLingua_06-38-59] Trying to find element: By.xpath: //yt-multi-page-menu-section-renderer[@class='style-scope ytd-multi-page-menu-renderer']//yt-formatted-string[@id='label' and text()='Deutsch']
06:40:20 [TestNG-test-Yt Master Tests-1] INFO  verifyingSideMenuCollapsedLangAsInSettingsLingua_06-38-59 - [verifyingSideMenuCollapsedLangAsInSettingsLingua_06-38-59] Element found and ready (attempt 1): By.xpath: //yt-multi-page-menu-section-renderer[@class='style-scope ytd-multi-page-menu-renderer']//yt-formatted-string[@id='label' and text()='Deutsch']
06:40:23 [TestNG-test-Yt Master Tests-1] INFO  verifyingSideMenuCollapsedLangAsInSettingsLingua_06-38-59 - Clicking settings ellipses button...
06:40:23 [TestNG-test-Yt Master Tests-1] INFO  verifyingSideMenuCollapsedLangAsInSettingsLingua_06-38-59 - [verifyingSideMenuCollapsedLangAsInSettingsLingua_06-38-59] Trying to find element: By.xpath: //ytd-topbar-menu-button-renderer[@class='style-scope ytd-masthead style-default']
06:40:23 [TestNG-test-Yt Master Tests-1] INFO  verifyingSideMenuCollapsedLangAsInSettingsLingua_06-38-59 - [verifyingSideMenuCollapsedLangAsInSettingsLingua_06-38-59] Element found and ready (attempt 1): By.xpath: //ytd-topbar-menu-button-renderer[@class='style-scope ytd-masthead style-default']
06:40:24 [TestNG-test-Yt Master Tests-1] INFO  verifyingSideMenuCollapsedLangAsInSettingsLingua_06-38-59 - [verifyingSideMenuCollapsedLangAsInSettingsLingua_06-38-59] Waiting until element is visible in viewport
06:40:25 [TestNG-test-Yt Master Tests-1] INFO  verifyingSideMenuCollapsedLangAsInSettingsLingua_06-38-59 - Clicking settings ellipses button...
06:40:25 [TestNG-test-Yt Master Tests-1] INFO  verifyingSideMenuCollapsedLangAsInSettingsLingua_06-38-59 - [verifyingSideMenuCollapsedLangAsInSettingsLingua_06-38-59] Trying to find element: By.xpath: //ytd-topbar-menu-button-renderer[@class='style-scope ytd-masthead style-default']
06:40:25 [TestNG-test-Yt Master Tests-1] INFO  verifyingSideMenuCollapsedLangAsInSettingsLingua_06-38-59 - [verifyingSideMenuCollapsedLangAsInSettingsLingua_06-38-59] Element found and ready (attempt 1): By.xpath: //ytd-topbar-menu-button-renderer[@class='style-scope ytd-masthead style-default']
06:40:25 [TestNG-test-Yt Master Tests-1] INFO  verifyingSideMenuCollapsedLangAsInSettingsLingua_06-38-59 - getLangAttribute() - locating <html> and reading lang property
06:40:25 [TestNG-test-Yt Master Tests-1] INFO  verifyingSideMenuCollapsedLangAsInSettingsLingua_06-38-59 - Language attribute read: de-DE
06:40:25 [TestNG-test-Yt Master Tests-1] INFO  verifyingSideMenuCollapsedLangAsInSettingsLingua_06-38-59 - Fetching the side menu in collapsed view
06:40:25 [TestNG-test-Yt Master Tests-1] INFO  verifyingSideMenuCollapsedLangAsInSettingsLingua_06-38-59 - [verifyingSideMenuCollapsedLangAsInSettingsLingua_06-38-59] Finding elements list: By.xpath: //ytd-mini-guide-renderer[@class='style-scope ytd-app']//ytd-mini-guide-entry-renderer
06:40:25 [TestNG-test-Yt Master Tests-1] INFO  verifyingSideMenuCollapsedLangAsInSettingsLingua_06-38-59 - [verifyingSideMenuCollapsedLangAsInSettingsLingua_06-38-59] Found 4 ready elements (attempt 1): By.xpath: //ytd-mini-guide-renderer[@class='style-scope ytd-app']//ytd-mini-guide-entry-renderer
06:40:26 [TestNG-test-Yt Master Tests-1] INFO  verifyingSideMenuCollapsedLangAsInSettingsLingua_06-38-59 - 
========== LANGUAGE DETECTION ==========
Detected Language : GERMAN
Input Text        : Startseite Shorts Abos Mein YouTube
========================================
06:40:26 [TestNG-test-Yt Master Tests-1] INFO  verifyingSideMenuCollapsedLangAsInSettingsLingua_06-38-59 - text sent to lingua is       Startseite Shorts Abos Mein YouTube
06:40:26 [TestNG-test-Yt Master Tests-1] INFO  verifyingSideMenuCollapsedLangAsInSettingsLingua_06-38-59 - getLangAttribute() - locating <html> and reading lang property
06:40:26 [TestNG-test-Yt Master Tests-1] INFO  verifyingSideMenuCollapsedLangAsInSettingsLingua_06-38-59 - Language attribute read: de-DE
06:40:26 [TestNG-test-Yt Master Tests-1] INFO  verifyingSideMenuCollapsedLangAsInSettingsLingua_06-38-59 - Clicking settings ellipses button...
06:40:26 [TestNG-test-Yt Master Tests-1] INFO  verifyingSideMenuCollapsedLangAsInSettingsLingua_06-38-59 - [verifyingSideMenuCollapsedLangAsInSettingsLingua_06-38-59] Trying to find element: By.xpath: //ytd-topbar-menu-button-renderer[@class='style-scope ytd-masthead style-default']
06:40:26 [TestNG-test-Yt Master Tests-1] INFO  verifyingSideMenuCollapsedLangAsInSettingsLingua_06-38-59 - [verifyingSideMenuCollapsedLangAsInSettingsLingua_06-38-59] Element found and ready (attempt 1): By.xpath: //ytd-topbar-menu-button-renderer[@class='style-scope ytd-masthead style-default']
06:40:26 [TestNG-test-Yt Master Tests-1] INFO  verifyingSideMenuCollapsedLangAsInSettingsLingua_06-38-59 - Clicking language dropdown...
06:40:26 [TestNG-test-Yt Master Tests-1] INFO  verifyingSideMenuCollapsedLangAsInSettingsLingua_06-38-59 - [verifyingSideMenuCollapsedLangAsInSettingsLingua_06-38-59] Trying to find element: By.xpath: (//div[@id='content-icon'])[2]
06:40:27 [TestNG-test-Yt Master Tests-1] INFO  verifyingSideMenuCollapsedLangAsInSettingsLingua_06-38-59 - [verifyingSideMenuCollapsedLangAsInSettingsLingua_06-38-59] Element found and ready (attempt 1): By.xpath: (//div[@id='content-icon'])[2]
06:40:28 [TestNG-test-Yt Master Tests-1] INFO  verifyingSideMenuCollapsedLangAsInSettingsLingua_06-38-59 - Looking for language element with name: Eesti
06:40:28 [TestNG-test-Yt Master Tests-1] INFO  verifyingSideMenuCollapsedLangAsInSettingsLingua_06-38-59 - [verifyingSideMenuCollapsedLangAsInSettingsLingua_06-38-59] Trying to find element: By.xpath: //yt-multi-page-menu-section-renderer[@class='style-scope ytd-multi-page-menu-renderer']//yt-formatted-string[@id='label' and text()='Eesti']
06:40:29 [TestNG-test-Yt Master Tests-1] INFO  verifyingSideMenuCollapsedLangAsInSettingsLingua_06-38-59 - [verifyingSideMenuCollapsedLangAsInSettingsLingua_06-38-59] Element found and ready (attempt 1): By.xpath: //yt-multi-page-menu-section-renderer[@class='style-scope ytd-multi-page-menu-renderer']//yt-formatted-string[@id='label' and text()='Eesti']
06:40:29 [TestNG-test-Yt Master Tests-1] INFO  verifyingSideMenuCollapsedLangAsInSettingsLingua_06-38-59 - [verifyingSideMenuCollapsedLangAsInSettingsLingua_06-38-59] Trying to find element: By.xpath: //yt-multi-page-menu-section-renderer[@class='style-scope ytd-multi-page-menu-renderer']//yt-formatted-string[@id='label' and text()='Eesti']
06:40:29 [TestNG-test-Yt Master Tests-1] INFO  verifyingSideMenuCollapsedLangAsInSettingsLingua_06-38-59 - [verifyingSideMenuCollapsedLangAsInSettingsLingua_06-38-59] Element found and ready (attempt 1): By.xpath: //yt-multi-page-menu-section-renderer[@class='style-scope ytd-multi-page-menu-renderer']//yt-formatted-string[@id='label' and text()='Eesti']
06:40:31 [TestNG-test-Yt Master Tests-1] INFO  verifyingSideMenuCollapsedLangAsInSettingsLingua_06-38-59 - Clicking settings ellipses button...
06:40:31 [TestNG-test-Yt Master Tests-1] INFO  verifyingSideMenuCollapsedLangAsInSettingsLingua_06-38-59 - [verifyingSideMenuCollapsedLangAsInSettingsLingua_06-38-59] Trying to find element: By.xpath: //ytd-topbar-menu-button-renderer[@class='style-scope ytd-masthead style-default']
06:40:31 [TestNG-test-Yt Master Tests-1] INFO  verifyingSideMenuCollapsedLangAsInSettingsLingua_06-38-59 - [verifyingSideMenuCollapsedLangAsInSettingsLingua_06-38-59] Element found and ready (attempt 1): By.xpath: //ytd-topbar-menu-button-renderer[@class='style-scope ytd-masthead style-default']
06:40:31 [TestNG-test-Yt Master Tests-1] INFO  verifyingSideMenuCollapsedLangAsInSettingsLingua_06-38-59 - [verifyingSideMenuCollapsedLangAsInSettingsLingua_06-38-59] Waiting until element is visible in viewport
06:40:32 [TestNG-test-Yt Master Tests-1] INFO  verifyingSideMenuCollapsedLangAsInSettingsLingua_06-38-59 - Clicking settings ellipses button...
06:40:32 [TestNG-test-Yt Master Tests-1] INFO  verifyingSideMenuCollapsedLangAsInSettingsLingua_06-38-59 - [verifyingSideMenuCollapsedLangAsInSettingsLingua_06-38-59] Trying to find element: By.xpath: //ytd-topbar-menu-button-renderer[@class='style-scope ytd-masthead style-default']
06:40:32 [TestNG-test-Yt Master Tests-1] INFO  verifyingSideMenuCollapsedLangAsInSettingsLingua_06-38-59 - [verifyingSideMenuCollapsedLangAsInSettingsLingua_06-38-59] Element found and ready (attempt 1): By.xpath: //ytd-topbar-menu-button-renderer[@class='style-scope ytd-masthead style-default']
06:40:32 [TestNG-test-Yt Master Tests-1] INFO  verifyingSideMenuCollapsedLangAsInSettingsLingua_06-38-59 - getLangAttribute() - locating <html> and reading lang property
06:40:32 [TestNG-test-Yt Master Tests-1] INFO  verifyingSideMenuCollapsedLangAsInSettingsLingua_06-38-59 - Language attribute read: et-EE
06:40:32 [TestNG-test-Yt Master Tests-1] INFO  verifyingSideMenuCollapsedLangAsInSettingsLingua_06-38-59 - Fetching the side menu in collapsed view
06:40:32 [TestNG-test-Yt Master Tests-1] INFO  verifyingSideMenuCollapsedLangAsInSettingsLingua_06-38-59 - [verifyingSideMenuCollapsedLangAsInSettingsLingua_06-38-59] Finding elements list: By.xpath: //ytd-mini-guide-renderer[@class='style-scope ytd-app']//ytd-mini-guide-entry-renderer
06:40:33 [TestNG-test-Yt Master Tests-1] INFO  verifyingSideMenuCollapsedLangAsInSettingsLingua_06-38-59 - [verifyingSideMenuCollapsedLangAsInSettingsLingua_06-38-59] Found 4 ready elements (attempt 1): By.xpath: //ytd-mini-guide-renderer[@class='style-scope ytd-app']//ytd-mini-guide-entry-renderer
06:40:33 [TestNG-test-Yt Master Tests-1] INFO  verifyingSideMenuCollapsedLangAsInSettingsLingua_06-38-59 - 
========== LANGUAGE DETECTION ==========
Detected Language : ESTONIAN
Input Text        : Avaleht Shorts Tellimused Teie
========================================
06:40:33 [TestNG-test-Yt Master Tests-1] INFO  verifyingSideMenuCollapsedLangAsInSettingsLingua_06-38-59 - text sent to lingua is       Avaleht Shorts Tellimused Teie
06:40:33 [TestNG-test-Yt Master Tests-1] INFO  verifyingSideMenuCollapsedLangAsInSettingsLingua_06-38-59 - getLangAttribute() - locating <html> and reading lang property
06:40:33 [TestNG-test-Yt Master Tests-1] INFO  verifyingSideMenuCollapsedLangAsInSettingsLingua_06-38-59 - Language attribute read: et-EE
06:40:33 [TestNG-test-Yt Master Tests-1] INFO  verifyingSideMenuCollapsedLangAsInSettingsLingua_06-38-59 - Clicking settings ellipses button...
06:40:33 [TestNG-test-Yt Master Tests-1] INFO  verifyingSideMenuCollapsedLangAsInSettingsLingua_06-38-59 - [verifyingSideMenuCollapsedLangAsInSettingsLingua_06-38-59] Trying to find element: By.xpath: //ytd-topbar-menu-button-renderer[@class='style-scope ytd-masthead style-default']
06:40:33 [TestNG-test-Yt Master Tests-1] INFO  verifyingSideMenuCollapsedLangAsInSettingsLingua_06-38-59 - [verifyingSideMenuCollapsedLangAsInSettingsLingua_06-38-59] Element found and ready (attempt 1): By.xpath: //ytd-topbar-menu-button-renderer[@class='style-scope ytd-masthead style-default']
06:40:33 [TestNG-test-Yt Master Tests-1] INFO  verifyingSideMenuCollapsedLangAsInSettingsLingua_06-38-59 - Clicking language dropdown...
06:40:33 [TestNG-test-Yt Master Tests-1] INFO  verifyingSideMenuCollapsedLangAsInSettingsLingua_06-38-59 - [verifyingSideMenuCollapsedLangAsInSettingsLingua_06-38-59] Trying to find element: By.xpath: (//div[@id='content-icon'])[2]
06:40:35 [TestNG-test-Yt Master Tests-1] INFO  verifyingSideMenuCollapsedLangAsInSettingsLingua_06-38-59 - [verifyingSideMenuCollapsedLangAsInSettingsLingua_06-38-59] Element found and ready (attempt 1): By.xpath: (//div[@id='content-icon'])[2]
06:40:35 [TestNG-test-Yt Master Tests-1] INFO  verifyingSideMenuCollapsedLangAsInSettingsLingua_06-38-59 - Looking for language element with name: English (India)
06:40:35 [TestNG-test-Yt Master Tests-1] INFO  verifyingSideMenuCollapsedLangAsInSettingsLingua_06-38-59 - [verifyingSideMenuCollapsedLangAsInSettingsLingua_06-38-59] Trying to find element: By.xpath: //yt-multi-page-menu-section-renderer[@class='style-scope ytd-multi-page-menu-renderer']//yt-formatted-string[@id='label' and text()='English (India)']
06:40:36 [TestNG-test-Yt Master Tests-1] INFO  verifyingSideMenuCollapsedLangAsInSettingsLingua_06-38-59 - [verifyingSideMenuCollapsedLangAsInSettingsLingua_06-38-59] Element found and ready (attempt 1): By.xpath: //yt-multi-page-menu-section-renderer[@class='style-scope ytd-multi-page-menu-renderer']//yt-formatted-string[@id='label' and text()='English (India)']
06:40:36 [TestNG-test-Yt Master Tests-1] INFO  verifyingSideMenuCollapsedLangAsInSettingsLingua_06-38-59 - [verifyingSideMenuCollapsedLangAsInSettingsLingua_06-38-59] Trying to find element: By.xpath: //yt-multi-page-menu-section-renderer[@class='style-scope ytd-multi-page-menu-renderer']//yt-formatted-string[@id='label' and text()='English (India)']
06:40:36 [TestNG-test-Yt Master Tests-1] INFO  verifyingSideMenuCollapsedLangAsInSettingsLingua_06-38-59 - [verifyingSideMenuCollapsedLangAsInSettingsLingua_06-38-59] Element found and ready (attempt 1): By.xpath: //yt-multi-page-menu-section-renderer[@class='style-scope ytd-multi-page-menu-renderer']//yt-formatted-string[@id='label' and text()='English (India)']
06:40:38 [TestNG-test-Yt Master Tests-1] INFO  verifyingSideMenuCollapsedLangAsInSettingsLingua_06-38-59 - Clicking settings ellipses button...
06:40:38 [TestNG-test-Yt Master Tests-1] INFO  verifyingSideMenuCollapsedLangAsInSettingsLingua_06-38-59 - [verifyingSideMenuCollapsedLangAsInSettingsLingua_06-38-59] Trying to find element: By.xpath: //ytd-topbar-menu-button-renderer[@class='style-scope ytd-masthead style-default']
06:40:39 [TestNG-test-Yt Master Tests-1] INFO  verifyingSideMenuCollapsedLangAsInSettingsLingua_06-38-59 - [verifyingSideMenuCollapsedLangAsInSettingsLingua_06-38-59] Element found and ready (attempt 1): By.xpath: //ytd-topbar-menu-button-renderer[@class='style-scope ytd-masthead style-default']
06:40:39 [TestNG-test-Yt Master Tests-1] INFO  verifyingSideMenuCollapsedLangAsInSettingsLingua_06-38-59 - [verifyingSideMenuCollapsedLangAsInSettingsLingua_06-38-59] Waiting until element is visible in viewport
06:40:40 [TestNG-test-Yt Master Tests-1] INFO  verifyingSideMenuCollapsedLangAsInSettingsLingua_06-38-59 - Clicking settings ellipses button...
06:40:40 [TestNG-test-Yt Master Tests-1] INFO  verifyingSideMenuCollapsedLangAsInSettingsLingua_06-38-59 - [verifyingSideMenuCollapsedLangAsInSettingsLingua_06-38-59] Trying to find element: By.xpath: //ytd-topbar-menu-button-renderer[@class='style-scope ytd-masthead style-default']
06:40:40 [TestNG-test-Yt Master Tests-1] INFO  verifyingSideMenuCollapsedLangAsInSettingsLingua_06-38-59 - [verifyingSideMenuCollapsedLangAsInSettingsLingua_06-38-59] Element found and ready (attempt 1): By.xpath: //ytd-topbar-menu-button-renderer[@class='style-scope ytd-masthead style-default']
06:40:40 [TestNG-test-Yt Master Tests-1] INFO  verifyingSideMenuCollapsedLangAsInSettingsLingua_06-38-59 - getLangAttribute() - locating <html> and reading lang property
06:40:40 [TestNG-test-Yt Master Tests-1] INFO  verifyingSideMenuCollapsedLangAsInSettingsLingua_06-38-59 - Language attribute read: en-IN
06:40:40 [TestNG-test-Yt Master Tests-1] INFO  verifyingSideMenuCollapsedLangAsInSettingsLingua_06-38-59 - Fetching the side menu in collapsed view
06:40:40 [TestNG-test-Yt Master Tests-1] INFO  verifyingSideMenuCollapsedLangAsInSettingsLingua_06-38-59 - [verifyingSideMenuCollapsedLangAsInSettingsLingua_06-38-59] Finding elements list: By.xpath: //ytd-mini-guide-renderer[@class='style-scope ytd-app']//ytd-mini-guide-entry-renderer
06:40:41 [TestNG-test-Yt Master Tests-1] INFO  verifyingSideMenuCollapsedLangAsInSettingsLingua_06-38-59 - [verifyingSideMenuCollapsedLangAsInSettingsLingua_06-38-59] Found 4 ready elements (attempt 1): By.xpath: //ytd-mini-guide-renderer[@class='style-scope ytd-app']//ytd-mini-guide-entry-renderer
06:40:41 [TestNG-test-Yt Master Tests-1] INFO  verifyingSideMenuCollapsedLangAsInSettingsLingua_06-38-59 - 
========== LANGUAGE DETECTION ==========
Detected Language : ENGLISH
Input Text        : Home Shorts Subscriptions You
========================================
06:40:41 [TestNG-test-Yt Master Tests-1] INFO  verifyingSideMenuCollapsedLangAsInSettingsLingua_06-38-59 - text sent to lingua is       Home Shorts Subscriptions You
06:40:41 [TestNG-test-Yt Master Tests-1] INFO  verifyingSideMenuCollapsedLangAsInSettingsLingua_06-38-59 - getLangAttribute() - locating <html> and reading lang property
06:40:41 [TestNG-test-Yt Master Tests-1] INFO  verifyingSideMenuCollapsedLangAsInSettingsLingua_06-38-59 - Language attribute read: en-IN
06:40:41 [TestNG-test-Yt Master Tests-1] INFO  verifyingSideMenuCollapsedLangAsInSettingsLingua_06-38-59 - Clicking settings ellipses button...
06:40:41 [TestNG-test-Yt Master Tests-1] INFO  verifyingSideMenuCollapsedLangAsInSettingsLingua_06-38-59 - [verifyingSideMenuCollapsedLangAsInSettingsLingua_06-38-59] Trying to find element: By.xpath: //ytd-topbar-menu-button-renderer[@class='style-scope ytd-masthead style-default']
06:40:41 [TestNG-test-Yt Master Tests-1] INFO  verifyingSideMenuCollapsedLangAsInSettingsLingua_06-38-59 - [verifyingSideMenuCollapsedLangAsInSettingsLingua_06-38-59] Element found and ready (attempt 1): By.xpath: //ytd-topbar-menu-button-renderer[@class='style-scope ytd-masthead style-default']
06:40:41 [TestNG-test-Yt Master Tests-1] INFO  verifyingSideMenuCollapsedLangAsInSettingsLingua_06-38-59 - Clicking language dropdown...
06:40:41 [TestNG-test-Yt Master Tests-1] INFO  verifyingSideMenuCollapsedLangAsInSettingsLingua_06-38-59 - [verifyingSideMenuCollapsedLangAsInSettingsLingua_06-38-59] Trying to find element: By.xpath: (//div[@id='content-icon'])[2]
06:40:42 [TestNG-test-Yt Master Tests-1] INFO  verifyingSideMenuCollapsedLangAsInSettingsLingua_06-38-59 - [verifyingSideMenuCollapsedLangAsInSettingsLingua_06-38-59] Element found and ready (attempt 1): By.xpath: (//div[@id='content-icon'])[2]
06:40:42 [TestNG-test-Yt Master Tests-1] INFO  verifyingSideMenuCollapsedLangAsInSettingsLingua_06-38-59 - [verifyingSideMenuCollapsedLangAsInSettingsLingua_06-38-59] Not retrying test 'verifyingSideMenuCollapsedLangAsInSettingsLingua'. Retry count: 0, Cause: The following asserts failed:
	Language detection mismatch for language=Azərbaycan expected [AZERBAIJANI] but found [TURKISH],
	Language detection mismatch for language=Bahasa Indonesia expected [INDONESIAN] but found [ENGLISH],
	Language detection mismatch for language=Bosanski expected [CROATIAN] but found [BOSNIAN]
