19:12:23 [TestNG-test-Yt Master Tests-3] INFO  verifyingSideMenuCollapsedLangAsInSettings_19-12-23 - No existing WebDriver found for current thread. Initializing a new ChromeDriver...
19:12:23 [TestNG-test-Yt Master Tests-3] INFO  verifyingSideMenuCollapsedLangAsInSettings_19-12-23 - WebDriverManager: chromedriver setup OK
19:12:26 [TestNG-test-Yt Master Tests-3] INFO  verifyingSideMenuCollapsedLangAsInSettings_19-12-23 - ChromeDriver initialized successfully for thread: 36
19:12:26 [TestNG-test-Yt Master Tests-3] INFO  verifyingSideMenuCollapsedLangAsInSettings_19-12-23 - SafeActions initialized with driver ChromeDriver: chrome on windows (c501ca4f32a10c18d713fc1bbe435e87)
19:12:26 [TestNG-test-Yt Master Tests-3] INFO  verifyingSideMenuCollapsedLangAsInSettings_19-12-23 - Initialized YtLandingPage with driver: ChromeDriver: chrome on windows (c501ca4f32a10c18d713fc1bbe435e87)
19:12:26 [TestNG-test-Yt Master Tests-3] INFO  verifyingSideMenuCollapsedLangAsInSettings_19-12-23 - SafeActions initialized with driver ChromeDriver: chrome on windows (c501ca4f32a10c18d713fc1bbe435e87)
19:12:31 [TestNG-test-Yt Master Tests-3] INFO  verifyingSideMenuCollapsedLangAsInSettings_19-12-23 - Opened YouTube landing page.
19:12:31 [TestNG-test-Yt Master Tests-3] INFO  verifyingSideMenuCollapsedLangAsInSettings_19-12-23 - Clicking left ellipses in the landing page
19:12:31 [TestNG-test-Yt Master Tests-3] INFO  verifyingSideMenuCollapsedLangAsInSettings_19-12-23 - [verifyingSideMenuCollapsedLangAsInSettings_19-12-23] Trying to find element: By.xpath: //ytd-topbar-logo-renderer[@id='logo']/preceding-sibling::*[@id='guide-button']
19:12:32 [TestNG-test-Yt Master Tests-3] INFO  verifyingSideMenuCollapsedLangAsInSettings_19-12-23 - [verifyingSideMenuCollapsedLangAsInSettings_19-12-23] Element found and ready (attempt 1): By.xpath: //ytd-topbar-logo-renderer[@id='logo']/preceding-sibling::*[@id='guide-button']
19:12:32 [TestNG-test-Yt Master Tests-3] INFO  verifyingSideMenuCollapsedLangAsInSettings_19-12-23 - Clicking settings ellipses button...
19:12:32 [TestNG-test-Yt Master Tests-3] INFO  verifyingSideMenuCollapsedLangAsInSettings_19-12-23 - [verifyingSideMenuCollapsedLangAsInSettings_19-12-23] Trying to find element: By.xpath: //ytd-topbar-menu-button-renderer[@class='style-scope ytd-masthead style-default']
19:12:32 [TestNG-test-Yt Master Tests-3] INFO  verifyingSideMenuCollapsedLangAsInSettings_19-12-23 - [verifyingSideMenuCollapsedLangAsInSettings_19-12-23] Element found and ready (attempt 1): By.xpath: //ytd-topbar-menu-button-renderer[@class='style-scope ytd-masthead style-default']
19:12:32 [TestNG-test-Yt Master Tests-3] INFO  verifyingSideMenuCollapsedLangAsInSettings_19-12-23 - Clicking language dropdown...
19:12:32 [TestNG-test-Yt Master Tests-3] INFO  verifyingSideMenuCollapsedLangAsInSettings_19-12-23 - [verifyingSideMenuCollapsedLangAsInSettings_19-12-23] Trying to find element: By.xpath: (//div[@id='content-icon'])[2]
19:12:33 [TestNG-test-Yt Master Tests-3] INFO  verifyingSideMenuCollapsedLangAsInSettings_19-12-23 - [verifyingSideMenuCollapsedLangAsInSettings_19-12-23] Element found and ready (attempt 1): By.xpath: (//div[@id='content-icon'])[2]
19:12:34 [TestNG-test-Yt Master Tests-3] INFO  verifyingSideMenuCollapsedLangAsInSettings_19-12-23 - [verifyingSideMenuCollapsedLangAsInSettings_19-12-23] Execution is scheduled type /CRON Job on CI Hence refering to CI keys from UtilData
19:12:34 [TestNG-test-Yt Master Tests-3] INFO  verifyingSideMenuCollapsedLangAsInSettings_19-12-23 - Looking for language element with name: Afrikaans
19:12:34 [TestNG-test-Yt Master Tests-3] INFO  verifyingSideMenuCollapsedLangAsInSettings_19-12-23 - [verifyingSideMenuCollapsedLangAsInSettings_19-12-23] Trying to find element: By.xpath: //yt-multi-page-menu-section-renderer[@class='style-scope ytd-multi-page-menu-renderer']//yt-formatted-string[@id='label' and text()='Afrikaans']
19:12:34 [TestNG-test-Yt Master Tests-3] INFO  verifyingSideMenuCollapsedLangAsInSettings_19-12-23 - [verifyingSideMenuCollapsedLangAsInSettings_19-12-23] Element found and ready (attempt 1): By.xpath: //yt-multi-page-menu-section-renderer[@class='style-scope ytd-multi-page-menu-renderer']//yt-formatted-string[@id='label' and text()='Afrikaans']
19:12:34 [TestNG-test-Yt Master Tests-3] INFO  verifyingSideMenuCollapsedLangAsInSettings_19-12-23 - [verifyingSideMenuCollapsedLangAsInSettings_19-12-23] Trying to find element: By.xpath: //yt-multi-page-menu-section-renderer[@class='style-scope ytd-multi-page-menu-renderer']//yt-formatted-string[@id='label' and text()='Afrikaans']
19:12:34 [TestNG-test-Yt Master Tests-3] INFO  verifyingSideMenuCollapsedLangAsInSettings_19-12-23 - [verifyingSideMenuCollapsedLangAsInSettings_19-12-23] Element found and ready (attempt 1): By.xpath: //yt-multi-page-menu-section-renderer[@class='style-scope ytd-multi-page-menu-renderer']//yt-formatted-string[@id='label' and text()='Afrikaans']
19:12:52 [TestNG-test-Yt Master Tests-3] WARN  verifyingSideMenuCollapsedLangAsInSettings_19-12-23 - [verifyingSideMenuCollapsedLangAsInSettings_19-12-23] Retrying test 'verifyingSideMenuCollapsedLangAsInSettings' (attempt 1) due to: Expected condition failed: waiting for presence of element located by: By.xpath: //ytd-mini-guide-renderer[@class='style-scope ytd-app']//ytd-mini-guide-entry-renderer (tried for 15 second(s) with 500 milliseconds interval)
