10:09:24 [TestNG-test-Yt Master Tests-3] INFO  verifyingSideMenuCollapsedLangAsInSettings_10-09-24 - No existing WebDriver found for current thread. Initializing a new ChromeDriver...
10:09:24 [TestNG-test-Yt Master Tests-3] INFO  verifyingSideMenuCollapsedLangAsInSettings_10-09-24 - WebDriverManager: chromedriver setup OK
10:09:30 [TestNG-test-Yt Master Tests-3] INFO  verifyingSideMenuCollapsedLangAsInSettings_10-09-24 - ChromeDriver initialized successfully for thread: 36
10:09:30 [TestNG-test-Yt Master Tests-3] INFO  verifyingSideMenuCollapsedLangAsInSettings_10-09-24 - SafeActions initialized with driver ChromeDriver: chrome on windows (00d7a3e5e8d9eb5fa7ab09d7b335b07e)
10:09:30 [TestNG-test-Yt Master Tests-3] INFO  verifyingSideMenuCollapsedLangAsInSettings_10-09-24 - Initialized YtLandingPage with driver: ChromeDriver: chrome on windows (00d7a3e5e8d9eb5fa7ab09d7b335b07e)
10:09:30 [TestNG-test-Yt Master Tests-3] INFO  verifyingSideMenuCollapsedLangAsInSettings_10-09-24 - SafeActions initialized with driver ChromeDriver: chrome on windows (00d7a3e5e8d9eb5fa7ab09d7b335b07e)
10:09:43 [TestNG-test-Yt Master Tests-3] INFO  verifyingSideMenuCollapsedLangAsInSettings_10-09-24 - Opened YouTube landing page.
10:09:43 [TestNG-test-Yt Master Tests-3] INFO  verifyingSideMenuCollapsedLangAsInSettings_10-09-24 - Clicking left ellipses in the landing page
10:09:43 [TestNG-test-Yt Master Tests-3] INFO  verifyingSideMenuCollapsedLangAsInSettings_10-09-24 - [verifyingSideMenuCollapsedLangAsInSettings_10-09-24] Trying to find element: By.xpath: //ytd-topbar-logo-renderer[@id='logo']/preceding-sibling::*[@id='guide-button']
10:09:44 [TestNG-test-Yt Master Tests-3] INFO  verifyingSideMenuCollapsedLangAsInSettings_10-09-24 - [verifyingSideMenuCollapsedLangAsInSettings_10-09-24] Element found and ready (attempt 1): By.xpath: //ytd-topbar-logo-renderer[@id='logo']/preceding-sibling::*[@id='guide-button']
10:09:44 [TestNG-test-Yt Master Tests-3] INFO  verifyingSideMenuCollapsedLangAsInSettings_10-09-24 - Clicking settings ellipses button...
10:09:44 [TestNG-test-Yt Master Tests-3] INFO  verifyingSideMenuCollapsedLangAsInSettings_10-09-24 - [verifyingSideMenuCollapsedLangAsInSettings_10-09-24] Trying to find element: By.xpath: //ytd-topbar-menu-button-renderer[@class='style-scope ytd-masthead style-default']
10:09:44 [TestNG-test-Yt Master Tests-3] INFO  verifyingSideMenuCollapsedLangAsInSettings_10-09-24 - [verifyingSideMenuCollapsedLangAsInSettings_10-09-24] Element found and ready (attempt 1): By.xpath: //ytd-topbar-menu-button-renderer[@class='style-scope ytd-masthead style-default']
10:09:45 [TestNG-test-Yt Master Tests-3] INFO  verifyingSideMenuCollapsedLangAsInSettings_10-09-24 - Clicking language dropdown...
10:09:45 [TestNG-test-Yt Master Tests-3] INFO  verifyingSideMenuCollapsedLangAsInSettings_10-09-24 - [verifyingSideMenuCollapsedLangAsInSettings_10-09-24] Trying to find element: By.xpath: (//div[@id='content-icon'])[2]
10:09:45 [TestNG-test-Yt Master Tests-3] INFO  verifyingSideMenuCollapsedLangAsInSettings_10-09-24 - [verifyingSideMenuCollapsedLangAsInSettings_10-09-24] Element found and ready (attempt 1): By.xpath: (//div[@id='content-icon'])[2]
10:09:46 [TestNG-test-Yt Master Tests-3] INFO  verifyingSideMenuCollapsedLangAsInSettings_10-09-24 - [verifyingSideMenuCollapsedLangAsInSettings_10-09-24] Execution is Not CRON Job Hence refering to normal keys from UtilData
10:09:46 [TestNG-test-Yt Master Tests-3] INFO  verifyingSideMenuCollapsedLangAsInSettings_10-09-24 - Looking for language element with name: Afrikaans
10:09:46 [TestNG-test-Yt Master Tests-3] INFO  verifyingSideMenuCollapsedLangAsInSettings_10-09-24 - [verifyingSideMenuCollapsedLangAsInSettings_10-09-24] Trying to find element: By.xpath: //yt-multi-page-menu-section-renderer[@class='style-scope ytd-multi-page-menu-renderer']//yt-formatted-string[@id='label' and text()='Afrikaans']
10:09:47 [TestNG-test-Yt Master Tests-3] INFO  verifyingSideMenuCollapsedLangAsInSettings_10-09-24 - [verifyingSideMenuCollapsedLangAsInSettings_10-09-24] Element found and ready (attempt 1): By.xpath: //yt-multi-page-menu-section-renderer[@class='style-scope ytd-multi-page-menu-renderer']//yt-formatted-string[@id='label' and text()='Afrikaans']
10:09:47 [TestNG-test-Yt Master Tests-3] INFO  verifyingSideMenuCollapsedLangAsInSettings_10-09-24 - [verifyingSideMenuCollapsedLangAsInSettings_10-09-24] Trying to find element: By.xpath: //yt-multi-page-menu-section-renderer[@class='style-scope ytd-multi-page-menu-renderer']//yt-formatted-string[@id='label' and text()='Afrikaans']
10:09:47 [TestNG-test-Yt Master Tests-3] INFO  verifyingSideMenuCollapsedLangAsInSettings_10-09-24 - [verifyingSideMenuCollapsedLangAsInSettings_10-09-24] Element found and ready (attempt 1): By.xpath: //yt-multi-page-menu-section-renderer[@class='style-scope ytd-multi-page-menu-renderer']//yt-formatted-string[@id='label' and text()='Afrikaans']
10:09:50 [TestNG-test-Yt Master Tests-3] INFO  verifyingSideMenuCollapsedLangAsInSettings_10-09-24 - Clicking settings ellipses button...
10:09:51 [TestNG-test-Yt Master Tests-3] INFO  verifyingSideMenuCollapsedLangAsInSettings_10-09-24 - [verifyingSideMenuCollapsedLangAsInSettings_10-09-24] Trying to find element: By.xpath: //ytd-topbar-menu-button-renderer[@class='style-scope ytd-masthead style-default']
10:09:51 [TestNG-test-Yt Master Tests-3] INFO  verifyingSideMenuCollapsedLangAsInSettings_10-09-24 - [verifyingSideMenuCollapsedLangAsInSettings_10-09-24] Element found and ready (attempt 1): By.xpath: //ytd-topbar-menu-button-renderer[@class='style-scope ytd-masthead style-default']
10:09:51 [TestNG-test-Yt Master Tests-3] INFO  verifyingSideMenuCollapsedLangAsInSettings_10-09-24 - [verifyingSideMenuCollapsedLangAsInSettings_10-09-24] Waiting until element is visible in viewport
10:09:52 [TestNG-test-Yt Master Tests-3] INFO  verifyingSideMenuCollapsedLangAsInSettings_10-09-24 - Clicking settings ellipses button...
10:09:52 [TestNG-test-Yt Master Tests-3] INFO  verifyingSideMenuCollapsedLangAsInSettings_10-09-24 - [verifyingSideMenuCollapsedLangAsInSettings_10-09-24] Trying to find element: By.xpath: //ytd-topbar-menu-button-renderer[@class='style-scope ytd-masthead style-default']
10:09:52 [TestNG-test-Yt Master Tests-3] INFO  verifyingSideMenuCollapsedLangAsInSettings_10-09-24 - [verifyingSideMenuCollapsedLangAsInSettings_10-09-24] Element found and ready (attempt 1): By.xpath: //ytd-topbar-menu-button-renderer[@class='style-scope ytd-masthead style-default']
10:09:52 [TestNG-test-Yt Master Tests-3] INFO  verifyingSideMenuCollapsedLangAsInSettings_10-09-24 - getLangAttribute() - locating <html> and reading lang property
10:09:53 [TestNG-test-Yt Master Tests-3] INFO  verifyingSideMenuCollapsedLangAsInSettings_10-09-24 - Language attribute read: af-ZA
10:09:53 [TestNG-test-Yt Master Tests-3] INFO  verifyingSideMenuCollapsedLangAsInSettings_10-09-24 - Fetching the side menu in collapsed view
10:09:53 [TestNG-test-Yt Master Tests-3] INFO  verifyingSideMenuCollapsedLangAsInSettings_10-09-24 - [verifyingSideMenuCollapsedLangAsInSettings_10-09-24] Finding elements list: By.xpath: //ytd-mini-guide-renderer[@class='style-scope ytd-app']//ytd-mini-guide-entry-renderer
10:09:53 [TestNG-test-Yt Master Tests-3] INFO  verifyingSideMenuCollapsedLangAsInSettings_10-09-24 - [verifyingSideMenuCollapsedLangAsInSettings_10-09-24] Found 4 ready elements (attempt 1): By.xpath: //ytd-mini-guide-renderer[@class='style-scope ytd-app']//ytd-mini-guide-entry-renderer
10:09:53 [TestNG-test-Yt Master Tests-3] INFO  verifyingSideMenuCollapsedLangAsInSettings_10-09-24 - Clicking settings ellipses button...
10:09:53 [TestNG-test-Yt Master Tests-3] INFO  verifyingSideMenuCollapsedLangAsInSettings_10-09-24 - [verifyingSideMenuCollapsedLangAsInSettings_10-09-24] Trying to find element: By.xpath: //ytd-topbar-menu-button-renderer[@class='style-scope ytd-masthead style-default']
10:09:53 [TestNG-test-Yt Master Tests-3] INFO  verifyingSideMenuCollapsedLangAsInSettings_10-09-24 - [verifyingSideMenuCollapsedLangAsInSettings_10-09-24] Element found and ready (attempt 1): By.xpath: //ytd-topbar-menu-button-renderer[@class='style-scope ytd-masthead style-default']
10:09:53 [TestNG-test-Yt Master Tests-3] INFO  verifyingSideMenuCollapsedLangAsInSettings_10-09-24 - Clicking language dropdown...
10:09:53 [TestNG-test-Yt Master Tests-3] INFO  verifyingSideMenuCollapsedLangAsInSettings_10-09-24 - [verifyingSideMenuCollapsedLangAsInSettings_10-09-24] Trying to find element: By.xpath: (//div[@id='content-icon'])[2]
10:09:54 [TestNG-test-Yt Master Tests-3] INFO  verifyingSideMenuCollapsedLangAsInSettings_10-09-24 - [verifyingSideMenuCollapsedLangAsInSettings_10-09-24] Element found and ready (attempt 1): By.xpath: (//div[@id='content-icon'])[2]
10:09:54 [TestNG-test-Yt Master Tests-3] INFO  verifyingSideMenuCollapsedLangAsInSettings_10-09-24 - Looking for language element with name: Azərbaycan
10:09:54 [TestNG-test-Yt Master Tests-3] INFO  verifyingSideMenuCollapsedLangAsInSettings_10-09-24 - [verifyingSideMenuCollapsedLangAsInSettings_10-09-24] Trying to find element: By.xpath: //yt-multi-page-menu-section-renderer[@class='style-scope ytd-multi-page-menu-renderer']//yt-formatted-string[@id='label' and text()='Azərbaycan']
10:09:54 [TestNG-test-Yt Master Tests-3] INFO  verifyingSideMenuCollapsedLangAsInSettings_10-09-24 - [verifyingSideMenuCollapsedLangAsInSettings_10-09-24] Element found and ready (attempt 1): By.xpath: //yt-multi-page-menu-section-renderer[@class='style-scope ytd-multi-page-menu-renderer']//yt-formatted-string[@id='label' and text()='Azərbaycan']
10:09:54 [TestNG-test-Yt Master Tests-3] INFO  verifyingSideMenuCollapsedLangAsInSettings_10-09-24 - [verifyingSideMenuCollapsedLangAsInSettings_10-09-24] Trying to find element: By.xpath: //yt-multi-page-menu-section-renderer[@class='style-scope ytd-multi-page-menu-renderer']//yt-formatted-string[@id='label' and text()='Azərbaycan']
10:09:54 [TestNG-test-Yt Master Tests-3] INFO  verifyingSideMenuCollapsedLangAsInSettings_10-09-24 - [verifyingSideMenuCollapsedLangAsInSettings_10-09-24] Element found and ready (attempt 1): By.xpath: //yt-multi-page-menu-section-renderer[@class='style-scope ytd-multi-page-menu-renderer']//yt-formatted-string[@id='label' and text()='Azərbaycan']
10:09:57 [TestNG-test-Yt Master Tests-3] INFO  verifyingSideMenuCollapsedLangAsInSettings_10-09-24 - Clicking settings ellipses button...
10:09:57 [TestNG-test-Yt Master Tests-3] INFO  verifyingSideMenuCollapsedLangAsInSettings_10-09-24 - [verifyingSideMenuCollapsedLangAsInSettings_10-09-24] Trying to find element: By.xpath: //ytd-topbar-menu-button-renderer[@class='style-scope ytd-masthead style-default']
10:09:57 [TestNG-test-Yt Master Tests-3] INFO  verifyingSideMenuCollapsedLangAsInSettings_10-09-24 - [verifyingSideMenuCollapsedLangAsInSettings_10-09-24] Element found and ready (attempt 1): By.xpath: //ytd-topbar-menu-button-renderer[@class='style-scope ytd-masthead style-default']
10:09:57 [TestNG-test-Yt Master Tests-3] INFO  verifyingSideMenuCollapsedLangAsInSettings_10-09-24 - [verifyingSideMenuCollapsedLangAsInSettings_10-09-24] Waiting until element is visible in viewport
10:09:58 [TestNG-test-Yt Master Tests-3] INFO  verifyingSideMenuCollapsedLangAsInSettings_10-09-24 - Clicking settings ellipses button...
10:09:58 [TestNG-test-Yt Master Tests-3] INFO  verifyingSideMenuCollapsedLangAsInSettings_10-09-24 - [verifyingSideMenuCollapsedLangAsInSettings_10-09-24] Trying to find element: By.xpath: //ytd-topbar-menu-button-renderer[@class='style-scope ytd-masthead style-default']
10:09:58 [TestNG-test-Yt Master Tests-3] INFO  verifyingSideMenuCollapsedLangAsInSettings_10-09-24 - [verifyingSideMenuCollapsedLangAsInSettings_10-09-24] Element found and ready (attempt 1): By.xpath: //ytd-topbar-menu-button-renderer[@class='style-scope ytd-masthead style-default']
10:09:58 [TestNG-test-Yt Master Tests-3] INFO  verifyingSideMenuCollapsedLangAsInSettings_10-09-24 - getLangAttribute() - locating <html> and reading lang property
10:09:58 [TestNG-test-Yt Master Tests-3] INFO  verifyingSideMenuCollapsedLangAsInSettings_10-09-24 - Language attribute read: az-Latn-AZ
10:09:58 [TestNG-test-Yt Master Tests-3] INFO  verifyingSideMenuCollapsedLangAsInSettings_10-09-24 - Fetching the side menu in collapsed view
10:09:58 [TestNG-test-Yt Master Tests-3] INFO  verifyingSideMenuCollapsedLangAsInSettings_10-09-24 - [verifyingSideMenuCollapsedLangAsInSettings_10-09-24] Finding elements list: By.xpath: //ytd-mini-guide-renderer[@class='style-scope ytd-app']//ytd-mini-guide-entry-renderer
10:09:58 [TestNG-test-Yt Master Tests-3] INFO  verifyingSideMenuCollapsedLangAsInSettings_10-09-24 - [verifyingSideMenuCollapsedLangAsInSettings_10-09-24] Found 4 ready elements (attempt 1): By.xpath: //ytd-mini-guide-renderer[@class='style-scope ytd-app']//ytd-mini-guide-entry-renderer
10:09:59 [TestNG-test-Yt Master Tests-3] INFO  verifyingSideMenuCollapsedLangAsInSettings_10-09-24 - Clicking settings ellipses button...
10:09:59 [TestNG-test-Yt Master Tests-3] INFO  verifyingSideMenuCollapsedLangAsInSettings_10-09-24 - [verifyingSideMenuCollapsedLangAsInSettings_10-09-24] Trying to find element: By.xpath: //ytd-topbar-menu-button-renderer[@class='style-scope ytd-masthead style-default']
10:09:59 [TestNG-test-Yt Master Tests-3] INFO  verifyingSideMenuCollapsedLangAsInSettings_10-09-24 - [verifyingSideMenuCollapsedLangAsInSettings_10-09-24] Element found and ready (attempt 1): By.xpath: //ytd-topbar-menu-button-renderer[@class='style-scope ytd-masthead style-default']
10:09:59 [TestNG-test-Yt Master Tests-3] INFO  verifyingSideMenuCollapsedLangAsInSettings_10-09-24 - Clicking language dropdown...
10:09:59 [TestNG-test-Yt Master Tests-3] INFO  verifyingSideMenuCollapsedLangAsInSettings_10-09-24 - [verifyingSideMenuCollapsedLangAsInSettings_10-09-24] Trying to find element: By.xpath: (//div[@id='content-icon'])[2]
10:09:59 [TestNG-test-Yt Master Tests-3] INFO  verifyingSideMenuCollapsedLangAsInSettings_10-09-24 - [verifyingSideMenuCollapsedLangAsInSettings_10-09-24] Element found and ready (attempt 1): By.xpath: (//div[@id='content-icon'])[2]
10:10:00 [TestNG-test-Yt Master Tests-3] INFO  verifyingSideMenuCollapsedLangAsInSettings_10-09-24 - Looking for language element with name: Bahasa Indonesia
10:10:00 [TestNG-test-Yt Master Tests-3] INFO  verifyingSideMenuCollapsedLangAsInSettings_10-09-24 - [verifyingSideMenuCollapsedLangAsInSettings_10-09-24] Trying to find element: By.xpath: //yt-multi-page-menu-section-renderer[@class='style-scope ytd-multi-page-menu-renderer']//yt-formatted-string[@id='label' and text()='Bahasa Indonesia']
10:10:00 [TestNG-test-Yt Master Tests-3] INFO  verifyingSideMenuCollapsedLangAsInSettings_10-09-24 - [verifyingSideMenuCollapsedLangAsInSettings_10-09-24] Element found and ready (attempt 1): By.xpath: //yt-multi-page-menu-section-renderer[@class='style-scope ytd-multi-page-menu-renderer']//yt-formatted-string[@id='label' and text()='Bahasa Indonesia']
10:10:00 [TestNG-test-Yt Master Tests-3] INFO  verifyingSideMenuCollapsedLangAsInSettings_10-09-24 - [verifyingSideMenuCollapsedLangAsInSettings_10-09-24] Trying to find element: By.xpath: //yt-multi-page-menu-section-renderer[@class='style-scope ytd-multi-page-menu-renderer']//yt-formatted-string[@id='label' and text()='Bahasa Indonesia']
10:10:00 [TestNG-test-Yt Master Tests-3] INFO  verifyingSideMenuCollapsedLangAsInSettings_10-09-24 - [verifyingSideMenuCollapsedLangAsInSettings_10-09-24] Element found and ready (attempt 1): By.xpath: //yt-multi-page-menu-section-renderer[@class='style-scope ytd-multi-page-menu-renderer']//yt-formatted-string[@id='label' and text()='Bahasa Indonesia']
10:10:03 [TestNG-test-Yt Master Tests-3] INFO  verifyingSideMenuCollapsedLangAsInSettings_10-09-24 - Clicking settings ellipses button...
10:10:03 [TestNG-test-Yt Master Tests-3] INFO  verifyingSideMenuCollapsedLangAsInSettings_10-09-24 - [verifyingSideMenuCollapsedLangAsInSettings_10-09-24] Trying to find element: By.xpath: //ytd-topbar-menu-button-renderer[@class='style-scope ytd-masthead style-default']
10:10:03 [TestNG-test-Yt Master Tests-3] INFO  verifyingSideMenuCollapsedLangAsInSettings_10-09-24 - [verifyingSideMenuCollapsedLangAsInSettings_10-09-24] Element found and ready (attempt 1): By.xpath: //ytd-topbar-menu-button-renderer[@class='style-scope ytd-masthead style-default']
10:10:04 [TestNG-test-Yt Master Tests-3] INFO  verifyingSideMenuCollapsedLangAsInSettings_10-09-24 - [verifyingSideMenuCollapsedLangAsInSettings_10-09-24] Waiting until element is visible in viewport
10:10:05 [TestNG-test-Yt Master Tests-3] INFO  verifyingSideMenuCollapsedLangAsInSettings_10-09-24 - Clicking settings ellipses button...
10:10:05 [TestNG-test-Yt Master Tests-3] INFO  verifyingSideMenuCollapsedLangAsInSettings_10-09-24 - [verifyingSideMenuCollapsedLangAsInSettings_10-09-24] Trying to find element: By.xpath: //ytd-topbar-menu-button-renderer[@class='style-scope ytd-masthead style-default']
10:10:05 [TestNG-test-Yt Master Tests-3] INFO  verifyingSideMenuCollapsedLangAsInSettings_10-09-24 - [verifyingSideMenuCollapsedLangAsInSettings_10-09-24] Element found and ready (attempt 1): By.xpath: //ytd-topbar-menu-button-renderer[@class='style-scope ytd-masthead style-default']
10:10:05 [TestNG-test-Yt Master Tests-3] INFO  verifyingSideMenuCollapsedLangAsInSettings_10-09-24 - getLangAttribute() - locating <html> and reading lang property
10:10:05 [TestNG-test-Yt Master Tests-3] INFO  verifyingSideMenuCollapsedLangAsInSettings_10-09-24 - Language attribute read: id-ID
10:10:05 [TestNG-test-Yt Master Tests-3] INFO  verifyingSideMenuCollapsedLangAsInSettings_10-09-24 - Fetching the side menu in collapsed view
10:10:05 [TestNG-test-Yt Master Tests-3] INFO  verifyingSideMenuCollapsedLangAsInSettings_10-09-24 - [verifyingSideMenuCollapsedLangAsInSettings_10-09-24] Finding elements list: By.xpath: //ytd-mini-guide-renderer[@class='style-scope ytd-app']//ytd-mini-guide-entry-renderer
10:10:06 [TestNG-test-Yt Master Tests-3] INFO  verifyingSideMenuCollapsedLangAsInSettings_10-09-24 - [verifyingSideMenuCollapsedLangAsInSettings_10-09-24] Found 4 ready elements (attempt 1): By.xpath: //ytd-mini-guide-renderer[@class='style-scope ytd-app']//ytd-mini-guide-entry-renderer
10:10:06 [TestNG-test-Yt Master Tests-3] INFO  verifyingSideMenuCollapsedLangAsInSettings_10-09-24 - Clicking settings ellipses button...
10:10:06 [TestNG-test-Yt Master Tests-3] INFO  verifyingSideMenuCollapsedLangAsInSettings_10-09-24 - [verifyingSideMenuCollapsedLangAsInSettings_10-09-24] Trying to find element: By.xpath: //ytd-topbar-menu-button-renderer[@class='style-scope ytd-masthead style-default']
10:10:06 [TestNG-test-Yt Master Tests-3] INFO  verifyingSideMenuCollapsedLangAsInSettings_10-09-24 - [verifyingSideMenuCollapsedLangAsInSettings_10-09-24] Element found and ready (attempt 1): By.xpath: //ytd-topbar-menu-button-renderer[@class='style-scope ytd-masthead style-default']
10:10:06 [TestNG-test-Yt Master Tests-3] INFO  verifyingSideMenuCollapsedLangAsInSettings_10-09-24 - Clicking language dropdown...
10:10:06 [TestNG-test-Yt Master Tests-3] INFO  verifyingSideMenuCollapsedLangAsInSettings_10-09-24 - [verifyingSideMenuCollapsedLangAsInSettings_10-09-24] Trying to find element: By.xpath: (//div[@id='content-icon'])[2]
10:10:07 [TestNG-test-Yt Master Tests-3] INFO  verifyingSideMenuCollapsedLangAsInSettings_10-09-24 - [verifyingSideMenuCollapsedLangAsInSettings_10-09-24] Element found and ready (attempt 1): By.xpath: (//div[@id='content-icon'])[2]
10:10:07 [TestNG-test-Yt Master Tests-3] INFO  verifyingSideMenuCollapsedLangAsInSettings_10-09-24 - Looking for language element with name: Bosanski
10:10:07 [TestNG-test-Yt Master Tests-3] INFO  verifyingSideMenuCollapsedLangAsInSettings_10-09-24 - [verifyingSideMenuCollapsedLangAsInSettings_10-09-24] Trying to find element: By.xpath: //yt-multi-page-menu-section-renderer[@class='style-scope ytd-multi-page-menu-renderer']//yt-formatted-string[@id='label' and text()='Bosanski']
10:10:08 [TestNG-test-Yt Master Tests-3] INFO  verifyingSideMenuCollapsedLangAsInSettings_10-09-24 - [verifyingSideMenuCollapsedLangAsInSettings_10-09-24] Element found and ready (attempt 1): By.xpath: //yt-multi-page-menu-section-renderer[@class='style-scope ytd-multi-page-menu-renderer']//yt-formatted-string[@id='label' and text()='Bosanski']
10:10:08 [TestNG-test-Yt Master Tests-3] INFO  verifyingSideMenuCollapsedLangAsInSettings_10-09-24 - [verifyingSideMenuCollapsedLangAsInSettings_10-09-24] Trying to find element: By.xpath: //yt-multi-page-menu-section-renderer[@class='style-scope ytd-multi-page-menu-renderer']//yt-formatted-string[@id='label' and text()='Bosanski']
10:10:08 [TestNG-test-Yt Master Tests-3] INFO  verifyingSideMenuCollapsedLangAsInSettings_10-09-24 - [verifyingSideMenuCollapsedLangAsInSettings_10-09-24] Element found and ready (attempt 1): By.xpath: //yt-multi-page-menu-section-renderer[@class='style-scope ytd-multi-page-menu-renderer']//yt-formatted-string[@id='label' and text()='Bosanski']
10:10:10 [TestNG-test-Yt Master Tests-3] INFO  verifyingSideMenuCollapsedLangAsInSettings_10-09-24 - Clicking settings ellipses button...
10:10:10 [TestNG-test-Yt Master Tests-3] INFO  verifyingSideMenuCollapsedLangAsInSettings_10-09-24 - [verifyingSideMenuCollapsedLangAsInSettings_10-09-24] Trying to find element: By.xpath: //ytd-topbar-menu-button-renderer[@class='style-scope ytd-masthead style-default']
10:10:10 [TestNG-test-Yt Master Tests-3] INFO  verifyingSideMenuCollapsedLangAsInSettings_10-09-24 - [verifyingSideMenuCollapsedLangAsInSettings_10-09-24] Element found and ready (attempt 1): By.xpath: //ytd-topbar-menu-button-renderer[@class='style-scope ytd-masthead style-default']
10:10:10 [TestNG-test-Yt Master Tests-3] INFO  verifyingSideMenuCollapsedLangAsInSettings_10-09-24 - [verifyingSideMenuCollapsedLangAsInSettings_10-09-24] Waiting until element is visible in viewport
10:10:12 [TestNG-test-Yt Master Tests-3] INFO  verifyingSideMenuCollapsedLangAsInSettings_10-09-24 - Clicking settings ellipses button...
10:10:12 [TestNG-test-Yt Master Tests-3] INFO  verifyingSideMenuCollapsedLangAsInSettings_10-09-24 - [verifyingSideMenuCollapsedLangAsInSettings_10-09-24] Trying to find element: By.xpath: //ytd-topbar-menu-button-renderer[@class='style-scope ytd-masthead style-default']
10:10:12 [TestNG-test-Yt Master Tests-3] INFO  verifyingSideMenuCollapsedLangAsInSettings_10-09-24 - [verifyingSideMenuCollapsedLangAsInSettings_10-09-24] Element found and ready (attempt 1): By.xpath: //ytd-topbar-menu-button-renderer[@class='style-scope ytd-masthead style-default']
10:10:12 [TestNG-test-Yt Master Tests-3] INFO  verifyingSideMenuCollapsedLangAsInSettings_10-09-24 - getLangAttribute() - locating <html> and reading lang property
10:10:12 [TestNG-test-Yt Master Tests-3] INFO  verifyingSideMenuCollapsedLangAsInSettings_10-09-24 - Language attribute read: bs-Latn-BA
10:10:12 [TestNG-test-Yt Master Tests-3] INFO  verifyingSideMenuCollapsedLangAsInSettings_10-09-24 - Fetching the side menu in collapsed view
10:10:12 [TestNG-test-Yt Master Tests-3] INFO  verifyingSideMenuCollapsedLangAsInSettings_10-09-24 - [verifyingSideMenuCollapsedLangAsInSettings_10-09-24] Finding elements list: By.xpath: //ytd-mini-guide-renderer[@class='style-scope ytd-app']//ytd-mini-guide-entry-renderer
10:10:13 [TestNG-test-Yt Master Tests-3] INFO  verifyingSideMenuCollapsedLangAsInSettings_10-09-24 - [verifyingSideMenuCollapsedLangAsInSettings_10-09-24] Found 4 ready elements (attempt 1): By.xpath: //ytd-mini-guide-renderer[@class='style-scope ytd-app']//ytd-mini-guide-entry-renderer
10:10:13 [TestNG-test-Yt Master Tests-3] INFO  verifyingSideMenuCollapsedLangAsInSettings_10-09-24 - Clicking settings ellipses button...
10:10:13 [TestNG-test-Yt Master Tests-3] INFO  verifyingSideMenuCollapsedLangAsInSettings_10-09-24 - [verifyingSideMenuCollapsedLangAsInSettings_10-09-24] Trying to find element: By.xpath: //ytd-topbar-menu-button-renderer[@class='style-scope ytd-masthead style-default']
10:10:13 [TestNG-test-Yt Master Tests-3] INFO  verifyingSideMenuCollapsedLangAsInSettings_10-09-24 - [verifyingSideMenuCollapsedLangAsInSettings_10-09-24] Element found and ready (attempt 1): By.xpath: //ytd-topbar-menu-button-renderer[@class='style-scope ytd-masthead style-default']
10:10:13 [TestNG-test-Yt Master Tests-3] INFO  verifyingSideMenuCollapsedLangAsInSettings_10-09-24 - Clicking language dropdown...
10:10:13 [TestNG-test-Yt Master Tests-3] INFO  verifyingSideMenuCollapsedLangAsInSettings_10-09-24 - [verifyingSideMenuCollapsedLangAsInSettings_10-09-24] Trying to find element: By.xpath: (//div[@id='content-icon'])[2]
10:10:14 [TestNG-test-Yt Master Tests-3] INFO  verifyingSideMenuCollapsedLangAsInSettings_10-09-24 - [verifyingSideMenuCollapsedLangAsInSettings_10-09-24] Element found and ready (attempt 1): By.xpath: (//div[@id='content-icon'])[2]
10:10:14 [TestNG-test-Yt Master Tests-3] INFO  verifyingSideMenuCollapsedLangAsInSettings_10-09-24 - Looking for language element with name: Català
10:10:14 [TestNG-test-Yt Master Tests-3] INFO  verifyingSideMenuCollapsedLangAsInSettings_10-09-24 - [verifyingSideMenuCollapsedLangAsInSettings_10-09-24] Trying to find element: By.xpath: //yt-multi-page-menu-section-renderer[@class='style-scope ytd-multi-page-menu-renderer']//yt-formatted-string[@id='label' and text()='Català']
10:10:15 [TestNG-test-Yt Master Tests-3] INFO  verifyingSideMenuCollapsedLangAsInSettings_10-09-24 - [verifyingSideMenuCollapsedLangAsInSettings_10-09-24] Element found and ready (attempt 1): By.xpath: //yt-multi-page-menu-section-renderer[@class='style-scope ytd-multi-page-menu-renderer']//yt-formatted-string[@id='label' and text()='Català']
10:10:15 [TestNG-test-Yt Master Tests-3] INFO  verifyingSideMenuCollapsedLangAsInSettings_10-09-24 - [verifyingSideMenuCollapsedLangAsInSettings_10-09-24] Trying to find element: By.xpath: //yt-multi-page-menu-section-renderer[@class='style-scope ytd-multi-page-menu-renderer']//yt-formatted-string[@id='label' and text()='Català']
10:10:15 [TestNG-test-Yt Master Tests-3] INFO  verifyingSideMenuCollapsedLangAsInSettings_10-09-24 - [verifyingSideMenuCollapsedLangAsInSettings_10-09-24] Element found and ready (attempt 1): By.xpath: //yt-multi-page-menu-section-renderer[@class='style-scope ytd-multi-page-menu-renderer']//yt-formatted-string[@id='label' and text()='Català']
10:10:17 [TestNG-test-Yt Master Tests-3] INFO  verifyingSideMenuCollapsedLangAsInSettings_10-09-24 - Clicking settings ellipses button...
10:10:17 [TestNG-test-Yt Master Tests-3] INFO  verifyingSideMenuCollapsedLangAsInSettings_10-09-24 - [verifyingSideMenuCollapsedLangAsInSettings_10-09-24] Trying to find element: By.xpath: //ytd-topbar-menu-button-renderer[@class='style-scope ytd-masthead style-default']
10:10:17 [TestNG-test-Yt Master Tests-3] INFO  verifyingSideMenuCollapsedLangAsInSettings_10-09-24 - [verifyingSideMenuCollapsedLangAsInSettings_10-09-24] Element found and ready (attempt 1): By.xpath: //ytd-topbar-menu-button-renderer[@class='style-scope ytd-masthead style-default']
10:10:18 [TestNG-test-Yt Master Tests-3] INFO  verifyingSideMenuCollapsedLangAsInSettings_10-09-24 - [verifyingSideMenuCollapsedLangAsInSettings_10-09-24] Waiting until element is visible in viewport
10:10:19 [TestNG-test-Yt Master Tests-3] INFO  verifyingSideMenuCollapsedLangAsInSettings_10-09-24 - Clicking settings ellipses button...
10:10:19 [TestNG-test-Yt Master Tests-3] INFO  verifyingSideMenuCollapsedLangAsInSettings_10-09-24 - [verifyingSideMenuCollapsedLangAsInSettings_10-09-24] Trying to find element: By.xpath: //ytd-topbar-menu-button-renderer[@class='style-scope ytd-masthead style-default']
10:10:19 [TestNG-test-Yt Master Tests-3] INFO  verifyingSideMenuCollapsedLangAsInSettings_10-09-24 - [verifyingSideMenuCollapsedLangAsInSettings_10-09-24] Element found and ready (attempt 1): By.xpath: //ytd-topbar-menu-button-renderer[@class='style-scope ytd-masthead style-default']
10:10:19 [TestNG-test-Yt Master Tests-3] INFO  verifyingSideMenuCollapsedLangAsInSettings_10-09-24 - getLangAttribute() - locating <html> and reading lang property
10:10:19 [TestNG-test-Yt Master Tests-3] INFO  verifyingSideMenuCollapsedLangAsInSettings_10-09-24 - Language attribute read: ca-ES
10:10:19 [TestNG-test-Yt Master Tests-3] INFO  verifyingSideMenuCollapsedLangAsInSettings_10-09-24 - Fetching the side menu in collapsed view
10:10:19 [TestNG-test-Yt Master Tests-3] INFO  verifyingSideMenuCollapsedLangAsInSettings_10-09-24 - [verifyingSideMenuCollapsedLangAsInSettings_10-09-24] Finding elements list: By.xpath: //ytd-mini-guide-renderer[@class='style-scope ytd-app']//ytd-mini-guide-entry-renderer
10:10:19 [TestNG-test-Yt Master Tests-3] INFO  verifyingSideMenuCollapsedLangAsInSettings_10-09-24 - [verifyingSideMenuCollapsedLangAsInSettings_10-09-24] Found 4 ready elements (attempt 1): By.xpath: //ytd-mini-guide-renderer[@class='style-scope ytd-app']//ytd-mini-guide-entry-renderer
10:10:19 [TestNG-test-Yt Master Tests-3] INFO  verifyingSideMenuCollapsedLangAsInSettings_10-09-24 - Clicking settings ellipses button...
10:10:20 [TestNG-test-Yt Master Tests-3] INFO  verifyingSideMenuCollapsedLangAsInSettings_10-09-24 - [verifyingSideMenuCollapsedLangAsInSettings_10-09-24] Trying to find element: By.xpath: //ytd-topbar-menu-button-renderer[@class='style-scope ytd-masthead style-default']
10:10:20 [TestNG-test-Yt Master Tests-3] INFO  verifyingSideMenuCollapsedLangAsInSettings_10-09-24 - [verifyingSideMenuCollapsedLangAsInSettings_10-09-24] Element found and ready (attempt 1): By.xpath: //ytd-topbar-menu-button-renderer[@class='style-scope ytd-masthead style-default']
10:10:20 [TestNG-test-Yt Master Tests-3] INFO  verifyingSideMenuCollapsedLangAsInSettings_10-09-24 - Clicking language dropdown...
10:10:20 [TestNG-test-Yt Master Tests-3] INFO  verifyingSideMenuCollapsedLangAsInSettings_10-09-24 - [verifyingSideMenuCollapsedLangAsInSettings_10-09-24] Trying to find element: By.xpath: (//div[@id='content-icon'])[2]
10:10:20 [TestNG-test-Yt Master Tests-3] INFO  verifyingSideMenuCollapsedLangAsInSettings_10-09-24 - [verifyingSideMenuCollapsedLangAsInSettings_10-09-24] Element found and ready (attempt 1): By.xpath: (//div[@id='content-icon'])[2]
10:10:21 [TestNG-test-Yt Master Tests-3] INFO  verifyingSideMenuCollapsedLangAsInSettings_10-09-24 - Looking for language element with name: Dansk
10:10:21 [TestNG-test-Yt Master Tests-3] INFO  verifyingSideMenuCollapsedLangAsInSettings_10-09-24 - [verifyingSideMenuCollapsedLangAsInSettings_10-09-24] Trying to find element: By.xpath: //yt-multi-page-menu-section-renderer[@class='style-scope ytd-multi-page-menu-renderer']//yt-formatted-string[@id='label' and text()='Dansk']
10:10:21 [TestNG-test-Yt Master Tests-3] INFO  verifyingSideMenuCollapsedLangAsInSettings_10-09-24 - [verifyingSideMenuCollapsedLangAsInSettings_10-09-24] Element found and ready (attempt 1): By.xpath: //yt-multi-page-menu-section-renderer[@class='style-scope ytd-multi-page-menu-renderer']//yt-formatted-string[@id='label' and text()='Dansk']
10:10:21 [TestNG-test-Yt Master Tests-3] INFO  verifyingSideMenuCollapsedLangAsInSettings_10-09-24 - [verifyingSideMenuCollapsedLangAsInSettings_10-09-24] Trying to find element: By.xpath: //yt-multi-page-menu-section-renderer[@class='style-scope ytd-multi-page-menu-renderer']//yt-formatted-string[@id='label' and text()='Dansk']
10:10:21 [TestNG-test-Yt Master Tests-3] INFO  verifyingSideMenuCollapsedLangAsInSettings_10-09-24 - [verifyingSideMenuCollapsedLangAsInSettings_10-09-24] Element found and ready (attempt 1): By.xpath: //yt-multi-page-menu-section-renderer[@class='style-scope ytd-multi-page-menu-renderer']//yt-formatted-string[@id='label' and text()='Dansk']
10:10:23 [TestNG-test-Yt Master Tests-3] INFO  verifyingSideMenuCollapsedLangAsInSettings_10-09-24 - Clicking settings ellipses button...
10:10:23 [TestNG-test-Yt Master Tests-3] INFO  verifyingSideMenuCollapsedLangAsInSettings_10-09-24 - [verifyingSideMenuCollapsedLangAsInSettings_10-09-24] Trying to find element: By.xpath: //ytd-topbar-menu-button-renderer[@class='style-scope ytd-masthead style-default']
10:10:23 [TestNG-test-Yt Master Tests-3] INFO  verifyingSideMenuCollapsedLangAsInSettings_10-09-24 - [verifyingSideMenuCollapsedLangAsInSettings_10-09-24] Element found and ready (attempt 1): By.xpath: //ytd-topbar-menu-button-renderer[@class='style-scope ytd-masthead style-default']
10:10:24 [TestNG-test-Yt Master Tests-3] INFO  verifyingSideMenuCollapsedLangAsInSettings_10-09-24 - [verifyingSideMenuCollapsedLangAsInSettings_10-09-24] Waiting until element is visible in viewport
10:10:25 [TestNG-test-Yt Master Tests-3] INFO  verifyingSideMenuCollapsedLangAsInSettings_10-09-24 - Clicking settings ellipses button...
10:10:25 [TestNG-test-Yt Master Tests-3] INFO  verifyingSideMenuCollapsedLangAsInSettings_10-09-24 - [verifyingSideMenuCollapsedLangAsInSettings_10-09-24] Trying to find element: By.xpath: //ytd-topbar-menu-button-renderer[@class='style-scope ytd-masthead style-default']
10:10:25 [TestNG-test-Yt Master Tests-3] INFO  verifyingSideMenuCollapsedLangAsInSettings_10-09-24 - [verifyingSideMenuCollapsedLangAsInSettings_10-09-24] Element found and ready (attempt 1): By.xpath: //ytd-topbar-menu-button-renderer[@class='style-scope ytd-masthead style-default']
10:10:25 [TestNG-test-Yt Master Tests-3] INFO  verifyingSideMenuCollapsedLangAsInSettings_10-09-24 - getLangAttribute() - locating <html> and reading lang property
10:10:25 [TestNG-test-Yt Master Tests-3] INFO  verifyingSideMenuCollapsedLangAsInSettings_10-09-24 - Language attribute read: da-DK
10:10:25 [TestNG-test-Yt Master Tests-3] INFO  verifyingSideMenuCollapsedLangAsInSettings_10-09-24 - Fetching the side menu in collapsed view
10:10:25 [TestNG-test-Yt Master Tests-3] INFO  verifyingSideMenuCollapsedLangAsInSettings_10-09-24 - [verifyingSideMenuCollapsedLangAsInSettings_10-09-24] Finding elements list: By.xpath: //ytd-mini-guide-renderer[@class='style-scope ytd-app']//ytd-mini-guide-entry-renderer
10:10:25 [TestNG-test-Yt Master Tests-3] INFO  verifyingSideMenuCollapsedLangAsInSettings_10-09-24 - [verifyingSideMenuCollapsedLangAsInSettings_10-09-24] Found 4 ready elements (attempt 1): By.xpath: //ytd-mini-guide-renderer[@class='style-scope ytd-app']//ytd-mini-guide-entry-renderer
10:10:26 [TestNG-test-Yt Master Tests-3] INFO  verifyingSideMenuCollapsedLangAsInSettings_10-09-24 - Clicking settings ellipses button...
10:10:26 [TestNG-test-Yt Master Tests-3] INFO  verifyingSideMenuCollapsedLangAsInSettings_10-09-24 - [verifyingSideMenuCollapsedLangAsInSettings_10-09-24] Trying to find element: By.xpath: //ytd-topbar-menu-button-renderer[@class='style-scope ytd-masthead style-default']
10:10:26 [TestNG-test-Yt Master Tests-3] INFO  verifyingSideMenuCollapsedLangAsInSettings_10-09-24 - [verifyingSideMenuCollapsedLangAsInSettings_10-09-24] Element found and ready (attempt 1): By.xpath: //ytd-topbar-menu-button-renderer[@class='style-scope ytd-masthead style-default']
10:10:26 [TestNG-test-Yt Master Tests-3] INFO  verifyingSideMenuCollapsedLangAsInSettings_10-09-24 - Clicking language dropdown...
10:10:26 [TestNG-test-Yt Master Tests-3] INFO  verifyingSideMenuCollapsedLangAsInSettings_10-09-24 - [verifyingSideMenuCollapsedLangAsInSettings_10-09-24] Trying to find element: By.xpath: (//div[@id='content-icon'])[2]
10:10:27 [TestNG-test-Yt Master Tests-3] INFO  verifyingSideMenuCollapsedLangAsInSettings_10-09-24 - [verifyingSideMenuCollapsedLangAsInSettings_10-09-24] Element found and ready (attempt 1): By.xpath: (//div[@id='content-icon'])[2]
10:10:27 [TestNG-test-Yt Master Tests-3] INFO  verifyingSideMenuCollapsedLangAsInSettings_10-09-24 - Looking for language element with name: Deutsch
10:10:27 [TestNG-test-Yt Master Tests-3] INFO  verifyingSideMenuCollapsedLangAsInSettings_10-09-24 - [verifyingSideMenuCollapsedLangAsInSettings_10-09-24] Trying to find element: By.xpath: //yt-multi-page-menu-section-renderer[@class='style-scope ytd-multi-page-menu-renderer']//yt-formatted-string[@id='label' and text()='Deutsch']
10:10:27 [TestNG-test-Yt Master Tests-3] INFO  verifyingSideMenuCollapsedLangAsInSettings_10-09-24 - [verifyingSideMenuCollapsedLangAsInSettings_10-09-24] Element found and ready (attempt 1): By.xpath: //yt-multi-page-menu-section-renderer[@class='style-scope ytd-multi-page-menu-renderer']//yt-formatted-string[@id='label' and text()='Deutsch']
10:10:27 [TestNG-test-Yt Master Tests-3] INFO  verifyingSideMenuCollapsedLangAsInSettings_10-09-24 - [verifyingSideMenuCollapsedLangAsInSettings_10-09-24] Trying to find element: By.xpath: //yt-multi-page-menu-section-renderer[@class='style-scope ytd-multi-page-menu-renderer']//yt-formatted-string[@id='label' and text()='Deutsch']
10:10:27 [TestNG-test-Yt Master Tests-3] INFO  verifyingSideMenuCollapsedLangAsInSettings_10-09-24 - [verifyingSideMenuCollapsedLangAsInSettings_10-09-24] Element found and ready (attempt 1): By.xpath: //yt-multi-page-menu-section-renderer[@class='style-scope ytd-multi-page-menu-renderer']//yt-formatted-string[@id='label' and text()='Deutsch']
10:10:30 [TestNG-test-Yt Master Tests-3] INFO  verifyingSideMenuCollapsedLangAsInSettings_10-09-24 - Clicking settings ellipses button...
10:10:30 [TestNG-test-Yt Master Tests-3] INFO  verifyingSideMenuCollapsedLangAsInSettings_10-09-24 - [verifyingSideMenuCollapsedLangAsInSettings_10-09-24] Trying to find element: By.xpath: //ytd-topbar-menu-button-renderer[@class='style-scope ytd-masthead style-default']
10:10:30 [TestNG-test-Yt Master Tests-3] INFO  verifyingSideMenuCollapsedLangAsInSettings_10-09-24 - [verifyingSideMenuCollapsedLangAsInSettings_10-09-24] Element found and ready (attempt 1): By.xpath: //ytd-topbar-menu-button-renderer[@class='style-scope ytd-masthead style-default']
10:10:31 [TestNG-test-Yt Master Tests-3] INFO  verifyingSideMenuCollapsedLangAsInSettings_10-09-24 - [verifyingSideMenuCollapsedLangAsInSettings_10-09-24] Waiting until element is visible in viewport
10:10:31 [TestNG-test-Yt Master Tests-3] INFO  verifyingSideMenuCollapsedLangAsInSettings_10-09-24 - Clicking settings ellipses button...
10:10:31 [TestNG-test-Yt Master Tests-3] INFO  verifyingSideMenuCollapsedLangAsInSettings_10-09-24 - [verifyingSideMenuCollapsedLangAsInSettings_10-09-24] Trying to find element: By.xpath: //ytd-topbar-menu-button-renderer[@class='style-scope ytd-masthead style-default']
10:10:31 [TestNG-test-Yt Master Tests-3] INFO  verifyingSideMenuCollapsedLangAsInSettings_10-09-24 - [verifyingSideMenuCollapsedLangAsInSettings_10-09-24] Element found and ready (attempt 1): By.xpath: //ytd-topbar-menu-button-renderer[@class='style-scope ytd-masthead style-default']
10:10:32 [TestNG-test-Yt Master Tests-3] INFO  verifyingSideMenuCollapsedLangAsInSettings_10-09-24 - getLangAttribute() - locating <html> and reading lang property
10:10:32 [TestNG-test-Yt Master Tests-3] INFO  verifyingSideMenuCollapsedLangAsInSettings_10-09-24 - Language attribute read: de-DE
10:10:32 [TestNG-test-Yt Master Tests-3] INFO  verifyingSideMenuCollapsedLangAsInSettings_10-09-24 - Fetching the side menu in collapsed view
10:10:32 [TestNG-test-Yt Master Tests-3] INFO  verifyingSideMenuCollapsedLangAsInSettings_10-09-24 - [verifyingSideMenuCollapsedLangAsInSettings_10-09-24] Finding elements list: By.xpath: //ytd-mini-guide-renderer[@class='style-scope ytd-app']//ytd-mini-guide-entry-renderer
10:10:32 [TestNG-test-Yt Master Tests-3] INFO  verifyingSideMenuCollapsedLangAsInSettings_10-09-24 - [verifyingSideMenuCollapsedLangAsInSettings_10-09-24] Found 4 ready elements (attempt 1): By.xpath: //ytd-mini-guide-renderer[@class='style-scope ytd-app']//ytd-mini-guide-entry-renderer
10:10:32 [TestNG-test-Yt Master Tests-3] INFO  verifyingSideMenuCollapsedLangAsInSettings_10-09-24 - Clicking settings ellipses button...
10:10:32 [TestNG-test-Yt Master Tests-3] INFO  verifyingSideMenuCollapsedLangAsInSettings_10-09-24 - [verifyingSideMenuCollapsedLangAsInSettings_10-09-24] Trying to find element: By.xpath: //ytd-topbar-menu-button-renderer[@class='style-scope ytd-masthead style-default']
10:10:32 [TestNG-test-Yt Master Tests-3] INFO  verifyingSideMenuCollapsedLangAsInSettings_10-09-24 - [verifyingSideMenuCollapsedLangAsInSettings_10-09-24] Element found and ready (attempt 1): By.xpath: //ytd-topbar-menu-button-renderer[@class='style-scope ytd-masthead style-default']
10:10:32 [TestNG-test-Yt Master Tests-3] INFO  verifyingSideMenuCollapsedLangAsInSettings_10-09-24 - Clicking language dropdown...
10:10:32 [TestNG-test-Yt Master Tests-3] INFO  verifyingSideMenuCollapsedLangAsInSettings_10-09-24 - [verifyingSideMenuCollapsedLangAsInSettings_10-09-24] Trying to find element: By.xpath: (//div[@id='content-icon'])[2]
10:10:33 [TestNG-test-Yt Master Tests-3] INFO  verifyingSideMenuCollapsedLangAsInSettings_10-09-24 - [verifyingSideMenuCollapsedLangAsInSettings_10-09-24] Element found and ready (attempt 1): By.xpath: (//div[@id='content-icon'])[2]
10:10:34 [TestNG-test-Yt Master Tests-3] INFO  verifyingSideMenuCollapsedLangAsInSettings_10-09-24 - Looking for language element with name: Eesti
10:10:34 [TestNG-test-Yt Master Tests-3] INFO  verifyingSideMenuCollapsedLangAsInSettings_10-09-24 - [verifyingSideMenuCollapsedLangAsInSettings_10-09-24] Trying to find element: By.xpath: //yt-multi-page-menu-section-renderer[@class='style-scope ytd-multi-page-menu-renderer']//yt-formatted-string[@id='label' and text()='Eesti']
10:10:34 [TestNG-test-Yt Master Tests-3] INFO  verifyingSideMenuCollapsedLangAsInSettings_10-09-24 - [verifyingSideMenuCollapsedLangAsInSettings_10-09-24] Element found and ready (attempt 1): By.xpath: //yt-multi-page-menu-section-renderer[@class='style-scope ytd-multi-page-menu-renderer']//yt-formatted-string[@id='label' and text()='Eesti']
10:10:34 [TestNG-test-Yt Master Tests-3] INFO  verifyingSideMenuCollapsedLangAsInSettings_10-09-24 - [verifyingSideMenuCollapsedLangAsInSettings_10-09-24] Trying to find element: By.xpath: //yt-multi-page-menu-section-renderer[@class='style-scope ytd-multi-page-menu-renderer']//yt-formatted-string[@id='label' and text()='Eesti']
10:10:34 [TestNG-test-Yt Master Tests-3] INFO  verifyingSideMenuCollapsedLangAsInSettings_10-09-24 - [verifyingSideMenuCollapsedLangAsInSettings_10-09-24] Element found and ready (attempt 1): By.xpath: //yt-multi-page-menu-section-renderer[@class='style-scope ytd-multi-page-menu-renderer']//yt-formatted-string[@id='label' and text()='Eesti']
10:10:36 [TestNG-test-Yt Master Tests-3] INFO  verifyingSideMenuCollapsedLangAsInSettings_10-09-24 - Clicking settings ellipses button...
10:10:36 [TestNG-test-Yt Master Tests-3] INFO  verifyingSideMenuCollapsedLangAsInSettings_10-09-24 - [verifyingSideMenuCollapsedLangAsInSettings_10-09-24] Trying to find element: By.xpath: //ytd-topbar-menu-button-renderer[@class='style-scope ytd-masthead style-default']
10:10:37 [TestNG-test-Yt Master Tests-3] INFO  verifyingSideMenuCollapsedLangAsInSettings_10-09-24 - [verifyingSideMenuCollapsedLangAsInSettings_10-09-24] Element found and ready (attempt 1): By.xpath: //ytd-topbar-menu-button-renderer[@class='style-scope ytd-masthead style-default']
10:10:37 [TestNG-test-Yt Master Tests-3] INFO  verifyingSideMenuCollapsedLangAsInSettings_10-09-24 - [verifyingSideMenuCollapsedLangAsInSettings_10-09-24] Waiting until element is visible in viewport
10:10:38 [TestNG-test-Yt Master Tests-3] INFO  verifyingSideMenuCollapsedLangAsInSettings_10-09-24 - Clicking settings ellipses button...
10:10:38 [TestNG-test-Yt Master Tests-3] INFO  verifyingSideMenuCollapsedLangAsInSettings_10-09-24 - [verifyingSideMenuCollapsedLangAsInSettings_10-09-24] Trying to find element: By.xpath: //ytd-topbar-menu-button-renderer[@class='style-scope ytd-masthead style-default']
10:10:38 [TestNG-test-Yt Master Tests-3] INFO  verifyingSideMenuCollapsedLangAsInSettings_10-09-24 - [verifyingSideMenuCollapsedLangAsInSettings_10-09-24] Element found and ready (attempt 1): By.xpath: //ytd-topbar-menu-button-renderer[@class='style-scope ytd-masthead style-default']
10:10:38 [TestNG-test-Yt Master Tests-3] INFO  verifyingSideMenuCollapsedLangAsInSettings_10-09-24 - getLangAttribute() - locating <html> and reading lang property
10:10:38 [TestNG-test-Yt Master Tests-3] INFO  verifyingSideMenuCollapsedLangAsInSettings_10-09-24 - Language attribute read: et-EE
10:10:38 [TestNG-test-Yt Master Tests-3] INFO  verifyingSideMenuCollapsedLangAsInSettings_10-09-24 - Fetching the side menu in collapsed view
10:10:38 [TestNG-test-Yt Master Tests-3] INFO  verifyingSideMenuCollapsedLangAsInSettings_10-09-24 - [verifyingSideMenuCollapsedLangAsInSettings_10-09-24] Finding elements list: By.xpath: //ytd-mini-guide-renderer[@class='style-scope ytd-app']//ytd-mini-guide-entry-renderer
10:10:38 [TestNG-test-Yt Master Tests-3] INFO  verifyingSideMenuCollapsedLangAsInSettings_10-09-24 - [verifyingSideMenuCollapsedLangAsInSettings_10-09-24] Found 4 ready elements (attempt 1): By.xpath: //ytd-mini-guide-renderer[@class='style-scope ytd-app']//ytd-mini-guide-entry-renderer
10:10:39 [TestNG-test-Yt Master Tests-3] INFO  verifyingSideMenuCollapsedLangAsInSettings_10-09-24 - Clicking settings ellipses button...
10:10:39 [TestNG-test-Yt Master Tests-3] INFO  verifyingSideMenuCollapsedLangAsInSettings_10-09-24 - [verifyingSideMenuCollapsedLangAsInSettings_10-09-24] Trying to find element: By.xpath: //ytd-topbar-menu-button-renderer[@class='style-scope ytd-masthead style-default']
10:10:39 [TestNG-test-Yt Master Tests-3] INFO  verifyingSideMenuCollapsedLangAsInSettings_10-09-24 - [verifyingSideMenuCollapsedLangAsInSettings_10-09-24] Element found and ready (attempt 1): By.xpath: //ytd-topbar-menu-button-renderer[@class='style-scope ytd-masthead style-default']
10:10:39 [TestNG-test-Yt Master Tests-3] INFO  verifyingSideMenuCollapsedLangAsInSettings_10-09-24 - Clicking language dropdown...
10:10:39 [TestNG-test-Yt Master Tests-3] INFO  verifyingSideMenuCollapsedLangAsInSettings_10-09-24 - [verifyingSideMenuCollapsedLangAsInSettings_10-09-24] Trying to find element: By.xpath: (//div[@id='content-icon'])[2]
10:10:39 [TestNG-test-Yt Master Tests-3] INFO  verifyingSideMenuCollapsedLangAsInSettings_10-09-24 - [verifyingSideMenuCollapsedLangAsInSettings_10-09-24] Element found and ready (attempt 1): By.xpath: (//div[@id='content-icon'])[2]
10:10:40 [TestNG-test-Yt Master Tests-3] INFO  verifyingSideMenuCollapsedLangAsInSettings_10-09-24 - Looking for language element with name: English (India)
10:10:40 [TestNG-test-Yt Master Tests-3] INFO  verifyingSideMenuCollapsedLangAsInSettings_10-09-24 - [verifyingSideMenuCollapsedLangAsInSettings_10-09-24] Trying to find element: By.xpath: //yt-multi-page-menu-section-renderer[@class='style-scope ytd-multi-page-menu-renderer']//yt-formatted-string[@id='label' and text()='English (India)']
10:10:40 [TestNG-test-Yt Master Tests-3] INFO  verifyingSideMenuCollapsedLangAsInSettings_10-09-24 - [verifyingSideMenuCollapsedLangAsInSettings_10-09-24] Element found and ready (attempt 1): By.xpath: //yt-multi-page-menu-section-renderer[@class='style-scope ytd-multi-page-menu-renderer']//yt-formatted-string[@id='label' and text()='English (India)']
10:10:40 [TestNG-test-Yt Master Tests-3] INFO  verifyingSideMenuCollapsedLangAsInSettings_10-09-24 - [verifyingSideMenuCollapsedLangAsInSettings_10-09-24] Trying to find element: By.xpath: //yt-multi-page-menu-section-renderer[@class='style-scope ytd-multi-page-menu-renderer']//yt-formatted-string[@id='label' and text()='English (India)']
10:10:40 [TestNG-test-Yt Master Tests-3] INFO  verifyingSideMenuCollapsedLangAsInSettings_10-09-24 - [verifyingSideMenuCollapsedLangAsInSettings_10-09-24] Element found and ready (attempt 1): By.xpath: //yt-multi-page-menu-section-renderer[@class='style-scope ytd-multi-page-menu-renderer']//yt-formatted-string[@id='label' and text()='English (India)']
10:10:43 [TestNG-test-Yt Master Tests-3] INFO  verifyingSideMenuCollapsedLangAsInSettings_10-09-24 - Clicking settings ellipses button...
10:10:43 [TestNG-test-Yt Master Tests-3] INFO  verifyingSideMenuCollapsedLangAsInSettings_10-09-24 - [verifyingSideMenuCollapsedLangAsInSettings_10-09-24] Trying to find element: By.xpath: //ytd-topbar-menu-button-renderer[@class='style-scope ytd-masthead style-default']
10:10:43 [TestNG-test-Yt Master Tests-3] INFO  verifyingSideMenuCollapsedLangAsInSettings_10-09-24 - [verifyingSideMenuCollapsedLangAsInSettings_10-09-24] Element found and ready (attempt 1): By.xpath: //ytd-topbar-menu-button-renderer[@class='style-scope ytd-masthead style-default']
10:10:44 [TestNG-test-Yt Master Tests-3] INFO  verifyingSideMenuCollapsedLangAsInSettings_10-09-24 - [verifyingSideMenuCollapsedLangAsInSettings_10-09-24] Waiting until element is visible in viewport
10:10:45 [TestNG-test-Yt Master Tests-3] INFO  verifyingSideMenuCollapsedLangAsInSettings_10-09-24 - Clicking settings ellipses button...
10:10:45 [TestNG-test-Yt Master Tests-3] INFO  verifyingSideMenuCollapsedLangAsInSettings_10-09-24 - [verifyingSideMenuCollapsedLangAsInSettings_10-09-24] Trying to find element: By.xpath: //ytd-topbar-menu-button-renderer[@class='style-scope ytd-masthead style-default']
10:10:45 [TestNG-test-Yt Master Tests-3] INFO  verifyingSideMenuCollapsedLangAsInSettings_10-09-24 - [verifyingSideMenuCollapsedLangAsInSettings_10-09-24] Element found and ready (attempt 1): By.xpath: //ytd-topbar-menu-button-renderer[@class='style-scope ytd-masthead style-default']
10:10:45 [TestNG-test-Yt Master Tests-3] INFO  verifyingSideMenuCollapsedLangAsInSettings_10-09-24 - getLangAttribute() - locating <html> and reading lang property
10:10:45 [TestNG-test-Yt Master Tests-3] INFO  verifyingSideMenuCollapsedLangAsInSettings_10-09-24 - Language attribute read: en-IN
10:10:45 [TestNG-test-Yt Master Tests-3] INFO  verifyingSideMenuCollapsedLangAsInSettings_10-09-24 - Fetching the side menu in collapsed view
10:10:45 [TestNG-test-Yt Master Tests-3] INFO  verifyingSideMenuCollapsedLangAsInSettings_10-09-24 - [verifyingSideMenuCollapsedLangAsInSettings_10-09-24] Finding elements list: By.xpath: //ytd-mini-guide-renderer[@class='style-scope ytd-app']//ytd-mini-guide-entry-renderer
10:10:45 [TestNG-test-Yt Master Tests-3] INFO  verifyingSideMenuCollapsedLangAsInSettings_10-09-24 - [verifyingSideMenuCollapsedLangAsInSettings_10-09-24] Found 4 ready elements (attempt 1): By.xpath: //ytd-mini-guide-renderer[@class='style-scope ytd-app']//ytd-mini-guide-entry-renderer
10:10:45 [TestNG-test-Yt Master Tests-3] INFO  verifyingSideMenuCollapsedLangAsInSettings_10-09-24 - Clicking settings ellipses button...
10:10:45 [TestNG-test-Yt Master Tests-3] INFO  verifyingSideMenuCollapsedLangAsInSettings_10-09-24 - [verifyingSideMenuCollapsedLangAsInSettings_10-09-24] Trying to find element: By.xpath: //ytd-topbar-menu-button-renderer[@class='style-scope ytd-masthead style-default']
10:10:45 [TestNG-test-Yt Master Tests-3] INFO  verifyingSideMenuCollapsedLangAsInSettings_10-09-24 - [verifyingSideMenuCollapsedLangAsInSettings_10-09-24] Element found and ready (attempt 1): By.xpath: //ytd-topbar-menu-button-renderer[@class='style-scope ytd-masthead style-default']
10:10:45 [TestNG-test-Yt Master Tests-3] INFO  verifyingSideMenuCollapsedLangAsInSettings_10-09-24 - Clicking language dropdown...
10:10:45 [TestNG-test-Yt Master Tests-3] INFO  verifyingSideMenuCollapsedLangAsInSettings_10-09-24 - [verifyingSideMenuCollapsedLangAsInSettings_10-09-24] Trying to find element: By.xpath: (//div[@id='content-icon'])[2]
10:10:46 [TestNG-test-Yt Master Tests-3] INFO  verifyingSideMenuCollapsedLangAsInSettings_10-09-24 - [verifyingSideMenuCollapsedLangAsInSettings_10-09-24] Element found and ready (attempt 1): By.xpath: (//div[@id='content-icon'])[2]
10:10:47 [TestNG-test-Yt Master Tests-3] INFO  verifyingSideMenuCollapsedLangAsInSettings_10-09-24 - [verifyingSideMenuCollapsedLangAsInSettings_10-09-24] Not retrying test 'verifyingSideMenuCollapsedLangAsInSettings'. Retry count: 0, Cause: The following asserts failed:
	Mismatch in the Actual and Expected data for language=Català expected [Inici YouTube Shorts Subscripcions Tu] but found [Inici Shorts Subscripcions Tu]
