2026-03-03 14:30:57.483 [TestNG-test-Yt Master Tests-2] INFO  [verifyingGlobalFilterLandingPage] ===== STARTING TEST: verifyingGlobalFilterLandingPage  | Thread: 35 =====
2026-03-03 14:30:57.512 [TestNG-test-Yt Master Tests-2] INFO  [verifyingGlobalFilterLandingPage] No existing WebDriver found for current thread. Initializing a new ChromeDriver...
2026-03-03 14:30:59.241 [TestNG-test-Yt Master Tests-2] INFO  [verifyingGlobalFilterLandingPage] WebDriverManager: chromedriver setup OK
2026-03-03 14:31:07.807 [TestNG-test-Yt Master Tests-2] INFO  [verifyingGlobalFilterLandingPage] ChromeDriver initialized successfully for thread: 35
2026-03-03 14:31:07.808 [TestNG-test-Yt Master Tests-2] INFO  [verifyingGlobalFilterLandingPage] Driver initialized successfully for test: verifyingGlobalFilterLandingPage
2026-03-03 14:31:07.883 [TestNG-test-Yt Master Tests-2] INFO  [verifyingGlobalFilterLandingPage] SafeActions initialized with driver ChromeDriver: chrome on windows (49c5f46996bc3be6ecd715709059b622)
2026-03-03 14:31:07.884 [TestNG-test-Yt Master Tests-2] INFO  [verifyingGlobalFilterLandingPage] SafeActions initialized with driver ChromeDriver: chrome on windows (49c5f46996bc3be6ecd715709059b622)
2026-03-03 14:31:07.886 [TestNG-test-Yt Master Tests-2] INFO  [verifyingGlobalFilterLandingPage] Initialized YtLandingPage with driver: ChromeDriver: chrome on windows (49c5f46996bc3be6ecd715709059b622)
2026-03-03 14:31:15.786 [TestNG-test-Yt Master Tests-2] INFO  [verifyingGlobalFilterLandingPage] Opened YouTube landing page.
2026-03-03 14:31:15.786 [TestNG-test-Yt Master Tests-2] INFO  [verifyingGlobalFilterLandingPage] Giving input into the search bar with input as  = youtube
2026-03-03 14:31:15.787 [TestNG-test-Yt Master Tests-2] INFO  [verifyingGlobalFilterLandingPage] [verifyingGlobalFilterLandingPage] Trying to click element: By.xpath: //input[@class='ytSearchboxComponentInput yt-searchbox-input title']
2026-03-03 14:31:16.159 [TestNG-test-Yt Master Tests-2] INFO  [verifyingGlobalFilterLandingPage] [verifyingGlobalFilterLandingPage] Clicked successfully (attempt 1): By.xpath: //input[@class='ytSearchboxComponentInput yt-searchbox-input title']
2026-03-03 14:31:16.160 [TestNG-test-Yt Master Tests-2] INFO  [verifyingGlobalFilterLandingPage] [verifyingGlobalFilterLandingPage] Trying to find element: By.xpath: //input[@class='ytSearchboxComponentInput yt-searchbox-input title']
2026-03-03 14:31:16.283 [TestNG-test-Yt Master Tests-2] INFO  [verifyingGlobalFilterLandingPage] [verifyingGlobalFilterLandingPage] Element found and ready (attempt 1): By.xpath: //input[@class='ytSearchboxComponentInput yt-searchbox-input title']
2026-03-03 14:31:16.358 [TestNG-test-Yt Master Tests-2] INFO  [verifyingGlobalFilterLandingPage] clickEnter(By.xpath: //input[@class='ytSearchboxComponentInput yt-searchbox-input title'])
2026-03-03 14:31:16.359 [TestNG-test-Yt Master Tests-2] INFO  [verifyingGlobalFilterLandingPage] [verifyingGlobalFilterLandingPage] Trying to find element: By.xpath: //input[@class='ytSearchboxComponentInput yt-searchbox-input title']
2026-03-03 14:31:17.513 [TestNG-test-Yt Master Tests-2] INFO  [verifyingGlobalFilterLandingPage] [verifyingGlobalFilterLandingPage] Element found and ready (attempt 1): By.xpath: //input[@class='ytSearchboxComponentInput yt-searchbox-input title']
2026-03-03 14:31:17.725 [TestNG-test-Yt Master Tests-2] INFO  [verifyingGlobalFilterLandingPage] Sent ENTER to By.xpath: //input[@class='ytSearchboxComponentInput yt-searchbox-input title']
2026-03-03 14:31:17.725 [TestNG-test-Yt Master Tests-2] INFO  [verifyingGlobalFilterLandingPage] [verifyingGlobalFilterLandingPage] Execution is Not CRON Job Hence refering to normal keys from UtilData
2026-03-03 14:31:17.726 [TestNG-test-Yt Master Tests-2] INFO  [verifyingGlobalFilterLandingPage] Clicking settings ellipses button...
2026-03-03 14:31:17.727 [TestNG-test-Yt Master Tests-2] INFO  [verifyingGlobalFilterLandingPage] [verifyingGlobalFilterLandingPage] Trying to find element: By.xpath: //ytd-topbar-menu-button-renderer[@class='style-scope ytd-masthead style-default']
2026-03-03 14:31:17.994 [TestNG-test-Yt Master Tests-2] INFO  [verifyingGlobalFilterLandingPage] [verifyingGlobalFilterLandingPage] Element found and ready (attempt 1): By.xpath: //ytd-topbar-menu-button-renderer[@class='style-scope ytd-masthead style-default']
2026-03-03 14:31:18.367 [TestNG-test-Yt Master Tests-2] INFO  [verifyingGlobalFilterLandingPage] Clicking language dropdown...
2026-03-03 14:31:18.367 [TestNG-test-Yt Master Tests-2] INFO  [verifyingGlobalFilterLandingPage] [verifyingGlobalFilterLandingPage] Trying to find element: By.xpath: (//div[@id='content-icon'])[2]
2026-03-03 14:31:21.902 [TestNG-test-Yt Master Tests-2] INFO  [verifyingGlobalFilterLandingPage] [verifyingGlobalFilterLandingPage] Element found and ready (attempt 1): By.xpath: (//div[@id='content-icon'])[2]
2026-03-03 14:31:23.188 [TestNG-test-Yt Master Tests-2] INFO  [verifyingGlobalFilterLandingPage] [verifyingGlobalFilterLandingPage] Trying to find element: By.xpath: //yt-multi-page-menu-section-renderer[@class='style-scope ytd-multi-page-menu-renderer']//yt-formatted-string[@id='label' and text()='Afrikaans']
2026-03-03 14:31:23.443 [TestNG-test-Yt Master Tests-2] INFO  [verifyingGlobalFilterLandingPage] [verifyingGlobalFilterLandingPage] Element found and ready (attempt 1): By.xpath: //yt-multi-page-menu-section-renderer[@class='style-scope ytd-multi-page-menu-renderer']//yt-formatted-string[@id='label' and text()='Afrikaans']
2026-03-03 14:31:23.443 [TestNG-test-Yt Master Tests-2] INFO  [verifyingGlobalFilterLandingPage] Looking for language element with name: Afrikaans
2026-03-03 14:31:23.443 [TestNG-test-Yt Master Tests-2] INFO  [verifyingGlobalFilterLandingPage] [verifyingGlobalFilterLandingPage] Within smoothScrollToElement method
2026-03-03 14:31:23.444 [TestNG-test-Yt Master Tests-2] INFO  [verifyingGlobalFilterLandingPage] SafeActions initialized with driver ChromeDriver: chrome on windows (49c5f46996bc3be6ecd715709059b622)
2026-03-03 14:31:23.444 [TestNG-test-Yt Master Tests-2] INFO  [verifyingGlobalFilterLandingPage] [verifyingGlobalFilterLandingPage] Trying to find element: By.xpath: //yt-multi-page-menu-section-renderer[@class='style-scope ytd-multi-page-menu-renderer']//yt-formatted-string[@id='label' and text()='Afrikaans']
2026-03-03 14:31:23.555 [TestNG-test-Yt Master Tests-2] INFO  [verifyingGlobalFilterLandingPage] [verifyingGlobalFilterLandingPage] Element found and ready (attempt 1): By.xpath: //yt-multi-page-menu-section-renderer[@class='style-scope ytd-multi-page-menu-renderer']//yt-formatted-string[@id='label' and text()='Afrikaans']
2026-03-03 14:31:23.599 [TestNG-test-Yt Master Tests-2] INFO  [verifyingGlobalFilterLandingPage] [verifyingGlobalFilterLandingPage] Successfully scrolled to element: By.xpath: //yt-multi-page-menu-section-renderer[@class='style-scope ytd-multi-page-menu-renderer']//yt-formatted-string[@id='label' and text()='Afrikaans']
2026-03-03 14:31:23.600 [TestNG-test-Yt Master Tests-2] INFO  [verifyingGlobalFilterLandingPage] Looking for language element with name: Afrikaans
2026-03-03 14:31:23.600 [TestNG-test-Yt Master Tests-2] INFO  [verifyingGlobalFilterLandingPage] [verifyingGlobalFilterLandingPage] Trying to find element: By.xpath: //yt-multi-page-menu-section-renderer[@class='style-scope ytd-multi-page-menu-renderer']//yt-formatted-string[@id='label' and text()='Afrikaans']
2026-03-03 14:31:23.701 [TestNG-test-Yt Master Tests-2] INFO  [verifyingGlobalFilterLandingPage] [verifyingGlobalFilterLandingPage] Element found and ready (attempt 1): By.xpath: //yt-multi-page-menu-section-renderer[@class='style-scope ytd-multi-page-menu-renderer']//yt-formatted-string[@id='label' and text()='Afrikaans']
2026-03-03 14:31:23.701 [TestNG-test-Yt Master Tests-2] INFO  [verifyingGlobalFilterLandingPage] [verifyingGlobalFilterLandingPage] Trying to find element: By.xpath: //yt-multi-page-menu-section-renderer[@class='style-scope ytd-multi-page-menu-renderer']//yt-formatted-string[@id='label' and text()='Afrikaans']
2026-03-03 14:31:23.798 [TestNG-test-Yt Master Tests-2] INFO  [verifyingGlobalFilterLandingPage] [verifyingGlobalFilterLandingPage] Element found and ready (attempt 1): By.xpath: //yt-multi-page-menu-section-renderer[@class='style-scope ytd-multi-page-menu-renderer']//yt-formatted-string[@id='label' and text()='Afrikaans']
2026-03-03 14:31:26.653 [TestNG-test-Yt Master Tests-2] INFO  [verifyingGlobalFilterLandingPage] Clicking settings ellipses button...
2026-03-03 14:31:26.657 [TestNG-test-Yt Master Tests-2] INFO  [verifyingGlobalFilterLandingPage] [verifyingGlobalFilterLandingPage] Trying to find element: By.xpath: //ytd-topbar-menu-button-renderer[@class='style-scope ytd-masthead style-default']
2026-03-03 14:31:28.889 [TestNG-test-Yt Master Tests-2] INFO  [verifyingGlobalFilterLandingPage] [verifyingGlobalFilterLandingPage] Element found and ready (attempt 1): By.xpath: //ytd-topbar-menu-button-renderer[@class='style-scope ytd-masthead style-default']
2026-03-03 14:31:29.395 [TestNG-test-Yt Master Tests-2] INFO  [verifyingGlobalFilterLandingPage] [verifyingGlobalFilterLandingPage] Waiting until element is visible in viewport
2026-03-03 14:31:29.950 [TestNG-test-Yt Master Tests-2] INFO  [verifyingGlobalFilterLandingPage] [verifyingGlobalFilterLandingPage] Capturing screenshot: Filter Applied is Afrikaans__2026-03-03_143129.jpg
2026-03-03 14:31:30.520 [TestNG-test-Yt Master Tests-2] INFO  [verifyingGlobalFilterLandingPage] [verifyingGlobalFilterLandingPage] Screenshot saved at: test-output/screenshots/Run_2026-03-03_14-30-34/verifyingGlobalFilterLandingPage/Filter Applied is Afrikaans__2026-03-03_143129.jpg
2026-03-03 14:31:30.520 [TestNG-test-Yt Master Tests-2] INFO  [verifyingGlobalFilterLandingPage] Clicking settings ellipses button...
2026-03-03 14:31:30.521 [TestNG-test-Yt Master Tests-2] INFO  [verifyingGlobalFilterLandingPage] [verifyingGlobalFilterLandingPage] Trying to find element: By.xpath: //ytd-topbar-menu-button-renderer[@class='style-scope ytd-masthead style-default']
2026-03-03 14:31:30.608 [TestNG-test-Yt Master Tests-2] INFO  [verifyingGlobalFilterLandingPage] [verifyingGlobalFilterLandingPage] Element found and ready (attempt 1): By.xpath: //ytd-topbar-menu-button-renderer[@class='style-scope ytd-masthead style-default']
2026-03-03 14:31:30.707 [TestNG-test-Yt Master Tests-2] INFO  [verifyingGlobalFilterLandingPage] Clicking on global filter button in landing page..
2026-03-03 14:31:30.708 [TestNG-test-Yt Master Tests-2] INFO  [verifyingGlobalFilterLandingPage] [verifyingGlobalFilterLandingPage] Trying to click element: By.xpath: //div[@id='filter-button']
2026-03-03 14:31:30.972 [TestNG-test-Yt Master Tests-2] INFO  [verifyingGlobalFilterLandingPage] [verifyingGlobalFilterLandingPage] Clicked successfully (attempt 1): By.xpath: //div[@id='filter-button']
2026-03-03 14:31:30.991 [TestNG-test-Yt Master Tests-2] INFO  [verifyingGlobalFilterLandingPage] [verifyingGlobalFilterLandingPage] Waiting until element is visible in viewport
2026-03-03 14:31:31.034 [TestNG-test-Yt Master Tests-2] INFO  [verifyingGlobalFilterLandingPage] [verifyingGlobalFilterLandingPage] Capturing screenshot: Filter Applied is Afrikaans__2026-03-03_143131.jpg
2026-03-03 14:31:31.631 [TestNG-test-Yt Master Tests-2] INFO  [verifyingGlobalFilterLandingPage] [verifyingGlobalFilterLandingPage] Screenshot saved at: test-output/screenshots/Run_2026-03-03_14-30-34/verifyingGlobalFilterLandingPage/Filter Applied is Afrikaans__2026-03-03_143131.jpg
2026-03-03 14:31:31.631 [TestNG-test-Yt Master Tests-2] INFO  [verifyingGlobalFilterLandingPage] Fetching the data from the global filter in landing page
2026-03-03 14:31:31.631 [TestNG-test-Yt Master Tests-2] INFO  [verifyingGlobalFilterLandingPage] [verifyingGlobalFilterLandingPage] Trying to find element: By.xpath: //ytd-search-filter-options-dialog-renderer[@class='style-scope ytd-popup-container']
2026-03-03 14:31:31.729 [TestNG-test-Yt Master Tests-2] INFO  [verifyingGlobalFilterLandingPage] [verifyingGlobalFilterLandingPage] Element found and ready (attempt 1): By.xpath: //ytd-search-filter-options-dialog-renderer[@class='style-scope ytd-popup-container']
2026-03-03 14:31:31.770 [TestNG-test-Yt Master Tests-2] INFO  [verifyingGlobalFilterLandingPage] Closing the global filter pop-up in landing page..
2026-03-03 14:31:31.770 [TestNG-test-Yt Master Tests-2] INFO  [verifyingGlobalFilterLandingPage] [verifyingGlobalFilterLandingPage] Trying to find element: By.xpath: //yt-icon[@icon='close']
2026-03-03 14:31:31.840 [TestNG-test-Yt Master Tests-2] INFO  [verifyingGlobalFilterLandingPage] [verifyingGlobalFilterLandingPage] Element found and ready (attempt 1): By.xpath: //yt-icon[@icon='close']
2026-03-03 14:31:31.920 [TestNG-test-Yt Master Tests-2] INFO  [verifyingGlobalFilterLandingPage] Clicking settings ellipses button...
2026-03-03 14:31:31.921 [TestNG-test-Yt Master Tests-2] INFO  [verifyingGlobalFilterLandingPage] [verifyingGlobalFilterLandingPage] Trying to find element: By.xpath: //ytd-topbar-menu-button-renderer[@class='style-scope ytd-masthead style-default']
2026-03-03 14:31:31.999 [TestNG-test-Yt Master Tests-2] INFO  [verifyingGlobalFilterLandingPage] [verifyingGlobalFilterLandingPage] Element found and ready (attempt 1): By.xpath: //ytd-topbar-menu-button-renderer[@class='style-scope ytd-masthead style-default']
2026-03-03 14:31:32.100 [TestNG-test-Yt Master Tests-2] INFO  [verifyingGlobalFilterLandingPage] Clicking language dropdown...
2026-03-03 14:31:32.101 [TestNG-test-Yt Master Tests-2] INFO  [verifyingGlobalFilterLandingPage] [verifyingGlobalFilterLandingPage] Trying to find element: By.xpath: (//div[@id='content-icon'])[2]
2026-03-03 14:31:32.696 [TestNG-test-Yt Master Tests-2] INFO  [verifyingGlobalFilterLandingPage] [verifyingGlobalFilterLandingPage] Element found and ready (attempt 1): By.xpath: (//div[@id='content-icon'])[2]
2026-03-03 14:31:33.080 [TestNG-test-Yt Master Tests-2] INFO  [verifyingGlobalFilterLandingPage] [verifyingGlobalFilterLandingPage] Trying to find element: By.xpath: //yt-multi-page-menu-section-renderer[@class='style-scope ytd-multi-page-menu-renderer']//yt-formatted-string[@id='label' and text()='Azərbaycan']
2026-03-03 14:31:33.297 [TestNG-test-Yt Master Tests-2] INFO  [verifyingGlobalFilterLandingPage] [verifyingGlobalFilterLandingPage] Element found and ready (attempt 1): By.xpath: //yt-multi-page-menu-section-renderer[@class='style-scope ytd-multi-page-menu-renderer']//yt-formatted-string[@id='label' and text()='Azərbaycan']
2026-03-03 14:31:33.297 [TestNG-test-Yt Master Tests-2] INFO  [verifyingGlobalFilterLandingPage] Looking for language element with name: Azərbaycan
2026-03-03 14:31:33.297 [TestNG-test-Yt Master Tests-2] INFO  [verifyingGlobalFilterLandingPage] [verifyingGlobalFilterLandingPage] Within smoothScrollToElement method
2026-03-03 14:31:33.298 [TestNG-test-Yt Master Tests-2] INFO  [verifyingGlobalFilterLandingPage] SafeActions initialized with driver ChromeDriver: chrome on windows (49c5f46996bc3be6ecd715709059b622)
2026-03-03 14:31:33.298 [TestNG-test-Yt Master Tests-2] INFO  [verifyingGlobalFilterLandingPage] [verifyingGlobalFilterLandingPage] Trying to find element: By.xpath: //yt-multi-page-menu-section-renderer[@class='style-scope ytd-multi-page-menu-renderer']//yt-formatted-string[@id='label' and text()='Azərbaycan']
2026-03-03 14:31:33.385 [TestNG-test-Yt Master Tests-2] INFO  [verifyingGlobalFilterLandingPage] [verifyingGlobalFilterLandingPage] Element found and ready (attempt 1): By.xpath: //yt-multi-page-menu-section-renderer[@class='style-scope ytd-multi-page-menu-renderer']//yt-formatted-string[@id='label' and text()='Azərbaycan']
2026-03-03 14:31:33.415 [TestNG-test-Yt Master Tests-2] INFO  [verifyingGlobalFilterLandingPage] [verifyingGlobalFilterLandingPage] Successfully scrolled to element: By.xpath: //yt-multi-page-menu-section-renderer[@class='style-scope ytd-multi-page-menu-renderer']//yt-formatted-string[@id='label' and text()='Azərbaycan']
2026-03-03 14:31:33.415 [TestNG-test-Yt Master Tests-2] INFO  [verifyingGlobalFilterLandingPage] Looking for language element with name: Azərbaycan
2026-03-03 14:31:33.415 [TestNG-test-Yt Master Tests-2] INFO  [verifyingGlobalFilterLandingPage] [verifyingGlobalFilterLandingPage] Trying to find element: By.xpath: //yt-multi-page-menu-section-renderer[@class='style-scope ytd-multi-page-menu-renderer']//yt-formatted-string[@id='label' and text()='Azərbaycan']
2026-03-03 14:31:33.490 [TestNG-test-Yt Master Tests-2] INFO  [verifyingGlobalFilterLandingPage] [verifyingGlobalFilterLandingPage] Element found and ready (attempt 1): By.xpath: //yt-multi-page-menu-section-renderer[@class='style-scope ytd-multi-page-menu-renderer']//yt-formatted-string[@id='label' and text()='Azərbaycan']
2026-03-03 14:31:33.490 [TestNG-test-Yt Master Tests-2] INFO  [verifyingGlobalFilterLandingPage] [verifyingGlobalFilterLandingPage] Trying to find element: By.xpath: //yt-multi-page-menu-section-renderer[@class='style-scope ytd-multi-page-menu-renderer']//yt-formatted-string[@id='label' and text()='Azərbaycan']
2026-03-03 14:31:33.570 [TestNG-test-Yt Master Tests-2] INFO  [verifyingGlobalFilterLandingPage] [verifyingGlobalFilterLandingPage] Element found and ready (attempt 1): By.xpath: //yt-multi-page-menu-section-renderer[@class='style-scope ytd-multi-page-menu-renderer']//yt-formatted-string[@id='label' and text()='Azərbaycan']
2026-03-03 14:31:37.692 [TestNG-test-Yt Master Tests-2] INFO  [verifyingGlobalFilterLandingPage] Clicking settings ellipses button...
2026-03-03 14:31:37.693 [TestNG-test-Yt Master Tests-2] INFO  [verifyingGlobalFilterLandingPage] [verifyingGlobalFilterLandingPage] Trying to find element: By.xpath: //ytd-topbar-menu-button-renderer[@class='style-scope ytd-masthead style-default']
2026-03-03 14:31:38.731 [TestNG-test-Yt Master Tests-2] INFO  [verifyingGlobalFilterLandingPage] [verifyingGlobalFilterLandingPage] Element found and ready (attempt 1): By.xpath: //ytd-topbar-menu-button-renderer[@class='style-scope ytd-masthead style-default']
2026-03-03 14:31:38.984 [TestNG-test-Yt Master Tests-2] INFO  [verifyingGlobalFilterLandingPage] [verifyingGlobalFilterLandingPage] Waiting until element is visible in viewport
2026-03-03 14:31:39.530 [TestNG-test-Yt Master Tests-2] INFO  [verifyingGlobalFilterLandingPage] [verifyingGlobalFilterLandingPage] Capturing screenshot: Filter Applied is Azərbaycan__2026-03-03_143139.jpg
2026-03-03 14:31:39.952 [TestNG-test-Yt Master Tests-2] INFO  [verifyingGlobalFilterLandingPage] [verifyingGlobalFilterLandingPage] Screenshot saved at: test-output/screenshots/Run_2026-03-03_14-30-34/verifyingGlobalFilterLandingPage/Filter Applied is Azərbaycan__2026-03-03_143139.jpg
2026-03-03 14:31:39.953 [TestNG-test-Yt Master Tests-2] INFO  [verifyingGlobalFilterLandingPage] Clicking settings ellipses button...
2026-03-03 14:31:39.954 [TestNG-test-Yt Master Tests-2] INFO  [verifyingGlobalFilterLandingPage] [verifyingGlobalFilterLandingPage] Trying to find element: By.xpath: //ytd-topbar-menu-button-renderer[@class='style-scope ytd-masthead style-default']
2026-03-03 14:31:40.023 [TestNG-test-Yt Master Tests-2] INFO  [verifyingGlobalFilterLandingPage] [verifyingGlobalFilterLandingPage] Element found and ready (attempt 1): By.xpath: //ytd-topbar-menu-button-renderer[@class='style-scope ytd-masthead style-default']
2026-03-03 14:31:40.103 [TestNG-test-Yt Master Tests-2] INFO  [verifyingGlobalFilterLandingPage] Clicking on global filter button in landing page..
2026-03-03 14:31:40.104 [TestNG-test-Yt Master Tests-2] INFO  [verifyingGlobalFilterLandingPage] [verifyingGlobalFilterLandingPage] Trying to click element: By.xpath: //div[@id='filter-button']
2026-03-03 14:31:40.337 [TestNG-test-Yt Master Tests-2] INFO  [verifyingGlobalFilterLandingPage] [verifyingGlobalFilterLandingPage] Clicked successfully (attempt 1): By.xpath: //div[@id='filter-button']
2026-03-03 14:31:40.338 [TestNG-test-Yt Master Tests-2] INFO  [verifyingGlobalFilterLandingPage] [verifyingGlobalFilterLandingPage] Waiting until element is visible in viewport
2026-03-03 14:31:40.376 [TestNG-test-Yt Master Tests-2] INFO  [verifyingGlobalFilterLandingPage] [verifyingGlobalFilterLandingPage] Capturing screenshot: Filter Applied is Azərbaycan__2026-03-03_143140.jpg
2026-03-03 14:31:40.852 [TestNG-test-Yt Master Tests-2] INFO  [verifyingGlobalFilterLandingPage] [verifyingGlobalFilterLandingPage] Screenshot saved at: test-output/screenshots/Run_2026-03-03_14-30-34/verifyingGlobalFilterLandingPage/Filter Applied is Azərbaycan__2026-03-03_143140.jpg
2026-03-03 14:31:40.853 [TestNG-test-Yt Master Tests-2] INFO  [verifyingGlobalFilterLandingPage] Fetching the data from the global filter in landing page
2026-03-03 14:31:40.853 [TestNG-test-Yt Master Tests-2] INFO  [verifyingGlobalFilterLandingPage] [verifyingGlobalFilterLandingPage] Trying to find element: By.xpath: //ytd-search-filter-options-dialog-renderer[@class='style-scope ytd-popup-container']
2026-03-03 14:31:40.921 [TestNG-test-Yt Master Tests-2] INFO  [verifyingGlobalFilterLandingPage] [verifyingGlobalFilterLandingPage] Element found and ready (attempt 1): By.xpath: //ytd-search-filter-options-dialog-renderer[@class='style-scope ytd-popup-container']
2026-03-03 14:31:40.949 [TestNG-test-Yt Master Tests-2] INFO  [verifyingGlobalFilterLandingPage] Closing the global filter pop-up in landing page..
2026-03-03 14:31:40.950 [TestNG-test-Yt Master Tests-2] INFO  [verifyingGlobalFilterLandingPage] [verifyingGlobalFilterLandingPage] Trying to find element: By.xpath: //yt-icon[@icon='close']
2026-03-03 14:31:41.016 [TestNG-test-Yt Master Tests-2] INFO  [verifyingGlobalFilterLandingPage] [verifyingGlobalFilterLandingPage] Element found and ready (attempt 1): By.xpath: //yt-icon[@icon='close']
2026-03-03 14:31:41.087 [TestNG-test-Yt Master Tests-2] INFO  [verifyingGlobalFilterLandingPage] Clicking settings ellipses button...
2026-03-03 14:31:41.087 [TestNG-test-Yt Master Tests-2] INFO  [verifyingGlobalFilterLandingPage] [verifyingGlobalFilterLandingPage] Trying to find element: By.xpath: //ytd-topbar-menu-button-renderer[@class='style-scope ytd-masthead style-default']
2026-03-03 14:31:41.172 [TestNG-test-Yt Master Tests-2] INFO  [verifyingGlobalFilterLandingPage] [verifyingGlobalFilterLandingPage] Element found and ready (attempt 1): By.xpath: //ytd-topbar-menu-button-renderer[@class='style-scope ytd-masthead style-default']
2026-03-03 14:31:41.265 [TestNG-test-Yt Master Tests-2] INFO  [verifyingGlobalFilterLandingPage] Clicking language dropdown...
2026-03-03 14:31:41.266 [TestNG-test-Yt Master Tests-2] INFO  [verifyingGlobalFilterLandingPage] [verifyingGlobalFilterLandingPage] Trying to find element: By.xpath: (//div[@id='content-icon'])[2]
2026-03-03 14:31:41.863 [TestNG-test-Yt Master Tests-2] INFO  [verifyingGlobalFilterLandingPage] [verifyingGlobalFilterLandingPage] Element found and ready (attempt 1): By.xpath: (//div[@id='content-icon'])[2]
2026-03-03 14:31:42.331 [TestNG-test-Yt Master Tests-2] INFO  [verifyingGlobalFilterLandingPage] [verifyingGlobalFilterLandingPage] Trying to find element: By.xpath: //yt-multi-page-menu-section-renderer[@class='style-scope ytd-multi-page-menu-renderer']//yt-formatted-string[@id='label' and text()='Bahasa Indonesia']
2026-03-03 14:31:42.621 [TestNG-test-Yt Master Tests-2] INFO  [verifyingGlobalFilterLandingPage] [verifyingGlobalFilterLandingPage] Element found and ready (attempt 1): By.xpath: //yt-multi-page-menu-section-renderer[@class='style-scope ytd-multi-page-menu-renderer']//yt-formatted-string[@id='label' and text()='Bahasa Indonesia']
2026-03-03 14:31:42.621 [TestNG-test-Yt Master Tests-2] INFO  [verifyingGlobalFilterLandingPage] Looking for language element with name: Bahasa Indonesia
2026-03-03 14:31:42.621 [TestNG-test-Yt Master Tests-2] INFO  [verifyingGlobalFilterLandingPage] [verifyingGlobalFilterLandingPage] Within smoothScrollToElement method
2026-03-03 14:31:42.622 [TestNG-test-Yt Master Tests-2] INFO  [verifyingGlobalFilterLandingPage] SafeActions initialized with driver ChromeDriver: chrome on windows (49c5f46996bc3be6ecd715709059b622)
2026-03-03 14:31:42.622 [TestNG-test-Yt Master Tests-2] INFO  [verifyingGlobalFilterLandingPage] [verifyingGlobalFilterLandingPage] Trying to find element: By.xpath: //yt-multi-page-menu-section-renderer[@class='style-scope ytd-multi-page-menu-renderer']//yt-formatted-string[@id='label' and text()='Bahasa Indonesia']
2026-03-03 14:31:42.724 [TestNG-test-Yt Master Tests-2] INFO  [verifyingGlobalFilterLandingPage] [verifyingGlobalFilterLandingPage] Element found and ready (attempt 1): By.xpath: //yt-multi-page-menu-section-renderer[@class='style-scope ytd-multi-page-menu-renderer']//yt-formatted-string[@id='label' and text()='Bahasa Indonesia']
2026-03-03 14:31:42.769 [TestNG-test-Yt Master Tests-2] INFO  [verifyingGlobalFilterLandingPage] [verifyingGlobalFilterLandingPage] Successfully scrolled to element: By.xpath: //yt-multi-page-menu-section-renderer[@class='style-scope ytd-multi-page-menu-renderer']//yt-formatted-string[@id='label' and text()='Bahasa Indonesia']
2026-03-03 14:31:42.770 [TestNG-test-Yt Master Tests-2] INFO  [verifyingGlobalFilterLandingPage] Looking for language element with name: Bahasa Indonesia
2026-03-03 14:31:42.771 [TestNG-test-Yt Master Tests-2] INFO  [verifyingGlobalFilterLandingPage] [verifyingGlobalFilterLandingPage] Trying to find element: By.xpath: //yt-multi-page-menu-section-renderer[@class='style-scope ytd-multi-page-menu-renderer']//yt-formatted-string[@id='label' and text()='Bahasa Indonesia']
2026-03-03 14:31:42.856 [TestNG-test-Yt Master Tests-2] INFO  [verifyingGlobalFilterLandingPage] [verifyingGlobalFilterLandingPage] Element found and ready (attempt 1): By.xpath: //yt-multi-page-menu-section-renderer[@class='style-scope ytd-multi-page-menu-renderer']//yt-formatted-string[@id='label' and text()='Bahasa Indonesia']
2026-03-03 14:31:42.856 [TestNG-test-Yt Master Tests-2] INFO  [verifyingGlobalFilterLandingPage] [verifyingGlobalFilterLandingPage] Trying to find element: By.xpath: //yt-multi-page-menu-section-renderer[@class='style-scope ytd-multi-page-menu-renderer']//yt-formatted-string[@id='label' and text()='Bahasa Indonesia']
2026-03-03 14:31:42.956 [TestNG-test-Yt Master Tests-2] INFO  [verifyingGlobalFilterLandingPage] [verifyingGlobalFilterLandingPage] Element found and ready (attempt 1): By.xpath: //yt-multi-page-menu-section-renderer[@class='style-scope ytd-multi-page-menu-renderer']//yt-formatted-string[@id='label' and text()='Bahasa Indonesia']
2026-03-03 14:31:45.895 [TestNG-test-Yt Master Tests-2] INFO  [verifyingGlobalFilterLandingPage] Clicking settings ellipses button...
2026-03-03 14:31:45.895 [TestNG-test-Yt Master Tests-2] INFO  [verifyingGlobalFilterLandingPage] [verifyingGlobalFilterLandingPage] Trying to find element: By.xpath: //ytd-topbar-menu-button-renderer[@class='style-scope ytd-masthead style-default']
2026-03-03 14:31:47.720 [TestNG-test-Yt Master Tests-2] INFO  [verifyingGlobalFilterLandingPage] [verifyingGlobalFilterLandingPage] Element found and ready (attempt 1): By.xpath: //ytd-topbar-menu-button-renderer[@class='style-scope ytd-masthead style-default']
2026-03-03 14:31:48.012 [TestNG-test-Yt Master Tests-2] INFO  [verifyingGlobalFilterLandingPage] [verifyingGlobalFilterLandingPage] Waiting until element is visible in viewport
2026-03-03 14:31:48.562 [TestNG-test-Yt Master Tests-2] INFO  [verifyingGlobalFilterLandingPage] [verifyingGlobalFilterLandingPage] Capturing screenshot: Filter Applied is Bahasa Indonesia__2026-03-03_143148.jpg
2026-03-03 14:31:49.076 [TestNG-test-Yt Master Tests-2] INFO  [verifyingGlobalFilterLandingPage] [verifyingGlobalFilterLandingPage] Screenshot saved at: test-output/screenshots/Run_2026-03-03_14-30-34/verifyingGlobalFilterLandingPage/Filter Applied is Bahasa Indonesia__2026-03-03_143148.jpg
2026-03-03 14:31:49.076 [TestNG-test-Yt Master Tests-2] INFO  [verifyingGlobalFilterLandingPage] Clicking settings ellipses button...
2026-03-03 14:31:49.076 [TestNG-test-Yt Master Tests-2] INFO  [verifyingGlobalFilterLandingPage] [verifyingGlobalFilterLandingPage] Trying to find element: By.xpath: //ytd-topbar-menu-button-renderer[@class='style-scope ytd-masthead style-default']
2026-03-03 14:31:49.153 [TestNG-test-Yt Master Tests-2] INFO  [verifyingGlobalFilterLandingPage] [verifyingGlobalFilterLandingPage] Element found and ready (attempt 1): By.xpath: //ytd-topbar-menu-button-renderer[@class='style-scope ytd-masthead style-default']
2026-03-03 14:31:49.228 [TestNG-test-Yt Master Tests-2] INFO  [verifyingGlobalFilterLandingPage] Clicking on global filter button in landing page..
2026-03-03 14:31:49.228 [TestNG-test-Yt Master Tests-2] INFO  [verifyingGlobalFilterLandingPage] [verifyingGlobalFilterLandingPage] Trying to click element: By.xpath: //div[@id='filter-button']
2026-03-03 14:31:49.738 [TestNG-test-Yt Master Tests-2] INFO  [verifyingGlobalFilterLandingPage] [verifyingGlobalFilterLandingPage] Clicked successfully (attempt 1): By.xpath: //div[@id='filter-button']
2026-03-03 14:31:49.739 [TestNG-test-Yt Master Tests-2] INFO  [verifyingGlobalFilterLandingPage] [verifyingGlobalFilterLandingPage] Waiting until element is visible in viewport
2026-03-03 14:31:49.773 [TestNG-test-Yt Master Tests-2] INFO  [verifyingGlobalFilterLandingPage] [verifyingGlobalFilterLandingPage] Capturing screenshot: Filter Applied is Bahasa Indonesia__2026-03-03_143149.jpg
2026-03-03 14:31:50.356 [TestNG-test-Yt Master Tests-2] INFO  [verifyingGlobalFilterLandingPage] [verifyingGlobalFilterLandingPage] Screenshot saved at: test-output/screenshots/Run_2026-03-03_14-30-34/verifyingGlobalFilterLandingPage/Filter Applied is Bahasa Indonesia__2026-03-03_143149.jpg
2026-03-03 14:31:50.357 [TestNG-test-Yt Master Tests-2] INFO  [verifyingGlobalFilterLandingPage] Fetching the data from the global filter in landing page
2026-03-03 14:31:50.357 [TestNG-test-Yt Master Tests-2] INFO  [verifyingGlobalFilterLandingPage] [verifyingGlobalFilterLandingPage] Trying to find element: By.xpath: //ytd-search-filter-options-dialog-renderer[@class='style-scope ytd-popup-container']
2026-03-03 14:31:50.427 [TestNG-test-Yt Master Tests-2] INFO  [verifyingGlobalFilterLandingPage] [verifyingGlobalFilterLandingPage] Element found and ready (attempt 1): By.xpath: //ytd-search-filter-options-dialog-renderer[@class='style-scope ytd-popup-container']
2026-03-03 14:31:50.450 [TestNG-test-Yt Master Tests-2] INFO  [verifyingGlobalFilterLandingPage] Closing the global filter pop-up in landing page..
2026-03-03 14:31:50.451 [TestNG-test-Yt Master Tests-2] INFO  [verifyingGlobalFilterLandingPage] [verifyingGlobalFilterLandingPage] Trying to find element: By.xpath: //yt-icon[@icon='close']
2026-03-03 14:31:50.517 [TestNG-test-Yt Master Tests-2] INFO  [verifyingGlobalFilterLandingPage] [verifyingGlobalFilterLandingPage] Element found and ready (attempt 1): By.xpath: //yt-icon[@icon='close']
2026-03-03 14:31:50.576 [TestNG-test-Yt Master Tests-2] INFO  [verifyingGlobalFilterLandingPage] Clicking settings ellipses button...
2026-03-03 14:31:50.577 [TestNG-test-Yt Master Tests-2] INFO  [verifyingGlobalFilterLandingPage] [verifyingGlobalFilterLandingPage] Trying to find element: By.xpath: //ytd-topbar-menu-button-renderer[@class='style-scope ytd-masthead style-default']
2026-03-03 14:31:50.670 [TestNG-test-Yt Master Tests-2] INFO  [verifyingGlobalFilterLandingPage] [verifyingGlobalFilterLandingPage] Element found and ready (attempt 1): By.xpath: //ytd-topbar-menu-button-renderer[@class='style-scope ytd-masthead style-default']
2026-03-03 14:31:50.778 [TestNG-test-Yt Master Tests-2] INFO  [verifyingGlobalFilterLandingPage] Clicking language dropdown...
2026-03-03 14:31:50.779 [TestNG-test-Yt Master Tests-2] INFO  [verifyingGlobalFilterLandingPage] [verifyingGlobalFilterLandingPage] Trying to find element: By.xpath: (//div[@id='content-icon'])[2]
2026-03-03 14:31:51.386 [TestNG-test-Yt Master Tests-2] INFO  [verifyingGlobalFilterLandingPage] [verifyingGlobalFilterLandingPage] Element found and ready (attempt 1): By.xpath: (//div[@id='content-icon'])[2]
2026-03-03 14:31:51.745 [TestNG-test-Yt Master Tests-2] INFO  [verifyingGlobalFilterLandingPage] [verifyingGlobalFilterLandingPage] Trying to find element: By.xpath: //yt-multi-page-menu-section-renderer[@class='style-scope ytd-multi-page-menu-renderer']//yt-formatted-string[@id='label' and text()='Bosanski']
2026-03-03 14:31:51.926 [TestNG-test-Yt Master Tests-2] INFO  [verifyingGlobalFilterLandingPage] [verifyingGlobalFilterLandingPage] Element found and ready (attempt 1): By.xpath: //yt-multi-page-menu-section-renderer[@class='style-scope ytd-multi-page-menu-renderer']//yt-formatted-string[@id='label' and text()='Bosanski']
2026-03-03 14:31:51.926 [TestNG-test-Yt Master Tests-2] INFO  [verifyingGlobalFilterLandingPage] Looking for language element with name: Bosanski
2026-03-03 14:31:51.926 [TestNG-test-Yt Master Tests-2] INFO  [verifyingGlobalFilterLandingPage] [verifyingGlobalFilterLandingPage] Within smoothScrollToElement method
2026-03-03 14:31:51.926 [TestNG-test-Yt Master Tests-2] INFO  [verifyingGlobalFilterLandingPage] SafeActions initialized with driver ChromeDriver: chrome on windows (49c5f46996bc3be6ecd715709059b622)
2026-03-03 14:31:51.926 [TestNG-test-Yt Master Tests-2] INFO  [verifyingGlobalFilterLandingPage] [verifyingGlobalFilterLandingPage] Trying to find element: By.xpath: //yt-multi-page-menu-section-renderer[@class='style-scope ytd-multi-page-menu-renderer']//yt-formatted-string[@id='label' and text()='Bosanski']
2026-03-03 14:31:52.011 [TestNG-test-Yt Master Tests-2] INFO  [verifyingGlobalFilterLandingPage] [verifyingGlobalFilterLandingPage] Element found and ready (attempt 1): By.xpath: //yt-multi-page-menu-section-renderer[@class='style-scope ytd-multi-page-menu-renderer']//yt-formatted-string[@id='label' and text()='Bosanski']
2026-03-03 14:31:52.038 [TestNG-test-Yt Master Tests-2] INFO  [verifyingGlobalFilterLandingPage] [verifyingGlobalFilterLandingPage] Successfully scrolled to element: By.xpath: //yt-multi-page-menu-section-renderer[@class='style-scope ytd-multi-page-menu-renderer']//yt-formatted-string[@id='label' and text()='Bosanski']
2026-03-03 14:31:52.038 [TestNG-test-Yt Master Tests-2] INFO  [verifyingGlobalFilterLandingPage] Looking for language element with name: Bosanski
2026-03-03 14:31:52.038 [TestNG-test-Yt Master Tests-2] INFO  [verifyingGlobalFilterLandingPage] [verifyingGlobalFilterLandingPage] Trying to find element: By.xpath: //yt-multi-page-menu-section-renderer[@class='style-scope ytd-multi-page-menu-renderer']//yt-formatted-string[@id='label' and text()='Bosanski']
2026-03-03 14:31:52.114 [TestNG-test-Yt Master Tests-2] INFO  [verifyingGlobalFilterLandingPage] [verifyingGlobalFilterLandingPage] Element found and ready (attempt 1): By.xpath: //yt-multi-page-menu-section-renderer[@class='style-scope ytd-multi-page-menu-renderer']//yt-formatted-string[@id='label' and text()='Bosanski']
2026-03-03 14:31:52.114 [TestNG-test-Yt Master Tests-2] INFO  [verifyingGlobalFilterLandingPage] [verifyingGlobalFilterLandingPage] Trying to find element: By.xpath: //yt-multi-page-menu-section-renderer[@class='style-scope ytd-multi-page-menu-renderer']//yt-formatted-string[@id='label' and text()='Bosanski']
2026-03-03 14:31:52.193 [TestNG-test-Yt Master Tests-2] INFO  [verifyingGlobalFilterLandingPage] [verifyingGlobalFilterLandingPage] Element found and ready (attempt 1): By.xpath: //yt-multi-page-menu-section-renderer[@class='style-scope ytd-multi-page-menu-renderer']//yt-formatted-string[@id='label' and text()='Bosanski']
2026-03-03 14:31:55.042 [TestNG-test-Yt Master Tests-2] INFO  [verifyingGlobalFilterLandingPage] Clicking settings ellipses button...
2026-03-03 14:31:55.043 [TestNG-test-Yt Master Tests-2] INFO  [verifyingGlobalFilterLandingPage] [verifyingGlobalFilterLandingPage] Trying to find element: By.xpath: //ytd-topbar-menu-button-renderer[@class='style-scope ytd-masthead style-default']
2026-03-03 14:31:57.492 [TestNG-test-Yt Master Tests-2] INFO  [verifyingGlobalFilterLandingPage] [verifyingGlobalFilterLandingPage] Element found and ready (attempt 1): By.xpath: //ytd-topbar-menu-button-renderer[@class='style-scope ytd-masthead style-default']
2026-03-03 14:31:57.622 [TestNG-test-Yt Master Tests-2] INFO  [verifyingGlobalFilterLandingPage] [verifyingGlobalFilterLandingPage] Waiting until element is visible in viewport
2026-03-03 14:31:58.173 [TestNG-test-Yt Master Tests-2] INFO  [verifyingGlobalFilterLandingPage] [verifyingGlobalFilterLandingPage] Capturing screenshot: Filter Applied is Bosanski__2026-03-03_143158.jpg
2026-03-03 14:31:58.594 [TestNG-test-Yt Master Tests-2] INFO  [verifyingGlobalFilterLandingPage] [verifyingGlobalFilterLandingPage] Screenshot saved at: test-output/screenshots/Run_2026-03-03_14-30-34/verifyingGlobalFilterLandingPage/Filter Applied is Bosanski__2026-03-03_143158.jpg
2026-03-03 14:31:58.594 [TestNG-test-Yt Master Tests-2] INFO  [verifyingGlobalFilterLandingPage] Clicking settings ellipses button...
2026-03-03 14:31:58.595 [TestNG-test-Yt Master Tests-2] INFO  [verifyingGlobalFilterLandingPage] [verifyingGlobalFilterLandingPage] Trying to find element: By.xpath: //ytd-topbar-menu-button-renderer[@class='style-scope ytd-masthead style-default']
2026-03-03 14:31:58.660 [TestNG-test-Yt Master Tests-2] INFO  [verifyingGlobalFilterLandingPage] [verifyingGlobalFilterLandingPage] Element found and ready (attempt 1): By.xpath: //ytd-topbar-menu-button-renderer[@class='style-scope ytd-masthead style-default']
2026-03-03 14:31:58.722 [TestNG-test-Yt Master Tests-2] INFO  [verifyingGlobalFilterLandingPage] Clicking on global filter button in landing page..
2026-03-03 14:31:58.722 [TestNG-test-Yt Master Tests-2] INFO  [verifyingGlobalFilterLandingPage] [verifyingGlobalFilterLandingPage] Trying to click element: By.xpath: //div[@id='filter-button']
2026-03-03 14:31:58.976 [TestNG-test-Yt Master Tests-2] INFO  [verifyingGlobalFilterLandingPage] [verifyingGlobalFilterLandingPage] Clicked successfully (attempt 1): By.xpath: //div[@id='filter-button']
2026-03-03 14:31:58.988 [TestNG-test-Yt Master Tests-2] INFO  [verifyingGlobalFilterLandingPage] [verifyingGlobalFilterLandingPage] Waiting until element is visible in viewport
2026-03-03 14:31:59.038 [TestNG-test-Yt Master Tests-2] INFO  [verifyingGlobalFilterLandingPage] [verifyingGlobalFilterLandingPage] Capturing screenshot: Filter Applied is Bosanski__2026-03-03_143159.jpg
2026-03-03 14:31:59.579 [TestNG-test-Yt Master Tests-2] INFO  [verifyingGlobalFilterLandingPage] [verifyingGlobalFilterLandingPage] Screenshot saved at: test-output/screenshots/Run_2026-03-03_14-30-34/verifyingGlobalFilterLandingPage/Filter Applied is Bosanski__2026-03-03_143159.jpg
2026-03-03 14:31:59.580 [TestNG-test-Yt Master Tests-2] INFO  [verifyingGlobalFilterLandingPage] Fetching the data from the global filter in landing page
2026-03-03 14:31:59.580 [TestNG-test-Yt Master Tests-2] INFO  [verifyingGlobalFilterLandingPage] [verifyingGlobalFilterLandingPage] Trying to find element: By.xpath: //ytd-search-filter-options-dialog-renderer[@class='style-scope ytd-popup-container']
2026-03-03 14:31:59.650 [TestNG-test-Yt Master Tests-2] INFO  [verifyingGlobalFilterLandingPage] [verifyingGlobalFilterLandingPage] Element found and ready (attempt 1): By.xpath: //ytd-search-filter-options-dialog-renderer[@class='style-scope ytd-popup-container']
2026-03-03 14:31:59.678 [TestNG-test-Yt Master Tests-2] INFO  [verifyingGlobalFilterLandingPage] Closing the global filter pop-up in landing page..
2026-03-03 14:31:59.678 [TestNG-test-Yt Master Tests-2] INFO  [verifyingGlobalFilterLandingPage] [verifyingGlobalFilterLandingPage] Trying to find element: By.xpath: //yt-icon[@icon='close']
2026-03-03 14:31:59.751 [TestNG-test-Yt Master Tests-2] INFO  [verifyingGlobalFilterLandingPage] [verifyingGlobalFilterLandingPage] Element found and ready (attempt 1): By.xpath: //yt-icon[@icon='close']
2026-03-03 14:31:59.823 [TestNG-test-Yt Master Tests-2] INFO  [verifyingGlobalFilterLandingPage] Clicking settings ellipses button...
2026-03-03 14:31:59.824 [TestNG-test-Yt Master Tests-2] INFO  [verifyingGlobalFilterLandingPage] [verifyingGlobalFilterLandingPage] Trying to find element: By.xpath: //ytd-topbar-menu-button-renderer[@class='style-scope ytd-masthead style-default']
2026-03-03 14:31:59.900 [TestNG-test-Yt Master Tests-2] INFO  [verifyingGlobalFilterLandingPage] [verifyingGlobalFilterLandingPage] Element found and ready (attempt 1): By.xpath: //ytd-topbar-menu-button-renderer[@class='style-scope ytd-masthead style-default']
2026-03-03 14:31:59.965 [TestNG-test-Yt Master Tests-2] INFO  [verifyingGlobalFilterLandingPage] Clicking language dropdown...
2026-03-03 14:31:59.966 [TestNG-test-Yt Master Tests-2] INFO  [verifyingGlobalFilterLandingPage] [verifyingGlobalFilterLandingPage] Trying to find element: By.xpath: (//div[@id='content-icon'])[2]
2026-03-03 14:32:00.171 [TestNG-test-Yt Master Tests-2] INFO  [verifyingGlobalFilterLandingPage] [verifyingGlobalFilterLandingPage] Element found and ready (attempt 1): By.xpath: (//div[@id='content-icon'])[2]
2026-03-03 14:32:00.606 [TestNG-test-Yt Master Tests-2] INFO  [verifyingGlobalFilterLandingPage] [verifyingGlobalFilterLandingPage] Trying to find element: By.xpath: //yt-multi-page-menu-section-renderer[@class='style-scope ytd-multi-page-menu-renderer']//yt-formatted-string[@id='label' and text()='Català']
2026-03-03 14:32:00.757 [TestNG-test-Yt Master Tests-2] INFO  [verifyingGlobalFilterLandingPage] [verifyingGlobalFilterLandingPage] Element found and ready (attempt 1): By.xpath: //yt-multi-page-menu-section-renderer[@class='style-scope ytd-multi-page-menu-renderer']//yt-formatted-string[@id='label' and text()='Català']
2026-03-03 14:32:00.757 [TestNG-test-Yt Master Tests-2] INFO  [verifyingGlobalFilterLandingPage] Looking for language element with name: Català
2026-03-03 14:32:00.757 [TestNG-test-Yt Master Tests-2] INFO  [verifyingGlobalFilterLandingPage] [verifyingGlobalFilterLandingPage] Within smoothScrollToElement method
2026-03-03 14:32:00.757 [TestNG-test-Yt Master Tests-2] INFO  [verifyingGlobalFilterLandingPage] SafeActions initialized with driver ChromeDriver: chrome on windows (49c5f46996bc3be6ecd715709059b622)
2026-03-03 14:32:00.758 [TestNG-test-Yt Master Tests-2] INFO  [verifyingGlobalFilterLandingPage] [verifyingGlobalFilterLandingPage] Trying to find element: By.xpath: //yt-multi-page-menu-section-renderer[@class='style-scope ytd-multi-page-menu-renderer']//yt-formatted-string[@id='label' and text()='Català']
2026-03-03 14:32:00.831 [TestNG-test-Yt Master Tests-2] INFO  [verifyingGlobalFilterLandingPage] [verifyingGlobalFilterLandingPage] Element found and ready (attempt 1): By.xpath: //yt-multi-page-menu-section-renderer[@class='style-scope ytd-multi-page-menu-renderer']//yt-formatted-string[@id='label' and text()='Català']
2026-03-03 14:32:00.857 [TestNG-test-Yt Master Tests-2] INFO  [verifyingGlobalFilterLandingPage] [verifyingGlobalFilterLandingPage] Successfully scrolled to element: By.xpath: //yt-multi-page-menu-section-renderer[@class='style-scope ytd-multi-page-menu-renderer']//yt-formatted-string[@id='label' and text()='Català']
2026-03-03 14:32:00.858 [TestNG-test-Yt Master Tests-2] INFO  [verifyingGlobalFilterLandingPage] Looking for language element with name: Català
2026-03-03 14:32:00.858 [TestNG-test-Yt Master Tests-2] INFO  [verifyingGlobalFilterLandingPage] [verifyingGlobalFilterLandingPage] Trying to find element: By.xpath: //yt-multi-page-menu-section-renderer[@class='style-scope ytd-multi-page-menu-renderer']//yt-formatted-string[@id='label' and text()='Català']
2026-03-03 14:32:00.931 [TestNG-test-Yt Master Tests-2] INFO  [verifyingGlobalFilterLandingPage] [verifyingGlobalFilterLandingPage] Element found and ready (attempt 1): By.xpath: //yt-multi-page-menu-section-renderer[@class='style-scope ytd-multi-page-menu-renderer']//yt-formatted-string[@id='label' and text()='Català']
2026-03-03 14:32:00.931 [TestNG-test-Yt Master Tests-2] INFO  [verifyingGlobalFilterLandingPage] [verifyingGlobalFilterLandingPage] Trying to find element: By.xpath: //yt-multi-page-menu-section-renderer[@class='style-scope ytd-multi-page-menu-renderer']//yt-formatted-string[@id='label' and text()='Català']
2026-03-03 14:32:01.010 [TestNG-test-Yt Master Tests-2] INFO  [verifyingGlobalFilterLandingPage] [verifyingGlobalFilterLandingPage] Element found and ready (attempt 1): By.xpath: //yt-multi-page-menu-section-renderer[@class='style-scope ytd-multi-page-menu-renderer']//yt-formatted-string[@id='label' and text()='Català']
2026-03-03 14:32:04.930 [TestNG-test-Yt Master Tests-2] INFO  [verifyingGlobalFilterLandingPage] Clicking settings ellipses button...
2026-03-03 14:32:04.930 [TestNG-test-Yt Master Tests-2] INFO  [verifyingGlobalFilterLandingPage] [verifyingGlobalFilterLandingPage] Trying to find element: By.xpath: //ytd-topbar-menu-button-renderer[@class='style-scope ytd-masthead style-default']
2026-03-03 14:32:06.313 [TestNG-test-Yt Master Tests-2] INFO  [verifyingGlobalFilterLandingPage] [verifyingGlobalFilterLandingPage] Element found and ready (attempt 1): By.xpath: //ytd-topbar-menu-button-renderer[@class='style-scope ytd-masthead style-default']
2026-03-03 14:32:06.464 [TestNG-test-Yt Master Tests-2] INFO  [verifyingGlobalFilterLandingPage] [verifyingGlobalFilterLandingPage] Waiting until element is visible in viewport
2026-03-03 14:32:06.750 [TestNG-test-Yt Master Tests-2] INFO  [verifyingGlobalFilterLandingPage] [verifyingGlobalFilterLandingPage] Capturing screenshot: Filter Applied is Català__2026-03-03_143206.jpg
2026-03-03 14:32:07.242 [TestNG-test-Yt Master Tests-2] INFO  [verifyingGlobalFilterLandingPage] [verifyingGlobalFilterLandingPage] Screenshot saved at: test-output/screenshots/Run_2026-03-03_14-30-34/verifyingGlobalFilterLandingPage/Filter Applied is Català__2026-03-03_143206.jpg
2026-03-03 14:32:07.242 [TestNG-test-Yt Master Tests-2] INFO  [verifyingGlobalFilterLandingPage] Clicking settings ellipses button...
2026-03-03 14:32:07.242 [TestNG-test-Yt Master Tests-2] INFO  [verifyingGlobalFilterLandingPage] [verifyingGlobalFilterLandingPage] Trying to find element: By.xpath: //ytd-topbar-menu-button-renderer[@class='style-scope ytd-masthead style-default']
2026-03-03 14:32:07.315 [TestNG-test-Yt Master Tests-2] INFO  [verifyingGlobalFilterLandingPage] [verifyingGlobalFilterLandingPage] Element found and ready (attempt 1): By.xpath: //ytd-topbar-menu-button-renderer[@class='style-scope ytd-masthead style-default']
2026-03-03 14:32:07.382 [TestNG-test-Yt Master Tests-2] INFO  [verifyingGlobalFilterLandingPage] Clicking on global filter button in landing page..
2026-03-03 14:32:07.382 [TestNG-test-Yt Master Tests-2] INFO  [verifyingGlobalFilterLandingPage] [verifyingGlobalFilterLandingPage] Trying to click element: By.xpath: //div[@id='filter-button']
2026-03-03 14:32:07.623 [TestNG-test-Yt Master Tests-2] INFO  [verifyingGlobalFilterLandingPage] [verifyingGlobalFilterLandingPage] Clicked successfully (attempt 1): By.xpath: //div[@id='filter-button']
2026-03-03 14:32:07.623 [TestNG-test-Yt Master Tests-2] INFO  [verifyingGlobalFilterLandingPage] [verifyingGlobalFilterLandingPage] Waiting until element is visible in viewport
2026-03-03 14:32:07.676 [TestNG-test-Yt Master Tests-2] INFO  [verifyingGlobalFilterLandingPage] [verifyingGlobalFilterLandingPage] Capturing screenshot: Filter Applied is Català__2026-03-03_143207.jpg
2026-03-03 14:32:08.144 [TestNG-test-Yt Master Tests-2] INFO  [verifyingGlobalFilterLandingPage] [verifyingGlobalFilterLandingPage] Screenshot saved at: test-output/screenshots/Run_2026-03-03_14-30-34/verifyingGlobalFilterLandingPage/Filter Applied is Català__2026-03-03_143207.jpg
2026-03-03 14:32:08.145 [TestNG-test-Yt Master Tests-2] INFO  [verifyingGlobalFilterLandingPage] Fetching the data from the global filter in landing page
2026-03-03 14:32:08.145 [TestNG-test-Yt Master Tests-2] INFO  [verifyingGlobalFilterLandingPage] [verifyingGlobalFilterLandingPage] Trying to find element: By.xpath: //ytd-search-filter-options-dialog-renderer[@class='style-scope ytd-popup-container']
2026-03-03 14:32:08.226 [TestNG-test-Yt Master Tests-2] INFO  [verifyingGlobalFilterLandingPage] [verifyingGlobalFilterLandingPage] Element found and ready (attempt 1): By.xpath: //ytd-search-filter-options-dialog-renderer[@class='style-scope ytd-popup-container']
2026-03-03 14:32:08.267 [TestNG-test-Yt Master Tests-2] INFO  [verifyingGlobalFilterLandingPage] Closing the global filter pop-up in landing page..
2026-03-03 14:32:08.267 [TestNG-test-Yt Master Tests-2] INFO  [verifyingGlobalFilterLandingPage] [verifyingGlobalFilterLandingPage] Trying to find element: By.xpath: //yt-icon[@icon='close']
2026-03-03 14:32:08.336 [TestNG-test-Yt Master Tests-2] INFO  [verifyingGlobalFilterLandingPage] [verifyingGlobalFilterLandingPage] Element found and ready (attempt 1): By.xpath: //yt-icon[@icon='close']
2026-03-03 14:32:08.418 [TestNG-test-Yt Master Tests-2] INFO  [verifyingGlobalFilterLandingPage] Clicking settings ellipses button...
2026-03-03 14:32:08.418 [TestNG-test-Yt Master Tests-2] INFO  [verifyingGlobalFilterLandingPage] [verifyingGlobalFilterLandingPage] Trying to find element: By.xpath: //ytd-topbar-menu-button-renderer[@class='style-scope ytd-masthead style-default']
2026-03-03 14:32:08.510 [TestNG-test-Yt Master Tests-2] INFO  [verifyingGlobalFilterLandingPage] [verifyingGlobalFilterLandingPage] Element found and ready (attempt 1): By.xpath: //ytd-topbar-menu-button-renderer[@class='style-scope ytd-masthead style-default']
2026-03-03 14:32:08.620 [TestNG-test-Yt Master Tests-2] INFO  [verifyingGlobalFilterLandingPage] Clicking language dropdown...
2026-03-03 14:32:08.622 [TestNG-test-Yt Master Tests-2] INFO  [verifyingGlobalFilterLandingPage] [verifyingGlobalFilterLandingPage] Trying to find element: By.xpath: (//div[@id='content-icon'])[2]
2026-03-03 14:32:09.220 [TestNG-test-Yt Master Tests-2] INFO  [verifyingGlobalFilterLandingPage] [verifyingGlobalFilterLandingPage] Element found and ready (attempt 1): By.xpath: (//div[@id='content-icon'])[2]
2026-03-03 14:32:09.570 [TestNG-test-Yt Master Tests-2] INFO  [verifyingGlobalFilterLandingPage] [verifyingGlobalFilterLandingPage] Trying to find element: By.xpath: //yt-multi-page-menu-section-renderer[@class='style-scope ytd-multi-page-menu-renderer']//yt-formatted-string[@id='label' and text()='Dansk']
2026-03-03 14:32:09.783 [TestNG-test-Yt Master Tests-2] INFO  [verifyingGlobalFilterLandingPage] [verifyingGlobalFilterLandingPage] Element found and ready (attempt 1): By.xpath: //yt-multi-page-menu-section-renderer[@class='style-scope ytd-multi-page-menu-renderer']//yt-formatted-string[@id='label' and text()='Dansk']
2026-03-03 14:32:09.783 [TestNG-test-Yt Master Tests-2] INFO  [verifyingGlobalFilterLandingPage] Looking for language element with name: Dansk
2026-03-03 14:32:09.783 [TestNG-test-Yt Master Tests-2] INFO  [verifyingGlobalFilterLandingPage] [verifyingGlobalFilterLandingPage] Within smoothScrollToElement method
2026-03-03 14:32:09.783 [TestNG-test-Yt Master Tests-2] INFO  [verifyingGlobalFilterLandingPage] SafeActions initialized with driver ChromeDriver: chrome on windows (49c5f46996bc3be6ecd715709059b622)
2026-03-03 14:32:09.783 [TestNG-test-Yt Master Tests-2] INFO  [verifyingGlobalFilterLandingPage] [verifyingGlobalFilterLandingPage] Trying to find element: By.xpath: //yt-multi-page-menu-section-renderer[@class='style-scope ytd-multi-page-menu-renderer']//yt-formatted-string[@id='label' and text()='Dansk']
2026-03-03 14:32:09.906 [TestNG-test-Yt Master Tests-2] INFO  [verifyingGlobalFilterLandingPage] [verifyingGlobalFilterLandingPage] Element found and ready (attempt 1): By.xpath: //yt-multi-page-menu-section-renderer[@class='style-scope ytd-multi-page-menu-renderer']//yt-formatted-string[@id='label' and text()='Dansk']
2026-03-03 14:32:09.932 [TestNG-test-Yt Master Tests-2] INFO  [verifyingGlobalFilterLandingPage] [verifyingGlobalFilterLandingPage] Successfully scrolled to element: By.xpath: //yt-multi-page-menu-section-renderer[@class='style-scope ytd-multi-page-menu-renderer']//yt-formatted-string[@id='label' and text()='Dansk']
2026-03-03 14:32:09.933 [TestNG-test-Yt Master Tests-2] INFO  [verifyingGlobalFilterLandingPage] Looking for language element with name: Dansk
2026-03-03 14:32:09.933 [TestNG-test-Yt Master Tests-2] INFO  [verifyingGlobalFilterLandingPage] [verifyingGlobalFilterLandingPage] Trying to find element: By.xpath: //yt-multi-page-menu-section-renderer[@class='style-scope ytd-multi-page-menu-renderer']//yt-formatted-string[@id='label' and text()='Dansk']
2026-03-03 14:32:10.039 [TestNG-test-Yt Master Tests-2] INFO  [verifyingGlobalFilterLandingPage] [verifyingGlobalFilterLandingPage] Element found and ready (attempt 1): By.xpath: //yt-multi-page-menu-section-renderer[@class='style-scope ytd-multi-page-menu-renderer']//yt-formatted-string[@id='label' and text()='Dansk']
2026-03-03 14:32:10.039 [TestNG-test-Yt Master Tests-2] INFO  [verifyingGlobalFilterLandingPage] [verifyingGlobalFilterLandingPage] Trying to find element: By.xpath: //yt-multi-page-menu-section-renderer[@class='style-scope ytd-multi-page-menu-renderer']//yt-formatted-string[@id='label' and text()='Dansk']
2026-03-03 14:32:10.113 [TestNG-test-Yt Master Tests-2] INFO  [verifyingGlobalFilterLandingPage] [verifyingGlobalFilterLandingPage] Element found and ready (attempt 1): By.xpath: //yt-multi-page-menu-section-renderer[@class='style-scope ytd-multi-page-menu-renderer']//yt-formatted-string[@id='label' and text()='Dansk']
2026-03-03 14:32:13.118 [TestNG-test-Yt Master Tests-2] INFO  [verifyingGlobalFilterLandingPage] Clicking settings ellipses button...
2026-03-03 14:32:13.119 [TestNG-test-Yt Master Tests-2] INFO  [verifyingGlobalFilterLandingPage] [verifyingGlobalFilterLandingPage] Trying to find element: By.xpath: //ytd-topbar-menu-button-renderer[@class='style-scope ytd-masthead style-default']
2026-03-03 14:32:14.962 [TestNG-test-Yt Master Tests-2] INFO  [verifyingGlobalFilterLandingPage] [verifyingGlobalFilterLandingPage] Element found and ready (attempt 1): By.xpath: //ytd-topbar-menu-button-renderer[@class='style-scope ytd-masthead style-default']
2026-03-03 14:32:15.369 [TestNG-test-Yt Master Tests-2] INFO  [verifyingGlobalFilterLandingPage] [verifyingGlobalFilterLandingPage] Waiting until element is visible in viewport
2026-03-03 14:32:15.913 [TestNG-test-Yt Master Tests-2] INFO  [verifyingGlobalFilterLandingPage] [verifyingGlobalFilterLandingPage] Capturing screenshot: Filter Applied is Dansk__2026-03-03_143215.jpg
2026-03-03 14:32:16.310 [TestNG-test-Yt Master Tests-2] INFO  [verifyingGlobalFilterLandingPage] [verifyingGlobalFilterLandingPage] Screenshot saved at: test-output/screenshots/Run_2026-03-03_14-30-34/verifyingGlobalFilterLandingPage/Filter Applied is Dansk__2026-03-03_143215.jpg
2026-03-03 14:32:16.311 [TestNG-test-Yt Master Tests-2] INFO  [verifyingGlobalFilterLandingPage] Clicking settings ellipses button...
2026-03-03 14:32:16.312 [TestNG-test-Yt Master Tests-2] INFO  [verifyingGlobalFilterLandingPage] [verifyingGlobalFilterLandingPage] Trying to find element: By.xpath: //ytd-topbar-menu-button-renderer[@class='style-scope ytd-masthead style-default']
2026-03-03 14:32:16.381 [TestNG-test-Yt Master Tests-2] INFO  [verifyingGlobalFilterLandingPage] [verifyingGlobalFilterLandingPage] Element found and ready (attempt 1): By.xpath: //ytd-topbar-menu-button-renderer[@class='style-scope ytd-masthead style-default']
2026-03-03 14:32:16.448 [TestNG-test-Yt Master Tests-2] INFO  [verifyingGlobalFilterLandingPage] Clicking on global filter button in landing page..
2026-03-03 14:32:16.448 [TestNG-test-Yt Master Tests-2] INFO  [verifyingGlobalFilterLandingPage] [verifyingGlobalFilterLandingPage] Trying to click element: By.xpath: //div[@id='filter-button']
2026-03-03 14:32:16.733 [TestNG-test-Yt Master Tests-2] INFO  [verifyingGlobalFilterLandingPage] [verifyingGlobalFilterLandingPage] Clicked successfully (attempt 1): By.xpath: //div[@id='filter-button']
2026-03-03 14:32:16.734 [TestNG-test-Yt Master Tests-2] INFO  [verifyingGlobalFilterLandingPage] [verifyingGlobalFilterLandingPage] Waiting until element is visible in viewport
2026-03-03 14:32:16.769 [TestNG-test-Yt Master Tests-2] INFO  [verifyingGlobalFilterLandingPage] [verifyingGlobalFilterLandingPage] Capturing screenshot: Filter Applied is Dansk__2026-03-03_143216.jpg
2026-03-03 14:32:17.328 [TestNG-test-Yt Master Tests-2] INFO  [verifyingGlobalFilterLandingPage] [verifyingGlobalFilterLandingPage] Screenshot saved at: test-output/screenshots/Run_2026-03-03_14-30-34/verifyingGlobalFilterLandingPage/Filter Applied is Dansk__2026-03-03_143216.jpg
2026-03-03 14:32:17.329 [TestNG-test-Yt Master Tests-2] INFO  [verifyingGlobalFilterLandingPage] Fetching the data from the global filter in landing page
2026-03-03 14:32:17.330 [TestNG-test-Yt Master Tests-2] INFO  [verifyingGlobalFilterLandingPage] [verifyingGlobalFilterLandingPage] Trying to find element: By.xpath: //ytd-search-filter-options-dialog-renderer[@class='style-scope ytd-popup-container']
2026-03-03 14:32:17.441 [TestNG-test-Yt Master Tests-2] INFO  [verifyingGlobalFilterLandingPage] [verifyingGlobalFilterLandingPage] Element found and ready (attempt 1): By.xpath: //ytd-search-filter-options-dialog-renderer[@class='style-scope ytd-popup-container']
2026-03-03 14:32:17.477 [TestNG-test-Yt Master Tests-2] INFO  [verifyingGlobalFilterLandingPage] Closing the global filter pop-up in landing page..
2026-03-03 14:32:17.477 [TestNG-test-Yt Master Tests-2] INFO  [verifyingGlobalFilterLandingPage] [verifyingGlobalFilterLandingPage] Trying to find element: By.xpath: //yt-icon[@icon='close']
2026-03-03 14:32:17.556 [TestNG-test-Yt Master Tests-2] INFO  [verifyingGlobalFilterLandingPage] [verifyingGlobalFilterLandingPage] Element found and ready (attempt 1): By.xpath: //yt-icon[@icon='close']
2026-03-03 14:32:17.640 [TestNG-test-Yt Master Tests-2] INFO  [verifyingGlobalFilterLandingPage] Clicking settings ellipses button...
2026-03-03 14:32:17.640 [TestNG-test-Yt Master Tests-2] INFO  [verifyingGlobalFilterLandingPage] [verifyingGlobalFilterLandingPage] Trying to find element: By.xpath: //ytd-topbar-menu-button-renderer[@class='style-scope ytd-masthead style-default']
2026-03-03 14:32:17.865 [TestNG-test-Yt Master Tests-2] INFO  [verifyingGlobalFilterLandingPage] [verifyingGlobalFilterLandingPage] Element found and ready (attempt 1): By.xpath: //ytd-topbar-menu-button-renderer[@class='style-scope ytd-masthead style-default']
2026-03-03 14:32:17.980 [TestNG-test-Yt Master Tests-2] INFO  [verifyingGlobalFilterLandingPage] Clicking language dropdown...
2026-03-03 14:32:17.980 [TestNG-test-Yt Master Tests-2] INFO  [verifyingGlobalFilterLandingPage] [verifyingGlobalFilterLandingPage] Trying to find element: By.xpath: (//div[@id='content-icon'])[2]
2026-03-03 14:32:18.583 [TestNG-test-Yt Master Tests-2] INFO  [verifyingGlobalFilterLandingPage] [verifyingGlobalFilterLandingPage] Element found and ready (attempt 1): By.xpath: (//div[@id='content-icon'])[2]
2026-03-03 14:32:19.000 [TestNG-test-Yt Master Tests-2] INFO  [verifyingGlobalFilterLandingPage] [verifyingGlobalFilterLandingPage] Trying to find element: By.xpath: //yt-multi-page-menu-section-renderer[@class='style-scope ytd-multi-page-menu-renderer']//yt-formatted-string[@id='label' and text()='Deutsch']
2026-03-03 14:32:19.175 [TestNG-test-Yt Master Tests-2] INFO  [verifyingGlobalFilterLandingPage] [verifyingGlobalFilterLandingPage] Element found and ready (attempt 1): By.xpath: //yt-multi-page-menu-section-renderer[@class='style-scope ytd-multi-page-menu-renderer']//yt-formatted-string[@id='label' and text()='Deutsch']
2026-03-03 14:32:19.175 [TestNG-test-Yt Master Tests-2] INFO  [verifyingGlobalFilterLandingPage] Looking for language element with name: Deutsch
2026-03-03 14:32:19.175 [TestNG-test-Yt Master Tests-2] INFO  [verifyingGlobalFilterLandingPage] [verifyingGlobalFilterLandingPage] Within smoothScrollToElement method
2026-03-03 14:32:19.175 [TestNG-test-Yt Master Tests-2] INFO  [verifyingGlobalFilterLandingPage] SafeActions initialized with driver ChromeDriver: chrome on windows (49c5f46996bc3be6ecd715709059b622)
2026-03-03 14:32:19.175 [TestNG-test-Yt Master Tests-2] INFO  [verifyingGlobalFilterLandingPage] [verifyingGlobalFilterLandingPage] Trying to find element: By.xpath: //yt-multi-page-menu-section-renderer[@class='style-scope ytd-multi-page-menu-renderer']//yt-formatted-string[@id='label' and text()='Deutsch']
2026-03-03 14:32:19.243 [TestNG-test-Yt Master Tests-2] INFO  [verifyingGlobalFilterLandingPage] [verifyingGlobalFilterLandingPage] Element found and ready (attempt 1): By.xpath: //yt-multi-page-menu-section-renderer[@class='style-scope ytd-multi-page-menu-renderer']//yt-formatted-string[@id='label' and text()='Deutsch']
2026-03-03 14:32:19.266 [TestNG-test-Yt Master Tests-2] INFO  [verifyingGlobalFilterLandingPage] [verifyingGlobalFilterLandingPage] Successfully scrolled to element: By.xpath: //yt-multi-page-menu-section-renderer[@class='style-scope ytd-multi-page-menu-renderer']//yt-formatted-string[@id='label' and text()='Deutsch']
2026-03-03 14:32:19.267 [TestNG-test-Yt Master Tests-2] INFO  [verifyingGlobalFilterLandingPage] Looking for language element with name: Deutsch
2026-03-03 14:32:19.267 [TestNG-test-Yt Master Tests-2] INFO  [verifyingGlobalFilterLandingPage] [verifyingGlobalFilterLandingPage] Trying to find element: By.xpath: //yt-multi-page-menu-section-renderer[@class='style-scope ytd-multi-page-menu-renderer']//yt-formatted-string[@id='label' and text()='Deutsch']
2026-03-03 14:32:19.365 [TestNG-test-Yt Master Tests-2] INFO  [verifyingGlobalFilterLandingPage] [verifyingGlobalFilterLandingPage] Element found and ready (attempt 1): By.xpath: //yt-multi-page-menu-section-renderer[@class='style-scope ytd-multi-page-menu-renderer']//yt-formatted-string[@id='label' and text()='Deutsch']
2026-03-03 14:32:19.366 [TestNG-test-Yt Master Tests-2] INFO  [verifyingGlobalFilterLandingPage] [verifyingGlobalFilterLandingPage] Trying to find element: By.xpath: //yt-multi-page-menu-section-renderer[@class='style-scope ytd-multi-page-menu-renderer']//yt-formatted-string[@id='label' and text()='Deutsch']
2026-03-03 14:32:19.446 [TestNG-test-Yt Master Tests-2] INFO  [verifyingGlobalFilterLandingPage] [verifyingGlobalFilterLandingPage] Element found and ready (attempt 1): By.xpath: //yt-multi-page-menu-section-renderer[@class='style-scope ytd-multi-page-menu-renderer']//yt-formatted-string[@id='label' and text()='Deutsch']
2026-03-03 14:32:21.938 [TestNG-test-Yt Master Tests-2] INFO  [verifyingGlobalFilterLandingPage] Clicking settings ellipses button...
2026-03-03 14:32:22.003 [TestNG-test-Yt Master Tests-2] INFO  [verifyingGlobalFilterLandingPage] [verifyingGlobalFilterLandingPage] Trying to find element: By.xpath: //ytd-topbar-menu-button-renderer[@class='style-scope ytd-masthead style-default']
2026-03-03 14:32:24.217 [TestNG-test-Yt Master Tests-2] INFO  [verifyingGlobalFilterLandingPage] [verifyingGlobalFilterLandingPage] Element found and ready (attempt 1): By.xpath: //ytd-topbar-menu-button-renderer[@class='style-scope ytd-masthead style-default']
2026-03-03 14:32:24.458 [TestNG-test-Yt Master Tests-2] INFO  [verifyingGlobalFilterLandingPage] [verifyingGlobalFilterLandingPage] Waiting until element is visible in viewport
2026-03-03 14:32:25.147 [TestNG-test-Yt Master Tests-2] INFO  [verifyingGlobalFilterLandingPage] [verifyingGlobalFilterLandingPage] Capturing screenshot: Filter Applied is Deutsch__2026-03-03_143225.jpg
2026-03-03 14:32:25.744 [TestNG-test-Yt Master Tests-2] INFO  [verifyingGlobalFilterLandingPage] [verifyingGlobalFilterLandingPage] Screenshot saved at: test-output/screenshots/Run_2026-03-03_14-30-34/verifyingGlobalFilterLandingPage/Filter Applied is Deutsch__2026-03-03_143225.jpg
2026-03-03 14:32:25.745 [TestNG-test-Yt Master Tests-2] INFO  [verifyingGlobalFilterLandingPage] Clicking settings ellipses button...
2026-03-03 14:32:25.745 [TestNG-test-Yt Master Tests-2] INFO  [verifyingGlobalFilterLandingPage] [verifyingGlobalFilterLandingPage] Trying to find element: By.xpath: //ytd-topbar-menu-button-renderer[@class='style-scope ytd-masthead style-default']
2026-03-03 14:32:25.815 [TestNG-test-Yt Master Tests-2] INFO  [verifyingGlobalFilterLandingPage] [verifyingGlobalFilterLandingPage] Element found and ready (attempt 1): By.xpath: //ytd-topbar-menu-button-renderer[@class='style-scope ytd-masthead style-default']
2026-03-03 14:32:25.879 [TestNG-test-Yt Master Tests-2] INFO  [verifyingGlobalFilterLandingPage] Clicking on global filter button in landing page..
2026-03-03 14:32:25.879 [TestNG-test-Yt Master Tests-2] INFO  [verifyingGlobalFilterLandingPage] [verifyingGlobalFilterLandingPage] Trying to click element: By.xpath: //div[@id='filter-button']
2026-03-03 14:32:26.112 [TestNG-test-Yt Master Tests-2] INFO  [verifyingGlobalFilterLandingPage] [verifyingGlobalFilterLandingPage] Clicked successfully (attempt 1): By.xpath: //div[@id='filter-button']
2026-03-03 14:32:26.112 [TestNG-test-Yt Master Tests-2] INFO  [verifyingGlobalFilterLandingPage] [verifyingGlobalFilterLandingPage] Waiting until element is visible in viewport
2026-03-03 14:32:26.142 [TestNG-test-Yt Master Tests-2] INFO  [verifyingGlobalFilterLandingPage] [verifyingGlobalFilterLandingPage] Capturing screenshot: Filter Applied is Deutsch__2026-03-03_143226.jpg
2026-03-03 14:32:26.705 [TestNG-test-Yt Master Tests-2] INFO  [verifyingGlobalFilterLandingPage] [verifyingGlobalFilterLandingPage] Screenshot saved at: test-output/screenshots/Run_2026-03-03_14-30-34/verifyingGlobalFilterLandingPage/Filter Applied is Deutsch__2026-03-03_143226.jpg
2026-03-03 14:32:26.705 [TestNG-test-Yt Master Tests-2] INFO  [verifyingGlobalFilterLandingPage] Fetching the data from the global filter in landing page
2026-03-03 14:32:26.705 [TestNG-test-Yt Master Tests-2] INFO  [verifyingGlobalFilterLandingPage] [verifyingGlobalFilterLandingPage] Trying to find element: By.xpath: //ytd-search-filter-options-dialog-renderer[@class='style-scope ytd-popup-container']
2026-03-03 14:32:26.805 [TestNG-test-Yt Master Tests-2] INFO  [verifyingGlobalFilterLandingPage] [verifyingGlobalFilterLandingPage] Element found and ready (attempt 1): By.xpath: //ytd-search-filter-options-dialog-renderer[@class='style-scope ytd-popup-container']
2026-03-03 14:32:26.852 [TestNG-test-Yt Master Tests-2] INFO  [verifyingGlobalFilterLandingPage] Closing the global filter pop-up in landing page..
2026-03-03 14:32:26.852 [TestNG-test-Yt Master Tests-2] INFO  [verifyingGlobalFilterLandingPage] [verifyingGlobalFilterLandingPage] Trying to find element: By.xpath: //yt-icon[@icon='close']
2026-03-03 14:32:26.927 [TestNG-test-Yt Master Tests-2] INFO  [verifyingGlobalFilterLandingPage] [verifyingGlobalFilterLandingPage] Element found and ready (attempt 1): By.xpath: //yt-icon[@icon='close']
2026-03-03 14:32:27.063 [TestNG-test-Yt Master Tests-2] INFO  [verifyingGlobalFilterLandingPage] Clicking settings ellipses button...
2026-03-03 14:32:27.063 [TestNG-test-Yt Master Tests-2] INFO  [verifyingGlobalFilterLandingPage] [verifyingGlobalFilterLandingPage] Trying to find element: By.xpath: //ytd-topbar-menu-button-renderer[@class='style-scope ytd-masthead style-default']
2026-03-03 14:32:27.307 [TestNG-test-Yt Master Tests-2] INFO  [verifyingGlobalFilterLandingPage] [verifyingGlobalFilterLandingPage] Element found and ready (attempt 1): By.xpath: //ytd-topbar-menu-button-renderer[@class='style-scope ytd-masthead style-default']
2026-03-03 14:32:27.409 [TestNG-test-Yt Master Tests-2] INFO  [verifyingGlobalFilterLandingPage] Clicking language dropdown...
2026-03-03 14:32:27.410 [TestNG-test-Yt Master Tests-2] INFO  [verifyingGlobalFilterLandingPage] [verifyingGlobalFilterLandingPage] Trying to find element: By.xpath: (//div[@id='content-icon'])[2]
2026-03-03 14:32:27.597 [TestNG-test-Yt Master Tests-2] INFO  [verifyingGlobalFilterLandingPage] [verifyingGlobalFilterLandingPage] Element found and ready (attempt 1): By.xpath: (//div[@id='content-icon'])[2]
2026-03-03 14:32:28.079 [TestNG-test-Yt Master Tests-2] INFO  [verifyingGlobalFilterLandingPage] [verifyingGlobalFilterLandingPage] Trying to find element: By.xpath: //yt-multi-page-menu-section-renderer[@class='style-scope ytd-multi-page-menu-renderer']//yt-formatted-string[@id='label' and text()='Eesti']
2026-03-03 14:32:28.228 [TestNG-test-Yt Master Tests-2] INFO  [verifyingGlobalFilterLandingPage] [verifyingGlobalFilterLandingPage] Element found and ready (attempt 1): By.xpath: //yt-multi-page-menu-section-renderer[@class='style-scope ytd-multi-page-menu-renderer']//yt-formatted-string[@id='label' and text()='Eesti']
2026-03-03 14:32:28.228 [TestNG-test-Yt Master Tests-2] INFO  [verifyingGlobalFilterLandingPage] Looking for language element with name: Eesti
2026-03-03 14:32:28.228 [TestNG-test-Yt Master Tests-2] INFO  [verifyingGlobalFilterLandingPage] [verifyingGlobalFilterLandingPage] Within smoothScrollToElement method
2026-03-03 14:32:28.228 [TestNG-test-Yt Master Tests-2] INFO  [verifyingGlobalFilterLandingPage] SafeActions initialized with driver ChromeDriver: chrome on windows (49c5f46996bc3be6ecd715709059b622)
2026-03-03 14:32:28.228 [TestNG-test-Yt Master Tests-2] INFO  [verifyingGlobalFilterLandingPage] [verifyingGlobalFilterLandingPage] Trying to find element: By.xpath: //yt-multi-page-menu-section-renderer[@class='style-scope ytd-multi-page-menu-renderer']//yt-formatted-string[@id='label' and text()='Eesti']
2026-03-03 14:32:28.294 [TestNG-test-Yt Master Tests-2] INFO  [verifyingGlobalFilterLandingPage] [verifyingGlobalFilterLandingPage] Element found and ready (attempt 1): By.xpath: //yt-multi-page-menu-section-renderer[@class='style-scope ytd-multi-page-menu-renderer']//yt-formatted-string[@id='label' and text()='Eesti']
2026-03-03 14:32:28.329 [TestNG-test-Yt Master Tests-2] INFO  [verifyingGlobalFilterLandingPage] [verifyingGlobalFilterLandingPage] Successfully scrolled to element: By.xpath: //yt-multi-page-menu-section-renderer[@class='style-scope ytd-multi-page-menu-renderer']//yt-formatted-string[@id='label' and text()='Eesti']
2026-03-03 14:32:28.329 [TestNG-test-Yt Master Tests-2] INFO  [verifyingGlobalFilterLandingPage] Looking for language element with name: Eesti
2026-03-03 14:32:28.329 [TestNG-test-Yt Master Tests-2] INFO  [verifyingGlobalFilterLandingPage] [verifyingGlobalFilterLandingPage] Trying to find element: By.xpath: //yt-multi-page-menu-section-renderer[@class='style-scope ytd-multi-page-menu-renderer']//yt-formatted-string[@id='label' and text()='Eesti']
2026-03-03 14:32:28.437 [TestNG-test-Yt Master Tests-2] INFO  [verifyingGlobalFilterLandingPage] [verifyingGlobalFilterLandingPage] Element found and ready (attempt 1): By.xpath: //yt-multi-page-menu-section-renderer[@class='style-scope ytd-multi-page-menu-renderer']//yt-formatted-string[@id='label' and text()='Eesti']
2026-03-03 14:32:28.437 [TestNG-test-Yt Master Tests-2] INFO  [verifyingGlobalFilterLandingPage] [verifyingGlobalFilterLandingPage] Trying to find element: By.xpath: //yt-multi-page-menu-section-renderer[@class='style-scope ytd-multi-page-menu-renderer']//yt-formatted-string[@id='label' and text()='Eesti']
2026-03-03 14:32:28.554 [TestNG-test-Yt Master Tests-2] INFO  [verifyingGlobalFilterLandingPage] [verifyingGlobalFilterLandingPage] Element found and ready (attempt 1): By.xpath: //yt-multi-page-menu-section-renderer[@class='style-scope ytd-multi-page-menu-renderer']//yt-formatted-string[@id='label' and text()='Eesti']
2026-03-03 14:32:32.858 [TestNG-test-Yt Master Tests-2] INFO  [verifyingGlobalFilterLandingPage] Clicking settings ellipses button...
2026-03-03 14:32:32.858 [TestNG-test-Yt Master Tests-2] INFO  [verifyingGlobalFilterLandingPage] [verifyingGlobalFilterLandingPage] Trying to find element: By.xpath: //ytd-topbar-menu-button-renderer[@class='style-scope ytd-masthead style-default']
2026-03-03 14:32:33.993 [TestNG-test-Yt Master Tests-2] INFO  [verifyingGlobalFilterLandingPage] [verifyingGlobalFilterLandingPage] Element found and ready (attempt 1): By.xpath: //ytd-topbar-menu-button-renderer[@class='style-scope ytd-masthead style-default']
2026-03-03 14:32:34.258 [TestNG-test-Yt Master Tests-2] INFO  [verifyingGlobalFilterLandingPage] [verifyingGlobalFilterLandingPage] Waiting until element is visible in viewport
2026-03-03 14:32:34.957 [TestNG-test-Yt Master Tests-2] INFO  [verifyingGlobalFilterLandingPage] [verifyingGlobalFilterLandingPage] Capturing screenshot: Filter Applied is Eesti__2026-03-03_143234.jpg
2026-03-03 14:32:35.399 [TestNG-test-Yt Master Tests-2] INFO  [verifyingGlobalFilterLandingPage] [verifyingGlobalFilterLandingPage] Screenshot saved at: test-output/screenshots/Run_2026-03-03_14-30-34/verifyingGlobalFilterLandingPage/Filter Applied is Eesti__2026-03-03_143234.jpg
2026-03-03 14:32:35.399 [TestNG-test-Yt Master Tests-2] INFO  [verifyingGlobalFilterLandingPage] Clicking settings ellipses button...
2026-03-03 14:32:35.399 [TestNG-test-Yt Master Tests-2] INFO  [verifyingGlobalFilterLandingPage] [verifyingGlobalFilterLandingPage] Trying to find element: By.xpath: //ytd-topbar-menu-button-renderer[@class='style-scope ytd-masthead style-default']
2026-03-03 14:32:35.486 [TestNG-test-Yt Master Tests-2] INFO  [verifyingGlobalFilterLandingPage] [verifyingGlobalFilterLandingPage] Element found and ready (attempt 1): By.xpath: //ytd-topbar-menu-button-renderer[@class='style-scope ytd-masthead style-default']
2026-03-03 14:32:35.565 [TestNG-test-Yt Master Tests-2] INFO  [verifyingGlobalFilterLandingPage] Clicking on global filter button in landing page..
2026-03-03 14:32:35.565 [TestNG-test-Yt Master Tests-2] INFO  [verifyingGlobalFilterLandingPage] [verifyingGlobalFilterLandingPage] Trying to click element: By.xpath: //div[@id='filter-button']
2026-03-03 14:32:36.099 [TestNG-test-Yt Master Tests-2] INFO  [verifyingGlobalFilterLandingPage] [verifyingGlobalFilterLandingPage] Clicked successfully (attempt 1): By.xpath: //div[@id='filter-button']
2026-03-03 14:32:36.099 [TestNG-test-Yt Master Tests-2] INFO  [verifyingGlobalFilterLandingPage] [verifyingGlobalFilterLandingPage] Waiting until element is visible in viewport
2026-03-03 14:32:36.192 [TestNG-test-Yt Master Tests-2] INFO  [verifyingGlobalFilterLandingPage] [verifyingGlobalFilterLandingPage] Capturing screenshot: Filter Applied is Eesti__2026-03-03_143236.jpg
2026-03-03 14:32:36.619 [TestNG-test-Yt Master Tests-2] INFO  [verifyingGlobalFilterLandingPage] [verifyingGlobalFilterLandingPage] Screenshot saved at: test-output/screenshots/Run_2026-03-03_14-30-34/verifyingGlobalFilterLandingPage/Filter Applied is Eesti__2026-03-03_143236.jpg
2026-03-03 14:32:36.619 [TestNG-test-Yt Master Tests-2] INFO  [verifyingGlobalFilterLandingPage] Fetching the data from the global filter in landing page
2026-03-03 14:32:36.619 [TestNG-test-Yt Master Tests-2] INFO  [verifyingGlobalFilterLandingPage] [verifyingGlobalFilterLandingPage] Trying to find element: By.xpath: //ytd-search-filter-options-dialog-renderer[@class='style-scope ytd-popup-container']
2026-03-03 14:32:36.697 [TestNG-test-Yt Master Tests-2] INFO  [verifyingGlobalFilterLandingPage] [verifyingGlobalFilterLandingPage] Element found and ready (attempt 1): By.xpath: //ytd-search-filter-options-dialog-renderer[@class='style-scope ytd-popup-container']
2026-03-03 14:32:36.724 [TestNG-test-Yt Master Tests-2] INFO  [verifyingGlobalFilterLandingPage] Closing the global filter pop-up in landing page..
2026-03-03 14:32:36.724 [TestNG-test-Yt Master Tests-2] INFO  [verifyingGlobalFilterLandingPage] [verifyingGlobalFilterLandingPage] Trying to find element: By.xpath: //yt-icon[@icon='close']
2026-03-03 14:32:36.800 [TestNG-test-Yt Master Tests-2] INFO  [verifyingGlobalFilterLandingPage] [verifyingGlobalFilterLandingPage] Element found and ready (attempt 1): By.xpath: //yt-icon[@icon='close']
2026-03-03 14:32:36.894 [TestNG-test-Yt Master Tests-2] INFO  [verifyingGlobalFilterLandingPage] Clicking settings ellipses button...
2026-03-03 14:32:36.894 [TestNG-test-Yt Master Tests-2] INFO  [verifyingGlobalFilterLandingPage] [verifyingGlobalFilterLandingPage] Trying to find element: By.xpath: //ytd-topbar-menu-button-renderer[@class='style-scope ytd-masthead style-default']
2026-03-03 14:32:37.002 [TestNG-test-Yt Master Tests-2] INFO  [verifyingGlobalFilterLandingPage] [verifyingGlobalFilterLandingPage] Element found and ready (attempt 1): By.xpath: //ytd-topbar-menu-button-renderer[@class='style-scope ytd-masthead style-default']
2026-03-03 14:32:37.132 [TestNG-test-Yt Master Tests-2] INFO  [verifyingGlobalFilterLandingPage] Clicking language dropdown...
2026-03-03 14:32:37.133 [TestNG-test-Yt Master Tests-2] INFO  [verifyingGlobalFilterLandingPage] [verifyingGlobalFilterLandingPage] Trying to find element: By.xpath: (//div[@id='content-icon'])[2]
2026-03-03 14:32:37.733 [TestNG-test-Yt Master Tests-2] INFO  [verifyingGlobalFilterLandingPage] [verifyingGlobalFilterLandingPage] Element found and ready (attempt 1): By.xpath: (//div[@id='content-icon'])[2]
2026-03-03 14:32:38.108 [TestNG-test-Yt Master Tests-2] INFO  [verifyingGlobalFilterLandingPage] [verifyingGlobalFilterLandingPage] Trying to find element: By.xpath: //yt-multi-page-menu-section-renderer[@class='style-scope ytd-multi-page-menu-renderer']//yt-formatted-string[@id='label' and text()='English (India)']
2026-03-03 14:32:38.253 [TestNG-test-Yt Master Tests-2] INFO  [verifyingGlobalFilterLandingPage] [verifyingGlobalFilterLandingPage] Element found and ready (attempt 1): By.xpath: //yt-multi-page-menu-section-renderer[@class='style-scope ytd-multi-page-menu-renderer']//yt-formatted-string[@id='label' and text()='English (India)']
2026-03-03 14:32:38.253 [TestNG-test-Yt Master Tests-2] INFO  [verifyingGlobalFilterLandingPage] Looking for language element with name: English (India)
2026-03-03 14:32:38.253 [TestNG-test-Yt Master Tests-2] INFO  [verifyingGlobalFilterLandingPage] [verifyingGlobalFilterLandingPage] Within smoothScrollToElement method
2026-03-03 14:32:38.253 [TestNG-test-Yt Master Tests-2] INFO  [verifyingGlobalFilterLandingPage] SafeActions initialized with driver ChromeDriver: chrome on windows (49c5f46996bc3be6ecd715709059b622)
2026-03-03 14:32:38.253 [TestNG-test-Yt Master Tests-2] INFO  [verifyingGlobalFilterLandingPage] [verifyingGlobalFilterLandingPage] Trying to find element: By.xpath: //yt-multi-page-menu-section-renderer[@class='style-scope ytd-multi-page-menu-renderer']//yt-formatted-string[@id='label' and text()='English (India)']
2026-03-03 14:32:38.324 [TestNG-test-Yt Master Tests-2] INFO  [verifyingGlobalFilterLandingPage] [verifyingGlobalFilterLandingPage] Element found and ready (attempt 1): By.xpath: //yt-multi-page-menu-section-renderer[@class='style-scope ytd-multi-page-menu-renderer']//yt-formatted-string[@id='label' and text()='English (India)']
2026-03-03 14:32:38.358 [TestNG-test-Yt Master Tests-2] INFO  [verifyingGlobalFilterLandingPage] [verifyingGlobalFilterLandingPage] Successfully scrolled to element: By.xpath: //yt-multi-page-menu-section-renderer[@class='style-scope ytd-multi-page-menu-renderer']//yt-formatted-string[@id='label' and text()='English (India)']
2026-03-03 14:32:38.358 [TestNG-test-Yt Master Tests-2] INFO  [verifyingGlobalFilterLandingPage] Looking for language element with name: English (India)
2026-03-03 14:32:38.358 [TestNG-test-Yt Master Tests-2] INFO  [verifyingGlobalFilterLandingPage] [verifyingGlobalFilterLandingPage] Trying to find element: By.xpath: //yt-multi-page-menu-section-renderer[@class='style-scope ytd-multi-page-menu-renderer']//yt-formatted-string[@id='label' and text()='English (India)']
2026-03-03 14:32:38.430 [TestNG-test-Yt Master Tests-2] INFO  [verifyingGlobalFilterLandingPage] [verifyingGlobalFilterLandingPage] Element found and ready (attempt 1): By.xpath: //yt-multi-page-menu-section-renderer[@class='style-scope ytd-multi-page-menu-renderer']//yt-formatted-string[@id='label' and text()='English (India)']
2026-03-03 14:32:38.431 [TestNG-test-Yt Master Tests-2] INFO  [verifyingGlobalFilterLandingPage] [verifyingGlobalFilterLandingPage] Trying to find element: By.xpath: //yt-multi-page-menu-section-renderer[@class='style-scope ytd-multi-page-menu-renderer']//yt-formatted-string[@id='label' and text()='English (India)']
2026-03-03 14:32:38.501 [TestNG-test-Yt Master Tests-2] INFO  [verifyingGlobalFilterLandingPage] [verifyingGlobalFilterLandingPage] Element found and ready (attempt 1): By.xpath: //yt-multi-page-menu-section-renderer[@class='style-scope ytd-multi-page-menu-renderer']//yt-formatted-string[@id='label' and text()='English (India)']
2026-03-03 14:32:41.490 [TestNG-test-Yt Master Tests-2] INFO  [verifyingGlobalFilterLandingPage] Clicking settings ellipses button...
2026-03-03 14:32:41.491 [TestNG-test-Yt Master Tests-2] INFO  [verifyingGlobalFilterLandingPage] [verifyingGlobalFilterLandingPage] Trying to find element: By.xpath: //ytd-topbar-menu-button-renderer[@class='style-scope ytd-masthead style-default']
2026-03-03 14:32:44.040 [TestNG-test-Yt Master Tests-2] INFO  [verifyingGlobalFilterLandingPage] [verifyingGlobalFilterLandingPage] Element found and ready (attempt 1): By.xpath: //ytd-topbar-menu-button-renderer[@class='style-scope ytd-masthead style-default']
2026-03-03 14:32:44.145 [TestNG-test-Yt Master Tests-2] INFO  [verifyingGlobalFilterLandingPage] [verifyingGlobalFilterLandingPage] Waiting until element is visible in viewport
2026-03-03 14:32:44.805 [TestNG-test-Yt Master Tests-2] INFO  [verifyingGlobalFilterLandingPage] [verifyingGlobalFilterLandingPage] Capturing screenshot: Filter Applied is English (India)__2026-03-03_143244.jpg
2026-03-03 14:32:45.272 [TestNG-test-Yt Master Tests-2] INFO  [verifyingGlobalFilterLandingPage] [verifyingGlobalFilterLandingPage] Screenshot saved at: test-output/screenshots/Run_2026-03-03_14-30-34/verifyingGlobalFilterLandingPage/Filter Applied is English (India)__2026-03-03_143244.jpg
2026-03-03 14:32:45.272 [TestNG-test-Yt Master Tests-2] INFO  [verifyingGlobalFilterLandingPage] Clicking settings ellipses button...
2026-03-03 14:32:45.272 [TestNG-test-Yt Master Tests-2] INFO  [verifyingGlobalFilterLandingPage] [verifyingGlobalFilterLandingPage] Trying to find element: By.xpath: //ytd-topbar-menu-button-renderer[@class='style-scope ytd-masthead style-default']
2026-03-03 14:32:45.361 [TestNG-test-Yt Master Tests-2] INFO  [verifyingGlobalFilterLandingPage] [verifyingGlobalFilterLandingPage] Element found and ready (attempt 1): By.xpath: //ytd-topbar-menu-button-renderer[@class='style-scope ytd-masthead style-default']
2026-03-03 14:32:45.529 [TestNG-test-Yt Master Tests-2] INFO  [verifyingGlobalFilterLandingPage] Clicking on global filter button in landing page..
2026-03-03 14:32:45.530 [TestNG-test-Yt Master Tests-2] INFO  [verifyingGlobalFilterLandingPage] [verifyingGlobalFilterLandingPage] Trying to click element: By.xpath: //div[@id='filter-button']
2026-03-03 14:32:45.921 [TestNG-test-Yt Master Tests-2] INFO  [verifyingGlobalFilterLandingPage] [verifyingGlobalFilterLandingPage] Clicked successfully (attempt 1): By.xpath: //div[@id='filter-button']
2026-03-03 14:32:45.923 [TestNG-test-Yt Master Tests-2] INFO  [verifyingGlobalFilterLandingPage] [verifyingGlobalFilterLandingPage] Waiting until element is visible in viewport
2026-03-03 14:32:45.990 [TestNG-test-Yt Master Tests-2] INFO  [verifyingGlobalFilterLandingPage] [verifyingGlobalFilterLandingPage] Capturing screenshot: Filter Applied is English (India)__2026-03-03_143245.jpg
2026-03-03 14:32:46.552 [TestNG-test-Yt Master Tests-2] INFO  [verifyingGlobalFilterLandingPage] [verifyingGlobalFilterLandingPage] Screenshot saved at: test-output/screenshots/Run_2026-03-03_14-30-34/verifyingGlobalFilterLandingPage/Filter Applied is English (India)__2026-03-03_143245.jpg
2026-03-03 14:32:46.553 [TestNG-test-Yt Master Tests-2] INFO  [verifyingGlobalFilterLandingPage] Fetching the data from the global filter in landing page
2026-03-03 14:32:46.553 [TestNG-test-Yt Master Tests-2] INFO  [verifyingGlobalFilterLandingPage] [verifyingGlobalFilterLandingPage] Trying to find element: By.xpath: //ytd-search-filter-options-dialog-renderer[@class='style-scope ytd-popup-container']
2026-03-03 14:32:46.625 [TestNG-test-Yt Master Tests-2] INFO  [verifyingGlobalFilterLandingPage] [verifyingGlobalFilterLandingPage] Element found and ready (attempt 1): By.xpath: //ytd-search-filter-options-dialog-renderer[@class='style-scope ytd-popup-container']
2026-03-03 14:32:46.650 [TestNG-test-Yt Master Tests-2] INFO  [verifyingGlobalFilterLandingPage] Closing the global filter pop-up in landing page..
2026-03-03 14:32:46.650 [TestNG-test-Yt Master Tests-2] INFO  [verifyingGlobalFilterLandingPage] [verifyingGlobalFilterLandingPage] Trying to find element: By.xpath: //yt-icon[@icon='close']
2026-03-03 14:32:46.717 [TestNG-test-Yt Master Tests-2] INFO  [verifyingGlobalFilterLandingPage] [verifyingGlobalFilterLandingPage] Element found and ready (attempt 1): By.xpath: //yt-icon[@icon='close']
2026-03-03 14:32:46.779 [TestNG-test-Yt Master Tests-2] INFO  [verifyingGlobalFilterLandingPage] [verifyingGlobalFilterLandingPage] Not retrying test 'verifyingGlobalFilterLandingPage'. Retry count: 0, Cause: The following asserts failed:
	Mismatch in the Expected and Actual Data for languageAfrikaans expected [Soekfilters
OPLAAIDATUM
Afgelope uur
Vandag
Vandeesweek
Vandeesmaand
Hierdie jaar
TIPE
Video
Kanaal
Snitlys
Fliek
TYDSDUUR
Korter as 4 minute
4–20 minute
Langer as 20 minute
KENMERKE
Regstreeks
4K
HD
Onderskrifte
Creative Commons
360°
VR180
3D
HDR
Ligging
Gekoop
RANGSKIK VOLGENS
Relevansie
Oplaaidatum
Kyktelling
Gradering] but found [Soekfilters
TIPE
Video’s
Kortvideo’s
Kanale
Snitlyste
Flieks
TYDSDUUR
Korter as 3 minute
3-20 minute
Langer as 20 minute
OPLAAIDATUM
Vandag
Vandeesweek
Vandeesmaand
Hierdie jaar
KENMERKE
Regstreeks
4K
HD
Onderskrifte
Creative Commons
360°
VR180
3D
HDR
Ligging
Gekoop
PRIORITISEER
Relevansie
Gewildheid],
	Mismatch in the Expected and Actual Data for languageAzərbaycan expected [Axtarış filtrləri
YÜKLƏMƏ TARIXI
Son saat
Bu gün
Bu həftə
Bu ay
Bu il
NÖV
Video
Kanal
Playlist
Kino
MÜDDƏT
4 dəqiqədən az
4-20 dəqiqə
20 dəqiqədən çox
FUNKSIYALAR
Canlı
4K
HD
Altyazılar/gizli altyazılar
Creative Commons lisenziyalı
360°
VR180
3D
HDR
Məkan
Satın alınmış
SIRALA
uyğunluq
Yükləmə tarixi
Baxış sayı
Reytinq] but found [Axtarış filtrləri
NÖV
Videolar
Shorts
Kanallar
Mahnı siyahıları
Filmlər
MÜDDƏT
3 dəqiqədən az
3 - 20 dəqiqə
20 dəqiqədən çox
YÜKLƏMƏ TARIXI
Bu gün
Bu həftə
Bu ay
Bu il
FUNKSIYALAR
Canlı
4K
HD
Altyazılar/gizli altyazılar
Creative Commons lisenziyalı
360°
VR180
3D
HDR
Məkan
Satın alınmış
PRIORITETLƏŞDIRIN
uyğunluq
Populyarlıq],
	Mismatch in the Expected and Actual Data for languageBahasa Indonesia expected [Filter penelusuran
TANGGAL UPLOAD
Sejam terakhir
Hari ini
Minggu ini
Bulan ini
Tahun ini
JENIS
Video
Channel
Playlist
Film
DURASI
Kurang dari 4 menit
4 - 20 menit
Lebih dari 20 menit
FITUR
Live
4K
HD
Subtitel/CC
Creative Commons
360°
VR180
3D
HDR
Lokasi
Dibeli
URUTKAN MENURUT
Relevansi
Tanggal upload
Jumlah tayangan
Rating] but found [Filter penelusuran
JENIS
Video
Shorts
Channel
Playlist
Film
DURASI
Kurang dari 3 menit
3—20 menit
Lebih dari 20 menit
TANGGAL UPLOAD
Hari ini
Minggu ini
Bulan ini
Tahun ini
FITUR
Live
4K
HD
Subtitel/CC
Creative Commons
360°
VR180
3D
HDR
Lokasi
Dibeli
PRIORITASKAN
Relevansi
Popularitas],
	Mismatch in the Expected and Actual Data for languageBosanski expected [Filteri pretraživanja
DATUM OTPREMANJA
Posljednji sat
Danas
Ova sedmica
Ovog mjeseca
Ove godine
VRSTA
Videozapis
Kanal
Plejlista
Film
TRAJANJE
Manje od 4 minute
4 - 20 minuta
Više od 20 minuta
FUNKCIJE
Uživo
4K
HD
Titlovi
Creative Commons
360°
VR180
3D
HDR
Lokacija
Kupljeno
POREDAJ PO:
Relevantnost
Datum otpremanja
Broj pregleda
Ocjena] but found [Filteri pretraživanja
VRSTA
Videozapisi
Shortsi
Kanali
Plejliste
Filmovi
TRAJANJE
Manje od 3 minute
3–20 minuta
Više od 20 minuta
DATUM OTPREMANJA
Danas
Ova sedmica
Ovog mjeseca
Ove godine
FUNKCIJE
Uživo
4K
HD
Titlovi
Creative Commons
360°
VR180
3D
HDR
Lokacija
Kupljeno
DAVANJE PRIORITETA
Relevantnost
Popularnost],
	Mismatch in the Expected and Actual Data for languageCatalà expected [Filtres de cerca
DATA DE PUJADA
Darrera hora
Avui
Aquesta setmana
Aquest mes
Aquest any
TIPUS
Vídeo
Canal
Llista de reproducció
Pel·lícula
DURADA
Menys de 4 minuts
4-20 minuts
Més de 20 minuts
FUNCIONS
En directe
4K
HD
Subtítols
Creative Commons
360°
VR180
3D
HDR
Ubicació
Comprat
ORDENA PER
Rellevància
Data de pujada
Visualitzacions
Puntuació] but found [Filtres de cerca
TIPUS
Vídeos
Curts
Canals
Llistes de reproducció
Pel·lícules
DURADA
Menys de 3 minuts
Entre 3 i 20 de minuts
Més de 20 minuts
DATA DE PUJADA
Avui
Aquesta setmana
Aquest mes
Aquest any
FUNCIONS
En directe
4K
HD
Subtítols
Creative Commons
360°
VR180
3D
HDR
Ubicació
Comprat
PRIORITZA
Rellevància
Popularitat],
	Mismatch in the Expected and Actual Data for languageDansk expected [Søgefiltre
DATO FOR UPLOAD
Seneste time
I dag
Denne uge
Denne måned
I år
TYPE
Video
Kanal
Playliste
Film
VARIGHED
Under 4 minutter
4-20 minutter
Over 20 minutter
EGENSKABER
Live
4K
HD
Undertekster
Creative Commons
360°
VR180
3D
HDR
Lokation
Købt
SORTER EFTER
Relevans
Dato for upload
Antal visninger
Bedømmelse] but found [Søgefiltre
TYPE
Videoer
Shorts
Kanaler
Playlister
Film
VARIGHED
Under 3 minutter
3-20 minutter
Over 20 minutter
DATO FOR UPLOAD
I dag
Denne uge
Denne måned
I år
EGENSKABER
Live
4K
HD
Undertekster
Creative Commons
360°
VR180
3D
HDR
Lokation
Købt
PRIORITER
Relevans
Popularitet],
	Mismatch in the Expected and Actual Data for languageDeutsch expected [Suchfilter
HOCHLADEDATUM
Letzte Stunde
Heute
Diese Woche
Dieser Monat
Dieses Jahr
TYP
Video
Kanal
Playlist
Film
DAUER
Kürzer als 4 Minuten
4–20 Minuten
Länger als 20 Minuten
EIGENSCHAFTEN
Live
4K
HD
Untertitel/CC
Creative Commons
360°
VR180
3D
HDR
Standort
Gekauft
SORTIEREN NACH
Relevanz
Upload-Datum
Anzahl der Aufrufe
Bewertung] but found [Suchfilter
TYP
Videos
Shorts
Kanäle
Playlists
Filme
DAUER
Kürzer als 3 Minuten
3–20 Minuten
Länger als 20 Minuten
HOCHLADEDATUM
Heute
Diese Woche
Dieser Monat
Dieses Jahr
EIGENSCHAFTEN
Live
4K
HD
Untertitel/CC
Creative Commons
360°
VR180
3D
HDR
Standort
Gekauft
PRIORISIEREN
Relevanz
Beliebtheit],
	Mismatch in the Expected and Actual Data for languageEesti expected [Otsingufiltrid
ÜLESLAADIMISE KUUPÄEV
Viimane tund
Täna
See nädal
See kuu
See aasta
TÜÜP
Video
Kanal
Esitusloend
Film
KESTUS
Alla 4 minuti
4–20 minutit
Üle 20 minuti
FUNKTSIOONID
Reaalajas
4K
HD
Subtiitrid
Creative Commons
360°
VR180
3D
HDR
Asukoht
Ostetud
SORDI LÄHTUDES
Asjakohasus
Üleslaadimiskuupäev
Vaatamiste arv
Hinnang] but found [Otsingufiltrid
TÜÜP
Videod
Lühivideod
Kanalid
Esitusloendid
Filmid
KESTUS
Alla 3 minuti
3–20 minutit
Üle 20 minuti
ÜLESLAADIMISE KUUPÄEV
Täna
See nädal
See kuu
See aasta
FUNKTSIOONID
Reaalajas
4K
HD
Subtiitrid
Creative Commons
360°
VR180
3D
HDR
Asukoht
Ostetud
PRIORITEETSUS
Asjakohasus
Populaarsus],
	Mismatch in the Expected and Actual Data for languageEnglish (India) expected [Search filters
UPLOAD DATE
Last hour
Today
This week
This month
This year
TYPE
Video
Channel
Playlist
Film
DURATION
Under 4 minutes
4–20 minutes
Over 20 minutes
FEATURES
Live
4K
HD
Subtitles/CC
Creative Commons
360°
VR180
3D
HDR
Location
Purchased
SORT BY
Relevance
Upload date
View count
Rating] but found [Search filters
TYPE
Videos
Shorts
Channels
Playlists
Movies
DURATION
Under 3 minutes
3–20 minutes
Over 20 minutes
UPLOAD DATE
Today
This week
This month
This year
FEATURES
Live
4K
HD
Subtitles/CC
Creative Commons
360°
VR180
3D
HDR
Location
Purchased
PRIORITISE
Relevance
Popularity]
2026-03-03 14:32:46.798 [TestNG-test-Yt Master Tests-2] ERROR [verifyingGlobalFilterLandingPage] Test FAILED: verifyingGlobalFilterLandingPage - java.lang.AssertionError: The following asserts failed:
	Mismatch in the Expected and Actual Data for languageAfrikaans expected [Soekfilters
OPLAAIDATUM
Afgelope uur
Vandag
Vandeesweek
Vandeesmaand
Hierdie jaar
TIPE
Video
Kanaal
Snitlys
Fliek
TYDSDUUR
Korter as 4 minute
4–20 minute
Langer as 20 minute
KENMERKE
Regstreeks
4K
HD
Onderskrifte
Creative Commons
360°
VR180
3D
HDR
Ligging
Gekoop
RANGSKIK VOLGENS
Relevansie
Oplaaidatum
Kyktelling
Gradering] but found [Soekfilters
TIPE
Video’s
Kortvideo’s
Kanale
Snitlyste
Flieks
TYDSDUUR
Korter as 3 minute
3-20 minute
Langer as 20 minute
OPLAAIDATUM
Vandag
Vandeesweek
Vandeesmaand
Hierdie jaar
KENMERKE
Regstreeks
4K
HD
Onderskrifte
Creative Commons
360°
VR180
3D
HDR
Ligging
Gekoop
PRIORITISEER
Relevansie
Gewildheid],
	Mismatch in the Expected and Actual Data for languageAzərbaycan expected [Axtarış filtrləri
YÜKLƏMƏ TARIXI
Son saat
Bu gün
Bu həftə
Bu ay
Bu il
NÖV
Video
Kanal
Playlist
Kino
MÜDDƏT
4 dəqiqədən az
4-20 dəqiqə
20 dəqiqədən çox
FUNKSIYALAR
Canlı
4K
HD
Altyazılar/gizli altyazılar
Creative Commons lisenziyalı
360°
VR180
3D
HDR
Məkan
Satın alınmış
SIRALA
uyğunluq
Yükləmə tarixi
Baxış sayı
Reytinq] but found [Axtarış filtrləri
NÖV
Videolar
Shorts
Kanallar
Mahnı siyahıları
Filmlər
MÜDDƏT
3 dəqiqədən az
3 - 20 dəqiqə
20 dəqiqədən çox
YÜKLƏMƏ TARIXI
Bu gün
Bu həftə
Bu ay
Bu il
FUNKSIYALAR
Canlı
4K
HD
Altyazılar/gizli altyazılar
Creative Commons lisenziyalı
360°
VR180
3D
HDR
Məkan
Satın alınmış
PRIORITETLƏŞDIRIN
uyğunluq
Populyarlıq],
	Mismatch in the Expected and Actual Data for languageBahasa Indonesia expected [Filter penelusuran
TANGGAL UPLOAD
Sejam terakhir
Hari ini
Minggu ini
Bulan ini
Tahun ini
JENIS
Video
Channel
Playlist
Film
DURASI
Kurang dari 4 menit
4 - 20 menit
Lebih dari 20 menit
FITUR
Live
4K
HD
Subtitel/CC
Creative Commons
360°
VR180
3D
HDR
Lokasi
Dibeli
URUTKAN MENURUT
Relevansi
Tanggal upload
Jumlah tayangan
Rating] but found [Filter penelusuran
JENIS
Video
Shorts
Channel
Playlist
Film
DURASI
Kurang dari 3 menit
3—20 menit
Lebih dari 20 menit
TANGGAL UPLOAD
Hari ini
Minggu ini
Bulan ini
Tahun ini
FITUR
Live
4K
HD
Subtitel/CC
Creative Commons
360°
VR180
3D
HDR
Lokasi
Dibeli
PRIORITASKAN
Relevansi
Popularitas],
	Mismatch in the Expected and Actual Data for languageBosanski expected [Filteri pretraživanja
DATUM OTPREMANJA
Posljednji sat
Danas
Ova sedmica
Ovog mjeseca
Ove godine
VRSTA
Videozapis
Kanal
Plejlista
Film
TRAJANJE
Manje od 4 minute
4 - 20 minuta
Više od 20 minuta
FUNKCIJE
Uživo
4K
HD
Titlovi
Creative Commons
360°
VR180
3D
HDR
Lokacija
Kupljeno
POREDAJ PO:
Relevantnost
Datum otpremanja
Broj pregleda
Ocjena] but found [Filteri pretraživanja
VRSTA
Videozapisi
Shortsi
Kanali
Plejliste
Filmovi
TRAJANJE
Manje od 3 minute
3–20 minuta
Više od 20 minuta
DATUM OTPREMANJA
Danas
Ova sedmica
Ovog mjeseca
Ove godine
FUNKCIJE
Uživo
4K
HD
Titlovi
Creative Commons
360°
VR180
3D
HDR
Lokacija
Kupljeno
DAVANJE PRIORITETA
Relevantnost
Popularnost],
	Mismatch in the Expected and Actual Data for languageCatalà expected [Filtres de cerca
DATA DE PUJADA
Darrera hora
Avui
Aquesta setmana
Aquest mes
Aquest any
TIPUS
Vídeo
Canal
Llista de reproducció
Pel·lícula
DURADA
Menys de 4 minuts
4-20 minuts
Més de 20 minuts
FUNCIONS
En directe
4K
HD
Subtítols
Creative Commons
360°
VR180
3D
HDR
Ubicació
Comprat
ORDENA PER
Rellevància
Data de pujada
Visualitzacions
Puntuació] but found [Filtres de cerca
TIPUS
Vídeos
Curts
Canals
Llistes de reproducció
Pel·lícules
DURADA
Menys de 3 minuts
Entre 3 i 20 de minuts
Més de 20 minuts
DATA DE PUJADA
Avui
Aquesta setmana
Aquest mes
Aquest any
FUNCIONS
En directe
4K
HD
Subtítols
Creative Commons
360°
VR180
3D
HDR
Ubicació
Comprat
PRIORITZA
Rellevància
Popularitat],
	Mismatch in the Expected and Actual Data for languageDansk expected [Søgefiltre
DATO FOR UPLOAD
Seneste time
I dag
Denne uge
Denne måned
I år
TYPE
Video
Kanal
Playliste
Film
VARIGHED
Under 4 minutter
4-20 minutter
Over 20 minutter
EGENSKABER
Live
4K
HD
Undertekster
Creative Commons
360°
VR180
3D
HDR
Lokation
Købt
SORTER EFTER
Relevans
Dato for upload
Antal visninger
Bedømmelse] but found [Søgefiltre
TYPE
Videoer
Shorts
Kanaler
Playlister
Film
VARIGHED
Under 3 minutter
3-20 minutter
Over 20 minutter
DATO FOR UPLOAD
I dag
Denne uge
Denne måned
I år
EGENSKABER
Live
4K
HD
Undertekster
Creative Commons
360°
VR180
3D
HDR
Lokation
Købt
PRIORITER
Relevans
Popularitet],
	Mismatch in the Expected and Actual Data for languageDeutsch expected [Suchfilter
HOCHLADEDATUM
Letzte Stunde
Heute
Diese Woche
Dieser Monat
Dieses Jahr
TYP
Video
Kanal
Playlist
Film
DAUER
Kürzer als 4 Minuten
4–20 Minuten
Länger als 20 Minuten
EIGENSCHAFTEN
Live
4K
HD
Untertitel/CC
Creative Commons
360°
VR180
3D
HDR
Standort
Gekauft
SORTIEREN NACH
Relevanz
Upload-Datum
Anzahl der Aufrufe
Bewertung] but found [Suchfilter
TYP
Videos
Shorts
Kanäle
Playlists
Filme
DAUER
Kürzer als 3 Minuten
3–20 Minuten
Länger als 20 Minuten
HOCHLADEDATUM
Heute
Diese Woche
Dieser Monat
Dieses Jahr
EIGENSCHAFTEN
Live
4K
HD
Untertitel/CC
Creative Commons
360°
VR180
3D
HDR
Standort
Gekauft
PRIORISIEREN
Relevanz
Beliebtheit],
	Mismatch in the Expected and Actual Data for languageEesti expected [Otsingufiltrid
ÜLESLAADIMISE KUUPÄEV
Viimane tund
Täna
See nädal
See kuu
See aasta
TÜÜP
Video
Kanal
Esitusloend
Film
KESTUS
Alla 4 minuti
4–20 minutit
Üle 20 minuti
FUNKTSIOONID
Reaalajas
4K
HD
Subtiitrid
Creative Commons
360°
VR180
3D
HDR
Asukoht
Ostetud
SORDI LÄHTUDES
Asjakohasus
Üleslaadimiskuupäev
Vaatamiste arv
Hinnang] but found [Otsingufiltrid
TÜÜP
Videod
Lühivideod
Kanalid
Esitusloendid
Filmid
KESTUS
Alla 3 minuti
3–20 minutit
Üle 20 minuti
ÜLESLAADIMISE KUUPÄEV
Täna
See nädal
See kuu
See aasta
FUNKTSIOONID
Reaalajas
4K
HD
Subtiitrid
Creative Commons
360°
VR180
3D
HDR
Asukoht
Ostetud
PRIORITEETSUS
Asjakohasus
Populaarsus],
	Mismatch in the Expected and Actual Data for languageEnglish (India) expected [Search filters
UPLOAD DATE
Last hour
Today
This week
This month
This year
TYPE
Video
Channel
Playlist
Film
DURATION
Under 4 minutes
4–20 minutes
Over 20 minutes
FEATURES
Live
4K
HD
Subtitles/CC
Creative Commons
360°
VR180
3D
HDR
Location
Purchased
SORT BY
Relevance
Upload date
View count
Rating] but found [Search filters
TYPE
Videos
Shorts
Channels
Playlists
Movies
DURATION
Under 3 minutes
3–20 minutes
Over 20 minutes
UPLOAD DATE
Today
This week
This month
This year
FEATURES
Live
4K
HD
Subtitles/CC
Creative Commons
360°
VR180
3D
HDR
Location
Purchased
PRIORITISE
Relevance
Popularity]
2026-03-03 14:32:46.799 [TestNG-test-Yt Master Tests-2] INFO  [verifyingGlobalFilterLandingPage] Closing WebDriver for thread: 35
2026-03-03 14:32:47.247 [TestNG-test-Yt Master Tests-2] INFO  [verifyingGlobalFilterLandingPage] WebDriver instance removed from ThreadLocal for thread: 35
2026-03-03 14:32:47.248 [TestNG-test-Yt Master Tests-2] INFO  [verifyingGlobalFilterLandingPage] Driver closed for test: verifyingGlobalFilterLandingPage
