17:55:38 [TestNG-test-Yt Master Tests-2] INFO  verifyingSideMenuCollapsedLangAsInSettings_17-55-38 - No existing WebDriver found for current thread. Initializing a new ChromeDriver...
17:55:38 [TestNG-test-Yt Master Tests-2] INFO  verifyingSideMenuCollapsedLangAsInSettings_17-55-38 - WebDriverManager: chromedriver setup OK
17:55:40 [TestNG-test-Yt Master Tests-2] INFO  verifyingSideMenuCollapsedLangAsInSettings_17-55-38 - ChromeDriver initialized successfully for thread: 35
17:55:40 [TestNG-test-Yt Master Tests-2] INFO  verifyingSideMenuCollapsedLangAsInSettings_17-55-38 - SafeActions initialized with driver ChromeDriver: chrome on windows (fb5e8b606dce79f7c38febfc39c8d579)
17:55:40 [TestNG-test-Yt Master Tests-2] INFO  verifyingSideMenuCollapsedLangAsInSettings_17-55-38 - Initialized YtLandingPage with driver: ChromeDriver: chrome on windows (fb5e8b606dce79f7c38febfc39c8d579)
17:55:40 [TestNG-test-Yt Master Tests-2] INFO  verifyingSideMenuCollapsedLangAsInSettings_17-55-38 - SafeActions initialized with driver ChromeDriver: chrome on windows (fb5e8b606dce79f7c38febfc39c8d579)
17:55:48 [TestNG-test-Yt Master Tests-2] INFO  verifyingSideMenuCollapsedLangAsInSettings_17-55-38 - Opened YouTube landing page.
17:55:48 [TestNG-test-Yt Master Tests-2] INFO  verifyingSideMenuCollapsedLangAsInSettings_17-55-38 - Clicking left ellipses in the landing page
17:55:48 [TestNG-test-Yt Master Tests-2] INFO  verifyingSideMenuCollapsedLangAsInSettings_17-55-38 - [verifyingSideMenuCollapsedLangAsInSettings_17-55-38] Trying to find element: By.xpath: //ytd-topbar-logo-renderer[@id='logo']/preceding-sibling::*[@id='guide-button']
17:55:49 [TestNG-test-Yt Master Tests-2] INFO  verifyingSideMenuCollapsedLangAsInSettings_17-55-38 - [verifyingSideMenuCollapsedLangAsInSettings_17-55-38] Element found and ready (attempt 1): By.xpath: //ytd-topbar-logo-renderer[@id='logo']/preceding-sibling::*[@id='guide-button']
17:55:49 [TestNG-test-Yt Master Tests-2] INFO  verifyingSideMenuCollapsedLangAsInSettings_17-55-38 - Clicking settings ellipses button...
17:55:50 [TestNG-test-Yt Master Tests-2] INFO  verifyingSideMenuCollapsedLangAsInSettings_17-55-38 - [verifyingSideMenuCollapsedLangAsInSettings_17-55-38] Trying to find element: By.xpath: //ytd-topbar-menu-button-renderer[@class='style-scope ytd-masthead style-default']
17:55:50 [TestNG-test-Yt Master Tests-2] INFO  verifyingSideMenuCollapsedLangAsInSettings_17-55-38 - [verifyingSideMenuCollapsedLangAsInSettings_17-55-38] Element found and ready (attempt 1): By.xpath: //ytd-topbar-menu-button-renderer[@class='style-scope ytd-masthead style-default']
17:55:50 [TestNG-test-Yt Master Tests-2] INFO  verifyingSideMenuCollapsedLangAsInSettings_17-55-38 - Clicking language dropdown...
17:55:50 [TestNG-test-Yt Master Tests-2] INFO  verifyingSideMenuCollapsedLangAsInSettings_17-55-38 - [verifyingSideMenuCollapsedLangAsInSettings_17-55-38] Trying to find element: By.xpath: (//div[@id='content-icon'])[2]
17:55:51 [TestNG-test-Yt Master Tests-2] INFO  verifyingSideMenuCollapsedLangAsInSettings_17-55-38 - [verifyingSideMenuCollapsedLangAsInSettings_17-55-38] Element found and ready (attempt 1): By.xpath: (//div[@id='content-icon'])[2]
17:55:51 [TestNG-test-Yt Master Tests-2] INFO  verifyingSideMenuCollapsedLangAsInSettings_17-55-38 - [verifyingSideMenuCollapsedLangAsInSettings_17-55-38] Execution is Not CRON Job Hence refering to normal keys from UtilData
17:55:51 [TestNG-test-Yt Master Tests-2] INFO  verifyingSideMenuCollapsedLangAsInSettings_17-55-38 - Looking for language element with name: Afrikaans
17:55:51 [TestNG-test-Yt Master Tests-2] INFO  verifyingSideMenuCollapsedLangAsInSettings_17-55-38 - [verifyingSideMenuCollapsedLangAsInSettings_17-55-38] Trying to find element: By.xpath: //yt-multi-page-menu-section-renderer[@class='style-scope ytd-multi-page-menu-renderer']//yt-formatted-string[@id='label' and text()='Afrikaans']
17:55:52 [TestNG-test-Yt Master Tests-2] INFO  verifyingSideMenuCollapsedLangAsInSettings_17-55-38 - [verifyingSideMenuCollapsedLangAsInSettings_17-55-38] Element found and ready (attempt 1): By.xpath: //yt-multi-page-menu-section-renderer[@class='style-scope ytd-multi-page-menu-renderer']//yt-formatted-string[@id='label' and text()='Afrikaans']
17:55:52 [TestNG-test-Yt Master Tests-2] INFO  verifyingSideMenuCollapsedLangAsInSettings_17-55-38 - [verifyingSideMenuCollapsedLangAsInSettings_17-55-38] Trying to find element: By.xpath: //yt-multi-page-menu-section-renderer[@class='style-scope ytd-multi-page-menu-renderer']//yt-formatted-string[@id='label' and text()='Afrikaans']
17:55:52 [TestNG-test-Yt Master Tests-2] INFO  verifyingSideMenuCollapsedLangAsInSettings_17-55-38 - [verifyingSideMenuCollapsedLangAsInSettings_17-55-38] Element found and ready (attempt 1): By.xpath: //yt-multi-page-menu-section-renderer[@class='style-scope ytd-multi-page-menu-renderer']//yt-formatted-string[@id='label' and text()='Afrikaans']
17:55:56 [TestNG-test-Yt Master Tests-2] INFO  verifyingSideMenuCollapsedLangAsInSettings_17-55-38 - Clicking settings ellipses button...
17:55:56 [TestNG-test-Yt Master Tests-2] INFO  verifyingSideMenuCollapsedLangAsInSettings_17-55-38 - [verifyingSideMenuCollapsedLangAsInSettings_17-55-38] Trying to find element: By.xpath: //ytd-topbar-menu-button-renderer[@class='style-scope ytd-masthead style-default']
17:55:56 [TestNG-test-Yt Master Tests-2] INFO  verifyingSideMenuCollapsedLangAsInSettings_17-55-38 - [verifyingSideMenuCollapsedLangAsInSettings_17-55-38] Element found and ready (attempt 1): By.xpath: //ytd-topbar-menu-button-renderer[@class='style-scope ytd-masthead style-default']
17:55:57 [TestNG-test-Yt Master Tests-2] INFO  verifyingSideMenuCollapsedLangAsInSettings_17-55-38 - [verifyingSideMenuCollapsedLangAsInSettings_17-55-38] Waiting until element is visible in viewport
17:55:57 [TestNG-test-Yt Master Tests-2] INFO  verifyingSideMenuCollapsedLangAsInSettings_17-55-38 - Clicking settings ellipses button...
17:55:57 [TestNG-test-Yt Master Tests-2] INFO  verifyingSideMenuCollapsedLangAsInSettings_17-55-38 - [verifyingSideMenuCollapsedLangAsInSettings_17-55-38] Trying to find element: By.xpath: //ytd-topbar-menu-button-renderer[@class='style-scope ytd-masthead style-default']
17:55:57 [TestNG-test-Yt Master Tests-2] INFO  verifyingSideMenuCollapsedLangAsInSettings_17-55-38 - [verifyingSideMenuCollapsedLangAsInSettings_17-55-38] Element found and ready (attempt 1): By.xpath: //ytd-topbar-menu-button-renderer[@class='style-scope ytd-masthead style-default']
17:55:57 [TestNG-test-Yt Master Tests-2] INFO  verifyingSideMenuCollapsedLangAsInSettings_17-55-38 - getLangAttribute() - locating <html> and reading lang property
17:55:58 [TestNG-test-Yt Master Tests-2] INFO  verifyingSideMenuCollapsedLangAsInSettings_17-55-38 - Language attribute read: af-ZA
17:55:58 [TestNG-test-Yt Master Tests-2] INFO  verifyingSideMenuCollapsedLangAsInSettings_17-55-38 - Fetching the side menu in collapsed view
17:55:58 [TestNG-test-Yt Master Tests-2] INFO  verifyingSideMenuCollapsedLangAsInSettings_17-55-38 - [verifyingSideMenuCollapsedLangAsInSettings_17-55-38] Finding elements list: By.xpath: //ytd-mini-guide-renderer[@class='style-scope ytd-app']//ytd-mini-guide-entry-renderer
17:55:58 [TestNG-test-Yt Master Tests-2] INFO  verifyingSideMenuCollapsedLangAsInSettings_17-55-38 - [verifyingSideMenuCollapsedLangAsInSettings_17-55-38] Found 4 ready elements (attempt 1): By.xpath: //ytd-mini-guide-renderer[@class='style-scope ytd-app']//ytd-mini-guide-entry-renderer
17:55:58 [TestNG-test-Yt Master Tests-2] INFO  verifyingSideMenuCollapsedLangAsInSettings_17-55-38 - Clicking settings ellipses button...
17:55:58 [TestNG-test-Yt Master Tests-2] INFO  verifyingSideMenuCollapsedLangAsInSettings_17-55-38 - [verifyingSideMenuCollapsedLangAsInSettings_17-55-38] Trying to find element: By.xpath: //ytd-topbar-menu-button-renderer[@class='style-scope ytd-masthead style-default']
17:55:58 [TestNG-test-Yt Master Tests-2] INFO  verifyingSideMenuCollapsedLangAsInSettings_17-55-38 - [verifyingSideMenuCollapsedLangAsInSettings_17-55-38] Element found and ready (attempt 1): By.xpath: //ytd-topbar-menu-button-renderer[@class='style-scope ytd-masthead style-default']
17:55:59 [TestNG-test-Yt Master Tests-2] INFO  verifyingSideMenuCollapsedLangAsInSettings_17-55-38 - Clicking language dropdown...
17:55:59 [TestNG-test-Yt Master Tests-2] INFO  verifyingSideMenuCollapsedLangAsInSettings_17-55-38 - [verifyingSideMenuCollapsedLangAsInSettings_17-55-38] Trying to find element: By.xpath: (//div[@id='content-icon'])[2]
17:56:01 [TestNG-test-Yt Master Tests-2] INFO  verifyingSideMenuCollapsedLangAsInSettings_17-55-38 - [verifyingSideMenuCollapsedLangAsInSettings_17-55-38] Element found and ready (attempt 1): By.xpath: (//div[@id='content-icon'])[2]
17:56:02 [TestNG-test-Yt Master Tests-2] INFO  verifyingSideMenuCollapsedLangAsInSettings_17-55-38 - Looking for language element with name: Azərbaycan
17:56:02 [TestNG-test-Yt Master Tests-2] INFO  verifyingSideMenuCollapsedLangAsInSettings_17-55-38 - [verifyingSideMenuCollapsedLangAsInSettings_17-55-38] Trying to find element: By.xpath: //yt-multi-page-menu-section-renderer[@class='style-scope ytd-multi-page-menu-renderer']//yt-formatted-string[@id='label' and text()='Azərbaycan']
17:56:03 [TestNG-test-Yt Master Tests-2] INFO  verifyingSideMenuCollapsedLangAsInSettings_17-55-38 - [verifyingSideMenuCollapsedLangAsInSettings_17-55-38] Element found and ready (attempt 1): By.xpath: //yt-multi-page-menu-section-renderer[@class='style-scope ytd-multi-page-menu-renderer']//yt-formatted-string[@id='label' and text()='Azərbaycan']
17:56:03 [TestNG-test-Yt Master Tests-2] INFO  verifyingSideMenuCollapsedLangAsInSettings_17-55-38 - [verifyingSideMenuCollapsedLangAsInSettings_17-55-38] Trying to find element: By.xpath: //yt-multi-page-menu-section-renderer[@class='style-scope ytd-multi-page-menu-renderer']//yt-formatted-string[@id='label' and text()='Azərbaycan']
17:56:03 [TestNG-test-Yt Master Tests-2] INFO  verifyingSideMenuCollapsedLangAsInSettings_17-55-38 - [verifyingSideMenuCollapsedLangAsInSettings_17-55-38] Element found and ready (attempt 1): By.xpath: //yt-multi-page-menu-section-renderer[@class='style-scope ytd-multi-page-menu-renderer']//yt-formatted-string[@id='label' and text()='Azərbaycan']
17:56:05 [TestNG-test-Yt Master Tests-2] INFO  verifyingSideMenuCollapsedLangAsInSettings_17-55-38 - Clicking settings ellipses button...
17:56:05 [TestNG-test-Yt Master Tests-2] INFO  verifyingSideMenuCollapsedLangAsInSettings_17-55-38 - [verifyingSideMenuCollapsedLangAsInSettings_17-55-38] Trying to find element: By.xpath: //ytd-topbar-menu-button-renderer[@class='style-scope ytd-masthead style-default']
17:56:05 [TestNG-test-Yt Master Tests-2] INFO  verifyingSideMenuCollapsedLangAsInSettings_17-55-38 - [verifyingSideMenuCollapsedLangAsInSettings_17-55-38] Element found and ready (attempt 1): By.xpath: //ytd-topbar-menu-button-renderer[@class='style-scope ytd-masthead style-default']
17:56:05 [TestNG-test-Yt Master Tests-2] INFO  verifyingSideMenuCollapsedLangAsInSettings_17-55-38 - [verifyingSideMenuCollapsedLangAsInSettings_17-55-38] Waiting until element is visible in viewport
17:56:06 [TestNG-test-Yt Master Tests-2] INFO  verifyingSideMenuCollapsedLangAsInSettings_17-55-38 - Clicking settings ellipses button...
17:56:06 [TestNG-test-Yt Master Tests-2] INFO  verifyingSideMenuCollapsedLangAsInSettings_17-55-38 - [verifyingSideMenuCollapsedLangAsInSettings_17-55-38] Trying to find element: By.xpath: //ytd-topbar-menu-button-renderer[@class='style-scope ytd-masthead style-default']
17:56:06 [TestNG-test-Yt Master Tests-2] INFO  verifyingSideMenuCollapsedLangAsInSettings_17-55-38 - [verifyingSideMenuCollapsedLangAsInSettings_17-55-38] Element found and ready (attempt 1): By.xpath: //ytd-topbar-menu-button-renderer[@class='style-scope ytd-masthead style-default']
17:56:06 [TestNG-test-Yt Master Tests-2] INFO  verifyingSideMenuCollapsedLangAsInSettings_17-55-38 - getLangAttribute() - locating <html> and reading lang property
17:56:06 [TestNG-test-Yt Master Tests-2] INFO  verifyingSideMenuCollapsedLangAsInSettings_17-55-38 - Language attribute read: az-Latn-AZ
17:56:06 [TestNG-test-Yt Master Tests-2] INFO  verifyingSideMenuCollapsedLangAsInSettings_17-55-38 - Fetching the side menu in collapsed view
17:56:06 [TestNG-test-Yt Master Tests-2] INFO  verifyingSideMenuCollapsedLangAsInSettings_17-55-38 - [verifyingSideMenuCollapsedLangAsInSettings_17-55-38] Finding elements list: By.xpath: //ytd-mini-guide-renderer[@class='style-scope ytd-app']//ytd-mini-guide-entry-renderer
17:56:07 [TestNG-test-Yt Master Tests-2] INFO  verifyingSideMenuCollapsedLangAsInSettings_17-55-38 - [verifyingSideMenuCollapsedLangAsInSettings_17-55-38] Found 4 ready elements (attempt 1): By.xpath: //ytd-mini-guide-renderer[@class='style-scope ytd-app']//ytd-mini-guide-entry-renderer
17:56:07 [TestNG-test-Yt Master Tests-2] INFO  verifyingSideMenuCollapsedLangAsInSettings_17-55-38 - Clicking settings ellipses button...
17:56:07 [TestNG-test-Yt Master Tests-2] INFO  verifyingSideMenuCollapsedLangAsInSettings_17-55-38 - [verifyingSideMenuCollapsedLangAsInSettings_17-55-38] Trying to find element: By.xpath: //ytd-topbar-menu-button-renderer[@class='style-scope ytd-masthead style-default']
17:56:07 [TestNG-test-Yt Master Tests-2] INFO  verifyingSideMenuCollapsedLangAsInSettings_17-55-38 - [verifyingSideMenuCollapsedLangAsInSettings_17-55-38] Element found and ready (attempt 1): By.xpath: //ytd-topbar-menu-button-renderer[@class='style-scope ytd-masthead style-default']
17:56:07 [TestNG-test-Yt Master Tests-2] INFO  verifyingSideMenuCollapsedLangAsInSettings_17-55-38 - Clicking language dropdown...
17:56:07 [TestNG-test-Yt Master Tests-2] INFO  verifyingSideMenuCollapsedLangAsInSettings_17-55-38 - [verifyingSideMenuCollapsedLangAsInSettings_17-55-38] Trying to find element: By.xpath: (//div[@id='content-icon'])[2]
17:56:08 [TestNG-test-Yt Master Tests-2] INFO  verifyingSideMenuCollapsedLangAsInSettings_17-55-38 - [verifyingSideMenuCollapsedLangAsInSettings_17-55-38] Element found and ready (attempt 1): By.xpath: (//div[@id='content-icon'])[2]
17:56:08 [TestNG-test-Yt Master Tests-2] INFO  verifyingSideMenuCollapsedLangAsInSettings_17-55-38 - Looking for language element with name: Bahasa Indonesia
17:56:08 [TestNG-test-Yt Master Tests-2] INFO  verifyingSideMenuCollapsedLangAsInSettings_17-55-38 - [verifyingSideMenuCollapsedLangAsInSettings_17-55-38] Trying to find element: By.xpath: //yt-multi-page-menu-section-renderer[@class='style-scope ytd-multi-page-menu-renderer']//yt-formatted-string[@id='label' and text()='Bahasa Indonesia']
17:56:09 [TestNG-test-Yt Master Tests-2] INFO  verifyingSideMenuCollapsedLangAsInSettings_17-55-38 - [verifyingSideMenuCollapsedLangAsInSettings_17-55-38] Element found and ready (attempt 1): By.xpath: //yt-multi-page-menu-section-renderer[@class='style-scope ytd-multi-page-menu-renderer']//yt-formatted-string[@id='label' and text()='Bahasa Indonesia']
17:56:09 [TestNG-test-Yt Master Tests-2] INFO  verifyingSideMenuCollapsedLangAsInSettings_17-55-38 - [verifyingSideMenuCollapsedLangAsInSettings_17-55-38] Trying to find element: By.xpath: //yt-multi-page-menu-section-renderer[@class='style-scope ytd-multi-page-menu-renderer']//yt-formatted-string[@id='label' and text()='Bahasa Indonesia']
17:56:09 [TestNG-test-Yt Master Tests-2] INFO  verifyingSideMenuCollapsedLangAsInSettings_17-55-38 - [verifyingSideMenuCollapsedLangAsInSettings_17-55-38] Element found and ready (attempt 1): By.xpath: //yt-multi-page-menu-section-renderer[@class='style-scope ytd-multi-page-menu-renderer']//yt-formatted-string[@id='label' and text()='Bahasa Indonesia']
17:56:12 [TestNG-test-Yt Master Tests-2] INFO  verifyingSideMenuCollapsedLangAsInSettings_17-55-38 - Clicking settings ellipses button...
17:56:12 [TestNG-test-Yt Master Tests-2] INFO  verifyingSideMenuCollapsedLangAsInSettings_17-55-38 - [verifyingSideMenuCollapsedLangAsInSettings_17-55-38] Trying to find element: By.xpath: //ytd-topbar-menu-button-renderer[@class='style-scope ytd-masthead style-default']
17:56:12 [TestNG-test-Yt Master Tests-2] INFO  verifyingSideMenuCollapsedLangAsInSettings_17-55-38 - [verifyingSideMenuCollapsedLangAsInSettings_17-55-38] Element found and ready (attempt 1): By.xpath: //ytd-topbar-menu-button-renderer[@class='style-scope ytd-masthead style-default']
17:56:13 [TestNG-test-Yt Master Tests-2] INFO  verifyingSideMenuCollapsedLangAsInSettings_17-55-38 - [verifyingSideMenuCollapsedLangAsInSettings_17-55-38] Waiting until element is visible in viewport
17:56:13 [TestNG-test-Yt Master Tests-2] INFO  verifyingSideMenuCollapsedLangAsInSettings_17-55-38 - Clicking settings ellipses button...
17:56:13 [TestNG-test-Yt Master Tests-2] INFO  verifyingSideMenuCollapsedLangAsInSettings_17-55-38 - [verifyingSideMenuCollapsedLangAsInSettings_17-55-38] Trying to find element: By.xpath: //ytd-topbar-menu-button-renderer[@class='style-scope ytd-masthead style-default']
17:56:13 [TestNG-test-Yt Master Tests-2] INFO  verifyingSideMenuCollapsedLangAsInSettings_17-55-38 - [verifyingSideMenuCollapsedLangAsInSettings_17-55-38] Element found and ready (attempt 1): By.xpath: //ytd-topbar-menu-button-renderer[@class='style-scope ytd-masthead style-default']
17:56:13 [TestNG-test-Yt Master Tests-2] INFO  verifyingSideMenuCollapsedLangAsInSettings_17-55-38 - getLangAttribute() - locating <html> and reading lang property
17:56:13 [TestNG-test-Yt Master Tests-2] INFO  verifyingSideMenuCollapsedLangAsInSettings_17-55-38 - Language attribute read: id-ID
17:56:13 [TestNG-test-Yt Master Tests-2] INFO  verifyingSideMenuCollapsedLangAsInSettings_17-55-38 - Fetching the side menu in collapsed view
17:56:13 [TestNG-test-Yt Master Tests-2] INFO  verifyingSideMenuCollapsedLangAsInSettings_17-55-38 - [verifyingSideMenuCollapsedLangAsInSettings_17-55-38] Finding elements list: By.xpath: //ytd-mini-guide-renderer[@class='style-scope ytd-app']//ytd-mini-guide-entry-renderer
17:56:14 [TestNG-test-Yt Master Tests-2] INFO  verifyingSideMenuCollapsedLangAsInSettings_17-55-38 - [verifyingSideMenuCollapsedLangAsInSettings_17-55-38] Found 4 ready elements (attempt 1): By.xpath: //ytd-mini-guide-renderer[@class='style-scope ytd-app']//ytd-mini-guide-entry-renderer
17:56:14 [TestNG-test-Yt Master Tests-2] INFO  verifyingSideMenuCollapsedLangAsInSettings_17-55-38 - Clicking settings ellipses button...
17:56:14 [TestNG-test-Yt Master Tests-2] INFO  verifyingSideMenuCollapsedLangAsInSettings_17-55-38 - [verifyingSideMenuCollapsedLangAsInSettings_17-55-38] Trying to find element: By.xpath: //ytd-topbar-menu-button-renderer[@class='style-scope ytd-masthead style-default']
17:56:14 [TestNG-test-Yt Master Tests-2] INFO  verifyingSideMenuCollapsedLangAsInSettings_17-55-38 - [verifyingSideMenuCollapsedLangAsInSettings_17-55-38] Element found and ready (attempt 1): By.xpath: //ytd-topbar-menu-button-renderer[@class='style-scope ytd-masthead style-default']
17:56:14 [TestNG-test-Yt Master Tests-2] INFO  verifyingSideMenuCollapsedLangAsInSettings_17-55-38 - Clicking language dropdown...
17:56:14 [TestNG-test-Yt Master Tests-2] INFO  verifyingSideMenuCollapsedLangAsInSettings_17-55-38 - [verifyingSideMenuCollapsedLangAsInSettings_17-55-38] Trying to find element: By.xpath: (//div[@id='content-icon'])[2]
17:56:15 [TestNG-test-Yt Master Tests-2] INFO  verifyingSideMenuCollapsedLangAsInSettings_17-55-38 - [verifyingSideMenuCollapsedLangAsInSettings_17-55-38] Element found and ready (attempt 1): By.xpath: (//div[@id='content-icon'])[2]
17:56:16 [TestNG-test-Yt Master Tests-2] INFO  verifyingSideMenuCollapsedLangAsInSettings_17-55-38 - Looking for language element with name: Bosanski
17:56:16 [TestNG-test-Yt Master Tests-2] INFO  verifyingSideMenuCollapsedLangAsInSettings_17-55-38 - [verifyingSideMenuCollapsedLangAsInSettings_17-55-38] Trying to find element: By.xpath: //yt-multi-page-menu-section-renderer[@class='style-scope ytd-multi-page-menu-renderer']//yt-formatted-string[@id='label' and text()='Bosanski']
17:56:16 [TestNG-test-Yt Master Tests-2] INFO  verifyingSideMenuCollapsedLangAsInSettings_17-55-38 - [verifyingSideMenuCollapsedLangAsInSettings_17-55-38] Element found and ready (attempt 1): By.xpath: //yt-multi-page-menu-section-renderer[@class='style-scope ytd-multi-page-menu-renderer']//yt-formatted-string[@id='label' and text()='Bosanski']
17:56:16 [TestNG-test-Yt Master Tests-2] INFO  verifyingSideMenuCollapsedLangAsInSettings_17-55-38 - [verifyingSideMenuCollapsedLangAsInSettings_17-55-38] Trying to find element: By.xpath: //yt-multi-page-menu-section-renderer[@class='style-scope ytd-multi-page-menu-renderer']//yt-formatted-string[@id='label' and text()='Bosanski']
17:56:16 [TestNG-test-Yt Master Tests-2] INFO  verifyingSideMenuCollapsedLangAsInSettings_17-55-38 - [verifyingSideMenuCollapsedLangAsInSettings_17-55-38] Element found and ready (attempt 1): By.xpath: //yt-multi-page-menu-section-renderer[@class='style-scope ytd-multi-page-menu-renderer']//yt-formatted-string[@id='label' and text()='Bosanski']
17:56:18 [TestNG-test-Yt Master Tests-2] INFO  verifyingSideMenuCollapsedLangAsInSettings_17-55-38 - Clicking settings ellipses button...
17:56:19 [TestNG-test-Yt Master Tests-2] INFO  verifyingSideMenuCollapsedLangAsInSettings_17-55-38 - [verifyingSideMenuCollapsedLangAsInSettings_17-55-38] Trying to find element: By.xpath: //ytd-topbar-menu-button-renderer[@class='style-scope ytd-masthead style-default']
17:56:19 [TestNG-test-Yt Master Tests-2] INFO  verifyingSideMenuCollapsedLangAsInSettings_17-55-38 - [verifyingSideMenuCollapsedLangAsInSettings_17-55-38] Element found and ready (attempt 1): By.xpath: //ytd-topbar-menu-button-renderer[@class='style-scope ytd-masthead style-default']
17:56:19 [TestNG-test-Yt Master Tests-2] INFO  verifyingSideMenuCollapsedLangAsInSettings_17-55-38 - [verifyingSideMenuCollapsedLangAsInSettings_17-55-38] Waiting until element is visible in viewport
17:56:20 [TestNG-test-Yt Master Tests-2] INFO  verifyingSideMenuCollapsedLangAsInSettings_17-55-38 - Clicking settings ellipses button...
17:56:20 [TestNG-test-Yt Master Tests-2] INFO  verifyingSideMenuCollapsedLangAsInSettings_17-55-38 - [verifyingSideMenuCollapsedLangAsInSettings_17-55-38] Trying to find element: By.xpath: //ytd-topbar-menu-button-renderer[@class='style-scope ytd-masthead style-default']
17:56:20 [TestNG-test-Yt Master Tests-2] INFO  verifyingSideMenuCollapsedLangAsInSettings_17-55-38 - [verifyingSideMenuCollapsedLangAsInSettings_17-55-38] Element found and ready (attempt 1): By.xpath: //ytd-topbar-menu-button-renderer[@class='style-scope ytd-masthead style-default']
17:56:20 [TestNG-test-Yt Master Tests-2] INFO  verifyingSideMenuCollapsedLangAsInSettings_17-55-38 - getLangAttribute() - locating <html> and reading lang property
17:56:20 [TestNG-test-Yt Master Tests-2] INFO  verifyingSideMenuCollapsedLangAsInSettings_17-55-38 - Language attribute read: bs-Latn-BA
17:56:20 [TestNG-test-Yt Master Tests-2] INFO  verifyingSideMenuCollapsedLangAsInSettings_17-55-38 - Fetching the side menu in collapsed view
17:56:20 [TestNG-test-Yt Master Tests-2] INFO  verifyingSideMenuCollapsedLangAsInSettings_17-55-38 - [verifyingSideMenuCollapsedLangAsInSettings_17-55-38] Finding elements list: By.xpath: //ytd-mini-guide-renderer[@class='style-scope ytd-app']//ytd-mini-guide-entry-renderer
17:56:20 [TestNG-test-Yt Master Tests-2] INFO  verifyingSideMenuCollapsedLangAsInSettings_17-55-38 - [verifyingSideMenuCollapsedLangAsInSettings_17-55-38] Found 4 ready elements (attempt 1): By.xpath: //ytd-mini-guide-renderer[@class='style-scope ytd-app']//ytd-mini-guide-entry-renderer
17:56:20 [TestNG-test-Yt Master Tests-2] INFO  verifyingSideMenuCollapsedLangAsInSettings_17-55-38 - Clicking settings ellipses button...
17:56:20 [TestNG-test-Yt Master Tests-2] INFO  verifyingSideMenuCollapsedLangAsInSettings_17-55-38 - [verifyingSideMenuCollapsedLangAsInSettings_17-55-38] Trying to find element: By.xpath: //ytd-topbar-menu-button-renderer[@class='style-scope ytd-masthead style-default']
17:56:21 [TestNG-test-Yt Master Tests-2] INFO  verifyingSideMenuCollapsedLangAsInSettings_17-55-38 - [verifyingSideMenuCollapsedLangAsInSettings_17-55-38] Element found and ready (attempt 1): By.xpath: //ytd-topbar-menu-button-renderer[@class='style-scope ytd-masthead style-default']
17:56:21 [TestNG-test-Yt Master Tests-2] INFO  verifyingSideMenuCollapsedLangAsInSettings_17-55-38 - Clicking language dropdown...
17:56:21 [TestNG-test-Yt Master Tests-2] INFO  verifyingSideMenuCollapsedLangAsInSettings_17-55-38 - [verifyingSideMenuCollapsedLangAsInSettings_17-55-38] Trying to find element: By.xpath: (//div[@id='content-icon'])[2]
17:56:21 [TestNG-test-Yt Master Tests-2] INFO  verifyingSideMenuCollapsedLangAsInSettings_17-55-38 - [verifyingSideMenuCollapsedLangAsInSettings_17-55-38] Element found and ready (attempt 1): By.xpath: (//div[@id='content-icon'])[2]
17:56:22 [TestNG-test-Yt Master Tests-2] INFO  verifyingSideMenuCollapsedLangAsInSettings_17-55-38 - Looking for language element with name: Català
17:56:22 [TestNG-test-Yt Master Tests-2] INFO  verifyingSideMenuCollapsedLangAsInSettings_17-55-38 - [verifyingSideMenuCollapsedLangAsInSettings_17-55-38] Trying to find element: By.xpath: //yt-multi-page-menu-section-renderer[@class='style-scope ytd-multi-page-menu-renderer']//yt-formatted-string[@id='label' and text()='Català']
17:56:22 [TestNG-test-Yt Master Tests-2] INFO  verifyingSideMenuCollapsedLangAsInSettings_17-55-38 - [verifyingSideMenuCollapsedLangAsInSettings_17-55-38] Element found and ready (attempt 1): By.xpath: //yt-multi-page-menu-section-renderer[@class='style-scope ytd-multi-page-menu-renderer']//yt-formatted-string[@id='label' and text()='Català']
17:56:22 [TestNG-test-Yt Master Tests-2] INFO  verifyingSideMenuCollapsedLangAsInSettings_17-55-38 - [verifyingSideMenuCollapsedLangAsInSettings_17-55-38] Trying to find element: By.xpath: //yt-multi-page-menu-section-renderer[@class='style-scope ytd-multi-page-menu-renderer']//yt-formatted-string[@id='label' and text()='Català']
17:56:22 [TestNG-test-Yt Master Tests-2] INFO  verifyingSideMenuCollapsedLangAsInSettings_17-55-38 - [verifyingSideMenuCollapsedLangAsInSettings_17-55-38] Element found and ready (attempt 1): By.xpath: //yt-multi-page-menu-section-renderer[@class='style-scope ytd-multi-page-menu-renderer']//yt-formatted-string[@id='label' and text()='Català']
17:56:25 [TestNG-test-Yt Master Tests-2] INFO  verifyingSideMenuCollapsedLangAsInSettings_17-55-38 - Clicking settings ellipses button...
17:56:26 [TestNG-test-Yt Master Tests-2] INFO  verifyingSideMenuCollapsedLangAsInSettings_17-55-38 - [verifyingSideMenuCollapsedLangAsInSettings_17-55-38] Trying to find element: By.xpath: //ytd-topbar-menu-button-renderer[@class='style-scope ytd-masthead style-default']
17:56:26 [TestNG-test-Yt Master Tests-2] INFO  verifyingSideMenuCollapsedLangAsInSettings_17-55-38 - [verifyingSideMenuCollapsedLangAsInSettings_17-55-38] Element found and ready (attempt 1): By.xpath: //ytd-topbar-menu-button-renderer[@class='style-scope ytd-masthead style-default']
17:56:26 [TestNG-test-Yt Master Tests-2] INFO  verifyingSideMenuCollapsedLangAsInSettings_17-55-38 - [verifyingSideMenuCollapsedLangAsInSettings_17-55-38] Waiting until element is visible in viewport
17:56:27 [TestNG-test-Yt Master Tests-2] INFO  verifyingSideMenuCollapsedLangAsInSettings_17-55-38 - Clicking settings ellipses button...
17:56:27 [TestNG-test-Yt Master Tests-2] INFO  verifyingSideMenuCollapsedLangAsInSettings_17-55-38 - [verifyingSideMenuCollapsedLangAsInSettings_17-55-38] Trying to find element: By.xpath: //ytd-topbar-menu-button-renderer[@class='style-scope ytd-masthead style-default']
17:56:27 [TestNG-test-Yt Master Tests-2] INFO  verifyingSideMenuCollapsedLangAsInSettings_17-55-38 - [verifyingSideMenuCollapsedLangAsInSettings_17-55-38] Element found and ready (attempt 1): By.xpath: //ytd-topbar-menu-button-renderer[@class='style-scope ytd-masthead style-default']
17:56:27 [TestNG-test-Yt Master Tests-2] INFO  verifyingSideMenuCollapsedLangAsInSettings_17-55-38 - getLangAttribute() - locating <html> and reading lang property
17:56:27 [TestNG-test-Yt Master Tests-2] INFO  verifyingSideMenuCollapsedLangAsInSettings_17-55-38 - Language attribute read: ca-ES
17:56:27 [TestNG-test-Yt Master Tests-2] INFO  verifyingSideMenuCollapsedLangAsInSettings_17-55-38 - Fetching the side menu in collapsed view
17:56:27 [TestNG-test-Yt Master Tests-2] INFO  verifyingSideMenuCollapsedLangAsInSettings_17-55-38 - [verifyingSideMenuCollapsedLangAsInSettings_17-55-38] Finding elements list: By.xpath: //ytd-mini-guide-renderer[@class='style-scope ytd-app']//ytd-mini-guide-entry-renderer
17:56:27 [TestNG-test-Yt Master Tests-2] INFO  verifyingSideMenuCollapsedLangAsInSettings_17-55-38 - [verifyingSideMenuCollapsedLangAsInSettings_17-55-38] Found 4 ready elements (attempt 1): By.xpath: //ytd-mini-guide-renderer[@class='style-scope ytd-app']//ytd-mini-guide-entry-renderer
17:56:27 [TestNG-test-Yt Master Tests-2] INFO  verifyingSideMenuCollapsedLangAsInSettings_17-55-38 - Clicking settings ellipses button...
17:56:27 [TestNG-test-Yt Master Tests-2] INFO  verifyingSideMenuCollapsedLangAsInSettings_17-55-38 - [verifyingSideMenuCollapsedLangAsInSettings_17-55-38] Trying to find element: By.xpath: //ytd-topbar-menu-button-renderer[@class='style-scope ytd-masthead style-default']
17:56:27 [TestNG-test-Yt Master Tests-2] INFO  verifyingSideMenuCollapsedLangAsInSettings_17-55-38 - [verifyingSideMenuCollapsedLangAsInSettings_17-55-38] Element found and ready (attempt 1): By.xpath: //ytd-topbar-menu-button-renderer[@class='style-scope ytd-masthead style-default']
17:56:28 [TestNG-test-Yt Master Tests-2] INFO  verifyingSideMenuCollapsedLangAsInSettings_17-55-38 - Clicking language dropdown...
17:56:28 [TestNG-test-Yt Master Tests-2] INFO  verifyingSideMenuCollapsedLangAsInSettings_17-55-38 - [verifyingSideMenuCollapsedLangAsInSettings_17-55-38] Trying to find element: By.xpath: (//div[@id='content-icon'])[2]
17:56:28 [TestNG-test-Yt Master Tests-2] INFO  verifyingSideMenuCollapsedLangAsInSettings_17-55-38 - [verifyingSideMenuCollapsedLangAsInSettings_17-55-38] Element found and ready (attempt 1): By.xpath: (//div[@id='content-icon'])[2]
17:56:29 [TestNG-test-Yt Master Tests-2] INFO  verifyingSideMenuCollapsedLangAsInSettings_17-55-38 - Looking for language element with name: Dansk
17:56:29 [TestNG-test-Yt Master Tests-2] INFO  verifyingSideMenuCollapsedLangAsInSettings_17-55-38 - [verifyingSideMenuCollapsedLangAsInSettings_17-55-38] Trying to find element: By.xpath: //yt-multi-page-menu-section-renderer[@class='style-scope ytd-multi-page-menu-renderer']//yt-formatted-string[@id='label' and text()='Dansk']
17:56:29 [TestNG-test-Yt Master Tests-2] INFO  verifyingSideMenuCollapsedLangAsInSettings_17-55-38 - [verifyingSideMenuCollapsedLangAsInSettings_17-55-38] Element found and ready (attempt 1): By.xpath: //yt-multi-page-menu-section-renderer[@class='style-scope ytd-multi-page-menu-renderer']//yt-formatted-string[@id='label' and text()='Dansk']
17:56:29 [TestNG-test-Yt Master Tests-2] INFO  verifyingSideMenuCollapsedLangAsInSettings_17-55-38 - [verifyingSideMenuCollapsedLangAsInSettings_17-55-38] Trying to find element: By.xpath: //yt-multi-page-menu-section-renderer[@class='style-scope ytd-multi-page-menu-renderer']//yt-formatted-string[@id='label' and text()='Dansk']
17:56:29 [TestNG-test-Yt Master Tests-2] INFO  verifyingSideMenuCollapsedLangAsInSettings_17-55-38 - [verifyingSideMenuCollapsedLangAsInSettings_17-55-38] Element found and ready (attempt 1): By.xpath: //yt-multi-page-menu-section-renderer[@class='style-scope ytd-multi-page-menu-renderer']//yt-formatted-string[@id='label' and text()='Dansk']
17:56:33 [TestNG-test-Yt Master Tests-2] INFO  verifyingSideMenuCollapsedLangAsInSettings_17-55-38 - Clicking settings ellipses button...
17:56:33 [TestNG-test-Yt Master Tests-2] INFO  verifyingSideMenuCollapsedLangAsInSettings_17-55-38 - [verifyingSideMenuCollapsedLangAsInSettings_17-55-38] Trying to find element: By.xpath: //ytd-topbar-menu-button-renderer[@class='style-scope ytd-masthead style-default']
17:56:33 [TestNG-test-Yt Master Tests-2] INFO  verifyingSideMenuCollapsedLangAsInSettings_17-55-38 - [verifyingSideMenuCollapsedLangAsInSettings_17-55-38] Element found and ready (attempt 1): By.xpath: //ytd-topbar-menu-button-renderer[@class='style-scope ytd-masthead style-default']
17:56:33 [TestNG-test-Yt Master Tests-2] INFO  verifyingSideMenuCollapsedLangAsInSettings_17-55-38 - [verifyingSideMenuCollapsedLangAsInSettings_17-55-38] Waiting until element is visible in viewport
17:56:34 [TestNG-test-Yt Master Tests-2] INFO  verifyingSideMenuCollapsedLangAsInSettings_17-55-38 - Clicking settings ellipses button...
17:56:34 [TestNG-test-Yt Master Tests-2] INFO  verifyingSideMenuCollapsedLangAsInSettings_17-55-38 - [verifyingSideMenuCollapsedLangAsInSettings_17-55-38] Trying to find element: By.xpath: //ytd-topbar-menu-button-renderer[@class='style-scope ytd-masthead style-default']
17:56:34 [TestNG-test-Yt Master Tests-2] INFO  verifyingSideMenuCollapsedLangAsInSettings_17-55-38 - [verifyingSideMenuCollapsedLangAsInSettings_17-55-38] Element found and ready (attempt 1): By.xpath: //ytd-topbar-menu-button-renderer[@class='style-scope ytd-masthead style-default']
17:56:34 [TestNG-test-Yt Master Tests-2] INFO  verifyingSideMenuCollapsedLangAsInSettings_17-55-38 - getLangAttribute() - locating <html> and reading lang property
17:56:34 [TestNG-test-Yt Master Tests-2] INFO  verifyingSideMenuCollapsedLangAsInSettings_17-55-38 - Language attribute read: da-DK
17:56:34 [TestNG-test-Yt Master Tests-2] INFO  verifyingSideMenuCollapsedLangAsInSettings_17-55-38 - Fetching the side menu in collapsed view
17:56:34 [TestNG-test-Yt Master Tests-2] INFO  verifyingSideMenuCollapsedLangAsInSettings_17-55-38 - [verifyingSideMenuCollapsedLangAsInSettings_17-55-38] Finding elements list: By.xpath: //ytd-mini-guide-renderer[@class='style-scope ytd-app']//ytd-mini-guide-entry-renderer
17:56:34 [TestNG-test-Yt Master Tests-2] INFO  verifyingSideMenuCollapsedLangAsInSettings_17-55-38 - [verifyingSideMenuCollapsedLangAsInSettings_17-55-38] Found 4 ready elements (attempt 1): By.xpath: //ytd-mini-guide-renderer[@class='style-scope ytd-app']//ytd-mini-guide-entry-renderer
17:56:35 [TestNG-test-Yt Master Tests-2] INFO  verifyingSideMenuCollapsedLangAsInSettings_17-55-38 - Clicking settings ellipses button...
17:56:35 [TestNG-test-Yt Master Tests-2] INFO  verifyingSideMenuCollapsedLangAsInSettings_17-55-38 - [verifyingSideMenuCollapsedLangAsInSettings_17-55-38] Trying to find element: By.xpath: //ytd-topbar-menu-button-renderer[@class='style-scope ytd-masthead style-default']
17:56:35 [TestNG-test-Yt Master Tests-2] INFO  verifyingSideMenuCollapsedLangAsInSettings_17-55-38 - [verifyingSideMenuCollapsedLangAsInSettings_17-55-38] Element found and ready (attempt 1): By.xpath: //ytd-topbar-menu-button-renderer[@class='style-scope ytd-masthead style-default']
17:56:35 [TestNG-test-Yt Master Tests-2] INFO  verifyingSideMenuCollapsedLangAsInSettings_17-55-38 - Clicking language dropdown...
17:56:35 [TestNG-test-Yt Master Tests-2] INFO  verifyingSideMenuCollapsedLangAsInSettings_17-55-38 - [verifyingSideMenuCollapsedLangAsInSettings_17-55-38] Trying to find element: By.xpath: (//div[@id='content-icon'])[2]
17:56:35 [TestNG-test-Yt Master Tests-2] INFO  verifyingSideMenuCollapsedLangAsInSettings_17-55-38 - [verifyingSideMenuCollapsedLangAsInSettings_17-55-38] Element found and ready (attempt 1): By.xpath: (//div[@id='content-icon'])[2]
17:56:36 [TestNG-test-Yt Master Tests-2] INFO  verifyingSideMenuCollapsedLangAsInSettings_17-55-38 - Looking for language element with name: Deutsch
17:56:36 [TestNG-test-Yt Master Tests-2] INFO  verifyingSideMenuCollapsedLangAsInSettings_17-55-38 - [verifyingSideMenuCollapsedLangAsInSettings_17-55-38] Trying to find element: By.xpath: //yt-multi-page-menu-section-renderer[@class='style-scope ytd-multi-page-menu-renderer']//yt-formatted-string[@id='label' and text()='Deutsch']
17:56:36 [TestNG-test-Yt Master Tests-2] INFO  verifyingSideMenuCollapsedLangAsInSettings_17-55-38 - [verifyingSideMenuCollapsedLangAsInSettings_17-55-38] Element found and ready (attempt 1): By.xpath: //yt-multi-page-menu-section-renderer[@class='style-scope ytd-multi-page-menu-renderer']//yt-formatted-string[@id='label' and text()='Deutsch']
17:56:36 [TestNG-test-Yt Master Tests-2] INFO  verifyingSideMenuCollapsedLangAsInSettings_17-55-38 - [verifyingSideMenuCollapsedLangAsInSettings_17-55-38] Trying to find element: By.xpath: //yt-multi-page-menu-section-renderer[@class='style-scope ytd-multi-page-menu-renderer']//yt-formatted-string[@id='label' and text()='Deutsch']
17:56:36 [TestNG-test-Yt Master Tests-2] INFO  verifyingSideMenuCollapsedLangAsInSettings_17-55-38 - [verifyingSideMenuCollapsedLangAsInSettings_17-55-38] Element found and ready (attempt 1): By.xpath: //yt-multi-page-menu-section-renderer[@class='style-scope ytd-multi-page-menu-renderer']//yt-formatted-string[@id='label' and text()='Deutsch']
17:56:39 [TestNG-test-Yt Master Tests-2] INFO  verifyingSideMenuCollapsedLangAsInSettings_17-55-38 - Clicking settings ellipses button...
17:56:39 [TestNG-test-Yt Master Tests-2] INFO  verifyingSideMenuCollapsedLangAsInSettings_17-55-38 - [verifyingSideMenuCollapsedLangAsInSettings_17-55-38] Trying to find element: By.xpath: //ytd-topbar-menu-button-renderer[@class='style-scope ytd-masthead style-default']
17:56:39 [TestNG-test-Yt Master Tests-2] INFO  verifyingSideMenuCollapsedLangAsInSettings_17-55-38 - [verifyingSideMenuCollapsedLangAsInSettings_17-55-38] Element found and ready (attempt 1): By.xpath: //ytd-topbar-menu-button-renderer[@class='style-scope ytd-masthead style-default']
17:56:40 [TestNG-test-Yt Master Tests-2] INFO  verifyingSideMenuCollapsedLangAsInSettings_17-55-38 - [verifyingSideMenuCollapsedLangAsInSettings_17-55-38] Waiting until element is visible in viewport
17:56:41 [TestNG-test-Yt Master Tests-2] INFO  verifyingSideMenuCollapsedLangAsInSettings_17-55-38 - Clicking settings ellipses button...
17:56:41 [TestNG-test-Yt Master Tests-2] INFO  verifyingSideMenuCollapsedLangAsInSettings_17-55-38 - [verifyingSideMenuCollapsedLangAsInSettings_17-55-38] Trying to find element: By.xpath: //ytd-topbar-menu-button-renderer[@class='style-scope ytd-masthead style-default']
17:56:41 [TestNG-test-Yt Master Tests-2] INFO  verifyingSideMenuCollapsedLangAsInSettings_17-55-38 - [verifyingSideMenuCollapsedLangAsInSettings_17-55-38] Element found and ready (attempt 1): By.xpath: //ytd-topbar-menu-button-renderer[@class='style-scope ytd-masthead style-default']
17:56:41 [TestNG-test-Yt Master Tests-2] INFO  verifyingSideMenuCollapsedLangAsInSettings_17-55-38 - getLangAttribute() - locating <html> and reading lang property
17:56:41 [TestNG-test-Yt Master Tests-2] INFO  verifyingSideMenuCollapsedLangAsInSettings_17-55-38 - Language attribute read: de-DE
17:56:41 [TestNG-test-Yt Master Tests-2] INFO  verifyingSideMenuCollapsedLangAsInSettings_17-55-38 - Fetching the side menu in collapsed view
17:56:41 [TestNG-test-Yt Master Tests-2] INFO  verifyingSideMenuCollapsedLangAsInSettings_17-55-38 - [verifyingSideMenuCollapsedLangAsInSettings_17-55-38] Finding elements list: By.xpath: //ytd-mini-guide-renderer[@class='style-scope ytd-app']//ytd-mini-guide-entry-renderer
17:56:41 [TestNG-test-Yt Master Tests-2] INFO  verifyingSideMenuCollapsedLangAsInSettings_17-55-38 - [verifyingSideMenuCollapsedLangAsInSettings_17-55-38] Found 4 ready elements (attempt 1): By.xpath: //ytd-mini-guide-renderer[@class='style-scope ytd-app']//ytd-mini-guide-entry-renderer
17:56:41 [TestNG-test-Yt Master Tests-2] INFO  verifyingSideMenuCollapsedLangAsInSettings_17-55-38 - Clicking settings ellipses button...
17:56:41 [TestNG-test-Yt Master Tests-2] INFO  verifyingSideMenuCollapsedLangAsInSettings_17-55-38 - [verifyingSideMenuCollapsedLangAsInSettings_17-55-38] Trying to find element: By.xpath: //ytd-topbar-menu-button-renderer[@class='style-scope ytd-masthead style-default']
17:56:41 [TestNG-test-Yt Master Tests-2] INFO  verifyingSideMenuCollapsedLangAsInSettings_17-55-38 - [verifyingSideMenuCollapsedLangAsInSettings_17-55-38] Element found and ready (attempt 1): By.xpath: //ytd-topbar-menu-button-renderer[@class='style-scope ytd-masthead style-default']
17:56:42 [TestNG-test-Yt Master Tests-2] INFO  verifyingSideMenuCollapsedLangAsInSettings_17-55-38 - Clicking language dropdown...
17:56:42 [TestNG-test-Yt Master Tests-2] INFO  verifyingSideMenuCollapsedLangAsInSettings_17-55-38 - [verifyingSideMenuCollapsedLangAsInSettings_17-55-38] Trying to find element: By.xpath: (//div[@id='content-icon'])[2]
17:56:43 [TestNG-test-Yt Master Tests-2] INFO  verifyingSideMenuCollapsedLangAsInSettings_17-55-38 - [verifyingSideMenuCollapsedLangAsInSettings_17-55-38] Element found and ready (attempt 1): By.xpath: (//div[@id='content-icon'])[2]
17:56:43 [TestNG-test-Yt Master Tests-2] INFO  verifyingSideMenuCollapsedLangAsInSettings_17-55-38 - Looking for language element with name: Eesti
17:56:43 [TestNG-test-Yt Master Tests-2] INFO  verifyingSideMenuCollapsedLangAsInSettings_17-55-38 - [verifyingSideMenuCollapsedLangAsInSettings_17-55-38] Trying to find element: By.xpath: //yt-multi-page-menu-section-renderer[@class='style-scope ytd-multi-page-menu-renderer']//yt-formatted-string[@id='label' and text()='Eesti']
17:56:44 [TestNG-test-Yt Master Tests-2] INFO  verifyingSideMenuCollapsedLangAsInSettings_17-55-38 - [verifyingSideMenuCollapsedLangAsInSettings_17-55-38] Element found and ready (attempt 1): By.xpath: //yt-multi-page-menu-section-renderer[@class='style-scope ytd-multi-page-menu-renderer']//yt-formatted-string[@id='label' and text()='Eesti']
17:56:44 [TestNG-test-Yt Master Tests-2] INFO  verifyingSideMenuCollapsedLangAsInSettings_17-55-38 - [verifyingSideMenuCollapsedLangAsInSettings_17-55-38] Trying to find element: By.xpath: //yt-multi-page-menu-section-renderer[@class='style-scope ytd-multi-page-menu-renderer']//yt-formatted-string[@id='label' and text()='Eesti']
17:56:44 [TestNG-test-Yt Master Tests-2] INFO  verifyingSideMenuCollapsedLangAsInSettings_17-55-38 - [verifyingSideMenuCollapsedLangAsInSettings_17-55-38] Element found and ready (attempt 1): By.xpath: //yt-multi-page-menu-section-renderer[@class='style-scope ytd-multi-page-menu-renderer']//yt-formatted-string[@id='label' and text()='Eesti']
17:56:46 [TestNG-test-Yt Master Tests-2] INFO  verifyingSideMenuCollapsedLangAsInSettings_17-55-38 - Clicking settings ellipses button...
17:56:46 [TestNG-test-Yt Master Tests-2] INFO  verifyingSideMenuCollapsedLangAsInSettings_17-55-38 - [verifyingSideMenuCollapsedLangAsInSettings_17-55-38] Trying to find element: By.xpath: //ytd-topbar-menu-button-renderer[@class='style-scope ytd-masthead style-default']
17:56:47 [TestNG-test-Yt Master Tests-2] INFO  verifyingSideMenuCollapsedLangAsInSettings_17-55-38 - [verifyingSideMenuCollapsedLangAsInSettings_17-55-38] Element found and ready (attempt 1): By.xpath: //ytd-topbar-menu-button-renderer[@class='style-scope ytd-masthead style-default']
17:56:47 [TestNG-test-Yt Master Tests-2] INFO  verifyingSideMenuCollapsedLangAsInSettings_17-55-38 - [verifyingSideMenuCollapsedLangAsInSettings_17-55-38] Waiting until element is visible in viewport
17:56:48 [TestNG-test-Yt Master Tests-2] INFO  verifyingSideMenuCollapsedLangAsInSettings_17-55-38 - Clicking settings ellipses button...
17:56:48 [TestNG-test-Yt Master Tests-2] INFO  verifyingSideMenuCollapsedLangAsInSettings_17-55-38 - [verifyingSideMenuCollapsedLangAsInSettings_17-55-38] Trying to find element: By.xpath: //ytd-topbar-menu-button-renderer[@class='style-scope ytd-masthead style-default']
17:56:48 [TestNG-test-Yt Master Tests-2] INFO  verifyingSideMenuCollapsedLangAsInSettings_17-55-38 - [verifyingSideMenuCollapsedLangAsInSettings_17-55-38] Element found and ready (attempt 1): By.xpath: //ytd-topbar-menu-button-renderer[@class='style-scope ytd-masthead style-default']
17:56:48 [TestNG-test-Yt Master Tests-2] INFO  verifyingSideMenuCollapsedLangAsInSettings_17-55-38 - getLangAttribute() - locating <html> and reading lang property
17:56:48 [TestNG-test-Yt Master Tests-2] INFO  verifyingSideMenuCollapsedLangAsInSettings_17-55-38 - Language attribute read: et-EE
17:56:48 [TestNG-test-Yt Master Tests-2] INFO  verifyingSideMenuCollapsedLangAsInSettings_17-55-38 - Fetching the side menu in collapsed view
17:56:48 [TestNG-test-Yt Master Tests-2] INFO  verifyingSideMenuCollapsedLangAsInSettings_17-55-38 - [verifyingSideMenuCollapsedLangAsInSettings_17-55-38] Finding elements list: By.xpath: //ytd-mini-guide-renderer[@class='style-scope ytd-app']//ytd-mini-guide-entry-renderer
17:56:48 [TestNG-test-Yt Master Tests-2] INFO  verifyingSideMenuCollapsedLangAsInSettings_17-55-38 - [verifyingSideMenuCollapsedLangAsInSettings_17-55-38] Found 4 ready elements (attempt 1): By.xpath: //ytd-mini-guide-renderer[@class='style-scope ytd-app']//ytd-mini-guide-entry-renderer
17:56:48 [TestNG-test-Yt Master Tests-2] INFO  verifyingSideMenuCollapsedLangAsInSettings_17-55-38 - Clicking settings ellipses button...
17:56:48 [TestNG-test-Yt Master Tests-2] INFO  verifyingSideMenuCollapsedLangAsInSettings_17-55-38 - [verifyingSideMenuCollapsedLangAsInSettings_17-55-38] Trying to find element: By.xpath: //ytd-topbar-menu-button-renderer[@class='style-scope ytd-masthead style-default']
17:56:48 [TestNG-test-Yt Master Tests-2] INFO  verifyingSideMenuCollapsedLangAsInSettings_17-55-38 - [verifyingSideMenuCollapsedLangAsInSettings_17-55-38] Element found and ready (attempt 1): By.xpath: //ytd-topbar-menu-button-renderer[@class='style-scope ytd-masthead style-default']
17:56:48 [TestNG-test-Yt Master Tests-2] INFO  verifyingSideMenuCollapsedLangAsInSettings_17-55-38 - Clicking language dropdown...
17:56:48 [TestNG-test-Yt Master Tests-2] INFO  verifyingSideMenuCollapsedLangAsInSettings_17-55-38 - [verifyingSideMenuCollapsedLangAsInSettings_17-55-38] Trying to find element: By.xpath: (//div[@id='content-icon'])[2]
17:56:49 [TestNG-test-Yt Master Tests-2] INFO  verifyingSideMenuCollapsedLangAsInSettings_17-55-38 - [verifyingSideMenuCollapsedLangAsInSettings_17-55-38] Element found and ready (attempt 1): By.xpath: (//div[@id='content-icon'])[2]
17:56:50 [TestNG-test-Yt Master Tests-2] INFO  verifyingSideMenuCollapsedLangAsInSettings_17-55-38 - Looking for language element with name: English (India)
17:56:50 [TestNG-test-Yt Master Tests-2] INFO  verifyingSideMenuCollapsedLangAsInSettings_17-55-38 - [verifyingSideMenuCollapsedLangAsInSettings_17-55-38] Trying to find element: By.xpath: //yt-multi-page-menu-section-renderer[@class='style-scope ytd-multi-page-menu-renderer']//yt-formatted-string[@id='label' and text()='English (India)']
17:56:50 [TestNG-test-Yt Master Tests-2] INFO  verifyingSideMenuCollapsedLangAsInSettings_17-55-38 - [verifyingSideMenuCollapsedLangAsInSettings_17-55-38] Element found and ready (attempt 1): By.xpath: //yt-multi-page-menu-section-renderer[@class='style-scope ytd-multi-page-menu-renderer']//yt-formatted-string[@id='label' and text()='English (India)']
17:56:50 [TestNG-test-Yt Master Tests-2] INFO  verifyingSideMenuCollapsedLangAsInSettings_17-55-38 - [verifyingSideMenuCollapsedLangAsInSettings_17-55-38] Trying to find element: By.xpath: //yt-multi-page-menu-section-renderer[@class='style-scope ytd-multi-page-menu-renderer']//yt-formatted-string[@id='label' and text()='English (India)']
17:56:50 [TestNG-test-Yt Master Tests-2] INFO  verifyingSideMenuCollapsedLangAsInSettings_17-55-38 - [verifyingSideMenuCollapsedLangAsInSettings_17-55-38] Element found and ready (attempt 1): By.xpath: //yt-multi-page-menu-section-renderer[@class='style-scope ytd-multi-page-menu-renderer']//yt-formatted-string[@id='label' and text()='English (India)']
17:56:53 [TestNG-test-Yt Master Tests-2] INFO  verifyingSideMenuCollapsedLangAsInSettings_17-55-38 - Clicking settings ellipses button...
17:56:53 [TestNG-test-Yt Master Tests-2] INFO  verifyingSideMenuCollapsedLangAsInSettings_17-55-38 - [verifyingSideMenuCollapsedLangAsInSettings_17-55-38] Trying to find element: By.xpath: //ytd-topbar-menu-button-renderer[@class='style-scope ytd-masthead style-default']
17:56:53 [TestNG-test-Yt Master Tests-2] INFO  verifyingSideMenuCollapsedLangAsInSettings_17-55-38 - [verifyingSideMenuCollapsedLangAsInSettings_17-55-38] Element found and ready (attempt 1): By.xpath: //ytd-topbar-menu-button-renderer[@class='style-scope ytd-masthead style-default']
17:56:53 [TestNG-test-Yt Master Tests-2] INFO  verifyingSideMenuCollapsedLangAsInSettings_17-55-38 - [verifyingSideMenuCollapsedLangAsInSettings_17-55-38] Waiting until element is visible in viewport
17:56:54 [TestNG-test-Yt Master Tests-2] INFO  verifyingSideMenuCollapsedLangAsInSettings_17-55-38 - Clicking settings ellipses button...
17:56:54 [TestNG-test-Yt Master Tests-2] INFO  verifyingSideMenuCollapsedLangAsInSettings_17-55-38 - [verifyingSideMenuCollapsedLangAsInSettings_17-55-38] Trying to find element: By.xpath: //ytd-topbar-menu-button-renderer[@class='style-scope ytd-masthead style-default']
17:56:54 [TestNG-test-Yt Master Tests-2] INFO  verifyingSideMenuCollapsedLangAsInSettings_17-55-38 - [verifyingSideMenuCollapsedLangAsInSettings_17-55-38] Element found and ready (attempt 1): By.xpath: //ytd-topbar-menu-button-renderer[@class='style-scope ytd-masthead style-default']
17:56:54 [TestNG-test-Yt Master Tests-2] INFO  verifyingSideMenuCollapsedLangAsInSettings_17-55-38 - getLangAttribute() - locating <html> and reading lang property
17:56:55 [TestNG-test-Yt Master Tests-2] INFO  verifyingSideMenuCollapsedLangAsInSettings_17-55-38 - Language attribute read: en-IN
17:56:55 [TestNG-test-Yt Master Tests-2] INFO  verifyingSideMenuCollapsedLangAsInSettings_17-55-38 - Fetching the side menu in collapsed view
17:56:55 [TestNG-test-Yt Master Tests-2] INFO  verifyingSideMenuCollapsedLangAsInSettings_17-55-38 - [verifyingSideMenuCollapsedLangAsInSettings_17-55-38] Finding elements list: By.xpath: //ytd-mini-guide-renderer[@class='style-scope ytd-app']//ytd-mini-guide-entry-renderer
17:56:55 [TestNG-test-Yt Master Tests-2] INFO  verifyingSideMenuCollapsedLangAsInSettings_17-55-38 - [verifyingSideMenuCollapsedLangAsInSettings_17-55-38] Found 4 ready elements (attempt 1): By.xpath: //ytd-mini-guide-renderer[@class='style-scope ytd-app']//ytd-mini-guide-entry-renderer
17:56:55 [TestNG-test-Yt Master Tests-2] INFO  verifyingSideMenuCollapsedLangAsInSettings_17-55-38 - Clicking settings ellipses button...
17:56:55 [TestNG-test-Yt Master Tests-2] INFO  verifyingSideMenuCollapsedLangAsInSettings_17-55-38 - [verifyingSideMenuCollapsedLangAsInSettings_17-55-38] Trying to find element: By.xpath: //ytd-topbar-menu-button-renderer[@class='style-scope ytd-masthead style-default']
17:56:55 [TestNG-test-Yt Master Tests-2] INFO  verifyingSideMenuCollapsedLangAsInSettings_17-55-38 - [verifyingSideMenuCollapsedLangAsInSettings_17-55-38] Element found and ready (attempt 1): By.xpath: //ytd-topbar-menu-button-renderer[@class='style-scope ytd-masthead style-default']
17:56:55 [TestNG-test-Yt Master Tests-2] INFO  verifyingSideMenuCollapsedLangAsInSettings_17-55-38 - Clicking language dropdown...
17:56:55 [TestNG-test-Yt Master Tests-2] INFO  verifyingSideMenuCollapsedLangAsInSettings_17-55-38 - [verifyingSideMenuCollapsedLangAsInSettings_17-55-38] Trying to find element: By.xpath: (//div[@id='content-icon'])[2]
17:56:56 [TestNG-test-Yt Master Tests-2] INFO  verifyingSideMenuCollapsedLangAsInSettings_17-55-38 - [verifyingSideMenuCollapsedLangAsInSettings_17-55-38] Element found and ready (attempt 1): By.xpath: (//div[@id='content-icon'])[2]
