17:00:54 [TestNG-test-Yt Master Tests-1] INFO  verifyingSideMenuCollapsedLangAsInSettingsLingua_17-00-54 - No existing WebDriver found for current thread. Initializing a new ChromeDriver...
17:00:54 [TestNG-test-Yt Master Tests-1] INFO  verifyingSideMenuCollapsedLangAsInSettingsLingua_17-00-54 - WebDriverManager: chromedriver setup OK
17:00:57 [TestNG-test-Yt Master Tests-1] INFO  verifyingSideMenuCollapsedLangAsInSettingsLingua_17-00-54 - ChromeDriver initialized successfully for thread: 34
17:00:57 [TestNG-test-Yt Master Tests-1] INFO  verifyingSideMenuCollapsedLangAsInSettingsLingua_17-00-54 - SafeActions initialized with driver ChromeDriver: chrome on windows (8578c397138460b4f37a50d3ae4ee251)
17:00:57 [TestNG-test-Yt Master Tests-1] INFO  verifyingSideMenuCollapsedLangAsInSettingsLingua_17-00-54 - Initialized YtLandingPage with driver: ChromeDriver: chrome on windows (8578c397138460b4f37a50d3ae4ee251)
17:00:57 [TestNG-test-Yt Master Tests-1] INFO  verifyingSideMenuCollapsedLangAsInSettingsLingua_17-00-54 - SafeActions initialized with driver ChromeDriver: chrome on windows (8578c397138460b4f37a50d3ae4ee251)
17:01:05 [TestNG-test-Yt Master Tests-1] INFO  verifyingSideMenuCollapsedLangAsInSettingsLingua_17-00-54 - Opened YouTube landing page.
17:01:05 [TestNG-test-Yt Master Tests-1] INFO  verifyingSideMenuCollapsedLangAsInSettingsLingua_17-00-54 - Clicking left ellipses in the landing page
17:01:05 [TestNG-test-Yt Master Tests-1] INFO  verifyingSideMenuCollapsedLangAsInSettingsLingua_17-00-54 - [verifyingSideMenuCollapsedLangAsInSettingsLingua_17-00-54] Trying to find element: By.xpath: //ytd-topbar-logo-renderer[@id='logo']/preceding-sibling::*[@id='guide-button']
17:01:05 [TestNG-test-Yt Master Tests-1] INFO  verifyingSideMenuCollapsedLangAsInSettingsLingua_17-00-54 - [verifyingSideMenuCollapsedLangAsInSettingsLingua_17-00-54] Element found and ready (attempt 1): By.xpath: //ytd-topbar-logo-renderer[@id='logo']/preceding-sibling::*[@id='guide-button']
17:01:06 [TestNG-test-Yt Master Tests-1] INFO  verifyingSideMenuCollapsedLangAsInSettingsLingua_17-00-54 - Clicking settings ellipses button...
17:01:06 [TestNG-test-Yt Master Tests-1] INFO  verifyingSideMenuCollapsedLangAsInSettingsLingua_17-00-54 - [verifyingSideMenuCollapsedLangAsInSettingsLingua_17-00-54] Trying to find element: By.xpath: //ytd-topbar-menu-button-renderer[@class='style-scope ytd-masthead style-default']
17:01:07 [TestNG-test-Yt Master Tests-1] INFO  verifyingSideMenuCollapsedLangAsInSettingsLingua_17-00-54 - [verifyingSideMenuCollapsedLangAsInSettingsLingua_17-00-54] Element found and ready (attempt 1): By.xpath: //ytd-topbar-menu-button-renderer[@class='style-scope ytd-masthead style-default']
17:01:08 [TestNG-test-Yt Master Tests-1] WARN  verifyingSideMenuCollapsedLangAsInSettingsLingua_17-00-54 - [verifyingSideMenuCollapsedLangAsInSettingsLingua_17-00-54] Retrying test 'verifyingSideMenuCollapsedLangAsInSettingsLingua' (attempt 1) due to: element click intercepted: Element <ytd-topbar-menu-button-renderer class="style-scope ytd-masthead style-default" use-keyboard-focused="" masthead-container="" is-icon-button="" has-no-text="">...</ytd-topbar-menu-button-renderer> is not clickable at point (864, 28). Other element would receive the click: <div id="scrim" class="style-scope tp-yt-app-drawer visible" style="transition-duration: 200ms;"></div>
  (Session info: chrome=152.0.7977.83)
Build info: version: '4.27.0', revision: 'd6e718d134'
System info: os.name: 'Windows Server 2025', os.arch: 'amd64', os.version: '10.0', java.version: '24.0.2'
Driver info: org.openqa.selenium.chrome.ChromeDriver
Command: [8578c397138460b4f37a50d3ae4ee251, clickElement {id=f.29BE50F0FC0F8FC6FEC0B67CDD15E82C.d.FC825BBAFD3850A0426833A3BCBD9C81.e.20}]
Capabilities {acceptInsecureCerts: false, browserName: chrome, browserVersion: 152.0.7977.83, chrome: {chromedriverVersion: 152.0.7977.82 (d04cdb24d67b..., userDataDir: C:\Windows\SystemTemp\scope...}, fedcm:accounts: true, goog:chromeOptions: {debuggerAddress: localhost:65278}, goog:processID: 10236, networkConnectionEnabled: false, pageLoadStrategy: normal, platformName: windows, proxy: Proxy(), se:cdp: ws://localhost:65278/devtoo..., se:cdpVersion: 152.0.7977.83, setWindowRect: true, strictFileInteractability: false, timeouts: {implicit: 0, pageLoad: 300000, script: 30000}, unhandledPromptBehavior: dismiss and notify, webauthn:extension:credBlob: true, webauthn:extension:largeBlob: true, webauthn:extension:minPinLength: true, webauthn:extension:prf: true, webauthn:virtualAuthenticators: true}
Element: [[ChromeDriver: chrome on windows (8578c397138460b4f37a50d3ae4ee251)] -> xpath: //ytd-topbar-menu-button-renderer[@class='style-scope ytd-masthead style-default']]
Session ID: 8578c397138460b4f37a50d3ae4ee251
