18:42:02 [TestNG-test-Yt Master Tests-2] INFO  verifyingGlobalFilterLandingPage_18-42-02 - No existing WebDriver found for current thread. Initializing a new ChromeDriver...
18:42:02 [TestNG-test-Yt Master Tests-2] INFO  verifyingGlobalFilterLandingPage_18-42-02 - WebDriverManager: chromedriver setup OK
18:42:03 [TestNG-test-Yt Master Tests-2] INFO  verifyingGlobalFilterLandingPage_18-42-02 - ChromeDriver initialized successfully for thread: 35
18:42:03 [TestNG-test-Yt Master Tests-2] INFO  verifyingGlobalFilterLandingPage_18-42-02 - SafeActions initialized with driver ChromeDriver: chrome on windows (60a067a46d031aadb019ab25e3b0a6b8)
18:42:03 [TestNG-test-Yt Master Tests-2] INFO  verifyingGlobalFilterLandingPage_18-42-02 - SafeActions initialized with driver ChromeDriver: chrome on windows (60a067a46d031aadb019ab25e3b0a6b8)
18:42:03 [TestNG-test-Yt Master Tests-2] INFO  verifyingGlobalFilterLandingPage_18-42-02 - Initialized YtLandingPage with driver: ChromeDriver: chrome on windows (60a067a46d031aadb019ab25e3b0a6b8)
18:42:06 [TestNG-test-Yt Master Tests-2] INFO  verifyingGlobalFilterLandingPage_18-42-02 - Opened YouTube landing page.
18:42:06 [TestNG-test-Yt Master Tests-2] INFO  verifyingGlobalFilterLandingPage_18-42-02 - Giving input into the search bar with input as  = youtube
18:42:06 [TestNG-test-Yt Master Tests-2] INFO  verifyingGlobalFilterLandingPage_18-42-02 - [verifyingGlobalFilterLandingPage_18-42-02] Trying to click element: By.xpath: //input[@class='ytSearchboxComponentInput yt-searchbox-input title']
18:42:06 [TestNG-test-Yt Master Tests-2] INFO  verifyingGlobalFilterLandingPage_18-42-02 - [verifyingGlobalFilterLandingPage_18-42-02] Clicked successfully (attempt 1): By.xpath: //input[@class='ytSearchboxComponentInput yt-searchbox-input title']
18:42:06 [TestNG-test-Yt Master Tests-2] INFO  verifyingGlobalFilterLandingPage_18-42-02 - [verifyingGlobalFilterLandingPage_18-42-02] Trying to find element: By.xpath: //input[@class='ytSearchboxComponentInput yt-searchbox-input title']
18:42:06 [TestNG-test-Yt Master Tests-2] INFO  verifyingGlobalFilterLandingPage_18-42-02 - [verifyingGlobalFilterLandingPage_18-42-02] Element found and ready (attempt 1): By.xpath: //input[@class='ytSearchboxComponentInput yt-searchbox-input title']
18:42:06 [TestNG-test-Yt Master Tests-2] INFO  verifyingGlobalFilterLandingPage_18-42-02 - clickEnter(By.xpath: //input[@class='ytSearchboxComponentInput yt-searchbox-input title'])
18:42:06 [TestNG-test-Yt Master Tests-2] INFO  verifyingGlobalFilterLandingPage_18-42-02 - [verifyingGlobalFilterLandingPage_18-42-02] Trying to find element: By.xpath: //input[@class='ytSearchboxComponentInput yt-searchbox-input title']
18:42:07 [TestNG-test-Yt Master Tests-2] INFO  verifyingGlobalFilterLandingPage_18-42-02 - [verifyingGlobalFilterLandingPage_18-42-02] Element found and ready (attempt 1): By.xpath: //input[@class='ytSearchboxComponentInput yt-searchbox-input title']
18:42:07 [TestNG-test-Yt Master Tests-2] INFO  verifyingGlobalFilterLandingPage_18-42-02 - Sent ENTER to By.xpath: //input[@class='ytSearchboxComponentInput yt-searchbox-input title']
18:42:07 [TestNG-test-Yt Master Tests-2] INFO  verifyingGlobalFilterLandingPage_18-42-02 - [verifyingGlobalFilterLandingPage_18-42-02] Execution is scheduled type /CRON Job on CI Hence refering to CI keys from UtilData
18:42:07 [TestNG-test-Yt Master Tests-2] INFO  verifyingGlobalFilterLandingPage_18-42-02 - Clicking settings ellipses button...
18:42:07 [TestNG-test-Yt Master Tests-2] INFO  verifyingGlobalFilterLandingPage_18-42-02 - [verifyingGlobalFilterLandingPage_18-42-02] Trying to find element: By.xpath: //ytd-topbar-menu-button-renderer[@class='style-scope ytd-masthead style-default']
18:42:07 [TestNG-test-Yt Master Tests-2] INFO  verifyingGlobalFilterLandingPage_18-42-02 - [verifyingGlobalFilterLandingPage_18-42-02] Element found and ready (attempt 1): By.xpath: //ytd-topbar-menu-button-renderer[@class='style-scope ytd-masthead style-default']
18:42:07 [TestNG-test-Yt Master Tests-2] INFO  verifyingGlobalFilterLandingPage_18-42-02 - Clicking language dropdown...
18:42:07 [TestNG-test-Yt Master Tests-2] INFO  verifyingGlobalFilterLandingPage_18-42-02 - [verifyingGlobalFilterLandingPage_18-42-02] Trying to find element: By.xpath: (//div[@id='content-icon'])[2]
18:42:08 [TestNG-test-Yt Master Tests-2] INFO  verifyingGlobalFilterLandingPage_18-42-02 - [verifyingGlobalFilterLandingPage_18-42-02] Element found and ready (attempt 1): By.xpath: (//div[@id='content-icon'])[2]
18:42:08 [TestNG-test-Yt Master Tests-2] INFO  verifyingGlobalFilterLandingPage_18-42-02 - [verifyingGlobalFilterLandingPage_18-42-02] Trying to find element: By.xpath: //yt-multi-page-menu-section-renderer[@class='style-scope ytd-multi-page-menu-renderer']//yt-formatted-string[@id='label' and text()='Afrikaans']
18:42:10 [TestNG-test-Yt Master Tests-2] INFO  verifyingGlobalFilterLandingPage_18-42-02 - [verifyingGlobalFilterLandingPage_18-42-02] Element found and ready (attempt 1): By.xpath: //yt-multi-page-menu-section-renderer[@class='style-scope ytd-multi-page-menu-renderer']//yt-formatted-string[@id='label' and text()='Afrikaans']
18:42:10 [TestNG-test-Yt Master Tests-2] INFO  verifyingGlobalFilterLandingPage_18-42-02 - Looking for language element with name: Afrikaans
18:42:10 [TestNG-test-Yt Master Tests-2] INFO  verifyingGlobalFilterLandingPage_18-42-02 - [verifyingGlobalFilterLandingPage_18-42-02] Within smoothScrollToElement method
18:42:10 [TestNG-test-Yt Master Tests-2] INFO  verifyingGlobalFilterLandingPage_18-42-02 - SafeActions initialized with driver ChromeDriver: chrome on windows (60a067a46d031aadb019ab25e3b0a6b8)
18:42:10 [TestNG-test-Yt Master Tests-2] INFO  verifyingGlobalFilterLandingPage_18-42-02 - [verifyingGlobalFilterLandingPage_18-42-02] Trying to find element: By.xpath: //yt-multi-page-menu-section-renderer[@class='style-scope ytd-multi-page-menu-renderer']//yt-formatted-string[@id='label' and text()='Afrikaans']
18:42:10 [TestNG-test-Yt Master Tests-2] INFO  verifyingGlobalFilterLandingPage_18-42-02 - [verifyingGlobalFilterLandingPage_18-42-02] Element found and ready (attempt 1): By.xpath: //yt-multi-page-menu-section-renderer[@class='style-scope ytd-multi-page-menu-renderer']//yt-formatted-string[@id='label' and text()='Afrikaans']
18:42:10 [TestNG-test-Yt Master Tests-2] INFO  verifyingGlobalFilterLandingPage_18-42-02 - [verifyingGlobalFilterLandingPage_18-42-02] Successfully scrolled to element: By.xpath: //yt-multi-page-menu-section-renderer[@class='style-scope ytd-multi-page-menu-renderer']//yt-formatted-string[@id='label' and text()='Afrikaans']
18:42:10 [TestNG-test-Yt Master Tests-2] INFO  verifyingGlobalFilterLandingPage_18-42-02 - Looking for language element with name: Afrikaans
18:42:10 [TestNG-test-Yt Master Tests-2] INFO  verifyingGlobalFilterLandingPage_18-42-02 - [verifyingGlobalFilterLandingPage_18-42-02] Trying to find element: By.xpath: //yt-multi-page-menu-section-renderer[@class='style-scope ytd-multi-page-menu-renderer']//yt-formatted-string[@id='label' and text()='Afrikaans']
18:42:10 [TestNG-test-Yt Master Tests-2] INFO  verifyingGlobalFilterLandingPage_18-42-02 - [verifyingGlobalFilterLandingPage_18-42-02] Element found and ready (attempt 1): By.xpath: //yt-multi-page-menu-section-renderer[@class='style-scope ytd-multi-page-menu-renderer']//yt-formatted-string[@id='label' and text()='Afrikaans']
18:42:10 [TestNG-test-Yt Master Tests-2] INFO  verifyingGlobalFilterLandingPage_18-42-02 - [verifyingGlobalFilterLandingPage_18-42-02] Trying to find element: By.xpath: //yt-multi-page-menu-section-renderer[@class='style-scope ytd-multi-page-menu-renderer']//yt-formatted-string[@id='label' and text()='Afrikaans']
18:42:10 [TestNG-test-Yt Master Tests-2] INFO  verifyingGlobalFilterLandingPage_18-42-02 - [verifyingGlobalFilterLandingPage_18-42-02] Element found and ready (attempt 1): By.xpath: //yt-multi-page-menu-section-renderer[@class='style-scope ytd-multi-page-menu-renderer']//yt-formatted-string[@id='label' and text()='Afrikaans']
18:42:10 [TestNG-test-Yt Master Tests-2] INFO  verifyingGlobalFilterLandingPage_18-42-02 - Clicking settings ellipses button...
18:42:10 [TestNG-test-Yt Master Tests-2] INFO  verifyingGlobalFilterLandingPage_18-42-02 - [verifyingGlobalFilterLandingPage_18-42-02] Trying to find element: By.xpath: //ytd-topbar-menu-button-renderer[@class='style-scope ytd-masthead style-default']
18:42:11 [TestNG-test-Yt Master Tests-2] INFO  verifyingGlobalFilterLandingPage_18-42-02 - [verifyingGlobalFilterLandingPage_18-42-02] Element found and ready (attempt 1): By.xpath: //ytd-topbar-menu-button-renderer[@class='style-scope ytd-masthead style-default']
18:42:11 [TestNG-test-Yt Master Tests-2] INFO  verifyingGlobalFilterLandingPage_18-42-02 - [verifyingGlobalFilterLandingPage_18-42-02] Waiting until element is visible in viewport
18:42:21 [TestNG-test-Yt Master Tests-2] INFO  verifyingGlobalFilterLandingPage_18-42-02 - Clicking settings ellipses button...
18:42:21 [TestNG-test-Yt Master Tests-2] INFO  verifyingGlobalFilterLandingPage_18-42-02 - [verifyingGlobalFilterLandingPage_18-42-02] Trying to find element: By.xpath: //ytd-topbar-menu-button-renderer[@class='style-scope ytd-masthead style-default']
18:42:21 [TestNG-test-Yt Master Tests-2] INFO  verifyingGlobalFilterLandingPage_18-42-02 - [verifyingGlobalFilterLandingPage_18-42-02] Element found and ready (attempt 1): By.xpath: //ytd-topbar-menu-button-renderer[@class='style-scope ytd-masthead style-default']
18:42:21 [TestNG-test-Yt Master Tests-2] INFO  verifyingGlobalFilterLandingPage_18-42-02 - Clicking on global filter button in landing page..
18:42:21 [TestNG-test-Yt Master Tests-2] INFO  verifyingGlobalFilterLandingPage_18-42-02 - [verifyingGlobalFilterLandingPage_18-42-02] Trying to click element: By.xpath: //div[@id='filter-button']
18:42:23 [TestNG-test-Yt Master Tests-2] WARN  verifyingGlobalFilterLandingPage_18-42-02 - [verifyingGlobalFilterLandingPage_18-42-02] Native click failed (attempt 1): By.xpath: //div[@id='filter-button'] -> org.openqa.selenium.ElementClickInterceptedException: element click intercepted: Element <div id="filter-button" class="style-scope ytd-search-header-renderer">...</div> is not clickable at point (1641, 74). Other element would receive the click: <yt-formatted-string id="label" class="style-scope ytd-compact-link-renderer">...</yt-formatted-string>
  (Session info: chrome=146.0.7680.165)
Build info: version: '4.27.0', revision: 'd6e718d134'
System info: os.name: 'Windows Server 2025', os.arch: 'amd64', os.version: '10.0', java.version: '24.0.2'
Driver info: org.openqa.selenium.chrome.ChromeDriver
Command: [60a067a46d031aadb019ab25e3b0a6b8, clickElement {id=f.7B5C1039551029FB3F0F123BD1F577C3.d.DBCF1608F14FA1D42775D2B265D71724.e.64}]
Capabilities {acceptInsecureCerts: false, browserName: chrome, browserVersion: 146.0.7680.165, chrome: {chromedriverVersion: 146.0.7680.165 (4b989da09e1..., userDataDir: C:\Windows\SystemTemp\scope...}, fedcm:accounts: true, goog:chromeOptions: {debuggerAddress: localhost:54814}, goog:processID: 3692, networkConnectionEnabled: false, pageLoadStrategy: normal, platformName: windows, proxy: Proxy(), se:cdp: ws://localhost:54814/devtoo..., se:cdpVersion: 146.0.7680.165, setWindowRect: true, strictFileInteractability: false, timeouts: {implicit: 0, pageLoad: 300000, script: 30000}, unhandledPromptBehavior: dismiss and notify, webauthn:extension:credBlob: true, webauthn:extension:largeBlob: true, webauthn:extension:minPinLength: true, webauthn:extension:prf: true, webauthn:virtualAuthenticators: true}
Element: [[ChromeDriver: chrome on windows (60a067a46d031aadb019ab25e3b0a6b8)] -> xpath: //div[@id='filter-button']]
Session ID: 60a067a46d031aadb019ab25e3b0a6b8
18:42:23 [TestNG-test-Yt Master Tests-2] INFO  verifyingGlobalFilterLandingPage_18-42-02 - [verifyingGlobalFilterLandingPage_18-42-02] Trying JS click fallback for: By.xpath: //div[@id='filter-button']
18:42:23 [TestNG-test-Yt Master Tests-2] INFO  verifyingGlobalFilterLandingPage_18-42-02 - [verifyingGlobalFilterLandingPage_18-42-02] Waiting until element is visible in viewport
18:42:33 [TestNG-test-Yt Master Tests-2] INFO  verifyingGlobalFilterLandingPage_18-42-02 - Fetching the data from the global filter in landing page
18:42:33 [TestNG-test-Yt Master Tests-2] INFO  verifyingGlobalFilterLandingPage_18-42-02 - [verifyingGlobalFilterLandingPage_18-42-02] Trying to find element: By.xpath: //ytd-search-filter-options-dialog-renderer[@class='style-scope ytd-popup-container']
18:42:43 [TestNG-test-Yt Master Tests-2] WARN  verifyingGlobalFilterLandingPage_18-42-02 - [verifyingGlobalFilterLandingPage_18-42-02] Timeout finding element (attempt 1): By.xpath: //ytd-search-filter-options-dialog-renderer[@class='style-scope ytd-popup-container']
18:42:54 [TestNG-test-Yt Master Tests-2] WARN  verifyingGlobalFilterLandingPage_18-42-02 - [verifyingGlobalFilterLandingPage_18-42-02] Timeout finding element (attempt 2): By.xpath: //ytd-search-filter-options-dialog-renderer[@class='style-scope ytd-popup-container']
18:42:54 [TestNG-test-Yt Master Tests-2] WARN  verifyingGlobalFilterLandingPage_18-42-02 - [verifyingGlobalFilterLandingPage_18-42-02] Attempt 2 failed — refreshing the page to recover...
18:42:54 [TestNG-test-Yt Master Tests-2] INFO  verifyingGlobalFilterLandingPage_18-42-02 - [verifyingGlobalFilterLandingPage_18-42-02] Current URL before refresh: https://www.youtube.com/results?search_query=youtube
18:42:57 [TestNG-test-Yt Master Tests-2] INFO  verifyingGlobalFilterLandingPage_18-42-02 - [verifyingGlobalFilterLandingPage_18-42-02] Page refreshed successfully.
18:42:58 [TestNG-test-Yt Master Tests-2] INFO  verifyingGlobalFilterLandingPage_18-42-02 - [verifyingGlobalFilterLandingPage_18-42-02] Page fully loaded after refresh.
18:43:08 [TestNG-test-Yt Master Tests-2] WARN  verifyingGlobalFilterLandingPage_18-42-02 - [verifyingGlobalFilterLandingPage_18-42-02] Timeout finding element (attempt 3): By.xpath: //ytd-search-filter-options-dialog-renderer[@class='style-scope ytd-popup-container']
18:43:08 [TestNG-test-Yt Master Tests-2] WARN  verifyingGlobalFilterLandingPage_18-42-02 - [verifyingGlobalFilterLandingPage_18-42-02] Attempt 3 failed — refreshing the page to recover...
18:43:08 [TestNG-test-Yt Master Tests-2] INFO  verifyingGlobalFilterLandingPage_18-42-02 - [verifyingGlobalFilterLandingPage_18-42-02] Current URL before refresh: https://www.youtube.com/results?search_query=youtube
18:43:08 [TestNG-test-Yt Master Tests-2] INFO  verifyingGlobalFilterLandingPage_18-42-02 - [verifyingGlobalFilterLandingPage_18-42-02] Page refreshed successfully.
18:43:10 [TestNG-test-Yt Master Tests-2] INFO  verifyingGlobalFilterLandingPage_18-42-02 - [verifyingGlobalFilterLandingPage_18-42-02] Page fully loaded after refresh.
18:43:10 [TestNG-test-Yt Master Tests-2] ERROR verifyingGlobalFilterLandingPage_18-42-02 - [verifyingGlobalFilterLandingPage_18-42-02] Element not found after 3 attempts: By.xpath: //ytd-search-filter-options-dialog-renderer[@class='style-scope ytd-popup-container']
18:43:10 [TestNG-test-Yt Master Tests-2] INFO  verifyingGlobalFilterLandingPage_18-42-02 - [verifyingGlobalFilterLandingPage_18-42-02] Not retrying test 'verifyingGlobalFilterLandingPage'. Retry count: 1, Cause: Cannot invoke "org.openqa.selenium.WebElement.getText()" because the return value of "main.java.yt_multi_lang_ui_validator.safeActions.SafeActions.safeFindElement(org.openqa.selenium.By)" is null
