2026-03-06 17:38:52.077 [TestNG-test-Yt Master Tests-2] INFO  [verifyingSettingOptionsLang] ===== STARTING TEST: verifyingSettingOptionsLang  | Thread: 35 =====
2026-03-06 17:38:52.082 [TestNG-test-Yt Master Tests-2] INFO  [verifyingSettingOptionsLang] No existing WebDriver found for current thread. Initializing a new ChromeDriver...
2026-03-06 17:38:52.099 [TestNG-test-Yt Master Tests-2] INFO  [verifyingSettingOptionsLang] WebDriverManager: chromedriver setup OK
2026-03-06 17:39:01.641 [TestNG-test-Yt Master Tests-2] INFO  [verifyingSettingOptionsLang] ChromeDriver initialized successfully for thread: 35
2026-03-06 17:39:01.641 [TestNG-test-Yt Master Tests-2] INFO  [verifyingSettingOptionsLang] Driver initialized successfully for test: verifyingSettingOptionsLang
2026-03-06 17:39:01.644 [TestNG-test-Yt Master Tests-2] INFO  [verifyingSettingOptionsLang] SafeActions initialized with driver ChromeDriver: chrome on windows (87132d909528ff5e69d8f737ac2b8792)
2026-03-06 17:39:01.644 [TestNG-test-Yt Master Tests-2] INFO  [verifyingSettingOptionsLang] Initialized YtLandingPage with driver: ChromeDriver: chrome on windows (87132d909528ff5e69d8f737ac2b8792)
2026-03-06 17:39:01.644 [TestNG-test-Yt Master Tests-2] INFO  [verifyingSettingOptionsLang] SafeActions initialized with driver ChromeDriver: chrome on windows (87132d909528ff5e69d8f737ac2b8792)
2026-03-06 17:39:11.603 [TestNG-test-Yt Master Tests-2] INFO  [verifyingSettingOptionsLang] Opened YouTube landing page.
2026-03-06 17:39:11.604 [TestNG-test-Yt Master Tests-2] INFO  [verifyingSettingOptionsLang] Clicking settings ellipses button...
2026-03-06 17:39:11.741 [TestNG-test-Yt Master Tests-2] INFO  [verifyingSettingOptionsLang] [verifyingSettingOptionsLang] Trying to find element: By.xpath: //ytd-topbar-menu-button-renderer[@class='style-scope ytd-masthead style-default']
2026-03-06 17:39:12.239 [TestNG-test-Yt Master Tests-2] INFO  [verifyingSettingOptionsLang] [verifyingSettingOptionsLang] Element found and ready (attempt 1): By.xpath: //ytd-topbar-menu-button-renderer[@class='style-scope ytd-masthead style-default']
2026-03-06 17:39:12.833 [TestNG-test-Yt Master Tests-2] INFO  [verifyingSettingOptionsLang] Clicking language dropdown...
2026-03-06 17:39:12.834 [TestNG-test-Yt Master Tests-2] INFO  [verifyingSettingOptionsLang] [verifyingSettingOptionsLang] Trying to find element: By.xpath: (//div[@id='content-icon'])[2]
2026-03-06 17:39:13.621 [TestNG-test-Yt Master Tests-2] INFO  [verifyingSettingOptionsLang] [verifyingSettingOptionsLang] Element found and ready (attempt 1): By.xpath: (//div[@id='content-icon'])[2]
2026-03-06 17:39:15.322 [TestNG-test-Yt Master Tests-2] INFO  [verifyingSettingOptionsLang] [verifyingSettingOptionsLang] Execution is Not CRON Job Hence refering to normal keys from UtilData
2026-03-06 17:39:15.323 [TestNG-test-Yt Master Tests-2] INFO  [verifyingSettingOptionsLang] Looking for language element with name: Afrikaans
2026-03-06 17:39:15.323 [TestNG-test-Yt Master Tests-2] INFO  [verifyingSettingOptionsLang] [verifyingSettingOptionsLang] Trying to find element: By.xpath: //yt-multi-page-menu-section-renderer[@class='style-scope ytd-multi-page-menu-renderer']//yt-formatted-string[@id='label' and text()='Afrikaans']
2026-03-06 17:39:15.570 [TestNG-test-Yt Master Tests-2] INFO  [verifyingSettingOptionsLang] [verifyingSettingOptionsLang] Element found and ready (attempt 1): By.xpath: //yt-multi-page-menu-section-renderer[@class='style-scope ytd-multi-page-menu-renderer']//yt-formatted-string[@id='label' and text()='Afrikaans']
2026-03-06 17:39:15.570 [TestNG-test-Yt Master Tests-2] INFO  [verifyingSettingOptionsLang] [verifyingSettingOptionsLang] Trying to find element: By.xpath: //yt-multi-page-menu-section-renderer[@class='style-scope ytd-multi-page-menu-renderer']//yt-formatted-string[@id='label' and text()='Afrikaans']
2026-03-06 17:39:15.937 [TestNG-test-Yt Master Tests-2] INFO  [verifyingSettingOptionsLang] [verifyingSettingOptionsLang] Element found and ready (attempt 1): By.xpath: //yt-multi-page-menu-section-renderer[@class='style-scope ytd-multi-page-menu-renderer']//yt-formatted-string[@id='label' and text()='Afrikaans']
2026-03-06 17:39:18.984 [TestNG-test-Yt Master Tests-2] INFO  [verifyingSettingOptionsLang] Clicking settings ellipses button...
2026-03-06 17:39:19.582 [TestNG-test-Yt Master Tests-2] INFO  [verifyingSettingOptionsLang] [verifyingSettingOptionsLang] Trying to find element: By.xpath: //ytd-topbar-menu-button-renderer[@class='style-scope ytd-masthead style-default']
2026-03-06 17:39:19.693 [TestNG-test-Yt Master Tests-2] INFO  [verifyingSettingOptionsLang] [verifyingSettingOptionsLang] Element found and ready (attempt 1): By.xpath: //ytd-topbar-menu-button-renderer[@class='style-scope ytd-masthead style-default']
2026-03-06 17:39:19.853 [TestNG-test-Yt Master Tests-2] INFO  [verifyingSettingOptionsLang] [verifyingSettingOptionsLang] Waiting until element is visible in viewport
2026-03-06 17:39:20.050 [TestNG-test-Yt Master Tests-2] INFO  [verifyingSettingOptionsLang] [verifyingSettingOptionsLang] Capturing screenshot: Filter Applied is Afrikaans__2026-03-06_173920.jpg
2026-03-06 17:39:20.726 [TestNG-test-Yt Master Tests-2] INFO  [verifyingSettingOptionsLang] [verifyingSettingOptionsLang] Screenshot saved at: test-output/screenshots/Run_2026-03-06_17-35-59/verifyingSettingOptionsLang/Filter Applied is Afrikaans__2026-03-06_173920.jpg
2026-03-06 17:39:20.728 [TestNG-test-Yt Master Tests-2] INFO  [verifyingSettingOptionsLang] Clicking settings ellipses button...
2026-03-06 17:39:20.793 [TestNG-test-Yt Master Tests-2] INFO  [verifyingSettingOptionsLang] [verifyingSettingOptionsLang] Trying to find element: By.xpath: //ytd-topbar-menu-button-renderer[@class='style-scope ytd-masthead style-default']
2026-03-06 17:39:20.943 [TestNG-test-Yt Master Tests-2] INFO  [verifyingSettingOptionsLang] [verifyingSettingOptionsLang] Element found and ready (attempt 1): By.xpath: //ytd-topbar-menu-button-renderer[@class='style-scope ytd-masthead style-default']
2026-03-06 17:39:21.035 [TestNG-test-Yt Master Tests-2] INFO  [verifyingSettingOptionsLang] Clicking settings ellipses button...
2026-03-06 17:39:21.067 [TestNG-test-Yt Master Tests-2] INFO  [verifyingSettingOptionsLang] [verifyingSettingOptionsLang] Trying to find element: By.xpath: //ytd-topbar-menu-button-renderer[@class='style-scope ytd-masthead style-default']
2026-03-06 17:39:21.243 [TestNG-test-Yt Master Tests-2] INFO  [verifyingSettingOptionsLang] [verifyingSettingOptionsLang] Element found and ready (attempt 1): By.xpath: //ytd-topbar-menu-button-renderer[@class='style-scope ytd-masthead style-default']
2026-03-06 17:39:21.662 [TestNG-test-Yt Master Tests-2] INFO  [verifyingSettingOptionsLang] Getting the setting ellipses options
2026-03-06 17:39:21.662 [TestNG-test-Yt Master Tests-2] INFO  [verifyingSettingOptionsLang] [verifyingSettingOptionsLang] Trying to find element: By.xpath: //ytd-multi-page-menu-renderer
2026-03-06 17:39:21.924 [TestNG-test-Yt Master Tests-2] INFO  [verifyingSettingOptionsLang] [verifyingSettingOptionsLang] Element found and ready (attempt 1): By.xpath: //ytd-multi-page-menu-renderer
2026-03-06 17:39:22.002 [TestNG-test-Yt Master Tests-2] INFO  [verifyingSettingOptionsLang] Clicking settings ellipses button...
2026-03-06 17:39:22.043 [TestNG-test-Yt Master Tests-2] INFO  [verifyingSettingOptionsLang] [verifyingSettingOptionsLang] Trying to find element: By.xpath: //ytd-topbar-menu-button-renderer[@class='style-scope ytd-masthead style-default']
2026-03-06 17:39:22.100 [TestNG-test-Yt Master Tests-2] INFO  [verifyingSettingOptionsLang] [verifyingSettingOptionsLang] Element found and ready (attempt 1): By.xpath: //ytd-topbar-menu-button-renderer[@class='style-scope ytd-masthead style-default']
2026-03-06 17:39:22.164 [TestNG-test-Yt Master Tests-2] INFO  [verifyingSettingOptionsLang] 
========== LANGUAGE DETECTION ==========
Detected Language : AFRIKAANS
Input Text        : Jou data in YouTube
Voorkoms: Lig
Vertoontaal:
Afrikaans
Beperkmodus: Af
Ligging:
Verenigde State
Kortpadsleutels
Instellings
Hulp
Stuur terugvoer
========================================
2026-03-06 17:39:22.165 [TestNG-test-Yt Master Tests-2] INFO  [verifyingSettingOptionsLang] getLangAttribute() - locating <html> and reading lang property
2026-03-06 17:39:22.213 [TestNG-test-Yt Master Tests-2] INFO  [verifyingSettingOptionsLang] Language attribute read: af-ZA
2026-03-06 17:39:22.214 [TestNG-test-Yt Master Tests-2] INFO  [verifyingSettingOptionsLang] Clicking settings ellipses button...
2026-03-06 17:39:22.254 [TestNG-test-Yt Master Tests-2] INFO  [verifyingSettingOptionsLang] [verifyingSettingOptionsLang] Trying to find element: By.xpath: //ytd-topbar-menu-button-renderer[@class='style-scope ytd-masthead style-default']
2026-03-06 17:39:22.458 [TestNG-test-Yt Master Tests-2] INFO  [verifyingSettingOptionsLang] [verifyingSettingOptionsLang] Element found and ready (attempt 1): By.xpath: //ytd-topbar-menu-button-renderer[@class='style-scope ytd-masthead style-default']
2026-03-06 17:39:22.696 [TestNG-test-Yt Master Tests-2] INFO  [verifyingSettingOptionsLang] Clicking language dropdown...
2026-03-06 17:39:22.696 [TestNG-test-Yt Master Tests-2] INFO  [verifyingSettingOptionsLang] [verifyingSettingOptionsLang] Trying to find element: By.xpath: (//div[@id='content-icon'])[2]
2026-03-06 17:39:23.317 [TestNG-test-Yt Master Tests-2] INFO  [verifyingSettingOptionsLang] [verifyingSettingOptionsLang] Element found and ready (attempt 1): By.xpath: (//div[@id='content-icon'])[2]
2026-03-06 17:39:23.872 [TestNG-test-Yt Master Tests-2] INFO  [verifyingSettingOptionsLang] Looking for language element with name: Azərbaycan
2026-03-06 17:39:23.872 [TestNG-test-Yt Master Tests-2] INFO  [verifyingSettingOptionsLang] [verifyingSettingOptionsLang] Trying to find element: By.xpath: //yt-multi-page-menu-section-renderer[@class='style-scope ytd-multi-page-menu-renderer']//yt-formatted-string[@id='label' and text()='Azərbaycan']
2026-03-06 17:39:23.999 [TestNG-test-Yt Master Tests-2] INFO  [verifyingSettingOptionsLang] [verifyingSettingOptionsLang] Element found and ready (attempt 1): By.xpath: //yt-multi-page-menu-section-renderer[@class='style-scope ytd-multi-page-menu-renderer']//yt-formatted-string[@id='label' and text()='Azərbaycan']
2026-03-06 17:39:23.999 [TestNG-test-Yt Master Tests-2] INFO  [verifyingSettingOptionsLang] [verifyingSettingOptionsLang] Trying to find element: By.xpath: //yt-multi-page-menu-section-renderer[@class='style-scope ytd-multi-page-menu-renderer']//yt-formatted-string[@id='label' and text()='Azərbaycan']
2026-03-06 17:39:24.111 [TestNG-test-Yt Master Tests-2] INFO  [verifyingSettingOptionsLang] [verifyingSettingOptionsLang] Element found and ready (attempt 1): By.xpath: //yt-multi-page-menu-section-renderer[@class='style-scope ytd-multi-page-menu-renderer']//yt-formatted-string[@id='label' and text()='Azərbaycan']
2026-03-06 17:39:26.723 [TestNG-test-Yt Master Tests-2] INFO  [verifyingSettingOptionsLang] Clicking settings ellipses button...
2026-03-06 17:39:27.284 [TestNG-test-Yt Master Tests-2] INFO  [verifyingSettingOptionsLang] [verifyingSettingOptionsLang] Trying to find element: By.xpath: //ytd-topbar-menu-button-renderer[@class='style-scope ytd-masthead style-default']
2026-03-06 17:39:27.361 [TestNG-test-Yt Master Tests-2] INFO  [verifyingSettingOptionsLang] [verifyingSettingOptionsLang] Element found and ready (attempt 1): By.xpath: //ytd-topbar-menu-button-renderer[@class='style-scope ytd-masthead style-default']
2026-03-06 17:39:27.495 [TestNG-test-Yt Master Tests-2] INFO  [verifyingSettingOptionsLang] [verifyingSettingOptionsLang] Waiting until element is visible in viewport
2026-03-06 17:39:28.129 [TestNG-test-Yt Master Tests-2] INFO  [verifyingSettingOptionsLang] [verifyingSettingOptionsLang] Capturing screenshot: Filter Applied is Azərbaycan__2026-03-06_173928.jpg
2026-03-06 17:39:28.569 [TestNG-test-Yt Master Tests-2] INFO  [verifyingSettingOptionsLang] [verifyingSettingOptionsLang] Screenshot saved at: test-output/screenshots/Run_2026-03-06_17-35-59/verifyingSettingOptionsLang/Filter Applied is Azərbaycan__2026-03-06_173928.jpg
2026-03-06 17:39:28.571 [TestNG-test-Yt Master Tests-2] INFO  [verifyingSettingOptionsLang] Clicking settings ellipses button...
2026-03-06 17:39:28.630 [TestNG-test-Yt Master Tests-2] INFO  [verifyingSettingOptionsLang] [verifyingSettingOptionsLang] Trying to find element: By.xpath: //ytd-topbar-menu-button-renderer[@class='style-scope ytd-masthead style-default']
2026-03-06 17:39:28.805 [TestNG-test-Yt Master Tests-2] INFO  [verifyingSettingOptionsLang] [verifyingSettingOptionsLang] Element found and ready (attempt 1): By.xpath: //ytd-topbar-menu-button-renderer[@class='style-scope ytd-masthead style-default']
2026-03-06 17:39:28.870 [TestNG-test-Yt Master Tests-2] INFO  [verifyingSettingOptionsLang] Clicking settings ellipses button...
2026-03-06 17:39:28.929 [TestNG-test-Yt Master Tests-2] INFO  [verifyingSettingOptionsLang] [verifyingSettingOptionsLang] Trying to find element: By.xpath: //ytd-topbar-menu-button-renderer[@class='style-scope ytd-masthead style-default']
2026-03-06 17:39:29.497 [TestNG-test-Yt Master Tests-2] INFO  [verifyingSettingOptionsLang] [verifyingSettingOptionsLang] Element found and ready (attempt 1): By.xpath: //ytd-topbar-menu-button-renderer[@class='style-scope ytd-masthead style-default']
2026-03-06 17:39:29.635 [TestNG-test-Yt Master Tests-2] INFO  [verifyingSettingOptionsLang] Getting the setting ellipses options
2026-03-06 17:39:29.635 [TestNG-test-Yt Master Tests-2] INFO  [verifyingSettingOptionsLang] [verifyingSettingOptionsLang] Trying to find element: By.xpath: //ytd-multi-page-menu-renderer
2026-03-06 17:39:29.903 [TestNG-test-Yt Master Tests-2] INFO  [verifyingSettingOptionsLang] [verifyingSettingOptionsLang] Element found and ready (attempt 1): By.xpath: //ytd-multi-page-menu-renderer
2026-03-06 17:39:29.990 [TestNG-test-Yt Master Tests-2] INFO  [verifyingSettingOptionsLang] Clicking settings ellipses button...
2026-03-06 17:39:30.070 [TestNG-test-Yt Master Tests-2] INFO  [verifyingSettingOptionsLang] [verifyingSettingOptionsLang] Trying to find element: By.xpath: //ytd-topbar-menu-button-renderer[@class='style-scope ytd-masthead style-default']
2026-03-06 17:39:30.162 [TestNG-test-Yt Master Tests-2] INFO  [verifyingSettingOptionsLang] [verifyingSettingOptionsLang] Element found and ready (attempt 1): By.xpath: //ytd-topbar-menu-button-renderer[@class='style-scope ytd-masthead style-default']
2026-03-06 17:39:30.274 [TestNG-test-Yt Master Tests-2] INFO  [verifyingSettingOptionsLang] 
========== LANGUAGE DETECTION ==========
Detected Language : AZERBAIJANI
Input Text        : YouTube Datanız
Görünüş: Açıq
Displey dili:
azərbaycan
Limitli Rejim: Deaktiv
Məkan:
Amerika Birləşmiş Ştatları
Klaviatura qısayolları
Ayarlar
Yardım
Rəy göndərin
========================================
2026-03-06 17:39:30.275 [TestNG-test-Yt Master Tests-2] INFO  [verifyingSettingOptionsLang] getLangAttribute() - locating <html> and reading lang property
2026-03-06 17:39:30.301 [TestNG-test-Yt Master Tests-2] INFO  [verifyingSettingOptionsLang] Language attribute read: az-Latn-AZ
2026-03-06 17:39:30.301 [TestNG-test-Yt Master Tests-2] INFO  [verifyingSettingOptionsLang] Clicking settings ellipses button...
2026-03-06 17:39:30.358 [TestNG-test-Yt Master Tests-2] INFO  [verifyingSettingOptionsLang] [verifyingSettingOptionsLang] Trying to find element: By.xpath: //ytd-topbar-menu-button-renderer[@class='style-scope ytd-masthead style-default']
2026-03-06 17:39:30.487 [TestNG-test-Yt Master Tests-2] INFO  [verifyingSettingOptionsLang] [verifyingSettingOptionsLang] Element found and ready (attempt 1): By.xpath: //ytd-topbar-menu-button-renderer[@class='style-scope ytd-masthead style-default']
2026-03-06 17:39:30.646 [TestNG-test-Yt Master Tests-2] INFO  [verifyingSettingOptionsLang] Clicking language dropdown...
2026-03-06 17:39:30.646 [TestNG-test-Yt Master Tests-2] INFO  [verifyingSettingOptionsLang] [verifyingSettingOptionsLang] Trying to find element: By.xpath: (//div[@id='content-icon'])[2]
2026-03-06 17:39:31.149 [TestNG-test-Yt Master Tests-2] INFO  [verifyingSettingOptionsLang] [verifyingSettingOptionsLang] Element found and ready (attempt 1): By.xpath: (//div[@id='content-icon'])[2]
2026-03-06 17:39:31.800 [TestNG-test-Yt Master Tests-2] INFO  [verifyingSettingOptionsLang] Looking for language element with name: Bahasa Indonesia
2026-03-06 17:39:31.819 [TestNG-test-Yt Master Tests-2] INFO  [verifyingSettingOptionsLang] [verifyingSettingOptionsLang] Trying to find element: By.xpath: //yt-multi-page-menu-section-renderer[@class='style-scope ytd-multi-page-menu-renderer']//yt-formatted-string[@id='label' and text()='Bahasa Indonesia']
2026-03-06 17:39:31.928 [TestNG-test-Yt Master Tests-2] INFO  [verifyingSettingOptionsLang] [verifyingSettingOptionsLang] Element found and ready (attempt 1): By.xpath: //yt-multi-page-menu-section-renderer[@class='style-scope ytd-multi-page-menu-renderer']//yt-formatted-string[@id='label' and text()='Bahasa Indonesia']
2026-03-06 17:39:31.928 [TestNG-test-Yt Master Tests-2] INFO  [verifyingSettingOptionsLang] [verifyingSettingOptionsLang] Trying to find element: By.xpath: //yt-multi-page-menu-section-renderer[@class='style-scope ytd-multi-page-menu-renderer']//yt-formatted-string[@id='label' and text()='Bahasa Indonesia']
2026-03-06 17:39:31.993 [TestNG-test-Yt Master Tests-2] INFO  [verifyingSettingOptionsLang] [verifyingSettingOptionsLang] Element found and ready (attempt 1): By.xpath: //yt-multi-page-menu-section-renderer[@class='style-scope ytd-multi-page-menu-renderer']//yt-formatted-string[@id='label' and text()='Bahasa Indonesia']
2026-03-06 17:39:34.359 [TestNG-test-Yt Master Tests-2] INFO  [verifyingSettingOptionsLang] Clicking settings ellipses button...
2026-03-06 17:39:34.820 [TestNG-test-Yt Master Tests-2] INFO  [verifyingSettingOptionsLang] [verifyingSettingOptionsLang] Trying to find element: By.xpath: //ytd-topbar-menu-button-renderer[@class='style-scope ytd-masthead style-default']
2026-03-06 17:39:34.911 [TestNG-test-Yt Master Tests-2] INFO  [verifyingSettingOptionsLang] [verifyingSettingOptionsLang] Element found and ready (attempt 1): By.xpath: //ytd-topbar-menu-button-renderer[@class='style-scope ytd-masthead style-default']
2026-03-06 17:39:35.133 [TestNG-test-Yt Master Tests-2] INFO  [verifyingSettingOptionsLang] [verifyingSettingOptionsLang] Waiting until element is visible in viewport
2026-03-06 17:39:35.405 [TestNG-test-Yt Master Tests-2] INFO  [verifyingSettingOptionsLang] [verifyingSettingOptionsLang] Capturing screenshot: Filter Applied is Bahasa Indonesia__2026-03-06_173935.jpg
2026-03-06 17:39:35.830 [TestNG-test-Yt Master Tests-2] INFO  [verifyingSettingOptionsLang] [verifyingSettingOptionsLang] Screenshot saved at: test-output/screenshots/Run_2026-03-06_17-35-59/verifyingSettingOptionsLang/Filter Applied is Bahasa Indonesia__2026-03-06_173935.jpg
2026-03-06 17:39:35.831 [TestNG-test-Yt Master Tests-2] INFO  [verifyingSettingOptionsLang] Clicking settings ellipses button...
2026-03-06 17:39:35.871 [TestNG-test-Yt Master Tests-2] INFO  [verifyingSettingOptionsLang] [verifyingSettingOptionsLang] Trying to find element: By.xpath: //ytd-topbar-menu-button-renderer[@class='style-scope ytd-masthead style-default']
2026-03-06 17:39:35.931 [TestNG-test-Yt Master Tests-2] INFO  [verifyingSettingOptionsLang] [verifyingSettingOptionsLang] Element found and ready (attempt 1): By.xpath: //ytd-topbar-menu-button-renderer[@class='style-scope ytd-masthead style-default']
2026-03-06 17:39:36.158 [TestNG-test-Yt Master Tests-2] INFO  [verifyingSettingOptionsLang] Clicking settings ellipses button...
2026-03-06 17:39:36.240 [TestNG-test-Yt Master Tests-2] INFO  [verifyingSettingOptionsLang] [verifyingSettingOptionsLang] Trying to find element: By.xpath: //ytd-topbar-menu-button-renderer[@class='style-scope ytd-masthead style-default']
2026-03-06 17:39:36.345 [TestNG-test-Yt Master Tests-2] INFO  [verifyingSettingOptionsLang] [verifyingSettingOptionsLang] Element found and ready (attempt 1): By.xpath: //ytd-topbar-menu-button-renderer[@class='style-scope ytd-masthead style-default']
2026-03-06 17:39:36.466 [TestNG-test-Yt Master Tests-2] INFO  [verifyingSettingOptionsLang] Getting the setting ellipses options
2026-03-06 17:39:36.466 [TestNG-test-Yt Master Tests-2] INFO  [verifyingSettingOptionsLang] [verifyingSettingOptionsLang] Trying to find element: By.xpath: //ytd-multi-page-menu-renderer
2026-03-06 17:39:36.847 [TestNG-test-Yt Master Tests-2] INFO  [verifyingSettingOptionsLang] [verifyingSettingOptionsLang] Element found and ready (attempt 1): By.xpath: //ytd-multi-page-menu-renderer
2026-03-06 17:39:36.921 [TestNG-test-Yt Master Tests-2] INFO  [verifyingSettingOptionsLang] Clicking settings ellipses button...
2026-03-06 17:39:36.961 [TestNG-test-Yt Master Tests-2] INFO  [verifyingSettingOptionsLang] [verifyingSettingOptionsLang] Trying to find element: By.xpath: //ytd-topbar-menu-button-renderer[@class='style-scope ytd-masthead style-default']
2026-03-06 17:39:37.042 [TestNG-test-Yt Master Tests-2] INFO  [verifyingSettingOptionsLang] [verifyingSettingOptionsLang] Element found and ready (attempt 1): By.xpath: //ytd-topbar-menu-button-renderer[@class='style-scope ytd-masthead style-default']
2026-03-06 17:39:37.127 [TestNG-test-Yt Master Tests-2] INFO  [verifyingSettingOptionsLang] 
========== LANGUAGE DETECTION ==========
Detected Language : INDONESIAN
Input Text        : Data Anda di YouTube
Tampilan: Terang
Bahasa tampilan:
Indonesia
Mode Terbatas: Nonaktif
Lokasi:
Amerika Serikat
Pintasan keyboard
Setelan
Bantuan
Kirim masukan
========================================
2026-03-06 17:39:37.128 [TestNG-test-Yt Master Tests-2] INFO  [verifyingSettingOptionsLang] getLangAttribute() - locating <html> and reading lang property
2026-03-06 17:39:37.156 [TestNG-test-Yt Master Tests-2] INFO  [verifyingSettingOptionsLang] Language attribute read: id-ID
2026-03-06 17:39:37.156 [TestNG-test-Yt Master Tests-2] INFO  [verifyingSettingOptionsLang] Clicking settings ellipses button...
2026-03-06 17:39:37.202 [TestNG-test-Yt Master Tests-2] INFO  [verifyingSettingOptionsLang] [verifyingSettingOptionsLang] Trying to find element: By.xpath: //ytd-topbar-menu-button-renderer[@class='style-scope ytd-masthead style-default']
2026-03-06 17:39:37.302 [TestNG-test-Yt Master Tests-2] INFO  [verifyingSettingOptionsLang] [verifyingSettingOptionsLang] Element found and ready (attempt 1): By.xpath: //ytd-topbar-menu-button-renderer[@class='style-scope ytd-masthead style-default']
2026-03-06 17:39:37.413 [TestNG-test-Yt Master Tests-2] INFO  [verifyingSettingOptionsLang] Clicking language dropdown...
2026-03-06 17:39:37.413 [TestNG-test-Yt Master Tests-2] INFO  [verifyingSettingOptionsLang] [verifyingSettingOptionsLang] Trying to find element: By.xpath: (//div[@id='content-icon'])[2]
2026-03-06 17:39:37.571 [TestNG-test-Yt Master Tests-2] INFO  [verifyingSettingOptionsLang] [verifyingSettingOptionsLang] Element found and ready (attempt 1): By.xpath: (//div[@id='content-icon'])[2]
2026-03-06 17:39:38.131 [TestNG-test-Yt Master Tests-2] INFO  [verifyingSettingOptionsLang] Looking for language element with name: Bosanski
2026-03-06 17:39:38.131 [TestNG-test-Yt Master Tests-2] INFO  [verifyingSettingOptionsLang] [verifyingSettingOptionsLang] Trying to find element: By.xpath: //yt-multi-page-menu-section-renderer[@class='style-scope ytd-multi-page-menu-renderer']//yt-formatted-string[@id='label' and text()='Bosanski']
2026-03-06 17:39:38.244 [TestNG-test-Yt Master Tests-2] INFO  [verifyingSettingOptionsLang] [verifyingSettingOptionsLang] Element found and ready (attempt 1): By.xpath: //yt-multi-page-menu-section-renderer[@class='style-scope ytd-multi-page-menu-renderer']//yt-formatted-string[@id='label' and text()='Bosanski']
2026-03-06 17:39:38.244 [TestNG-test-Yt Master Tests-2] INFO  [verifyingSettingOptionsLang] [verifyingSettingOptionsLang] Trying to find element: By.xpath: //yt-multi-page-menu-section-renderer[@class='style-scope ytd-multi-page-menu-renderer']//yt-formatted-string[@id='label' and text()='Bosanski']
2026-03-06 17:39:38.304 [TestNG-test-Yt Master Tests-2] INFO  [verifyingSettingOptionsLang] [verifyingSettingOptionsLang] Element found and ready (attempt 1): By.xpath: //yt-multi-page-menu-section-renderer[@class='style-scope ytd-multi-page-menu-renderer']//yt-formatted-string[@id='label' and text()='Bosanski']
2026-03-06 17:39:40.530 [TestNG-test-Yt Master Tests-2] INFO  [verifyingSettingOptionsLang] Clicking settings ellipses button...
2026-03-06 17:39:41.357 [TestNG-test-Yt Master Tests-2] INFO  [verifyingSettingOptionsLang] [verifyingSettingOptionsLang] Trying to find element: By.xpath: //ytd-topbar-menu-button-renderer[@class='style-scope ytd-masthead style-default']
2026-03-06 17:39:41.722 [TestNG-test-Yt Master Tests-2] INFO  [verifyingSettingOptionsLang] [verifyingSettingOptionsLang] Element found and ready (attempt 1): By.xpath: //ytd-topbar-menu-button-renderer[@class='style-scope ytd-masthead style-default']
2026-03-06 17:39:41.839 [TestNG-test-Yt Master Tests-2] INFO  [verifyingSettingOptionsLang] [verifyingSettingOptionsLang] Waiting until element is visible in viewport
2026-03-06 17:39:42.680 [TestNG-test-Yt Master Tests-2] INFO  [verifyingSettingOptionsLang] [verifyingSettingOptionsLang] Capturing screenshot: Filter Applied is Bosanski__2026-03-06_173942.jpg
2026-03-06 17:39:43.071 [TestNG-test-Yt Master Tests-2] INFO  [verifyingSettingOptionsLang] [verifyingSettingOptionsLang] Screenshot saved at: test-output/screenshots/Run_2026-03-06_17-35-59/verifyingSettingOptionsLang/Filter Applied is Bosanski__2026-03-06_173942.jpg
2026-03-06 17:39:43.071 [TestNG-test-Yt Master Tests-2] INFO  [verifyingSettingOptionsLang] Clicking settings ellipses button...
2026-03-06 17:39:43.140 [TestNG-test-Yt Master Tests-2] INFO  [verifyingSettingOptionsLang] [verifyingSettingOptionsLang] Trying to find element: By.xpath: //ytd-topbar-menu-button-renderer[@class='style-scope ytd-masthead style-default']
2026-03-06 17:39:43.302 [TestNG-test-Yt Master Tests-2] INFO  [verifyingSettingOptionsLang] [verifyingSettingOptionsLang] Element found and ready (attempt 1): By.xpath: //ytd-topbar-menu-button-renderer[@class='style-scope ytd-masthead style-default']
2026-03-06 17:39:43.623 [TestNG-test-Yt Master Tests-2] INFO  [verifyingSettingOptionsLang] Clicking settings ellipses button...
2026-03-06 17:39:43.902 [TestNG-test-Yt Master Tests-2] INFO  [verifyingSettingOptionsLang] [verifyingSettingOptionsLang] Trying to find element: By.xpath: //ytd-topbar-menu-button-renderer[@class='style-scope ytd-masthead style-default']
2026-03-06 17:39:44.028 [TestNG-test-Yt Master Tests-2] INFO  [verifyingSettingOptionsLang] [verifyingSettingOptionsLang] Element found and ready (attempt 1): By.xpath: //ytd-topbar-menu-button-renderer[@class='style-scope ytd-masthead style-default']
2026-03-06 17:39:44.123 [TestNG-test-Yt Master Tests-2] INFO  [verifyingSettingOptionsLang] Getting the setting ellipses options
2026-03-06 17:39:44.123 [TestNG-test-Yt Master Tests-2] INFO  [verifyingSettingOptionsLang] [verifyingSettingOptionsLang] Trying to find element: By.xpath: //ytd-multi-page-menu-renderer
2026-03-06 17:39:44.283 [TestNG-test-Yt Master Tests-2] INFO  [verifyingSettingOptionsLang] [verifyingSettingOptionsLang] Element found and ready (attempt 1): By.xpath: //ytd-multi-page-menu-renderer
2026-03-06 17:39:44.368 [TestNG-test-Yt Master Tests-2] INFO  [verifyingSettingOptionsLang] Clicking settings ellipses button...
2026-03-06 17:39:44.408 [TestNG-test-Yt Master Tests-2] INFO  [verifyingSettingOptionsLang] [verifyingSettingOptionsLang] Trying to find element: By.xpath: //ytd-topbar-menu-button-renderer[@class='style-scope ytd-masthead style-default']
2026-03-06 17:39:44.534 [TestNG-test-Yt Master Tests-2] INFO  [verifyingSettingOptionsLang] [verifyingSettingOptionsLang] Element found and ready (attempt 1): By.xpath: //ytd-topbar-menu-button-renderer[@class='style-scope ytd-masthead style-default']
2026-03-06 17:39:44.632 [TestNG-test-Yt Master Tests-2] INFO  [verifyingSettingOptionsLang] 
========== LANGUAGE DETECTION ==========
Detected Language : BOSNIAN
Input Text        : Vaši podaci na YouTubeu
Izgled: svijetla tema
Jezik prikaza:
bosanski
Ograničeni način rada: isključeno
Lokacija:
Sjedinjene Američke Države
Prečice na tastaturi
Postavke
Pomoć
Pošaljite povratne informacije
========================================
2026-03-06 17:39:44.644 [TestNG-test-Yt Master Tests-2] INFO  [verifyingSettingOptionsLang] getLangAttribute() - locating <html> and reading lang property
2026-03-06 17:39:44.663 [TestNG-test-Yt Master Tests-2] INFO  [verifyingSettingOptionsLang] Language attribute read: bs-Latn-BA
2026-03-06 17:39:44.663 [TestNG-test-Yt Master Tests-2] INFO  [verifyingSettingOptionsLang] Clicking settings ellipses button...
2026-03-06 17:39:45.146 [TestNG-test-Yt Master Tests-2] INFO  [verifyingSettingOptionsLang] [verifyingSettingOptionsLang] Trying to find element: By.xpath: //ytd-topbar-menu-button-renderer[@class='style-scope ytd-masthead style-default']
2026-03-06 17:39:45.234 [TestNG-test-Yt Master Tests-2] INFO  [verifyingSettingOptionsLang] [verifyingSettingOptionsLang] Element found and ready (attempt 1): By.xpath: //ytd-topbar-menu-button-renderer[@class='style-scope ytd-masthead style-default']
2026-03-06 17:39:45.320 [TestNG-test-Yt Master Tests-2] INFO  [verifyingSettingOptionsLang] Clicking language dropdown...
2026-03-06 17:39:45.320 [TestNG-test-Yt Master Tests-2] INFO  [verifyingSettingOptionsLang] [verifyingSettingOptionsLang] Trying to find element: By.xpath: (//div[@id='content-icon'])[2]
2026-03-06 17:39:45.975 [TestNG-test-Yt Master Tests-2] INFO  [verifyingSettingOptionsLang] [verifyingSettingOptionsLang] Element found and ready (attempt 1): By.xpath: (//div[@id='content-icon'])[2]
2026-03-06 17:39:46.894 [TestNG-test-Yt Master Tests-2] INFO  [verifyingSettingOptionsLang] Looking for language element with name: Català
2026-03-06 17:39:46.894 [TestNG-test-Yt Master Tests-2] INFO  [verifyingSettingOptionsLang] [verifyingSettingOptionsLang] Trying to find element: By.xpath: //yt-multi-page-menu-section-renderer[@class='style-scope ytd-multi-page-menu-renderer']//yt-formatted-string[@id='label' and text()='Català']
2026-03-06 17:39:47.021 [TestNG-test-Yt Master Tests-2] INFO  [verifyingSettingOptionsLang] [verifyingSettingOptionsLang] Element found and ready (attempt 1): By.xpath: //yt-multi-page-menu-section-renderer[@class='style-scope ytd-multi-page-menu-renderer']//yt-formatted-string[@id='label' and text()='Català']
2026-03-06 17:39:47.021 [TestNG-test-Yt Master Tests-2] INFO  [verifyingSettingOptionsLang] [verifyingSettingOptionsLang] Trying to find element: By.xpath: //yt-multi-page-menu-section-renderer[@class='style-scope ytd-multi-page-menu-renderer']//yt-formatted-string[@id='label' and text()='Català']
2026-03-06 17:39:47.100 [TestNG-test-Yt Master Tests-2] INFO  [verifyingSettingOptionsLang] [verifyingSettingOptionsLang] Element found and ready (attempt 1): By.xpath: //yt-multi-page-menu-section-renderer[@class='style-scope ytd-multi-page-menu-renderer']//yt-formatted-string[@id='label' and text()='Català']
2026-03-06 17:39:49.368 [TestNG-test-Yt Master Tests-2] INFO  [verifyingSettingOptionsLang] Clicking settings ellipses button...
2026-03-06 17:39:49.643 [TestNG-test-Yt Master Tests-2] INFO  [verifyingSettingOptionsLang] [verifyingSettingOptionsLang] Trying to find element: By.xpath: //ytd-topbar-menu-button-renderer[@class='style-scope ytd-masthead style-default']
2026-03-06 17:39:49.877 [TestNG-test-Yt Master Tests-2] INFO  [verifyingSettingOptionsLang] [verifyingSettingOptionsLang] Element found and ready (attempt 1): By.xpath: //ytd-topbar-menu-button-renderer[@class='style-scope ytd-masthead style-default']
2026-03-06 17:39:50.281 [TestNG-test-Yt Master Tests-2] INFO  [verifyingSettingOptionsLang] [verifyingSettingOptionsLang] Waiting until element is visible in viewport
2026-03-06 17:39:50.341 [TestNG-test-Yt Master Tests-2] INFO  [verifyingSettingOptionsLang] [verifyingSettingOptionsLang] Capturing screenshot: Filter Applied is Català__2026-03-06_173950.jpg
2026-03-06 17:39:50.685 [TestNG-test-Yt Master Tests-2] INFO  [verifyingSettingOptionsLang] [verifyingSettingOptionsLang] Screenshot saved at: test-output/screenshots/Run_2026-03-06_17-35-59/verifyingSettingOptionsLang/Filter Applied is Català__2026-03-06_173950.jpg
2026-03-06 17:39:50.685 [TestNG-test-Yt Master Tests-2] INFO  [verifyingSettingOptionsLang] Clicking settings ellipses button...
2026-03-06 17:39:50.707 [TestNG-test-Yt Master Tests-2] INFO  [verifyingSettingOptionsLang] [verifyingSettingOptionsLang] Trying to find element: By.xpath: //ytd-topbar-menu-button-renderer[@class='style-scope ytd-masthead style-default']
2026-03-06 17:39:50.767 [TestNG-test-Yt Master Tests-2] INFO  [verifyingSettingOptionsLang] [verifyingSettingOptionsLang] Element found and ready (attempt 1): By.xpath: //ytd-topbar-menu-button-renderer[@class='style-scope ytd-masthead style-default']
2026-03-06 17:39:50.833 [TestNG-test-Yt Master Tests-2] INFO  [verifyingSettingOptionsLang] Clicking settings ellipses button...
2026-03-06 17:39:50.858 [TestNG-test-Yt Master Tests-2] INFO  [verifyingSettingOptionsLang] [verifyingSettingOptionsLang] Trying to find element: By.xpath: //ytd-topbar-menu-button-renderer[@class='style-scope ytd-masthead style-default']
2026-03-06 17:39:50.933 [TestNG-test-Yt Master Tests-2] INFO  [verifyingSettingOptionsLang] [verifyingSettingOptionsLang] Element found and ready (attempt 1): By.xpath: //ytd-topbar-menu-button-renderer[@class='style-scope ytd-masthead style-default']
2026-03-06 17:39:51.027 [TestNG-test-Yt Master Tests-2] INFO  [verifyingSettingOptionsLang] Getting the setting ellipses options
2026-03-06 17:39:51.027 [TestNG-test-Yt Master Tests-2] INFO  [verifyingSettingOptionsLang] [verifyingSettingOptionsLang] Trying to find element: By.xpath: //ytd-multi-page-menu-renderer
2026-03-06 17:39:51.175 [TestNG-test-Yt Master Tests-2] INFO  [verifyingSettingOptionsLang] [verifyingSettingOptionsLang] Element found and ready (attempt 1): By.xpath: //ytd-multi-page-menu-renderer
2026-03-06 17:39:51.229 [TestNG-test-Yt Master Tests-2] INFO  [verifyingSettingOptionsLang] Clicking settings ellipses button...
2026-03-06 17:39:51.256 [TestNG-test-Yt Master Tests-2] INFO  [verifyingSettingOptionsLang] [verifyingSettingOptionsLang] Trying to find element: By.xpath: //ytd-topbar-menu-button-renderer[@class='style-scope ytd-masthead style-default']
2026-03-06 17:39:51.428 [TestNG-test-Yt Master Tests-2] INFO  [verifyingSettingOptionsLang] [verifyingSettingOptionsLang] Element found and ready (attempt 1): By.xpath: //ytd-topbar-menu-button-renderer[@class='style-scope ytd-masthead style-default']
2026-03-06 17:39:51.568 [TestNG-test-Yt Master Tests-2] INFO  [verifyingSettingOptionsLang] 
========== LANGUAGE DETECTION ==========
Detected Language : CATALAN
Input Text        : Les teves dades a YouTube
Aparença: clar
Idioma de visualització:
català
Mode restringit: desactivat
Ubicació:
Estats Units
Tecles de drecera
Configuració
Ajuda
Envia suggeriments
========================================
2026-03-06 17:39:51.569 [TestNG-test-Yt Master Tests-2] INFO  [verifyingSettingOptionsLang] getLangAttribute() - locating <html> and reading lang property
2026-03-06 17:39:51.649 [TestNG-test-Yt Master Tests-2] INFO  [verifyingSettingOptionsLang] Language attribute read: ca-ES
2026-03-06 17:39:51.650 [TestNG-test-Yt Master Tests-2] INFO  [verifyingSettingOptionsLang] Clicking settings ellipses button...
2026-03-06 17:39:51.833 [TestNG-test-Yt Master Tests-2] INFO  [verifyingSettingOptionsLang] [verifyingSettingOptionsLang] Trying to find element: By.xpath: //ytd-topbar-menu-button-renderer[@class='style-scope ytd-masthead style-default']
2026-03-06 17:39:51.960 [TestNG-test-Yt Master Tests-2] INFO  [verifyingSettingOptionsLang] [verifyingSettingOptionsLang] Element found and ready (attempt 1): By.xpath: //ytd-topbar-menu-button-renderer[@class='style-scope ytd-masthead style-default']
2026-03-06 17:39:52.035 [TestNG-test-Yt Master Tests-2] INFO  [verifyingSettingOptionsLang] Clicking language dropdown...
2026-03-06 17:39:52.035 [TestNG-test-Yt Master Tests-2] INFO  [verifyingSettingOptionsLang] [verifyingSettingOptionsLang] Trying to find element: By.xpath: (//div[@id='content-icon'])[2]
2026-03-06 17:39:52.605 [TestNG-test-Yt Master Tests-2] INFO  [verifyingSettingOptionsLang] [verifyingSettingOptionsLang] Element found and ready (attempt 1): By.xpath: (//div[@id='content-icon'])[2]
2026-03-06 17:39:52.947 [TestNG-test-Yt Master Tests-2] INFO  [verifyingSettingOptionsLang] Looking for language element with name: Dansk
2026-03-06 17:39:52.948 [TestNG-test-Yt Master Tests-2] INFO  [verifyingSettingOptionsLang] [verifyingSettingOptionsLang] Trying to find element: By.xpath: //yt-multi-page-menu-section-renderer[@class='style-scope ytd-multi-page-menu-renderer']//yt-formatted-string[@id='label' and text()='Dansk']
2026-03-06 17:39:53.086 [TestNG-test-Yt Master Tests-2] INFO  [verifyingSettingOptionsLang] [verifyingSettingOptionsLang] Element found and ready (attempt 1): By.xpath: //yt-multi-page-menu-section-renderer[@class='style-scope ytd-multi-page-menu-renderer']//yt-formatted-string[@id='label' and text()='Dansk']
2026-03-06 17:39:53.086 [TestNG-test-Yt Master Tests-2] INFO  [verifyingSettingOptionsLang] [verifyingSettingOptionsLang] Trying to find element: By.xpath: //yt-multi-page-menu-section-renderer[@class='style-scope ytd-multi-page-menu-renderer']//yt-formatted-string[@id='label' and text()='Dansk']
2026-03-06 17:39:53.175 [TestNG-test-Yt Master Tests-2] INFO  [verifyingSettingOptionsLang] [verifyingSettingOptionsLang] Element found and ready (attempt 1): By.xpath: //yt-multi-page-menu-section-renderer[@class='style-scope ytd-multi-page-menu-renderer']//yt-formatted-string[@id='label' and text()='Dansk']
2026-03-06 17:39:55.663 [TestNG-test-Yt Master Tests-2] INFO  [verifyingSettingOptionsLang] Clicking settings ellipses button...
2026-03-06 17:39:56.063 [TestNG-test-Yt Master Tests-2] INFO  [verifyingSettingOptionsLang] [verifyingSettingOptionsLang] Trying to find element: By.xpath: //ytd-topbar-menu-button-renderer[@class='style-scope ytd-masthead style-default']
2026-03-06 17:39:56.180 [TestNG-test-Yt Master Tests-2] INFO  [verifyingSettingOptionsLang] [verifyingSettingOptionsLang] Element found and ready (attempt 1): By.xpath: //ytd-topbar-menu-button-renderer[@class='style-scope ytd-masthead style-default']
2026-03-06 17:39:56.272 [TestNG-test-Yt Master Tests-2] INFO  [verifyingSettingOptionsLang] [verifyingSettingOptionsLang] Waiting until element is visible in viewport
2026-03-06 17:39:56.805 [TestNG-test-Yt Master Tests-2] INFO  [verifyingSettingOptionsLang] [verifyingSettingOptionsLang] Capturing screenshot: Filter Applied is Dansk__2026-03-06_173956.jpg
2026-03-06 17:39:57.055 [TestNG-test-Yt Master Tests-2] INFO  [verifyingSettingOptionsLang] [verifyingSettingOptionsLang] Screenshot saved at: test-output/screenshots/Run_2026-03-06_17-35-59/verifyingSettingOptionsLang/Filter Applied is Dansk__2026-03-06_173956.jpg
2026-03-06 17:39:57.055 [TestNG-test-Yt Master Tests-2] INFO  [verifyingSettingOptionsLang] Clicking settings ellipses button...
2026-03-06 17:39:57.076 [TestNG-test-Yt Master Tests-2] INFO  [verifyingSettingOptionsLang] [verifyingSettingOptionsLang] Trying to find element: By.xpath: //ytd-topbar-menu-button-renderer[@class='style-scope ytd-masthead style-default']
2026-03-06 17:39:57.132 [TestNG-test-Yt Master Tests-2] INFO  [verifyingSettingOptionsLang] [verifyingSettingOptionsLang] Element found and ready (attempt 1): By.xpath: //ytd-topbar-menu-button-renderer[@class='style-scope ytd-masthead style-default']
2026-03-06 17:39:57.204 [TestNG-test-Yt Master Tests-2] INFO  [verifyingSettingOptionsLang] Clicking settings ellipses button...
2026-03-06 17:39:57.236 [TestNG-test-Yt Master Tests-2] INFO  [verifyingSettingOptionsLang] [verifyingSettingOptionsLang] Trying to find element: By.xpath: //ytd-topbar-menu-button-renderer[@class='style-scope ytd-masthead style-default']
2026-03-06 17:39:57.301 [TestNG-test-Yt Master Tests-2] INFO  [verifyingSettingOptionsLang] [verifyingSettingOptionsLang] Element found and ready (attempt 1): By.xpath: //ytd-topbar-menu-button-renderer[@class='style-scope ytd-masthead style-default']
2026-03-06 17:39:57.383 [TestNG-test-Yt Master Tests-2] INFO  [verifyingSettingOptionsLang] Getting the setting ellipses options
2026-03-06 17:39:57.383 [TestNG-test-Yt Master Tests-2] INFO  [verifyingSettingOptionsLang] [verifyingSettingOptionsLang] Trying to find element: By.xpath: //ytd-multi-page-menu-renderer
2026-03-06 17:39:57.500 [TestNG-test-Yt Master Tests-2] INFO  [verifyingSettingOptionsLang] [verifyingSettingOptionsLang] Element found and ready (attempt 1): By.xpath: //ytd-multi-page-menu-renderer
2026-03-06 17:39:57.564 [TestNG-test-Yt Master Tests-2] INFO  [verifyingSettingOptionsLang] Clicking settings ellipses button...
2026-03-06 17:39:57.587 [TestNG-test-Yt Master Tests-2] INFO  [verifyingSettingOptionsLang] [verifyingSettingOptionsLang] Trying to find element: By.xpath: //ytd-topbar-menu-button-renderer[@class='style-scope ytd-masthead style-default']
2026-03-06 17:39:57.656 [TestNG-test-Yt Master Tests-2] INFO  [verifyingSettingOptionsLang] [verifyingSettingOptionsLang] Element found and ready (attempt 1): By.xpath: //ytd-topbar-menu-button-renderer[@class='style-scope ytd-masthead style-default']
2026-03-06 17:39:57.731 [TestNG-test-Yt Master Tests-2] INFO  [verifyingSettingOptionsLang] 
========== LANGUAGE DETECTION ==========
Detected Language : DANISH
Input Text        : Dine data på YouTube
Udseende: Lyst
Visningssprog:
dansk
Begrænset tilstand: Fra
Lokation:
USA
Tastaturgenveje
Indstillinger
Hjælp
Send feedback
========================================
2026-03-06 17:39:57.734 [TestNG-test-Yt Master Tests-2] INFO  [verifyingSettingOptionsLang] getLangAttribute() - locating <html> and reading lang property
2026-03-06 17:39:57.755 [TestNG-test-Yt Master Tests-2] INFO  [verifyingSettingOptionsLang] Language attribute read: da-DK
2026-03-06 17:39:57.755 [TestNG-test-Yt Master Tests-2] INFO  [verifyingSettingOptionsLang] Clicking settings ellipses button...
2026-03-06 17:39:57.782 [TestNG-test-Yt Master Tests-2] INFO  [verifyingSettingOptionsLang] [verifyingSettingOptionsLang] Trying to find element: By.xpath: //ytd-topbar-menu-button-renderer[@class='style-scope ytd-masthead style-default']
2026-03-06 17:39:57.921 [TestNG-test-Yt Master Tests-2] INFO  [verifyingSettingOptionsLang] [verifyingSettingOptionsLang] Element found and ready (attempt 1): By.xpath: //ytd-topbar-menu-button-renderer[@class='style-scope ytd-masthead style-default']
2026-03-06 17:39:57.998 [TestNG-test-Yt Master Tests-2] INFO  [verifyingSettingOptionsLang] Clicking language dropdown...
2026-03-06 17:39:57.998 [TestNG-test-Yt Master Tests-2] INFO  [verifyingSettingOptionsLang] [verifyingSettingOptionsLang] Trying to find element: By.xpath: (//div[@id='content-icon'])[2]
2026-03-06 17:39:58.905 [TestNG-test-Yt Master Tests-2] INFO  [verifyingSettingOptionsLang] [verifyingSettingOptionsLang] Element found and ready (attempt 1): By.xpath: (//div[@id='content-icon'])[2]
2026-03-06 17:39:59.367 [TestNG-test-Yt Master Tests-2] INFO  [verifyingSettingOptionsLang] Looking for language element with name: Deutsch
2026-03-06 17:39:59.367 [TestNG-test-Yt Master Tests-2] INFO  [verifyingSettingOptionsLang] [verifyingSettingOptionsLang] Trying to find element: By.xpath: //yt-multi-page-menu-section-renderer[@class='style-scope ytd-multi-page-menu-renderer']//yt-formatted-string[@id='label' and text()='Deutsch']
2026-03-06 17:39:59.464 [TestNG-test-Yt Master Tests-2] INFO  [verifyingSettingOptionsLang] [verifyingSettingOptionsLang] Element found and ready (attempt 1): By.xpath: //yt-multi-page-menu-section-renderer[@class='style-scope ytd-multi-page-menu-renderer']//yt-formatted-string[@id='label' and text()='Deutsch']
2026-03-06 17:39:59.464 [TestNG-test-Yt Master Tests-2] INFO  [verifyingSettingOptionsLang] [verifyingSettingOptionsLang] Trying to find element: By.xpath: //yt-multi-page-menu-section-renderer[@class='style-scope ytd-multi-page-menu-renderer']//yt-formatted-string[@id='label' and text()='Deutsch']
2026-03-06 17:39:59.524 [TestNG-test-Yt Master Tests-2] INFO  [verifyingSettingOptionsLang] [verifyingSettingOptionsLang] Element found and ready (attempt 1): By.xpath: //yt-multi-page-menu-section-renderer[@class='style-scope ytd-multi-page-menu-renderer']//yt-formatted-string[@id='label' and text()='Deutsch']
2026-03-06 17:40:01.825 [TestNG-test-Yt Master Tests-2] INFO  [verifyingSettingOptionsLang] Clicking settings ellipses button...
2026-03-06 17:40:02.195 [TestNG-test-Yt Master Tests-2] INFO  [verifyingSettingOptionsLang] [verifyingSettingOptionsLang] Trying to find element: By.xpath: //ytd-topbar-menu-button-renderer[@class='style-scope ytd-masthead style-default']
2026-03-06 17:40:02.477 [TestNG-test-Yt Master Tests-2] INFO  [verifyingSettingOptionsLang] [verifyingSettingOptionsLang] Element found and ready (attempt 1): By.xpath: //ytd-topbar-menu-button-renderer[@class='style-scope ytd-masthead style-default']
2026-03-06 17:40:02.573 [TestNG-test-Yt Master Tests-2] INFO  [verifyingSettingOptionsLang] [verifyingSettingOptionsLang] Waiting until element is visible in viewport
2026-03-06 17:40:03.111 [TestNG-test-Yt Master Tests-2] INFO  [verifyingSettingOptionsLang] [verifyingSettingOptionsLang] Capturing screenshot: Filter Applied is Deutsch__2026-03-06_174003.jpg
2026-03-06 17:40:03.376 [TestNG-test-Yt Master Tests-2] INFO  [verifyingSettingOptionsLang] [verifyingSettingOptionsLang] Screenshot saved at: test-output/screenshots/Run_2026-03-06_17-35-59/verifyingSettingOptionsLang/Filter Applied is Deutsch__2026-03-06_174003.jpg
2026-03-06 17:40:03.378 [TestNG-test-Yt Master Tests-2] INFO  [verifyingSettingOptionsLang] Clicking settings ellipses button...
2026-03-06 17:40:03.404 [TestNG-test-Yt Master Tests-2] INFO  [verifyingSettingOptionsLang] [verifyingSettingOptionsLang] Trying to find element: By.xpath: //ytd-topbar-menu-button-renderer[@class='style-scope ytd-masthead style-default']
2026-03-06 17:40:03.464 [TestNG-test-Yt Master Tests-2] INFO  [verifyingSettingOptionsLang] [verifyingSettingOptionsLang] Element found and ready (attempt 1): By.xpath: //ytd-topbar-menu-button-renderer[@class='style-scope ytd-masthead style-default']
2026-03-06 17:40:03.517 [TestNG-test-Yt Master Tests-2] INFO  [verifyingSettingOptionsLang] Clicking settings ellipses button...
2026-03-06 17:40:03.540 [TestNG-test-Yt Master Tests-2] INFO  [verifyingSettingOptionsLang] [verifyingSettingOptionsLang] Trying to find element: By.xpath: //ytd-topbar-menu-button-renderer[@class='style-scope ytd-masthead style-default']
2026-03-06 17:40:03.599 [TestNG-test-Yt Master Tests-2] INFO  [verifyingSettingOptionsLang] [verifyingSettingOptionsLang] Element found and ready (attempt 1): By.xpath: //ytd-topbar-menu-button-renderer[@class='style-scope ytd-masthead style-default']
2026-03-06 17:40:03.689 [TestNG-test-Yt Master Tests-2] INFO  [verifyingSettingOptionsLang] Getting the setting ellipses options
2026-03-06 17:40:03.690 [TestNG-test-Yt Master Tests-2] INFO  [verifyingSettingOptionsLang] [verifyingSettingOptionsLang] Trying to find element: By.xpath: //ytd-multi-page-menu-renderer
2026-03-06 17:40:03.814 [TestNG-test-Yt Master Tests-2] INFO  [verifyingSettingOptionsLang] [verifyingSettingOptionsLang] Element found and ready (attempt 1): By.xpath: //ytd-multi-page-menu-renderer
2026-03-06 17:40:03.874 [TestNG-test-Yt Master Tests-2] INFO  [verifyingSettingOptionsLang] Clicking settings ellipses button...
2026-03-06 17:40:03.897 [TestNG-test-Yt Master Tests-2] INFO  [verifyingSettingOptionsLang] [verifyingSettingOptionsLang] Trying to find element: By.xpath: //ytd-topbar-menu-button-renderer[@class='style-scope ytd-masthead style-default']
2026-03-06 17:40:03.954 [TestNG-test-Yt Master Tests-2] INFO  [verifyingSettingOptionsLang] [verifyingSettingOptionsLang] Element found and ready (attempt 1): By.xpath: //ytd-topbar-menu-button-renderer[@class='style-scope ytd-masthead style-default']
2026-03-06 17:40:04.017 [TestNG-test-Yt Master Tests-2] INFO  [verifyingSettingOptionsLang] 
========== LANGUAGE DETECTION ==========
Detected Language : GERMAN
Input Text        : Meine Daten auf YouTube
Darstellung: Hell
Anzeigesprache:
Deutsch
Eingeschränkter Modus: Deaktiviert
Ort:
USA
Tastenkombinationen
Einstellungen
Hilfe
Feedback senden
========================================
2026-03-06 17:40:04.018 [TestNG-test-Yt Master Tests-2] INFO  [verifyingSettingOptionsLang] getLangAttribute() - locating <html> and reading lang property
2026-03-06 17:40:04.034 [TestNG-test-Yt Master Tests-2] INFO  [verifyingSettingOptionsLang] Language attribute read: de-DE
2026-03-06 17:40:04.034 [TestNG-test-Yt Master Tests-2] INFO  [verifyingSettingOptionsLang] Clicking settings ellipses button...
2026-03-06 17:40:04.072 [TestNG-test-Yt Master Tests-2] INFO  [verifyingSettingOptionsLang] [verifyingSettingOptionsLang] Trying to find element: By.xpath: //ytd-topbar-menu-button-renderer[@class='style-scope ytd-masthead style-default']
2026-03-06 17:40:04.132 [TestNG-test-Yt Master Tests-2] INFO  [verifyingSettingOptionsLang] [verifyingSettingOptionsLang] Element found and ready (attempt 1): By.xpath: //ytd-topbar-menu-button-renderer[@class='style-scope ytd-masthead style-default']
2026-03-06 17:40:04.249 [TestNG-test-Yt Master Tests-2] INFO  [verifyingSettingOptionsLang] Clicking language dropdown...
2026-03-06 17:40:04.249 [TestNG-test-Yt Master Tests-2] INFO  [verifyingSettingOptionsLang] [verifyingSettingOptionsLang] Trying to find element: By.xpath: (//div[@id='content-icon'])[2]
2026-03-06 17:40:04.815 [TestNG-test-Yt Master Tests-2] INFO  [verifyingSettingOptionsLang] [verifyingSettingOptionsLang] Element found and ready (attempt 1): By.xpath: (//div[@id='content-icon'])[2]
2026-03-06 17:40:05.160 [TestNG-test-Yt Master Tests-2] INFO  [verifyingSettingOptionsLang] Looking for language element with name: Eesti
2026-03-06 17:40:05.160 [TestNG-test-Yt Master Tests-2] INFO  [verifyingSettingOptionsLang] [verifyingSettingOptionsLang] Trying to find element: By.xpath: //yt-multi-page-menu-section-renderer[@class='style-scope ytd-multi-page-menu-renderer']//yt-formatted-string[@id='label' and text()='Eesti']
2026-03-06 17:40:05.283 [TestNG-test-Yt Master Tests-2] INFO  [verifyingSettingOptionsLang] [verifyingSettingOptionsLang] Element found and ready (attempt 1): By.xpath: //yt-multi-page-menu-section-renderer[@class='style-scope ytd-multi-page-menu-renderer']//yt-formatted-string[@id='label' and text()='Eesti']
2026-03-06 17:40:05.283 [TestNG-test-Yt Master Tests-2] INFO  [verifyingSettingOptionsLang] [verifyingSettingOptionsLang] Trying to find element: By.xpath: //yt-multi-page-menu-section-renderer[@class='style-scope ytd-multi-page-menu-renderer']//yt-formatted-string[@id='label' and text()='Eesti']
2026-03-06 17:40:05.342 [TestNG-test-Yt Master Tests-2] INFO  [verifyingSettingOptionsLang] [verifyingSettingOptionsLang] Element found and ready (attempt 1): By.xpath: //yt-multi-page-menu-section-renderer[@class='style-scope ytd-multi-page-menu-renderer']//yt-formatted-string[@id='label' and text()='Eesti']
2026-03-06 17:40:07.623 [TestNG-test-Yt Master Tests-2] INFO  [verifyingSettingOptionsLang] Clicking settings ellipses button...
2026-03-06 17:40:08.045 [TestNG-test-Yt Master Tests-2] INFO  [verifyingSettingOptionsLang] [verifyingSettingOptionsLang] Trying to find element: By.xpath: //ytd-topbar-menu-button-renderer[@class='style-scope ytd-masthead style-default']
2026-03-06 17:40:08.111 [TestNG-test-Yt Master Tests-2] INFO  [verifyingSettingOptionsLang] [verifyingSettingOptionsLang] Element found and ready (attempt 1): By.xpath: //ytd-topbar-menu-button-renderer[@class='style-scope ytd-masthead style-default']
2026-03-06 17:40:08.229 [TestNG-test-Yt Master Tests-2] INFO  [verifyingSettingOptionsLang] [verifyingSettingOptionsLang] Waiting until element is visible in viewport
2026-03-06 17:40:08.769 [TestNG-test-Yt Master Tests-2] INFO  [verifyingSettingOptionsLang] [verifyingSettingOptionsLang] Capturing screenshot: Filter Applied is Eesti__2026-03-06_174008.jpg
2026-03-06 17:40:09.342 [TestNG-test-Yt Master Tests-2] INFO  [verifyingSettingOptionsLang] [verifyingSettingOptionsLang] Screenshot saved at: test-output/screenshots/Run_2026-03-06_17-35-59/verifyingSettingOptionsLang/Filter Applied is Eesti__2026-03-06_174008.jpg
2026-03-06 17:40:09.343 [TestNG-test-Yt Master Tests-2] INFO  [verifyingSettingOptionsLang] Clicking settings ellipses button...
2026-03-06 17:40:09.383 [TestNG-test-Yt Master Tests-2] INFO  [verifyingSettingOptionsLang] [verifyingSettingOptionsLang] Trying to find element: By.xpath: //ytd-topbar-menu-button-renderer[@class='style-scope ytd-masthead style-default']
2026-03-06 17:40:09.447 [TestNG-test-Yt Master Tests-2] INFO  [verifyingSettingOptionsLang] [verifyingSettingOptionsLang] Element found and ready (attempt 1): By.xpath: //ytd-topbar-menu-button-renderer[@class='style-scope ytd-masthead style-default']
2026-03-06 17:40:09.511 [TestNG-test-Yt Master Tests-2] INFO  [verifyingSettingOptionsLang] Clicking settings ellipses button...
2026-03-06 17:40:09.535 [TestNG-test-Yt Master Tests-2] INFO  [verifyingSettingOptionsLang] [verifyingSettingOptionsLang] Trying to find element: By.xpath: //ytd-topbar-menu-button-renderer[@class='style-scope ytd-masthead style-default']
2026-03-06 17:40:09.637 [TestNG-test-Yt Master Tests-2] INFO  [verifyingSettingOptionsLang] [verifyingSettingOptionsLang] Element found and ready (attempt 1): By.xpath: //ytd-topbar-menu-button-renderer[@class='style-scope ytd-masthead style-default']
2026-03-06 17:40:09.733 [TestNG-test-Yt Master Tests-2] INFO  [verifyingSettingOptionsLang] Getting the setting ellipses options
2026-03-06 17:40:09.733 [TestNG-test-Yt Master Tests-2] INFO  [verifyingSettingOptionsLang] [verifyingSettingOptionsLang] Trying to find element: By.xpath: //ytd-multi-page-menu-renderer
2026-03-06 17:40:09.876 [TestNG-test-Yt Master Tests-2] INFO  [verifyingSettingOptionsLang] [verifyingSettingOptionsLang] Element found and ready (attempt 1): By.xpath: //ytd-multi-page-menu-renderer
2026-03-06 17:40:09.948 [TestNG-test-Yt Master Tests-2] INFO  [verifyingSettingOptionsLang] Clicking settings ellipses button...
2026-03-06 17:40:09.973 [TestNG-test-Yt Master Tests-2] INFO  [verifyingSettingOptionsLang] [verifyingSettingOptionsLang] Trying to find element: By.xpath: //ytd-topbar-menu-button-renderer[@class='style-scope ytd-masthead style-default']
2026-03-06 17:40:10.043 [TestNG-test-Yt Master Tests-2] INFO  [verifyingSettingOptionsLang] [verifyingSettingOptionsLang] Element found and ready (attempt 1): By.xpath: //ytd-topbar-menu-button-renderer[@class='style-scope ytd-masthead style-default']
2026-03-06 17:40:10.104 [TestNG-test-Yt Master Tests-2] INFO  [verifyingSettingOptionsLang] 
========== LANGUAGE DETECTION ==========
Detected Language : ESTONIAN
Input Text        : Teie andmed YouTube'is
Välimus: hele
Kuvamiskeel:
eesti
Piiratud režiim: väljas
Asukoht:
Ameerika Ühendriigid
Klaviatuuri otseteed
Seaded
Abi
Tagasiside saatmine
========================================
2026-03-06 17:40:10.104 [TestNG-test-Yt Master Tests-2] INFO  [verifyingSettingOptionsLang] getLangAttribute() - locating <html> and reading lang property
2026-03-06 17:40:10.120 [TestNG-test-Yt Master Tests-2] INFO  [verifyingSettingOptionsLang] Language attribute read: et-EE
2026-03-06 17:40:10.120 [TestNG-test-Yt Master Tests-2] INFO  [verifyingSettingOptionsLang] Clicking settings ellipses button...
2026-03-06 17:40:10.141 [TestNG-test-Yt Master Tests-2] INFO  [verifyingSettingOptionsLang] [verifyingSettingOptionsLang] Trying to find element: By.xpath: //ytd-topbar-menu-button-renderer[@class='style-scope ytd-masthead style-default']
2026-03-06 17:40:10.362 [TestNG-test-Yt Master Tests-2] INFO  [verifyingSettingOptionsLang] [verifyingSettingOptionsLang] Element found and ready (attempt 1): By.xpath: //ytd-topbar-menu-button-renderer[@class='style-scope ytd-masthead style-default']
2026-03-06 17:40:10.449 [TestNG-test-Yt Master Tests-2] INFO  [verifyingSettingOptionsLang] Clicking language dropdown...
2026-03-06 17:40:10.449 [TestNG-test-Yt Master Tests-2] INFO  [verifyingSettingOptionsLang] [verifyingSettingOptionsLang] Trying to find element: By.xpath: (//div[@id='content-icon'])[2]
2026-03-06 17:40:11.020 [TestNG-test-Yt Master Tests-2] INFO  [verifyingSettingOptionsLang] [verifyingSettingOptionsLang] Element found and ready (attempt 1): By.xpath: (//div[@id='content-icon'])[2]
2026-03-06 17:40:11.483 [TestNG-test-Yt Master Tests-2] INFO  [verifyingSettingOptionsLang] Looking for language element with name: English (India)
2026-03-06 17:40:11.484 [TestNG-test-Yt Master Tests-2] INFO  [verifyingSettingOptionsLang] [verifyingSettingOptionsLang] Trying to find element: By.xpath: //yt-multi-page-menu-section-renderer[@class='style-scope ytd-multi-page-menu-renderer']//yt-formatted-string[@id='label' and text()='English (India)']
2026-03-06 17:40:11.581 [TestNG-test-Yt Master Tests-2] INFO  [verifyingSettingOptionsLang] [verifyingSettingOptionsLang] Element found and ready (attempt 1): By.xpath: //yt-multi-page-menu-section-renderer[@class='style-scope ytd-multi-page-menu-renderer']//yt-formatted-string[@id='label' and text()='English (India)']
2026-03-06 17:40:11.581 [TestNG-test-Yt Master Tests-2] INFO  [verifyingSettingOptionsLang] [verifyingSettingOptionsLang] Trying to find element: By.xpath: //yt-multi-page-menu-section-renderer[@class='style-scope ytd-multi-page-menu-renderer']//yt-formatted-string[@id='label' and text()='English (India)']
2026-03-06 17:40:11.634 [TestNG-test-Yt Master Tests-2] INFO  [verifyingSettingOptionsLang] [verifyingSettingOptionsLang] Element found and ready (attempt 1): By.xpath: //yt-multi-page-menu-section-renderer[@class='style-scope ytd-multi-page-menu-renderer']//yt-formatted-string[@id='label' and text()='English (India)']
2026-03-06 17:40:13.526 [TestNG-test-Yt Master Tests-2] INFO  [verifyingSettingOptionsLang] Clicking settings ellipses button...
2026-03-06 17:40:14.126 [TestNG-test-Yt Master Tests-2] INFO  [verifyingSettingOptionsLang] [verifyingSettingOptionsLang] Trying to find element: By.xpath: //ytd-topbar-menu-button-renderer[@class='style-scope ytd-masthead style-default']
2026-03-06 17:40:14.288 [TestNG-test-Yt Master Tests-2] INFO  [verifyingSettingOptionsLang] [verifyingSettingOptionsLang] Element found and ready (attempt 1): By.xpath: //ytd-topbar-menu-button-renderer[@class='style-scope ytd-masthead style-default']
2026-03-06 17:40:14.378 [TestNG-test-Yt Master Tests-2] INFO  [verifyingSettingOptionsLang] [verifyingSettingOptionsLang] Waiting until element is visible in viewport
2026-03-06 17:40:14.910 [TestNG-test-Yt Master Tests-2] INFO  [verifyingSettingOptionsLang] [verifyingSettingOptionsLang] Capturing screenshot: Filter Applied is English (India)__2026-03-06_174014.jpg
2026-03-06 17:40:15.164 [TestNG-test-Yt Master Tests-2] INFO  [verifyingSettingOptionsLang] [verifyingSettingOptionsLang] Screenshot saved at: test-output/screenshots/Run_2026-03-06_17-35-59/verifyingSettingOptionsLang/Filter Applied is English (India)__2026-03-06_174014.jpg
2026-03-06 17:40:15.165 [TestNG-test-Yt Master Tests-2] INFO  [verifyingSettingOptionsLang] Clicking settings ellipses button...
2026-03-06 17:40:15.189 [TestNG-test-Yt Master Tests-2] INFO  [verifyingSettingOptionsLang] [verifyingSettingOptionsLang] Trying to find element: By.xpath: //ytd-topbar-menu-button-renderer[@class='style-scope ytd-masthead style-default']
2026-03-06 17:40:15.241 [TestNG-test-Yt Master Tests-2] INFO  [verifyingSettingOptionsLang] [verifyingSettingOptionsLang] Element found and ready (attempt 1): By.xpath: //ytd-topbar-menu-button-renderer[@class='style-scope ytd-masthead style-default']
2026-03-06 17:40:15.295 [TestNG-test-Yt Master Tests-2] INFO  [verifyingSettingOptionsLang] Clicking settings ellipses button...
2026-03-06 17:40:15.318 [TestNG-test-Yt Master Tests-2] INFO  [verifyingSettingOptionsLang] [verifyingSettingOptionsLang] Trying to find element: By.xpath: //ytd-topbar-menu-button-renderer[@class='style-scope ytd-masthead style-default']
2026-03-06 17:40:15.377 [TestNG-test-Yt Master Tests-2] INFO  [verifyingSettingOptionsLang] [verifyingSettingOptionsLang] Element found and ready (attempt 1): By.xpath: //ytd-topbar-menu-button-renderer[@class='style-scope ytd-masthead style-default']
2026-03-06 17:40:15.459 [TestNG-test-Yt Master Tests-2] INFO  [verifyingSettingOptionsLang] Getting the setting ellipses options
2026-03-06 17:40:15.459 [TestNG-test-Yt Master Tests-2] INFO  [verifyingSettingOptionsLang] [verifyingSettingOptionsLang] Trying to find element: By.xpath: //ytd-multi-page-menu-renderer
2026-03-06 17:40:15.613 [TestNG-test-Yt Master Tests-2] INFO  [verifyingSettingOptionsLang] [verifyingSettingOptionsLang] Element found and ready (attempt 1): By.xpath: //ytd-multi-page-menu-renderer
2026-03-06 17:40:15.683 [TestNG-test-Yt Master Tests-2] INFO  [verifyingSettingOptionsLang] Clicking settings ellipses button...
2026-03-06 17:40:15.708 [TestNG-test-Yt Master Tests-2] INFO  [verifyingSettingOptionsLang] [verifyingSettingOptionsLang] Trying to find element: By.xpath: //ytd-topbar-menu-button-renderer[@class='style-scope ytd-masthead style-default']
2026-03-06 17:40:15.776 [TestNG-test-Yt Master Tests-2] INFO  [verifyingSettingOptionsLang] [verifyingSettingOptionsLang] Element found and ready (attempt 1): By.xpath: //ytd-topbar-menu-button-renderer[@class='style-scope ytd-masthead style-default']
2026-03-06 17:40:15.858 [TestNG-test-Yt Master Tests-2] INFO  [verifyingSettingOptionsLang] 
========== LANGUAGE DETECTION ==========
Detected Language : ENGLISH
Input Text        : Your data in YouTube
Appearance: Light
Display language:
English (India)
Restricted Mode: Off
Location:
United States
Keyboard shortcuts
Settings
Help
Send feedback
========================================
2026-03-06 17:40:15.864 [TestNG-test-Yt Master Tests-2] INFO  [verifyingSettingOptionsLang] getLangAttribute() - locating <html> and reading lang property
2026-03-06 17:40:15.925 [TestNG-test-Yt Master Tests-2] INFO  [verifyingSettingOptionsLang] Language attribute read: en-IN
2026-03-06 17:40:15.925 [TestNG-test-Yt Master Tests-2] INFO  [verifyingSettingOptionsLang] Clicking settings ellipses button...
2026-03-06 17:40:15.966 [TestNG-test-Yt Master Tests-2] INFO  [verifyingSettingOptionsLang] [verifyingSettingOptionsLang] Trying to find element: By.xpath: //ytd-topbar-menu-button-renderer[@class='style-scope ytd-masthead style-default']
2026-03-06 17:40:16.026 [TestNG-test-Yt Master Tests-2] INFO  [verifyingSettingOptionsLang] [verifyingSettingOptionsLang] Element found and ready (attempt 1): By.xpath: //ytd-topbar-menu-button-renderer[@class='style-scope ytd-masthead style-default']
2026-03-06 17:40:16.130 [TestNG-test-Yt Master Tests-2] INFO  [verifyingSettingOptionsLang] Clicking language dropdown...
2026-03-06 17:40:16.130 [TestNG-test-Yt Master Tests-2] INFO  [verifyingSettingOptionsLang] [verifyingSettingOptionsLang] Trying to find element: By.xpath: (//div[@id='content-icon'])[2]
2026-03-06 17:40:16.705 [TestNG-test-Yt Master Tests-2] INFO  [verifyingSettingOptionsLang] [verifyingSettingOptionsLang] Element found and ready (attempt 1): By.xpath: (//div[@id='content-icon'])[2]
2026-03-06 17:40:17.058 [TestNG-test-Yt Master Tests-2] INFO  [verifyingSettingOptionsLang] [verifyingSettingOptionsLang] Not retrying test 'verifyingSettingOptionsLang'. Retry count: 0, Cause: The following asserts failed:
	Language detection mismatch for language=Bosanski expected [CROATIAN] but found [BOSNIAN]
2026-03-06 17:40:17.070 [TestNG-test-Yt Master Tests-2] ERROR [verifyingSettingOptionsLang] Test FAILED: verifyingSettingOptionsLang - java.lang.AssertionError: The following asserts failed:
	Language detection mismatch for language=Bosanski expected [CROATIAN] but found [BOSNIAN]
2026-03-06 17:40:17.070 [TestNG-test-Yt Master Tests-2] INFO  [verifyingSettingOptionsLang] Closing WebDriver for thread: 35
2026-03-06 17:40:17.584 [TestNG-test-Yt Master Tests-2] INFO  [verifyingSettingOptionsLang] WebDriver instance removed from ThreadLocal for thread: 35
2026-03-06 17:40:17.584 [TestNG-test-Yt Master Tests-2] INFO  [verifyingSettingOptionsLang] Driver closed for test: verifyingSettingOptionsLang
