17:54:44 [TestNG-test-Yt Master Tests-1] INFO  verifyingSideMenuLanguageAsInSettingsLingua_17-54-44 - No existing WebDriver found for current thread. Initializing a new ChromeDriver...
17:54:44 [TestNG-test-Yt Master Tests-1] INFO  verifyingSideMenuLanguageAsInSettingsLingua_17-54-44 - WebDriverManager: chromedriver setup OK
17:54:46 [TestNG-test-Yt Master Tests-1] INFO  verifyingSideMenuLanguageAsInSettingsLingua_17-54-44 - ChromeDriver initialized successfully for thread: 34
17:54:46 [TestNG-test-Yt Master Tests-1] INFO  verifyingSideMenuLanguageAsInSettingsLingua_17-54-44 - SafeActions initialized with driver ChromeDriver: chrome on windows (aae96be5f24faa6a1cb60fda8bbea756)
17:54:46 [TestNG-test-Yt Master Tests-1] INFO  verifyingSideMenuLanguageAsInSettingsLingua_17-54-44 - Initialized YtLandingPage with driver: ChromeDriver: chrome on windows (aae96be5f24faa6a1cb60fda8bbea756)
17:54:46 [TestNG-test-Yt Master Tests-1] INFO  verifyingSideMenuLanguageAsInSettingsLingua_17-54-44 - SafeActions initialized with driver ChromeDriver: chrome on windows (aae96be5f24faa6a1cb60fda8bbea756)
17:54:49 [TestNG-test-Yt Master Tests-1] INFO  verifyingSideMenuLanguageAsInSettingsLingua_17-54-44 - Opened YouTube landing page.
17:54:49 [TestNG-test-Yt Master Tests-1] INFO  verifyingSideMenuLanguageAsInSettingsLingua_17-54-44 - Clicking settings ellipses button...
17:54:49 [TestNG-test-Yt Master Tests-1] INFO  verifyingSideMenuLanguageAsInSettingsLingua_17-54-44 - [verifyingSideMenuLanguageAsInSettingsLingua_17-54-44] Trying to find element: By.xpath: //ytd-topbar-menu-button-renderer[@class='style-scope ytd-masthead style-default']
17:54:49 [TestNG-test-Yt Master Tests-1] INFO  verifyingSideMenuLanguageAsInSettingsLingua_17-54-44 - [verifyingSideMenuLanguageAsInSettingsLingua_17-54-44] Element found and ready (attempt 1): By.xpath: //ytd-topbar-menu-button-renderer[@class='style-scope ytd-masthead style-default']
17:54:50 [TestNG-test-Yt Master Tests-1] INFO  verifyingSideMenuLanguageAsInSettingsLingua_17-54-44 - Clicking language dropdown...
17:54:50 [TestNG-test-Yt Master Tests-1] INFO  verifyingSideMenuLanguageAsInSettingsLingua_17-54-44 - [verifyingSideMenuLanguageAsInSettingsLingua_17-54-44] Trying to find element: By.xpath: (//div[@id='content-icon'])[2]
17:54:50 [TestNG-test-Yt Master Tests-1] INFO  verifyingSideMenuLanguageAsInSettingsLingua_17-54-44 - [verifyingSideMenuLanguageAsInSettingsLingua_17-54-44] Element found and ready (attempt 1): By.xpath: (//div[@id='content-icon'])[2]
17:54:51 [TestNG-test-Yt Master Tests-1] INFO  verifyingSideMenuLanguageAsInSettingsLingua_17-54-44 - [verifyingSideMenuLanguageAsInSettingsLingua_17-54-44] Execution is Not CRON Job Hence refering to normal keys from UtilData
17:54:51 [TestNG-test-Yt Master Tests-1] INFO  verifyingSideMenuLanguageAsInSettingsLingua_17-54-44 - Looking for language element with name: Afrikaans
17:54:51 [TestNG-test-Yt Master Tests-1] INFO  verifyingSideMenuLanguageAsInSettingsLingua_17-54-44 - [verifyingSideMenuLanguageAsInSettingsLingua_17-54-44] Trying to find element: By.xpath: //yt-multi-page-menu-section-renderer[@class='style-scope ytd-multi-page-menu-renderer']//yt-formatted-string[@id='label' and text()='Afrikaans']
17:54:51 [TestNG-test-Yt Master Tests-1] INFO  verifyingSideMenuLanguageAsInSettingsLingua_17-54-44 - [verifyingSideMenuLanguageAsInSettingsLingua_17-54-44] Element found and ready (attempt 1): By.xpath: //yt-multi-page-menu-section-renderer[@class='style-scope ytd-multi-page-menu-renderer']//yt-formatted-string[@id='label' and text()='Afrikaans']
17:54:51 [TestNG-test-Yt Master Tests-1] INFO  verifyingSideMenuLanguageAsInSettingsLingua_17-54-44 - [verifyingSideMenuLanguageAsInSettingsLingua_17-54-44] Trying to find element: By.xpath: //yt-multi-page-menu-section-renderer[@class='style-scope ytd-multi-page-menu-renderer']//yt-formatted-string[@id='label' and text()='Afrikaans']
17:54:51 [TestNG-test-Yt Master Tests-1] INFO  verifyingSideMenuLanguageAsInSettingsLingua_17-54-44 - [verifyingSideMenuLanguageAsInSettingsLingua_17-54-44] Element found and ready (attempt 1): By.xpath: //yt-multi-page-menu-section-renderer[@class='style-scope ytd-multi-page-menu-renderer']//yt-formatted-string[@id='label' and text()='Afrikaans']
17:54:54 [TestNG-test-Yt Master Tests-1] INFO  verifyingSideMenuLanguageAsInSettingsLingua_17-54-44 - Clicking settings ellipses button...
17:54:54 [TestNG-test-Yt Master Tests-1] INFO  verifyingSideMenuLanguageAsInSettingsLingua_17-54-44 - [verifyingSideMenuLanguageAsInSettingsLingua_17-54-44] Trying to find element: By.xpath: //ytd-topbar-menu-button-renderer[@class='style-scope ytd-masthead style-default']
17:54:54 [TestNG-test-Yt Master Tests-1] INFO  verifyingSideMenuLanguageAsInSettingsLingua_17-54-44 - [verifyingSideMenuLanguageAsInSettingsLingua_17-54-44] Element found and ready (attempt 1): By.xpath: //ytd-topbar-menu-button-renderer[@class='style-scope ytd-masthead style-default']
17:54:54 [TestNG-test-Yt Master Tests-1] INFO  verifyingSideMenuLanguageAsInSettingsLingua_17-54-44 - [verifyingSideMenuLanguageAsInSettingsLingua_17-54-44] Waiting until element is visible in viewport
17:54:55 [TestNG-test-Yt Master Tests-1] INFO  verifyingSideMenuLanguageAsInSettingsLingua_17-54-44 - Clicking settings ellipses button...
17:54:55 [TestNG-test-Yt Master Tests-1] INFO  verifyingSideMenuLanguageAsInSettingsLingua_17-54-44 - [verifyingSideMenuLanguageAsInSettingsLingua_17-54-44] Trying to find element: By.xpath: //ytd-topbar-menu-button-renderer[@class='style-scope ytd-masthead style-default']
17:54:55 [TestNG-test-Yt Master Tests-1] INFO  verifyingSideMenuLanguageAsInSettingsLingua_17-54-44 - [verifyingSideMenuLanguageAsInSettingsLingua_17-54-44] Element found and ready (attempt 1): By.xpath: //ytd-topbar-menu-button-renderer[@class='style-scope ytd-masthead style-default']
17:54:55 [TestNG-test-Yt Master Tests-1] INFO  verifyingSideMenuLanguageAsInSettingsLingua_17-54-44 - Fetching the side menu in expanded view
17:54:55 [TestNG-test-Yt Master Tests-1] INFO  verifyingSideMenuLanguageAsInSettingsLingua_17-54-44 - [verifyingSideMenuLanguageAsInSettingsLingua_17-54-44] Finding elements list: By.xpath: //ytd-guide-entry-renderer[@class='style-scope ytd-guide-section-renderer']
17:54:56 [TestNG-test-Yt Master Tests-1] INFO  verifyingSideMenuLanguageAsInSettingsLingua_17-54-44 - [verifyingSideMenuLanguageAsInSettingsLingua_17-54-44] Found 13 ready elements (attempt 1): By.xpath: //ytd-guide-entry-renderer[@class='style-scope ytd-guide-section-renderer']
17:54:56 [TestNG-test-Yt Master Tests-1] INFO  verifyingSideMenuLanguageAsInSettingsLingua_17-54-44 - 
========== LANGUAGE DETECTION ==========
Detected Language : DUTCH
Input Text        : Tuis Kortvideo's Intekeninge Myne Geskiedenis Musiek Flieks en TV Regstreeks YouTube Premium YouTube TV YouTube Music YouTube Kids Aangeegeskiedenis
========================================
17:54:56 [TestNG-test-Yt Master Tests-1] INFO  verifyingSideMenuLanguageAsInSettingsLingua_17-54-44 - getLangAttribute() - locating <html> and reading lang property
17:54:56 [TestNG-test-Yt Master Tests-1] INFO  verifyingSideMenuLanguageAsInSettingsLingua_17-54-44 - Language attribute read: af-ZA
17:54:56 [TestNG-test-Yt Master Tests-1] INFO  verifyingSideMenuLanguageAsInSettingsLingua_17-54-44 - [verifyingSideMenuLanguageAsInSettingsLingua_17-54-44] ApplicableLanguage==  Afrikaans     Detected Language ==  DUTCH  Expected Language == AFRIKAANS
17:54:56 [TestNG-test-Yt Master Tests-1] INFO  verifyingSideMenuLanguageAsInSettingsLingua_17-54-44 - Clicking settings ellipses button...
17:54:56 [TestNG-test-Yt Master Tests-1] INFO  verifyingSideMenuLanguageAsInSettingsLingua_17-54-44 - [verifyingSideMenuLanguageAsInSettingsLingua_17-54-44] Trying to find element: By.xpath: //ytd-topbar-menu-button-renderer[@class='style-scope ytd-masthead style-default']
17:54:56 [TestNG-test-Yt Master Tests-1] INFO  verifyingSideMenuLanguageAsInSettingsLingua_17-54-44 - [verifyingSideMenuLanguageAsInSettingsLingua_17-54-44] Element found and ready (attempt 1): By.xpath: //ytd-topbar-menu-button-renderer[@class='style-scope ytd-masthead style-default']
17:54:56 [TestNG-test-Yt Master Tests-1] INFO  verifyingSideMenuLanguageAsInSettingsLingua_17-54-44 - Clicking language dropdown...
17:54:56 [TestNG-test-Yt Master Tests-1] INFO  verifyingSideMenuLanguageAsInSettingsLingua_17-54-44 - [verifyingSideMenuLanguageAsInSettingsLingua_17-54-44] Trying to find element: By.xpath: (//div[@id='content-icon'])[2]
17:54:57 [TestNG-test-Yt Master Tests-1] INFO  verifyingSideMenuLanguageAsInSettingsLingua_17-54-44 - [verifyingSideMenuLanguageAsInSettingsLingua_17-54-44] Element found and ready (attempt 1): By.xpath: (//div[@id='content-icon'])[2]
17:54:57 [TestNG-test-Yt Master Tests-1] INFO  verifyingSideMenuLanguageAsInSettingsLingua_17-54-44 - Looking for language element with name: Azərbaycan
17:54:57 [TestNG-test-Yt Master Tests-1] INFO  verifyingSideMenuLanguageAsInSettingsLingua_17-54-44 - [verifyingSideMenuLanguageAsInSettingsLingua_17-54-44] Trying to find element: By.xpath: //yt-multi-page-menu-section-renderer[@class='style-scope ytd-multi-page-menu-renderer']//yt-formatted-string[@id='label' and text()='Azərbaycan']
17:54:58 [TestNG-test-Yt Master Tests-1] INFO  verifyingSideMenuLanguageAsInSettingsLingua_17-54-44 - [verifyingSideMenuLanguageAsInSettingsLingua_17-54-44] Element found and ready (attempt 1): By.xpath: //yt-multi-page-menu-section-renderer[@class='style-scope ytd-multi-page-menu-renderer']//yt-formatted-string[@id='label' and text()='Azərbaycan']
17:54:58 [TestNG-test-Yt Master Tests-1] INFO  verifyingSideMenuLanguageAsInSettingsLingua_17-54-44 - [verifyingSideMenuLanguageAsInSettingsLingua_17-54-44] Trying to find element: By.xpath: //yt-multi-page-menu-section-renderer[@class='style-scope ytd-multi-page-menu-renderer']//yt-formatted-string[@id='label' and text()='Azərbaycan']
17:54:58 [TestNG-test-Yt Master Tests-1] INFO  verifyingSideMenuLanguageAsInSettingsLingua_17-54-44 - [verifyingSideMenuLanguageAsInSettingsLingua_17-54-44] Element found and ready (attempt 1): By.xpath: //yt-multi-page-menu-section-renderer[@class='style-scope ytd-multi-page-menu-renderer']//yt-formatted-string[@id='label' and text()='Azərbaycan']
17:54:59 [TestNG-test-Yt Master Tests-1] INFO  verifyingSideMenuLanguageAsInSettingsLingua_17-54-44 - Clicking settings ellipses button...
17:54:59 [TestNG-test-Yt Master Tests-1] INFO  verifyingSideMenuLanguageAsInSettingsLingua_17-54-44 - [verifyingSideMenuLanguageAsInSettingsLingua_17-54-44] Trying to find element: By.xpath: //ytd-topbar-menu-button-renderer[@class='style-scope ytd-masthead style-default']
17:55:00 [TestNG-test-Yt Master Tests-1] INFO  verifyingSideMenuLanguageAsInSettingsLingua_17-54-44 - [verifyingSideMenuLanguageAsInSettingsLingua_17-54-44] Element found and ready (attempt 1): By.xpath: //ytd-topbar-menu-button-renderer[@class='style-scope ytd-masthead style-default']
17:55:00 [TestNG-test-Yt Master Tests-1] INFO  verifyingSideMenuLanguageAsInSettingsLingua_17-54-44 - [verifyingSideMenuLanguageAsInSettingsLingua_17-54-44] Waiting until element is visible in viewport
17:55:01 [TestNG-test-Yt Master Tests-1] INFO  verifyingSideMenuLanguageAsInSettingsLingua_17-54-44 - Clicking settings ellipses button...
17:55:01 [TestNG-test-Yt Master Tests-1] INFO  verifyingSideMenuLanguageAsInSettingsLingua_17-54-44 - [verifyingSideMenuLanguageAsInSettingsLingua_17-54-44] Trying to find element: By.xpath: //ytd-topbar-menu-button-renderer[@class='style-scope ytd-masthead style-default']
17:55:01 [TestNG-test-Yt Master Tests-1] INFO  verifyingSideMenuLanguageAsInSettingsLingua_17-54-44 - [verifyingSideMenuLanguageAsInSettingsLingua_17-54-44] Element found and ready (attempt 1): By.xpath: //ytd-topbar-menu-button-renderer[@class='style-scope ytd-masthead style-default']
17:55:01 [TestNG-test-Yt Master Tests-1] INFO  verifyingSideMenuLanguageAsInSettingsLingua_17-54-44 - Fetching the side menu in expanded view
17:55:01 [TestNG-test-Yt Master Tests-1] INFO  verifyingSideMenuLanguageAsInSettingsLingua_17-54-44 - [verifyingSideMenuLanguageAsInSettingsLingua_17-54-44] Finding elements list: By.xpath: //ytd-guide-entry-renderer[@class='style-scope ytd-guide-section-renderer']
17:55:02 [TestNG-test-Yt Master Tests-1] INFO  verifyingSideMenuLanguageAsInSettingsLingua_17-54-44 - [verifyingSideMenuLanguageAsInSettingsLingua_17-54-44] Found 13 ready elements (attempt 1): By.xpath: //ytd-guide-entry-renderer[@class='style-scope ytd-guide-section-renderer']
17:55:03 [TestNG-test-Yt Master Tests-1] INFO  verifyingSideMenuLanguageAsInSettingsLingua_17-54-44 - 
========== LANGUAGE DETECTION ==========
Detected Language : AZERBAIJANI
Input Text        : Ev Shorts Abunəliklər Siz Tarixçə Musiqi Film və TV Canlı YouTube Premium YouTube TV YouTube Music YouTube Kids Xəbər tarixçəsi
========================================
17:55:03 [TestNG-test-Yt Master Tests-1] INFO  verifyingSideMenuLanguageAsInSettingsLingua_17-54-44 - getLangAttribute() - locating <html> and reading lang property
17:55:03 [TestNG-test-Yt Master Tests-1] INFO  verifyingSideMenuLanguageAsInSettingsLingua_17-54-44 - Language attribute read: az-Latn-AZ
17:55:03 [TestNG-test-Yt Master Tests-1] INFO  verifyingSideMenuLanguageAsInSettingsLingua_17-54-44 - [verifyingSideMenuLanguageAsInSettingsLingua_17-54-44] ApplicableLanguage==  Azərbaycan     Detected Language ==  AZERBAIJANI  Expected Language == AZERBAIJANI
17:55:03 [TestNG-test-Yt Master Tests-1] INFO  verifyingSideMenuLanguageAsInSettingsLingua_17-54-44 - Clicking settings ellipses button...
17:55:03 [TestNG-test-Yt Master Tests-1] INFO  verifyingSideMenuLanguageAsInSettingsLingua_17-54-44 - [verifyingSideMenuLanguageAsInSettingsLingua_17-54-44] Trying to find element: By.xpath: //ytd-topbar-menu-button-renderer[@class='style-scope ytd-masthead style-default']
17:55:03 [TestNG-test-Yt Master Tests-1] INFO  verifyingSideMenuLanguageAsInSettingsLingua_17-54-44 - [verifyingSideMenuLanguageAsInSettingsLingua_17-54-44] Element found and ready (attempt 1): By.xpath: //ytd-topbar-menu-button-renderer[@class='style-scope ytd-masthead style-default']
17:55:03 [TestNG-test-Yt Master Tests-1] INFO  verifyingSideMenuLanguageAsInSettingsLingua_17-54-44 - Clicking language dropdown...
17:55:03 [TestNG-test-Yt Master Tests-1] INFO  verifyingSideMenuLanguageAsInSettingsLingua_17-54-44 - [verifyingSideMenuLanguageAsInSettingsLingua_17-54-44] Trying to find element: By.xpath: (//div[@id='content-icon'])[2]
17:55:04 [TestNG-test-Yt Master Tests-1] INFO  verifyingSideMenuLanguageAsInSettingsLingua_17-54-44 - [verifyingSideMenuLanguageAsInSettingsLingua_17-54-44] Element found and ready (attempt 1): By.xpath: (//div[@id='content-icon'])[2]
17:55:05 [TestNG-test-Yt Master Tests-1] INFO  verifyingSideMenuLanguageAsInSettingsLingua_17-54-44 - Looking for language element with name: Bahasa Indonesia
17:55:05 [TestNG-test-Yt Master Tests-1] INFO  verifyingSideMenuLanguageAsInSettingsLingua_17-54-44 - [verifyingSideMenuLanguageAsInSettingsLingua_17-54-44] Trying to find element: By.xpath: //yt-multi-page-menu-section-renderer[@class='style-scope ytd-multi-page-menu-renderer']//yt-formatted-string[@id='label' and text()='Bahasa Indonesia']
17:55:05 [TestNG-test-Yt Master Tests-1] INFO  verifyingSideMenuLanguageAsInSettingsLingua_17-54-44 - [verifyingSideMenuLanguageAsInSettingsLingua_17-54-44] Element found and ready (attempt 1): By.xpath: //yt-multi-page-menu-section-renderer[@class='style-scope ytd-multi-page-menu-renderer']//yt-formatted-string[@id='label' and text()='Bahasa Indonesia']
17:55:05 [TestNG-test-Yt Master Tests-1] INFO  verifyingSideMenuLanguageAsInSettingsLingua_17-54-44 - [verifyingSideMenuLanguageAsInSettingsLingua_17-54-44] Trying to find element: By.xpath: //yt-multi-page-menu-section-renderer[@class='style-scope ytd-multi-page-menu-renderer']//yt-formatted-string[@id='label' and text()='Bahasa Indonesia']
17:55:05 [TestNG-test-Yt Master Tests-1] INFO  verifyingSideMenuLanguageAsInSettingsLingua_17-54-44 - [verifyingSideMenuLanguageAsInSettingsLingua_17-54-44] Element found and ready (attempt 1): By.xpath: //yt-multi-page-menu-section-renderer[@class='style-scope ytd-multi-page-menu-renderer']//yt-formatted-string[@id='label' and text()='Bahasa Indonesia']
17:55:06 [TestNG-test-Yt Master Tests-1] INFO  verifyingSideMenuLanguageAsInSettingsLingua_17-54-44 - Clicking settings ellipses button...
17:55:06 [TestNG-test-Yt Master Tests-1] INFO  verifyingSideMenuLanguageAsInSettingsLingua_17-54-44 - [verifyingSideMenuLanguageAsInSettingsLingua_17-54-44] Trying to find element: By.xpath: //ytd-topbar-menu-button-renderer[@class='style-scope ytd-masthead style-default']
17:55:07 [TestNG-test-Yt Master Tests-1] INFO  verifyingSideMenuLanguageAsInSettingsLingua_17-54-44 - [verifyingSideMenuLanguageAsInSettingsLingua_17-54-44] Element found and ready (attempt 1): By.xpath: //ytd-topbar-menu-button-renderer[@class='style-scope ytd-masthead style-default']
17:55:07 [TestNG-test-Yt Master Tests-1] INFO  verifyingSideMenuLanguageAsInSettingsLingua_17-54-44 - [verifyingSideMenuLanguageAsInSettingsLingua_17-54-44] Waiting until element is visible in viewport
17:55:08 [TestNG-test-Yt Master Tests-1] INFO  verifyingSideMenuLanguageAsInSettingsLingua_17-54-44 - Clicking settings ellipses button...
17:55:08 [TestNG-test-Yt Master Tests-1] INFO  verifyingSideMenuLanguageAsInSettingsLingua_17-54-44 - [verifyingSideMenuLanguageAsInSettingsLingua_17-54-44] Trying to find element: By.xpath: //ytd-topbar-menu-button-renderer[@class='style-scope ytd-masthead style-default']
17:55:08 [TestNG-test-Yt Master Tests-1] INFO  verifyingSideMenuLanguageAsInSettingsLingua_17-54-44 - [verifyingSideMenuLanguageAsInSettingsLingua_17-54-44] Element found and ready (attempt 1): By.xpath: //ytd-topbar-menu-button-renderer[@class='style-scope ytd-masthead style-default']
17:55:08 [TestNG-test-Yt Master Tests-1] INFO  verifyingSideMenuLanguageAsInSettingsLingua_17-54-44 - Fetching the side menu in expanded view
17:55:08 [TestNG-test-Yt Master Tests-1] INFO  verifyingSideMenuLanguageAsInSettingsLingua_17-54-44 - [verifyingSideMenuLanguageAsInSettingsLingua_17-54-44] Finding elements list: By.xpath: //ytd-guide-entry-renderer[@class='style-scope ytd-guide-section-renderer']
17:55:08 [TestNG-test-Yt Master Tests-1] INFO  verifyingSideMenuLanguageAsInSettingsLingua_17-54-44 - [verifyingSideMenuLanguageAsInSettingsLingua_17-54-44] Found 13 ready elements (attempt 1): By.xpath: //ytd-guide-entry-renderer[@class='style-scope ytd-guide-section-renderer']
17:55:09 [TestNG-test-Yt Master Tests-1] INFO  verifyingSideMenuLanguageAsInSettingsLingua_17-54-44 - 
========== LANGUAGE DETECTION ==========
Detected Language : ENGLISH
Input Text        : Beranda Shorts Subscription Anda Histori Musik Film & TV Live YouTube Premium YouTube TV YouTube Music YouTube Kids Histori laporan
========================================
17:55:09 [TestNG-test-Yt Master Tests-1] INFO  verifyingSideMenuLanguageAsInSettingsLingua_17-54-44 - getLangAttribute() - locating <html> and reading lang property
17:55:09 [TestNG-test-Yt Master Tests-1] INFO  verifyingSideMenuLanguageAsInSettingsLingua_17-54-44 - Language attribute read: id-ID
17:55:09 [TestNG-test-Yt Master Tests-1] INFO  verifyingSideMenuLanguageAsInSettingsLingua_17-54-44 - [verifyingSideMenuLanguageAsInSettingsLingua_17-54-44] ApplicableLanguage==  Bahasa Indonesia     Detected Language ==  ENGLISH  Expected Language == INDONESIAN
17:55:09 [TestNG-test-Yt Master Tests-1] INFO  verifyingSideMenuLanguageAsInSettingsLingua_17-54-44 - Clicking settings ellipses button...
17:55:09 [TestNG-test-Yt Master Tests-1] INFO  verifyingSideMenuLanguageAsInSettingsLingua_17-54-44 - [verifyingSideMenuLanguageAsInSettingsLingua_17-54-44] Trying to find element: By.xpath: //ytd-topbar-menu-button-renderer[@class='style-scope ytd-masthead style-default']
17:55:09 [TestNG-test-Yt Master Tests-1] INFO  verifyingSideMenuLanguageAsInSettingsLingua_17-54-44 - [verifyingSideMenuLanguageAsInSettingsLingua_17-54-44] Element found and ready (attempt 1): By.xpath: //ytd-topbar-menu-button-renderer[@class='style-scope ytd-masthead style-default']
17:55:09 [TestNG-test-Yt Master Tests-1] INFO  verifyingSideMenuLanguageAsInSettingsLingua_17-54-44 - Clicking language dropdown...
17:55:09 [TestNG-test-Yt Master Tests-1] INFO  verifyingSideMenuLanguageAsInSettingsLingua_17-54-44 - [verifyingSideMenuLanguageAsInSettingsLingua_17-54-44] Trying to find element: By.xpath: (//div[@id='content-icon'])[2]
17:55:09 [TestNG-test-Yt Master Tests-1] INFO  verifyingSideMenuLanguageAsInSettingsLingua_17-54-44 - [verifyingSideMenuLanguageAsInSettingsLingua_17-54-44] Element found and ready (attempt 1): By.xpath: (//div[@id='content-icon'])[2]
17:55:10 [TestNG-test-Yt Master Tests-1] INFO  verifyingSideMenuLanguageAsInSettingsLingua_17-54-44 - Looking for language element with name: Bosanski
17:55:10 [TestNG-test-Yt Master Tests-1] INFO  verifyingSideMenuLanguageAsInSettingsLingua_17-54-44 - [verifyingSideMenuLanguageAsInSettingsLingua_17-54-44] Trying to find element: By.xpath: //yt-multi-page-menu-section-renderer[@class='style-scope ytd-multi-page-menu-renderer']//yt-formatted-string[@id='label' and text()='Bosanski']
17:55:10 [TestNG-test-Yt Master Tests-1] INFO  verifyingSideMenuLanguageAsInSettingsLingua_17-54-44 - [verifyingSideMenuLanguageAsInSettingsLingua_17-54-44] Element found and ready (attempt 1): By.xpath: //yt-multi-page-menu-section-renderer[@class='style-scope ytd-multi-page-menu-renderer']//yt-formatted-string[@id='label' and text()='Bosanski']
17:55:10 [TestNG-test-Yt Master Tests-1] INFO  verifyingSideMenuLanguageAsInSettingsLingua_17-54-44 - [verifyingSideMenuLanguageAsInSettingsLingua_17-54-44] Trying to find element: By.xpath: //yt-multi-page-menu-section-renderer[@class='style-scope ytd-multi-page-menu-renderer']//yt-formatted-string[@id='label' and text()='Bosanski']
17:55:10 [TestNG-test-Yt Master Tests-1] INFO  verifyingSideMenuLanguageAsInSettingsLingua_17-54-44 - [verifyingSideMenuLanguageAsInSettingsLingua_17-54-44] Element found and ready (attempt 1): By.xpath: //yt-multi-page-menu-section-renderer[@class='style-scope ytd-multi-page-menu-renderer']//yt-formatted-string[@id='label' and text()='Bosanski']
17:55:11 [TestNG-test-Yt Master Tests-1] INFO  verifyingSideMenuLanguageAsInSettingsLingua_17-54-44 - Clicking settings ellipses button...
17:55:12 [TestNG-test-Yt Master Tests-1] INFO  verifyingSideMenuLanguageAsInSettingsLingua_17-54-44 - [verifyingSideMenuLanguageAsInSettingsLingua_17-54-44] Trying to find element: By.xpath: //ytd-topbar-menu-button-renderer[@class='style-scope ytd-masthead style-default']
17:55:12 [TestNG-test-Yt Master Tests-1] INFO  verifyingSideMenuLanguageAsInSettingsLingua_17-54-44 - [verifyingSideMenuLanguageAsInSettingsLingua_17-54-44] Element found and ready (attempt 1): By.xpath: //ytd-topbar-menu-button-renderer[@class='style-scope ytd-masthead style-default']
17:55:12 [TestNG-test-Yt Master Tests-1] INFO  verifyingSideMenuLanguageAsInSettingsLingua_17-54-44 - [verifyingSideMenuLanguageAsInSettingsLingua_17-54-44] Waiting until element is visible in viewport
17:55:13 [TestNG-test-Yt Master Tests-1] INFO  verifyingSideMenuLanguageAsInSettingsLingua_17-54-44 - Clicking settings ellipses button...
17:55:13 [TestNG-test-Yt Master Tests-1] INFO  verifyingSideMenuLanguageAsInSettingsLingua_17-54-44 - [verifyingSideMenuLanguageAsInSettingsLingua_17-54-44] Trying to find element: By.xpath: //ytd-topbar-menu-button-renderer[@class='style-scope ytd-masthead style-default']
17:55:13 [TestNG-test-Yt Master Tests-1] INFO  verifyingSideMenuLanguageAsInSettingsLingua_17-54-44 - [verifyingSideMenuLanguageAsInSettingsLingua_17-54-44] Element found and ready (attempt 1): By.xpath: //ytd-topbar-menu-button-renderer[@class='style-scope ytd-masthead style-default']
17:55:13 [TestNG-test-Yt Master Tests-1] INFO  verifyingSideMenuLanguageAsInSettingsLingua_17-54-44 - Fetching the side menu in expanded view
17:55:13 [TestNG-test-Yt Master Tests-1] INFO  verifyingSideMenuLanguageAsInSettingsLingua_17-54-44 - [verifyingSideMenuLanguageAsInSettingsLingua_17-54-44] Finding elements list: By.xpath: //ytd-guide-entry-renderer[@class='style-scope ytd-guide-section-renderer']
17:55:14 [TestNG-test-Yt Master Tests-1] INFO  verifyingSideMenuLanguageAsInSettingsLingua_17-54-44 - [verifyingSideMenuLanguageAsInSettingsLingua_17-54-44] Found 13 ready elements (attempt 1): By.xpath: //ytd-guide-entry-renderer[@class='style-scope ytd-guide-section-renderer']
17:55:14 [TestNG-test-Yt Master Tests-1] INFO  verifyingSideMenuLanguageAsInSettingsLingua_17-54-44 - 
========== LANGUAGE DETECTION ==========
Detected Language : BOSNIAN
Input Text        : Početna stranica Shorts Pretplate Vi Hi‪storija Muzika Filmovi i TV Uživo YouTube Premium YouTube TV YouTube Music YouTube Kids Historija prijava
========================================
17:55:14 [TestNG-test-Yt Master Tests-1] INFO  verifyingSideMenuLanguageAsInSettingsLingua_17-54-44 - getLangAttribute() - locating <html> and reading lang property
17:55:14 [TestNG-test-Yt Master Tests-1] INFO  verifyingSideMenuLanguageAsInSettingsLingua_17-54-44 - Language attribute read: bs-Latn-BA
17:55:14 [TestNG-test-Yt Master Tests-1] INFO  verifyingSideMenuLanguageAsInSettingsLingua_17-54-44 - [verifyingSideMenuLanguageAsInSettingsLingua_17-54-44] ApplicableLanguage==  Bosanski     Detected Language ==  BOSNIAN  Expected Language == CROATIAN
17:55:14 [TestNG-test-Yt Master Tests-1] INFO  verifyingSideMenuLanguageAsInSettingsLingua_17-54-44 - Clicking settings ellipses button...
17:55:14 [TestNG-test-Yt Master Tests-1] INFO  verifyingSideMenuLanguageAsInSettingsLingua_17-54-44 - [verifyingSideMenuLanguageAsInSettingsLingua_17-54-44] Trying to find element: By.xpath: //ytd-topbar-menu-button-renderer[@class='style-scope ytd-masthead style-default']
17:55:14 [TestNG-test-Yt Master Tests-1] INFO  verifyingSideMenuLanguageAsInSettingsLingua_17-54-44 - [verifyingSideMenuLanguageAsInSettingsLingua_17-54-44] Element found and ready (attempt 1): By.xpath: //ytd-topbar-menu-button-renderer[@class='style-scope ytd-masthead style-default']
17:55:14 [TestNG-test-Yt Master Tests-1] INFO  verifyingSideMenuLanguageAsInSettingsLingua_17-54-44 - Clicking language dropdown...
17:55:14 [TestNG-test-Yt Master Tests-1] INFO  verifyingSideMenuLanguageAsInSettingsLingua_17-54-44 - [verifyingSideMenuLanguageAsInSettingsLingua_17-54-44] Trying to find element: By.xpath: (//div[@id='content-icon'])[2]
17:55:15 [TestNG-test-Yt Master Tests-1] INFO  verifyingSideMenuLanguageAsInSettingsLingua_17-54-44 - [verifyingSideMenuLanguageAsInSettingsLingua_17-54-44] Element found and ready (attempt 1): By.xpath: (//div[@id='content-icon'])[2]
17:55:15 [TestNG-test-Yt Master Tests-1] INFO  verifyingSideMenuLanguageAsInSettingsLingua_17-54-44 - Looking for language element with name: Català
17:55:15 [TestNG-test-Yt Master Tests-1] INFO  verifyingSideMenuLanguageAsInSettingsLingua_17-54-44 - [verifyingSideMenuLanguageAsInSettingsLingua_17-54-44] Trying to find element: By.xpath: //yt-multi-page-menu-section-renderer[@class='style-scope ytd-multi-page-menu-renderer']//yt-formatted-string[@id='label' and text()='Català']
17:55:15 [TestNG-test-Yt Master Tests-1] INFO  verifyingSideMenuLanguageAsInSettingsLingua_17-54-44 - [verifyingSideMenuLanguageAsInSettingsLingua_17-54-44] Element found and ready (attempt 1): By.xpath: //yt-multi-page-menu-section-renderer[@class='style-scope ytd-multi-page-menu-renderer']//yt-formatted-string[@id='label' and text()='Català']
17:55:15 [TestNG-test-Yt Master Tests-1] INFO  verifyingSideMenuLanguageAsInSettingsLingua_17-54-44 - [verifyingSideMenuLanguageAsInSettingsLingua_17-54-44] Trying to find element: By.xpath: //yt-multi-page-menu-section-renderer[@class='style-scope ytd-multi-page-menu-renderer']//yt-formatted-string[@id='label' and text()='Català']
17:55:15 [TestNG-test-Yt Master Tests-1] INFO  verifyingSideMenuLanguageAsInSettingsLingua_17-54-44 - [verifyingSideMenuLanguageAsInSettingsLingua_17-54-44] Element found and ready (attempt 1): By.xpath: //yt-multi-page-menu-section-renderer[@class='style-scope ytd-multi-page-menu-renderer']//yt-formatted-string[@id='label' and text()='Català']
17:55:17 [TestNG-test-Yt Master Tests-1] INFO  verifyingSideMenuLanguageAsInSettingsLingua_17-54-44 - Clicking settings ellipses button...
17:55:17 [TestNG-test-Yt Master Tests-1] INFO  verifyingSideMenuLanguageAsInSettingsLingua_17-54-44 - [verifyingSideMenuLanguageAsInSettingsLingua_17-54-44] Trying to find element: By.xpath: //ytd-topbar-menu-button-renderer[@class='style-scope ytd-masthead style-default']
17:55:17 [TestNG-test-Yt Master Tests-1] INFO  verifyingSideMenuLanguageAsInSettingsLingua_17-54-44 - [verifyingSideMenuLanguageAsInSettingsLingua_17-54-44] Element found and ready (attempt 1): By.xpath: //ytd-topbar-menu-button-renderer[@class='style-scope ytd-masthead style-default']
17:55:17 [TestNG-test-Yt Master Tests-1] INFO  verifyingSideMenuLanguageAsInSettingsLingua_17-54-44 - [verifyingSideMenuLanguageAsInSettingsLingua_17-54-44] Waiting until element is visible in viewport
17:55:18 [TestNG-test-Yt Master Tests-1] INFO  verifyingSideMenuLanguageAsInSettingsLingua_17-54-44 - Clicking settings ellipses button...
17:55:18 [TestNG-test-Yt Master Tests-1] INFO  verifyingSideMenuLanguageAsInSettingsLingua_17-54-44 - [verifyingSideMenuLanguageAsInSettingsLingua_17-54-44] Trying to find element: By.xpath: //ytd-topbar-menu-button-renderer[@class='style-scope ytd-masthead style-default']
17:55:18 [TestNG-test-Yt Master Tests-1] INFO  verifyingSideMenuLanguageAsInSettingsLingua_17-54-44 - [verifyingSideMenuLanguageAsInSettingsLingua_17-54-44] Element found and ready (attempt 1): By.xpath: //ytd-topbar-menu-button-renderer[@class='style-scope ytd-masthead style-default']
17:55:19 [TestNG-test-Yt Master Tests-1] INFO  verifyingSideMenuLanguageAsInSettingsLingua_17-54-44 - Fetching the side menu in expanded view
17:55:19 [TestNG-test-Yt Master Tests-1] INFO  verifyingSideMenuLanguageAsInSettingsLingua_17-54-44 - [verifyingSideMenuLanguageAsInSettingsLingua_17-54-44] Finding elements list: By.xpath: //ytd-guide-entry-renderer[@class='style-scope ytd-guide-section-renderer']
17:55:19 [TestNG-test-Yt Master Tests-1] INFO  verifyingSideMenuLanguageAsInSettingsLingua_17-54-44 - [verifyingSideMenuLanguageAsInSettingsLingua_17-54-44] Found 13 ready elements (attempt 1): By.xpath: //ytd-guide-entry-renderer[@class='style-scope ytd-guide-section-renderer']
17:55:19 [TestNG-test-Yt Master Tests-1] INFO  verifyingSideMenuLanguageAsInSettingsLingua_17-54-44 - 
========== LANGUAGE DETECTION ==========
Detected Language : CATALAN
Input Text        : Inici YouTube Shorts Subscripcions Tu Historial Música Pel·lícules i televisió En directe YouTube Premium YouTube TV YouTube Music YouTube Kids Historial d'informes
========================================
17:55:19 [TestNG-test-Yt Master Tests-1] INFO  verifyingSideMenuLanguageAsInSettingsLingua_17-54-44 - getLangAttribute() - locating <html> and reading lang property
17:55:19 [TestNG-test-Yt Master Tests-1] INFO  verifyingSideMenuLanguageAsInSettingsLingua_17-54-44 - Language attribute read: ca-ES
17:55:19 [TestNG-test-Yt Master Tests-1] INFO  verifyingSideMenuLanguageAsInSettingsLingua_17-54-44 - [verifyingSideMenuLanguageAsInSettingsLingua_17-54-44] ApplicableLanguage==  Català     Detected Language ==  CATALAN  Expected Language == CATALAN
17:55:19 [TestNG-test-Yt Master Tests-1] INFO  verifyingSideMenuLanguageAsInSettingsLingua_17-54-44 - Clicking settings ellipses button...
17:55:19 [TestNG-test-Yt Master Tests-1] INFO  verifyingSideMenuLanguageAsInSettingsLingua_17-54-44 - [verifyingSideMenuLanguageAsInSettingsLingua_17-54-44] Trying to find element: By.xpath: //ytd-topbar-menu-button-renderer[@class='style-scope ytd-masthead style-default']
17:55:20 [TestNG-test-Yt Master Tests-1] INFO  verifyingSideMenuLanguageAsInSettingsLingua_17-54-44 - [verifyingSideMenuLanguageAsInSettingsLingua_17-54-44] Element found and ready (attempt 1): By.xpath: //ytd-topbar-menu-button-renderer[@class='style-scope ytd-masthead style-default']
17:55:20 [TestNG-test-Yt Master Tests-1] INFO  verifyingSideMenuLanguageAsInSettingsLingua_17-54-44 - Clicking language dropdown...
17:55:20 [TestNG-test-Yt Master Tests-1] INFO  verifyingSideMenuLanguageAsInSettingsLingua_17-54-44 - [verifyingSideMenuLanguageAsInSettingsLingua_17-54-44] Trying to find element: By.xpath: (//div[@id='content-icon'])[2]
17:55:20 [TestNG-test-Yt Master Tests-1] INFO  verifyingSideMenuLanguageAsInSettingsLingua_17-54-44 - [verifyingSideMenuLanguageAsInSettingsLingua_17-54-44] Element found and ready (attempt 1): By.xpath: (//div[@id='content-icon'])[2]
17:55:21 [TestNG-test-Yt Master Tests-1] INFO  verifyingSideMenuLanguageAsInSettingsLingua_17-54-44 - Looking for language element with name: Dansk
17:55:21 [TestNG-test-Yt Master Tests-1] INFO  verifyingSideMenuLanguageAsInSettingsLingua_17-54-44 - [verifyingSideMenuLanguageAsInSettingsLingua_17-54-44] Trying to find element: By.xpath: //yt-multi-page-menu-section-renderer[@class='style-scope ytd-multi-page-menu-renderer']//yt-formatted-string[@id='label' and text()='Dansk']
17:55:21 [TestNG-test-Yt Master Tests-1] INFO  verifyingSideMenuLanguageAsInSettingsLingua_17-54-44 - [verifyingSideMenuLanguageAsInSettingsLingua_17-54-44] Element found and ready (attempt 1): By.xpath: //yt-multi-page-menu-section-renderer[@class='style-scope ytd-multi-page-menu-renderer']//yt-formatted-string[@id='label' and text()='Dansk']
17:55:21 [TestNG-test-Yt Master Tests-1] INFO  verifyingSideMenuLanguageAsInSettingsLingua_17-54-44 - [verifyingSideMenuLanguageAsInSettingsLingua_17-54-44] Trying to find element: By.xpath: //yt-multi-page-menu-section-renderer[@class='style-scope ytd-multi-page-menu-renderer']//yt-formatted-string[@id='label' and text()='Dansk']
17:55:21 [TestNG-test-Yt Master Tests-1] INFO  verifyingSideMenuLanguageAsInSettingsLingua_17-54-44 - [verifyingSideMenuLanguageAsInSettingsLingua_17-54-44] Element found and ready (attempt 1): By.xpath: //yt-multi-page-menu-section-renderer[@class='style-scope ytd-multi-page-menu-renderer']//yt-formatted-string[@id='label' and text()='Dansk']
17:55:22 [TestNG-test-Yt Master Tests-1] INFO  verifyingSideMenuLanguageAsInSettingsLingua_17-54-44 - Clicking settings ellipses button...
17:55:23 [TestNG-test-Yt Master Tests-1] INFO  verifyingSideMenuLanguageAsInSettingsLingua_17-54-44 - [verifyingSideMenuLanguageAsInSettingsLingua_17-54-44] Trying to find element: By.xpath: //ytd-topbar-menu-button-renderer[@class='style-scope ytd-masthead style-default']
17:55:23 [TestNG-test-Yt Master Tests-1] INFO  verifyingSideMenuLanguageAsInSettingsLingua_17-54-44 - [verifyingSideMenuLanguageAsInSettingsLingua_17-54-44] Element found and ready (attempt 1): By.xpath: //ytd-topbar-menu-button-renderer[@class='style-scope ytd-masthead style-default']
17:55:23 [TestNG-test-Yt Master Tests-1] INFO  verifyingSideMenuLanguageAsInSettingsLingua_17-54-44 - [verifyingSideMenuLanguageAsInSettingsLingua_17-54-44] Waiting until element is visible in viewport
17:55:24 [TestNG-test-Yt Master Tests-1] INFO  verifyingSideMenuLanguageAsInSettingsLingua_17-54-44 - Clicking settings ellipses button...
17:55:24 [TestNG-test-Yt Master Tests-1] INFO  verifyingSideMenuLanguageAsInSettingsLingua_17-54-44 - [verifyingSideMenuLanguageAsInSettingsLingua_17-54-44] Trying to find element: By.xpath: //ytd-topbar-menu-button-renderer[@class='style-scope ytd-masthead style-default']
17:55:24 [TestNG-test-Yt Master Tests-1] INFO  verifyingSideMenuLanguageAsInSettingsLingua_17-54-44 - [verifyingSideMenuLanguageAsInSettingsLingua_17-54-44] Element found and ready (attempt 1): By.xpath: //ytd-topbar-menu-button-renderer[@class='style-scope ytd-masthead style-default']
17:55:24 [TestNG-test-Yt Master Tests-1] INFO  verifyingSideMenuLanguageAsInSettingsLingua_17-54-44 - Fetching the side menu in expanded view
17:55:24 [TestNG-test-Yt Master Tests-1] INFO  verifyingSideMenuLanguageAsInSettingsLingua_17-54-44 - [verifyingSideMenuLanguageAsInSettingsLingua_17-54-44] Finding elements list: By.xpath: //ytd-guide-entry-renderer[@class='style-scope ytd-guide-section-renderer']
17:55:24 [TestNG-test-Yt Master Tests-1] INFO  verifyingSideMenuLanguageAsInSettingsLingua_17-54-44 - [verifyingSideMenuLanguageAsInSettingsLingua_17-54-44] Found 13 ready elements (attempt 1): By.xpath: //ytd-guide-entry-renderer[@class='style-scope ytd-guide-section-renderer']
17:55:25 [TestNG-test-Yt Master Tests-1] INFO  verifyingSideMenuLanguageAsInSettingsLingua_17-54-44 - 
========== LANGUAGE DETECTION ==========
Detected Language : DANISH
Input Text        : Start Shorts Abonnementer Dig Historik Musik Film og tv Live YouTube Premium YouTube TV YouTube Music YouTube Kids Rapporteringshistorik
========================================
17:55:25 [TestNG-test-Yt Master Tests-1] INFO  verifyingSideMenuLanguageAsInSettingsLingua_17-54-44 - getLangAttribute() - locating <html> and reading lang property
17:55:25 [TestNG-test-Yt Master Tests-1] INFO  verifyingSideMenuLanguageAsInSettingsLingua_17-54-44 - Language attribute read: da-DK
17:55:25 [TestNG-test-Yt Master Tests-1] INFO  verifyingSideMenuLanguageAsInSettingsLingua_17-54-44 - [verifyingSideMenuLanguageAsInSettingsLingua_17-54-44] ApplicableLanguage==  Dansk     Detected Language ==  DANISH  Expected Language == DANISH
17:55:25 [TestNG-test-Yt Master Tests-1] INFO  verifyingSideMenuLanguageAsInSettingsLingua_17-54-44 - Clicking settings ellipses button...
17:55:25 [TestNG-test-Yt Master Tests-1] INFO  verifyingSideMenuLanguageAsInSettingsLingua_17-54-44 - [verifyingSideMenuLanguageAsInSettingsLingua_17-54-44] Trying to find element: By.xpath: //ytd-topbar-menu-button-renderer[@class='style-scope ytd-masthead style-default']
17:55:25 [TestNG-test-Yt Master Tests-1] INFO  verifyingSideMenuLanguageAsInSettingsLingua_17-54-44 - [verifyingSideMenuLanguageAsInSettingsLingua_17-54-44] Element found and ready (attempt 1): By.xpath: //ytd-topbar-menu-button-renderer[@class='style-scope ytd-masthead style-default']
17:55:25 [TestNG-test-Yt Master Tests-1] INFO  verifyingSideMenuLanguageAsInSettingsLingua_17-54-44 - Clicking language dropdown...
17:55:25 [TestNG-test-Yt Master Tests-1] INFO  verifyingSideMenuLanguageAsInSettingsLingua_17-54-44 - [verifyingSideMenuLanguageAsInSettingsLingua_17-54-44] Trying to find element: By.xpath: (//div[@id='content-icon'])[2]
17:55:26 [TestNG-test-Yt Master Tests-1] INFO  verifyingSideMenuLanguageAsInSettingsLingua_17-54-44 - [verifyingSideMenuLanguageAsInSettingsLingua_17-54-44] Element found and ready (attempt 1): By.xpath: (//div[@id='content-icon'])[2]
17:55:26 [TestNG-test-Yt Master Tests-1] INFO  verifyingSideMenuLanguageAsInSettingsLingua_17-54-44 - Looking for language element with name: Deutsch
17:55:26 [TestNG-test-Yt Master Tests-1] INFO  verifyingSideMenuLanguageAsInSettingsLingua_17-54-44 - [verifyingSideMenuLanguageAsInSettingsLingua_17-54-44] Trying to find element: By.xpath: //yt-multi-page-menu-section-renderer[@class='style-scope ytd-multi-page-menu-renderer']//yt-formatted-string[@id='label' and text()='Deutsch']
17:55:26 [TestNG-test-Yt Master Tests-1] INFO  verifyingSideMenuLanguageAsInSettingsLingua_17-54-44 - [verifyingSideMenuLanguageAsInSettingsLingua_17-54-44] Element found and ready (attempt 1): By.xpath: //yt-multi-page-menu-section-renderer[@class='style-scope ytd-multi-page-menu-renderer']//yt-formatted-string[@id='label' and text()='Deutsch']
17:55:26 [TestNG-test-Yt Master Tests-1] INFO  verifyingSideMenuLanguageAsInSettingsLingua_17-54-44 - [verifyingSideMenuLanguageAsInSettingsLingua_17-54-44] Trying to find element: By.xpath: //yt-multi-page-menu-section-renderer[@class='style-scope ytd-multi-page-menu-renderer']//yt-formatted-string[@id='label' and text()='Deutsch']
17:55:26 [TestNG-test-Yt Master Tests-1] INFO  verifyingSideMenuLanguageAsInSettingsLingua_17-54-44 - [verifyingSideMenuLanguageAsInSettingsLingua_17-54-44] Element found and ready (attempt 1): By.xpath: //yt-multi-page-menu-section-renderer[@class='style-scope ytd-multi-page-menu-renderer']//yt-formatted-string[@id='label' and text()='Deutsch']
17:55:28 [TestNG-test-Yt Master Tests-1] INFO  verifyingSideMenuLanguageAsInSettingsLingua_17-54-44 - Clicking settings ellipses button...
17:55:28 [TestNG-test-Yt Master Tests-1] INFO  verifyingSideMenuLanguageAsInSettingsLingua_17-54-44 - [verifyingSideMenuLanguageAsInSettingsLingua_17-54-44] Trying to find element: By.xpath: //ytd-topbar-menu-button-renderer[@class='style-scope ytd-masthead style-default']
17:55:28 [TestNG-test-Yt Master Tests-1] INFO  verifyingSideMenuLanguageAsInSettingsLingua_17-54-44 - [verifyingSideMenuLanguageAsInSettingsLingua_17-54-44] Element found and ready (attempt 1): By.xpath: //ytd-topbar-menu-button-renderer[@class='style-scope ytd-masthead style-default']
17:55:28 [TestNG-test-Yt Master Tests-1] INFO  verifyingSideMenuLanguageAsInSettingsLingua_17-54-44 - [verifyingSideMenuLanguageAsInSettingsLingua_17-54-44] Waiting until element is visible in viewport
17:55:29 [TestNG-test-Yt Master Tests-1] INFO  verifyingSideMenuLanguageAsInSettingsLingua_17-54-44 - Clicking settings ellipses button...
17:55:29 [TestNG-test-Yt Master Tests-1] INFO  verifyingSideMenuLanguageAsInSettingsLingua_17-54-44 - [verifyingSideMenuLanguageAsInSettingsLingua_17-54-44] Trying to find element: By.xpath: //ytd-topbar-menu-button-renderer[@class='style-scope ytd-masthead style-default']
17:55:29 [TestNG-test-Yt Master Tests-1] INFO  verifyingSideMenuLanguageAsInSettingsLingua_17-54-44 - [verifyingSideMenuLanguageAsInSettingsLingua_17-54-44] Element found and ready (attempt 1): By.xpath: //ytd-topbar-menu-button-renderer[@class='style-scope ytd-masthead style-default']
17:55:29 [TestNG-test-Yt Master Tests-1] INFO  verifyingSideMenuLanguageAsInSettingsLingua_17-54-44 - Fetching the side menu in expanded view
17:55:29 [TestNG-test-Yt Master Tests-1] INFO  verifyingSideMenuLanguageAsInSettingsLingua_17-54-44 - [verifyingSideMenuLanguageAsInSettingsLingua_17-54-44] Finding elements list: By.xpath: //ytd-guide-entry-renderer[@class='style-scope ytd-guide-section-renderer']
17:55:30 [TestNG-test-Yt Master Tests-1] INFO  verifyingSideMenuLanguageAsInSettingsLingua_17-54-44 - [verifyingSideMenuLanguageAsInSettingsLingua_17-54-44] Found 13 ready elements (attempt 1): By.xpath: //ytd-guide-entry-renderer[@class='style-scope ytd-guide-section-renderer']
17:55:30 [TestNG-test-Yt Master Tests-1] INFO  verifyingSideMenuLanguageAsInSettingsLingua_17-54-44 - 
========== LANGUAGE DETECTION ==========
Detected Language : GERMAN
Input Text        : Startseite Shorts Abos Mein YouTube Verlauf Musik Filme & Shows Live YouTube Premium YouTube TV YouTube Music YouTube Kids Meldeverlauf
========================================
17:55:30 [TestNG-test-Yt Master Tests-1] INFO  verifyingSideMenuLanguageAsInSettingsLingua_17-54-44 - getLangAttribute() - locating <html> and reading lang property
17:55:30 [TestNG-test-Yt Master Tests-1] INFO  verifyingSideMenuLanguageAsInSettingsLingua_17-54-44 - Language attribute read: de-DE
17:55:30 [TestNG-test-Yt Master Tests-1] INFO  verifyingSideMenuLanguageAsInSettingsLingua_17-54-44 - [verifyingSideMenuLanguageAsInSettingsLingua_17-54-44] ApplicableLanguage==  Deutsch     Detected Language ==  GERMAN  Expected Language == GERMAN
17:55:30 [TestNG-test-Yt Master Tests-1] INFO  verifyingSideMenuLanguageAsInSettingsLingua_17-54-44 - Clicking settings ellipses button...
17:55:30 [TestNG-test-Yt Master Tests-1] INFO  verifyingSideMenuLanguageAsInSettingsLingua_17-54-44 - [verifyingSideMenuLanguageAsInSettingsLingua_17-54-44] Trying to find element: By.xpath: //ytd-topbar-menu-button-renderer[@class='style-scope ytd-masthead style-default']
17:55:30 [TestNG-test-Yt Master Tests-1] INFO  verifyingSideMenuLanguageAsInSettingsLingua_17-54-44 - [verifyingSideMenuLanguageAsInSettingsLingua_17-54-44] Element found and ready (attempt 1): By.xpath: //ytd-topbar-menu-button-renderer[@class='style-scope ytd-masthead style-default']
17:55:30 [TestNG-test-Yt Master Tests-1] INFO  verifyingSideMenuLanguageAsInSettingsLingua_17-54-44 - Clicking language dropdown...
17:55:30 [TestNG-test-Yt Master Tests-1] INFO  verifyingSideMenuLanguageAsInSettingsLingua_17-54-44 - [verifyingSideMenuLanguageAsInSettingsLingua_17-54-44] Trying to find element: By.xpath: (//div[@id='content-icon'])[2]
17:55:31 [TestNG-test-Yt Master Tests-1] INFO  verifyingSideMenuLanguageAsInSettingsLingua_17-54-44 - [verifyingSideMenuLanguageAsInSettingsLingua_17-54-44] Element found and ready (attempt 1): By.xpath: (//div[@id='content-icon'])[2]
17:55:31 [TestNG-test-Yt Master Tests-1] INFO  verifyingSideMenuLanguageAsInSettingsLingua_17-54-44 - Looking for language element with name: Eesti
17:55:31 [TestNG-test-Yt Master Tests-1] INFO  verifyingSideMenuLanguageAsInSettingsLingua_17-54-44 - [verifyingSideMenuLanguageAsInSettingsLingua_17-54-44] Trying to find element: By.xpath: //yt-multi-page-menu-section-renderer[@class='style-scope ytd-multi-page-menu-renderer']//yt-formatted-string[@id='label' and text()='Eesti']
17:55:32 [TestNG-test-Yt Master Tests-1] INFO  verifyingSideMenuLanguageAsInSettingsLingua_17-54-44 - [verifyingSideMenuLanguageAsInSettingsLingua_17-54-44] Element found and ready (attempt 1): By.xpath: //yt-multi-page-menu-section-renderer[@class='style-scope ytd-multi-page-menu-renderer']//yt-formatted-string[@id='label' and text()='Eesti']
17:55:32 [TestNG-test-Yt Master Tests-1] INFO  verifyingSideMenuLanguageAsInSettingsLingua_17-54-44 - [verifyingSideMenuLanguageAsInSettingsLingua_17-54-44] Trying to find element: By.xpath: //yt-multi-page-menu-section-renderer[@class='style-scope ytd-multi-page-menu-renderer']//yt-formatted-string[@id='label' and text()='Eesti']
17:55:32 [TestNG-test-Yt Master Tests-1] INFO  verifyingSideMenuLanguageAsInSettingsLingua_17-54-44 - [verifyingSideMenuLanguageAsInSettingsLingua_17-54-44] Element found and ready (attempt 1): By.xpath: //yt-multi-page-menu-section-renderer[@class='style-scope ytd-multi-page-menu-renderer']//yt-formatted-string[@id='label' and text()='Eesti']
17:55:33 [TestNG-test-Yt Master Tests-1] INFO  verifyingSideMenuLanguageAsInSettingsLingua_17-54-44 - Clicking settings ellipses button...
17:55:33 [TestNG-test-Yt Master Tests-1] INFO  verifyingSideMenuLanguageAsInSettingsLingua_17-54-44 - [verifyingSideMenuLanguageAsInSettingsLingua_17-54-44] Trying to find element: By.xpath: //ytd-topbar-menu-button-renderer[@class='style-scope ytd-masthead style-default']
17:55:33 [TestNG-test-Yt Master Tests-1] INFO  verifyingSideMenuLanguageAsInSettingsLingua_17-54-44 - [verifyingSideMenuLanguageAsInSettingsLingua_17-54-44] Element found and ready (attempt 1): By.xpath: //ytd-topbar-menu-button-renderer[@class='style-scope ytd-masthead style-default']
17:55:34 [TestNG-test-Yt Master Tests-1] INFO  verifyingSideMenuLanguageAsInSettingsLingua_17-54-44 - [verifyingSideMenuLanguageAsInSettingsLingua_17-54-44] Waiting until element is visible in viewport
17:55:34 [TestNG-test-Yt Master Tests-1] INFO  verifyingSideMenuLanguageAsInSettingsLingua_17-54-44 - Clicking settings ellipses button...
17:55:34 [TestNG-test-Yt Master Tests-1] INFO  verifyingSideMenuLanguageAsInSettingsLingua_17-54-44 - [verifyingSideMenuLanguageAsInSettingsLingua_17-54-44] Trying to find element: By.xpath: //ytd-topbar-menu-button-renderer[@class='style-scope ytd-masthead style-default']
17:55:35 [TestNG-test-Yt Master Tests-1] INFO  verifyingSideMenuLanguageAsInSettingsLingua_17-54-44 - [verifyingSideMenuLanguageAsInSettingsLingua_17-54-44] Element found and ready (attempt 1): By.xpath: //ytd-topbar-menu-button-renderer[@class='style-scope ytd-masthead style-default']
17:55:35 [TestNG-test-Yt Master Tests-1] INFO  verifyingSideMenuLanguageAsInSettingsLingua_17-54-44 - Fetching the side menu in expanded view
17:55:35 [TestNG-test-Yt Master Tests-1] INFO  verifyingSideMenuLanguageAsInSettingsLingua_17-54-44 - [verifyingSideMenuLanguageAsInSettingsLingua_17-54-44] Finding elements list: By.xpath: //ytd-guide-entry-renderer[@class='style-scope ytd-guide-section-renderer']
17:55:35 [TestNG-test-Yt Master Tests-1] INFO  verifyingSideMenuLanguageAsInSettingsLingua_17-54-44 - [verifyingSideMenuLanguageAsInSettingsLingua_17-54-44] Found 13 ready elements (attempt 1): By.xpath: //ytd-guide-entry-renderer[@class='style-scope ytd-guide-section-renderer']
17:55:36 [TestNG-test-Yt Master Tests-1] INFO  verifyingSideMenuLanguageAsInSettingsLingua_17-54-44 - 
========== LANGUAGE DETECTION ==========
Detected Language : ESTONIAN
Input Text        : Avaleht Shorts Tellimused Teie Ajalugu Muusika Filmid ja telesarjad Otse YouTube Premium YouTube TV YouTube Music YouTube Kids Teavituste ajalugu
========================================
17:55:36 [TestNG-test-Yt Master Tests-1] INFO  verifyingSideMenuLanguageAsInSettingsLingua_17-54-44 - getLangAttribute() - locating <html> and reading lang property
17:55:36 [TestNG-test-Yt Master Tests-1] INFO  verifyingSideMenuLanguageAsInSettingsLingua_17-54-44 - Language attribute read: et-EE
17:55:36 [TestNG-test-Yt Master Tests-1] INFO  verifyingSideMenuLanguageAsInSettingsLingua_17-54-44 - [verifyingSideMenuLanguageAsInSettingsLingua_17-54-44] ApplicableLanguage==  Eesti     Detected Language ==  ESTONIAN  Expected Language == ESTONIAN
17:55:36 [TestNG-test-Yt Master Tests-1] INFO  verifyingSideMenuLanguageAsInSettingsLingua_17-54-44 - Clicking settings ellipses button...
17:55:36 [TestNG-test-Yt Master Tests-1] INFO  verifyingSideMenuLanguageAsInSettingsLingua_17-54-44 - [verifyingSideMenuLanguageAsInSettingsLingua_17-54-44] Trying to find element: By.xpath: //ytd-topbar-menu-button-renderer[@class='style-scope ytd-masthead style-default']
17:55:36 [TestNG-test-Yt Master Tests-1] INFO  verifyingSideMenuLanguageAsInSettingsLingua_17-54-44 - [verifyingSideMenuLanguageAsInSettingsLingua_17-54-44] Element found and ready (attempt 1): By.xpath: //ytd-topbar-menu-button-renderer[@class='style-scope ytd-masthead style-default']
17:55:36 [TestNG-test-Yt Master Tests-1] INFO  verifyingSideMenuLanguageAsInSettingsLingua_17-54-44 - Clicking language dropdown...
17:55:36 [TestNG-test-Yt Master Tests-1] INFO  verifyingSideMenuLanguageAsInSettingsLingua_17-54-44 - [verifyingSideMenuLanguageAsInSettingsLingua_17-54-44] Trying to find element: By.xpath: (//div[@id='content-icon'])[2]
17:55:36 [TestNG-test-Yt Master Tests-1] INFO  verifyingSideMenuLanguageAsInSettingsLingua_17-54-44 - [verifyingSideMenuLanguageAsInSettingsLingua_17-54-44] Element found and ready (attempt 1): By.xpath: (//div[@id='content-icon'])[2]
17:55:37 [TestNG-test-Yt Master Tests-1] INFO  verifyingSideMenuLanguageAsInSettingsLingua_17-54-44 - Looking for language element with name: English (India)
17:55:37 [TestNG-test-Yt Master Tests-1] INFO  verifyingSideMenuLanguageAsInSettingsLingua_17-54-44 - [verifyingSideMenuLanguageAsInSettingsLingua_17-54-44] Trying to find element: By.xpath: //yt-multi-page-menu-section-renderer[@class='style-scope ytd-multi-page-menu-renderer']//yt-formatted-string[@id='label' and text()='English (India)']
17:55:37 [TestNG-test-Yt Master Tests-1] INFO  verifyingSideMenuLanguageAsInSettingsLingua_17-54-44 - [verifyingSideMenuLanguageAsInSettingsLingua_17-54-44] Element found and ready (attempt 1): By.xpath: //yt-multi-page-menu-section-renderer[@class='style-scope ytd-multi-page-menu-renderer']//yt-formatted-string[@id='label' and text()='English (India)']
17:55:37 [TestNG-test-Yt Master Tests-1] INFO  verifyingSideMenuLanguageAsInSettingsLingua_17-54-44 - [verifyingSideMenuLanguageAsInSettingsLingua_17-54-44] Trying to find element: By.xpath: //yt-multi-page-menu-section-renderer[@class='style-scope ytd-multi-page-menu-renderer']//yt-formatted-string[@id='label' and text()='English (India)']
17:55:37 [TestNG-test-Yt Master Tests-1] INFO  verifyingSideMenuLanguageAsInSettingsLingua_17-54-44 - [verifyingSideMenuLanguageAsInSettingsLingua_17-54-44] Element found and ready (attempt 1): By.xpath: //yt-multi-page-menu-section-renderer[@class='style-scope ytd-multi-page-menu-renderer']//yt-formatted-string[@id='label' and text()='English (India)']
17:55:38 [TestNG-test-Yt Master Tests-1] INFO  verifyingSideMenuLanguageAsInSettingsLingua_17-54-44 - Clicking settings ellipses button...
17:55:39 [TestNG-test-Yt Master Tests-1] INFO  verifyingSideMenuLanguageAsInSettingsLingua_17-54-44 - [verifyingSideMenuLanguageAsInSettingsLingua_17-54-44] Trying to find element: By.xpath: //ytd-topbar-menu-button-renderer[@class='style-scope ytd-masthead style-default']
17:55:39 [TestNG-test-Yt Master Tests-1] INFO  verifyingSideMenuLanguageAsInSettingsLingua_17-54-44 - [verifyingSideMenuLanguageAsInSettingsLingua_17-54-44] Element found and ready (attempt 1): By.xpath: //ytd-topbar-menu-button-renderer[@class='style-scope ytd-masthead style-default']
17:55:39 [TestNG-test-Yt Master Tests-1] INFO  verifyingSideMenuLanguageAsInSettingsLingua_17-54-44 - [verifyingSideMenuLanguageAsInSettingsLingua_17-54-44] Waiting until element is visible in viewport
17:55:40 [TestNG-test-Yt Master Tests-1] INFO  verifyingSideMenuLanguageAsInSettingsLingua_17-54-44 - Clicking settings ellipses button...
17:55:40 [TestNG-test-Yt Master Tests-1] INFO  verifyingSideMenuLanguageAsInSettingsLingua_17-54-44 - [verifyingSideMenuLanguageAsInSettingsLingua_17-54-44] Trying to find element: By.xpath: //ytd-topbar-menu-button-renderer[@class='style-scope ytd-masthead style-default']
17:55:40 [TestNG-test-Yt Master Tests-1] INFO  verifyingSideMenuLanguageAsInSettingsLingua_17-54-44 - [verifyingSideMenuLanguageAsInSettingsLingua_17-54-44] Element found and ready (attempt 1): By.xpath: //ytd-topbar-menu-button-renderer[@class='style-scope ytd-masthead style-default']
17:55:40 [TestNG-test-Yt Master Tests-1] INFO  verifyingSideMenuLanguageAsInSettingsLingua_17-54-44 - Fetching the side menu in expanded view
17:55:40 [TestNG-test-Yt Master Tests-1] INFO  verifyingSideMenuLanguageAsInSettingsLingua_17-54-44 - [verifyingSideMenuLanguageAsInSettingsLingua_17-54-44] Finding elements list: By.xpath: //ytd-guide-entry-renderer[@class='style-scope ytd-guide-section-renderer']
17:55:40 [TestNG-test-Yt Master Tests-1] INFO  verifyingSideMenuLanguageAsInSettingsLingua_17-54-44 - [verifyingSideMenuLanguageAsInSettingsLingua_17-54-44] Found 13 ready elements (attempt 1): By.xpath: //ytd-guide-entry-renderer[@class='style-scope ytd-guide-section-renderer']
17:55:40 [TestNG-test-Yt Master Tests-1] INFO  verifyingSideMenuLanguageAsInSettingsLingua_17-54-44 - 
========== LANGUAGE DETECTION ==========
Detected Language : ENGLISH
Input Text        : Home Shorts Subscriptions You History Shopping Music Movies & TV YouTube Premium YouTube TV YouTube Music YouTube Kids Report history
========================================
17:55:40 [TestNG-test-Yt Master Tests-1] INFO  verifyingSideMenuLanguageAsInSettingsLingua_17-54-44 - getLangAttribute() - locating <html> and reading lang property
17:55:40 [TestNG-test-Yt Master Tests-1] INFO  verifyingSideMenuLanguageAsInSettingsLingua_17-54-44 - Language attribute read: en-IN
17:55:40 [TestNG-test-Yt Master Tests-1] INFO  verifyingSideMenuLanguageAsInSettingsLingua_17-54-44 - [verifyingSideMenuLanguageAsInSettingsLingua_17-54-44] ApplicableLanguage==  English (India)     Detected Language ==  ENGLISH  Expected Language == ENGLISH
17:55:40 [TestNG-test-Yt Master Tests-1] INFO  verifyingSideMenuLanguageAsInSettingsLingua_17-54-44 - Clicking settings ellipses button...
17:55:40 [TestNG-test-Yt Master Tests-1] INFO  verifyingSideMenuLanguageAsInSettingsLingua_17-54-44 - [verifyingSideMenuLanguageAsInSettingsLingua_17-54-44] Trying to find element: By.xpath: //ytd-topbar-menu-button-renderer[@class='style-scope ytd-masthead style-default']
17:55:40 [TestNG-test-Yt Master Tests-1] INFO  verifyingSideMenuLanguageAsInSettingsLingua_17-54-44 - [verifyingSideMenuLanguageAsInSettingsLingua_17-54-44] Element found and ready (attempt 1): By.xpath: //ytd-topbar-menu-button-renderer[@class='style-scope ytd-masthead style-default']
17:55:40 [TestNG-test-Yt Master Tests-1] INFO  verifyingSideMenuLanguageAsInSettingsLingua_17-54-44 - Clicking language dropdown...
17:55:40 [TestNG-test-Yt Master Tests-1] INFO  verifyingSideMenuLanguageAsInSettingsLingua_17-54-44 - [verifyingSideMenuLanguageAsInSettingsLingua_17-54-44] Trying to find element: By.xpath: (//div[@id='content-icon'])[2]
17:55:41 [TestNG-test-Yt Master Tests-1] INFO  verifyingSideMenuLanguageAsInSettingsLingua_17-54-44 - [verifyingSideMenuLanguageAsInSettingsLingua_17-54-44] Element found and ready (attempt 1): By.xpath: (//div[@id='content-icon'])[2]
17:55:41 [TestNG-test-Yt Master Tests-1] INFO  verifyingSideMenuLanguageAsInSettingsLingua_17-54-44 - [verifyingSideMenuLanguageAsInSettingsLingua_17-54-44] Not retrying test 'verifyingSideMenuLanguageAsInSettingsLingua'. Retry count: 0, Cause: The following asserts failed:
	Page title mismatch for language=Afrikaans expected [AFRIKAANS] but found [DUTCH],
	Page title mismatch for language=Bahasa Indonesia expected [INDONESIAN] but found [ENGLISH],
	Page title mismatch for language=Bosanski expected [CROATIAN] but found [BOSNIAN]
