20:47:11 [TestNG-test-Yt Master Tests-2] INFO  verifyingSideMenuCollapsedLangAsInSettings_20-47-11 - No existing WebDriver found for current thread. Initializing a new ChromeDriver...
20:47:11 [TestNG-test-Yt Master Tests-2] INFO  verifyingSideMenuCollapsedLangAsInSettings_20-47-11 - WebDriverManager: chromedriver setup OK
20:47:13 [TestNG-test-Yt Master Tests-2] INFO  verifyingSideMenuCollapsedLangAsInSettings_20-47-11 - ChromeDriver initialized successfully for thread: 35
20:47:13 [TestNG-test-Yt Master Tests-2] INFO  verifyingSideMenuCollapsedLangAsInSettings_20-47-11 - SafeActions initialized with driver ChromeDriver: chrome on windows (c25d2f81c996e92107706fae887d1ecf)
20:47:13 [TestNG-test-Yt Master Tests-2] INFO  verifyingSideMenuCollapsedLangAsInSettings_20-47-11 - Initialized YtLandingPage with driver: ChromeDriver: chrome on windows (c25d2f81c996e92107706fae887d1ecf)
20:47:13 [TestNG-test-Yt Master Tests-2] INFO  verifyingSideMenuCollapsedLangAsInSettings_20-47-11 - SafeActions initialized with driver ChromeDriver: chrome on windows (c25d2f81c996e92107706fae887d1ecf)
20:47:16 [TestNG-test-Yt Master Tests-2] INFO  verifyingSideMenuCollapsedLangAsInSettings_20-47-11 - Opened YouTube landing page.
20:47:16 [TestNG-test-Yt Master Tests-2] INFO  verifyingSideMenuCollapsedLangAsInSettings_20-47-11 - Clicking left ellipses in the landing page
20:47:16 [TestNG-test-Yt Master Tests-2] INFO  verifyingSideMenuCollapsedLangAsInSettings_20-47-11 - [verifyingSideMenuCollapsedLangAsInSettings_20-47-11] Trying to find element: By.xpath: //ytd-topbar-logo-renderer[@id='logo']/preceding-sibling::*[@id='guide-button']
20:47:16 [TestNG-test-Yt Master Tests-2] INFO  verifyingSideMenuCollapsedLangAsInSettings_20-47-11 - [verifyingSideMenuCollapsedLangAsInSettings_20-47-11] Element found and ready (attempt 1): By.xpath: //ytd-topbar-logo-renderer[@id='logo']/preceding-sibling::*[@id='guide-button']
20:47:17 [TestNG-test-Yt Master Tests-2] INFO  verifyingSideMenuCollapsedLangAsInSettings_20-47-11 - Clicking settings ellipses button...
20:47:17 [TestNG-test-Yt Master Tests-2] INFO  verifyingSideMenuCollapsedLangAsInSettings_20-47-11 - [verifyingSideMenuCollapsedLangAsInSettings_20-47-11] Trying to find element: By.xpath: //ytd-topbar-menu-button-renderer[@class='style-scope ytd-masthead style-default']
20:47:17 [TestNG-test-Yt Master Tests-2] INFO  verifyingSideMenuCollapsedLangAsInSettings_20-47-11 - [verifyingSideMenuCollapsedLangAsInSettings_20-47-11] Element found and ready (attempt 1): By.xpath: //ytd-topbar-menu-button-renderer[@class='style-scope ytd-masthead style-default']
20:47:18 [TestNG-test-Yt Master Tests-2] WARN  verifyingSideMenuCollapsedLangAsInSettings_20-47-11 - [verifyingSideMenuCollapsedLangAsInSettings_20-47-11] Retrying test 'verifyingSideMenuCollapsedLangAsInSettings' (attempt 1) due to: element click intercepted: Element <ytd-topbar-menu-button-renderer class="style-scope ytd-masthead style-default" use-keyboard-focused="" masthead-container="" is-icon-button="" has-no-text="">...</ytd-topbar-menu-button-renderer> is not clickable at point (864, 28). Other element would receive the click: <div id="scrim" class="style-scope tp-yt-app-drawer visible" style="transition-duration: 200ms;"></div>
  (Session info: chrome=152.0.7977.83)
Build info: version: '4.27.0', revision: 'd6e718d134'
System info: os.name: 'Windows Server 2025', os.arch: 'amd64', os.version: '10.0', java.version: '24.0.2'
Driver info: org.openqa.selenium.chrome.ChromeDriver
Command: [c25d2f81c996e92107706fae887d1ecf, clickElement {id=f.452E3D39F4B9A837D82C99DC654E32D3.d.DB59C33B20C7863FAFAA25CDE42CDA8B.e.16}]
Capabilities {acceptInsecureCerts: false, browserName: chrome, browserVersion: 152.0.7977.83, chrome: {chromedriverVersion: 152.0.7977.82 (d04cdb24d67b..., userDataDir: C:\Windows\SystemTemp\scope...}, fedcm:accounts: true, goog:chromeOptions: {debuggerAddress: localhost:59893}, goog:processID: 6132, networkConnectionEnabled: false, pageLoadStrategy: normal, platformName: windows, proxy: Proxy(), se:cdp: ws://localhost:59893/devtoo..., se:cdpVersion: 152.0.7977.83, setWindowRect: true, strictFileInteractability: false, timeouts: {implicit: 0, pageLoad: 300000, script: 30000}, unhandledPromptBehavior: dismiss and notify, webauthn:extension:credBlob: true, webauthn:extension:largeBlob: true, webauthn:extension:minPinLength: true, webauthn:extension:prf: true, webauthn:virtualAuthenticators: true}
Element: [[ChromeDriver: chrome on windows (c25d2f81c996e92107706fae887d1ecf)] -> xpath: //ytd-topbar-menu-button-renderer[@class='style-scope ytd-masthead style-default']]
Session ID: c25d2f81c996e92107706fae887d1ecf
