18:51:22 [TestNG-test-Yt Master Tests-2] INFO  verifyingSideMenuCollapsedLangAsInSettingsLingua_18-51-22 - No existing WebDriver found for current thread. Initializing a new ChromeDriver...
18:51:22 [TestNG-test-Yt Master Tests-2] INFO  verifyingSideMenuCollapsedLangAsInSettingsLingua_18-51-22 - WebDriverManager: chromedriver setup OK
18:51:26 [TestNG-test-Yt Master Tests-2] INFO  verifyingSideMenuCollapsedLangAsInSettingsLingua_18-51-22 - ChromeDriver initialized successfully for thread: 35
18:51:26 [TestNG-test-Yt Master Tests-2] INFO  verifyingSideMenuCollapsedLangAsInSettingsLingua_18-51-22 - SafeActions initialized with driver ChromeDriver: chrome on windows (68d39d94c92d7458f8ff4b017d26552e)
18:51:26 [TestNG-test-Yt Master Tests-2] INFO  verifyingSideMenuCollapsedLangAsInSettingsLingua_18-51-22 - Initialized YtLandingPage with driver: ChromeDriver: chrome on windows (68d39d94c92d7458f8ff4b017d26552e)
18:51:26 [TestNG-test-Yt Master Tests-2] INFO  verifyingSideMenuCollapsedLangAsInSettingsLingua_18-51-22 - SafeActions initialized with driver ChromeDriver: chrome on windows (68d39d94c92d7458f8ff4b017d26552e)
18:51:32 [TestNG-test-Yt Master Tests-2] INFO  verifyingSideMenuCollapsedLangAsInSettingsLingua_18-51-22 - Opened YouTube landing page.
18:51:32 [TestNG-test-Yt Master Tests-2] INFO  verifyingSideMenuCollapsedLangAsInSettingsLingua_18-51-22 - Clicking left ellipses in the landing page
18:51:32 [TestNG-test-Yt Master Tests-2] INFO  verifyingSideMenuCollapsedLangAsInSettingsLingua_18-51-22 - [verifyingSideMenuCollapsedLangAsInSettingsLingua_18-51-22] Trying to find element: By.xpath: //ytd-topbar-logo-renderer[@id='logo']/preceding-sibling::*[@id='guide-button']
18:51:32 [TestNG-test-Yt Master Tests-2] INFO  verifyingSideMenuCollapsedLangAsInSettingsLingua_18-51-22 - [verifyingSideMenuCollapsedLangAsInSettingsLingua_18-51-22] Element found and ready (attempt 1): By.xpath: //ytd-topbar-logo-renderer[@id='logo']/preceding-sibling::*[@id='guide-button']
18:51:32 [TestNG-test-Yt Master Tests-2] INFO  verifyingSideMenuCollapsedLangAsInSettingsLingua_18-51-22 - Clicking settings ellipses button...
18:51:32 [TestNG-test-Yt Master Tests-2] INFO  verifyingSideMenuCollapsedLangAsInSettingsLingua_18-51-22 - [verifyingSideMenuCollapsedLangAsInSettingsLingua_18-51-22] Trying to find element: By.xpath: //ytd-topbar-menu-button-renderer[@class='style-scope ytd-masthead style-default']
18:51:32 [TestNG-test-Yt Master Tests-2] INFO  verifyingSideMenuCollapsedLangAsInSettingsLingua_18-51-22 - [verifyingSideMenuCollapsedLangAsInSettingsLingua_18-51-22] Element found and ready (attempt 1): By.xpath: //ytd-topbar-menu-button-renderer[@class='style-scope ytd-masthead style-default']
18:51:32 [TestNG-test-Yt Master Tests-2] INFO  verifyingSideMenuCollapsedLangAsInSettingsLingua_18-51-22 - Clicking language dropdown...
18:51:32 [TestNG-test-Yt Master Tests-2] INFO  verifyingSideMenuCollapsedLangAsInSettingsLingua_18-51-22 - [verifyingSideMenuCollapsedLangAsInSettingsLingua_18-51-22] Trying to find element: By.xpath: (//div[@id='content-icon'])[2]
18:51:33 [TestNG-test-Yt Master Tests-2] INFO  verifyingSideMenuCollapsedLangAsInSettingsLingua_18-51-22 - [verifyingSideMenuCollapsedLangAsInSettingsLingua_18-51-22] Element found and ready (attempt 1): By.xpath: (//div[@id='content-icon'])[2]
18:51:33 [TestNG-test-Yt Master Tests-2] INFO  verifyingSideMenuCollapsedLangAsInSettingsLingua_18-51-22 - [verifyingSideMenuCollapsedLangAsInSettingsLingua_18-51-22] Execution is Not CRON Job Hence refering to normal keys from UtilData
18:51:33 [TestNG-test-Yt Master Tests-2] INFO  verifyingSideMenuCollapsedLangAsInSettingsLingua_18-51-22 - Looking for language element with name: Afrikaans
18:51:33 [TestNG-test-Yt Master Tests-2] INFO  verifyingSideMenuCollapsedLangAsInSettingsLingua_18-51-22 - [verifyingSideMenuCollapsedLangAsInSettingsLingua_18-51-22] Trying to find element: By.xpath: //yt-multi-page-menu-section-renderer[@class='style-scope ytd-multi-page-menu-renderer']//yt-formatted-string[@id='label' and text()='Afrikaans']
18:51:33 [TestNG-test-Yt Master Tests-2] INFO  verifyingSideMenuCollapsedLangAsInSettingsLingua_18-51-22 - [verifyingSideMenuCollapsedLangAsInSettingsLingua_18-51-22] Element found and ready (attempt 1): By.xpath: //yt-multi-page-menu-section-renderer[@class='style-scope ytd-multi-page-menu-renderer']//yt-formatted-string[@id='label' and text()='Afrikaans']
18:51:33 [TestNG-test-Yt Master Tests-2] INFO  verifyingSideMenuCollapsedLangAsInSettingsLingua_18-51-22 - [verifyingSideMenuCollapsedLangAsInSettingsLingua_18-51-22] Trying to find element: By.xpath: //yt-multi-page-menu-section-renderer[@class='style-scope ytd-multi-page-menu-renderer']//yt-formatted-string[@id='label' and text()='Afrikaans']
18:51:34 [TestNG-test-Yt Master Tests-2] INFO  verifyingSideMenuCollapsedLangAsInSettingsLingua_18-51-22 - [verifyingSideMenuCollapsedLangAsInSettingsLingua_18-51-22] Element found and ready (attempt 1): By.xpath: //yt-multi-page-menu-section-renderer[@class='style-scope ytd-multi-page-menu-renderer']//yt-formatted-string[@id='label' and text()='Afrikaans']
18:51:36 [TestNG-test-Yt Master Tests-2] INFO  verifyingSideMenuCollapsedLangAsInSettingsLingua_18-51-22 - Clicking settings ellipses button...
18:51:36 [TestNG-test-Yt Master Tests-2] INFO  verifyingSideMenuCollapsedLangAsInSettingsLingua_18-51-22 - [verifyingSideMenuCollapsedLangAsInSettingsLingua_18-51-22] Trying to find element: By.xpath: //ytd-topbar-menu-button-renderer[@class='style-scope ytd-masthead style-default']
18:51:36 [TestNG-test-Yt Master Tests-2] INFO  verifyingSideMenuCollapsedLangAsInSettingsLingua_18-51-22 - [verifyingSideMenuCollapsedLangAsInSettingsLingua_18-51-22] Element found and ready (attempt 1): By.xpath: //ytd-topbar-menu-button-renderer[@class='style-scope ytd-masthead style-default']
18:51:36 [TestNG-test-Yt Master Tests-2] INFO  verifyingSideMenuCollapsedLangAsInSettingsLingua_18-51-22 - [verifyingSideMenuCollapsedLangAsInSettingsLingua_18-51-22] Waiting until element is visible in viewport
18:51:37 [TestNG-test-Yt Master Tests-2] INFO  verifyingSideMenuCollapsedLangAsInSettingsLingua_18-51-22 - Clicking settings ellipses button...
18:51:37 [TestNG-test-Yt Master Tests-2] INFO  verifyingSideMenuCollapsedLangAsInSettingsLingua_18-51-22 - [verifyingSideMenuCollapsedLangAsInSettingsLingua_18-51-22] Trying to find element: By.xpath: //ytd-topbar-menu-button-renderer[@class='style-scope ytd-masthead style-default']
18:51:37 [TestNG-test-Yt Master Tests-2] INFO  verifyingSideMenuCollapsedLangAsInSettingsLingua_18-51-22 - [verifyingSideMenuCollapsedLangAsInSettingsLingua_18-51-22] Element found and ready (attempt 1): By.xpath: //ytd-topbar-menu-button-renderer[@class='style-scope ytd-masthead style-default']
18:51:38 [TestNG-test-Yt Master Tests-2] INFO  verifyingSideMenuCollapsedLangAsInSettingsLingua_18-51-22 - getLangAttribute() - locating <html> and reading lang property
18:51:38 [TestNG-test-Yt Master Tests-2] INFO  verifyingSideMenuCollapsedLangAsInSettingsLingua_18-51-22 - Language attribute read: af-ZA
18:51:38 [TestNG-test-Yt Master Tests-2] INFO  verifyingSideMenuCollapsedLangAsInSettingsLingua_18-51-22 - Fetching the side menu in collapsed view
18:51:38 [TestNG-test-Yt Master Tests-2] INFO  verifyingSideMenuCollapsedLangAsInSettingsLingua_18-51-22 - [verifyingSideMenuCollapsedLangAsInSettingsLingua_18-51-22] Finding elements list: By.xpath: //ytd-mini-guide-renderer[@class='style-scope ytd-app']//ytd-mini-guide-entry-renderer
18:51:38 [TestNG-test-Yt Master Tests-2] INFO  verifyingSideMenuCollapsedLangAsInSettingsLingua_18-51-22 - [verifyingSideMenuCollapsedLangAsInSettingsLingua_18-51-22] Found 4 ready elements (attempt 1): By.xpath: //ytd-mini-guide-renderer[@class='style-scope ytd-app']//ytd-mini-guide-entry-renderer
18:51:43 [TestNG-test-Yt Master Tests-2] INFO  verifyingSideMenuCollapsedLangAsInSettingsLingua_18-51-22 - 
========== LANGUAGE DETECTION ==========
Detected Language : AFRIKAANS
Input Text        : Tuis Kortvideo's Intekeninge Myne
========================================
18:51:43 [TestNG-test-Yt Master Tests-2] INFO  verifyingSideMenuCollapsedLangAsInSettingsLingua_18-51-22 - text sent to lingua is       Tuis Kortvideo's Intekeninge Myne
18:51:43 [TestNG-test-Yt Master Tests-2] INFO  verifyingSideMenuCollapsedLangAsInSettingsLingua_18-51-22 - getLangAttribute() - locating <html> and reading lang property
18:51:44 [TestNG-test-Yt Master Tests-2] INFO  verifyingSideMenuCollapsedLangAsInSettingsLingua_18-51-22 - Language attribute read: af-ZA
18:51:44 [TestNG-test-Yt Master Tests-2] INFO  verifyingSideMenuCollapsedLangAsInSettingsLingua_18-51-22 - Clicking settings ellipses button...
18:51:44 [TestNG-test-Yt Master Tests-2] INFO  verifyingSideMenuCollapsedLangAsInSettingsLingua_18-51-22 - [verifyingSideMenuCollapsedLangAsInSettingsLingua_18-51-22] Trying to find element: By.xpath: //ytd-topbar-menu-button-renderer[@class='style-scope ytd-masthead style-default']
18:51:44 [TestNG-test-Yt Master Tests-2] INFO  verifyingSideMenuCollapsedLangAsInSettingsLingua_18-51-22 - [verifyingSideMenuCollapsedLangAsInSettingsLingua_18-51-22] Element found and ready (attempt 1): By.xpath: //ytd-topbar-menu-button-renderer[@class='style-scope ytd-masthead style-default']
18:51:44 [TestNG-test-Yt Master Tests-2] INFO  verifyingSideMenuCollapsedLangAsInSettingsLingua_18-51-22 - Clicking language dropdown...
18:51:44 [TestNG-test-Yt Master Tests-2] INFO  verifyingSideMenuCollapsedLangAsInSettingsLingua_18-51-22 - [verifyingSideMenuCollapsedLangAsInSettingsLingua_18-51-22] Trying to find element: By.xpath: (//div[@id='content-icon'])[2]
18:51:45 [TestNG-test-Yt Master Tests-2] INFO  verifyingSideMenuCollapsedLangAsInSettingsLingua_18-51-22 - [verifyingSideMenuCollapsedLangAsInSettingsLingua_18-51-22] Element found and ready (attempt 1): By.xpath: (//div[@id='content-icon'])[2]
18:51:45 [TestNG-test-Yt Master Tests-2] INFO  verifyingSideMenuCollapsedLangAsInSettingsLingua_18-51-22 - Looking for language element with name: Azərbaycan
18:51:45 [TestNG-test-Yt Master Tests-2] INFO  verifyingSideMenuCollapsedLangAsInSettingsLingua_18-51-22 - [verifyingSideMenuCollapsedLangAsInSettingsLingua_18-51-22] Trying to find element: By.xpath: //yt-multi-page-menu-section-renderer[@class='style-scope ytd-multi-page-menu-renderer']//yt-formatted-string[@id='label' and text()='Azərbaycan']
18:51:45 [TestNG-test-Yt Master Tests-2] INFO  verifyingSideMenuCollapsedLangAsInSettingsLingua_18-51-22 - [verifyingSideMenuCollapsedLangAsInSettingsLingua_18-51-22] Element found and ready (attempt 1): By.xpath: //yt-multi-page-menu-section-renderer[@class='style-scope ytd-multi-page-menu-renderer']//yt-formatted-string[@id='label' and text()='Azərbaycan']
18:51:45 [TestNG-test-Yt Master Tests-2] INFO  verifyingSideMenuCollapsedLangAsInSettingsLingua_18-51-22 - [verifyingSideMenuCollapsedLangAsInSettingsLingua_18-51-22] Trying to find element: By.xpath: //yt-multi-page-menu-section-renderer[@class='style-scope ytd-multi-page-menu-renderer']//yt-formatted-string[@id='label' and text()='Azərbaycan']
18:51:45 [TestNG-test-Yt Master Tests-2] INFO  verifyingSideMenuCollapsedLangAsInSettingsLingua_18-51-22 - [verifyingSideMenuCollapsedLangAsInSettingsLingua_18-51-22] Element found and ready (attempt 1): By.xpath: //yt-multi-page-menu-section-renderer[@class='style-scope ytd-multi-page-menu-renderer']//yt-formatted-string[@id='label' and text()='Azərbaycan']
18:51:47 [TestNG-test-Yt Master Tests-2] INFO  verifyingSideMenuCollapsedLangAsInSettingsLingua_18-51-22 - Clicking settings ellipses button...
18:51:47 [TestNG-test-Yt Master Tests-2] INFO  verifyingSideMenuCollapsedLangAsInSettingsLingua_18-51-22 - [verifyingSideMenuCollapsedLangAsInSettingsLingua_18-51-22] Trying to find element: By.xpath: //ytd-topbar-menu-button-renderer[@class='style-scope ytd-masthead style-default']
18:51:47 [TestNG-test-Yt Master Tests-2] INFO  verifyingSideMenuCollapsedLangAsInSettingsLingua_18-51-22 - [verifyingSideMenuCollapsedLangAsInSettingsLingua_18-51-22] Element found and ready (attempt 1): By.xpath: //ytd-topbar-menu-button-renderer[@class='style-scope ytd-masthead style-default']
18:51:47 [TestNG-test-Yt Master Tests-2] INFO  verifyingSideMenuCollapsedLangAsInSettingsLingua_18-51-22 - [verifyingSideMenuCollapsedLangAsInSettingsLingua_18-51-22] Waiting until element is visible in viewport
18:51:48 [TestNG-test-Yt Master Tests-2] INFO  verifyingSideMenuCollapsedLangAsInSettingsLingua_18-51-22 - Clicking settings ellipses button...
18:51:48 [TestNG-test-Yt Master Tests-2] INFO  verifyingSideMenuCollapsedLangAsInSettingsLingua_18-51-22 - [verifyingSideMenuCollapsedLangAsInSettingsLingua_18-51-22] Trying to find element: By.xpath: //ytd-topbar-menu-button-renderer[@class='style-scope ytd-masthead style-default']
18:51:48 [TestNG-test-Yt Master Tests-2] INFO  verifyingSideMenuCollapsedLangAsInSettingsLingua_18-51-22 - [verifyingSideMenuCollapsedLangAsInSettingsLingua_18-51-22] Element found and ready (attempt 1): By.xpath: //ytd-topbar-menu-button-renderer[@class='style-scope ytd-masthead style-default']
18:51:48 [TestNG-test-Yt Master Tests-2] INFO  verifyingSideMenuCollapsedLangAsInSettingsLingua_18-51-22 - getLangAttribute() - locating <html> and reading lang property
18:51:48 [TestNG-test-Yt Master Tests-2] INFO  verifyingSideMenuCollapsedLangAsInSettingsLingua_18-51-22 - Language attribute read: az-Latn-AZ
18:51:48 [TestNG-test-Yt Master Tests-2] INFO  verifyingSideMenuCollapsedLangAsInSettingsLingua_18-51-22 - Fetching the side menu in collapsed view
18:51:48 [TestNG-test-Yt Master Tests-2] INFO  verifyingSideMenuCollapsedLangAsInSettingsLingua_18-51-22 - [verifyingSideMenuCollapsedLangAsInSettingsLingua_18-51-22] Finding elements list: By.xpath: //ytd-mini-guide-renderer[@class='style-scope ytd-app']//ytd-mini-guide-entry-renderer
18:51:48 [TestNG-test-Yt Master Tests-2] INFO  verifyingSideMenuCollapsedLangAsInSettingsLingua_18-51-22 - [verifyingSideMenuCollapsedLangAsInSettingsLingua_18-51-22] Found 4 ready elements (attempt 1): By.xpath: //ytd-mini-guide-renderer[@class='style-scope ytd-app']//ytd-mini-guide-entry-renderer
18:51:49 [TestNG-test-Yt Master Tests-2] INFO  verifyingSideMenuCollapsedLangAsInSettingsLingua_18-51-22 - 
========== LANGUAGE DETECTION ==========
Detected Language : TURKISH
Input Text        : Ev Shorts Abunəliklər Siz
========================================
18:51:49 [TestNG-test-Yt Master Tests-2] INFO  verifyingSideMenuCollapsedLangAsInSettingsLingua_18-51-22 - text sent to lingua is       Ev Shorts Abunəliklər Siz
18:51:49 [TestNG-test-Yt Master Tests-2] INFO  verifyingSideMenuCollapsedLangAsInSettingsLingua_18-51-22 - getLangAttribute() - locating <html> and reading lang property
18:51:49 [TestNG-test-Yt Master Tests-2] INFO  verifyingSideMenuCollapsedLangAsInSettingsLingua_18-51-22 - Language attribute read: az-Latn-AZ
18:51:49 [TestNG-test-Yt Master Tests-2] INFO  verifyingSideMenuCollapsedLangAsInSettingsLingua_18-51-22 - Clicking settings ellipses button...
18:51:49 [TestNG-test-Yt Master Tests-2] INFO  verifyingSideMenuCollapsedLangAsInSettingsLingua_18-51-22 - [verifyingSideMenuCollapsedLangAsInSettingsLingua_18-51-22] Trying to find element: By.xpath: //ytd-topbar-menu-button-renderer[@class='style-scope ytd-masthead style-default']
18:51:49 [TestNG-test-Yt Master Tests-2] INFO  verifyingSideMenuCollapsedLangAsInSettingsLingua_18-51-22 - [verifyingSideMenuCollapsedLangAsInSettingsLingua_18-51-22] Element found and ready (attempt 1): By.xpath: //ytd-topbar-menu-button-renderer[@class='style-scope ytd-masthead style-default']
18:51:49 [TestNG-test-Yt Master Tests-2] INFO  verifyingSideMenuCollapsedLangAsInSettingsLingua_18-51-22 - Clicking language dropdown...
18:51:49 [TestNG-test-Yt Master Tests-2] INFO  verifyingSideMenuCollapsedLangAsInSettingsLingua_18-51-22 - [verifyingSideMenuCollapsedLangAsInSettingsLingua_18-51-22] Trying to find element: By.xpath: (//div[@id='content-icon'])[2]
18:51:49 [TestNG-test-Yt Master Tests-2] INFO  verifyingSideMenuCollapsedLangAsInSettingsLingua_18-51-22 - [verifyingSideMenuCollapsedLangAsInSettingsLingua_18-51-22] Element found and ready (attempt 1): By.xpath: (//div[@id='content-icon'])[2]
18:51:50 [TestNG-test-Yt Master Tests-2] INFO  verifyingSideMenuCollapsedLangAsInSettingsLingua_18-51-22 - Looking for language element with name: Bahasa Indonesia
18:51:50 [TestNG-test-Yt Master Tests-2] INFO  verifyingSideMenuCollapsedLangAsInSettingsLingua_18-51-22 - [verifyingSideMenuCollapsedLangAsInSettingsLingua_18-51-22] Trying to find element: By.xpath: //yt-multi-page-menu-section-renderer[@class='style-scope ytd-multi-page-menu-renderer']//yt-formatted-string[@id='label' and text()='Bahasa Indonesia']
18:51:50 [TestNG-test-Yt Master Tests-2] INFO  verifyingSideMenuCollapsedLangAsInSettingsLingua_18-51-22 - [verifyingSideMenuCollapsedLangAsInSettingsLingua_18-51-22] Element found and ready (attempt 1): By.xpath: //yt-multi-page-menu-section-renderer[@class='style-scope ytd-multi-page-menu-renderer']//yt-formatted-string[@id='label' and text()='Bahasa Indonesia']
18:51:50 [TestNG-test-Yt Master Tests-2] INFO  verifyingSideMenuCollapsedLangAsInSettingsLingua_18-51-22 - [verifyingSideMenuCollapsedLangAsInSettingsLingua_18-51-22] Trying to find element: By.xpath: //yt-multi-page-menu-section-renderer[@class='style-scope ytd-multi-page-menu-renderer']//yt-formatted-string[@id='label' and text()='Bahasa Indonesia']
18:51:50 [TestNG-test-Yt Master Tests-2] INFO  verifyingSideMenuCollapsedLangAsInSettingsLingua_18-51-22 - [verifyingSideMenuCollapsedLangAsInSettingsLingua_18-51-22] Element found and ready (attempt 1): By.xpath: //yt-multi-page-menu-section-renderer[@class='style-scope ytd-multi-page-menu-renderer']//yt-formatted-string[@id='label' and text()='Bahasa Indonesia']
18:51:51 [TestNG-test-Yt Master Tests-2] INFO  verifyingSideMenuCollapsedLangAsInSettingsLingua_18-51-22 - Clicking settings ellipses button...
18:51:51 [TestNG-test-Yt Master Tests-2] INFO  verifyingSideMenuCollapsedLangAsInSettingsLingua_18-51-22 - [verifyingSideMenuCollapsedLangAsInSettingsLingua_18-51-22] Trying to find element: By.xpath: //ytd-topbar-menu-button-renderer[@class='style-scope ytd-masthead style-default']
18:51:51 [TestNG-test-Yt Master Tests-2] INFO  verifyingSideMenuCollapsedLangAsInSettingsLingua_18-51-22 - [verifyingSideMenuCollapsedLangAsInSettingsLingua_18-51-22] Element found and ready (attempt 1): By.xpath: //ytd-topbar-menu-button-renderer[@class='style-scope ytd-masthead style-default']
18:51:51 [TestNG-test-Yt Master Tests-2] INFO  verifyingSideMenuCollapsedLangAsInSettingsLingua_18-51-22 - [verifyingSideMenuCollapsedLangAsInSettingsLingua_18-51-22] Waiting until element is visible in viewport
18:51:52 [TestNG-test-Yt Master Tests-2] INFO  verifyingSideMenuCollapsedLangAsInSettingsLingua_18-51-22 - Clicking settings ellipses button...
18:51:52 [TestNG-test-Yt Master Tests-2] INFO  verifyingSideMenuCollapsedLangAsInSettingsLingua_18-51-22 - [verifyingSideMenuCollapsedLangAsInSettingsLingua_18-51-22] Trying to find element: By.xpath: //ytd-topbar-menu-button-renderer[@class='style-scope ytd-masthead style-default']
18:51:52 [TestNG-test-Yt Master Tests-2] INFO  verifyingSideMenuCollapsedLangAsInSettingsLingua_18-51-22 - [verifyingSideMenuCollapsedLangAsInSettingsLingua_18-51-22] Element found and ready (attempt 1): By.xpath: //ytd-topbar-menu-button-renderer[@class='style-scope ytd-masthead style-default']
18:51:53 [TestNG-test-Yt Master Tests-2] INFO  verifyingSideMenuCollapsedLangAsInSettingsLingua_18-51-22 - getLangAttribute() - locating <html> and reading lang property
18:51:53 [TestNG-test-Yt Master Tests-2] INFO  verifyingSideMenuCollapsedLangAsInSettingsLingua_18-51-22 - Language attribute read: id-ID
18:51:53 [TestNG-test-Yt Master Tests-2] INFO  verifyingSideMenuCollapsedLangAsInSettingsLingua_18-51-22 - Fetching the side menu in collapsed view
18:51:53 [TestNG-test-Yt Master Tests-2] INFO  verifyingSideMenuCollapsedLangAsInSettingsLingua_18-51-22 - [verifyingSideMenuCollapsedLangAsInSettingsLingua_18-51-22] Finding elements list: By.xpath: //ytd-mini-guide-renderer[@class='style-scope ytd-app']//ytd-mini-guide-entry-renderer
18:51:53 [TestNG-test-Yt Master Tests-2] INFO  verifyingSideMenuCollapsedLangAsInSettingsLingua_18-51-22 - [verifyingSideMenuCollapsedLangAsInSettingsLingua_18-51-22] Found 4 ready elements (attempt 1): By.xpath: //ytd-mini-guide-renderer[@class='style-scope ytd-app']//ytd-mini-guide-entry-renderer
18:51:53 [TestNG-test-Yt Master Tests-2] INFO  verifyingSideMenuCollapsedLangAsInSettingsLingua_18-51-22 - 
========== LANGUAGE DETECTION ==========
Detected Language : ENGLISH
Input Text        : Beranda Shorts Subscription Anda
========================================
18:51:53 [TestNG-test-Yt Master Tests-2] INFO  verifyingSideMenuCollapsedLangAsInSettingsLingua_18-51-22 - text sent to lingua is       Beranda Shorts Subscription Anda
18:51:53 [TestNG-test-Yt Master Tests-2] INFO  verifyingSideMenuCollapsedLangAsInSettingsLingua_18-51-22 - getLangAttribute() - locating <html> and reading lang property
18:51:53 [TestNG-test-Yt Master Tests-2] INFO  verifyingSideMenuCollapsedLangAsInSettingsLingua_18-51-22 - Language attribute read: id-ID
18:51:53 [TestNG-test-Yt Master Tests-2] INFO  verifyingSideMenuCollapsedLangAsInSettingsLingua_18-51-22 - Clicking settings ellipses button...
18:51:53 [TestNG-test-Yt Master Tests-2] INFO  verifyingSideMenuCollapsedLangAsInSettingsLingua_18-51-22 - [verifyingSideMenuCollapsedLangAsInSettingsLingua_18-51-22] Trying to find element: By.xpath: //ytd-topbar-menu-button-renderer[@class='style-scope ytd-masthead style-default']
18:51:53 [TestNG-test-Yt Master Tests-2] INFO  verifyingSideMenuCollapsedLangAsInSettingsLingua_18-51-22 - [verifyingSideMenuCollapsedLangAsInSettingsLingua_18-51-22] Element found and ready (attempt 1): By.xpath: //ytd-topbar-menu-button-renderer[@class='style-scope ytd-masthead style-default']
18:51:53 [TestNG-test-Yt Master Tests-2] INFO  verifyingSideMenuCollapsedLangAsInSettingsLingua_18-51-22 - Clicking language dropdown...
18:51:53 [TestNG-test-Yt Master Tests-2] INFO  verifyingSideMenuCollapsedLangAsInSettingsLingua_18-51-22 - [verifyingSideMenuCollapsedLangAsInSettingsLingua_18-51-22] Trying to find element: By.xpath: (//div[@id='content-icon'])[2]
18:51:54 [TestNG-test-Yt Master Tests-2] INFO  verifyingSideMenuCollapsedLangAsInSettingsLingua_18-51-22 - [verifyingSideMenuCollapsedLangAsInSettingsLingua_18-51-22] Element found and ready (attempt 1): By.xpath: (//div[@id='content-icon'])[2]
18:51:54 [TestNG-test-Yt Master Tests-2] INFO  verifyingSideMenuCollapsedLangAsInSettingsLingua_18-51-22 - Looking for language element with name: Bosanski
18:51:54 [TestNG-test-Yt Master Tests-2] INFO  verifyingSideMenuCollapsedLangAsInSettingsLingua_18-51-22 - [verifyingSideMenuCollapsedLangAsInSettingsLingua_18-51-22] Trying to find element: By.xpath: //yt-multi-page-menu-section-renderer[@class='style-scope ytd-multi-page-menu-renderer']//yt-formatted-string[@id='label' and text()='Bosanski']
18:51:54 [TestNG-test-Yt Master Tests-2] INFO  verifyingSideMenuCollapsedLangAsInSettingsLingua_18-51-22 - [verifyingSideMenuCollapsedLangAsInSettingsLingua_18-51-22] Element found and ready (attempt 1): By.xpath: //yt-multi-page-menu-section-renderer[@class='style-scope ytd-multi-page-menu-renderer']//yt-formatted-string[@id='label' and text()='Bosanski']
18:51:54 [TestNG-test-Yt Master Tests-2] INFO  verifyingSideMenuCollapsedLangAsInSettingsLingua_18-51-22 - [verifyingSideMenuCollapsedLangAsInSettingsLingua_18-51-22] Trying to find element: By.xpath: //yt-multi-page-menu-section-renderer[@class='style-scope ytd-multi-page-menu-renderer']//yt-formatted-string[@id='label' and text()='Bosanski']
18:51:54 [TestNG-test-Yt Master Tests-2] INFO  verifyingSideMenuCollapsedLangAsInSettingsLingua_18-51-22 - [verifyingSideMenuCollapsedLangAsInSettingsLingua_18-51-22] Element found and ready (attempt 1): By.xpath: //yt-multi-page-menu-section-renderer[@class='style-scope ytd-multi-page-menu-renderer']//yt-formatted-string[@id='label' and text()='Bosanski']
18:51:55 [TestNG-test-Yt Master Tests-2] INFO  verifyingSideMenuCollapsedLangAsInSettingsLingua_18-51-22 - Clicking settings ellipses button...
18:51:56 [TestNG-test-Yt Master Tests-2] INFO  verifyingSideMenuCollapsedLangAsInSettingsLingua_18-51-22 - [verifyingSideMenuCollapsedLangAsInSettingsLingua_18-51-22] Trying to find element: By.xpath: //ytd-topbar-menu-button-renderer[@class='style-scope ytd-masthead style-default']
18:51:56 [TestNG-test-Yt Master Tests-2] INFO  verifyingSideMenuCollapsedLangAsInSettingsLingua_18-51-22 - [verifyingSideMenuCollapsedLangAsInSettingsLingua_18-51-22] Element found and ready (attempt 1): By.xpath: //ytd-topbar-menu-button-renderer[@class='style-scope ytd-masthead style-default']
18:51:56 [TestNG-test-Yt Master Tests-2] INFO  verifyingSideMenuCollapsedLangAsInSettingsLingua_18-51-22 - [verifyingSideMenuCollapsedLangAsInSettingsLingua_18-51-22] Waiting until element is visible in viewport
18:51:57 [TestNG-test-Yt Master Tests-2] INFO  verifyingSideMenuCollapsedLangAsInSettingsLingua_18-51-22 - Clicking settings ellipses button...
18:51:57 [TestNG-test-Yt Master Tests-2] INFO  verifyingSideMenuCollapsedLangAsInSettingsLingua_18-51-22 - [verifyingSideMenuCollapsedLangAsInSettingsLingua_18-51-22] Trying to find element: By.xpath: //ytd-topbar-menu-button-renderer[@class='style-scope ytd-masthead style-default']
18:51:57 [TestNG-test-Yt Master Tests-2] INFO  verifyingSideMenuCollapsedLangAsInSettingsLingua_18-51-22 - [verifyingSideMenuCollapsedLangAsInSettingsLingua_18-51-22] Element found and ready (attempt 1): By.xpath: //ytd-topbar-menu-button-renderer[@class='style-scope ytd-masthead style-default']
18:51:57 [TestNG-test-Yt Master Tests-2] INFO  verifyingSideMenuCollapsedLangAsInSettingsLingua_18-51-22 - getLangAttribute() - locating <html> and reading lang property
18:51:57 [TestNG-test-Yt Master Tests-2] INFO  verifyingSideMenuCollapsedLangAsInSettingsLingua_18-51-22 - Language attribute read: bs-Latn-BA
18:51:57 [TestNG-test-Yt Master Tests-2] INFO  verifyingSideMenuCollapsedLangAsInSettingsLingua_18-51-22 - Fetching the side menu in collapsed view
18:51:57 [TestNG-test-Yt Master Tests-2] INFO  verifyingSideMenuCollapsedLangAsInSettingsLingua_18-51-22 - [verifyingSideMenuCollapsedLangAsInSettingsLingua_18-51-22] Finding elements list: By.xpath: //ytd-mini-guide-renderer[@class='style-scope ytd-app']//ytd-mini-guide-entry-renderer
18:51:57 [TestNG-test-Yt Master Tests-2] INFO  verifyingSideMenuCollapsedLangAsInSettingsLingua_18-51-22 - [verifyingSideMenuCollapsedLangAsInSettingsLingua_18-51-22] Found 4 ready elements (attempt 1): By.xpath: //ytd-mini-guide-renderer[@class='style-scope ytd-app']//ytd-mini-guide-entry-renderer
18:51:57 [TestNG-test-Yt Master Tests-2] INFO  verifyingSideMenuCollapsedLangAsInSettingsLingua_18-51-22 - 
========== LANGUAGE DETECTION ==========
Detected Language : BOSNIAN
Input Text        : Početna stranica Shorts Pretplate Vi
========================================
18:51:57 [TestNG-test-Yt Master Tests-2] INFO  verifyingSideMenuCollapsedLangAsInSettingsLingua_18-51-22 - text sent to lingua is       Početna stranica Shorts Pretplate Vi
18:51:57 [TestNG-test-Yt Master Tests-2] INFO  verifyingSideMenuCollapsedLangAsInSettingsLingua_18-51-22 - getLangAttribute() - locating <html> and reading lang property
18:51:57 [TestNG-test-Yt Master Tests-2] INFO  verifyingSideMenuCollapsedLangAsInSettingsLingua_18-51-22 - Language attribute read: bs-Latn-BA
18:51:57 [TestNG-test-Yt Master Tests-2] INFO  verifyingSideMenuCollapsedLangAsInSettingsLingua_18-51-22 - Clicking settings ellipses button...
18:51:57 [TestNG-test-Yt Master Tests-2] INFO  verifyingSideMenuCollapsedLangAsInSettingsLingua_18-51-22 - [verifyingSideMenuCollapsedLangAsInSettingsLingua_18-51-22] Trying to find element: By.xpath: //ytd-topbar-menu-button-renderer[@class='style-scope ytd-masthead style-default']
18:51:57 [TestNG-test-Yt Master Tests-2] INFO  verifyingSideMenuCollapsedLangAsInSettingsLingua_18-51-22 - [verifyingSideMenuCollapsedLangAsInSettingsLingua_18-51-22] Element found and ready (attempt 1): By.xpath: //ytd-topbar-menu-button-renderer[@class='style-scope ytd-masthead style-default']
18:51:57 [TestNG-test-Yt Master Tests-2] INFO  verifyingSideMenuCollapsedLangAsInSettingsLingua_18-51-22 - Clicking language dropdown...
18:51:57 [TestNG-test-Yt Master Tests-2] INFO  verifyingSideMenuCollapsedLangAsInSettingsLingua_18-51-22 - [verifyingSideMenuCollapsedLangAsInSettingsLingua_18-51-22] Trying to find element: By.xpath: (//div[@id='content-icon'])[2]
18:51:58 [TestNG-test-Yt Master Tests-2] INFO  verifyingSideMenuCollapsedLangAsInSettingsLingua_18-51-22 - [verifyingSideMenuCollapsedLangAsInSettingsLingua_18-51-22] Element found and ready (attempt 1): By.xpath: (//div[@id='content-icon'])[2]
18:51:58 [TestNG-test-Yt Master Tests-2] INFO  verifyingSideMenuCollapsedLangAsInSettingsLingua_18-51-22 - Looking for language element with name: Català
18:51:58 [TestNG-test-Yt Master Tests-2] INFO  verifyingSideMenuCollapsedLangAsInSettingsLingua_18-51-22 - [verifyingSideMenuCollapsedLangAsInSettingsLingua_18-51-22] Trying to find element: By.xpath: //yt-multi-page-menu-section-renderer[@class='style-scope ytd-multi-page-menu-renderer']//yt-formatted-string[@id='label' and text()='Català']
18:51:59 [TestNG-test-Yt Master Tests-2] INFO  verifyingSideMenuCollapsedLangAsInSettingsLingua_18-51-22 - [verifyingSideMenuCollapsedLangAsInSettingsLingua_18-51-22] Element found and ready (attempt 1): By.xpath: //yt-multi-page-menu-section-renderer[@class='style-scope ytd-multi-page-menu-renderer']//yt-formatted-string[@id='label' and text()='Català']
18:51:59 [TestNG-test-Yt Master Tests-2] INFO  verifyingSideMenuCollapsedLangAsInSettingsLingua_18-51-22 - [verifyingSideMenuCollapsedLangAsInSettingsLingua_18-51-22] Trying to find element: By.xpath: //yt-multi-page-menu-section-renderer[@class='style-scope ytd-multi-page-menu-renderer']//yt-formatted-string[@id='label' and text()='Català']
18:51:59 [TestNG-test-Yt Master Tests-2] INFO  verifyingSideMenuCollapsedLangAsInSettingsLingua_18-51-22 - [verifyingSideMenuCollapsedLangAsInSettingsLingua_18-51-22] Element found and ready (attempt 1): By.xpath: //yt-multi-page-menu-section-renderer[@class='style-scope ytd-multi-page-menu-renderer']//yt-formatted-string[@id='label' and text()='Català']
18:52:00 [TestNG-test-Yt Master Tests-2] INFO  verifyingSideMenuCollapsedLangAsInSettingsLingua_18-51-22 - Clicking settings ellipses button...
18:52:00 [TestNG-test-Yt Master Tests-2] INFO  verifyingSideMenuCollapsedLangAsInSettingsLingua_18-51-22 - [verifyingSideMenuCollapsedLangAsInSettingsLingua_18-51-22] Trying to find element: By.xpath: //ytd-topbar-menu-button-renderer[@class='style-scope ytd-masthead style-default']
18:52:00 [TestNG-test-Yt Master Tests-2] INFO  verifyingSideMenuCollapsedLangAsInSettingsLingua_18-51-22 - [verifyingSideMenuCollapsedLangAsInSettingsLingua_18-51-22] Element found and ready (attempt 1): By.xpath: //ytd-topbar-menu-button-renderer[@class='style-scope ytd-masthead style-default']
18:52:00 [TestNG-test-Yt Master Tests-2] INFO  verifyingSideMenuCollapsedLangAsInSettingsLingua_18-51-22 - [verifyingSideMenuCollapsedLangAsInSettingsLingua_18-51-22] Waiting until element is visible in viewport
18:52:01 [TestNG-test-Yt Master Tests-2] INFO  verifyingSideMenuCollapsedLangAsInSettingsLingua_18-51-22 - Clicking settings ellipses button...
18:52:01 [TestNG-test-Yt Master Tests-2] INFO  verifyingSideMenuCollapsedLangAsInSettingsLingua_18-51-22 - [verifyingSideMenuCollapsedLangAsInSettingsLingua_18-51-22] Trying to find element: By.xpath: //ytd-topbar-menu-button-renderer[@class='style-scope ytd-masthead style-default']
18:52:01 [TestNG-test-Yt Master Tests-2] INFO  verifyingSideMenuCollapsedLangAsInSettingsLingua_18-51-22 - [verifyingSideMenuCollapsedLangAsInSettingsLingua_18-51-22] Element found and ready (attempt 1): By.xpath: //ytd-topbar-menu-button-renderer[@class='style-scope ytd-masthead style-default']
18:52:01 [TestNG-test-Yt Master Tests-2] INFO  verifyingSideMenuCollapsedLangAsInSettingsLingua_18-51-22 - getLangAttribute() - locating <html> and reading lang property
18:52:01 [TestNG-test-Yt Master Tests-2] INFO  verifyingSideMenuCollapsedLangAsInSettingsLingua_18-51-22 - Language attribute read: ca-ES
18:52:01 [TestNG-test-Yt Master Tests-2] INFO  verifyingSideMenuCollapsedLangAsInSettingsLingua_18-51-22 - Fetching the side menu in collapsed view
18:52:01 [TestNG-test-Yt Master Tests-2] INFO  verifyingSideMenuCollapsedLangAsInSettingsLingua_18-51-22 - [verifyingSideMenuCollapsedLangAsInSettingsLingua_18-51-22] Finding elements list: By.xpath: //ytd-mini-guide-renderer[@class='style-scope ytd-app']//ytd-mini-guide-entry-renderer
18:52:02 [TestNG-test-Yt Master Tests-2] INFO  verifyingSideMenuCollapsedLangAsInSettingsLingua_18-51-22 - [verifyingSideMenuCollapsedLangAsInSettingsLingua_18-51-22] Found 4 ready elements (attempt 1): By.xpath: //ytd-mini-guide-renderer[@class='style-scope ytd-app']//ytd-mini-guide-entry-renderer
18:52:02 [TestNG-test-Yt Master Tests-2] INFO  verifyingSideMenuCollapsedLangAsInSettingsLingua_18-51-22 - 
========== LANGUAGE DETECTION ==========
Detected Language : CATALAN
Input Text        : Inici YouTube Shorts Subscripcions Tu
========================================
18:52:02 [TestNG-test-Yt Master Tests-2] INFO  verifyingSideMenuCollapsedLangAsInSettingsLingua_18-51-22 - text sent to lingua is       Inici YouTube Shorts Subscripcions Tu
18:52:02 [TestNG-test-Yt Master Tests-2] INFO  verifyingSideMenuCollapsedLangAsInSettingsLingua_18-51-22 - getLangAttribute() - locating <html> and reading lang property
18:52:02 [TestNG-test-Yt Master Tests-2] INFO  verifyingSideMenuCollapsedLangAsInSettingsLingua_18-51-22 - Language attribute read: ca-ES
18:52:02 [TestNG-test-Yt Master Tests-2] INFO  verifyingSideMenuCollapsedLangAsInSettingsLingua_18-51-22 - Clicking settings ellipses button...
18:52:02 [TestNG-test-Yt Master Tests-2] INFO  verifyingSideMenuCollapsedLangAsInSettingsLingua_18-51-22 - [verifyingSideMenuCollapsedLangAsInSettingsLingua_18-51-22] Trying to find element: By.xpath: //ytd-topbar-menu-button-renderer[@class='style-scope ytd-masthead style-default']
18:52:02 [TestNG-test-Yt Master Tests-2] INFO  verifyingSideMenuCollapsedLangAsInSettingsLingua_18-51-22 - [verifyingSideMenuCollapsedLangAsInSettingsLingua_18-51-22] Element found and ready (attempt 1): By.xpath: //ytd-topbar-menu-button-renderer[@class='style-scope ytd-masthead style-default']
18:52:02 [TestNG-test-Yt Master Tests-2] INFO  verifyingSideMenuCollapsedLangAsInSettingsLingua_18-51-22 - Clicking language dropdown...
18:52:02 [TestNG-test-Yt Master Tests-2] INFO  verifyingSideMenuCollapsedLangAsInSettingsLingua_18-51-22 - [verifyingSideMenuCollapsedLangAsInSettingsLingua_18-51-22] Trying to find element: By.xpath: (//div[@id='content-icon'])[2]
18:52:03 [TestNG-test-Yt Master Tests-2] INFO  verifyingSideMenuCollapsedLangAsInSettingsLingua_18-51-22 - [verifyingSideMenuCollapsedLangAsInSettingsLingua_18-51-22] Element found and ready (attempt 1): By.xpath: (//div[@id='content-icon'])[2]
18:52:03 [TestNG-test-Yt Master Tests-2] INFO  verifyingSideMenuCollapsedLangAsInSettingsLingua_18-51-22 - Looking for language element with name: Dansk
18:52:03 [TestNG-test-Yt Master Tests-2] INFO  verifyingSideMenuCollapsedLangAsInSettingsLingua_18-51-22 - [verifyingSideMenuCollapsedLangAsInSettingsLingua_18-51-22] Trying to find element: By.xpath: //yt-multi-page-menu-section-renderer[@class='style-scope ytd-multi-page-menu-renderer']//yt-formatted-string[@id='label' and text()='Dansk']
18:52:03 [TestNG-test-Yt Master Tests-2] INFO  verifyingSideMenuCollapsedLangAsInSettingsLingua_18-51-22 - [verifyingSideMenuCollapsedLangAsInSettingsLingua_18-51-22] Element found and ready (attempt 1): By.xpath: //yt-multi-page-menu-section-renderer[@class='style-scope ytd-multi-page-menu-renderer']//yt-formatted-string[@id='label' and text()='Dansk']
18:52:03 [TestNG-test-Yt Master Tests-2] INFO  verifyingSideMenuCollapsedLangAsInSettingsLingua_18-51-22 - [verifyingSideMenuCollapsedLangAsInSettingsLingua_18-51-22] Trying to find element: By.xpath: //yt-multi-page-menu-section-renderer[@class='style-scope ytd-multi-page-menu-renderer']//yt-formatted-string[@id='label' and text()='Dansk']
18:52:03 [TestNG-test-Yt Master Tests-2] INFO  verifyingSideMenuCollapsedLangAsInSettingsLingua_18-51-22 - [verifyingSideMenuCollapsedLangAsInSettingsLingua_18-51-22] Element found and ready (attempt 1): By.xpath: //yt-multi-page-menu-section-renderer[@class='style-scope ytd-multi-page-menu-renderer']//yt-formatted-string[@id='label' and text()='Dansk']
18:52:04 [TestNG-test-Yt Master Tests-2] INFO  verifyingSideMenuCollapsedLangAsInSettingsLingua_18-51-22 - Clicking settings ellipses button...
18:52:05 [TestNG-test-Yt Master Tests-2] INFO  verifyingSideMenuCollapsedLangAsInSettingsLingua_18-51-22 - [verifyingSideMenuCollapsedLangAsInSettingsLingua_18-51-22] Trying to find element: By.xpath: //ytd-topbar-menu-button-renderer[@class='style-scope ytd-masthead style-default']
18:52:05 [TestNG-test-Yt Master Tests-2] INFO  verifyingSideMenuCollapsedLangAsInSettingsLingua_18-51-22 - [verifyingSideMenuCollapsedLangAsInSettingsLingua_18-51-22] Element found and ready (attempt 1): By.xpath: //ytd-topbar-menu-button-renderer[@class='style-scope ytd-masthead style-default']
18:52:05 [TestNG-test-Yt Master Tests-2] INFO  verifyingSideMenuCollapsedLangAsInSettingsLingua_18-51-22 - [verifyingSideMenuCollapsedLangAsInSettingsLingua_18-51-22] Waiting until element is visible in viewport
18:52:06 [TestNG-test-Yt Master Tests-2] INFO  verifyingSideMenuCollapsedLangAsInSettingsLingua_18-51-22 - Clicking settings ellipses button...
18:52:06 [TestNG-test-Yt Master Tests-2] INFO  verifyingSideMenuCollapsedLangAsInSettingsLingua_18-51-22 - [verifyingSideMenuCollapsedLangAsInSettingsLingua_18-51-22] Trying to find element: By.xpath: //ytd-topbar-menu-button-renderer[@class='style-scope ytd-masthead style-default']
18:52:06 [TestNG-test-Yt Master Tests-2] INFO  verifyingSideMenuCollapsedLangAsInSettingsLingua_18-51-22 - [verifyingSideMenuCollapsedLangAsInSettingsLingua_18-51-22] Element found and ready (attempt 1): By.xpath: //ytd-topbar-menu-button-renderer[@class='style-scope ytd-masthead style-default']
18:52:07 [TestNG-test-Yt Master Tests-2] INFO  verifyingSideMenuCollapsedLangAsInSettingsLingua_18-51-22 - getLangAttribute() - locating <html> and reading lang property
18:52:07 [TestNG-test-Yt Master Tests-2] INFO  verifyingSideMenuCollapsedLangAsInSettingsLingua_18-51-22 - Language attribute read: da-DK
18:52:07 [TestNG-test-Yt Master Tests-2] INFO  verifyingSideMenuCollapsedLangAsInSettingsLingua_18-51-22 - Fetching the side menu in collapsed view
18:52:07 [TestNG-test-Yt Master Tests-2] INFO  verifyingSideMenuCollapsedLangAsInSettingsLingua_18-51-22 - [verifyingSideMenuCollapsedLangAsInSettingsLingua_18-51-22] Finding elements list: By.xpath: //ytd-mini-guide-renderer[@class='style-scope ytd-app']//ytd-mini-guide-entry-renderer
18:52:07 [TestNG-test-Yt Master Tests-2] INFO  verifyingSideMenuCollapsedLangAsInSettingsLingua_18-51-22 - [verifyingSideMenuCollapsedLangAsInSettingsLingua_18-51-22] Found 4 ready elements (attempt 1): By.xpath: //ytd-mini-guide-renderer[@class='style-scope ytd-app']//ytd-mini-guide-entry-renderer
18:52:07 [TestNG-test-Yt Master Tests-2] INFO  verifyingSideMenuCollapsedLangAsInSettingsLingua_18-51-22 - 
========== LANGUAGE DETECTION ==========
Detected Language : DANISH
Input Text        : Start Shorts Abonnementer Dig
========================================
18:52:07 [TestNG-test-Yt Master Tests-2] INFO  verifyingSideMenuCollapsedLangAsInSettingsLingua_18-51-22 - text sent to lingua is       Start Shorts Abonnementer Dig
18:52:07 [TestNG-test-Yt Master Tests-2] INFO  verifyingSideMenuCollapsedLangAsInSettingsLingua_18-51-22 - getLangAttribute() - locating <html> and reading lang property
18:52:07 [TestNG-test-Yt Master Tests-2] INFO  verifyingSideMenuCollapsedLangAsInSettingsLingua_18-51-22 - Language attribute read: da-DK
18:52:07 [TestNG-test-Yt Master Tests-2] INFO  verifyingSideMenuCollapsedLangAsInSettingsLingua_18-51-22 - Clicking settings ellipses button...
18:52:07 [TestNG-test-Yt Master Tests-2] INFO  verifyingSideMenuCollapsedLangAsInSettingsLingua_18-51-22 - [verifyingSideMenuCollapsedLangAsInSettingsLingua_18-51-22] Trying to find element: By.xpath: //ytd-topbar-menu-button-renderer[@class='style-scope ytd-masthead style-default']
18:52:07 [TestNG-test-Yt Master Tests-2] INFO  verifyingSideMenuCollapsedLangAsInSettingsLingua_18-51-22 - [verifyingSideMenuCollapsedLangAsInSettingsLingua_18-51-22] Element found and ready (attempt 1): By.xpath: //ytd-topbar-menu-button-renderer[@class='style-scope ytd-masthead style-default']
18:52:07 [TestNG-test-Yt Master Tests-2] INFO  verifyingSideMenuCollapsedLangAsInSettingsLingua_18-51-22 - Clicking language dropdown...
18:52:07 [TestNG-test-Yt Master Tests-2] INFO  verifyingSideMenuCollapsedLangAsInSettingsLingua_18-51-22 - [verifyingSideMenuCollapsedLangAsInSettingsLingua_18-51-22] Trying to find element: By.xpath: (//div[@id='content-icon'])[2]
18:52:08 [TestNG-test-Yt Master Tests-2] INFO  verifyingSideMenuCollapsedLangAsInSettingsLingua_18-51-22 - [verifyingSideMenuCollapsedLangAsInSettingsLingua_18-51-22] Element found and ready (attempt 1): By.xpath: (//div[@id='content-icon'])[2]
18:52:08 [TestNG-test-Yt Master Tests-2] INFO  verifyingSideMenuCollapsedLangAsInSettingsLingua_18-51-22 - Looking for language element with name: Deutsch
18:52:08 [TestNG-test-Yt Master Tests-2] INFO  verifyingSideMenuCollapsedLangAsInSettingsLingua_18-51-22 - [verifyingSideMenuCollapsedLangAsInSettingsLingua_18-51-22] Trying to find element: By.xpath: //yt-multi-page-menu-section-renderer[@class='style-scope ytd-multi-page-menu-renderer']//yt-formatted-string[@id='label' and text()='Deutsch']
18:52:08 [TestNG-test-Yt Master Tests-2] INFO  verifyingSideMenuCollapsedLangAsInSettingsLingua_18-51-22 - [verifyingSideMenuCollapsedLangAsInSettingsLingua_18-51-22] Element found and ready (attempt 1): By.xpath: //yt-multi-page-menu-section-renderer[@class='style-scope ytd-multi-page-menu-renderer']//yt-formatted-string[@id='label' and text()='Deutsch']
18:52:08 [TestNG-test-Yt Master Tests-2] INFO  verifyingSideMenuCollapsedLangAsInSettingsLingua_18-51-22 - [verifyingSideMenuCollapsedLangAsInSettingsLingua_18-51-22] Trying to find element: By.xpath: //yt-multi-page-menu-section-renderer[@class='style-scope ytd-multi-page-menu-renderer']//yt-formatted-string[@id='label' and text()='Deutsch']
18:52:08 [TestNG-test-Yt Master Tests-2] INFO  verifyingSideMenuCollapsedLangAsInSettingsLingua_18-51-22 - [verifyingSideMenuCollapsedLangAsInSettingsLingua_18-51-22] Element found and ready (attempt 1): By.xpath: //yt-multi-page-menu-section-renderer[@class='style-scope ytd-multi-page-menu-renderer']//yt-formatted-string[@id='label' and text()='Deutsch']
18:52:09 [TestNG-test-Yt Master Tests-2] INFO  verifyingSideMenuCollapsedLangAsInSettingsLingua_18-51-22 - Clicking settings ellipses button...
18:52:10 [TestNG-test-Yt Master Tests-2] INFO  verifyingSideMenuCollapsedLangAsInSettingsLingua_18-51-22 - [verifyingSideMenuCollapsedLangAsInSettingsLingua_18-51-22] Trying to find element: By.xpath: //ytd-topbar-menu-button-renderer[@class='style-scope ytd-masthead style-default']
18:52:10 [TestNG-test-Yt Master Tests-2] INFO  verifyingSideMenuCollapsedLangAsInSettingsLingua_18-51-22 - [verifyingSideMenuCollapsedLangAsInSettingsLingua_18-51-22] Element found and ready (attempt 1): By.xpath: //ytd-topbar-menu-button-renderer[@class='style-scope ytd-masthead style-default']
18:52:10 [TestNG-test-Yt Master Tests-2] INFO  verifyingSideMenuCollapsedLangAsInSettingsLingua_18-51-22 - [verifyingSideMenuCollapsedLangAsInSettingsLingua_18-51-22] Waiting until element is visible in viewport
18:52:11 [TestNG-test-Yt Master Tests-2] INFO  verifyingSideMenuCollapsedLangAsInSettingsLingua_18-51-22 - Clicking settings ellipses button...
18:52:11 [TestNG-test-Yt Master Tests-2] INFO  verifyingSideMenuCollapsedLangAsInSettingsLingua_18-51-22 - [verifyingSideMenuCollapsedLangAsInSettingsLingua_18-51-22] Trying to find element: By.xpath: //ytd-topbar-menu-button-renderer[@class='style-scope ytd-masthead style-default']
18:52:11 [TestNG-test-Yt Master Tests-2] INFO  verifyingSideMenuCollapsedLangAsInSettingsLingua_18-51-22 - [verifyingSideMenuCollapsedLangAsInSettingsLingua_18-51-22] Element found and ready (attempt 1): By.xpath: //ytd-topbar-menu-button-renderer[@class='style-scope ytd-masthead style-default']
18:52:11 [TestNG-test-Yt Master Tests-2] INFO  verifyingSideMenuCollapsedLangAsInSettingsLingua_18-51-22 - getLangAttribute() - locating <html> and reading lang property
18:52:11 [TestNG-test-Yt Master Tests-2] INFO  verifyingSideMenuCollapsedLangAsInSettingsLingua_18-51-22 - Language attribute read: de-DE
18:52:11 [TestNG-test-Yt Master Tests-2] INFO  verifyingSideMenuCollapsedLangAsInSettingsLingua_18-51-22 - Fetching the side menu in collapsed view
18:52:11 [TestNG-test-Yt Master Tests-2] INFO  verifyingSideMenuCollapsedLangAsInSettingsLingua_18-51-22 - [verifyingSideMenuCollapsedLangAsInSettingsLingua_18-51-22] Finding elements list: By.xpath: //ytd-mini-guide-renderer[@class='style-scope ytd-app']//ytd-mini-guide-entry-renderer
18:52:11 [TestNG-test-Yt Master Tests-2] INFO  verifyingSideMenuCollapsedLangAsInSettingsLingua_18-51-22 - [verifyingSideMenuCollapsedLangAsInSettingsLingua_18-51-22] Found 4 ready elements (attempt 1): By.xpath: //ytd-mini-guide-renderer[@class='style-scope ytd-app']//ytd-mini-guide-entry-renderer
18:52:11 [TestNG-test-Yt Master Tests-2] INFO  verifyingSideMenuCollapsedLangAsInSettingsLingua_18-51-22 - 
========== LANGUAGE DETECTION ==========
Detected Language : GERMAN
Input Text        : Startseite Shorts Abos Mein YouTube
========================================
18:52:11 [TestNG-test-Yt Master Tests-2] INFO  verifyingSideMenuCollapsedLangAsInSettingsLingua_18-51-22 - text sent to lingua is       Startseite Shorts Abos Mein YouTube
18:52:11 [TestNG-test-Yt Master Tests-2] INFO  verifyingSideMenuCollapsedLangAsInSettingsLingua_18-51-22 - getLangAttribute() - locating <html> and reading lang property
18:52:11 [TestNG-test-Yt Master Tests-2] INFO  verifyingSideMenuCollapsedLangAsInSettingsLingua_18-51-22 - Language attribute read: de-DE
18:52:11 [TestNG-test-Yt Master Tests-2] INFO  verifyingSideMenuCollapsedLangAsInSettingsLingua_18-51-22 - Clicking settings ellipses button...
18:52:11 [TestNG-test-Yt Master Tests-2] INFO  verifyingSideMenuCollapsedLangAsInSettingsLingua_18-51-22 - [verifyingSideMenuCollapsedLangAsInSettingsLingua_18-51-22] Trying to find element: By.xpath: //ytd-topbar-menu-button-renderer[@class='style-scope ytd-masthead style-default']
18:52:11 [TestNG-test-Yt Master Tests-2] INFO  verifyingSideMenuCollapsedLangAsInSettingsLingua_18-51-22 - [verifyingSideMenuCollapsedLangAsInSettingsLingua_18-51-22] Element found and ready (attempt 1): By.xpath: //ytd-topbar-menu-button-renderer[@class='style-scope ytd-masthead style-default']
18:52:11 [TestNG-test-Yt Master Tests-2] INFO  verifyingSideMenuCollapsedLangAsInSettingsLingua_18-51-22 - Clicking language dropdown...
18:52:12 [TestNG-test-Yt Master Tests-2] INFO  verifyingSideMenuCollapsedLangAsInSettingsLingua_18-51-22 - [verifyingSideMenuCollapsedLangAsInSettingsLingua_18-51-22] Trying to find element: By.xpath: (//div[@id='content-icon'])[2]
18:52:12 [TestNG-test-Yt Master Tests-2] INFO  verifyingSideMenuCollapsedLangAsInSettingsLingua_18-51-22 - [verifyingSideMenuCollapsedLangAsInSettingsLingua_18-51-22] Element found and ready (attempt 1): By.xpath: (//div[@id='content-icon'])[2]
18:52:12 [TestNG-test-Yt Master Tests-2] INFO  verifyingSideMenuCollapsedLangAsInSettingsLingua_18-51-22 - Looking for language element with name: Eesti
18:52:12 [TestNG-test-Yt Master Tests-2] INFO  verifyingSideMenuCollapsedLangAsInSettingsLingua_18-51-22 - [verifyingSideMenuCollapsedLangAsInSettingsLingua_18-51-22] Trying to find element: By.xpath: //yt-multi-page-menu-section-renderer[@class='style-scope ytd-multi-page-menu-renderer']//yt-formatted-string[@id='label' and text()='Eesti']
18:52:13 [TestNG-test-Yt Master Tests-2] INFO  verifyingSideMenuCollapsedLangAsInSettingsLingua_18-51-22 - [verifyingSideMenuCollapsedLangAsInSettingsLingua_18-51-22] Element found and ready (attempt 1): By.xpath: //yt-multi-page-menu-section-renderer[@class='style-scope ytd-multi-page-menu-renderer']//yt-formatted-string[@id='label' and text()='Eesti']
18:52:13 [TestNG-test-Yt Master Tests-2] INFO  verifyingSideMenuCollapsedLangAsInSettingsLingua_18-51-22 - [verifyingSideMenuCollapsedLangAsInSettingsLingua_18-51-22] Trying to find element: By.xpath: //yt-multi-page-menu-section-renderer[@class='style-scope ytd-multi-page-menu-renderer']//yt-formatted-string[@id='label' and text()='Eesti']
18:52:13 [TestNG-test-Yt Master Tests-2] INFO  verifyingSideMenuCollapsedLangAsInSettingsLingua_18-51-22 - [verifyingSideMenuCollapsedLangAsInSettingsLingua_18-51-22] Element found and ready (attempt 1): By.xpath: //yt-multi-page-menu-section-renderer[@class='style-scope ytd-multi-page-menu-renderer']//yt-formatted-string[@id='label' and text()='Eesti']
18:52:14 [TestNG-test-Yt Master Tests-2] INFO  verifyingSideMenuCollapsedLangAsInSettingsLingua_18-51-22 - Clicking settings ellipses button...
18:52:14 [TestNG-test-Yt Master Tests-2] INFO  verifyingSideMenuCollapsedLangAsInSettingsLingua_18-51-22 - [verifyingSideMenuCollapsedLangAsInSettingsLingua_18-51-22] Trying to find element: By.xpath: //ytd-topbar-menu-button-renderer[@class='style-scope ytd-masthead style-default']
18:52:14 [TestNG-test-Yt Master Tests-2] INFO  verifyingSideMenuCollapsedLangAsInSettingsLingua_18-51-22 - [verifyingSideMenuCollapsedLangAsInSettingsLingua_18-51-22] Element found and ready (attempt 1): By.xpath: //ytd-topbar-menu-button-renderer[@class='style-scope ytd-masthead style-default']
18:52:14 [TestNG-test-Yt Master Tests-2] INFO  verifyingSideMenuCollapsedLangAsInSettingsLingua_18-51-22 - [verifyingSideMenuCollapsedLangAsInSettingsLingua_18-51-22] Waiting until element is visible in viewport
18:52:16 [TestNG-test-Yt Master Tests-2] INFO  verifyingSideMenuCollapsedLangAsInSettingsLingua_18-51-22 - Clicking settings ellipses button...
18:52:16 [TestNG-test-Yt Master Tests-2] INFO  verifyingSideMenuCollapsedLangAsInSettingsLingua_18-51-22 - [verifyingSideMenuCollapsedLangAsInSettingsLingua_18-51-22] Trying to find element: By.xpath: //ytd-topbar-menu-button-renderer[@class='style-scope ytd-masthead style-default']
18:52:16 [TestNG-test-Yt Master Tests-2] INFO  verifyingSideMenuCollapsedLangAsInSettingsLingua_18-51-22 - [verifyingSideMenuCollapsedLangAsInSettingsLingua_18-51-22] Element found and ready (attempt 1): By.xpath: //ytd-topbar-menu-button-renderer[@class='style-scope ytd-masthead style-default']
18:52:16 [TestNG-test-Yt Master Tests-2] INFO  verifyingSideMenuCollapsedLangAsInSettingsLingua_18-51-22 - getLangAttribute() - locating <html> and reading lang property
18:52:16 [TestNG-test-Yt Master Tests-2] INFO  verifyingSideMenuCollapsedLangAsInSettingsLingua_18-51-22 - Language attribute read: et-EE
18:52:16 [TestNG-test-Yt Master Tests-2] INFO  verifyingSideMenuCollapsedLangAsInSettingsLingua_18-51-22 - Fetching the side menu in collapsed view
18:52:16 [TestNG-test-Yt Master Tests-2] INFO  verifyingSideMenuCollapsedLangAsInSettingsLingua_18-51-22 - [verifyingSideMenuCollapsedLangAsInSettingsLingua_18-51-22] Finding elements list: By.xpath: //ytd-mini-guide-renderer[@class='style-scope ytd-app']//ytd-mini-guide-entry-renderer
18:52:16 [TestNG-test-Yt Master Tests-2] INFO  verifyingSideMenuCollapsedLangAsInSettingsLingua_18-51-22 - [verifyingSideMenuCollapsedLangAsInSettingsLingua_18-51-22] Found 4 ready elements (attempt 1): By.xpath: //ytd-mini-guide-renderer[@class='style-scope ytd-app']//ytd-mini-guide-entry-renderer
18:52:16 [TestNG-test-Yt Master Tests-2] INFO  verifyingSideMenuCollapsedLangAsInSettingsLingua_18-51-22 - 
========== LANGUAGE DETECTION ==========
Detected Language : ESTONIAN
Input Text        : Avaleht Shorts Tellimused Teie
========================================
18:52:16 [TestNG-test-Yt Master Tests-2] INFO  verifyingSideMenuCollapsedLangAsInSettingsLingua_18-51-22 - text sent to lingua is       Avaleht Shorts Tellimused Teie
18:52:16 [TestNG-test-Yt Master Tests-2] INFO  verifyingSideMenuCollapsedLangAsInSettingsLingua_18-51-22 - getLangAttribute() - locating <html> and reading lang property
18:52:16 [TestNG-test-Yt Master Tests-2] INFO  verifyingSideMenuCollapsedLangAsInSettingsLingua_18-51-22 - Language attribute read: et-EE
18:52:16 [TestNG-test-Yt Master Tests-2] INFO  verifyingSideMenuCollapsedLangAsInSettingsLingua_18-51-22 - Clicking settings ellipses button...
18:52:16 [TestNG-test-Yt Master Tests-2] INFO  verifyingSideMenuCollapsedLangAsInSettingsLingua_18-51-22 - [verifyingSideMenuCollapsedLangAsInSettingsLingua_18-51-22] Trying to find element: By.xpath: //ytd-topbar-menu-button-renderer[@class='style-scope ytd-masthead style-default']
18:52:16 [TestNG-test-Yt Master Tests-2] INFO  verifyingSideMenuCollapsedLangAsInSettingsLingua_18-51-22 - [verifyingSideMenuCollapsedLangAsInSettingsLingua_18-51-22] Element found and ready (attempt 1): By.xpath: //ytd-topbar-menu-button-renderer[@class='style-scope ytd-masthead style-default']
18:52:17 [TestNG-test-Yt Master Tests-2] INFO  verifyingSideMenuCollapsedLangAsInSettingsLingua_18-51-22 - Clicking language dropdown...
18:52:17 [TestNG-test-Yt Master Tests-2] INFO  verifyingSideMenuCollapsedLangAsInSettingsLingua_18-51-22 - [verifyingSideMenuCollapsedLangAsInSettingsLingua_18-51-22] Trying to find element: By.xpath: (//div[@id='content-icon'])[2]
18:52:17 [TestNG-test-Yt Master Tests-2] INFO  verifyingSideMenuCollapsedLangAsInSettingsLingua_18-51-22 - [verifyingSideMenuCollapsedLangAsInSettingsLingua_18-51-22] Element found and ready (attempt 1): By.xpath: (//div[@id='content-icon'])[2]
18:52:17 [TestNG-test-Yt Master Tests-2] INFO  verifyingSideMenuCollapsedLangAsInSettingsLingua_18-51-22 - Looking for language element with name: English (India)
18:52:17 [TestNG-test-Yt Master Tests-2] INFO  verifyingSideMenuCollapsedLangAsInSettingsLingua_18-51-22 - [verifyingSideMenuCollapsedLangAsInSettingsLingua_18-51-22] Trying to find element: By.xpath: //yt-multi-page-menu-section-renderer[@class='style-scope ytd-multi-page-menu-renderer']//yt-formatted-string[@id='label' and text()='English (India)']
18:52:18 [TestNG-test-Yt Master Tests-2] INFO  verifyingSideMenuCollapsedLangAsInSettingsLingua_18-51-22 - [verifyingSideMenuCollapsedLangAsInSettingsLingua_18-51-22] Element found and ready (attempt 1): By.xpath: //yt-multi-page-menu-section-renderer[@class='style-scope ytd-multi-page-menu-renderer']//yt-formatted-string[@id='label' and text()='English (India)']
18:52:18 [TestNG-test-Yt Master Tests-2] INFO  verifyingSideMenuCollapsedLangAsInSettingsLingua_18-51-22 - [verifyingSideMenuCollapsedLangAsInSettingsLingua_18-51-22] Trying to find element: By.xpath: //yt-multi-page-menu-section-renderer[@class='style-scope ytd-multi-page-menu-renderer']//yt-formatted-string[@id='label' and text()='English (India)']
18:52:18 [TestNG-test-Yt Master Tests-2] INFO  verifyingSideMenuCollapsedLangAsInSettingsLingua_18-51-22 - [verifyingSideMenuCollapsedLangAsInSettingsLingua_18-51-22] Element found and ready (attempt 1): By.xpath: //yt-multi-page-menu-section-renderer[@class='style-scope ytd-multi-page-menu-renderer']//yt-formatted-string[@id='label' and text()='English (India)']
18:52:19 [TestNG-test-Yt Master Tests-2] INFO  verifyingSideMenuCollapsedLangAsInSettingsLingua_18-51-22 - Clicking settings ellipses button...
18:52:19 [TestNG-test-Yt Master Tests-2] INFO  verifyingSideMenuCollapsedLangAsInSettingsLingua_18-51-22 - [verifyingSideMenuCollapsedLangAsInSettingsLingua_18-51-22] Trying to find element: By.xpath: //ytd-topbar-menu-button-renderer[@class='style-scope ytd-masthead style-default']
18:52:19 [TestNG-test-Yt Master Tests-2] INFO  verifyingSideMenuCollapsedLangAsInSettingsLingua_18-51-22 - [verifyingSideMenuCollapsedLangAsInSettingsLingua_18-51-22] Element found and ready (attempt 1): By.xpath: //ytd-topbar-menu-button-renderer[@class='style-scope ytd-masthead style-default']
18:52:19 [TestNG-test-Yt Master Tests-2] INFO  verifyingSideMenuCollapsedLangAsInSettingsLingua_18-51-22 - [verifyingSideMenuCollapsedLangAsInSettingsLingua_18-51-22] Waiting until element is visible in viewport
18:52:20 [TestNG-test-Yt Master Tests-2] INFO  verifyingSideMenuCollapsedLangAsInSettingsLingua_18-51-22 - Clicking settings ellipses button...
18:52:20 [TestNG-test-Yt Master Tests-2] INFO  verifyingSideMenuCollapsedLangAsInSettingsLingua_18-51-22 - [verifyingSideMenuCollapsedLangAsInSettingsLingua_18-51-22] Trying to find element: By.xpath: //ytd-topbar-menu-button-renderer[@class='style-scope ytd-masthead style-default']
18:52:20 [TestNG-test-Yt Master Tests-2] INFO  verifyingSideMenuCollapsedLangAsInSettingsLingua_18-51-22 - [verifyingSideMenuCollapsedLangAsInSettingsLingua_18-51-22] Element found and ready (attempt 1): By.xpath: //ytd-topbar-menu-button-renderer[@class='style-scope ytd-masthead style-default']
18:52:20 [TestNG-test-Yt Master Tests-2] INFO  verifyingSideMenuCollapsedLangAsInSettingsLingua_18-51-22 - getLangAttribute() - locating <html> and reading lang property
18:52:20 [TestNG-test-Yt Master Tests-2] INFO  verifyingSideMenuCollapsedLangAsInSettingsLingua_18-51-22 - Language attribute read: en-IN
18:52:20 [TestNG-test-Yt Master Tests-2] INFO  verifyingSideMenuCollapsedLangAsInSettingsLingua_18-51-22 - Fetching the side menu in collapsed view
18:52:20 [TestNG-test-Yt Master Tests-2] INFO  verifyingSideMenuCollapsedLangAsInSettingsLingua_18-51-22 - [verifyingSideMenuCollapsedLangAsInSettingsLingua_18-51-22] Finding elements list: By.xpath: //ytd-mini-guide-renderer[@class='style-scope ytd-app']//ytd-mini-guide-entry-renderer
18:52:20 [TestNG-test-Yt Master Tests-2] INFO  verifyingSideMenuCollapsedLangAsInSettingsLingua_18-51-22 - [verifyingSideMenuCollapsedLangAsInSettingsLingua_18-51-22] Found 4 ready elements (attempt 1): By.xpath: //ytd-mini-guide-renderer[@class='style-scope ytd-app']//ytd-mini-guide-entry-renderer
18:52:20 [TestNG-test-Yt Master Tests-2] INFO  verifyingSideMenuCollapsedLangAsInSettingsLingua_18-51-22 - 
========== LANGUAGE DETECTION ==========
Detected Language : ENGLISH
Input Text        : Home Shorts Subscriptions You
========================================
18:52:20 [TestNG-test-Yt Master Tests-2] INFO  verifyingSideMenuCollapsedLangAsInSettingsLingua_18-51-22 - text sent to lingua is       Home Shorts Subscriptions You
18:52:20 [TestNG-test-Yt Master Tests-2] INFO  verifyingSideMenuCollapsedLangAsInSettingsLingua_18-51-22 - getLangAttribute() - locating <html> and reading lang property
18:52:20 [TestNG-test-Yt Master Tests-2] INFO  verifyingSideMenuCollapsedLangAsInSettingsLingua_18-51-22 - Language attribute read: en-IN
18:52:20 [TestNG-test-Yt Master Tests-2] INFO  verifyingSideMenuCollapsedLangAsInSettingsLingua_18-51-22 - Clicking settings ellipses button...
18:52:20 [TestNG-test-Yt Master Tests-2] INFO  verifyingSideMenuCollapsedLangAsInSettingsLingua_18-51-22 - [verifyingSideMenuCollapsedLangAsInSettingsLingua_18-51-22] Trying to find element: By.xpath: //ytd-topbar-menu-button-renderer[@class='style-scope ytd-masthead style-default']
18:52:20 [TestNG-test-Yt Master Tests-2] INFO  verifyingSideMenuCollapsedLangAsInSettingsLingua_18-51-22 - [verifyingSideMenuCollapsedLangAsInSettingsLingua_18-51-22] Element found and ready (attempt 1): By.xpath: //ytd-topbar-menu-button-renderer[@class='style-scope ytd-masthead style-default']
18:52:20 [TestNG-test-Yt Master Tests-2] INFO  verifyingSideMenuCollapsedLangAsInSettingsLingua_18-51-22 - Clicking language dropdown...
18:52:20 [TestNG-test-Yt Master Tests-2] INFO  verifyingSideMenuCollapsedLangAsInSettingsLingua_18-51-22 - [verifyingSideMenuCollapsedLangAsInSettingsLingua_18-51-22] Trying to find element: By.xpath: (//div[@id='content-icon'])[2]
18:52:21 [TestNG-test-Yt Master Tests-2] INFO  verifyingSideMenuCollapsedLangAsInSettingsLingua_18-51-22 - [verifyingSideMenuCollapsedLangAsInSettingsLingua_18-51-22] Element found and ready (attempt 1): By.xpath: (//div[@id='content-icon'])[2]
18:52:21 [TestNG-test-Yt Master Tests-2] INFO  verifyingSideMenuCollapsedLangAsInSettingsLingua_18-51-22 - [verifyingSideMenuCollapsedLangAsInSettingsLingua_18-51-22] Not retrying test 'verifyingSideMenuCollapsedLangAsInSettingsLingua'. Retry count: 0, Cause: The following asserts failed:
	Language detection mismatch for language=Azərbaycan expected [AZERBAIJANI] but found [TURKISH],
	Language detection mismatch for language=Bahasa Indonesia expected [INDONESIAN] but found [ENGLISH],
	Language detection mismatch for language=Bosanski expected [CROATIAN] but found [BOSNIAN]
