17:04:35 [TestNG-test-Yt Master Tests-1] INFO  verifyingSettingOptionsLang_17-04-35 - No existing WebDriver found for current thread. Initializing a new ChromeDriver...
17:04:35 [TestNG-test-Yt Master Tests-1] INFO  verifyingSettingOptionsLang_17-04-35 - WebDriverManager: chromedriver setup OK
17:04:38 [TestNG-test-Yt Master Tests-1] INFO  verifyingSettingOptionsLang_17-04-35 - ChromeDriver initialized successfully for thread: 34
17:04:38 [TestNG-test-Yt Master Tests-1] INFO  verifyingSettingOptionsLang_17-04-35 - SafeActions initialized with driver ChromeDriver: chrome on windows (8f73074a9770a3763d2a1e5dc586b990)
17:04:38 [TestNG-test-Yt Master Tests-1] INFO  verifyingSettingOptionsLang_17-04-35 - Initialized YtLandingPage with driver: ChromeDriver: chrome on windows (8f73074a9770a3763d2a1e5dc586b990)
17:04:38 [TestNG-test-Yt Master Tests-1] INFO  verifyingSettingOptionsLang_17-04-35 - SafeActions initialized with driver ChromeDriver: chrome on windows (8f73074a9770a3763d2a1e5dc586b990)
17:05:21 [TestNG-test-Yt Master Tests-1] INFO  verifyingSettingOptionsLang_17-04-35 - Opened YouTube landing page.
17:05:21 [TestNG-test-Yt Master Tests-1] INFO  verifyingSettingOptionsLang_17-04-35 - Clicking settings ellipses button...
17:05:21 [TestNG-test-Yt Master Tests-1] INFO  verifyingSettingOptionsLang_17-04-35 - [verifyingSettingOptionsLang_17-04-35] Trying to find element: By.xpath: //ytd-topbar-menu-button-renderer[@class='style-scope ytd-masthead style-default']
17:05:21 [TestNG-test-Yt Master Tests-1] INFO  verifyingSettingOptionsLang_17-04-35 - [verifyingSettingOptionsLang_17-04-35] Element found and ready (attempt 1): By.xpath: //ytd-topbar-menu-button-renderer[@class='style-scope ytd-masthead style-default']
17:05:21 [TestNG-test-Yt Master Tests-1] INFO  verifyingSettingOptionsLang_17-04-35 - Clicking language dropdown...
17:05:21 [TestNG-test-Yt Master Tests-1] INFO  verifyingSettingOptionsLang_17-04-35 - [verifyingSettingOptionsLang_17-04-35] Trying to find element: By.xpath: (//div[@id='content-icon'])[2]
17:05:22 [TestNG-test-Yt Master Tests-1] INFO  verifyingSettingOptionsLang_17-04-35 - [verifyingSettingOptionsLang_17-04-35] Element found and ready (attempt 1): By.xpath: (//div[@id='content-icon'])[2]
17:05:22 [TestNG-test-Yt Master Tests-1] INFO  verifyingSettingOptionsLang_17-04-35 - [verifyingSettingOptionsLang_17-04-35] Execution is Not CRON Job Hence referring to normal keys from UtilData
17:05:22 [TestNG-test-Yt Master Tests-1] INFO  verifyingSettingOptionsLang_17-04-35 - [verifyingSettingOptionsLang_17-04-35] Row count is == 10
17:05:22 [TestNG-test-Yt Master Tests-1] INFO  verifyingSettingOptionsLang_17-04-35 - Looking for language element with name: Afrikaans
17:05:22 [TestNG-test-Yt Master Tests-1] INFO  verifyingSettingOptionsLang_17-04-35 - [verifyingSettingOptionsLang_17-04-35] Trying to find element: By.xpath: //yt-multi-page-menu-section-renderer[@class='style-scope ytd-multi-page-menu-renderer']//yt-formatted-string[@id='label' and text()='Afrikaans']
17:05:22 [TestNG-test-Yt Master Tests-1] INFO  verifyingSettingOptionsLang_17-04-35 - [verifyingSettingOptionsLang_17-04-35] Element found and ready (attempt 1): By.xpath: //yt-multi-page-menu-section-renderer[@class='style-scope ytd-multi-page-menu-renderer']//yt-formatted-string[@id='label' and text()='Afrikaans']
17:05:22 [TestNG-test-Yt Master Tests-1] INFO  verifyingSettingOptionsLang_17-04-35 - [verifyingSettingOptionsLang_17-04-35] Trying to find element: By.xpath: //yt-multi-page-menu-section-renderer[@class='style-scope ytd-multi-page-menu-renderer']//yt-formatted-string[@id='label' and text()='Afrikaans']
17:05:22 [TestNG-test-Yt Master Tests-1] INFO  verifyingSettingOptionsLang_17-04-35 - [verifyingSettingOptionsLang_17-04-35] Element found and ready (attempt 1): By.xpath: //yt-multi-page-menu-section-renderer[@class='style-scope ytd-multi-page-menu-renderer']//yt-formatted-string[@id='label' and text()='Afrikaans']
17:05:25 [TestNG-test-Yt Master Tests-1] INFO  verifyingSettingOptionsLang_17-04-35 - Clicking settings ellipses button...
17:05:25 [TestNG-test-Yt Master Tests-1] INFO  verifyingSettingOptionsLang_17-04-35 - [verifyingSettingOptionsLang_17-04-35] Trying to find element: By.xpath: //ytd-topbar-menu-button-renderer[@class='style-scope ytd-masthead style-default']
17:05:25 [TestNG-test-Yt Master Tests-1] INFO  verifyingSettingOptionsLang_17-04-35 - [verifyingSettingOptionsLang_17-04-35] Element found and ready (attempt 1): By.xpath: //ytd-topbar-menu-button-renderer[@class='style-scope ytd-masthead style-default']
17:05:25 [TestNG-test-Yt Master Tests-1] INFO  verifyingSettingOptionsLang_17-04-35 - [verifyingSettingOptionsLang_17-04-35] Waiting until element is visible in viewport
17:05:26 [TestNG-test-Yt Master Tests-1] INFO  verifyingSettingOptionsLang_17-04-35 - Clicking settings ellipses button...
17:05:26 [TestNG-test-Yt Master Tests-1] INFO  verifyingSettingOptionsLang_17-04-35 - [verifyingSettingOptionsLang_17-04-35] Trying to find element: By.xpath: //ytd-topbar-menu-button-renderer[@class='style-scope ytd-masthead style-default']
17:05:26 [TestNG-test-Yt Master Tests-1] INFO  verifyingSettingOptionsLang_17-04-35 - [verifyingSettingOptionsLang_17-04-35] Element found and ready (attempt 1): By.xpath: //ytd-topbar-menu-button-renderer[@class='style-scope ytd-masthead style-default']
17:05:26 [TestNG-test-Yt Master Tests-1] INFO  verifyingSettingOptionsLang_17-04-35 - Clicking settings ellipses button...
17:05:26 [TestNG-test-Yt Master Tests-1] INFO  verifyingSettingOptionsLang_17-04-35 - [verifyingSettingOptionsLang_17-04-35] Trying to find element: By.xpath: //ytd-topbar-menu-button-renderer[@class='style-scope ytd-masthead style-default']
17:05:26 [TestNG-test-Yt Master Tests-1] INFO  verifyingSettingOptionsLang_17-04-35 - [verifyingSettingOptionsLang_17-04-35] Element found and ready (attempt 1): By.xpath: //ytd-topbar-menu-button-renderer[@class='style-scope ytd-masthead style-default']
17:05:26 [TestNG-test-Yt Master Tests-1] INFO  verifyingSettingOptionsLang_17-04-35 - Getting the setting ellipses options
17:05:26 [TestNG-test-Yt Master Tests-1] INFO  verifyingSettingOptionsLang_17-04-35 - [verifyingSettingOptionsLang_17-04-35] Trying to find element: By.xpath: //ytd-multi-page-menu-renderer
17:05:26 [TestNG-test-Yt Master Tests-1] INFO  verifyingSettingOptionsLang_17-04-35 - [verifyingSettingOptionsLang_17-04-35] Element found and ready (attempt 1): By.xpath: //ytd-multi-page-menu-renderer
17:05:26 [TestNG-test-Yt Master Tests-1] INFO  verifyingSettingOptionsLang_17-04-35 - Clicking settings ellipses button...
17:05:26 [TestNG-test-Yt Master Tests-1] INFO  verifyingSettingOptionsLang_17-04-35 - [verifyingSettingOptionsLang_17-04-35] Trying to find element: By.xpath: //ytd-topbar-menu-button-renderer[@class='style-scope ytd-masthead style-default']
17:05:27 [TestNG-test-Yt Master Tests-1] INFO  verifyingSettingOptionsLang_17-04-35 - [verifyingSettingOptionsLang_17-04-35] Element found and ready (attempt 1): By.xpath: //ytd-topbar-menu-button-renderer[@class='style-scope ytd-masthead style-default']
17:05:27 [TestNG-test-Yt Master Tests-1] INFO  verifyingSettingOptionsLang_17-04-35 - getLangAttribute() - locating <html> and reading lang property
17:05:27 [TestNG-test-Yt Master Tests-1] INFO  verifyingSettingOptionsLang_17-04-35 - Language attribute read: af-ZA
17:05:27 [TestNG-test-Yt Master Tests-1] INFO  verifyingSettingOptionsLang_17-04-35 - Clicking settings ellipses button...
17:05:27 [TestNG-test-Yt Master Tests-1] INFO  verifyingSettingOptionsLang_17-04-35 - [verifyingSettingOptionsLang_17-04-35] Trying to find element: By.xpath: //ytd-topbar-menu-button-renderer[@class='style-scope ytd-masthead style-default']
17:05:27 [TestNG-test-Yt Master Tests-1] INFO  verifyingSettingOptionsLang_17-04-35 - [verifyingSettingOptionsLang_17-04-35] Element found and ready (attempt 1): By.xpath: //ytd-topbar-menu-button-renderer[@class='style-scope ytd-masthead style-default']
17:05:27 [TestNG-test-Yt Master Tests-1] INFO  verifyingSettingOptionsLang_17-04-35 - Clicking language dropdown...
17:05:27 [TestNG-test-Yt Master Tests-1] INFO  verifyingSettingOptionsLang_17-04-35 - [verifyingSettingOptionsLang_17-04-35] Trying to find element: By.xpath: (//div[@id='content-icon'])[2]
17:05:28 [TestNG-test-Yt Master Tests-1] INFO  verifyingSettingOptionsLang_17-04-35 - [verifyingSettingOptionsLang_17-04-35] Element found and ready (attempt 1): By.xpath: (//div[@id='content-icon'])[2]
17:05:28 [TestNG-test-Yt Master Tests-1] INFO  verifyingSettingOptionsLang_17-04-35 - Looking for language element with name: Azərbaycan
17:05:28 [TestNG-test-Yt Master Tests-1] INFO  verifyingSettingOptionsLang_17-04-35 - [verifyingSettingOptionsLang_17-04-35] Trying to find element: By.xpath: //yt-multi-page-menu-section-renderer[@class='style-scope ytd-multi-page-menu-renderer']//yt-formatted-string[@id='label' and text()='Azərbaycan']
17:05:28 [TestNG-test-Yt Master Tests-1] INFO  verifyingSettingOptionsLang_17-04-35 - [verifyingSettingOptionsLang_17-04-35] Element found and ready (attempt 1): By.xpath: //yt-multi-page-menu-section-renderer[@class='style-scope ytd-multi-page-menu-renderer']//yt-formatted-string[@id='label' and text()='Azərbaycan']
17:05:28 [TestNG-test-Yt Master Tests-1] INFO  verifyingSettingOptionsLang_17-04-35 - [verifyingSettingOptionsLang_17-04-35] Trying to find element: By.xpath: //yt-multi-page-menu-section-renderer[@class='style-scope ytd-multi-page-menu-renderer']//yt-formatted-string[@id='label' and text()='Azərbaycan']
17:05:28 [TestNG-test-Yt Master Tests-1] INFO  verifyingSettingOptionsLang_17-04-35 - [verifyingSettingOptionsLang_17-04-35] Element found and ready (attempt 1): By.xpath: //yt-multi-page-menu-section-renderer[@class='style-scope ytd-multi-page-menu-renderer']//yt-formatted-string[@id='label' and text()='Azərbaycan']
17:05:30 [TestNG-test-Yt Master Tests-1] INFO  verifyingSettingOptionsLang_17-04-35 - Clicking settings ellipses button...
17:05:30 [TestNG-test-Yt Master Tests-1] INFO  verifyingSettingOptionsLang_17-04-35 - [verifyingSettingOptionsLang_17-04-35] Trying to find element: By.xpath: //ytd-topbar-menu-button-renderer[@class='style-scope ytd-masthead style-default']
17:05:31 [TestNG-test-Yt Master Tests-1] INFO  verifyingSettingOptionsLang_17-04-35 - [verifyingSettingOptionsLang_17-04-35] Element found and ready (attempt 1): By.xpath: //ytd-topbar-menu-button-renderer[@class='style-scope ytd-masthead style-default']
17:05:31 [TestNG-test-Yt Master Tests-1] INFO  verifyingSettingOptionsLang_17-04-35 - [verifyingSettingOptionsLang_17-04-35] Waiting until element is visible in viewport
17:05:32 [TestNG-test-Yt Master Tests-1] INFO  verifyingSettingOptionsLang_17-04-35 - Clicking settings ellipses button...
17:05:32 [TestNG-test-Yt Master Tests-1] INFO  verifyingSettingOptionsLang_17-04-35 - [verifyingSettingOptionsLang_17-04-35] Trying to find element: By.xpath: //ytd-topbar-menu-button-renderer[@class='style-scope ytd-masthead style-default']
17:05:32 [TestNG-test-Yt Master Tests-1] INFO  verifyingSettingOptionsLang_17-04-35 - [verifyingSettingOptionsLang_17-04-35] Element found and ready (attempt 1): By.xpath: //ytd-topbar-menu-button-renderer[@class='style-scope ytd-masthead style-default']
17:05:32 [TestNG-test-Yt Master Tests-1] INFO  verifyingSettingOptionsLang_17-04-35 - Clicking settings ellipses button...
17:05:32 [TestNG-test-Yt Master Tests-1] INFO  verifyingSettingOptionsLang_17-04-35 - [verifyingSettingOptionsLang_17-04-35] Trying to find element: By.xpath: //ytd-topbar-menu-button-renderer[@class='style-scope ytd-masthead style-default']
17:05:32 [TestNG-test-Yt Master Tests-1] INFO  verifyingSettingOptionsLang_17-04-35 - [verifyingSettingOptionsLang_17-04-35] Element found and ready (attempt 1): By.xpath: //ytd-topbar-menu-button-renderer[@class='style-scope ytd-masthead style-default']
17:05:32 [TestNG-test-Yt Master Tests-1] INFO  verifyingSettingOptionsLang_17-04-35 - Getting the setting ellipses options
17:05:32 [TestNG-test-Yt Master Tests-1] INFO  verifyingSettingOptionsLang_17-04-35 - [verifyingSettingOptionsLang_17-04-35] Trying to find element: By.xpath: //ytd-multi-page-menu-renderer
17:05:33 [TestNG-test-Yt Master Tests-1] INFO  verifyingSettingOptionsLang_17-04-35 - [verifyingSettingOptionsLang_17-04-35] Element found and ready (attempt 1): By.xpath: //ytd-multi-page-menu-renderer
17:05:33 [TestNG-test-Yt Master Tests-1] INFO  verifyingSettingOptionsLang_17-04-35 - Clicking settings ellipses button...
17:05:33 [TestNG-test-Yt Master Tests-1] INFO  verifyingSettingOptionsLang_17-04-35 - [verifyingSettingOptionsLang_17-04-35] Trying to find element: By.xpath: //ytd-topbar-menu-button-renderer[@class='style-scope ytd-masthead style-default']
17:05:33 [TestNG-test-Yt Master Tests-1] INFO  verifyingSettingOptionsLang_17-04-35 - [verifyingSettingOptionsLang_17-04-35] Element found and ready (attempt 1): By.xpath: //ytd-topbar-menu-button-renderer[@class='style-scope ytd-masthead style-default']
17:05:33 [TestNG-test-Yt Master Tests-1] INFO  verifyingSettingOptionsLang_17-04-35 - 
========== LANGUAGE DETECTION ==========
Detected Language : AZERBAIJANI
Input Text        : YouTube Datanız
Görünüş: Açıq
Displey dili:
azərbaycan
Limitli Rejim: Deaktiv
Məkan:
Amerika Birləşmiş Ştatları
Klaviatura qısayolları
Ayarlar
Yardım
Rəy göndərin
========================================
17:05:33 [TestNG-test-Yt Master Tests-1] INFO  verifyingSettingOptionsLang_17-04-35 - getLangAttribute() - locating <html> and reading lang property
17:05:33 [TestNG-test-Yt Master Tests-1] INFO  verifyingSettingOptionsLang_17-04-35 - Language attribute read: az-Latn-AZ
17:05:33 [TestNG-test-Yt Master Tests-1] INFO  verifyingSettingOptionsLang_17-04-35 - Clicking settings ellipses button...
17:05:33 [TestNG-test-Yt Master Tests-1] INFO  verifyingSettingOptionsLang_17-04-35 - [verifyingSettingOptionsLang_17-04-35] Trying to find element: By.xpath: //ytd-topbar-menu-button-renderer[@class='style-scope ytd-masthead style-default']
17:05:33 [TestNG-test-Yt Master Tests-1] INFO  verifyingSettingOptionsLang_17-04-35 - [verifyingSettingOptionsLang_17-04-35] Element found and ready (attempt 1): By.xpath: //ytd-topbar-menu-button-renderer[@class='style-scope ytd-masthead style-default']
17:05:33 [TestNG-test-Yt Master Tests-1] INFO  verifyingSettingOptionsLang_17-04-35 - Clicking language dropdown...
17:05:33 [TestNG-test-Yt Master Tests-1] INFO  verifyingSettingOptionsLang_17-04-35 - [verifyingSettingOptionsLang_17-04-35] Trying to find element: By.xpath: (//div[@id='content-icon'])[2]
17:05:34 [TestNG-test-Yt Master Tests-1] INFO  verifyingSettingOptionsLang_17-04-35 - [verifyingSettingOptionsLang_17-04-35] Element found and ready (attempt 1): By.xpath: (//div[@id='content-icon'])[2]
17:05:35 [TestNG-test-Yt Master Tests-1] INFO  verifyingSettingOptionsLang_17-04-35 - Looking for language element with name: Bahasa Indonesia
17:05:35 [TestNG-test-Yt Master Tests-1] INFO  verifyingSettingOptionsLang_17-04-35 - [verifyingSettingOptionsLang_17-04-35] Trying to find element: By.xpath: //yt-multi-page-menu-section-renderer[@class='style-scope ytd-multi-page-menu-renderer']//yt-formatted-string[@id='label' and text()='Bahasa Indonesia']
17:05:35 [TestNG-test-Yt Master Tests-1] INFO  verifyingSettingOptionsLang_17-04-35 - [verifyingSettingOptionsLang_17-04-35] Element found and ready (attempt 1): By.xpath: //yt-multi-page-menu-section-renderer[@class='style-scope ytd-multi-page-menu-renderer']//yt-formatted-string[@id='label' and text()='Bahasa Indonesia']
17:05:35 [TestNG-test-Yt Master Tests-1] INFO  verifyingSettingOptionsLang_17-04-35 - [verifyingSettingOptionsLang_17-04-35] Trying to find element: By.xpath: //yt-multi-page-menu-section-renderer[@class='style-scope ytd-multi-page-menu-renderer']//yt-formatted-string[@id='label' and text()='Bahasa Indonesia']
17:05:35 [TestNG-test-Yt Master Tests-1] INFO  verifyingSettingOptionsLang_17-04-35 - [verifyingSettingOptionsLang_17-04-35] Element found and ready (attempt 1): By.xpath: //yt-multi-page-menu-section-renderer[@class='style-scope ytd-multi-page-menu-renderer']//yt-formatted-string[@id='label' and text()='Bahasa Indonesia']
17:05:36 [TestNG-test-Yt Master Tests-1] INFO  verifyingSettingOptionsLang_17-04-35 - Clicking settings ellipses button...
17:05:36 [TestNG-test-Yt Master Tests-1] INFO  verifyingSettingOptionsLang_17-04-35 - [verifyingSettingOptionsLang_17-04-35] Trying to find element: By.xpath: //ytd-topbar-menu-button-renderer[@class='style-scope ytd-masthead style-default']
17:05:36 [TestNG-test-Yt Master Tests-1] INFO  verifyingSettingOptionsLang_17-04-35 - [verifyingSettingOptionsLang_17-04-35] Element found and ready (attempt 1): By.xpath: //ytd-topbar-menu-button-renderer[@class='style-scope ytd-masthead style-default']
17:05:37 [TestNG-test-Yt Master Tests-1] INFO  verifyingSettingOptionsLang_17-04-35 - [verifyingSettingOptionsLang_17-04-35] Waiting until element is visible in viewport
17:05:37 [TestNG-test-Yt Master Tests-1] INFO  verifyingSettingOptionsLang_17-04-35 - Clicking settings ellipses button...
17:05:37 [TestNG-test-Yt Master Tests-1] INFO  verifyingSettingOptionsLang_17-04-35 - [verifyingSettingOptionsLang_17-04-35] Trying to find element: By.xpath: //ytd-topbar-menu-button-renderer[@class='style-scope ytd-masthead style-default']
17:05:37 [TestNG-test-Yt Master Tests-1] INFO  verifyingSettingOptionsLang_17-04-35 - [verifyingSettingOptionsLang_17-04-35] Element found and ready (attempt 1): By.xpath: //ytd-topbar-menu-button-renderer[@class='style-scope ytd-masthead style-default']
17:05:37 [TestNG-test-Yt Master Tests-1] INFO  verifyingSettingOptionsLang_17-04-35 - Clicking settings ellipses button...
17:05:37 [TestNG-test-Yt Master Tests-1] INFO  verifyingSettingOptionsLang_17-04-35 - [verifyingSettingOptionsLang_17-04-35] Trying to find element: By.xpath: //ytd-topbar-menu-button-renderer[@class='style-scope ytd-masthead style-default']
17:05:37 [TestNG-test-Yt Master Tests-1] INFO  verifyingSettingOptionsLang_17-04-35 - [verifyingSettingOptionsLang_17-04-35] Element found and ready (attempt 1): By.xpath: //ytd-topbar-menu-button-renderer[@class='style-scope ytd-masthead style-default']
17:05:38 [TestNG-test-Yt Master Tests-1] INFO  verifyingSettingOptionsLang_17-04-35 - Getting the setting ellipses options
17:05:38 [TestNG-test-Yt Master Tests-1] INFO  verifyingSettingOptionsLang_17-04-35 - [verifyingSettingOptionsLang_17-04-35] Trying to find element: By.xpath: //ytd-multi-page-menu-renderer
17:05:38 [TestNG-test-Yt Master Tests-1] INFO  verifyingSettingOptionsLang_17-04-35 - [verifyingSettingOptionsLang_17-04-35] Element found and ready (attempt 1): By.xpath: //ytd-multi-page-menu-renderer
17:05:38 [TestNG-test-Yt Master Tests-1] INFO  verifyingSettingOptionsLang_17-04-35 - Clicking settings ellipses button...
17:05:38 [TestNG-test-Yt Master Tests-1] INFO  verifyingSettingOptionsLang_17-04-35 - [verifyingSettingOptionsLang_17-04-35] Trying to find element: By.xpath: //ytd-topbar-menu-button-renderer[@class='style-scope ytd-masthead style-default']
17:05:38 [TestNG-test-Yt Master Tests-1] INFO  verifyingSettingOptionsLang_17-04-35 - [verifyingSettingOptionsLang_17-04-35] Element found and ready (attempt 1): By.xpath: //ytd-topbar-menu-button-renderer[@class='style-scope ytd-masthead style-default']
17:05:38 [TestNG-test-Yt Master Tests-1] INFO  verifyingSettingOptionsLang_17-04-35 - 
========== LANGUAGE DETECTION ==========
Detected Language : INDONESIAN
Input Text        : Data Anda di YouTube
Tampilan: Terang
Bahasa tampilan:
Indonesia
Mode Terbatas: Nonaktif
Lokasi:
Amerika Serikat
Pintasan keyboard
Setelan
Bantuan
Kirim masukan
========================================
17:05:38 [TestNG-test-Yt Master Tests-1] INFO  verifyingSettingOptionsLang_17-04-35 - getLangAttribute() - locating <html> and reading lang property
17:05:38 [TestNG-test-Yt Master Tests-1] INFO  verifyingSettingOptionsLang_17-04-35 - Language attribute read: id-ID
17:05:38 [TestNG-test-Yt Master Tests-1] INFO  verifyingSettingOptionsLang_17-04-35 - Clicking settings ellipses button...
17:05:38 [TestNG-test-Yt Master Tests-1] INFO  verifyingSettingOptionsLang_17-04-35 - [verifyingSettingOptionsLang_17-04-35] Trying to find element: By.xpath: //ytd-topbar-menu-button-renderer[@class='style-scope ytd-masthead style-default']
17:05:38 [TestNG-test-Yt Master Tests-1] INFO  verifyingSettingOptionsLang_17-04-35 - [verifyingSettingOptionsLang_17-04-35] Element found and ready (attempt 1): By.xpath: //ytd-topbar-menu-button-renderer[@class='style-scope ytd-masthead style-default']
17:05:38 [TestNG-test-Yt Master Tests-1] INFO  verifyingSettingOptionsLang_17-04-35 - Clicking language dropdown...
17:05:38 [TestNG-test-Yt Master Tests-1] INFO  verifyingSettingOptionsLang_17-04-35 - [verifyingSettingOptionsLang_17-04-35] Trying to find element: By.xpath: (//div[@id='content-icon'])[2]
17:05:39 [TestNG-test-Yt Master Tests-1] INFO  verifyingSettingOptionsLang_17-04-35 - [verifyingSettingOptionsLang_17-04-35] Element found and ready (attempt 1): By.xpath: (//div[@id='content-icon'])[2]
17:05:39 [TestNG-test-Yt Master Tests-1] INFO  verifyingSettingOptionsLang_17-04-35 - Looking for language element with name: Bosanski
17:05:39 [TestNG-test-Yt Master Tests-1] INFO  verifyingSettingOptionsLang_17-04-35 - [verifyingSettingOptionsLang_17-04-35] Trying to find element: By.xpath: //yt-multi-page-menu-section-renderer[@class='style-scope ytd-multi-page-menu-renderer']//yt-formatted-string[@id='label' and text()='Bosanski']
17:05:39 [TestNG-test-Yt Master Tests-1] INFO  verifyingSettingOptionsLang_17-04-35 - [verifyingSettingOptionsLang_17-04-35] Element found and ready (attempt 1): By.xpath: //yt-multi-page-menu-section-renderer[@class='style-scope ytd-multi-page-menu-renderer']//yt-formatted-string[@id='label' and text()='Bosanski']
17:05:39 [TestNG-test-Yt Master Tests-1] INFO  verifyingSettingOptionsLang_17-04-35 - [verifyingSettingOptionsLang_17-04-35] Trying to find element: By.xpath: //yt-multi-page-menu-section-renderer[@class='style-scope ytd-multi-page-menu-renderer']//yt-formatted-string[@id='label' and text()='Bosanski']
17:05:39 [TestNG-test-Yt Master Tests-1] INFO  verifyingSettingOptionsLang_17-04-35 - [verifyingSettingOptionsLang_17-04-35] Element found and ready (attempt 1): By.xpath: //yt-multi-page-menu-section-renderer[@class='style-scope ytd-multi-page-menu-renderer']//yt-formatted-string[@id='label' and text()='Bosanski']
17:05:40 [TestNG-test-Yt Master Tests-1] INFO  verifyingSettingOptionsLang_17-04-35 - Clicking settings ellipses button...
17:05:41 [TestNG-test-Yt Master Tests-1] INFO  verifyingSettingOptionsLang_17-04-35 - [verifyingSettingOptionsLang_17-04-35] Trying to find element: By.xpath: //ytd-topbar-menu-button-renderer[@class='style-scope ytd-masthead style-default']
17:05:41 [TestNG-test-Yt Master Tests-1] INFO  verifyingSettingOptionsLang_17-04-35 - [verifyingSettingOptionsLang_17-04-35] Element found and ready (attempt 1): By.xpath: //ytd-topbar-menu-button-renderer[@class='style-scope ytd-masthead style-default']
17:05:41 [TestNG-test-Yt Master Tests-1] INFO  verifyingSettingOptionsLang_17-04-35 - [verifyingSettingOptionsLang_17-04-35] Waiting until element is visible in viewport
17:05:41 [TestNG-test-Yt Master Tests-1] INFO  verifyingSettingOptionsLang_17-04-35 - Clicking settings ellipses button...
17:05:41 [TestNG-test-Yt Master Tests-1] INFO  verifyingSettingOptionsLang_17-04-35 - [verifyingSettingOptionsLang_17-04-35] Trying to find element: By.xpath: //ytd-topbar-menu-button-renderer[@class='style-scope ytd-masthead style-default']
17:05:41 [TestNG-test-Yt Master Tests-1] INFO  verifyingSettingOptionsLang_17-04-35 - [verifyingSettingOptionsLang_17-04-35] Element found and ready (attempt 1): By.xpath: //ytd-topbar-menu-button-renderer[@class='style-scope ytd-masthead style-default']
17:05:42 [TestNG-test-Yt Master Tests-1] INFO  verifyingSettingOptionsLang_17-04-35 - Clicking settings ellipses button...
17:05:42 [TestNG-test-Yt Master Tests-1] INFO  verifyingSettingOptionsLang_17-04-35 - [verifyingSettingOptionsLang_17-04-35] Trying to find element: By.xpath: //ytd-topbar-menu-button-renderer[@class='style-scope ytd-masthead style-default']
17:05:42 [TestNG-test-Yt Master Tests-1] INFO  verifyingSettingOptionsLang_17-04-35 - [verifyingSettingOptionsLang_17-04-35] Element found and ready (attempt 1): By.xpath: //ytd-topbar-menu-button-renderer[@class='style-scope ytd-masthead style-default']
17:05:42 [TestNG-test-Yt Master Tests-1] INFO  verifyingSettingOptionsLang_17-04-35 - Getting the setting ellipses options
17:05:42 [TestNG-test-Yt Master Tests-1] INFO  verifyingSettingOptionsLang_17-04-35 - [verifyingSettingOptionsLang_17-04-35] Trying to find element: By.xpath: //ytd-multi-page-menu-renderer
17:05:42 [TestNG-test-Yt Master Tests-1] INFO  verifyingSettingOptionsLang_17-04-35 - [verifyingSettingOptionsLang_17-04-35] Element found and ready (attempt 1): By.xpath: //ytd-multi-page-menu-renderer
17:05:42 [TestNG-test-Yt Master Tests-1] INFO  verifyingSettingOptionsLang_17-04-35 - Clicking settings ellipses button...
17:05:42 [TestNG-test-Yt Master Tests-1] INFO  verifyingSettingOptionsLang_17-04-35 - [verifyingSettingOptionsLang_17-04-35] Trying to find element: By.xpath: //ytd-topbar-menu-button-renderer[@class='style-scope ytd-masthead style-default']
17:05:42 [TestNG-test-Yt Master Tests-1] INFO  verifyingSettingOptionsLang_17-04-35 - [verifyingSettingOptionsLang_17-04-35] Element found and ready (attempt 1): By.xpath: //ytd-topbar-menu-button-renderer[@class='style-scope ytd-masthead style-default']
17:05:42 [TestNG-test-Yt Master Tests-1] INFO  verifyingSettingOptionsLang_17-04-35 - 
========== LANGUAGE DETECTION ==========
Detected Language : BOSNIAN
Input Text        : Vaši podaci na YouTubeu
Izgled: svijetla tema
Jezik prikaza:
bosanski
Ograničeni način rada: isključeno
Lokacija:
Sjedinjene Američke Države
Prečice na tastaturi
Postavke
Pomoć
Pošaljite povratne informacije
========================================
17:05:42 [TestNG-test-Yt Master Tests-1] INFO  verifyingSettingOptionsLang_17-04-35 - getLangAttribute() - locating <html> and reading lang property
17:05:42 [TestNG-test-Yt Master Tests-1] INFO  verifyingSettingOptionsLang_17-04-35 - Language attribute read: bs-Latn-BA
17:05:42 [TestNG-test-Yt Master Tests-1] INFO  verifyingSettingOptionsLang_17-04-35 - Clicking settings ellipses button...
17:05:42 [TestNG-test-Yt Master Tests-1] INFO  verifyingSettingOptionsLang_17-04-35 - [verifyingSettingOptionsLang_17-04-35] Trying to find element: By.xpath: //ytd-topbar-menu-button-renderer[@class='style-scope ytd-masthead style-default']
17:05:42 [TestNG-test-Yt Master Tests-1] INFO  verifyingSettingOptionsLang_17-04-35 - [verifyingSettingOptionsLang_17-04-35] Element found and ready (attempt 1): By.xpath: //ytd-topbar-menu-button-renderer[@class='style-scope ytd-masthead style-default']
17:05:42 [TestNG-test-Yt Master Tests-1] INFO  verifyingSettingOptionsLang_17-04-35 - Clicking language dropdown...
17:05:42 [TestNG-test-Yt Master Tests-1] INFO  verifyingSettingOptionsLang_17-04-35 - [verifyingSettingOptionsLang_17-04-35] Trying to find element: By.xpath: (//div[@id='content-icon'])[2]
17:05:43 [TestNG-test-Yt Master Tests-1] INFO  verifyingSettingOptionsLang_17-04-35 - [verifyingSettingOptionsLang_17-04-35] Element found and ready (attempt 1): By.xpath: (//div[@id='content-icon'])[2]
17:05:43 [TestNG-test-Yt Master Tests-1] INFO  verifyingSettingOptionsLang_17-04-35 - Looking for language element with name: Català
17:05:43 [TestNG-test-Yt Master Tests-1] INFO  verifyingSettingOptionsLang_17-04-35 - [verifyingSettingOptionsLang_17-04-35] Trying to find element: By.xpath: //yt-multi-page-menu-section-renderer[@class='style-scope ytd-multi-page-menu-renderer']//yt-formatted-string[@id='label' and text()='Català']
17:05:43 [TestNG-test-Yt Master Tests-1] INFO  verifyingSettingOptionsLang_17-04-35 - [verifyingSettingOptionsLang_17-04-35] Element found and ready (attempt 1): By.xpath: //yt-multi-page-menu-section-renderer[@class='style-scope ytd-multi-page-menu-renderer']//yt-formatted-string[@id='label' and text()='Català']
17:05:43 [TestNG-test-Yt Master Tests-1] INFO  verifyingSettingOptionsLang_17-04-35 - [verifyingSettingOptionsLang_17-04-35] Trying to find element: By.xpath: //yt-multi-page-menu-section-renderer[@class='style-scope ytd-multi-page-menu-renderer']//yt-formatted-string[@id='label' and text()='Català']
17:05:44 [TestNG-test-Yt Master Tests-1] INFO  verifyingSettingOptionsLang_17-04-35 - [verifyingSettingOptionsLang_17-04-35] Element found and ready (attempt 1): By.xpath: //yt-multi-page-menu-section-renderer[@class='style-scope ytd-multi-page-menu-renderer']//yt-formatted-string[@id='label' and text()='Català']
17:05:45 [TestNG-test-Yt Master Tests-1] INFO  verifyingSettingOptionsLang_17-04-35 - Clicking settings ellipses button...
17:05:45 [TestNG-test-Yt Master Tests-1] INFO  verifyingSettingOptionsLang_17-04-35 - [verifyingSettingOptionsLang_17-04-35] Trying to find element: By.xpath: //ytd-topbar-menu-button-renderer[@class='style-scope ytd-masthead style-default']
17:05:45 [TestNG-test-Yt Master Tests-1] INFO  verifyingSettingOptionsLang_17-04-35 - [verifyingSettingOptionsLang_17-04-35] Element found and ready (attempt 1): By.xpath: //ytd-topbar-menu-button-renderer[@class='style-scope ytd-masthead style-default']
17:05:45 [TestNG-test-Yt Master Tests-1] INFO  verifyingSettingOptionsLang_17-04-35 - [verifyingSettingOptionsLang_17-04-35] Waiting until element is visible in viewport
17:05:46 [TestNG-test-Yt Master Tests-1] INFO  verifyingSettingOptionsLang_17-04-35 - Clicking settings ellipses button...
17:05:46 [TestNG-test-Yt Master Tests-1] INFO  verifyingSettingOptionsLang_17-04-35 - [verifyingSettingOptionsLang_17-04-35] Trying to find element: By.xpath: //ytd-topbar-menu-button-renderer[@class='style-scope ytd-masthead style-default']
17:05:47 [TestNG-test-Yt Master Tests-1] INFO  verifyingSettingOptionsLang_17-04-35 - [verifyingSettingOptionsLang_17-04-35] Element found and ready (attempt 1): By.xpath: //ytd-topbar-menu-button-renderer[@class='style-scope ytd-masthead style-default']
17:05:47 [TestNG-test-Yt Master Tests-1] INFO  verifyingSettingOptionsLang_17-04-35 - Clicking settings ellipses button...
17:05:47 [TestNG-test-Yt Master Tests-1] INFO  verifyingSettingOptionsLang_17-04-35 - [verifyingSettingOptionsLang_17-04-35] Trying to find element: By.xpath: //ytd-topbar-menu-button-renderer[@class='style-scope ytd-masthead style-default']
17:05:47 [TestNG-test-Yt Master Tests-1] INFO  verifyingSettingOptionsLang_17-04-35 - [verifyingSettingOptionsLang_17-04-35] Element found and ready (attempt 1): By.xpath: //ytd-topbar-menu-button-renderer[@class='style-scope ytd-masthead style-default']
17:05:47 [TestNG-test-Yt Master Tests-1] INFO  verifyingSettingOptionsLang_17-04-35 - Getting the setting ellipses options
17:05:47 [TestNG-test-Yt Master Tests-1] INFO  verifyingSettingOptionsLang_17-04-35 - [verifyingSettingOptionsLang_17-04-35] Trying to find element: By.xpath: //ytd-multi-page-menu-renderer
17:05:47 [TestNG-test-Yt Master Tests-1] INFO  verifyingSettingOptionsLang_17-04-35 - [verifyingSettingOptionsLang_17-04-35] Element found and ready (attempt 1): By.xpath: //ytd-multi-page-menu-renderer
17:05:47 [TestNG-test-Yt Master Tests-1] INFO  verifyingSettingOptionsLang_17-04-35 - Clicking settings ellipses button...
17:05:47 [TestNG-test-Yt Master Tests-1] INFO  verifyingSettingOptionsLang_17-04-35 - [verifyingSettingOptionsLang_17-04-35] Trying to find element: By.xpath: //ytd-topbar-menu-button-renderer[@class='style-scope ytd-masthead style-default']
17:05:47 [TestNG-test-Yt Master Tests-1] INFO  verifyingSettingOptionsLang_17-04-35 - [verifyingSettingOptionsLang_17-04-35] Element found and ready (attempt 1): By.xpath: //ytd-topbar-menu-button-renderer[@class='style-scope ytd-masthead style-default']
17:05:47 [TestNG-test-Yt Master Tests-1] INFO  verifyingSettingOptionsLang_17-04-35 - 
========== LANGUAGE DETECTION ==========
Detected Language : CATALAN
Input Text        : Les teves dades a YouTube
Aparença: clar
Idioma visible:
català
Mode restringit: desactivat
Ubicació:
Estats Units
Tecles de drecera
Configuració
Ajuda
Envia suggeriments
========================================
17:05:47 [TestNG-test-Yt Master Tests-1] INFO  verifyingSettingOptionsLang_17-04-35 - getLangAttribute() - locating <html> and reading lang property
17:05:47 [TestNG-test-Yt Master Tests-1] INFO  verifyingSettingOptionsLang_17-04-35 - Language attribute read: ca-ES
17:05:47 [TestNG-test-Yt Master Tests-1] INFO  verifyingSettingOptionsLang_17-04-35 - Clicking settings ellipses button...
17:05:47 [TestNG-test-Yt Master Tests-1] INFO  verifyingSettingOptionsLang_17-04-35 - [verifyingSettingOptionsLang_17-04-35] Trying to find element: By.xpath: //ytd-topbar-menu-button-renderer[@class='style-scope ytd-masthead style-default']
17:05:47 [TestNG-test-Yt Master Tests-1] INFO  verifyingSettingOptionsLang_17-04-35 - [verifyingSettingOptionsLang_17-04-35] Element found and ready (attempt 1): By.xpath: //ytd-topbar-menu-button-renderer[@class='style-scope ytd-masthead style-default']
17:05:47 [TestNG-test-Yt Master Tests-1] INFO  verifyingSettingOptionsLang_17-04-35 - Clicking language dropdown...
17:05:47 [TestNG-test-Yt Master Tests-1] INFO  verifyingSettingOptionsLang_17-04-35 - [verifyingSettingOptionsLang_17-04-35] Trying to find element: By.xpath: (//div[@id='content-icon'])[2]
17:05:48 [TestNG-test-Yt Master Tests-1] INFO  verifyingSettingOptionsLang_17-04-35 - [verifyingSettingOptionsLang_17-04-35] Element found and ready (attempt 1): By.xpath: (//div[@id='content-icon'])[2]
17:05:48 [TestNG-test-Yt Master Tests-1] INFO  verifyingSettingOptionsLang_17-04-35 - Looking for language element with name: Dansk
17:05:48 [TestNG-test-Yt Master Tests-1] INFO  verifyingSettingOptionsLang_17-04-35 - [verifyingSettingOptionsLang_17-04-35] Trying to find element: By.xpath: //yt-multi-page-menu-section-renderer[@class='style-scope ytd-multi-page-menu-renderer']//yt-formatted-string[@id='label' and text()='Dansk']
17:05:48 [TestNG-test-Yt Master Tests-1] INFO  verifyingSettingOptionsLang_17-04-35 - [verifyingSettingOptionsLang_17-04-35] Element found and ready (attempt 1): By.xpath: //yt-multi-page-menu-section-renderer[@class='style-scope ytd-multi-page-menu-renderer']//yt-formatted-string[@id='label' and text()='Dansk']
17:05:48 [TestNG-test-Yt Master Tests-1] INFO  verifyingSettingOptionsLang_17-04-35 - [verifyingSettingOptionsLang_17-04-35] Trying to find element: By.xpath: //yt-multi-page-menu-section-renderer[@class='style-scope ytd-multi-page-menu-renderer']//yt-formatted-string[@id='label' and text()='Dansk']
17:05:48 [TestNG-test-Yt Master Tests-1] INFO  verifyingSettingOptionsLang_17-04-35 - [verifyingSettingOptionsLang_17-04-35] Element found and ready (attempt 1): By.xpath: //yt-multi-page-menu-section-renderer[@class='style-scope ytd-multi-page-menu-renderer']//yt-formatted-string[@id='label' and text()='Dansk']
17:05:50 [TestNG-test-Yt Master Tests-1] INFO  verifyingSettingOptionsLang_17-04-35 - Clicking settings ellipses button...
17:05:50 [TestNG-test-Yt Master Tests-1] INFO  verifyingSettingOptionsLang_17-04-35 - [verifyingSettingOptionsLang_17-04-35] Trying to find element: By.xpath: //ytd-topbar-menu-button-renderer[@class='style-scope ytd-masthead style-default']
17:05:50 [TestNG-test-Yt Master Tests-1] INFO  verifyingSettingOptionsLang_17-04-35 - [verifyingSettingOptionsLang_17-04-35] Element found and ready (attempt 1): By.xpath: //ytd-topbar-menu-button-renderer[@class='style-scope ytd-masthead style-default']
17:05:51 [TestNG-test-Yt Master Tests-1] INFO  verifyingSettingOptionsLang_17-04-35 - [verifyingSettingOptionsLang_17-04-35] Waiting until element is visible in viewport
17:05:51 [TestNG-test-Yt Master Tests-1] INFO  verifyingSettingOptionsLang_17-04-35 - Clicking settings ellipses button...
17:05:51 [TestNG-test-Yt Master Tests-1] INFO  verifyingSettingOptionsLang_17-04-35 - [verifyingSettingOptionsLang_17-04-35] Trying to find element: By.xpath: //ytd-topbar-menu-button-renderer[@class='style-scope ytd-masthead style-default']
17:05:51 [TestNG-test-Yt Master Tests-1] INFO  verifyingSettingOptionsLang_17-04-35 - [verifyingSettingOptionsLang_17-04-35] Element found and ready (attempt 1): By.xpath: //ytd-topbar-menu-button-renderer[@class='style-scope ytd-masthead style-default']
17:05:52 [TestNG-test-Yt Master Tests-1] INFO  verifyingSettingOptionsLang_17-04-35 - Clicking settings ellipses button...
17:05:52 [TestNG-test-Yt Master Tests-1] INFO  verifyingSettingOptionsLang_17-04-35 - [verifyingSettingOptionsLang_17-04-35] Trying to find element: By.xpath: //ytd-topbar-menu-button-renderer[@class='style-scope ytd-masthead style-default']
17:05:52 [TestNG-test-Yt Master Tests-1] INFO  verifyingSettingOptionsLang_17-04-35 - [verifyingSettingOptionsLang_17-04-35] Element found and ready (attempt 1): By.xpath: //ytd-topbar-menu-button-renderer[@class='style-scope ytd-masthead style-default']
17:05:52 [TestNG-test-Yt Master Tests-1] INFO  verifyingSettingOptionsLang_17-04-35 - Getting the setting ellipses options
17:05:52 [TestNG-test-Yt Master Tests-1] INFO  verifyingSettingOptionsLang_17-04-35 - [verifyingSettingOptionsLang_17-04-35] Trying to find element: By.xpath: //ytd-multi-page-menu-renderer
17:05:52 [TestNG-test-Yt Master Tests-1] INFO  verifyingSettingOptionsLang_17-04-35 - [verifyingSettingOptionsLang_17-04-35] Element found and ready (attempt 1): By.xpath: //ytd-multi-page-menu-renderer
17:05:52 [TestNG-test-Yt Master Tests-1] INFO  verifyingSettingOptionsLang_17-04-35 - Clicking settings ellipses button...
17:05:52 [TestNG-test-Yt Master Tests-1] INFO  verifyingSettingOptionsLang_17-04-35 - [verifyingSettingOptionsLang_17-04-35] Trying to find element: By.xpath: //ytd-topbar-menu-button-renderer[@class='style-scope ytd-masthead style-default']
17:05:52 [TestNG-test-Yt Master Tests-1] INFO  verifyingSettingOptionsLang_17-04-35 - [verifyingSettingOptionsLang_17-04-35] Element found and ready (attempt 1): By.xpath: //ytd-topbar-menu-button-renderer[@class='style-scope ytd-masthead style-default']
17:05:52 [TestNG-test-Yt Master Tests-1] INFO  verifyingSettingOptionsLang_17-04-35 - getLangAttribute() - locating <html> and reading lang property
17:05:52 [TestNG-test-Yt Master Tests-1] INFO  verifyingSettingOptionsLang_17-04-35 - Language attribute read: da-DK
17:05:52 [TestNG-test-Yt Master Tests-1] INFO  verifyingSettingOptionsLang_17-04-35 - Clicking settings ellipses button...
17:05:52 [TestNG-test-Yt Master Tests-1] INFO  verifyingSettingOptionsLang_17-04-35 - [verifyingSettingOptionsLang_17-04-35] Trying to find element: By.xpath: //ytd-topbar-menu-button-renderer[@class='style-scope ytd-masthead style-default']
17:05:52 [TestNG-test-Yt Master Tests-1] INFO  verifyingSettingOptionsLang_17-04-35 - [verifyingSettingOptionsLang_17-04-35] Element found and ready (attempt 1): By.xpath: //ytd-topbar-menu-button-renderer[@class='style-scope ytd-masthead style-default']
17:05:52 [TestNG-test-Yt Master Tests-1] INFO  verifyingSettingOptionsLang_17-04-35 - Clicking language dropdown...
17:05:52 [TestNG-test-Yt Master Tests-1] INFO  verifyingSettingOptionsLang_17-04-35 - [verifyingSettingOptionsLang_17-04-35] Trying to find element: By.xpath: (//div[@id='content-icon'])[2]
17:05:53 [TestNG-test-Yt Master Tests-1] INFO  verifyingSettingOptionsLang_17-04-35 - [verifyingSettingOptionsLang_17-04-35] Element found and ready (attempt 1): By.xpath: (//div[@id='content-icon'])[2]
17:05:53 [TestNG-test-Yt Master Tests-1] INFO  verifyingSettingOptionsLang_17-04-35 - Looking for language element with name: Deutsch
17:05:53 [TestNG-test-Yt Master Tests-1] INFO  verifyingSettingOptionsLang_17-04-35 - [verifyingSettingOptionsLang_17-04-35] Trying to find element: By.xpath: //yt-multi-page-menu-section-renderer[@class='style-scope ytd-multi-page-menu-renderer']//yt-formatted-string[@id='label' and text()='Deutsch']
17:05:54 [TestNG-test-Yt Master Tests-1] INFO  verifyingSettingOptionsLang_17-04-35 - [verifyingSettingOptionsLang_17-04-35] Element found and ready (attempt 1): By.xpath: //yt-multi-page-menu-section-renderer[@class='style-scope ytd-multi-page-menu-renderer']//yt-formatted-string[@id='label' and text()='Deutsch']
17:05:54 [TestNG-test-Yt Master Tests-1] INFO  verifyingSettingOptionsLang_17-04-35 - [verifyingSettingOptionsLang_17-04-35] Trying to find element: By.xpath: //yt-multi-page-menu-section-renderer[@class='style-scope ytd-multi-page-menu-renderer']//yt-formatted-string[@id='label' and text()='Deutsch']
17:05:54 [TestNG-test-Yt Master Tests-1] INFO  verifyingSettingOptionsLang_17-04-35 - [verifyingSettingOptionsLang_17-04-35] Element found and ready (attempt 1): By.xpath: //yt-multi-page-menu-section-renderer[@class='style-scope ytd-multi-page-menu-renderer']//yt-formatted-string[@id='label' and text()='Deutsch']
17:05:55 [TestNG-test-Yt Master Tests-1] INFO  verifyingSettingOptionsLang_17-04-35 - Clicking settings ellipses button...
17:05:55 [TestNG-test-Yt Master Tests-1] INFO  verifyingSettingOptionsLang_17-04-35 - [verifyingSettingOptionsLang_17-04-35] Trying to find element: By.xpath: //ytd-topbar-menu-button-renderer[@class='style-scope ytd-masthead style-default']
17:05:56 [TestNG-test-Yt Master Tests-1] INFO  verifyingSettingOptionsLang_17-04-35 - [verifyingSettingOptionsLang_17-04-35] Element found and ready (attempt 1): By.xpath: //ytd-topbar-menu-button-renderer[@class='style-scope ytd-masthead style-default']
17:05:56 [TestNG-test-Yt Master Tests-1] INFO  verifyingSettingOptionsLang_17-04-35 - [verifyingSettingOptionsLang_17-04-35] Waiting until element is visible in viewport
17:05:56 [TestNG-test-Yt Master Tests-1] INFO  verifyingSettingOptionsLang_17-04-35 - Clicking settings ellipses button...
17:05:56 [TestNG-test-Yt Master Tests-1] INFO  verifyingSettingOptionsLang_17-04-35 - [verifyingSettingOptionsLang_17-04-35] Trying to find element: By.xpath: //ytd-topbar-menu-button-renderer[@class='style-scope ytd-masthead style-default']
17:05:56 [TestNG-test-Yt Master Tests-1] INFO  verifyingSettingOptionsLang_17-04-35 - [verifyingSettingOptionsLang_17-04-35] Element found and ready (attempt 1): By.xpath: //ytd-topbar-menu-button-renderer[@class='style-scope ytd-masthead style-default']
17:05:56 [TestNG-test-Yt Master Tests-1] INFO  verifyingSettingOptionsLang_17-04-35 - Clicking settings ellipses button...
17:05:56 [TestNG-test-Yt Master Tests-1] INFO  verifyingSettingOptionsLang_17-04-35 - [verifyingSettingOptionsLang_17-04-35] Trying to find element: By.xpath: //ytd-topbar-menu-button-renderer[@class='style-scope ytd-masthead style-default']
17:05:57 [TestNG-test-Yt Master Tests-1] INFO  verifyingSettingOptionsLang_17-04-35 - [verifyingSettingOptionsLang_17-04-35] Element found and ready (attempt 1): By.xpath: //ytd-topbar-menu-button-renderer[@class='style-scope ytd-masthead style-default']
17:05:57 [TestNG-test-Yt Master Tests-1] INFO  verifyingSettingOptionsLang_17-04-35 - Getting the setting ellipses options
17:05:57 [TestNG-test-Yt Master Tests-1] INFO  verifyingSettingOptionsLang_17-04-35 - [verifyingSettingOptionsLang_17-04-35] Trying to find element: By.xpath: //ytd-multi-page-menu-renderer
17:05:57 [TestNG-test-Yt Master Tests-1] INFO  verifyingSettingOptionsLang_17-04-35 - [verifyingSettingOptionsLang_17-04-35] Element found and ready (attempt 1): By.xpath: //ytd-multi-page-menu-renderer
17:05:57 [TestNG-test-Yt Master Tests-1] INFO  verifyingSettingOptionsLang_17-04-35 - Clicking settings ellipses button...
17:05:57 [TestNG-test-Yt Master Tests-1] INFO  verifyingSettingOptionsLang_17-04-35 - [verifyingSettingOptionsLang_17-04-35] Trying to find element: By.xpath: //ytd-topbar-menu-button-renderer[@class='style-scope ytd-masthead style-default']
17:05:57 [TestNG-test-Yt Master Tests-1] INFO  verifyingSettingOptionsLang_17-04-35 - [verifyingSettingOptionsLang_17-04-35] Element found and ready (attempt 1): By.xpath: //ytd-topbar-menu-button-renderer[@class='style-scope ytd-masthead style-default']
17:05:57 [TestNG-test-Yt Master Tests-1] INFO  verifyingSettingOptionsLang_17-04-35 - 
========== LANGUAGE DETECTION ==========
Detected Language : GERMAN
Input Text        : Meine Daten auf YouTube
Darstellung: Hell
Anzeigesprache:
Deutsch
Eingeschränkter Modus: Deaktiviert
Ort:
USA
Tastenkombinationen
Einstellungen
Hilfe
Feedback senden
========================================
17:05:57 [TestNG-test-Yt Master Tests-1] INFO  verifyingSettingOptionsLang_17-04-35 - getLangAttribute() - locating <html> and reading lang property
17:05:57 [TestNG-test-Yt Master Tests-1] INFO  verifyingSettingOptionsLang_17-04-35 - Language attribute read: de-DE
17:05:57 [TestNG-test-Yt Master Tests-1] INFO  verifyingSettingOptionsLang_17-04-35 - Clicking settings ellipses button...
17:05:57 [TestNG-test-Yt Master Tests-1] INFO  verifyingSettingOptionsLang_17-04-35 - [verifyingSettingOptionsLang_17-04-35] Trying to find element: By.xpath: //ytd-topbar-menu-button-renderer[@class='style-scope ytd-masthead style-default']
17:05:57 [TestNG-test-Yt Master Tests-1] INFO  verifyingSettingOptionsLang_17-04-35 - [verifyingSettingOptionsLang_17-04-35] Element found and ready (attempt 1): By.xpath: //ytd-topbar-menu-button-renderer[@class='style-scope ytd-masthead style-default']
17:05:57 [TestNG-test-Yt Master Tests-1] INFO  verifyingSettingOptionsLang_17-04-35 - Clicking language dropdown...
17:05:57 [TestNG-test-Yt Master Tests-1] INFO  verifyingSettingOptionsLang_17-04-35 - [verifyingSettingOptionsLang_17-04-35] Trying to find element: By.xpath: (//div[@id='content-icon'])[2]
17:05:58 [TestNG-test-Yt Master Tests-1] INFO  verifyingSettingOptionsLang_17-04-35 - [verifyingSettingOptionsLang_17-04-35] Element found and ready (attempt 1): By.xpath: (//div[@id='content-icon'])[2]
17:05:58 [TestNG-test-Yt Master Tests-1] INFO  verifyingSettingOptionsLang_17-04-35 - Looking for language element with name: Eesti
17:05:58 [TestNG-test-Yt Master Tests-1] INFO  verifyingSettingOptionsLang_17-04-35 - [verifyingSettingOptionsLang_17-04-35] Trying to find element: By.xpath: //yt-multi-page-menu-section-renderer[@class='style-scope ytd-multi-page-menu-renderer']//yt-formatted-string[@id='label' and text()='Eesti']
17:05:58 [TestNG-test-Yt Master Tests-1] INFO  verifyingSettingOptionsLang_17-04-35 - [verifyingSettingOptionsLang_17-04-35] Element found and ready (attempt 1): By.xpath: //yt-multi-page-menu-section-renderer[@class='style-scope ytd-multi-page-menu-renderer']//yt-formatted-string[@id='label' and text()='Eesti']
17:05:58 [TestNG-test-Yt Master Tests-1] INFO  verifyingSettingOptionsLang_17-04-35 - [verifyingSettingOptionsLang_17-04-35] Trying to find element: By.xpath: //yt-multi-page-menu-section-renderer[@class='style-scope ytd-multi-page-menu-renderer']//yt-formatted-string[@id='label' and text()='Eesti']
17:05:58 [TestNG-test-Yt Master Tests-1] INFO  verifyingSettingOptionsLang_17-04-35 - [verifyingSettingOptionsLang_17-04-35] Element found and ready (attempt 1): By.xpath: //yt-multi-page-menu-section-renderer[@class='style-scope ytd-multi-page-menu-renderer']//yt-formatted-string[@id='label' and text()='Eesti']
17:06:02 [TestNG-test-Yt Master Tests-1] INFO  verifyingSettingOptionsLang_17-04-35 - Clicking settings ellipses button...
17:06:02 [TestNG-test-Yt Master Tests-1] INFO  verifyingSettingOptionsLang_17-04-35 - [verifyingSettingOptionsLang_17-04-35] Trying to find element: By.xpath: //ytd-topbar-menu-button-renderer[@class='style-scope ytd-masthead style-default']
17:06:02 [TestNG-test-Yt Master Tests-1] INFO  verifyingSettingOptionsLang_17-04-35 - [verifyingSettingOptionsLang_17-04-35] Element found and ready (attempt 1): By.xpath: //ytd-topbar-menu-button-renderer[@class='style-scope ytd-masthead style-default']
17:06:02 [TestNG-test-Yt Master Tests-1] INFO  verifyingSettingOptionsLang_17-04-35 - [verifyingSettingOptionsLang_17-04-35] Waiting until element is visible in viewport
17:06:02 [TestNG-test-Yt Master Tests-1] INFO  verifyingSettingOptionsLang_17-04-35 - Clicking settings ellipses button...
17:06:02 [TestNG-test-Yt Master Tests-1] INFO  verifyingSettingOptionsLang_17-04-35 - [verifyingSettingOptionsLang_17-04-35] Trying to find element: By.xpath: //ytd-topbar-menu-button-renderer[@class='style-scope ytd-masthead style-default']
17:06:02 [TestNG-test-Yt Master Tests-1] INFO  verifyingSettingOptionsLang_17-04-35 - [verifyingSettingOptionsLang_17-04-35] Element found and ready (attempt 1): By.xpath: //ytd-topbar-menu-button-renderer[@class='style-scope ytd-masthead style-default']
17:06:03 [TestNG-test-Yt Master Tests-1] INFO  verifyingSettingOptionsLang_17-04-35 - Clicking settings ellipses button...
17:06:03 [TestNG-test-Yt Master Tests-1] INFO  verifyingSettingOptionsLang_17-04-35 - [verifyingSettingOptionsLang_17-04-35] Trying to find element: By.xpath: //ytd-topbar-menu-button-renderer[@class='style-scope ytd-masthead style-default']
17:06:03 [TestNG-test-Yt Master Tests-1] INFO  verifyingSettingOptionsLang_17-04-35 - [verifyingSettingOptionsLang_17-04-35] Element found and ready (attempt 1): By.xpath: //ytd-topbar-menu-button-renderer[@class='style-scope ytd-masthead style-default']
17:06:03 [TestNG-test-Yt Master Tests-1] INFO  verifyingSettingOptionsLang_17-04-35 - Getting the setting ellipses options
17:06:03 [TestNG-test-Yt Master Tests-1] INFO  verifyingSettingOptionsLang_17-04-35 - [verifyingSettingOptionsLang_17-04-35] Trying to find element: By.xpath: //ytd-multi-page-menu-renderer
17:06:03 [TestNG-test-Yt Master Tests-1] INFO  verifyingSettingOptionsLang_17-04-35 - [verifyingSettingOptionsLang_17-04-35] Element found and ready (attempt 1): By.xpath: //ytd-multi-page-menu-renderer
17:06:03 [TestNG-test-Yt Master Tests-1] INFO  verifyingSettingOptionsLang_17-04-35 - Clicking settings ellipses button...
17:06:03 [TestNG-test-Yt Master Tests-1] INFO  verifyingSettingOptionsLang_17-04-35 - [verifyingSettingOptionsLang_17-04-35] Trying to find element: By.xpath: //ytd-topbar-menu-button-renderer[@class='style-scope ytd-masthead style-default']
17:06:03 [TestNG-test-Yt Master Tests-1] INFO  verifyingSettingOptionsLang_17-04-35 - [verifyingSettingOptionsLang_17-04-35] Element found and ready (attempt 1): By.xpath: //ytd-topbar-menu-button-renderer[@class='style-scope ytd-masthead style-default']
17:06:03 [TestNG-test-Yt Master Tests-1] INFO  verifyingSettingOptionsLang_17-04-35 - getLangAttribute() - locating <html> and reading lang property
17:06:03 [TestNG-test-Yt Master Tests-1] INFO  verifyingSettingOptionsLang_17-04-35 - Language attribute read: et-EE
17:06:03 [TestNG-test-Yt Master Tests-1] INFO  verifyingSettingOptionsLang_17-04-35 - Clicking settings ellipses button...
17:06:03 [TestNG-test-Yt Master Tests-1] INFO  verifyingSettingOptionsLang_17-04-35 - [verifyingSettingOptionsLang_17-04-35] Trying to find element: By.xpath: //ytd-topbar-menu-button-renderer[@class='style-scope ytd-masthead style-default']
17:06:03 [TestNG-test-Yt Master Tests-1] INFO  verifyingSettingOptionsLang_17-04-35 - [verifyingSettingOptionsLang_17-04-35] Element found and ready (attempt 1): By.xpath: //ytd-topbar-menu-button-renderer[@class='style-scope ytd-masthead style-default']
17:06:03 [TestNG-test-Yt Master Tests-1] INFO  verifyingSettingOptionsLang_17-04-35 - Clicking language dropdown...
17:06:03 [TestNG-test-Yt Master Tests-1] INFO  verifyingSettingOptionsLang_17-04-35 - [verifyingSettingOptionsLang_17-04-35] Trying to find element: By.xpath: (//div[@id='content-icon'])[2]
17:06:04 [TestNG-test-Yt Master Tests-1] INFO  verifyingSettingOptionsLang_17-04-35 - [verifyingSettingOptionsLang_17-04-35] Element found and ready (attempt 1): By.xpath: (//div[@id='content-icon'])[2]
17:06:05 [TestNG-test-Yt Master Tests-1] INFO  verifyingSettingOptionsLang_17-04-35 - Looking for language element with name: English (India)
17:06:05 [TestNG-test-Yt Master Tests-1] INFO  verifyingSettingOptionsLang_17-04-35 - [verifyingSettingOptionsLang_17-04-35] Trying to find element: By.xpath: //yt-multi-page-menu-section-renderer[@class='style-scope ytd-multi-page-menu-renderer']//yt-formatted-string[@id='label' and text()='English (India)']
17:06:05 [TestNG-test-Yt Master Tests-1] INFO  verifyingSettingOptionsLang_17-04-35 - [verifyingSettingOptionsLang_17-04-35] Element found and ready (attempt 1): By.xpath: //yt-multi-page-menu-section-renderer[@class='style-scope ytd-multi-page-menu-renderer']//yt-formatted-string[@id='label' and text()='English (India)']
17:06:05 [TestNG-test-Yt Master Tests-1] INFO  verifyingSettingOptionsLang_17-04-35 - [verifyingSettingOptionsLang_17-04-35] Trying to find element: By.xpath: //yt-multi-page-menu-section-renderer[@class='style-scope ytd-multi-page-menu-renderer']//yt-formatted-string[@id='label' and text()='English (India)']
17:06:05 [TestNG-test-Yt Master Tests-1] INFO  verifyingSettingOptionsLang_17-04-35 - [verifyingSettingOptionsLang_17-04-35] Element found and ready (attempt 1): By.xpath: //yt-multi-page-menu-section-renderer[@class='style-scope ytd-multi-page-menu-renderer']//yt-formatted-string[@id='label' and text()='English (India)']
17:06:06 [TestNG-test-Yt Master Tests-1] INFO  verifyingSettingOptionsLang_17-04-35 - Clicking settings ellipses button...
17:06:06 [TestNG-test-Yt Master Tests-1] INFO  verifyingSettingOptionsLang_17-04-35 - [verifyingSettingOptionsLang_17-04-35] Trying to find element: By.xpath: //ytd-topbar-menu-button-renderer[@class='style-scope ytd-masthead style-default']
17:06:06 [TestNG-test-Yt Master Tests-1] INFO  verifyingSettingOptionsLang_17-04-35 - [verifyingSettingOptionsLang_17-04-35] Element found and ready (attempt 1): By.xpath: //ytd-topbar-menu-button-renderer[@class='style-scope ytd-masthead style-default']
17:06:07 [TestNG-test-Yt Master Tests-1] INFO  verifyingSettingOptionsLang_17-04-35 - [verifyingSettingOptionsLang_17-04-35] Waiting until element is visible in viewport
17:06:07 [TestNG-test-Yt Master Tests-1] INFO  verifyingSettingOptionsLang_17-04-35 - Clicking settings ellipses button...
17:06:07 [TestNG-test-Yt Master Tests-1] INFO  verifyingSettingOptionsLang_17-04-35 - [verifyingSettingOptionsLang_17-04-35] Trying to find element: By.xpath: //ytd-topbar-menu-button-renderer[@class='style-scope ytd-masthead style-default']
17:06:07 [TestNG-test-Yt Master Tests-1] INFO  verifyingSettingOptionsLang_17-04-35 - [verifyingSettingOptionsLang_17-04-35] Element found and ready (attempt 1): By.xpath: //ytd-topbar-menu-button-renderer[@class='style-scope ytd-masthead style-default']
17:06:07 [TestNG-test-Yt Master Tests-1] INFO  verifyingSettingOptionsLang_17-04-35 - Clicking settings ellipses button...
17:06:07 [TestNG-test-Yt Master Tests-1] INFO  verifyingSettingOptionsLang_17-04-35 - [verifyingSettingOptionsLang_17-04-35] Trying to find element: By.xpath: //ytd-topbar-menu-button-renderer[@class='style-scope ytd-masthead style-default']
17:06:07 [TestNG-test-Yt Master Tests-1] INFO  verifyingSettingOptionsLang_17-04-35 - [verifyingSettingOptionsLang_17-04-35] Element found and ready (attempt 1): By.xpath: //ytd-topbar-menu-button-renderer[@class='style-scope ytd-masthead style-default']
17:06:07 [TestNG-test-Yt Master Tests-1] INFO  verifyingSettingOptionsLang_17-04-35 - Getting the setting ellipses options
17:06:07 [TestNG-test-Yt Master Tests-1] INFO  verifyingSettingOptionsLang_17-04-35 - [verifyingSettingOptionsLang_17-04-35] Trying to find element: By.xpath: //ytd-multi-page-menu-renderer
17:06:08 [TestNG-test-Yt Master Tests-1] INFO  verifyingSettingOptionsLang_17-04-35 - [verifyingSettingOptionsLang_17-04-35] Element found and ready (attempt 1): By.xpath: //ytd-multi-page-menu-renderer
17:06:08 [TestNG-test-Yt Master Tests-1] INFO  verifyingSettingOptionsLang_17-04-35 - Clicking settings ellipses button...
17:06:08 [TestNG-test-Yt Master Tests-1] INFO  verifyingSettingOptionsLang_17-04-35 - [verifyingSettingOptionsLang_17-04-35] Trying to find element: By.xpath: //ytd-topbar-menu-button-renderer[@class='style-scope ytd-masthead style-default']
17:06:08 [TestNG-test-Yt Master Tests-1] INFO  verifyingSettingOptionsLang_17-04-35 - [verifyingSettingOptionsLang_17-04-35] Element found and ready (attempt 1): By.xpath: //ytd-topbar-menu-button-renderer[@class='style-scope ytd-masthead style-default']
17:06:08 [TestNG-test-Yt Master Tests-1] INFO  verifyingSettingOptionsLang_17-04-35 - 
========== LANGUAGE DETECTION ==========
Detected Language : ENGLISH
Input Text        : Your data in YouTube
Appearance: Light
Display language:
English (India)
Restricted Mode: Off
Location:
United States
Keyboard shortcuts
Settings
Help
Send feedback
========================================
17:06:08 [TestNG-test-Yt Master Tests-1] INFO  verifyingSettingOptionsLang_17-04-35 - getLangAttribute() - locating <html> and reading lang property
17:06:08 [TestNG-test-Yt Master Tests-1] INFO  verifyingSettingOptionsLang_17-04-35 - Language attribute read: en-IN
17:06:08 [TestNG-test-Yt Master Tests-1] INFO  verifyingSettingOptionsLang_17-04-35 - Clicking settings ellipses button...
17:06:08 [TestNG-test-Yt Master Tests-1] INFO  verifyingSettingOptionsLang_17-04-35 - [verifyingSettingOptionsLang_17-04-35] Trying to find element: By.xpath: //ytd-topbar-menu-button-renderer[@class='style-scope ytd-masthead style-default']
17:06:08 [TestNG-test-Yt Master Tests-1] INFO  verifyingSettingOptionsLang_17-04-35 - [verifyingSettingOptionsLang_17-04-35] Element found and ready (attempt 1): By.xpath: //ytd-topbar-menu-button-renderer[@class='style-scope ytd-masthead style-default']
17:06:08 [TestNG-test-Yt Master Tests-1] INFO  verifyingSettingOptionsLang_17-04-35 - Clicking language dropdown...
17:06:08 [TestNG-test-Yt Master Tests-1] INFO  verifyingSettingOptionsLang_17-04-35 - [verifyingSettingOptionsLang_17-04-35] Trying to find element: By.xpath: (//div[@id='content-icon'])[2]
17:06:09 [TestNG-test-Yt Master Tests-1] INFO  verifyingSettingOptionsLang_17-04-35 - [verifyingSettingOptionsLang_17-04-35] Element found and ready (attempt 1): By.xpath: (//div[@id='content-icon'])[2]
17:06:09 [TestNG-test-Yt Master Tests-1] INFO  verifyingSettingOptionsLang_17-04-35 - [verifyingSettingOptionsLang_17-04-35] Not retrying test 'verifyingSettingOptionsLang'. Retry count: 0, Cause: The following asserts failed:
	Language detection mismatch for language=Afrikaans expected [AFRIKAANS] but found [Unknown],
	Language detection mismatch for language=Bosanski expected [CROATIAN] but found [BOSNIAN],
	Language detection mismatch for language=Dansk expected [DANISH] but found [Unknown],
	Language detection mismatch for language=Eesti expected [ESTONIAN] but found [Unknown]
