18:06:03 [TestNG-test-Yt Master Tests-2] INFO  verifyingSideMenuLanguageAsInSettings_18-06-03 - No existing WebDriver found for current thread. Initializing a new ChromeDriver...
18:06:03 [TestNG-test-Yt Master Tests-2] INFO  verifyingSideMenuLanguageAsInSettings_18-06-03 - WebDriverManager: chromedriver setup OK
18:06:05 [TestNG-test-Yt Master Tests-2] INFO  verifyingSideMenuLanguageAsInSettings_18-06-03 - ChromeDriver initialized successfully for thread: 35
18:06:05 [TestNG-test-Yt Master Tests-2] INFO  verifyingSideMenuLanguageAsInSettings_18-06-03 - SafeActions initialized with driver ChromeDriver: chrome on windows (d1da110a29e687b46406b7a3bbb3420e)
18:06:05 [TestNG-test-Yt Master Tests-2] INFO  verifyingSideMenuLanguageAsInSettings_18-06-03 - Initialized YtLandingPage with driver: ChromeDriver: chrome on windows (d1da110a29e687b46406b7a3bbb3420e)
18:06:05 [TestNG-test-Yt Master Tests-2] INFO  verifyingSideMenuLanguageAsInSettings_18-06-03 - SafeActions initialized with driver ChromeDriver: chrome on windows (d1da110a29e687b46406b7a3bbb3420e)
18:06:07 [TestNG-test-Yt Master Tests-2] INFO  verifyingSideMenuLanguageAsInSettings_18-06-03 - Opened YouTube landing page.
18:06:07 [TestNG-test-Yt Master Tests-2] INFO  verifyingSideMenuLanguageAsInSettings_18-06-03 - Clicking settings ellipses button...
18:06:07 [TestNG-test-Yt Master Tests-2] INFO  verifyingSideMenuLanguageAsInSettings_18-06-03 - [verifyingSideMenuLanguageAsInSettings_18-06-03] Trying to find element: By.xpath: //ytd-topbar-menu-button-renderer[@class='style-scope ytd-masthead style-default']
18:06:08 [TestNG-test-Yt Master Tests-2] INFO  verifyingSideMenuLanguageAsInSettings_18-06-03 - [verifyingSideMenuLanguageAsInSettings_18-06-03] Element found and ready (attempt 1): By.xpath: //ytd-topbar-menu-button-renderer[@class='style-scope ytd-masthead style-default']
18:06:08 [TestNG-test-Yt Master Tests-2] INFO  verifyingSideMenuLanguageAsInSettings_18-06-03 - Clicking language dropdown...
18:06:08 [TestNG-test-Yt Master Tests-2] INFO  verifyingSideMenuLanguageAsInSettings_18-06-03 - [verifyingSideMenuLanguageAsInSettings_18-06-03] Trying to find element: By.xpath: (//div[@id='content-icon'])[2]
18:06:08 [TestNG-test-Yt Master Tests-2] INFO  verifyingSideMenuLanguageAsInSettings_18-06-03 - [verifyingSideMenuLanguageAsInSettings_18-06-03] Element found and ready (attempt 1): By.xpath: (//div[@id='content-icon'])[2]
18:06:08 [TestNG-test-Yt Master Tests-2] INFO  verifyingSideMenuLanguageAsInSettings_18-06-03 - [verifyingSideMenuLanguageAsInSettings_18-06-03] Execution is Not CRON Job Hence refering to normal keys from UtilData
18:06:09 [TestNG-test-Yt Master Tests-2] INFO  verifyingSideMenuLanguageAsInSettings_18-06-03 - Looking for language element with name: Afrikaans
18:06:09 [TestNG-test-Yt Master Tests-2] INFO  verifyingSideMenuLanguageAsInSettings_18-06-03 - [verifyingSideMenuLanguageAsInSettings_18-06-03] Trying to find element: By.xpath: //yt-multi-page-menu-section-renderer[@class='style-scope ytd-multi-page-menu-renderer']//yt-formatted-string[@id='label' and text()='Afrikaans']
18:06:09 [TestNG-test-Yt Master Tests-2] INFO  verifyingSideMenuLanguageAsInSettings_18-06-03 - [verifyingSideMenuLanguageAsInSettings_18-06-03] Element found and ready (attempt 1): By.xpath: //yt-multi-page-menu-section-renderer[@class='style-scope ytd-multi-page-menu-renderer']//yt-formatted-string[@id='label' and text()='Afrikaans']
18:06:09 [TestNG-test-Yt Master Tests-2] INFO  verifyingSideMenuLanguageAsInSettings_18-06-03 - [verifyingSideMenuLanguageAsInSettings_18-06-03] Trying to find element: By.xpath: //yt-multi-page-menu-section-renderer[@class='style-scope ytd-multi-page-menu-renderer']//yt-formatted-string[@id='label' and text()='Afrikaans']
18:06:09 [TestNG-test-Yt Master Tests-2] INFO  verifyingSideMenuLanguageAsInSettings_18-06-03 - [verifyingSideMenuLanguageAsInSettings_18-06-03] Element found and ready (attempt 1): By.xpath: //yt-multi-page-menu-section-renderer[@class='style-scope ytd-multi-page-menu-renderer']//yt-formatted-string[@id='label' and text()='Afrikaans']
18:06:12 [TestNG-test-Yt Master Tests-2] INFO  verifyingSideMenuLanguageAsInSettings_18-06-03 - Clicking settings ellipses button...
18:06:12 [TestNG-test-Yt Master Tests-2] INFO  verifyingSideMenuLanguageAsInSettings_18-06-03 - [verifyingSideMenuLanguageAsInSettings_18-06-03] Trying to find element: By.xpath: //ytd-topbar-menu-button-renderer[@class='style-scope ytd-masthead style-default']
18:06:12 [TestNG-test-Yt Master Tests-2] INFO  verifyingSideMenuLanguageAsInSettings_18-06-03 - [verifyingSideMenuLanguageAsInSettings_18-06-03] Element found and ready (attempt 1): By.xpath: //ytd-topbar-menu-button-renderer[@class='style-scope ytd-masthead style-default']
18:06:12 [TestNG-test-Yt Master Tests-2] INFO  verifyingSideMenuLanguageAsInSettings_18-06-03 - [verifyingSideMenuLanguageAsInSettings_18-06-03] Waiting until element is visible in viewport
18:06:13 [TestNG-test-Yt Master Tests-2] INFO  verifyingSideMenuLanguageAsInSettings_18-06-03 - Clicking settings ellipses button...
18:06:13 [TestNG-test-Yt Master Tests-2] INFO  verifyingSideMenuLanguageAsInSettings_18-06-03 - [verifyingSideMenuLanguageAsInSettings_18-06-03] Trying to find element: By.xpath: //ytd-topbar-menu-button-renderer[@class='style-scope ytd-masthead style-default']
18:06:13 [TestNG-test-Yt Master Tests-2] INFO  verifyingSideMenuLanguageAsInSettings_18-06-03 - [verifyingSideMenuLanguageAsInSettings_18-06-03] Element found and ready (attempt 1): By.xpath: //ytd-topbar-menu-button-renderer[@class='style-scope ytd-masthead style-default']
18:06:13 [TestNG-test-Yt Master Tests-2] INFO  verifyingSideMenuLanguageAsInSettings_18-06-03 - Fetching the side menu in expanded view
18:06:13 [TestNG-test-Yt Master Tests-2] INFO  verifyingSideMenuLanguageAsInSettings_18-06-03 - [verifyingSideMenuLanguageAsInSettings_18-06-03] Finding elements list: By.xpath: //ytd-guide-entry-renderer[@class='style-scope ytd-guide-section-renderer']
18:06:13 [TestNG-test-Yt Master Tests-2] INFO  verifyingSideMenuLanguageAsInSettings_18-06-03 - [verifyingSideMenuLanguageAsInSettings_18-06-03] Found 13 ready elements (attempt 1): By.xpath: //ytd-guide-entry-renderer[@class='style-scope ytd-guide-section-renderer']
18:06:14 [TestNG-test-Yt Master Tests-2] INFO  verifyingSideMenuLanguageAsInSettings_18-06-03 - Clicking settings ellipses button...
18:06:14 [TestNG-test-Yt Master Tests-2] INFO  verifyingSideMenuLanguageAsInSettings_18-06-03 - [verifyingSideMenuLanguageAsInSettings_18-06-03] Trying to find element: By.xpath: //ytd-topbar-menu-button-renderer[@class='style-scope ytd-masthead style-default']
18:06:14 [TestNG-test-Yt Master Tests-2] INFO  verifyingSideMenuLanguageAsInSettings_18-06-03 - [verifyingSideMenuLanguageAsInSettings_18-06-03] Element found and ready (attempt 1): By.xpath: //ytd-topbar-menu-button-renderer[@class='style-scope ytd-masthead style-default']
18:06:14 [TestNG-test-Yt Master Tests-2] INFO  verifyingSideMenuLanguageAsInSettings_18-06-03 - Clicking language dropdown...
18:06:14 [TestNG-test-Yt Master Tests-2] INFO  verifyingSideMenuLanguageAsInSettings_18-06-03 - [verifyingSideMenuLanguageAsInSettings_18-06-03] Trying to find element: By.xpath: (//div[@id='content-icon'])[2]
18:06:15 [TestNG-test-Yt Master Tests-2] INFO  verifyingSideMenuLanguageAsInSettings_18-06-03 - [verifyingSideMenuLanguageAsInSettings_18-06-03] Element found and ready (attempt 1): By.xpath: (//div[@id='content-icon'])[2]
18:06:15 [TestNG-test-Yt Master Tests-2] INFO  verifyingSideMenuLanguageAsInSettings_18-06-03 - Looking for language element with name: Azərbaycan
18:06:15 [TestNG-test-Yt Master Tests-2] INFO  verifyingSideMenuLanguageAsInSettings_18-06-03 - [verifyingSideMenuLanguageAsInSettings_18-06-03] Trying to find element: By.xpath: //yt-multi-page-menu-section-renderer[@class='style-scope ytd-multi-page-menu-renderer']//yt-formatted-string[@id='label' and text()='Azərbaycan']
18:06:15 [TestNG-test-Yt Master Tests-2] INFO  verifyingSideMenuLanguageAsInSettings_18-06-03 - [verifyingSideMenuLanguageAsInSettings_18-06-03] Element found and ready (attempt 1): By.xpath: //yt-multi-page-menu-section-renderer[@class='style-scope ytd-multi-page-menu-renderer']//yt-formatted-string[@id='label' and text()='Azərbaycan']
18:06:15 [TestNG-test-Yt Master Tests-2] INFO  verifyingSideMenuLanguageAsInSettings_18-06-03 - [verifyingSideMenuLanguageAsInSettings_18-06-03] Trying to find element: By.xpath: //yt-multi-page-menu-section-renderer[@class='style-scope ytd-multi-page-menu-renderer']//yt-formatted-string[@id='label' and text()='Azərbaycan']
18:06:15 [TestNG-test-Yt Master Tests-2] INFO  verifyingSideMenuLanguageAsInSettings_18-06-03 - [verifyingSideMenuLanguageAsInSettings_18-06-03] Element found and ready (attempt 1): By.xpath: //yt-multi-page-menu-section-renderer[@class='style-scope ytd-multi-page-menu-renderer']//yt-formatted-string[@id='label' and text()='Azərbaycan']
18:06:16 [TestNG-test-Yt Master Tests-2] INFO  verifyingSideMenuLanguageAsInSettings_18-06-03 - Clicking settings ellipses button...
18:06:17 [TestNG-test-Yt Master Tests-2] INFO  verifyingSideMenuLanguageAsInSettings_18-06-03 - [verifyingSideMenuLanguageAsInSettings_18-06-03] Trying to find element: By.xpath: //ytd-topbar-menu-button-renderer[@class='style-scope ytd-masthead style-default']
18:06:17 [TestNG-test-Yt Master Tests-2] INFO  verifyingSideMenuLanguageAsInSettings_18-06-03 - [verifyingSideMenuLanguageAsInSettings_18-06-03] Element found and ready (attempt 1): By.xpath: //ytd-topbar-menu-button-renderer[@class='style-scope ytd-masthead style-default']
18:06:17 [TestNG-test-Yt Master Tests-2] INFO  verifyingSideMenuLanguageAsInSettings_18-06-03 - [verifyingSideMenuLanguageAsInSettings_18-06-03] Waiting until element is visible in viewport
18:06:18 [TestNG-test-Yt Master Tests-2] INFO  verifyingSideMenuLanguageAsInSettings_18-06-03 - Clicking settings ellipses button...
18:06:18 [TestNG-test-Yt Master Tests-2] INFO  verifyingSideMenuLanguageAsInSettings_18-06-03 - [verifyingSideMenuLanguageAsInSettings_18-06-03] Trying to find element: By.xpath: //ytd-topbar-menu-button-renderer[@class='style-scope ytd-masthead style-default']
18:06:18 [TestNG-test-Yt Master Tests-2] INFO  verifyingSideMenuLanguageAsInSettings_18-06-03 - [verifyingSideMenuLanguageAsInSettings_18-06-03] Element found and ready (attempt 1): By.xpath: //ytd-topbar-menu-button-renderer[@class='style-scope ytd-masthead style-default']
18:06:18 [TestNG-test-Yt Master Tests-2] INFO  verifyingSideMenuLanguageAsInSettings_18-06-03 - Fetching the side menu in expanded view
18:06:18 [TestNG-test-Yt Master Tests-2] INFO  verifyingSideMenuLanguageAsInSettings_18-06-03 - [verifyingSideMenuLanguageAsInSettings_18-06-03] Finding elements list: By.xpath: //ytd-guide-entry-renderer[@class='style-scope ytd-guide-section-renderer']
18:06:18 [TestNG-test-Yt Master Tests-2] INFO  verifyingSideMenuLanguageAsInSettings_18-06-03 - [verifyingSideMenuLanguageAsInSettings_18-06-03] Found 13 ready elements (attempt 1): By.xpath: //ytd-guide-entry-renderer[@class='style-scope ytd-guide-section-renderer']
18:06:19 [TestNG-test-Yt Master Tests-2] INFO  verifyingSideMenuLanguageAsInSettings_18-06-03 - Clicking settings ellipses button...
18:06:19 [TestNG-test-Yt Master Tests-2] INFO  verifyingSideMenuLanguageAsInSettings_18-06-03 - [verifyingSideMenuLanguageAsInSettings_18-06-03] Trying to find element: By.xpath: //ytd-topbar-menu-button-renderer[@class='style-scope ytd-masthead style-default']
18:06:19 [TestNG-test-Yt Master Tests-2] INFO  verifyingSideMenuLanguageAsInSettings_18-06-03 - [verifyingSideMenuLanguageAsInSettings_18-06-03] Element found and ready (attempt 1): By.xpath: //ytd-topbar-menu-button-renderer[@class='style-scope ytd-masthead style-default']
18:06:19 [TestNG-test-Yt Master Tests-2] INFO  verifyingSideMenuLanguageAsInSettings_18-06-03 - Clicking language dropdown...
18:06:19 [TestNG-test-Yt Master Tests-2] INFO  verifyingSideMenuLanguageAsInSettings_18-06-03 - [verifyingSideMenuLanguageAsInSettings_18-06-03] Trying to find element: By.xpath: (//div[@id='content-icon'])[2]
18:06:19 [TestNG-test-Yt Master Tests-2] INFO  verifyingSideMenuLanguageAsInSettings_18-06-03 - [verifyingSideMenuLanguageAsInSettings_18-06-03] Element found and ready (attempt 1): By.xpath: (//div[@id='content-icon'])[2]
18:06:20 [TestNG-test-Yt Master Tests-2] INFO  verifyingSideMenuLanguageAsInSettings_18-06-03 - Looking for language element with name: Bahasa Indonesia
18:06:20 [TestNG-test-Yt Master Tests-2] INFO  verifyingSideMenuLanguageAsInSettings_18-06-03 - [verifyingSideMenuLanguageAsInSettings_18-06-03] Trying to find element: By.xpath: //yt-multi-page-menu-section-renderer[@class='style-scope ytd-multi-page-menu-renderer']//yt-formatted-string[@id='label' and text()='Bahasa Indonesia']
18:06:20 [TestNG-test-Yt Master Tests-2] INFO  verifyingSideMenuLanguageAsInSettings_18-06-03 - [verifyingSideMenuLanguageAsInSettings_18-06-03] Element found and ready (attempt 1): By.xpath: //yt-multi-page-menu-section-renderer[@class='style-scope ytd-multi-page-menu-renderer']//yt-formatted-string[@id='label' and text()='Bahasa Indonesia']
18:06:20 [TestNG-test-Yt Master Tests-2] INFO  verifyingSideMenuLanguageAsInSettings_18-06-03 - [verifyingSideMenuLanguageAsInSettings_18-06-03] Trying to find element: By.xpath: //yt-multi-page-menu-section-renderer[@class='style-scope ytd-multi-page-menu-renderer']//yt-formatted-string[@id='label' and text()='Bahasa Indonesia']
18:06:20 [TestNG-test-Yt Master Tests-2] INFO  verifyingSideMenuLanguageAsInSettings_18-06-03 - [verifyingSideMenuLanguageAsInSettings_18-06-03] Element found and ready (attempt 1): By.xpath: //yt-multi-page-menu-section-renderer[@class='style-scope ytd-multi-page-menu-renderer']//yt-formatted-string[@id='label' and text()='Bahasa Indonesia']
18:06:21 [TestNG-test-Yt Master Tests-2] INFO  verifyingSideMenuLanguageAsInSettings_18-06-03 - Clicking settings ellipses button...
18:06:22 [TestNG-test-Yt Master Tests-2] INFO  verifyingSideMenuLanguageAsInSettings_18-06-03 - [verifyingSideMenuLanguageAsInSettings_18-06-03] Trying to find element: By.xpath: //ytd-topbar-menu-button-renderer[@class='style-scope ytd-masthead style-default']
18:06:22 [TestNG-test-Yt Master Tests-2] INFO  verifyingSideMenuLanguageAsInSettings_18-06-03 - [verifyingSideMenuLanguageAsInSettings_18-06-03] Element found and ready (attempt 1): By.xpath: //ytd-topbar-menu-button-renderer[@class='style-scope ytd-masthead style-default']
18:06:22 [TestNG-test-Yt Master Tests-2] INFO  verifyingSideMenuLanguageAsInSettings_18-06-03 - [verifyingSideMenuLanguageAsInSettings_18-06-03] Waiting until element is visible in viewport
18:06:22 [TestNG-test-Yt Master Tests-2] INFO  verifyingSideMenuLanguageAsInSettings_18-06-03 - Clicking settings ellipses button...
18:06:22 [TestNG-test-Yt Master Tests-2] INFO  verifyingSideMenuLanguageAsInSettings_18-06-03 - [verifyingSideMenuLanguageAsInSettings_18-06-03] Trying to find element: By.xpath: //ytd-topbar-menu-button-renderer[@class='style-scope ytd-masthead style-default']
18:06:23 [TestNG-test-Yt Master Tests-2] INFO  verifyingSideMenuLanguageAsInSettings_18-06-03 - [verifyingSideMenuLanguageAsInSettings_18-06-03] Element found and ready (attempt 1): By.xpath: //ytd-topbar-menu-button-renderer[@class='style-scope ytd-masthead style-default']
18:06:23 [TestNG-test-Yt Master Tests-2] INFO  verifyingSideMenuLanguageAsInSettings_18-06-03 - Fetching the side menu in expanded view
18:06:23 [TestNG-test-Yt Master Tests-2] INFO  verifyingSideMenuLanguageAsInSettings_18-06-03 - [verifyingSideMenuLanguageAsInSettings_18-06-03] Finding elements list: By.xpath: //ytd-guide-entry-renderer[@class='style-scope ytd-guide-section-renderer']
18:06:23 [TestNG-test-Yt Master Tests-2] INFO  verifyingSideMenuLanguageAsInSettings_18-06-03 - [verifyingSideMenuLanguageAsInSettings_18-06-03] Found 13 ready elements (attempt 1): By.xpath: //ytd-guide-entry-renderer[@class='style-scope ytd-guide-section-renderer']
18:06:24 [TestNG-test-Yt Master Tests-2] INFO  verifyingSideMenuLanguageAsInSettings_18-06-03 - Clicking settings ellipses button...
18:06:24 [TestNG-test-Yt Master Tests-2] INFO  verifyingSideMenuLanguageAsInSettings_18-06-03 - [verifyingSideMenuLanguageAsInSettings_18-06-03] Trying to find element: By.xpath: //ytd-topbar-menu-button-renderer[@class='style-scope ytd-masthead style-default']
18:06:24 [TestNG-test-Yt Master Tests-2] INFO  verifyingSideMenuLanguageAsInSettings_18-06-03 - [verifyingSideMenuLanguageAsInSettings_18-06-03] Element found and ready (attempt 1): By.xpath: //ytd-topbar-menu-button-renderer[@class='style-scope ytd-masthead style-default']
18:06:24 [TestNG-test-Yt Master Tests-2] INFO  verifyingSideMenuLanguageAsInSettings_18-06-03 - Clicking language dropdown...
18:06:24 [TestNG-test-Yt Master Tests-2] INFO  verifyingSideMenuLanguageAsInSettings_18-06-03 - [verifyingSideMenuLanguageAsInSettings_18-06-03] Trying to find element: By.xpath: (//div[@id='content-icon'])[2]
18:06:24 [TestNG-test-Yt Master Tests-2] INFO  verifyingSideMenuLanguageAsInSettings_18-06-03 - [verifyingSideMenuLanguageAsInSettings_18-06-03] Element found and ready (attempt 1): By.xpath: (//div[@id='content-icon'])[2]
18:06:25 [TestNG-test-Yt Master Tests-2] INFO  verifyingSideMenuLanguageAsInSettings_18-06-03 - Looking for language element with name: Bosanski
18:06:25 [TestNG-test-Yt Master Tests-2] INFO  verifyingSideMenuLanguageAsInSettings_18-06-03 - [verifyingSideMenuLanguageAsInSettings_18-06-03] Trying to find element: By.xpath: //yt-multi-page-menu-section-renderer[@class='style-scope ytd-multi-page-menu-renderer']//yt-formatted-string[@id='label' and text()='Bosanski']
18:06:25 [TestNG-test-Yt Master Tests-2] INFO  verifyingSideMenuLanguageAsInSettings_18-06-03 - [verifyingSideMenuLanguageAsInSettings_18-06-03] Element found and ready (attempt 1): By.xpath: //yt-multi-page-menu-section-renderer[@class='style-scope ytd-multi-page-menu-renderer']//yt-formatted-string[@id='label' and text()='Bosanski']
18:06:25 [TestNG-test-Yt Master Tests-2] INFO  verifyingSideMenuLanguageAsInSettings_18-06-03 - [verifyingSideMenuLanguageAsInSettings_18-06-03] Trying to find element: By.xpath: //yt-multi-page-menu-section-renderer[@class='style-scope ytd-multi-page-menu-renderer']//yt-formatted-string[@id='label' and text()='Bosanski']
18:06:25 [TestNG-test-Yt Master Tests-2] INFO  verifyingSideMenuLanguageAsInSettings_18-06-03 - [verifyingSideMenuLanguageAsInSettings_18-06-03] Element found and ready (attempt 1): By.xpath: //yt-multi-page-menu-section-renderer[@class='style-scope ytd-multi-page-menu-renderer']//yt-formatted-string[@id='label' and text()='Bosanski']
18:06:26 [TestNG-test-Yt Master Tests-2] INFO  verifyingSideMenuLanguageAsInSettings_18-06-03 - Clicking settings ellipses button...
18:06:27 [TestNG-test-Yt Master Tests-2] INFO  verifyingSideMenuLanguageAsInSettings_18-06-03 - [verifyingSideMenuLanguageAsInSettings_18-06-03] Trying to find element: By.xpath: //ytd-topbar-menu-button-renderer[@class='style-scope ytd-masthead style-default']
18:06:27 [TestNG-test-Yt Master Tests-2] INFO  verifyingSideMenuLanguageAsInSettings_18-06-03 - [verifyingSideMenuLanguageAsInSettings_18-06-03] Element found and ready (attempt 1): By.xpath: //ytd-topbar-menu-button-renderer[@class='style-scope ytd-masthead style-default']
18:06:27 [TestNG-test-Yt Master Tests-2] INFO  verifyingSideMenuLanguageAsInSettings_18-06-03 - [verifyingSideMenuLanguageAsInSettings_18-06-03] Waiting until element is visible in viewport
18:06:28 [TestNG-test-Yt Master Tests-2] INFO  verifyingSideMenuLanguageAsInSettings_18-06-03 - Clicking settings ellipses button...
18:06:28 [TestNG-test-Yt Master Tests-2] INFO  verifyingSideMenuLanguageAsInSettings_18-06-03 - [verifyingSideMenuLanguageAsInSettings_18-06-03] Trying to find element: By.xpath: //ytd-topbar-menu-button-renderer[@class='style-scope ytd-masthead style-default']
18:06:28 [TestNG-test-Yt Master Tests-2] INFO  verifyingSideMenuLanguageAsInSettings_18-06-03 - [verifyingSideMenuLanguageAsInSettings_18-06-03] Element found and ready (attempt 1): By.xpath: //ytd-topbar-menu-button-renderer[@class='style-scope ytd-masthead style-default']
18:06:28 [TestNG-test-Yt Master Tests-2] INFO  verifyingSideMenuLanguageAsInSettings_18-06-03 - Fetching the side menu in expanded view
18:06:28 [TestNG-test-Yt Master Tests-2] INFO  verifyingSideMenuLanguageAsInSettings_18-06-03 - [verifyingSideMenuLanguageAsInSettings_18-06-03] Finding elements list: By.xpath: //ytd-guide-entry-renderer[@class='style-scope ytd-guide-section-renderer']
18:06:28 [TestNG-test-Yt Master Tests-2] INFO  verifyingSideMenuLanguageAsInSettings_18-06-03 - [verifyingSideMenuLanguageAsInSettings_18-06-03] Found 13 ready elements (attempt 1): By.xpath: //ytd-guide-entry-renderer[@class='style-scope ytd-guide-section-renderer']
18:06:28 [TestNG-test-Yt Master Tests-2] INFO  verifyingSideMenuLanguageAsInSettings_18-06-03 - Clicking settings ellipses button...
18:06:28 [TestNG-test-Yt Master Tests-2] INFO  verifyingSideMenuLanguageAsInSettings_18-06-03 - [verifyingSideMenuLanguageAsInSettings_18-06-03] Trying to find element: By.xpath: //ytd-topbar-menu-button-renderer[@class='style-scope ytd-masthead style-default']
18:06:28 [TestNG-test-Yt Master Tests-2] INFO  verifyingSideMenuLanguageAsInSettings_18-06-03 - [verifyingSideMenuLanguageAsInSettings_18-06-03] Element found and ready (attempt 1): By.xpath: //ytd-topbar-menu-button-renderer[@class='style-scope ytd-masthead style-default']
18:06:29 [TestNG-test-Yt Master Tests-2] INFO  verifyingSideMenuLanguageAsInSettings_18-06-03 - Clicking language dropdown...
18:06:29 [TestNG-test-Yt Master Tests-2] INFO  verifyingSideMenuLanguageAsInSettings_18-06-03 - [verifyingSideMenuLanguageAsInSettings_18-06-03] Trying to find element: By.xpath: (//div[@id='content-icon'])[2]
18:06:29 [TestNG-test-Yt Master Tests-2] INFO  verifyingSideMenuLanguageAsInSettings_18-06-03 - [verifyingSideMenuLanguageAsInSettings_18-06-03] Element found and ready (attempt 1): By.xpath: (//div[@id='content-icon'])[2]
18:06:30 [TestNG-test-Yt Master Tests-2] INFO  verifyingSideMenuLanguageAsInSettings_18-06-03 - Looking for language element with name: Català
18:06:30 [TestNG-test-Yt Master Tests-2] INFO  verifyingSideMenuLanguageAsInSettings_18-06-03 - [verifyingSideMenuLanguageAsInSettings_18-06-03] Trying to find element: By.xpath: //yt-multi-page-menu-section-renderer[@class='style-scope ytd-multi-page-menu-renderer']//yt-formatted-string[@id='label' and text()='Català']
18:06:30 [TestNG-test-Yt Master Tests-2] INFO  verifyingSideMenuLanguageAsInSettings_18-06-03 - [verifyingSideMenuLanguageAsInSettings_18-06-03] Element found and ready (attempt 1): By.xpath: //yt-multi-page-menu-section-renderer[@class='style-scope ytd-multi-page-menu-renderer']//yt-formatted-string[@id='label' and text()='Català']
18:06:30 [TestNG-test-Yt Master Tests-2] INFO  verifyingSideMenuLanguageAsInSettings_18-06-03 - [verifyingSideMenuLanguageAsInSettings_18-06-03] Trying to find element: By.xpath: //yt-multi-page-menu-section-renderer[@class='style-scope ytd-multi-page-menu-renderer']//yt-formatted-string[@id='label' and text()='Català']
18:06:30 [TestNG-test-Yt Master Tests-2] INFO  verifyingSideMenuLanguageAsInSettings_18-06-03 - [verifyingSideMenuLanguageAsInSettings_18-06-03] Element found and ready (attempt 1): By.xpath: //yt-multi-page-menu-section-renderer[@class='style-scope ytd-multi-page-menu-renderer']//yt-formatted-string[@id='label' and text()='Català']
18:06:31 [TestNG-test-Yt Master Tests-2] INFO  verifyingSideMenuLanguageAsInSettings_18-06-03 - Clicking settings ellipses button...
18:06:32 [TestNG-test-Yt Master Tests-2] INFO  verifyingSideMenuLanguageAsInSettings_18-06-03 - [verifyingSideMenuLanguageAsInSettings_18-06-03] Trying to find element: By.xpath: //ytd-topbar-menu-button-renderer[@class='style-scope ytd-masthead style-default']
18:06:32 [TestNG-test-Yt Master Tests-2] INFO  verifyingSideMenuLanguageAsInSettings_18-06-03 - [verifyingSideMenuLanguageAsInSettings_18-06-03] Element found and ready (attempt 1): By.xpath: //ytd-topbar-menu-button-renderer[@class='style-scope ytd-masthead style-default']
18:06:32 [TestNG-test-Yt Master Tests-2] INFO  verifyingSideMenuLanguageAsInSettings_18-06-03 - [verifyingSideMenuLanguageAsInSettings_18-06-03] Waiting until element is visible in viewport
18:06:33 [TestNG-test-Yt Master Tests-2] INFO  verifyingSideMenuLanguageAsInSettings_18-06-03 - Clicking settings ellipses button...
18:06:33 [TestNG-test-Yt Master Tests-2] INFO  verifyingSideMenuLanguageAsInSettings_18-06-03 - [verifyingSideMenuLanguageAsInSettings_18-06-03] Trying to find element: By.xpath: //ytd-topbar-menu-button-renderer[@class='style-scope ytd-masthead style-default']
18:06:33 [TestNG-test-Yt Master Tests-2] INFO  verifyingSideMenuLanguageAsInSettings_18-06-03 - [verifyingSideMenuLanguageAsInSettings_18-06-03] Element found and ready (attempt 1): By.xpath: //ytd-topbar-menu-button-renderer[@class='style-scope ytd-masthead style-default']
18:06:33 [TestNG-test-Yt Master Tests-2] INFO  verifyingSideMenuLanguageAsInSettings_18-06-03 - Fetching the side menu in expanded view
18:06:33 [TestNG-test-Yt Master Tests-2] INFO  verifyingSideMenuLanguageAsInSettings_18-06-03 - [verifyingSideMenuLanguageAsInSettings_18-06-03] Finding elements list: By.xpath: //ytd-guide-entry-renderer[@class='style-scope ytd-guide-section-renderer']
18:06:34 [TestNG-test-Yt Master Tests-2] INFO  verifyingSideMenuLanguageAsInSettings_18-06-03 - [verifyingSideMenuLanguageAsInSettings_18-06-03] Found 13 ready elements (attempt 1): By.xpath: //ytd-guide-entry-renderer[@class='style-scope ytd-guide-section-renderer']
18:06:34 [TestNG-test-Yt Master Tests-2] INFO  verifyingSideMenuLanguageAsInSettings_18-06-03 - Clicking settings ellipses button...
18:06:34 [TestNG-test-Yt Master Tests-2] INFO  verifyingSideMenuLanguageAsInSettings_18-06-03 - [verifyingSideMenuLanguageAsInSettings_18-06-03] Trying to find element: By.xpath: //ytd-topbar-menu-button-renderer[@class='style-scope ytd-masthead style-default']
18:06:34 [TestNG-test-Yt Master Tests-2] INFO  verifyingSideMenuLanguageAsInSettings_18-06-03 - [verifyingSideMenuLanguageAsInSettings_18-06-03] Element found and ready (attempt 1): By.xpath: //ytd-topbar-menu-button-renderer[@class='style-scope ytd-masthead style-default']
18:06:34 [TestNG-test-Yt Master Tests-2] INFO  verifyingSideMenuLanguageAsInSettings_18-06-03 - Clicking language dropdown...
18:06:34 [TestNG-test-Yt Master Tests-2] INFO  verifyingSideMenuLanguageAsInSettings_18-06-03 - [verifyingSideMenuLanguageAsInSettings_18-06-03] Trying to find element: By.xpath: (//div[@id='content-icon'])[2]
18:06:35 [TestNG-test-Yt Master Tests-2] INFO  verifyingSideMenuLanguageAsInSettings_18-06-03 - [verifyingSideMenuLanguageAsInSettings_18-06-03] Element found and ready (attempt 1): By.xpath: (//div[@id='content-icon'])[2]
18:06:36 [TestNG-test-Yt Master Tests-2] INFO  verifyingSideMenuLanguageAsInSettings_18-06-03 - Looking for language element with name: Dansk
18:06:36 [TestNG-test-Yt Master Tests-2] INFO  verifyingSideMenuLanguageAsInSettings_18-06-03 - [verifyingSideMenuLanguageAsInSettings_18-06-03] Trying to find element: By.xpath: //yt-multi-page-menu-section-renderer[@class='style-scope ytd-multi-page-menu-renderer']//yt-formatted-string[@id='label' and text()='Dansk']
18:06:36 [TestNG-test-Yt Master Tests-2] INFO  verifyingSideMenuLanguageAsInSettings_18-06-03 - [verifyingSideMenuLanguageAsInSettings_18-06-03] Element found and ready (attempt 1): By.xpath: //yt-multi-page-menu-section-renderer[@class='style-scope ytd-multi-page-menu-renderer']//yt-formatted-string[@id='label' and text()='Dansk']
18:06:36 [TestNG-test-Yt Master Tests-2] INFO  verifyingSideMenuLanguageAsInSettings_18-06-03 - [verifyingSideMenuLanguageAsInSettings_18-06-03] Trying to find element: By.xpath: //yt-multi-page-menu-section-renderer[@class='style-scope ytd-multi-page-menu-renderer']//yt-formatted-string[@id='label' and text()='Dansk']
18:06:36 [TestNG-test-Yt Master Tests-2] INFO  verifyingSideMenuLanguageAsInSettings_18-06-03 - [verifyingSideMenuLanguageAsInSettings_18-06-03] Element found and ready (attempt 1): By.xpath: //yt-multi-page-menu-section-renderer[@class='style-scope ytd-multi-page-menu-renderer']//yt-formatted-string[@id='label' and text()='Dansk']
18:06:37 [TestNG-test-Yt Master Tests-2] INFO  verifyingSideMenuLanguageAsInSettings_18-06-03 - Clicking settings ellipses button...
18:06:38 [TestNG-test-Yt Master Tests-2] INFO  verifyingSideMenuLanguageAsInSettings_18-06-03 - [verifyingSideMenuLanguageAsInSettings_18-06-03] Trying to find element: By.xpath: //ytd-topbar-menu-button-renderer[@class='style-scope ytd-masthead style-default']
18:06:38 [TestNG-test-Yt Master Tests-2] INFO  verifyingSideMenuLanguageAsInSettings_18-06-03 - [verifyingSideMenuLanguageAsInSettings_18-06-03] Element found and ready (attempt 1): By.xpath: //ytd-topbar-menu-button-renderer[@class='style-scope ytd-masthead style-default']
18:06:38 [TestNG-test-Yt Master Tests-2] INFO  verifyingSideMenuLanguageAsInSettings_18-06-03 - [verifyingSideMenuLanguageAsInSettings_18-06-03] Waiting until element is visible in viewport
18:06:39 [TestNG-test-Yt Master Tests-2] INFO  verifyingSideMenuLanguageAsInSettings_18-06-03 - Clicking settings ellipses button...
18:06:39 [TestNG-test-Yt Master Tests-2] INFO  verifyingSideMenuLanguageAsInSettings_18-06-03 - [verifyingSideMenuLanguageAsInSettings_18-06-03] Trying to find element: By.xpath: //ytd-topbar-menu-button-renderer[@class='style-scope ytd-masthead style-default']
18:06:39 [TestNG-test-Yt Master Tests-2] INFO  verifyingSideMenuLanguageAsInSettings_18-06-03 - [verifyingSideMenuLanguageAsInSettings_18-06-03] Element found and ready (attempt 1): By.xpath: //ytd-topbar-menu-button-renderer[@class='style-scope ytd-masthead style-default']
18:06:39 [TestNG-test-Yt Master Tests-2] INFO  verifyingSideMenuLanguageAsInSettings_18-06-03 - Fetching the side menu in expanded view
18:06:39 [TestNG-test-Yt Master Tests-2] INFO  verifyingSideMenuLanguageAsInSettings_18-06-03 - [verifyingSideMenuLanguageAsInSettings_18-06-03] Finding elements list: By.xpath: //ytd-guide-entry-renderer[@class='style-scope ytd-guide-section-renderer']
18:06:40 [TestNG-test-Yt Master Tests-2] INFO  verifyingSideMenuLanguageAsInSettings_18-06-03 - [verifyingSideMenuLanguageAsInSettings_18-06-03] Found 13 ready elements (attempt 1): By.xpath: //ytd-guide-entry-renderer[@class='style-scope ytd-guide-section-renderer']
18:06:40 [TestNG-test-Yt Master Tests-2] INFO  verifyingSideMenuLanguageAsInSettings_18-06-03 - Clicking settings ellipses button...
18:06:40 [TestNG-test-Yt Master Tests-2] INFO  verifyingSideMenuLanguageAsInSettings_18-06-03 - [verifyingSideMenuLanguageAsInSettings_18-06-03] Trying to find element: By.xpath: //ytd-topbar-menu-button-renderer[@class='style-scope ytd-masthead style-default']
18:06:40 [TestNG-test-Yt Master Tests-2] INFO  verifyingSideMenuLanguageAsInSettings_18-06-03 - [verifyingSideMenuLanguageAsInSettings_18-06-03] Element found and ready (attempt 1): By.xpath: //ytd-topbar-menu-button-renderer[@class='style-scope ytd-masthead style-default']
18:06:40 [TestNG-test-Yt Master Tests-2] INFO  verifyingSideMenuLanguageAsInSettings_18-06-03 - Clicking language dropdown...
18:06:40 [TestNG-test-Yt Master Tests-2] INFO  verifyingSideMenuLanguageAsInSettings_18-06-03 - [verifyingSideMenuLanguageAsInSettings_18-06-03] Trying to find element: By.xpath: (//div[@id='content-icon'])[2]
18:06:41 [TestNG-test-Yt Master Tests-2] INFO  verifyingSideMenuLanguageAsInSettings_18-06-03 - [verifyingSideMenuLanguageAsInSettings_18-06-03] Element found and ready (attempt 1): By.xpath: (//div[@id='content-icon'])[2]
18:06:42 [TestNG-test-Yt Master Tests-2] INFO  verifyingSideMenuLanguageAsInSettings_18-06-03 - Looking for language element with name: Deutsch
18:06:42 [TestNG-test-Yt Master Tests-2] INFO  verifyingSideMenuLanguageAsInSettings_18-06-03 - [verifyingSideMenuLanguageAsInSettings_18-06-03] Trying to find element: By.xpath: //yt-multi-page-menu-section-renderer[@class='style-scope ytd-multi-page-menu-renderer']//yt-formatted-string[@id='label' and text()='Deutsch']
18:06:42 [TestNG-test-Yt Master Tests-2] INFO  verifyingSideMenuLanguageAsInSettings_18-06-03 - [verifyingSideMenuLanguageAsInSettings_18-06-03] Element found and ready (attempt 1): By.xpath: //yt-multi-page-menu-section-renderer[@class='style-scope ytd-multi-page-menu-renderer']//yt-formatted-string[@id='label' and text()='Deutsch']
18:06:42 [TestNG-test-Yt Master Tests-2] INFO  verifyingSideMenuLanguageAsInSettings_18-06-03 - [verifyingSideMenuLanguageAsInSettings_18-06-03] Trying to find element: By.xpath: //yt-multi-page-menu-section-renderer[@class='style-scope ytd-multi-page-menu-renderer']//yt-formatted-string[@id='label' and text()='Deutsch']
18:06:42 [TestNG-test-Yt Master Tests-2] INFO  verifyingSideMenuLanguageAsInSettings_18-06-03 - [verifyingSideMenuLanguageAsInSettings_18-06-03] Element found and ready (attempt 1): By.xpath: //yt-multi-page-menu-section-renderer[@class='style-scope ytd-multi-page-menu-renderer']//yt-formatted-string[@id='label' and text()='Deutsch']
18:06:44 [TestNG-test-Yt Master Tests-2] INFO  verifyingSideMenuLanguageAsInSettings_18-06-03 - Clicking settings ellipses button...
18:06:44 [TestNG-test-Yt Master Tests-2] INFO  verifyingSideMenuLanguageAsInSettings_18-06-03 - [verifyingSideMenuLanguageAsInSettings_18-06-03] Trying to find element: By.xpath: //ytd-topbar-menu-button-renderer[@class='style-scope ytd-masthead style-default']
18:06:44 [TestNG-test-Yt Master Tests-2] INFO  verifyingSideMenuLanguageAsInSettings_18-06-03 - [verifyingSideMenuLanguageAsInSettings_18-06-03] Element found and ready (attempt 1): By.xpath: //ytd-topbar-menu-button-renderer[@class='style-scope ytd-masthead style-default']
18:06:44 [TestNG-test-Yt Master Tests-2] INFO  verifyingSideMenuLanguageAsInSettings_18-06-03 - [verifyingSideMenuLanguageAsInSettings_18-06-03] Waiting until element is visible in viewport
18:06:45 [TestNG-test-Yt Master Tests-2] INFO  verifyingSideMenuLanguageAsInSettings_18-06-03 - Clicking settings ellipses button...
18:06:45 [TestNG-test-Yt Master Tests-2] INFO  verifyingSideMenuLanguageAsInSettings_18-06-03 - [verifyingSideMenuLanguageAsInSettings_18-06-03] Trying to find element: By.xpath: //ytd-topbar-menu-button-renderer[@class='style-scope ytd-masthead style-default']
18:06:45 [TestNG-test-Yt Master Tests-2] INFO  verifyingSideMenuLanguageAsInSettings_18-06-03 - [verifyingSideMenuLanguageAsInSettings_18-06-03] Element found and ready (attempt 1): By.xpath: //ytd-topbar-menu-button-renderer[@class='style-scope ytd-masthead style-default']
18:06:45 [TestNG-test-Yt Master Tests-2] INFO  verifyingSideMenuLanguageAsInSettings_18-06-03 - Fetching the side menu in expanded view
18:06:45 [TestNG-test-Yt Master Tests-2] INFO  verifyingSideMenuLanguageAsInSettings_18-06-03 - [verifyingSideMenuLanguageAsInSettings_18-06-03] Finding elements list: By.xpath: //ytd-guide-entry-renderer[@class='style-scope ytd-guide-section-renderer']
18:06:46 [TestNG-test-Yt Master Tests-2] INFO  verifyingSideMenuLanguageAsInSettings_18-06-03 - [verifyingSideMenuLanguageAsInSettings_18-06-03] Found 13 ready elements (attempt 1): By.xpath: //ytd-guide-entry-renderer[@class='style-scope ytd-guide-section-renderer']
18:06:46 [TestNG-test-Yt Master Tests-2] INFO  verifyingSideMenuLanguageAsInSettings_18-06-03 - Clicking settings ellipses button...
18:06:46 [TestNG-test-Yt Master Tests-2] INFO  verifyingSideMenuLanguageAsInSettings_18-06-03 - [verifyingSideMenuLanguageAsInSettings_18-06-03] Trying to find element: By.xpath: //ytd-topbar-menu-button-renderer[@class='style-scope ytd-masthead style-default']
18:06:46 [TestNG-test-Yt Master Tests-2] INFO  verifyingSideMenuLanguageAsInSettings_18-06-03 - [verifyingSideMenuLanguageAsInSettings_18-06-03] Element found and ready (attempt 1): By.xpath: //ytd-topbar-menu-button-renderer[@class='style-scope ytd-masthead style-default']
18:06:46 [TestNG-test-Yt Master Tests-2] INFO  verifyingSideMenuLanguageAsInSettings_18-06-03 - Clicking language dropdown...
18:06:46 [TestNG-test-Yt Master Tests-2] INFO  verifyingSideMenuLanguageAsInSettings_18-06-03 - [verifyingSideMenuLanguageAsInSettings_18-06-03] Trying to find element: By.xpath: (//div[@id='content-icon'])[2]
18:06:46 [TestNG-test-Yt Master Tests-2] INFO  verifyingSideMenuLanguageAsInSettings_18-06-03 - [verifyingSideMenuLanguageAsInSettings_18-06-03] Element found and ready (attempt 1): By.xpath: (//div[@id='content-icon'])[2]
18:06:47 [TestNG-test-Yt Master Tests-2] INFO  verifyingSideMenuLanguageAsInSettings_18-06-03 - Looking for language element with name: Eesti
18:06:47 [TestNG-test-Yt Master Tests-2] INFO  verifyingSideMenuLanguageAsInSettings_18-06-03 - [verifyingSideMenuLanguageAsInSettings_18-06-03] Trying to find element: By.xpath: //yt-multi-page-menu-section-renderer[@class='style-scope ytd-multi-page-menu-renderer']//yt-formatted-string[@id='label' and text()='Eesti']
18:06:47 [TestNG-test-Yt Master Tests-2] INFO  verifyingSideMenuLanguageAsInSettings_18-06-03 - [verifyingSideMenuLanguageAsInSettings_18-06-03] Element found and ready (attempt 1): By.xpath: //yt-multi-page-menu-section-renderer[@class='style-scope ytd-multi-page-menu-renderer']//yt-formatted-string[@id='label' and text()='Eesti']
18:06:47 [TestNG-test-Yt Master Tests-2] INFO  verifyingSideMenuLanguageAsInSettings_18-06-03 - [verifyingSideMenuLanguageAsInSettings_18-06-03] Trying to find element: By.xpath: //yt-multi-page-menu-section-renderer[@class='style-scope ytd-multi-page-menu-renderer']//yt-formatted-string[@id='label' and text()='Eesti']
18:06:47 [TestNG-test-Yt Master Tests-2] INFO  verifyingSideMenuLanguageAsInSettings_18-06-03 - [verifyingSideMenuLanguageAsInSettings_18-06-03] Element found and ready (attempt 1): By.xpath: //yt-multi-page-menu-section-renderer[@class='style-scope ytd-multi-page-menu-renderer']//yt-formatted-string[@id='label' and text()='Eesti']
18:06:48 [TestNG-test-Yt Master Tests-2] INFO  verifyingSideMenuLanguageAsInSettings_18-06-03 - Clicking settings ellipses button...
18:06:49 [TestNG-test-Yt Master Tests-2] INFO  verifyingSideMenuLanguageAsInSettings_18-06-03 - [verifyingSideMenuLanguageAsInSettings_18-06-03] Trying to find element: By.xpath: //ytd-topbar-menu-button-renderer[@class='style-scope ytd-masthead style-default']
18:06:49 [TestNG-test-Yt Master Tests-2] INFO  verifyingSideMenuLanguageAsInSettings_18-06-03 - [verifyingSideMenuLanguageAsInSettings_18-06-03] Element found and ready (attempt 1): By.xpath: //ytd-topbar-menu-button-renderer[@class='style-scope ytd-masthead style-default']
18:06:49 [TestNG-test-Yt Master Tests-2] INFO  verifyingSideMenuLanguageAsInSettings_18-06-03 - [verifyingSideMenuLanguageAsInSettings_18-06-03] Waiting until element is visible in viewport
18:06:50 [TestNG-test-Yt Master Tests-2] INFO  verifyingSideMenuLanguageAsInSettings_18-06-03 - Clicking settings ellipses button...
18:06:50 [TestNG-test-Yt Master Tests-2] INFO  verifyingSideMenuLanguageAsInSettings_18-06-03 - [verifyingSideMenuLanguageAsInSettings_18-06-03] Trying to find element: By.xpath: //ytd-topbar-menu-button-renderer[@class='style-scope ytd-masthead style-default']
18:06:50 [TestNG-test-Yt Master Tests-2] INFO  verifyingSideMenuLanguageAsInSettings_18-06-03 - [verifyingSideMenuLanguageAsInSettings_18-06-03] Element found and ready (attempt 1): By.xpath: //ytd-topbar-menu-button-renderer[@class='style-scope ytd-masthead style-default']
18:06:50 [TestNG-test-Yt Master Tests-2] INFO  verifyingSideMenuLanguageAsInSettings_18-06-03 - Fetching the side menu in expanded view
18:06:50 [TestNG-test-Yt Master Tests-2] INFO  verifyingSideMenuLanguageAsInSettings_18-06-03 - [verifyingSideMenuLanguageAsInSettings_18-06-03] Finding elements list: By.xpath: //ytd-guide-entry-renderer[@class='style-scope ytd-guide-section-renderer']
18:06:50 [TestNG-test-Yt Master Tests-2] INFO  verifyingSideMenuLanguageAsInSettings_18-06-03 - [verifyingSideMenuLanguageAsInSettings_18-06-03] Found 13 ready elements (attempt 1): By.xpath: //ytd-guide-entry-renderer[@class='style-scope ytd-guide-section-renderer']
18:06:51 [TestNG-test-Yt Master Tests-2] INFO  verifyingSideMenuLanguageAsInSettings_18-06-03 - Clicking settings ellipses button...
18:06:51 [TestNG-test-Yt Master Tests-2] INFO  verifyingSideMenuLanguageAsInSettings_18-06-03 - [verifyingSideMenuLanguageAsInSettings_18-06-03] Trying to find element: By.xpath: //ytd-topbar-menu-button-renderer[@class='style-scope ytd-masthead style-default']
18:06:51 [TestNG-test-Yt Master Tests-2] INFO  verifyingSideMenuLanguageAsInSettings_18-06-03 - [verifyingSideMenuLanguageAsInSettings_18-06-03] Element found and ready (attempt 1): By.xpath: //ytd-topbar-menu-button-renderer[@class='style-scope ytd-masthead style-default']
18:06:51 [TestNG-test-Yt Master Tests-2] INFO  verifyingSideMenuLanguageAsInSettings_18-06-03 - Clicking language dropdown...
18:06:51 [TestNG-test-Yt Master Tests-2] INFO  verifyingSideMenuLanguageAsInSettings_18-06-03 - [verifyingSideMenuLanguageAsInSettings_18-06-03] Trying to find element: By.xpath: (//div[@id='content-icon'])[2]
18:06:52 [TestNG-test-Yt Master Tests-2] INFO  verifyingSideMenuLanguageAsInSettings_18-06-03 - [verifyingSideMenuLanguageAsInSettings_18-06-03] Element found and ready (attempt 1): By.xpath: (//div[@id='content-icon'])[2]
18:06:52 [TestNG-test-Yt Master Tests-2] INFO  verifyingSideMenuLanguageAsInSettings_18-06-03 - Looking for language element with name: English (India)
18:06:52 [TestNG-test-Yt Master Tests-2] INFO  verifyingSideMenuLanguageAsInSettings_18-06-03 - [verifyingSideMenuLanguageAsInSettings_18-06-03] Trying to find element: By.xpath: //yt-multi-page-menu-section-renderer[@class='style-scope ytd-multi-page-menu-renderer']//yt-formatted-string[@id='label' and text()='English (India)']
18:06:52 [TestNG-test-Yt Master Tests-2] INFO  verifyingSideMenuLanguageAsInSettings_18-06-03 - [verifyingSideMenuLanguageAsInSettings_18-06-03] Element found and ready (attempt 1): By.xpath: //yt-multi-page-menu-section-renderer[@class='style-scope ytd-multi-page-menu-renderer']//yt-formatted-string[@id='label' and text()='English (India)']
18:06:52 [TestNG-test-Yt Master Tests-2] INFO  verifyingSideMenuLanguageAsInSettings_18-06-03 - [verifyingSideMenuLanguageAsInSettings_18-06-03] Trying to find element: By.xpath: //yt-multi-page-menu-section-renderer[@class='style-scope ytd-multi-page-menu-renderer']//yt-formatted-string[@id='label' and text()='English (India)']
18:06:52 [TestNG-test-Yt Master Tests-2] INFO  verifyingSideMenuLanguageAsInSettings_18-06-03 - [verifyingSideMenuLanguageAsInSettings_18-06-03] Element found and ready (attempt 1): By.xpath: //yt-multi-page-menu-section-renderer[@class='style-scope ytd-multi-page-menu-renderer']//yt-formatted-string[@id='label' and text()='English (India)']
18:06:54 [TestNG-test-Yt Master Tests-2] INFO  verifyingSideMenuLanguageAsInSettings_18-06-03 - Clicking settings ellipses button...
18:06:54 [TestNG-test-Yt Master Tests-2] INFO  verifyingSideMenuLanguageAsInSettings_18-06-03 - [verifyingSideMenuLanguageAsInSettings_18-06-03] Trying to find element: By.xpath: //ytd-topbar-menu-button-renderer[@class='style-scope ytd-masthead style-default']
18:06:54 [TestNG-test-Yt Master Tests-2] INFO  verifyingSideMenuLanguageAsInSettings_18-06-03 - [verifyingSideMenuLanguageAsInSettings_18-06-03] Element found and ready (attempt 1): By.xpath: //ytd-topbar-menu-button-renderer[@class='style-scope ytd-masthead style-default']
18:06:54 [TestNG-test-Yt Master Tests-2] INFO  verifyingSideMenuLanguageAsInSettings_18-06-03 - [verifyingSideMenuLanguageAsInSettings_18-06-03] Waiting until element is visible in viewport
18:06:55 [TestNG-test-Yt Master Tests-2] INFO  verifyingSideMenuLanguageAsInSettings_18-06-03 - Clicking settings ellipses button...
18:06:55 [TestNG-test-Yt Master Tests-2] INFO  verifyingSideMenuLanguageAsInSettings_18-06-03 - [verifyingSideMenuLanguageAsInSettings_18-06-03] Trying to find element: By.xpath: //ytd-topbar-menu-button-renderer[@class='style-scope ytd-masthead style-default']
18:06:55 [TestNG-test-Yt Master Tests-2] INFO  verifyingSideMenuLanguageAsInSettings_18-06-03 - [verifyingSideMenuLanguageAsInSettings_18-06-03] Element found and ready (attempt 1): By.xpath: //ytd-topbar-menu-button-renderer[@class='style-scope ytd-masthead style-default']
18:06:55 [TestNG-test-Yt Master Tests-2] INFO  verifyingSideMenuLanguageAsInSettings_18-06-03 - Fetching the side menu in expanded view
18:06:55 [TestNG-test-Yt Master Tests-2] INFO  verifyingSideMenuLanguageAsInSettings_18-06-03 - [verifyingSideMenuLanguageAsInSettings_18-06-03] Finding elements list: By.xpath: //ytd-guide-entry-renderer[@class='style-scope ytd-guide-section-renderer']
18:06:56 [TestNG-test-Yt Master Tests-2] INFO  verifyingSideMenuLanguageAsInSettings_18-06-03 - [verifyingSideMenuLanguageAsInSettings_18-06-03] Found 13 ready elements (attempt 1): By.xpath: //ytd-guide-entry-renderer[@class='style-scope ytd-guide-section-renderer']
18:06:56 [TestNG-test-Yt Master Tests-2] INFO  verifyingSideMenuLanguageAsInSettings_18-06-03 - Clicking settings ellipses button...
18:06:56 [TestNG-test-Yt Master Tests-2] INFO  verifyingSideMenuLanguageAsInSettings_18-06-03 - [verifyingSideMenuLanguageAsInSettings_18-06-03] Trying to find element: By.xpath: //ytd-topbar-menu-button-renderer[@class='style-scope ytd-masthead style-default']
18:06:56 [TestNG-test-Yt Master Tests-2] INFO  verifyingSideMenuLanguageAsInSettings_18-06-03 - [verifyingSideMenuLanguageAsInSettings_18-06-03] Element found and ready (attempt 1): By.xpath: //ytd-topbar-menu-button-renderer[@class='style-scope ytd-masthead style-default']
18:06:56 [TestNG-test-Yt Master Tests-2] INFO  verifyingSideMenuLanguageAsInSettings_18-06-03 - Clicking language dropdown...
18:06:56 [TestNG-test-Yt Master Tests-2] INFO  verifyingSideMenuLanguageAsInSettings_18-06-03 - [verifyingSideMenuLanguageAsInSettings_18-06-03] Trying to find element: By.xpath: (//div[@id='content-icon'])[2]
18:06:57 [TestNG-test-Yt Master Tests-2] INFO  verifyingSideMenuLanguageAsInSettings_18-06-03 - [verifyingSideMenuLanguageAsInSettings_18-06-03] Element found and ready (attempt 1): By.xpath: (//div[@id='content-icon'])[2]
18:06:57 [TestNG-test-Yt Master Tests-2] INFO  verifyingSideMenuLanguageAsInSettings_18-06-03 - [verifyingSideMenuLanguageAsInSettings_18-06-03] Not retrying test 'verifyingSideMenuLanguageAsInSettings'. Retry count: 0, Cause: The following asserts failed:
	Mismatch in the Actual and Expected data for language=Afrikaans expected [Tuis Kortvideo's Intekeninge Myne Geskiedenis Musiek Flieks Regstreeks YouTube Premium YouTube Music YouTube Kids Instellings Aangeegeskiedenis Hulp Stuur terugvoer] but found [Tuis Kortvideo's Intekeninge Myne Geskiedenis Musiek Flieks en TV Regstreeks YouTube Premium YouTube TV YouTube Music YouTube Kids Aangeegeskiedenis],
	Mismatch in the Actual and Expected data for language=Azərbaycan expected [Ev Shorts Abunəliklər Siz Tarixçə Musiqi Filmlər Canlı YouTube Premium YouTube Music YouTube Kids Ayarlar Xəbər tarixçəsi Yardım Rəy göndərin] but found [Ev Shorts Abunəliklər Siz Tarixçə Musiqi Film və TV Canlı YouTube Premium YouTube TV YouTube Music YouTube Kids Xəbər tarixçəsi],
	Mismatch in the Actual and Expected data for language=Bahasa Indonesia expected [Beranda Shorts Subscription Anda Histori Musik Film Live YouTube Premium YouTube Music YouTube Kids Setelan Histori laporan Bantuan Kirim masukan] but found [Beranda Shorts Subscription Anda Histori Musik Film & TV Live YouTube Premium YouTube TV YouTube Music YouTube Kids Histori laporan],
	Mismatch in the Actual and Expected data for language=Bosanski expected [Početna stranica Shorts Pretplate Vi Hi‪storija Muzika Filmovi Uživo YouTube Premium YouTube Music YouTube Kids Postavke Historija prijava Pomoć Pošaljite povratne informacije] but found [Početna stranica Shorts Pretplate Vi Hi‪storija Muzika Filmovi i TV Uživo YouTube Premium YouTube TV YouTube Music YouTube Kids Historija prijava],
	Mismatch in the Actual and Expected data for language=Català expected [Inici YouTube Shorts Subscripcions Tu Historial Música Pel·lícules En directe YouTube Premium YouTube Music YouTube Kids Configuració Historial d'informes Ajuda Envia suggeriments] but found [Inici YouTube Shorts Subscripcions Tu Historial Música Pel·lícules i televisió En directe YouTube Premium YouTube TV YouTube Music YouTube Kids Historial d'informes],
	Mismatch in the Actual and Expected data for language=Dansk expected [Start Shorts Abonnementer Dig Historik Musik Film Live YouTube Premium YouTube Music YouTube Kids Indstillinger Rapporteringshistorik Hjælp Send feedback] but found [Start Shorts Abonnementer Dig Historik Musik Film og tv Live YouTube Premium YouTube TV YouTube Music YouTube Kids Rapporteringshistorik],
	Mismatch in the Actual and Expected data for language=Deutsch expected [Startseite Shorts Abos Mein YouTube Verlauf Musik Filme Live YouTube Premium YouTube Music YouTube Kids Einstellungen Meldeverlauf Hilfe Feedback senden] but found [Startseite Shorts Abos Mein YouTube Verlauf Musik Filme & Shows Live YouTube Premium YouTube TV YouTube Music YouTube Kids Meldeverlauf],
	Mismatch in the Actual and Expected data for language=Eesti expected [Avaleht Shorts Tellimused Teie Ajalugu Muusika Filmid Otse YouTube Premium YouTube Music YouTube Kids Seaded Teavituste ajalugu Abi Tagasiside saatmine] but found [Avaleht Shorts Tellimused Teie Ajalugu Muusika Filmid ja telesarjad Otse YouTube Premium YouTube TV YouTube Music YouTube Kids Teavituste ajalugu],
	Mismatch in the Actual and Expected data for language=English (India) expected [Home Shorts Subscriptions You History Shopping Music Films YouTube Premium YouTube Music YouTube Kids Settings Report history Help Send feedback] but found [Home Shorts Subscriptions You History Shopping Music Movies & TV YouTube Premium YouTube TV YouTube Music YouTube Kids Report history]
