18:50:08 [TestNG-test-Yt Master Tests-3] INFO  verifyingSettingOptionsLang_18-50-08 - No existing WebDriver found for current thread. Initializing a new ChromeDriver...
18:50:08 [TestNG-test-Yt Master Tests-3] INFO  verifyingSettingOptionsLang_18-50-08 - WebDriverManager: chromedriver setup OK
18:50:11 [TestNG-test-Yt Master Tests-3] INFO  verifyingSettingOptionsLang_18-50-08 - ChromeDriver initialized successfully for thread: 36
18:50:11 [TestNG-test-Yt Master Tests-3] INFO  verifyingSettingOptionsLang_18-50-08 - SafeActions initialized with driver ChromeDriver: chrome on windows (5ede6fb7b19a469dc56359ff399e92fc)
18:50:11 [TestNG-test-Yt Master Tests-3] INFO  verifyingSettingOptionsLang_18-50-08 - Initialized YtLandingPage with driver: ChromeDriver: chrome on windows (5ede6fb7b19a469dc56359ff399e92fc)
18:50:11 [TestNG-test-Yt Master Tests-3] INFO  verifyingSettingOptionsLang_18-50-08 - SafeActions initialized with driver ChromeDriver: chrome on windows (5ede6fb7b19a469dc56359ff399e92fc)
18:50:22 [TestNG-test-Yt Master Tests-3] INFO  verifyingSettingOptionsLang_18-50-08 - Opened YouTube landing page.
18:50:22 [TestNG-test-Yt Master Tests-3] INFO  verifyingSettingOptionsLang_18-50-08 - Clicking settings ellipses button...
18:50:22 [TestNG-test-Yt Master Tests-3] INFO  verifyingSettingOptionsLang_18-50-08 - [verifyingSettingOptionsLang_18-50-08] Trying to find element: By.xpath: //ytd-topbar-menu-button-renderer[@class='style-scope ytd-masthead style-default']
18:50:22 [TestNG-test-Yt Master Tests-3] INFO  verifyingSettingOptionsLang_18-50-08 - [verifyingSettingOptionsLang_18-50-08] Element found and ready (attempt 1): By.xpath: //ytd-topbar-menu-button-renderer[@class='style-scope ytd-masthead style-default']
18:50:22 [TestNG-test-Yt Master Tests-3] INFO  verifyingSettingOptionsLang_18-50-08 - Clicking language dropdown...
18:50:22 [TestNG-test-Yt Master Tests-3] INFO  verifyingSettingOptionsLang_18-50-08 - [verifyingSettingOptionsLang_18-50-08] Trying to find element: By.xpath: (//div[@id='content-icon'])[2]
18:50:23 [TestNG-test-Yt Master Tests-3] INFO  verifyingSettingOptionsLang_18-50-08 - [verifyingSettingOptionsLang_18-50-08] Element found and ready (attempt 1): By.xpath: (//div[@id='content-icon'])[2]
18:50:24 [TestNG-test-Yt Master Tests-3] INFO  verifyingSettingOptionsLang_18-50-08 - [verifyingSettingOptionsLang_18-50-08] Execution is Not CRON Job Hence refering to normal keys from UtilData
18:50:24 [TestNG-test-Yt Master Tests-3] INFO  verifyingSettingOptionsLang_18-50-08 - Looking for language element with name: Afrikaans
18:50:24 [TestNG-test-Yt Master Tests-3] INFO  verifyingSettingOptionsLang_18-50-08 - [verifyingSettingOptionsLang_18-50-08] Trying to find element: By.xpath: //yt-multi-page-menu-section-renderer[@class='style-scope ytd-multi-page-menu-renderer']//yt-formatted-string[@id='label' and text()='Afrikaans']
18:50:24 [TestNG-test-Yt Master Tests-3] INFO  verifyingSettingOptionsLang_18-50-08 - [verifyingSettingOptionsLang_18-50-08] Element found and ready (attempt 1): By.xpath: //yt-multi-page-menu-section-renderer[@class='style-scope ytd-multi-page-menu-renderer']//yt-formatted-string[@id='label' and text()='Afrikaans']
18:50:24 [TestNG-test-Yt Master Tests-3] INFO  verifyingSettingOptionsLang_18-50-08 - [verifyingSettingOptionsLang_18-50-08] Trying to find element: By.xpath: //yt-multi-page-menu-section-renderer[@class='style-scope ytd-multi-page-menu-renderer']//yt-formatted-string[@id='label' and text()='Afrikaans']
18:50:24 [TestNG-test-Yt Master Tests-3] INFO  verifyingSettingOptionsLang_18-50-08 - [verifyingSettingOptionsLang_18-50-08] Element found and ready (attempt 1): By.xpath: //yt-multi-page-menu-section-renderer[@class='style-scope ytd-multi-page-menu-renderer']//yt-formatted-string[@id='label' and text()='Afrikaans']
18:50:28 [TestNG-test-Yt Master Tests-3] INFO  verifyingSettingOptionsLang_18-50-08 - Clicking settings ellipses button...
18:50:28 [TestNG-test-Yt Master Tests-3] INFO  verifyingSettingOptionsLang_18-50-08 - [verifyingSettingOptionsLang_18-50-08] Trying to find element: By.xpath: //ytd-topbar-menu-button-renderer[@class='style-scope ytd-masthead style-default']
18:50:28 [TestNG-test-Yt Master Tests-3] INFO  verifyingSettingOptionsLang_18-50-08 - [verifyingSettingOptionsLang_18-50-08] Element found and ready (attempt 1): By.xpath: //ytd-topbar-menu-button-renderer[@class='style-scope ytd-masthead style-default']
18:50:28 [TestNG-test-Yt Master Tests-3] INFO  verifyingSettingOptionsLang_18-50-08 - [verifyingSettingOptionsLang_18-50-08] Waiting until element is visible in viewport
18:50:30 [TestNG-test-Yt Master Tests-3] INFO  verifyingSettingOptionsLang_18-50-08 - Clicking settings ellipses button...
18:50:30 [TestNG-test-Yt Master Tests-3] INFO  verifyingSettingOptionsLang_18-50-08 - [verifyingSettingOptionsLang_18-50-08] Trying to find element: By.xpath: //ytd-topbar-menu-button-renderer[@class='style-scope ytd-masthead style-default']
18:50:30 [TestNG-test-Yt Master Tests-3] INFO  verifyingSettingOptionsLang_18-50-08 - [verifyingSettingOptionsLang_18-50-08] Element found and ready (attempt 1): By.xpath: //ytd-topbar-menu-button-renderer[@class='style-scope ytd-masthead style-default']
18:50:30 [TestNG-test-Yt Master Tests-3] INFO  verifyingSettingOptionsLang_18-50-08 - Clicking settings ellipses button...
18:50:30 [TestNG-test-Yt Master Tests-3] INFO  verifyingSettingOptionsLang_18-50-08 - [verifyingSettingOptionsLang_18-50-08] Trying to find element: By.xpath: //ytd-topbar-menu-button-renderer[@class='style-scope ytd-masthead style-default']
18:50:31 [TestNG-test-Yt Master Tests-3] INFO  verifyingSettingOptionsLang_18-50-08 - [verifyingSettingOptionsLang_18-50-08] Element found and ready (attempt 1): By.xpath: //ytd-topbar-menu-button-renderer[@class='style-scope ytd-masthead style-default']
18:50:31 [TestNG-test-Yt Master Tests-3] INFO  verifyingSettingOptionsLang_18-50-08 - Getting the setting ellipses options
18:50:31 [TestNG-test-Yt Master Tests-3] INFO  verifyingSettingOptionsLang_18-50-08 - [verifyingSettingOptionsLang_18-50-08] Trying to find element: By.xpath: //ytd-multi-page-menu-renderer
18:50:32 [TestNG-test-Yt Master Tests-3] INFO  verifyingSettingOptionsLang_18-50-08 - [verifyingSettingOptionsLang_18-50-08] Element found and ready (attempt 1): By.xpath: //ytd-multi-page-menu-renderer
18:50:32 [TestNG-test-Yt Master Tests-3] INFO  verifyingSettingOptionsLang_18-50-08 - Clicking settings ellipses button...
18:50:32 [TestNG-test-Yt Master Tests-3] INFO  verifyingSettingOptionsLang_18-50-08 - [verifyingSettingOptionsLang_18-50-08] Trying to find element: By.xpath: //ytd-topbar-menu-button-renderer[@class='style-scope ytd-masthead style-default']
18:50:32 [TestNG-test-Yt Master Tests-3] INFO  verifyingSettingOptionsLang_18-50-08 - [verifyingSettingOptionsLang_18-50-08] Element found and ready (attempt 1): By.xpath: //ytd-topbar-menu-button-renderer[@class='style-scope ytd-masthead style-default']
18:50:32 [TestNG-test-Yt Master Tests-3] INFO  verifyingSettingOptionsLang_18-50-08 - 
========== LANGUAGE DETECTION ==========
Detected Language : AFRIKAANS
Input Text        : Jou data in YouTube
Voorkoms: Lig
Vertoontaal:
Afrikaans
Beperkmodus: Af
Ligging:
Verenigde State
Kortpadsleutels
Instellings
Hulp
Stuur terugvoer
========================================
18:50:32 [TestNG-test-Yt Master Tests-3] INFO  verifyingSettingOptionsLang_18-50-08 - getLangAttribute() - locating <html> and reading lang property
18:50:32 [TestNG-test-Yt Master Tests-3] INFO  verifyingSettingOptionsLang_18-50-08 - Language attribute read: af-ZA
18:50:32 [TestNG-test-Yt Master Tests-3] INFO  verifyingSettingOptionsLang_18-50-08 - Clicking settings ellipses button...
18:50:32 [TestNG-test-Yt Master Tests-3] INFO  verifyingSettingOptionsLang_18-50-08 - [verifyingSettingOptionsLang_18-50-08] Trying to find element: By.xpath: //ytd-topbar-menu-button-renderer[@class='style-scope ytd-masthead style-default']
18:50:32 [TestNG-test-Yt Master Tests-3] INFO  verifyingSettingOptionsLang_18-50-08 - [verifyingSettingOptionsLang_18-50-08] Element found and ready (attempt 1): By.xpath: //ytd-topbar-menu-button-renderer[@class='style-scope ytd-masthead style-default']
18:50:33 [TestNG-test-Yt Master Tests-3] INFO  verifyingSettingOptionsLang_18-50-08 - Clicking language dropdown...
18:50:33 [TestNG-test-Yt Master Tests-3] INFO  verifyingSettingOptionsLang_18-50-08 - [verifyingSettingOptionsLang_18-50-08] Trying to find element: By.xpath: (//div[@id='content-icon'])[2]
18:50:34 [TestNG-test-Yt Master Tests-3] INFO  verifyingSettingOptionsLang_18-50-08 - [verifyingSettingOptionsLang_18-50-08] Element found and ready (attempt 1): By.xpath: (//div[@id='content-icon'])[2]
18:50:34 [TestNG-test-Yt Master Tests-3] INFO  verifyingSettingOptionsLang_18-50-08 - Looking for language element with name: Azərbaycan
18:50:34 [TestNG-test-Yt Master Tests-3] INFO  verifyingSettingOptionsLang_18-50-08 - [verifyingSettingOptionsLang_18-50-08] Trying to find element: By.xpath: //yt-multi-page-menu-section-renderer[@class='style-scope ytd-multi-page-menu-renderer']//yt-formatted-string[@id='label' and text()='Azərbaycan']
18:50:34 [TestNG-test-Yt Master Tests-3] INFO  verifyingSettingOptionsLang_18-50-08 - [verifyingSettingOptionsLang_18-50-08] Element found and ready (attempt 1): By.xpath: //yt-multi-page-menu-section-renderer[@class='style-scope ytd-multi-page-menu-renderer']//yt-formatted-string[@id='label' and text()='Azərbaycan']
18:50:34 [TestNG-test-Yt Master Tests-3] INFO  verifyingSettingOptionsLang_18-50-08 - [verifyingSettingOptionsLang_18-50-08] Trying to find element: By.xpath: //yt-multi-page-menu-section-renderer[@class='style-scope ytd-multi-page-menu-renderer']//yt-formatted-string[@id='label' and text()='Azərbaycan']
18:50:35 [TestNG-test-Yt Master Tests-3] INFO  verifyingSettingOptionsLang_18-50-08 - [verifyingSettingOptionsLang_18-50-08] Element found and ready (attempt 1): By.xpath: //yt-multi-page-menu-section-renderer[@class='style-scope ytd-multi-page-menu-renderer']//yt-formatted-string[@id='label' and text()='Azərbaycan']
18:50:37 [TestNG-test-Yt Master Tests-3] INFO  verifyingSettingOptionsLang_18-50-08 - Clicking settings ellipses button...
18:50:38 [TestNG-test-Yt Master Tests-3] INFO  verifyingSettingOptionsLang_18-50-08 - [verifyingSettingOptionsLang_18-50-08] Trying to find element: By.xpath: //ytd-topbar-menu-button-renderer[@class='style-scope ytd-masthead style-default']
18:50:38 [TestNG-test-Yt Master Tests-3] INFO  verifyingSettingOptionsLang_18-50-08 - [verifyingSettingOptionsLang_18-50-08] Element found and ready (attempt 1): By.xpath: //ytd-topbar-menu-button-renderer[@class='style-scope ytd-masthead style-default']
18:50:38 [TestNG-test-Yt Master Tests-3] INFO  verifyingSettingOptionsLang_18-50-08 - [verifyingSettingOptionsLang_18-50-08] Waiting until element is visible in viewport
18:50:39 [TestNG-test-Yt Master Tests-3] INFO  verifyingSettingOptionsLang_18-50-08 - Clicking settings ellipses button...
18:50:39 [TestNG-test-Yt Master Tests-3] INFO  verifyingSettingOptionsLang_18-50-08 - [verifyingSettingOptionsLang_18-50-08] Trying to find element: By.xpath: //ytd-topbar-menu-button-renderer[@class='style-scope ytd-masthead style-default']
18:50:39 [TestNG-test-Yt Master Tests-3] INFO  verifyingSettingOptionsLang_18-50-08 - [verifyingSettingOptionsLang_18-50-08] Element found and ready (attempt 1): By.xpath: //ytd-topbar-menu-button-renderer[@class='style-scope ytd-masthead style-default']
18:50:39 [TestNG-test-Yt Master Tests-3] INFO  verifyingSettingOptionsLang_18-50-08 - Clicking settings ellipses button...
18:50:39 [TestNG-test-Yt Master Tests-3] INFO  verifyingSettingOptionsLang_18-50-08 - [verifyingSettingOptionsLang_18-50-08] Trying to find element: By.xpath: //ytd-topbar-menu-button-renderer[@class='style-scope ytd-masthead style-default']
18:50:39 [TestNG-test-Yt Master Tests-3] INFO  verifyingSettingOptionsLang_18-50-08 - [verifyingSettingOptionsLang_18-50-08] Element found and ready (attempt 1): By.xpath: //ytd-topbar-menu-button-renderer[@class='style-scope ytd-masthead style-default']
18:50:40 [TestNG-test-Yt Master Tests-3] INFO  verifyingSettingOptionsLang_18-50-08 - Getting the setting ellipses options
18:50:40 [TestNG-test-Yt Master Tests-3] INFO  verifyingSettingOptionsLang_18-50-08 - [verifyingSettingOptionsLang_18-50-08] Trying to find element: By.xpath: //ytd-multi-page-menu-renderer
18:50:40 [TestNG-test-Yt Master Tests-3] INFO  verifyingSettingOptionsLang_18-50-08 - [verifyingSettingOptionsLang_18-50-08] Element found and ready (attempt 1): By.xpath: //ytd-multi-page-menu-renderer
18:50:40 [TestNG-test-Yt Master Tests-3] INFO  verifyingSettingOptionsLang_18-50-08 - Clicking settings ellipses button...
18:50:40 [TestNG-test-Yt Master Tests-3] INFO  verifyingSettingOptionsLang_18-50-08 - [verifyingSettingOptionsLang_18-50-08] Trying to find element: By.xpath: //ytd-topbar-menu-button-renderer[@class='style-scope ytd-masthead style-default']
18:50:40 [TestNG-test-Yt Master Tests-3] INFO  verifyingSettingOptionsLang_18-50-08 - [verifyingSettingOptionsLang_18-50-08] Element found and ready (attempt 1): By.xpath: //ytd-topbar-menu-button-renderer[@class='style-scope ytd-masthead style-default']
18:50:41 [TestNG-test-Yt Master Tests-3] INFO  verifyingSettingOptionsLang_18-50-08 - 
========== LANGUAGE DETECTION ==========
Detected Language : AZERBAIJANI
Input Text        : YouTube Datanız
Görünüş: Açıq
Displey dili:
azərbaycan
Limitli Rejim: Deaktiv
Məkan:
Amerika Birləşmiş Ştatları
Klaviatura qısayolları
Ayarlar
Yardım
Rəy göndərin
========================================
18:50:41 [TestNG-test-Yt Master Tests-3] INFO  verifyingSettingOptionsLang_18-50-08 - getLangAttribute() - locating <html> and reading lang property
18:50:41 [TestNG-test-Yt Master Tests-3] INFO  verifyingSettingOptionsLang_18-50-08 - Language attribute read: az-Latn-AZ
18:50:41 [TestNG-test-Yt Master Tests-3] INFO  verifyingSettingOptionsLang_18-50-08 - Clicking settings ellipses button...
18:50:41 [TestNG-test-Yt Master Tests-3] INFO  verifyingSettingOptionsLang_18-50-08 - [verifyingSettingOptionsLang_18-50-08] Trying to find element: By.xpath: //ytd-topbar-menu-button-renderer[@class='style-scope ytd-masthead style-default']
18:50:41 [TestNG-test-Yt Master Tests-3] INFO  verifyingSettingOptionsLang_18-50-08 - [verifyingSettingOptionsLang_18-50-08] Element found and ready (attempt 1): By.xpath: //ytd-topbar-menu-button-renderer[@class='style-scope ytd-masthead style-default']
18:50:42 [TestNG-test-Yt Master Tests-3] INFO  verifyingSettingOptionsLang_18-50-08 - Clicking language dropdown...
18:50:42 [TestNG-test-Yt Master Tests-3] INFO  verifyingSettingOptionsLang_18-50-08 - [verifyingSettingOptionsLang_18-50-08] Trying to find element: By.xpath: (//div[@id='content-icon'])[2]
18:50:42 [TestNG-test-Yt Master Tests-3] INFO  verifyingSettingOptionsLang_18-50-08 - [verifyingSettingOptionsLang_18-50-08] Element found and ready (attempt 1): By.xpath: (//div[@id='content-icon'])[2]
18:50:43 [TestNG-test-Yt Master Tests-3] INFO  verifyingSettingOptionsLang_18-50-08 - Looking for language element with name: Bahasa Indonesia
18:50:43 [TestNG-test-Yt Master Tests-3] INFO  verifyingSettingOptionsLang_18-50-08 - [verifyingSettingOptionsLang_18-50-08] Trying to find element: By.xpath: //yt-multi-page-menu-section-renderer[@class='style-scope ytd-multi-page-menu-renderer']//yt-formatted-string[@id='label' and text()='Bahasa Indonesia']
18:50:43 [TestNG-test-Yt Master Tests-3] INFO  verifyingSettingOptionsLang_18-50-08 - [verifyingSettingOptionsLang_18-50-08] Element found and ready (attempt 1): By.xpath: //yt-multi-page-menu-section-renderer[@class='style-scope ytd-multi-page-menu-renderer']//yt-formatted-string[@id='label' and text()='Bahasa Indonesia']
18:50:43 [TestNG-test-Yt Master Tests-3] INFO  verifyingSettingOptionsLang_18-50-08 - [verifyingSettingOptionsLang_18-50-08] Trying to find element: By.xpath: //yt-multi-page-menu-section-renderer[@class='style-scope ytd-multi-page-menu-renderer']//yt-formatted-string[@id='label' and text()='Bahasa Indonesia']
18:50:44 [TestNG-test-Yt Master Tests-3] INFO  verifyingSettingOptionsLang_18-50-08 - [verifyingSettingOptionsLang_18-50-08] Element found and ready (attempt 1): By.xpath: //yt-multi-page-menu-section-renderer[@class='style-scope ytd-multi-page-menu-renderer']//yt-formatted-string[@id='label' and text()='Bahasa Indonesia']
18:50:47 [TestNG-test-Yt Master Tests-3] INFO  verifyingSettingOptionsLang_18-50-08 - Clicking settings ellipses button...
18:50:47 [TestNG-test-Yt Master Tests-3] INFO  verifyingSettingOptionsLang_18-50-08 - [verifyingSettingOptionsLang_18-50-08] Trying to find element: By.xpath: //ytd-topbar-menu-button-renderer[@class='style-scope ytd-masthead style-default']
18:50:47 [TestNG-test-Yt Master Tests-3] INFO  verifyingSettingOptionsLang_18-50-08 - [verifyingSettingOptionsLang_18-50-08] Element found and ready (attempt 1): By.xpath: //ytd-topbar-menu-button-renderer[@class='style-scope ytd-masthead style-default']
18:50:48 [TestNG-test-Yt Master Tests-3] INFO  verifyingSettingOptionsLang_18-50-08 - [verifyingSettingOptionsLang_18-50-08] Waiting until element is visible in viewport
18:50:49 [TestNG-test-Yt Master Tests-3] INFO  verifyingSettingOptionsLang_18-50-08 - Clicking settings ellipses button...
18:50:49 [TestNG-test-Yt Master Tests-3] INFO  verifyingSettingOptionsLang_18-50-08 - [verifyingSettingOptionsLang_18-50-08] Trying to find element: By.xpath: //ytd-topbar-menu-button-renderer[@class='style-scope ytd-masthead style-default']
18:50:50 [TestNG-test-Yt Master Tests-3] INFO  verifyingSettingOptionsLang_18-50-08 - [verifyingSettingOptionsLang_18-50-08] Element found and ready (attempt 1): By.xpath: //ytd-topbar-menu-button-renderer[@class='style-scope ytd-masthead style-default']
18:50:50 [TestNG-test-Yt Master Tests-3] INFO  verifyingSettingOptionsLang_18-50-08 - Clicking settings ellipses button...
18:50:50 [TestNG-test-Yt Master Tests-3] INFO  verifyingSettingOptionsLang_18-50-08 - [verifyingSettingOptionsLang_18-50-08] Trying to find element: By.xpath: //ytd-topbar-menu-button-renderer[@class='style-scope ytd-masthead style-default']
18:50:51 [TestNG-test-Yt Master Tests-3] INFO  verifyingSettingOptionsLang_18-50-08 - [verifyingSettingOptionsLang_18-50-08] Element found and ready (attempt 1): By.xpath: //ytd-topbar-menu-button-renderer[@class='style-scope ytd-masthead style-default']
18:50:52 [TestNG-test-Yt Master Tests-3] INFO  verifyingSettingOptionsLang_18-50-08 - Getting the setting ellipses options
18:50:52 [TestNG-test-Yt Master Tests-3] INFO  verifyingSettingOptionsLang_18-50-08 - [verifyingSettingOptionsLang_18-50-08] Trying to find element: By.xpath: //ytd-multi-page-menu-renderer
18:50:52 [TestNG-test-Yt Master Tests-3] INFO  verifyingSettingOptionsLang_18-50-08 - [verifyingSettingOptionsLang_18-50-08] Element found and ready (attempt 1): By.xpath: //ytd-multi-page-menu-renderer
18:50:52 [TestNG-test-Yt Master Tests-3] INFO  verifyingSettingOptionsLang_18-50-08 - Clicking settings ellipses button...
18:50:52 [TestNG-test-Yt Master Tests-3] INFO  verifyingSettingOptionsLang_18-50-08 - [verifyingSettingOptionsLang_18-50-08] Trying to find element: By.xpath: //ytd-topbar-menu-button-renderer[@class='style-scope ytd-masthead style-default']
18:50:52 [TestNG-test-Yt Master Tests-3] INFO  verifyingSettingOptionsLang_18-50-08 - [verifyingSettingOptionsLang_18-50-08] Element found and ready (attempt 1): By.xpath: //ytd-topbar-menu-button-renderer[@class='style-scope ytd-masthead style-default']
18:50:53 [TestNG-test-Yt Master Tests-3] INFO  verifyingSettingOptionsLang_18-50-08 - 
========== LANGUAGE DETECTION ==========
Detected Language : INDONESIAN
Input Text        : Data Anda di YouTube
Tampilan: Terang
Bahasa tampilan:
Indonesia
Mode Terbatas: Nonaktif
Lokasi:
Amerika Serikat
Pintasan keyboard
Setelan
Bantuan
Kirim masukan
========================================
18:50:53 [TestNG-test-Yt Master Tests-3] INFO  verifyingSettingOptionsLang_18-50-08 - getLangAttribute() - locating <html> and reading lang property
18:50:53 [TestNG-test-Yt Master Tests-3] INFO  verifyingSettingOptionsLang_18-50-08 - Language attribute read: id-ID
18:50:53 [TestNG-test-Yt Master Tests-3] INFO  verifyingSettingOptionsLang_18-50-08 - Clicking settings ellipses button...
18:50:53 [TestNG-test-Yt Master Tests-3] INFO  verifyingSettingOptionsLang_18-50-08 - [verifyingSettingOptionsLang_18-50-08] Trying to find element: By.xpath: //ytd-topbar-menu-button-renderer[@class='style-scope ytd-masthead style-default']
18:50:53 [TestNG-test-Yt Master Tests-3] INFO  verifyingSettingOptionsLang_18-50-08 - [verifyingSettingOptionsLang_18-50-08] Element found and ready (attempt 1): By.xpath: //ytd-topbar-menu-button-renderer[@class='style-scope ytd-masthead style-default']
18:50:54 [TestNG-test-Yt Master Tests-3] INFO  verifyingSettingOptionsLang_18-50-08 - Clicking language dropdown...
18:50:54 [TestNG-test-Yt Master Tests-3] INFO  verifyingSettingOptionsLang_18-50-08 - [verifyingSettingOptionsLang_18-50-08] Trying to find element: By.xpath: (//div[@id='content-icon'])[2]
18:50:54 [TestNG-test-Yt Master Tests-3] INFO  verifyingSettingOptionsLang_18-50-08 - [verifyingSettingOptionsLang_18-50-08] Element found and ready (attempt 1): By.xpath: (//div[@id='content-icon'])[2]
18:50:55 [TestNG-test-Yt Master Tests-3] INFO  verifyingSettingOptionsLang_18-50-08 - Looking for language element with name: Bosanski
18:50:55 [TestNG-test-Yt Master Tests-3] INFO  verifyingSettingOptionsLang_18-50-08 - [verifyingSettingOptionsLang_18-50-08] Trying to find element: By.xpath: //yt-multi-page-menu-section-renderer[@class='style-scope ytd-multi-page-menu-renderer']//yt-formatted-string[@id='label' and text()='Bosanski']
18:50:55 [TestNG-test-Yt Master Tests-3] INFO  verifyingSettingOptionsLang_18-50-08 - [verifyingSettingOptionsLang_18-50-08] Element found and ready (attempt 1): By.xpath: //yt-multi-page-menu-section-renderer[@class='style-scope ytd-multi-page-menu-renderer']//yt-formatted-string[@id='label' and text()='Bosanski']
18:50:55 [TestNG-test-Yt Master Tests-3] INFO  verifyingSettingOptionsLang_18-50-08 - [verifyingSettingOptionsLang_18-50-08] Trying to find element: By.xpath: //yt-multi-page-menu-section-renderer[@class='style-scope ytd-multi-page-menu-renderer']//yt-formatted-string[@id='label' and text()='Bosanski']
18:50:56 [TestNG-test-Yt Master Tests-3] INFO  verifyingSettingOptionsLang_18-50-08 - [verifyingSettingOptionsLang_18-50-08] Element found and ready (attempt 1): By.xpath: //yt-multi-page-menu-section-renderer[@class='style-scope ytd-multi-page-menu-renderer']//yt-formatted-string[@id='label' and text()='Bosanski']
18:50:58 [TestNG-test-Yt Master Tests-3] INFO  verifyingSettingOptionsLang_18-50-08 - Clicking settings ellipses button...
18:50:58 [TestNG-test-Yt Master Tests-3] INFO  verifyingSettingOptionsLang_18-50-08 - [verifyingSettingOptionsLang_18-50-08] Trying to find element: By.xpath: //ytd-topbar-menu-button-renderer[@class='style-scope ytd-masthead style-default']
18:50:59 [TestNG-test-Yt Master Tests-3] INFO  verifyingSettingOptionsLang_18-50-08 - [verifyingSettingOptionsLang_18-50-08] Element found and ready (attempt 1): By.xpath: //ytd-topbar-menu-button-renderer[@class='style-scope ytd-masthead style-default']
18:50:59 [TestNG-test-Yt Master Tests-3] INFO  verifyingSettingOptionsLang_18-50-08 - [verifyingSettingOptionsLang_18-50-08] Waiting until element is visible in viewport
18:51:00 [TestNG-test-Yt Master Tests-3] INFO  verifyingSettingOptionsLang_18-50-08 - Clicking settings ellipses button...
18:51:00 [TestNG-test-Yt Master Tests-3] INFO  verifyingSettingOptionsLang_18-50-08 - [verifyingSettingOptionsLang_18-50-08] Trying to find element: By.xpath: //ytd-topbar-menu-button-renderer[@class='style-scope ytd-masthead style-default']
18:51:00 [TestNG-test-Yt Master Tests-3] INFO  verifyingSettingOptionsLang_18-50-08 - [verifyingSettingOptionsLang_18-50-08] Element found and ready (attempt 1): By.xpath: //ytd-topbar-menu-button-renderer[@class='style-scope ytd-masthead style-default']
18:51:00 [TestNG-test-Yt Master Tests-3] INFO  verifyingSettingOptionsLang_18-50-08 - Clicking settings ellipses button...
18:51:00 [TestNG-test-Yt Master Tests-3] INFO  verifyingSettingOptionsLang_18-50-08 - [verifyingSettingOptionsLang_18-50-08] Trying to find element: By.xpath: //ytd-topbar-menu-button-renderer[@class='style-scope ytd-masthead style-default']
18:51:00 [TestNG-test-Yt Master Tests-3] INFO  verifyingSettingOptionsLang_18-50-08 - [verifyingSettingOptionsLang_18-50-08] Element found and ready (attempt 1): By.xpath: //ytd-topbar-menu-button-renderer[@class='style-scope ytd-masthead style-default']
18:51:00 [TestNG-test-Yt Master Tests-3] INFO  verifyingSettingOptionsLang_18-50-08 - Getting the setting ellipses options
18:51:00 [TestNG-test-Yt Master Tests-3] INFO  verifyingSettingOptionsLang_18-50-08 - [verifyingSettingOptionsLang_18-50-08] Trying to find element: By.xpath: //ytd-multi-page-menu-renderer
18:51:00 [TestNG-test-Yt Master Tests-3] INFO  verifyingSettingOptionsLang_18-50-08 - [verifyingSettingOptionsLang_18-50-08] Element found and ready (attempt 1): By.xpath: //ytd-multi-page-menu-renderer
18:51:01 [TestNG-test-Yt Master Tests-3] INFO  verifyingSettingOptionsLang_18-50-08 - Clicking settings ellipses button...
18:51:01 [TestNG-test-Yt Master Tests-3] INFO  verifyingSettingOptionsLang_18-50-08 - [verifyingSettingOptionsLang_18-50-08] Trying to find element: By.xpath: //ytd-topbar-menu-button-renderer[@class='style-scope ytd-masthead style-default']
18:51:01 [TestNG-test-Yt Master Tests-3] INFO  verifyingSettingOptionsLang_18-50-08 - [verifyingSettingOptionsLang_18-50-08] Element found and ready (attempt 1): By.xpath: //ytd-topbar-menu-button-renderer[@class='style-scope ytd-masthead style-default']
18:51:01 [TestNG-test-Yt Master Tests-3] INFO  verifyingSettingOptionsLang_18-50-08 - 
========== LANGUAGE DETECTION ==========
Detected Language : BOSNIAN
Input Text        : Vaši podaci na YouTubeu
Izgled: svijetla tema
Jezik prikaza:
bosanski
Ograničeni način rada: isključeno
Lokacija:
Sjedinjene Američke Države
Prečice na tastaturi
Postavke
Pomoć
Pošaljite povratne informacije
========================================
18:51:01 [TestNG-test-Yt Master Tests-3] INFO  verifyingSettingOptionsLang_18-50-08 - getLangAttribute() - locating <html> and reading lang property
18:51:01 [TestNG-test-Yt Master Tests-3] INFO  verifyingSettingOptionsLang_18-50-08 - Language attribute read: bs-Latn-BA
18:51:01 [TestNG-test-Yt Master Tests-3] INFO  verifyingSettingOptionsLang_18-50-08 - Clicking settings ellipses button...
18:51:01 [TestNG-test-Yt Master Tests-3] INFO  verifyingSettingOptionsLang_18-50-08 - [verifyingSettingOptionsLang_18-50-08] Trying to find element: By.xpath: //ytd-topbar-menu-button-renderer[@class='style-scope ytd-masthead style-default']
18:51:01 [TestNG-test-Yt Master Tests-3] INFO  verifyingSettingOptionsLang_18-50-08 - [verifyingSettingOptionsLang_18-50-08] Element found and ready (attempt 1): By.xpath: //ytd-topbar-menu-button-renderer[@class='style-scope ytd-masthead style-default']
18:51:01 [TestNG-test-Yt Master Tests-3] INFO  verifyingSettingOptionsLang_18-50-08 - Clicking language dropdown...
18:51:01 [TestNG-test-Yt Master Tests-3] INFO  verifyingSettingOptionsLang_18-50-08 - [verifyingSettingOptionsLang_18-50-08] Trying to find element: By.xpath: (//div[@id='content-icon'])[2]
18:51:02 [TestNG-test-Yt Master Tests-3] INFO  verifyingSettingOptionsLang_18-50-08 - [verifyingSettingOptionsLang_18-50-08] Element found and ready (attempt 1): By.xpath: (//div[@id='content-icon'])[2]
18:51:03 [TestNG-test-Yt Master Tests-3] INFO  verifyingSettingOptionsLang_18-50-08 - Looking for language element with name: Català
18:51:03 [TestNG-test-Yt Master Tests-3] INFO  verifyingSettingOptionsLang_18-50-08 - [verifyingSettingOptionsLang_18-50-08] Trying to find element: By.xpath: //yt-multi-page-menu-section-renderer[@class='style-scope ytd-multi-page-menu-renderer']//yt-formatted-string[@id='label' and text()='Català']
18:51:03 [TestNG-test-Yt Master Tests-3] INFO  verifyingSettingOptionsLang_18-50-08 - [verifyingSettingOptionsLang_18-50-08] Element found and ready (attempt 1): By.xpath: //yt-multi-page-menu-section-renderer[@class='style-scope ytd-multi-page-menu-renderer']//yt-formatted-string[@id='label' and text()='Català']
18:51:03 [TestNG-test-Yt Master Tests-3] INFO  verifyingSettingOptionsLang_18-50-08 - [verifyingSettingOptionsLang_18-50-08] Trying to find element: By.xpath: //yt-multi-page-menu-section-renderer[@class='style-scope ytd-multi-page-menu-renderer']//yt-formatted-string[@id='label' and text()='Català']
18:51:03 [TestNG-test-Yt Master Tests-3] INFO  verifyingSettingOptionsLang_18-50-08 - [verifyingSettingOptionsLang_18-50-08] Element found and ready (attempt 1): By.xpath: //yt-multi-page-menu-section-renderer[@class='style-scope ytd-multi-page-menu-renderer']//yt-formatted-string[@id='label' and text()='Català']
18:51:05 [TestNG-test-Yt Master Tests-3] INFO  verifyingSettingOptionsLang_18-50-08 - Clicking settings ellipses button...
18:51:06 [TestNG-test-Yt Master Tests-3] INFO  verifyingSettingOptionsLang_18-50-08 - [verifyingSettingOptionsLang_18-50-08] Trying to find element: By.xpath: //ytd-topbar-menu-button-renderer[@class='style-scope ytd-masthead style-default']
18:51:06 [TestNG-test-Yt Master Tests-3] INFO  verifyingSettingOptionsLang_18-50-08 - [verifyingSettingOptionsLang_18-50-08] Element found and ready (attempt 1): By.xpath: //ytd-topbar-menu-button-renderer[@class='style-scope ytd-masthead style-default']
18:51:06 [TestNG-test-Yt Master Tests-3] INFO  verifyingSettingOptionsLang_18-50-08 - [verifyingSettingOptionsLang_18-50-08] Waiting until element is visible in viewport
18:51:07 [TestNG-test-Yt Master Tests-3] INFO  verifyingSettingOptionsLang_18-50-08 - Clicking settings ellipses button...
18:51:07 [TestNG-test-Yt Master Tests-3] INFO  verifyingSettingOptionsLang_18-50-08 - [verifyingSettingOptionsLang_18-50-08] Trying to find element: By.xpath: //ytd-topbar-menu-button-renderer[@class='style-scope ytd-masthead style-default']
18:51:07 [TestNG-test-Yt Master Tests-3] INFO  verifyingSettingOptionsLang_18-50-08 - [verifyingSettingOptionsLang_18-50-08] Element found and ready (attempt 1): By.xpath: //ytd-topbar-menu-button-renderer[@class='style-scope ytd-masthead style-default']
18:51:07 [TestNG-test-Yt Master Tests-3] INFO  verifyingSettingOptionsLang_18-50-08 - Clicking settings ellipses button...
18:51:07 [TestNG-test-Yt Master Tests-3] INFO  verifyingSettingOptionsLang_18-50-08 - [verifyingSettingOptionsLang_18-50-08] Trying to find element: By.xpath: //ytd-topbar-menu-button-renderer[@class='style-scope ytd-masthead style-default']
18:51:07 [TestNG-test-Yt Master Tests-3] INFO  verifyingSettingOptionsLang_18-50-08 - [verifyingSettingOptionsLang_18-50-08] Element found and ready (attempt 1): By.xpath: //ytd-topbar-menu-button-renderer[@class='style-scope ytd-masthead style-default']
18:51:07 [TestNG-test-Yt Master Tests-3] INFO  verifyingSettingOptionsLang_18-50-08 - Getting the setting ellipses options
18:51:07 [TestNG-test-Yt Master Tests-3] INFO  verifyingSettingOptionsLang_18-50-08 - [verifyingSettingOptionsLang_18-50-08] Trying to find element: By.xpath: //ytd-multi-page-menu-renderer
18:51:07 [TestNG-test-Yt Master Tests-3] INFO  verifyingSettingOptionsLang_18-50-08 - [verifyingSettingOptionsLang_18-50-08] Element found and ready (attempt 1): By.xpath: //ytd-multi-page-menu-renderer
18:51:07 [TestNG-test-Yt Master Tests-3] INFO  verifyingSettingOptionsLang_18-50-08 - Clicking settings ellipses button...
18:51:07 [TestNG-test-Yt Master Tests-3] INFO  verifyingSettingOptionsLang_18-50-08 - [verifyingSettingOptionsLang_18-50-08] Trying to find element: By.xpath: //ytd-topbar-menu-button-renderer[@class='style-scope ytd-masthead style-default']
18:51:08 [TestNG-test-Yt Master Tests-3] INFO  verifyingSettingOptionsLang_18-50-08 - [verifyingSettingOptionsLang_18-50-08] Element found and ready (attempt 1): By.xpath: //ytd-topbar-menu-button-renderer[@class='style-scope ytd-masthead style-default']
18:51:08 [TestNG-test-Yt Master Tests-3] INFO  verifyingSettingOptionsLang_18-50-08 - 
========== LANGUAGE DETECTION ==========
Detected Language : CATALAN
Input Text        : Les teves dades a YouTube
Aparença: clar
Idioma visible:
català
Mode restringit: desactivat
Ubicació:
Estats Units
Tecles de drecera
Configuració
Ajuda
Envia suggeriments
========================================
18:51:08 [TestNG-test-Yt Master Tests-3] INFO  verifyingSettingOptionsLang_18-50-08 - getLangAttribute() - locating <html> and reading lang property
18:51:08 [TestNG-test-Yt Master Tests-3] INFO  verifyingSettingOptionsLang_18-50-08 - Language attribute read: ca-ES
18:51:08 [TestNG-test-Yt Master Tests-3] INFO  verifyingSettingOptionsLang_18-50-08 - Clicking settings ellipses button...
18:51:08 [TestNG-test-Yt Master Tests-3] INFO  verifyingSettingOptionsLang_18-50-08 - [verifyingSettingOptionsLang_18-50-08] Trying to find element: By.xpath: //ytd-topbar-menu-button-renderer[@class='style-scope ytd-masthead style-default']
18:51:08 [TestNG-test-Yt Master Tests-3] INFO  verifyingSettingOptionsLang_18-50-08 - [verifyingSettingOptionsLang_18-50-08] Element found and ready (attempt 1): By.xpath: //ytd-topbar-menu-button-renderer[@class='style-scope ytd-masthead style-default']
18:51:08 [TestNG-test-Yt Master Tests-3] INFO  verifyingSettingOptionsLang_18-50-08 - Clicking language dropdown...
18:51:08 [TestNG-test-Yt Master Tests-3] INFO  verifyingSettingOptionsLang_18-50-08 - [verifyingSettingOptionsLang_18-50-08] Trying to find element: By.xpath: (//div[@id='content-icon'])[2]
18:51:09 [TestNG-test-Yt Master Tests-3] INFO  verifyingSettingOptionsLang_18-50-08 - [verifyingSettingOptionsLang_18-50-08] Element found and ready (attempt 1): By.xpath: (//div[@id='content-icon'])[2]
18:51:10 [TestNG-test-Yt Master Tests-3] INFO  verifyingSettingOptionsLang_18-50-08 - Looking for language element with name: Dansk
18:51:10 [TestNG-test-Yt Master Tests-3] INFO  verifyingSettingOptionsLang_18-50-08 - [verifyingSettingOptionsLang_18-50-08] Trying to find element: By.xpath: //yt-multi-page-menu-section-renderer[@class='style-scope ytd-multi-page-menu-renderer']//yt-formatted-string[@id='label' and text()='Dansk']
18:51:10 [TestNG-test-Yt Master Tests-3] INFO  verifyingSettingOptionsLang_18-50-08 - [verifyingSettingOptionsLang_18-50-08] Element found and ready (attempt 1): By.xpath: //yt-multi-page-menu-section-renderer[@class='style-scope ytd-multi-page-menu-renderer']//yt-formatted-string[@id='label' and text()='Dansk']
18:51:10 [TestNG-test-Yt Master Tests-3] INFO  verifyingSettingOptionsLang_18-50-08 - [verifyingSettingOptionsLang_18-50-08] Trying to find element: By.xpath: //yt-multi-page-menu-section-renderer[@class='style-scope ytd-multi-page-menu-renderer']//yt-formatted-string[@id='label' and text()='Dansk']
18:51:10 [TestNG-test-Yt Master Tests-3] INFO  verifyingSettingOptionsLang_18-50-08 - [verifyingSettingOptionsLang_18-50-08] Element found and ready (attempt 1): By.xpath: //yt-multi-page-menu-section-renderer[@class='style-scope ytd-multi-page-menu-renderer']//yt-formatted-string[@id='label' and text()='Dansk']
18:51:13 [TestNG-test-Yt Master Tests-3] INFO  verifyingSettingOptionsLang_18-50-08 - Clicking settings ellipses button...
18:51:13 [TestNG-test-Yt Master Tests-3] INFO  verifyingSettingOptionsLang_18-50-08 - [verifyingSettingOptionsLang_18-50-08] Trying to find element: By.xpath: //ytd-topbar-menu-button-renderer[@class='style-scope ytd-masthead style-default']
18:51:13 [TestNG-test-Yt Master Tests-3] INFO  verifyingSettingOptionsLang_18-50-08 - [verifyingSettingOptionsLang_18-50-08] Element found and ready (attempt 1): By.xpath: //ytd-topbar-menu-button-renderer[@class='style-scope ytd-masthead style-default']
18:51:13 [TestNG-test-Yt Master Tests-3] INFO  verifyingSettingOptionsLang_18-50-08 - [verifyingSettingOptionsLang_18-50-08] Waiting until element is visible in viewport
18:51:14 [TestNG-test-Yt Master Tests-3] INFO  verifyingSettingOptionsLang_18-50-08 - Clicking settings ellipses button...
18:51:14 [TestNG-test-Yt Master Tests-3] INFO  verifyingSettingOptionsLang_18-50-08 - [verifyingSettingOptionsLang_18-50-08] Trying to find element: By.xpath: //ytd-topbar-menu-button-renderer[@class='style-scope ytd-masthead style-default']
18:51:14 [TestNG-test-Yt Master Tests-3] INFO  verifyingSettingOptionsLang_18-50-08 - [verifyingSettingOptionsLang_18-50-08] Element found and ready (attempt 1): By.xpath: //ytd-topbar-menu-button-renderer[@class='style-scope ytd-masthead style-default']
18:51:14 [TestNG-test-Yt Master Tests-3] INFO  verifyingSettingOptionsLang_18-50-08 - Clicking settings ellipses button...
18:51:14 [TestNG-test-Yt Master Tests-3] INFO  verifyingSettingOptionsLang_18-50-08 - [verifyingSettingOptionsLang_18-50-08] Trying to find element: By.xpath: //ytd-topbar-menu-button-renderer[@class='style-scope ytd-masthead style-default']
18:51:15 [TestNG-test-Yt Master Tests-3] INFO  verifyingSettingOptionsLang_18-50-08 - [verifyingSettingOptionsLang_18-50-08] Element found and ready (attempt 1): By.xpath: //ytd-topbar-menu-button-renderer[@class='style-scope ytd-masthead style-default']
18:51:15 [TestNG-test-Yt Master Tests-3] INFO  verifyingSettingOptionsLang_18-50-08 - Getting the setting ellipses options
18:51:15 [TestNG-test-Yt Master Tests-3] INFO  verifyingSettingOptionsLang_18-50-08 - [verifyingSettingOptionsLang_18-50-08] Trying to find element: By.xpath: //ytd-multi-page-menu-renderer
18:51:15 [TestNG-test-Yt Master Tests-3] INFO  verifyingSettingOptionsLang_18-50-08 - [verifyingSettingOptionsLang_18-50-08] Element found and ready (attempt 1): By.xpath: //ytd-multi-page-menu-renderer
18:51:15 [TestNG-test-Yt Master Tests-3] INFO  verifyingSettingOptionsLang_18-50-08 - Clicking settings ellipses button...
18:51:15 [TestNG-test-Yt Master Tests-3] INFO  verifyingSettingOptionsLang_18-50-08 - [verifyingSettingOptionsLang_18-50-08] Trying to find element: By.xpath: //ytd-topbar-menu-button-renderer[@class='style-scope ytd-masthead style-default']
18:51:15 [TestNG-test-Yt Master Tests-3] INFO  verifyingSettingOptionsLang_18-50-08 - [verifyingSettingOptionsLang_18-50-08] Element found and ready (attempt 1): By.xpath: //ytd-topbar-menu-button-renderer[@class='style-scope ytd-masthead style-default']
18:51:15 [TestNG-test-Yt Master Tests-3] INFO  verifyingSettingOptionsLang_18-50-08 - 
========== LANGUAGE DETECTION ==========
Detected Language : DANISH
Input Text        : Dine data på YouTube
Udseende: Lyst
Visningssprog:
dansk
Begrænset tilstand: Fra
Lokation:
USA
Tastaturgenveje
Indstillinger
Hjælp
Send feedback
========================================
18:51:15 [TestNG-test-Yt Master Tests-3] INFO  verifyingSettingOptionsLang_18-50-08 - getLangAttribute() - locating <html> and reading lang property
18:51:16 [TestNG-test-Yt Master Tests-3] INFO  verifyingSettingOptionsLang_18-50-08 - Language attribute read: da-DK
18:51:16 [TestNG-test-Yt Master Tests-3] INFO  verifyingSettingOptionsLang_18-50-08 - Clicking settings ellipses button...
18:51:16 [TestNG-test-Yt Master Tests-3] INFO  verifyingSettingOptionsLang_18-50-08 - [verifyingSettingOptionsLang_18-50-08] Trying to find element: By.xpath: //ytd-topbar-menu-button-renderer[@class='style-scope ytd-masthead style-default']
18:51:16 [TestNG-test-Yt Master Tests-3] INFO  verifyingSettingOptionsLang_18-50-08 - [verifyingSettingOptionsLang_18-50-08] Element found and ready (attempt 1): By.xpath: //ytd-topbar-menu-button-renderer[@class='style-scope ytd-masthead style-default']
18:51:17 [TestNG-test-Yt Master Tests-3] INFO  verifyingSettingOptionsLang_18-50-08 - Clicking language dropdown...
18:51:17 [TestNG-test-Yt Master Tests-3] INFO  verifyingSettingOptionsLang_18-50-08 - [verifyingSettingOptionsLang_18-50-08] Trying to find element: By.xpath: (//div[@id='content-icon'])[2]
18:51:17 [TestNG-test-Yt Master Tests-3] INFO  verifyingSettingOptionsLang_18-50-08 - [verifyingSettingOptionsLang_18-50-08] Element found and ready (attempt 1): By.xpath: (//div[@id='content-icon'])[2]
18:51:18 [TestNG-test-Yt Master Tests-3] INFO  verifyingSettingOptionsLang_18-50-08 - Looking for language element with name: Deutsch
18:51:18 [TestNG-test-Yt Master Tests-3] INFO  verifyingSettingOptionsLang_18-50-08 - [verifyingSettingOptionsLang_18-50-08] Trying to find element: By.xpath: //yt-multi-page-menu-section-renderer[@class='style-scope ytd-multi-page-menu-renderer']//yt-formatted-string[@id='label' and text()='Deutsch']
18:51:18 [TestNG-test-Yt Master Tests-3] INFO  verifyingSettingOptionsLang_18-50-08 - [verifyingSettingOptionsLang_18-50-08] Element found and ready (attempt 1): By.xpath: //yt-multi-page-menu-section-renderer[@class='style-scope ytd-multi-page-menu-renderer']//yt-formatted-string[@id='label' and text()='Deutsch']
18:51:18 [TestNG-test-Yt Master Tests-3] INFO  verifyingSettingOptionsLang_18-50-08 - [verifyingSettingOptionsLang_18-50-08] Trying to find element: By.xpath: //yt-multi-page-menu-section-renderer[@class='style-scope ytd-multi-page-menu-renderer']//yt-formatted-string[@id='label' and text()='Deutsch']
18:51:18 [TestNG-test-Yt Master Tests-3] INFO  verifyingSettingOptionsLang_18-50-08 - [verifyingSettingOptionsLang_18-50-08] Element found and ready (attempt 1): By.xpath: //yt-multi-page-menu-section-renderer[@class='style-scope ytd-multi-page-menu-renderer']//yt-formatted-string[@id='label' and text()='Deutsch']
18:51:20 [TestNG-test-Yt Master Tests-3] INFO  verifyingSettingOptionsLang_18-50-08 - Clicking settings ellipses button...
18:51:20 [TestNG-test-Yt Master Tests-3] INFO  verifyingSettingOptionsLang_18-50-08 - [verifyingSettingOptionsLang_18-50-08] Trying to find element: By.xpath: //ytd-topbar-menu-button-renderer[@class='style-scope ytd-masthead style-default']
18:51:21 [TestNG-test-Yt Master Tests-3] INFO  verifyingSettingOptionsLang_18-50-08 - [verifyingSettingOptionsLang_18-50-08] Element found and ready (attempt 1): By.xpath: //ytd-topbar-menu-button-renderer[@class='style-scope ytd-masthead style-default']
18:51:21 [TestNG-test-Yt Master Tests-3] INFO  verifyingSettingOptionsLang_18-50-08 - [verifyingSettingOptionsLang_18-50-08] Waiting until element is visible in viewport
18:51:22 [TestNG-test-Yt Master Tests-3] INFO  verifyingSettingOptionsLang_18-50-08 - Clicking settings ellipses button...
18:51:22 [TestNG-test-Yt Master Tests-3] INFO  verifyingSettingOptionsLang_18-50-08 - [verifyingSettingOptionsLang_18-50-08] Trying to find element: By.xpath: //ytd-topbar-menu-button-renderer[@class='style-scope ytd-masthead style-default']
18:51:22 [TestNG-test-Yt Master Tests-3] INFO  verifyingSettingOptionsLang_18-50-08 - [verifyingSettingOptionsLang_18-50-08] Element found and ready (attempt 1): By.xpath: //ytd-topbar-menu-button-renderer[@class='style-scope ytd-masthead style-default']
18:51:22 [TestNG-test-Yt Master Tests-3] INFO  verifyingSettingOptionsLang_18-50-08 - Clicking settings ellipses button...
18:51:22 [TestNG-test-Yt Master Tests-3] INFO  verifyingSettingOptionsLang_18-50-08 - [verifyingSettingOptionsLang_18-50-08] Trying to find element: By.xpath: //ytd-topbar-menu-button-renderer[@class='style-scope ytd-masthead style-default']
18:51:23 [TestNG-test-Yt Master Tests-3] INFO  verifyingSettingOptionsLang_18-50-08 - [verifyingSettingOptionsLang_18-50-08] Element found and ready (attempt 1): By.xpath: //ytd-topbar-menu-button-renderer[@class='style-scope ytd-masthead style-default']
18:51:23 [TestNG-test-Yt Master Tests-3] INFO  verifyingSettingOptionsLang_18-50-08 - Getting the setting ellipses options
18:51:23 [TestNG-test-Yt Master Tests-3] INFO  verifyingSettingOptionsLang_18-50-08 - [verifyingSettingOptionsLang_18-50-08] Trying to find element: By.xpath: //ytd-multi-page-menu-renderer
18:51:23 [TestNG-test-Yt Master Tests-3] INFO  verifyingSettingOptionsLang_18-50-08 - [verifyingSettingOptionsLang_18-50-08] Element found and ready (attempt 1): By.xpath: //ytd-multi-page-menu-renderer
18:51:23 [TestNG-test-Yt Master Tests-3] INFO  verifyingSettingOptionsLang_18-50-08 - Clicking settings ellipses button...
18:51:23 [TestNG-test-Yt Master Tests-3] INFO  verifyingSettingOptionsLang_18-50-08 - [verifyingSettingOptionsLang_18-50-08] Trying to find element: By.xpath: //ytd-topbar-menu-button-renderer[@class='style-scope ytd-masthead style-default']
18:51:23 [TestNG-test-Yt Master Tests-3] INFO  verifyingSettingOptionsLang_18-50-08 - [verifyingSettingOptionsLang_18-50-08] Element found and ready (attempt 1): By.xpath: //ytd-topbar-menu-button-renderer[@class='style-scope ytd-masthead style-default']
18:51:24 [TestNG-test-Yt Master Tests-3] INFO  verifyingSettingOptionsLang_18-50-08 - 
========== LANGUAGE DETECTION ==========
Detected Language : GERMAN
Input Text        : Meine Daten auf YouTube
Darstellung: Hell
Anzeigesprache:
Deutsch
Eingeschränkter Modus: Deaktiviert
Ort:
USA
Tastenkombinationen
Einstellungen
Hilfe
Feedback senden
========================================
18:51:24 [TestNG-test-Yt Master Tests-3] INFO  verifyingSettingOptionsLang_18-50-08 - getLangAttribute() - locating <html> and reading lang property
18:51:24 [TestNG-test-Yt Master Tests-3] INFO  verifyingSettingOptionsLang_18-50-08 - Language attribute read: de-DE
18:51:24 [TestNG-test-Yt Master Tests-3] INFO  verifyingSettingOptionsLang_18-50-08 - Clicking settings ellipses button...
18:51:24 [TestNG-test-Yt Master Tests-3] INFO  verifyingSettingOptionsLang_18-50-08 - [verifyingSettingOptionsLang_18-50-08] Trying to find element: By.xpath: //ytd-topbar-menu-button-renderer[@class='style-scope ytd-masthead style-default']
18:51:24 [TestNG-test-Yt Master Tests-3] INFO  verifyingSettingOptionsLang_18-50-08 - [verifyingSettingOptionsLang_18-50-08] Element found and ready (attempt 1): By.xpath: //ytd-topbar-menu-button-renderer[@class='style-scope ytd-masthead style-default']
18:51:24 [TestNG-test-Yt Master Tests-3] INFO  verifyingSettingOptionsLang_18-50-08 - Clicking language dropdown...
18:51:24 [TestNG-test-Yt Master Tests-3] INFO  verifyingSettingOptionsLang_18-50-08 - [verifyingSettingOptionsLang_18-50-08] Trying to find element: By.xpath: (//div[@id='content-icon'])[2]
18:51:25 [TestNG-test-Yt Master Tests-3] INFO  verifyingSettingOptionsLang_18-50-08 - [verifyingSettingOptionsLang_18-50-08] Element found and ready (attempt 1): By.xpath: (//div[@id='content-icon'])[2]
18:51:26 [TestNG-test-Yt Master Tests-3] INFO  verifyingSettingOptionsLang_18-50-08 - Looking for language element with name: Eesti
18:51:26 [TestNG-test-Yt Master Tests-3] INFO  verifyingSettingOptionsLang_18-50-08 - [verifyingSettingOptionsLang_18-50-08] Trying to find element: By.xpath: //yt-multi-page-menu-section-renderer[@class='style-scope ytd-multi-page-menu-renderer']//yt-formatted-string[@id='label' and text()='Eesti']
18:51:26 [TestNG-test-Yt Master Tests-3] INFO  verifyingSettingOptionsLang_18-50-08 - [verifyingSettingOptionsLang_18-50-08] Element found and ready (attempt 1): By.xpath: //yt-multi-page-menu-section-renderer[@class='style-scope ytd-multi-page-menu-renderer']//yt-formatted-string[@id='label' and text()='Eesti']
18:51:26 [TestNG-test-Yt Master Tests-3] INFO  verifyingSettingOptionsLang_18-50-08 - [verifyingSettingOptionsLang_18-50-08] Trying to find element: By.xpath: //yt-multi-page-menu-section-renderer[@class='style-scope ytd-multi-page-menu-renderer']//yt-formatted-string[@id='label' and text()='Eesti']
18:51:26 [TestNG-test-Yt Master Tests-3] INFO  verifyingSettingOptionsLang_18-50-08 - [verifyingSettingOptionsLang_18-50-08] Element found and ready (attempt 1): By.xpath: //yt-multi-page-menu-section-renderer[@class='style-scope ytd-multi-page-menu-renderer']//yt-formatted-string[@id='label' and text()='Eesti']
18:51:28 [TestNG-test-Yt Master Tests-3] INFO  verifyingSettingOptionsLang_18-50-08 - Clicking settings ellipses button...
18:51:28 [TestNG-test-Yt Master Tests-3] INFO  verifyingSettingOptionsLang_18-50-08 - [verifyingSettingOptionsLang_18-50-08] Trying to find element: By.xpath: //ytd-topbar-menu-button-renderer[@class='style-scope ytd-masthead style-default']
18:51:29 [TestNG-test-Yt Master Tests-3] INFO  verifyingSettingOptionsLang_18-50-08 - [verifyingSettingOptionsLang_18-50-08] Element found and ready (attempt 1): By.xpath: //ytd-topbar-menu-button-renderer[@class='style-scope ytd-masthead style-default']
18:51:29 [TestNG-test-Yt Master Tests-3] INFO  verifyingSettingOptionsLang_18-50-08 - [verifyingSettingOptionsLang_18-50-08] Waiting until element is visible in viewport
18:51:30 [TestNG-test-Yt Master Tests-3] INFO  verifyingSettingOptionsLang_18-50-08 - Clicking settings ellipses button...
18:51:30 [TestNG-test-Yt Master Tests-3] INFO  verifyingSettingOptionsLang_18-50-08 - [verifyingSettingOptionsLang_18-50-08] Trying to find element: By.xpath: //ytd-topbar-menu-button-renderer[@class='style-scope ytd-masthead style-default']
18:51:30 [TestNG-test-Yt Master Tests-3] INFO  verifyingSettingOptionsLang_18-50-08 - [verifyingSettingOptionsLang_18-50-08] Element found and ready (attempt 1): By.xpath: //ytd-topbar-menu-button-renderer[@class='style-scope ytd-masthead style-default']
18:51:30 [TestNG-test-Yt Master Tests-3] INFO  verifyingSettingOptionsLang_18-50-08 - Clicking settings ellipses button...
18:51:31 [TestNG-test-Yt Master Tests-3] INFO  verifyingSettingOptionsLang_18-50-08 - [verifyingSettingOptionsLang_18-50-08] Trying to find element: By.xpath: //ytd-topbar-menu-button-renderer[@class='style-scope ytd-masthead style-default']
18:51:31 [TestNG-test-Yt Master Tests-3] INFO  verifyingSettingOptionsLang_18-50-08 - [verifyingSettingOptionsLang_18-50-08] Element found and ready (attempt 1): By.xpath: //ytd-topbar-menu-button-renderer[@class='style-scope ytd-masthead style-default']
18:51:32 [TestNG-test-Yt Master Tests-3] INFO  verifyingSettingOptionsLang_18-50-08 - Getting the setting ellipses options
18:51:32 [TestNG-test-Yt Master Tests-3] INFO  verifyingSettingOptionsLang_18-50-08 - [verifyingSettingOptionsLang_18-50-08] Trying to find element: By.xpath: //ytd-multi-page-menu-renderer
18:51:32 [TestNG-test-Yt Master Tests-3] INFO  verifyingSettingOptionsLang_18-50-08 - [verifyingSettingOptionsLang_18-50-08] Element found and ready (attempt 1): By.xpath: //ytd-multi-page-menu-renderer
18:51:32 [TestNG-test-Yt Master Tests-3] INFO  verifyingSettingOptionsLang_18-50-08 - Clicking settings ellipses button...
18:51:32 [TestNG-test-Yt Master Tests-3] INFO  verifyingSettingOptionsLang_18-50-08 - [verifyingSettingOptionsLang_18-50-08] Trying to find element: By.xpath: //ytd-topbar-menu-button-renderer[@class='style-scope ytd-masthead style-default']
18:51:32 [TestNG-test-Yt Master Tests-3] INFO  verifyingSettingOptionsLang_18-50-08 - [verifyingSettingOptionsLang_18-50-08] Element found and ready (attempt 1): By.xpath: //ytd-topbar-menu-button-renderer[@class='style-scope ytd-masthead style-default']
18:51:32 [TestNG-test-Yt Master Tests-3] INFO  verifyingSettingOptionsLang_18-50-08 - 
========== LANGUAGE DETECTION ==========
Detected Language : ESTONIAN
Input Text        : Teie andmed YouTube'is
Välimus: hele
Kuvamiskeel:
eesti
Piiratud režiim: väljas
Asukoht:
Ameerika Ühendriigid
Klaviatuuri otseteed
Seaded
Abi
Tagasiside saatmine
========================================
18:51:32 [TestNG-test-Yt Master Tests-3] INFO  verifyingSettingOptionsLang_18-50-08 - getLangAttribute() - locating <html> and reading lang property
18:51:32 [TestNG-test-Yt Master Tests-3] INFO  verifyingSettingOptionsLang_18-50-08 - Language attribute read: et-EE
18:51:32 [TestNG-test-Yt Master Tests-3] INFO  verifyingSettingOptionsLang_18-50-08 - Clicking settings ellipses button...
18:51:33 [TestNG-test-Yt Master Tests-3] INFO  verifyingSettingOptionsLang_18-50-08 - [verifyingSettingOptionsLang_18-50-08] Trying to find element: By.xpath: //ytd-topbar-menu-button-renderer[@class='style-scope ytd-masthead style-default']
18:51:33 [TestNG-test-Yt Master Tests-3] INFO  verifyingSettingOptionsLang_18-50-08 - [verifyingSettingOptionsLang_18-50-08] Element found and ready (attempt 1): By.xpath: //ytd-topbar-menu-button-renderer[@class='style-scope ytd-masthead style-default']
18:51:33 [TestNG-test-Yt Master Tests-3] INFO  verifyingSettingOptionsLang_18-50-08 - Clicking language dropdown...
18:51:33 [TestNG-test-Yt Master Tests-3] INFO  verifyingSettingOptionsLang_18-50-08 - [verifyingSettingOptionsLang_18-50-08] Trying to find element: By.xpath: (//div[@id='content-icon'])[2]
18:51:33 [TestNG-test-Yt Master Tests-3] INFO  verifyingSettingOptionsLang_18-50-08 - [verifyingSettingOptionsLang_18-50-08] Element found and ready (attempt 1): By.xpath: (//div[@id='content-icon'])[2]
18:51:34 [TestNG-test-Yt Master Tests-3] INFO  verifyingSettingOptionsLang_18-50-08 - Looking for language element with name: English (India)
18:51:34 [TestNG-test-Yt Master Tests-3] INFO  verifyingSettingOptionsLang_18-50-08 - [verifyingSettingOptionsLang_18-50-08] Trying to find element: By.xpath: //yt-multi-page-menu-section-renderer[@class='style-scope ytd-multi-page-menu-renderer']//yt-formatted-string[@id='label' and text()='English (India)']
18:51:34 [TestNG-test-Yt Master Tests-3] INFO  verifyingSettingOptionsLang_18-50-08 - [verifyingSettingOptionsLang_18-50-08] Element found and ready (attempt 1): By.xpath: //yt-multi-page-menu-section-renderer[@class='style-scope ytd-multi-page-menu-renderer']//yt-formatted-string[@id='label' and text()='English (India)']
18:51:34 [TestNG-test-Yt Master Tests-3] INFO  verifyingSettingOptionsLang_18-50-08 - [verifyingSettingOptionsLang_18-50-08] Trying to find element: By.xpath: //yt-multi-page-menu-section-renderer[@class='style-scope ytd-multi-page-menu-renderer']//yt-formatted-string[@id='label' and text()='English (India)']
18:51:34 [TestNG-test-Yt Master Tests-3] INFO  verifyingSettingOptionsLang_18-50-08 - [verifyingSettingOptionsLang_18-50-08] Element found and ready (attempt 1): By.xpath: //yt-multi-page-menu-section-renderer[@class='style-scope ytd-multi-page-menu-renderer']//yt-formatted-string[@id='label' and text()='English (India)']
18:51:37 [TestNG-test-Yt Master Tests-3] INFO  verifyingSettingOptionsLang_18-50-08 - Clicking settings ellipses button...
18:51:37 [TestNG-test-Yt Master Tests-3] INFO  verifyingSettingOptionsLang_18-50-08 - [verifyingSettingOptionsLang_18-50-08] Trying to find element: By.xpath: //ytd-topbar-menu-button-renderer[@class='style-scope ytd-masthead style-default']
18:51:37 [TestNG-test-Yt Master Tests-3] INFO  verifyingSettingOptionsLang_18-50-08 - [verifyingSettingOptionsLang_18-50-08] Element found and ready (attempt 1): By.xpath: //ytd-topbar-menu-button-renderer[@class='style-scope ytd-masthead style-default']
18:51:37 [TestNG-test-Yt Master Tests-3] INFO  verifyingSettingOptionsLang_18-50-08 - [verifyingSettingOptionsLang_18-50-08] Waiting until element is visible in viewport
18:51:38 [TestNG-test-Yt Master Tests-3] INFO  verifyingSettingOptionsLang_18-50-08 - Clicking settings ellipses button...
18:51:38 [TestNG-test-Yt Master Tests-3] INFO  verifyingSettingOptionsLang_18-50-08 - [verifyingSettingOptionsLang_18-50-08] Trying to find element: By.xpath: //ytd-topbar-menu-button-renderer[@class='style-scope ytd-masthead style-default']
18:51:38 [TestNG-test-Yt Master Tests-3] INFO  verifyingSettingOptionsLang_18-50-08 - [verifyingSettingOptionsLang_18-50-08] Element found and ready (attempt 1): By.xpath: //ytd-topbar-menu-button-renderer[@class='style-scope ytd-masthead style-default']
18:51:38 [TestNG-test-Yt Master Tests-3] INFO  verifyingSettingOptionsLang_18-50-08 - Clicking settings ellipses button...
18:51:38 [TestNG-test-Yt Master Tests-3] INFO  verifyingSettingOptionsLang_18-50-08 - [verifyingSettingOptionsLang_18-50-08] Trying to find element: By.xpath: //ytd-topbar-menu-button-renderer[@class='style-scope ytd-masthead style-default']
18:51:38 [TestNG-test-Yt Master Tests-3] INFO  verifyingSettingOptionsLang_18-50-08 - [verifyingSettingOptionsLang_18-50-08] Element found and ready (attempt 1): By.xpath: //ytd-topbar-menu-button-renderer[@class='style-scope ytd-masthead style-default']
18:51:38 [TestNG-test-Yt Master Tests-3] INFO  verifyingSettingOptionsLang_18-50-08 - Getting the setting ellipses options
18:51:38 [TestNG-test-Yt Master Tests-3] INFO  verifyingSettingOptionsLang_18-50-08 - [verifyingSettingOptionsLang_18-50-08] Trying to find element: By.xpath: //ytd-multi-page-menu-renderer
18:51:38 [TestNG-test-Yt Master Tests-3] INFO  verifyingSettingOptionsLang_18-50-08 - [verifyingSettingOptionsLang_18-50-08] Element found and ready (attempt 1): By.xpath: //ytd-multi-page-menu-renderer
18:51:38 [TestNG-test-Yt Master Tests-3] INFO  verifyingSettingOptionsLang_18-50-08 - Clicking settings ellipses button...
18:51:38 [TestNG-test-Yt Master Tests-3] INFO  verifyingSettingOptionsLang_18-50-08 - [verifyingSettingOptionsLang_18-50-08] Trying to find element: By.xpath: //ytd-topbar-menu-button-renderer[@class='style-scope ytd-masthead style-default']
18:51:39 [TestNG-test-Yt Master Tests-3] INFO  verifyingSettingOptionsLang_18-50-08 - [verifyingSettingOptionsLang_18-50-08] Element found and ready (attempt 1): By.xpath: //ytd-topbar-menu-button-renderer[@class='style-scope ytd-masthead style-default']
18:51:39 [TestNG-test-Yt Master Tests-3] INFO  verifyingSettingOptionsLang_18-50-08 - 
========== LANGUAGE DETECTION ==========
Detected Language : ENGLISH
Input Text        : Your data in YouTube
Appearance: Light
Display language:
English (India)
Restricted Mode: Off
Location:
United States
Keyboard shortcuts
Settings
Help
Send feedback
========================================
18:51:39 [TestNG-test-Yt Master Tests-3] INFO  verifyingSettingOptionsLang_18-50-08 - getLangAttribute() - locating <html> and reading lang property
18:51:39 [TestNG-test-Yt Master Tests-3] INFO  verifyingSettingOptionsLang_18-50-08 - Language attribute read: en-IN
18:51:39 [TestNG-test-Yt Master Tests-3] INFO  verifyingSettingOptionsLang_18-50-08 - Clicking settings ellipses button...
18:51:39 [TestNG-test-Yt Master Tests-3] INFO  verifyingSettingOptionsLang_18-50-08 - [verifyingSettingOptionsLang_18-50-08] Trying to find element: By.xpath: //ytd-topbar-menu-button-renderer[@class='style-scope ytd-masthead style-default']
18:51:39 [TestNG-test-Yt Master Tests-3] INFO  verifyingSettingOptionsLang_18-50-08 - [verifyingSettingOptionsLang_18-50-08] Element found and ready (attempt 1): By.xpath: //ytd-topbar-menu-button-renderer[@class='style-scope ytd-masthead style-default']
18:51:39 [TestNG-test-Yt Master Tests-3] INFO  verifyingSettingOptionsLang_18-50-08 - Clicking language dropdown...
18:51:39 [TestNG-test-Yt Master Tests-3] INFO  verifyingSettingOptionsLang_18-50-08 - [verifyingSettingOptionsLang_18-50-08] Trying to find element: By.xpath: (//div[@id='content-icon'])[2]
18:51:40 [TestNG-test-Yt Master Tests-3] INFO  verifyingSettingOptionsLang_18-50-08 - [verifyingSettingOptionsLang_18-50-08] Element found and ready (attempt 1): By.xpath: (//div[@id='content-icon'])[2]
18:51:40 [TestNG-test-Yt Master Tests-3] INFO  verifyingSettingOptionsLang_18-50-08 - [verifyingSettingOptionsLang_18-50-08] Not retrying test 'verifyingSettingOptionsLang'. Retry count: 0, Cause: The following asserts failed:
	Language detection mismatch for language=Bosanski expected [CROATIAN] but found [BOSNIAN]
