06:38:11 [TestNG-test-Yt Master Tests-2] INFO  verifyingSideMenuCollapsedLangAsInSettings_06-38-11 - No existing WebDriver found for current thread. Initializing a new ChromeDriver...
06:38:11 [TestNG-test-Yt Master Tests-2] INFO  verifyingSideMenuCollapsedLangAsInSettings_06-38-11 - WebDriverManager: chromedriver setup OK
06:38:13 [TestNG-test-Yt Master Tests-2] INFO  verifyingSideMenuCollapsedLangAsInSettings_06-38-11 - ChromeDriver initialized successfully for thread: 35
06:38:13 [TestNG-test-Yt Master Tests-2] INFO  verifyingSideMenuCollapsedLangAsInSettings_06-38-11 - SafeActions initialized with driver ChromeDriver: chrome on windows (0344d72b7be3b09ed76d10b2310e5dee)
06:38:13 [TestNG-test-Yt Master Tests-2] INFO  verifyingSideMenuCollapsedLangAsInSettings_06-38-11 - Initialized YtLandingPage with driver: ChromeDriver: chrome on windows (0344d72b7be3b09ed76d10b2310e5dee)
06:38:13 [TestNG-test-Yt Master Tests-2] INFO  verifyingSideMenuCollapsedLangAsInSettings_06-38-11 - SafeActions initialized with driver ChromeDriver: chrome on windows (0344d72b7be3b09ed76d10b2310e5dee)
06:38:19 [TestNG-test-Yt Master Tests-2] INFO  verifyingSideMenuCollapsedLangAsInSettings_06-38-11 - Opened YouTube landing page.
06:38:19 [TestNG-test-Yt Master Tests-2] INFO  verifyingSideMenuCollapsedLangAsInSettings_06-38-11 - Clicking left ellipses in the landing page
06:38:19 [TestNG-test-Yt Master Tests-2] INFO  verifyingSideMenuCollapsedLangAsInSettings_06-38-11 - [verifyingSideMenuCollapsedLangAsInSettings_06-38-11] Trying to find element: By.xpath: //ytd-topbar-logo-renderer[@id='logo']/preceding-sibling::*[@id='guide-button']
06:38:20 [TestNG-test-Yt Master Tests-2] INFO  verifyingSideMenuCollapsedLangAsInSettings_06-38-11 - [verifyingSideMenuCollapsedLangAsInSettings_06-38-11] Element found and ready (attempt 1): By.xpath: //ytd-topbar-logo-renderer[@id='logo']/preceding-sibling::*[@id='guide-button']
06:38:20 [TestNG-test-Yt Master Tests-2] INFO  verifyingSideMenuCollapsedLangAsInSettings_06-38-11 - Clicking settings ellipses button...
06:38:20 [TestNG-test-Yt Master Tests-2] INFO  verifyingSideMenuCollapsedLangAsInSettings_06-38-11 - [verifyingSideMenuCollapsedLangAsInSettings_06-38-11] Trying to find element: By.xpath: //ytd-topbar-menu-button-renderer[@class='style-scope ytd-masthead style-default']
06:38:20 [TestNG-test-Yt Master Tests-2] INFO  verifyingSideMenuCollapsedLangAsInSettings_06-38-11 - [verifyingSideMenuCollapsedLangAsInSettings_06-38-11] Element found and ready (attempt 1): By.xpath: //ytd-topbar-menu-button-renderer[@class='style-scope ytd-masthead style-default']
06:38:20 [TestNG-test-Yt Master Tests-2] INFO  verifyingSideMenuCollapsedLangAsInSettings_06-38-11 - Clicking language dropdown...
06:38:20 [TestNG-test-Yt Master Tests-2] INFO  verifyingSideMenuCollapsedLangAsInSettings_06-38-11 - [verifyingSideMenuCollapsedLangAsInSettings_06-38-11] Trying to find element: By.xpath: (//div[@id='content-icon'])[2]
06:38:22 [TestNG-test-Yt Master Tests-2] INFO  verifyingSideMenuCollapsedLangAsInSettings_06-38-11 - [verifyingSideMenuCollapsedLangAsInSettings_06-38-11] Element found and ready (attempt 1): By.xpath: (//div[@id='content-icon'])[2]
06:38:23 [TestNG-test-Yt Master Tests-2] INFO  verifyingSideMenuCollapsedLangAsInSettings_06-38-11 - [verifyingSideMenuCollapsedLangAsInSettings_06-38-11] Execution is Not CRON Job Hence referring to normal keys from UtilData
06:38:23 [TestNG-test-Yt Master Tests-2] INFO  verifyingSideMenuCollapsedLangAsInSettings_06-38-11 - [verifyingSideMenuCollapsedLangAsInSettings_06-38-11] Row count is == 10
06:38:23 [TestNG-test-Yt Master Tests-2] INFO  verifyingSideMenuCollapsedLangAsInSettings_06-38-11 - Looking for language element with name: Afrikaans
06:38:23 [TestNG-test-Yt Master Tests-2] INFO  verifyingSideMenuCollapsedLangAsInSettings_06-38-11 - [verifyingSideMenuCollapsedLangAsInSettings_06-38-11] Trying to find element: By.xpath: //yt-multi-page-menu-section-renderer[@class='style-scope ytd-multi-page-menu-renderer']//yt-formatted-string[@id='label' and text()='Afrikaans']
06:38:23 [TestNG-test-Yt Master Tests-2] INFO  verifyingSideMenuCollapsedLangAsInSettings_06-38-11 - [verifyingSideMenuCollapsedLangAsInSettings_06-38-11] Element found and ready (attempt 1): By.xpath: //yt-multi-page-menu-section-renderer[@class='style-scope ytd-multi-page-menu-renderer']//yt-formatted-string[@id='label' and text()='Afrikaans']
06:38:23 [TestNG-test-Yt Master Tests-2] INFO  verifyingSideMenuCollapsedLangAsInSettings_06-38-11 - [verifyingSideMenuCollapsedLangAsInSettings_06-38-11] Trying to find element: By.xpath: //yt-multi-page-menu-section-renderer[@class='style-scope ytd-multi-page-menu-renderer']//yt-formatted-string[@id='label' and text()='Afrikaans']
06:38:24 [TestNG-test-Yt Master Tests-2] INFO  verifyingSideMenuCollapsedLangAsInSettings_06-38-11 - [verifyingSideMenuCollapsedLangAsInSettings_06-38-11] Element found and ready (attempt 1): By.xpath: //yt-multi-page-menu-section-renderer[@class='style-scope ytd-multi-page-menu-renderer']//yt-formatted-string[@id='label' and text()='Afrikaans']
06:38:26 [TestNG-test-Yt Master Tests-2] INFO  verifyingSideMenuCollapsedLangAsInSettings_06-38-11 - Clicking settings ellipses button...
06:38:26 [TestNG-test-Yt Master Tests-2] INFO  verifyingSideMenuCollapsedLangAsInSettings_06-38-11 - [verifyingSideMenuCollapsedLangAsInSettings_06-38-11] Trying to find element: By.xpath: //ytd-topbar-menu-button-renderer[@class='style-scope ytd-masthead style-default']
06:38:27 [TestNG-test-Yt Master Tests-2] INFO  verifyingSideMenuCollapsedLangAsInSettings_06-38-11 - [verifyingSideMenuCollapsedLangAsInSettings_06-38-11] Element found and ready (attempt 1): By.xpath: //ytd-topbar-menu-button-renderer[@class='style-scope ytd-masthead style-default']
06:38:27 [TestNG-test-Yt Master Tests-2] INFO  verifyingSideMenuCollapsedLangAsInSettings_06-38-11 - [verifyingSideMenuCollapsedLangAsInSettings_06-38-11] Waiting until element is visible in viewport
06:38:28 [TestNG-test-Yt Master Tests-2] INFO  verifyingSideMenuCollapsedLangAsInSettings_06-38-11 - Clicking settings ellipses button...
06:38:28 [TestNG-test-Yt Master Tests-2] INFO  verifyingSideMenuCollapsedLangAsInSettings_06-38-11 - [verifyingSideMenuCollapsedLangAsInSettings_06-38-11] Trying to find element: By.xpath: //ytd-topbar-menu-button-renderer[@class='style-scope ytd-masthead style-default']
06:38:28 [TestNG-test-Yt Master Tests-2] INFO  verifyingSideMenuCollapsedLangAsInSettings_06-38-11 - [verifyingSideMenuCollapsedLangAsInSettings_06-38-11] Element found and ready (attempt 1): By.xpath: //ytd-topbar-menu-button-renderer[@class='style-scope ytd-masthead style-default']
06:38:28 [TestNG-test-Yt Master Tests-2] INFO  verifyingSideMenuCollapsedLangAsInSettings_06-38-11 - getLangAttribute() - locating <html> and reading lang property
06:38:29 [TestNG-test-Yt Master Tests-2] INFO  verifyingSideMenuCollapsedLangAsInSettings_06-38-11 - Language attribute read: af-ZA
06:38:29 [TestNG-test-Yt Master Tests-2] INFO  verifyingSideMenuCollapsedLangAsInSettings_06-38-11 - Fetching the side menu in collapsed view
06:38:29 [TestNG-test-Yt Master Tests-2] INFO  verifyingSideMenuCollapsedLangAsInSettings_06-38-11 - [verifyingSideMenuCollapsedLangAsInSettings_06-38-11] Finding elements list: By.xpath: //ytd-mini-guide-renderer[@class='style-scope ytd-app']//ytd-mini-guide-entry-renderer
06:38:29 [TestNG-test-Yt Master Tests-2] INFO  verifyingSideMenuCollapsedLangAsInSettings_06-38-11 - [verifyingSideMenuCollapsedLangAsInSettings_06-38-11] Found 4 ready elements (attempt 1): By.xpath: //ytd-mini-guide-renderer[@class='style-scope ytd-app']//ytd-mini-guide-entry-renderer
06:38:31 [TestNG-test-Yt Master Tests-2] INFO  verifyingSideMenuCollapsedLangAsInSettings_06-38-11 - Clicking settings ellipses button...
06:38:31 [TestNG-test-Yt Master Tests-2] INFO  verifyingSideMenuCollapsedLangAsInSettings_06-38-11 - [verifyingSideMenuCollapsedLangAsInSettings_06-38-11] Trying to find element: By.xpath: //ytd-topbar-menu-button-renderer[@class='style-scope ytd-masthead style-default']
06:38:31 [TestNG-test-Yt Master Tests-2] INFO  verifyingSideMenuCollapsedLangAsInSettings_06-38-11 - [verifyingSideMenuCollapsedLangAsInSettings_06-38-11] Element found and ready (attempt 1): By.xpath: //ytd-topbar-menu-button-renderer[@class='style-scope ytd-masthead style-default']
06:38:32 [TestNG-test-Yt Master Tests-2] INFO  verifyingSideMenuCollapsedLangAsInSettings_06-38-11 - Clicking language dropdown...
06:38:32 [TestNG-test-Yt Master Tests-2] INFO  verifyingSideMenuCollapsedLangAsInSettings_06-38-11 - [verifyingSideMenuCollapsedLangAsInSettings_06-38-11] Trying to find element: By.xpath: (//div[@id='content-icon'])[2]
06:38:32 [TestNG-test-Yt Master Tests-2] INFO  verifyingSideMenuCollapsedLangAsInSettings_06-38-11 - [verifyingSideMenuCollapsedLangAsInSettings_06-38-11] Element found and ready (attempt 1): By.xpath: (//div[@id='content-icon'])[2]
06:38:33 [TestNG-test-Yt Master Tests-2] INFO  verifyingSideMenuCollapsedLangAsInSettings_06-38-11 - Looking for language element with name: Azərbaycan
06:38:33 [TestNG-test-Yt Master Tests-2] INFO  verifyingSideMenuCollapsedLangAsInSettings_06-38-11 - [verifyingSideMenuCollapsedLangAsInSettings_06-38-11] Trying to find element: By.xpath: //yt-multi-page-menu-section-renderer[@class='style-scope ytd-multi-page-menu-renderer']//yt-formatted-string[@id='label' and text()='Azərbaycan']
06:38:33 [TestNG-test-Yt Master Tests-2] INFO  verifyingSideMenuCollapsedLangAsInSettings_06-38-11 - [verifyingSideMenuCollapsedLangAsInSettings_06-38-11] Element found and ready (attempt 1): By.xpath: //yt-multi-page-menu-section-renderer[@class='style-scope ytd-multi-page-menu-renderer']//yt-formatted-string[@id='label' and text()='Azərbaycan']
06:38:33 [TestNG-test-Yt Master Tests-2] INFO  verifyingSideMenuCollapsedLangAsInSettings_06-38-11 - [verifyingSideMenuCollapsedLangAsInSettings_06-38-11] Trying to find element: By.xpath: //yt-multi-page-menu-section-renderer[@class='style-scope ytd-multi-page-menu-renderer']//yt-formatted-string[@id='label' and text()='Azərbaycan']
06:38:34 [TestNG-test-Yt Master Tests-2] INFO  verifyingSideMenuCollapsedLangAsInSettings_06-38-11 - [verifyingSideMenuCollapsedLangAsInSettings_06-38-11] Element found and ready (attempt 1): By.xpath: //yt-multi-page-menu-section-renderer[@class='style-scope ytd-multi-page-menu-renderer']//yt-formatted-string[@id='label' and text()='Azərbaycan']
06:38:36 [TestNG-test-Yt Master Tests-2] INFO  verifyingSideMenuCollapsedLangAsInSettings_06-38-11 - Clicking settings ellipses button...
06:38:36 [TestNG-test-Yt Master Tests-2] INFO  verifyingSideMenuCollapsedLangAsInSettings_06-38-11 - [verifyingSideMenuCollapsedLangAsInSettings_06-38-11] Trying to find element: By.xpath: //ytd-topbar-menu-button-renderer[@class='style-scope ytd-masthead style-default']
06:38:36 [TestNG-test-Yt Master Tests-2] INFO  verifyingSideMenuCollapsedLangAsInSettings_06-38-11 - [verifyingSideMenuCollapsedLangAsInSettings_06-38-11] Element found and ready (attempt 1): By.xpath: //ytd-topbar-menu-button-renderer[@class='style-scope ytd-masthead style-default']
06:38:36 [TestNG-test-Yt Master Tests-2] INFO  verifyingSideMenuCollapsedLangAsInSettings_06-38-11 - [verifyingSideMenuCollapsedLangAsInSettings_06-38-11] Waiting until element is visible in viewport
06:38:37 [TestNG-test-Yt Master Tests-2] INFO  verifyingSideMenuCollapsedLangAsInSettings_06-38-11 - Clicking settings ellipses button...
06:38:37 [TestNG-test-Yt Master Tests-2] INFO  verifyingSideMenuCollapsedLangAsInSettings_06-38-11 - [verifyingSideMenuCollapsedLangAsInSettings_06-38-11] Trying to find element: By.xpath: //ytd-topbar-menu-button-renderer[@class='style-scope ytd-masthead style-default']
06:38:37 [TestNG-test-Yt Master Tests-2] INFO  verifyingSideMenuCollapsedLangAsInSettings_06-38-11 - [verifyingSideMenuCollapsedLangAsInSettings_06-38-11] Element found and ready (attempt 1): By.xpath: //ytd-topbar-menu-button-renderer[@class='style-scope ytd-masthead style-default']
06:38:38 [TestNG-test-Yt Master Tests-2] INFO  verifyingSideMenuCollapsedLangAsInSettings_06-38-11 - getLangAttribute() - locating <html> and reading lang property
06:38:38 [TestNG-test-Yt Master Tests-2] INFO  verifyingSideMenuCollapsedLangAsInSettings_06-38-11 - Language attribute read: az-Latn-AZ
06:38:38 [TestNG-test-Yt Master Tests-2] INFO  verifyingSideMenuCollapsedLangAsInSettings_06-38-11 - Fetching the side menu in collapsed view
06:38:38 [TestNG-test-Yt Master Tests-2] INFO  verifyingSideMenuCollapsedLangAsInSettings_06-38-11 - [verifyingSideMenuCollapsedLangAsInSettings_06-38-11] Finding elements list: By.xpath: //ytd-mini-guide-renderer[@class='style-scope ytd-app']//ytd-mini-guide-entry-renderer
06:38:38 [TestNG-test-Yt Master Tests-2] INFO  verifyingSideMenuCollapsedLangAsInSettings_06-38-11 - [verifyingSideMenuCollapsedLangAsInSettings_06-38-11] Found 4 ready elements (attempt 1): By.xpath: //ytd-mini-guide-renderer[@class='style-scope ytd-app']//ytd-mini-guide-entry-renderer
06:38:39 [TestNG-test-Yt Master Tests-2] INFO  verifyingSideMenuCollapsedLangAsInSettings_06-38-11 - Clicking settings ellipses button...
06:38:39 [TestNG-test-Yt Master Tests-2] INFO  verifyingSideMenuCollapsedLangAsInSettings_06-38-11 - [verifyingSideMenuCollapsedLangAsInSettings_06-38-11] Trying to find element: By.xpath: //ytd-topbar-menu-button-renderer[@class='style-scope ytd-masthead style-default']
06:38:39 [TestNG-test-Yt Master Tests-2] INFO  verifyingSideMenuCollapsedLangAsInSettings_06-38-11 - [verifyingSideMenuCollapsedLangAsInSettings_06-38-11] Element found and ready (attempt 1): By.xpath: //ytd-topbar-menu-button-renderer[@class='style-scope ytd-masthead style-default']
06:38:39 [TestNG-test-Yt Master Tests-2] INFO  verifyingSideMenuCollapsedLangAsInSettings_06-38-11 - Clicking language dropdown...
06:38:39 [TestNG-test-Yt Master Tests-2] INFO  verifyingSideMenuCollapsedLangAsInSettings_06-38-11 - [verifyingSideMenuCollapsedLangAsInSettings_06-38-11] Trying to find element: By.xpath: (//div[@id='content-icon'])[2]
06:38:40 [TestNG-test-Yt Master Tests-2] INFO  verifyingSideMenuCollapsedLangAsInSettings_06-38-11 - [verifyingSideMenuCollapsedLangAsInSettings_06-38-11] Element found and ready (attempt 1): By.xpath: (//div[@id='content-icon'])[2]
06:38:40 [TestNG-test-Yt Master Tests-2] INFO  verifyingSideMenuCollapsedLangAsInSettings_06-38-11 - Looking for language element with name: Bahasa Indonesia
06:38:40 [TestNG-test-Yt Master Tests-2] INFO  verifyingSideMenuCollapsedLangAsInSettings_06-38-11 - [verifyingSideMenuCollapsedLangAsInSettings_06-38-11] Trying to find element: By.xpath: //yt-multi-page-menu-section-renderer[@class='style-scope ytd-multi-page-menu-renderer']//yt-formatted-string[@id='label' and text()='Bahasa Indonesia']
06:38:40 [TestNG-test-Yt Master Tests-2] INFO  verifyingSideMenuCollapsedLangAsInSettings_06-38-11 - [verifyingSideMenuCollapsedLangAsInSettings_06-38-11] Element found and ready (attempt 1): By.xpath: //yt-multi-page-menu-section-renderer[@class='style-scope ytd-multi-page-menu-renderer']//yt-formatted-string[@id='label' and text()='Bahasa Indonesia']
06:38:40 [TestNG-test-Yt Master Tests-2] INFO  verifyingSideMenuCollapsedLangAsInSettings_06-38-11 - [verifyingSideMenuCollapsedLangAsInSettings_06-38-11] Trying to find element: By.xpath: //yt-multi-page-menu-section-renderer[@class='style-scope ytd-multi-page-menu-renderer']//yt-formatted-string[@id='label' and text()='Bahasa Indonesia']
06:38:40 [TestNG-test-Yt Master Tests-2] INFO  verifyingSideMenuCollapsedLangAsInSettings_06-38-11 - [verifyingSideMenuCollapsedLangAsInSettings_06-38-11] Element found and ready (attempt 1): By.xpath: //yt-multi-page-menu-section-renderer[@class='style-scope ytd-multi-page-menu-renderer']//yt-formatted-string[@id='label' and text()='Bahasa Indonesia']
06:38:42 [TestNG-test-Yt Master Tests-2] INFO  verifyingSideMenuCollapsedLangAsInSettings_06-38-11 - Clicking settings ellipses button...
06:38:42 [TestNG-test-Yt Master Tests-2] INFO  verifyingSideMenuCollapsedLangAsInSettings_06-38-11 - [verifyingSideMenuCollapsedLangAsInSettings_06-38-11] Trying to find element: By.xpath: //ytd-topbar-menu-button-renderer[@class='style-scope ytd-masthead style-default']
06:38:42 [TestNG-test-Yt Master Tests-2] INFO  verifyingSideMenuCollapsedLangAsInSettings_06-38-11 - [verifyingSideMenuCollapsedLangAsInSettings_06-38-11] Element found and ready (attempt 1): By.xpath: //ytd-topbar-menu-button-renderer[@class='style-scope ytd-masthead style-default']
06:38:42 [TestNG-test-Yt Master Tests-2] INFO  verifyingSideMenuCollapsedLangAsInSettings_06-38-11 - [verifyingSideMenuCollapsedLangAsInSettings_06-38-11] Waiting until element is visible in viewport
06:38:43 [TestNG-test-Yt Master Tests-2] INFO  verifyingSideMenuCollapsedLangAsInSettings_06-38-11 - Clicking settings ellipses button...
06:38:43 [TestNG-test-Yt Master Tests-2] INFO  verifyingSideMenuCollapsedLangAsInSettings_06-38-11 - [verifyingSideMenuCollapsedLangAsInSettings_06-38-11] Trying to find element: By.xpath: //ytd-topbar-menu-button-renderer[@class='style-scope ytd-masthead style-default']
06:38:43 [TestNG-test-Yt Master Tests-2] INFO  verifyingSideMenuCollapsedLangAsInSettings_06-38-11 - [verifyingSideMenuCollapsedLangAsInSettings_06-38-11] Element found and ready (attempt 1): By.xpath: //ytd-topbar-menu-button-renderer[@class='style-scope ytd-masthead style-default']
06:38:43 [TestNG-test-Yt Master Tests-2] INFO  verifyingSideMenuCollapsedLangAsInSettings_06-38-11 - getLangAttribute() - locating <html> and reading lang property
06:38:43 [TestNG-test-Yt Master Tests-2] INFO  verifyingSideMenuCollapsedLangAsInSettings_06-38-11 - Language attribute read: id-ID
06:38:43 [TestNG-test-Yt Master Tests-2] INFO  verifyingSideMenuCollapsedLangAsInSettings_06-38-11 - Fetching the side menu in collapsed view
06:38:43 [TestNG-test-Yt Master Tests-2] INFO  verifyingSideMenuCollapsedLangAsInSettings_06-38-11 - [verifyingSideMenuCollapsedLangAsInSettings_06-38-11] Finding elements list: By.xpath: //ytd-mini-guide-renderer[@class='style-scope ytd-app']//ytd-mini-guide-entry-renderer
06:38:44 [TestNG-test-Yt Master Tests-2] INFO  verifyingSideMenuCollapsedLangAsInSettings_06-38-11 - [verifyingSideMenuCollapsedLangAsInSettings_06-38-11] Found 4 ready elements (attempt 1): By.xpath: //ytd-mini-guide-renderer[@class='style-scope ytd-app']//ytd-mini-guide-entry-renderer
06:38:44 [TestNG-test-Yt Master Tests-2] INFO  verifyingSideMenuCollapsedLangAsInSettings_06-38-11 - Clicking settings ellipses button...
06:38:44 [TestNG-test-Yt Master Tests-2] INFO  verifyingSideMenuCollapsedLangAsInSettings_06-38-11 - [verifyingSideMenuCollapsedLangAsInSettings_06-38-11] Trying to find element: By.xpath: //ytd-topbar-menu-button-renderer[@class='style-scope ytd-masthead style-default']
06:38:44 [TestNG-test-Yt Master Tests-2] INFO  verifyingSideMenuCollapsedLangAsInSettings_06-38-11 - [verifyingSideMenuCollapsedLangAsInSettings_06-38-11] Element found and ready (attempt 1): By.xpath: //ytd-topbar-menu-button-renderer[@class='style-scope ytd-masthead style-default']
06:38:44 [TestNG-test-Yt Master Tests-2] INFO  verifyingSideMenuCollapsedLangAsInSettings_06-38-11 - Clicking language dropdown...
06:38:44 [TestNG-test-Yt Master Tests-2] INFO  verifyingSideMenuCollapsedLangAsInSettings_06-38-11 - [verifyingSideMenuCollapsedLangAsInSettings_06-38-11] Trying to find element: By.xpath: (//div[@id='content-icon'])[2]
06:38:45 [TestNG-test-Yt Master Tests-2] INFO  verifyingSideMenuCollapsedLangAsInSettings_06-38-11 - [verifyingSideMenuCollapsedLangAsInSettings_06-38-11] Element found and ready (attempt 1): By.xpath: (//div[@id='content-icon'])[2]
06:38:45 [TestNG-test-Yt Master Tests-2] INFO  verifyingSideMenuCollapsedLangAsInSettings_06-38-11 - Looking for language element with name: Bosanski
06:38:45 [TestNG-test-Yt Master Tests-2] INFO  verifyingSideMenuCollapsedLangAsInSettings_06-38-11 - [verifyingSideMenuCollapsedLangAsInSettings_06-38-11] Trying to find element: By.xpath: //yt-multi-page-menu-section-renderer[@class='style-scope ytd-multi-page-menu-renderer']//yt-formatted-string[@id='label' and text()='Bosanski']
06:38:46 [TestNG-test-Yt Master Tests-2] INFO  verifyingSideMenuCollapsedLangAsInSettings_06-38-11 - [verifyingSideMenuCollapsedLangAsInSettings_06-38-11] Element found and ready (attempt 1): By.xpath: //yt-multi-page-menu-section-renderer[@class='style-scope ytd-multi-page-menu-renderer']//yt-formatted-string[@id='label' and text()='Bosanski']
06:38:46 [TestNG-test-Yt Master Tests-2] INFO  verifyingSideMenuCollapsedLangAsInSettings_06-38-11 - [verifyingSideMenuCollapsedLangAsInSettings_06-38-11] Trying to find element: By.xpath: //yt-multi-page-menu-section-renderer[@class='style-scope ytd-multi-page-menu-renderer']//yt-formatted-string[@id='label' and text()='Bosanski']
06:38:46 [TestNG-test-Yt Master Tests-2] INFO  verifyingSideMenuCollapsedLangAsInSettings_06-38-11 - [verifyingSideMenuCollapsedLangAsInSettings_06-38-11] Element found and ready (attempt 1): By.xpath: //yt-multi-page-menu-section-renderer[@class='style-scope ytd-multi-page-menu-renderer']//yt-formatted-string[@id='label' and text()='Bosanski']
06:38:47 [TestNG-test-Yt Master Tests-2] INFO  verifyingSideMenuCollapsedLangAsInSettings_06-38-11 - Clicking settings ellipses button...
06:38:47 [TestNG-test-Yt Master Tests-2] INFO  verifyingSideMenuCollapsedLangAsInSettings_06-38-11 - [verifyingSideMenuCollapsedLangAsInSettings_06-38-11] Trying to find element: By.xpath: //ytd-topbar-menu-button-renderer[@class='style-scope ytd-masthead style-default']
06:38:47 [TestNG-test-Yt Master Tests-2] INFO  verifyingSideMenuCollapsedLangAsInSettings_06-38-11 - [verifyingSideMenuCollapsedLangAsInSettings_06-38-11] Element found and ready (attempt 1): By.xpath: //ytd-topbar-menu-button-renderer[@class='style-scope ytd-masthead style-default']
06:38:48 [TestNG-test-Yt Master Tests-2] INFO  verifyingSideMenuCollapsedLangAsInSettings_06-38-11 - [verifyingSideMenuCollapsedLangAsInSettings_06-38-11] Waiting until element is visible in viewport
06:38:49 [TestNG-test-Yt Master Tests-2] INFO  verifyingSideMenuCollapsedLangAsInSettings_06-38-11 - Clicking settings ellipses button...
06:38:49 [TestNG-test-Yt Master Tests-2] INFO  verifyingSideMenuCollapsedLangAsInSettings_06-38-11 - [verifyingSideMenuCollapsedLangAsInSettings_06-38-11] Trying to find element: By.xpath: //ytd-topbar-menu-button-renderer[@class='style-scope ytd-masthead style-default']
06:38:49 [TestNG-test-Yt Master Tests-2] INFO  verifyingSideMenuCollapsedLangAsInSettings_06-38-11 - [verifyingSideMenuCollapsedLangAsInSettings_06-38-11] Element found and ready (attempt 1): By.xpath: //ytd-topbar-menu-button-renderer[@class='style-scope ytd-masthead style-default']
06:38:49 [TestNG-test-Yt Master Tests-2] INFO  verifyingSideMenuCollapsedLangAsInSettings_06-38-11 - getLangAttribute() - locating <html> and reading lang property
06:38:49 [TestNG-test-Yt Master Tests-2] INFO  verifyingSideMenuCollapsedLangAsInSettings_06-38-11 - Language attribute read: bs-Latn-BA
06:38:49 [TestNG-test-Yt Master Tests-2] INFO  verifyingSideMenuCollapsedLangAsInSettings_06-38-11 - Fetching the side menu in collapsed view
06:38:49 [TestNG-test-Yt Master Tests-2] INFO  verifyingSideMenuCollapsedLangAsInSettings_06-38-11 - [verifyingSideMenuCollapsedLangAsInSettings_06-38-11] Finding elements list: By.xpath: //ytd-mini-guide-renderer[@class='style-scope ytd-app']//ytd-mini-guide-entry-renderer
06:38:49 [TestNG-test-Yt Master Tests-2] INFO  verifyingSideMenuCollapsedLangAsInSettings_06-38-11 - [verifyingSideMenuCollapsedLangAsInSettings_06-38-11] Found 4 ready elements (attempt 1): By.xpath: //ytd-mini-guide-renderer[@class='style-scope ytd-app']//ytd-mini-guide-entry-renderer
06:38:49 [TestNG-test-Yt Master Tests-2] INFO  verifyingSideMenuCollapsedLangAsInSettings_06-38-11 - Clicking settings ellipses button...
06:38:49 [TestNG-test-Yt Master Tests-2] INFO  verifyingSideMenuCollapsedLangAsInSettings_06-38-11 - [verifyingSideMenuCollapsedLangAsInSettings_06-38-11] Trying to find element: By.xpath: //ytd-topbar-menu-button-renderer[@class='style-scope ytd-masthead style-default']
06:38:49 [TestNG-test-Yt Master Tests-2] INFO  verifyingSideMenuCollapsedLangAsInSettings_06-38-11 - [verifyingSideMenuCollapsedLangAsInSettings_06-38-11] Element found and ready (attempt 1): By.xpath: //ytd-topbar-menu-button-renderer[@class='style-scope ytd-masthead style-default']
06:38:49 [TestNG-test-Yt Master Tests-2] INFO  verifyingSideMenuCollapsedLangAsInSettings_06-38-11 - Clicking language dropdown...
06:38:49 [TestNG-test-Yt Master Tests-2] INFO  verifyingSideMenuCollapsedLangAsInSettings_06-38-11 - [verifyingSideMenuCollapsedLangAsInSettings_06-38-11] Trying to find element: By.xpath: (//div[@id='content-icon'])[2]
06:38:50 [TestNG-test-Yt Master Tests-2] INFO  verifyingSideMenuCollapsedLangAsInSettings_06-38-11 - [verifyingSideMenuCollapsedLangAsInSettings_06-38-11] Element found and ready (attempt 1): By.xpath: (//div[@id='content-icon'])[2]
06:38:50 [TestNG-test-Yt Master Tests-2] INFO  verifyingSideMenuCollapsedLangAsInSettings_06-38-11 - Looking for language element with name: Català
06:38:50 [TestNG-test-Yt Master Tests-2] INFO  verifyingSideMenuCollapsedLangAsInSettings_06-38-11 - [verifyingSideMenuCollapsedLangAsInSettings_06-38-11] Trying to find element: By.xpath: //yt-multi-page-menu-section-renderer[@class='style-scope ytd-multi-page-menu-renderer']//yt-formatted-string[@id='label' and text()='Català']
06:38:50 [TestNG-test-Yt Master Tests-2] INFO  verifyingSideMenuCollapsedLangAsInSettings_06-38-11 - [verifyingSideMenuCollapsedLangAsInSettings_06-38-11] Element found and ready (attempt 1): By.xpath: //yt-multi-page-menu-section-renderer[@class='style-scope ytd-multi-page-menu-renderer']//yt-formatted-string[@id='label' and text()='Català']
06:38:50 [TestNG-test-Yt Master Tests-2] INFO  verifyingSideMenuCollapsedLangAsInSettings_06-38-11 - [verifyingSideMenuCollapsedLangAsInSettings_06-38-11] Trying to find element: By.xpath: //yt-multi-page-menu-section-renderer[@class='style-scope ytd-multi-page-menu-renderer']//yt-formatted-string[@id='label' and text()='Català']
06:38:50 [TestNG-test-Yt Master Tests-2] INFO  verifyingSideMenuCollapsedLangAsInSettings_06-38-11 - [verifyingSideMenuCollapsedLangAsInSettings_06-38-11] Element found and ready (attempt 1): By.xpath: //yt-multi-page-menu-section-renderer[@class='style-scope ytd-multi-page-menu-renderer']//yt-formatted-string[@id='label' and text()='Català']
06:38:52 [TestNG-test-Yt Master Tests-2] INFO  verifyingSideMenuCollapsedLangAsInSettings_06-38-11 - Clicking settings ellipses button...
06:38:52 [TestNG-test-Yt Master Tests-2] INFO  verifyingSideMenuCollapsedLangAsInSettings_06-38-11 - [verifyingSideMenuCollapsedLangAsInSettings_06-38-11] Trying to find element: By.xpath: //ytd-topbar-menu-button-renderer[@class='style-scope ytd-masthead style-default']
06:38:52 [TestNG-test-Yt Master Tests-2] INFO  verifyingSideMenuCollapsedLangAsInSettings_06-38-11 - [verifyingSideMenuCollapsedLangAsInSettings_06-38-11] Element found and ready (attempt 1): By.xpath: //ytd-topbar-menu-button-renderer[@class='style-scope ytd-masthead style-default']
06:38:52 [TestNG-test-Yt Master Tests-2] INFO  verifyingSideMenuCollapsedLangAsInSettings_06-38-11 - [verifyingSideMenuCollapsedLangAsInSettings_06-38-11] Waiting until element is visible in viewport
06:38:54 [TestNG-test-Yt Master Tests-2] INFO  verifyingSideMenuCollapsedLangAsInSettings_06-38-11 - Clicking settings ellipses button...
06:38:54 [TestNG-test-Yt Master Tests-2] INFO  verifyingSideMenuCollapsedLangAsInSettings_06-38-11 - [verifyingSideMenuCollapsedLangAsInSettings_06-38-11] Trying to find element: By.xpath: //ytd-topbar-menu-button-renderer[@class='style-scope ytd-masthead style-default']
06:38:54 [TestNG-test-Yt Master Tests-2] INFO  verifyingSideMenuCollapsedLangAsInSettings_06-38-11 - [verifyingSideMenuCollapsedLangAsInSettings_06-38-11] Element found and ready (attempt 1): By.xpath: //ytd-topbar-menu-button-renderer[@class='style-scope ytd-masthead style-default']
06:38:54 [TestNG-test-Yt Master Tests-2] INFO  verifyingSideMenuCollapsedLangAsInSettings_06-38-11 - getLangAttribute() - locating <html> and reading lang property
06:38:54 [TestNG-test-Yt Master Tests-2] INFO  verifyingSideMenuCollapsedLangAsInSettings_06-38-11 - Language attribute read: ca-ES
06:38:54 [TestNG-test-Yt Master Tests-2] INFO  verifyingSideMenuCollapsedLangAsInSettings_06-38-11 - Fetching the side menu in collapsed view
06:38:54 [TestNG-test-Yt Master Tests-2] INFO  verifyingSideMenuCollapsedLangAsInSettings_06-38-11 - [verifyingSideMenuCollapsedLangAsInSettings_06-38-11] Finding elements list: By.xpath: //ytd-mini-guide-renderer[@class='style-scope ytd-app']//ytd-mini-guide-entry-renderer
06:38:54 [TestNG-test-Yt Master Tests-2] INFO  verifyingSideMenuCollapsedLangAsInSettings_06-38-11 - [verifyingSideMenuCollapsedLangAsInSettings_06-38-11] Found 4 ready elements (attempt 1): By.xpath: //ytd-mini-guide-renderer[@class='style-scope ytd-app']//ytd-mini-guide-entry-renderer
06:38:54 [TestNG-test-Yt Master Tests-2] INFO  verifyingSideMenuCollapsedLangAsInSettings_06-38-11 - Clicking settings ellipses button...
06:38:54 [TestNG-test-Yt Master Tests-2] INFO  verifyingSideMenuCollapsedLangAsInSettings_06-38-11 - [verifyingSideMenuCollapsedLangAsInSettings_06-38-11] Trying to find element: By.xpath: //ytd-topbar-menu-button-renderer[@class='style-scope ytd-masthead style-default']
06:38:54 [TestNG-test-Yt Master Tests-2] INFO  verifyingSideMenuCollapsedLangAsInSettings_06-38-11 - [verifyingSideMenuCollapsedLangAsInSettings_06-38-11] Element found and ready (attempt 1): By.xpath: //ytd-topbar-menu-button-renderer[@class='style-scope ytd-masthead style-default']
06:38:55 [TestNG-test-Yt Master Tests-2] INFO  verifyingSideMenuCollapsedLangAsInSettings_06-38-11 - Clicking language dropdown...
06:38:55 [TestNG-test-Yt Master Tests-2] INFO  verifyingSideMenuCollapsedLangAsInSettings_06-38-11 - [verifyingSideMenuCollapsedLangAsInSettings_06-38-11] Trying to find element: By.xpath: (//div[@id='content-icon'])[2]
06:38:55 [TestNG-test-Yt Master Tests-2] INFO  verifyingSideMenuCollapsedLangAsInSettings_06-38-11 - [verifyingSideMenuCollapsedLangAsInSettings_06-38-11] Element found and ready (attempt 1): By.xpath: (//div[@id='content-icon'])[2]
06:38:56 [TestNG-test-Yt Master Tests-2] INFO  verifyingSideMenuCollapsedLangAsInSettings_06-38-11 - Looking for language element with name: Dansk
06:38:56 [TestNG-test-Yt Master Tests-2] INFO  verifyingSideMenuCollapsedLangAsInSettings_06-38-11 - [verifyingSideMenuCollapsedLangAsInSettings_06-38-11] Trying to find element: By.xpath: //yt-multi-page-menu-section-renderer[@class='style-scope ytd-multi-page-menu-renderer']//yt-formatted-string[@id='label' and text()='Dansk']
06:38:56 [TestNG-test-Yt Master Tests-2] INFO  verifyingSideMenuCollapsedLangAsInSettings_06-38-11 - [verifyingSideMenuCollapsedLangAsInSettings_06-38-11] Element found and ready (attempt 1): By.xpath: //yt-multi-page-menu-section-renderer[@class='style-scope ytd-multi-page-menu-renderer']//yt-formatted-string[@id='label' and text()='Dansk']
06:38:56 [TestNG-test-Yt Master Tests-2] INFO  verifyingSideMenuCollapsedLangAsInSettings_06-38-11 - [verifyingSideMenuCollapsedLangAsInSettings_06-38-11] Trying to find element: By.xpath: //yt-multi-page-menu-section-renderer[@class='style-scope ytd-multi-page-menu-renderer']//yt-formatted-string[@id='label' and text()='Dansk']
06:38:56 [TestNG-test-Yt Master Tests-2] INFO  verifyingSideMenuCollapsedLangAsInSettings_06-38-11 - [verifyingSideMenuCollapsedLangAsInSettings_06-38-11] Element found and ready (attempt 1): By.xpath: //yt-multi-page-menu-section-renderer[@class='style-scope ytd-multi-page-menu-renderer']//yt-formatted-string[@id='label' and text()='Dansk']
06:38:59 [TestNG-test-Yt Master Tests-2] INFO  verifyingSideMenuCollapsedLangAsInSettings_06-38-11 - Clicking settings ellipses button...
06:38:59 [TestNG-test-Yt Master Tests-2] INFO  verifyingSideMenuCollapsedLangAsInSettings_06-38-11 - [verifyingSideMenuCollapsedLangAsInSettings_06-38-11] Trying to find element: By.xpath: //ytd-topbar-menu-button-renderer[@class='style-scope ytd-masthead style-default']
06:38:59 [TestNG-test-Yt Master Tests-2] INFO  verifyingSideMenuCollapsedLangAsInSettings_06-38-11 - [verifyingSideMenuCollapsedLangAsInSettings_06-38-11] Element found and ready (attempt 1): By.xpath: //ytd-topbar-menu-button-renderer[@class='style-scope ytd-masthead style-default']
06:38:59 [TestNG-test-Yt Master Tests-2] INFO  verifyingSideMenuCollapsedLangAsInSettings_06-38-11 - [verifyingSideMenuCollapsedLangAsInSettings_06-38-11] Waiting until element is visible in viewport
06:39:01 [TestNG-test-Yt Master Tests-2] INFO  verifyingSideMenuCollapsedLangAsInSettings_06-38-11 - Clicking settings ellipses button...
06:39:01 [TestNG-test-Yt Master Tests-2] INFO  verifyingSideMenuCollapsedLangAsInSettings_06-38-11 - [verifyingSideMenuCollapsedLangAsInSettings_06-38-11] Trying to find element: By.xpath: //ytd-topbar-menu-button-renderer[@class='style-scope ytd-masthead style-default']
06:39:01 [TestNG-test-Yt Master Tests-2] INFO  verifyingSideMenuCollapsedLangAsInSettings_06-38-11 - [verifyingSideMenuCollapsedLangAsInSettings_06-38-11] Element found and ready (attempt 1): By.xpath: //ytd-topbar-menu-button-renderer[@class='style-scope ytd-masthead style-default']
06:39:01 [TestNG-test-Yt Master Tests-2] INFO  verifyingSideMenuCollapsedLangAsInSettings_06-38-11 - getLangAttribute() - locating <html> and reading lang property
06:39:01 [TestNG-test-Yt Master Tests-2] INFO  verifyingSideMenuCollapsedLangAsInSettings_06-38-11 - Language attribute read: da-DK
06:39:01 [TestNG-test-Yt Master Tests-2] INFO  verifyingSideMenuCollapsedLangAsInSettings_06-38-11 - Fetching the side menu in collapsed view
06:39:01 [TestNG-test-Yt Master Tests-2] INFO  verifyingSideMenuCollapsedLangAsInSettings_06-38-11 - [verifyingSideMenuCollapsedLangAsInSettings_06-38-11] Finding elements list: By.xpath: //ytd-mini-guide-renderer[@class='style-scope ytd-app']//ytd-mini-guide-entry-renderer
06:39:01 [TestNG-test-Yt Master Tests-2] INFO  verifyingSideMenuCollapsedLangAsInSettings_06-38-11 - [verifyingSideMenuCollapsedLangAsInSettings_06-38-11] Found 4 ready elements (attempt 1): By.xpath: //ytd-mini-guide-renderer[@class='style-scope ytd-app']//ytd-mini-guide-entry-renderer
06:39:01 [TestNG-test-Yt Master Tests-2] INFO  verifyingSideMenuCollapsedLangAsInSettings_06-38-11 - Clicking settings ellipses button...
06:39:01 [TestNG-test-Yt Master Tests-2] INFO  verifyingSideMenuCollapsedLangAsInSettings_06-38-11 - [verifyingSideMenuCollapsedLangAsInSettings_06-38-11] Trying to find element: By.xpath: //ytd-topbar-menu-button-renderer[@class='style-scope ytd-masthead style-default']
06:39:01 [TestNG-test-Yt Master Tests-2] INFO  verifyingSideMenuCollapsedLangAsInSettings_06-38-11 - [verifyingSideMenuCollapsedLangAsInSettings_06-38-11] Element found and ready (attempt 1): By.xpath: //ytd-topbar-menu-button-renderer[@class='style-scope ytd-masthead style-default']
06:39:01 [TestNG-test-Yt Master Tests-2] INFO  verifyingSideMenuCollapsedLangAsInSettings_06-38-11 - Clicking language dropdown...
06:39:01 [TestNG-test-Yt Master Tests-2] INFO  verifyingSideMenuCollapsedLangAsInSettings_06-38-11 - [verifyingSideMenuCollapsedLangAsInSettings_06-38-11] Trying to find element: By.xpath: (//div[@id='content-icon'])[2]
06:39:02 [TestNG-test-Yt Master Tests-2] INFO  verifyingSideMenuCollapsedLangAsInSettings_06-38-11 - [verifyingSideMenuCollapsedLangAsInSettings_06-38-11] Element found and ready (attempt 1): By.xpath: (//div[@id='content-icon'])[2]
06:39:03 [TestNG-test-Yt Master Tests-2] INFO  verifyingSideMenuCollapsedLangAsInSettings_06-38-11 - Looking for language element with name: Deutsch
06:39:03 [TestNG-test-Yt Master Tests-2] INFO  verifyingSideMenuCollapsedLangAsInSettings_06-38-11 - [verifyingSideMenuCollapsedLangAsInSettings_06-38-11] Trying to find element: By.xpath: //yt-multi-page-menu-section-renderer[@class='style-scope ytd-multi-page-menu-renderer']//yt-formatted-string[@id='label' and text()='Deutsch']
06:39:03 [TestNG-test-Yt Master Tests-2] INFO  verifyingSideMenuCollapsedLangAsInSettings_06-38-11 - [verifyingSideMenuCollapsedLangAsInSettings_06-38-11] Element found and ready (attempt 1): By.xpath: //yt-multi-page-menu-section-renderer[@class='style-scope ytd-multi-page-menu-renderer']//yt-formatted-string[@id='label' and text()='Deutsch']
06:39:03 [TestNG-test-Yt Master Tests-2] INFO  verifyingSideMenuCollapsedLangAsInSettings_06-38-11 - [verifyingSideMenuCollapsedLangAsInSettings_06-38-11] Trying to find element: By.xpath: //yt-multi-page-menu-section-renderer[@class='style-scope ytd-multi-page-menu-renderer']//yt-formatted-string[@id='label' and text()='Deutsch']
06:39:03 [TestNG-test-Yt Master Tests-2] INFO  verifyingSideMenuCollapsedLangAsInSettings_06-38-11 - [verifyingSideMenuCollapsedLangAsInSettings_06-38-11] Element found and ready (attempt 1): By.xpath: //yt-multi-page-menu-section-renderer[@class='style-scope ytd-multi-page-menu-renderer']//yt-formatted-string[@id='label' and text()='Deutsch']
06:39:07 [TestNG-test-Yt Master Tests-2] INFO  verifyingSideMenuCollapsedLangAsInSettings_06-38-11 - Clicking settings ellipses button...
06:39:07 [TestNG-test-Yt Master Tests-2] INFO  verifyingSideMenuCollapsedLangAsInSettings_06-38-11 - [verifyingSideMenuCollapsedLangAsInSettings_06-38-11] Trying to find element: By.xpath: //ytd-topbar-menu-button-renderer[@class='style-scope ytd-masthead style-default']
06:39:07 [TestNG-test-Yt Master Tests-2] INFO  verifyingSideMenuCollapsedLangAsInSettings_06-38-11 - [verifyingSideMenuCollapsedLangAsInSettings_06-38-11] Element found and ready (attempt 1): By.xpath: //ytd-topbar-menu-button-renderer[@class='style-scope ytd-masthead style-default']
06:39:07 [TestNG-test-Yt Master Tests-2] INFO  verifyingSideMenuCollapsedLangAsInSettings_06-38-11 - [verifyingSideMenuCollapsedLangAsInSettings_06-38-11] Waiting until element is visible in viewport
06:39:08 [TestNG-test-Yt Master Tests-2] INFO  verifyingSideMenuCollapsedLangAsInSettings_06-38-11 - Clicking settings ellipses button...
06:39:08 [TestNG-test-Yt Master Tests-2] INFO  verifyingSideMenuCollapsedLangAsInSettings_06-38-11 - [verifyingSideMenuCollapsedLangAsInSettings_06-38-11] Trying to find element: By.xpath: //ytd-topbar-menu-button-renderer[@class='style-scope ytd-masthead style-default']
06:39:08 [TestNG-test-Yt Master Tests-2] INFO  verifyingSideMenuCollapsedLangAsInSettings_06-38-11 - [verifyingSideMenuCollapsedLangAsInSettings_06-38-11] Element found and ready (attempt 1): By.xpath: //ytd-topbar-menu-button-renderer[@class='style-scope ytd-masthead style-default']
06:39:08 [TestNG-test-Yt Master Tests-2] INFO  verifyingSideMenuCollapsedLangAsInSettings_06-38-11 - getLangAttribute() - locating <html> and reading lang property
06:39:08 [TestNG-test-Yt Master Tests-2] INFO  verifyingSideMenuCollapsedLangAsInSettings_06-38-11 - Language attribute read: de-DE
06:39:08 [TestNG-test-Yt Master Tests-2] INFO  verifyingSideMenuCollapsedLangAsInSettings_06-38-11 - Fetching the side menu in collapsed view
06:39:08 [TestNG-test-Yt Master Tests-2] INFO  verifyingSideMenuCollapsedLangAsInSettings_06-38-11 - [verifyingSideMenuCollapsedLangAsInSettings_06-38-11] Finding elements list: By.xpath: //ytd-mini-guide-renderer[@class='style-scope ytd-app']//ytd-mini-guide-entry-renderer
06:39:08 [TestNG-test-Yt Master Tests-2] INFO  verifyingSideMenuCollapsedLangAsInSettings_06-38-11 - [verifyingSideMenuCollapsedLangAsInSettings_06-38-11] Found 4 ready elements (attempt 1): By.xpath: //ytd-mini-guide-renderer[@class='style-scope ytd-app']//ytd-mini-guide-entry-renderer
06:39:08 [TestNG-test-Yt Master Tests-2] INFO  verifyingSideMenuCollapsedLangAsInSettings_06-38-11 - Clicking settings ellipses button...
06:39:08 [TestNG-test-Yt Master Tests-2] INFO  verifyingSideMenuCollapsedLangAsInSettings_06-38-11 - [verifyingSideMenuCollapsedLangAsInSettings_06-38-11] Trying to find element: By.xpath: //ytd-topbar-menu-button-renderer[@class='style-scope ytd-masthead style-default']
06:39:08 [TestNG-test-Yt Master Tests-2] INFO  verifyingSideMenuCollapsedLangAsInSettings_06-38-11 - [verifyingSideMenuCollapsedLangAsInSettings_06-38-11] Element found and ready (attempt 1): By.xpath: //ytd-topbar-menu-button-renderer[@class='style-scope ytd-masthead style-default']
06:39:09 [TestNG-test-Yt Master Tests-2] INFO  verifyingSideMenuCollapsedLangAsInSettings_06-38-11 - Clicking language dropdown...
06:39:09 [TestNG-test-Yt Master Tests-2] INFO  verifyingSideMenuCollapsedLangAsInSettings_06-38-11 - [verifyingSideMenuCollapsedLangAsInSettings_06-38-11] Trying to find element: By.xpath: (//div[@id='content-icon'])[2]
06:39:09 [TestNG-test-Yt Master Tests-2] INFO  verifyingSideMenuCollapsedLangAsInSettings_06-38-11 - [verifyingSideMenuCollapsedLangAsInSettings_06-38-11] Element found and ready (attempt 1): By.xpath: (//div[@id='content-icon'])[2]
06:39:11 [TestNG-test-Yt Master Tests-2] INFO  verifyingSideMenuCollapsedLangAsInSettings_06-38-11 - Looking for language element with name: Eesti
06:39:11 [TestNG-test-Yt Master Tests-2] INFO  verifyingSideMenuCollapsedLangAsInSettings_06-38-11 - [verifyingSideMenuCollapsedLangAsInSettings_06-38-11] Trying to find element: By.xpath: //yt-multi-page-menu-section-renderer[@class='style-scope ytd-multi-page-menu-renderer']//yt-formatted-string[@id='label' and text()='Eesti']
06:39:11 [TestNG-test-Yt Master Tests-2] INFO  verifyingSideMenuCollapsedLangAsInSettings_06-38-11 - [verifyingSideMenuCollapsedLangAsInSettings_06-38-11] Element found and ready (attempt 1): By.xpath: //yt-multi-page-menu-section-renderer[@class='style-scope ytd-multi-page-menu-renderer']//yt-formatted-string[@id='label' and text()='Eesti']
06:39:11 [TestNG-test-Yt Master Tests-2] INFO  verifyingSideMenuCollapsedLangAsInSettings_06-38-11 - [verifyingSideMenuCollapsedLangAsInSettings_06-38-11] Trying to find element: By.xpath: //yt-multi-page-menu-section-renderer[@class='style-scope ytd-multi-page-menu-renderer']//yt-formatted-string[@id='label' and text()='Eesti']
06:39:11 [TestNG-test-Yt Master Tests-2] INFO  verifyingSideMenuCollapsedLangAsInSettings_06-38-11 - [verifyingSideMenuCollapsedLangAsInSettings_06-38-11] Element found and ready (attempt 1): By.xpath: //yt-multi-page-menu-section-renderer[@class='style-scope ytd-multi-page-menu-renderer']//yt-formatted-string[@id='label' and text()='Eesti']
06:39:13 [TestNG-test-Yt Master Tests-2] INFO  verifyingSideMenuCollapsedLangAsInSettings_06-38-11 - Clicking settings ellipses button...
06:39:13 [TestNG-test-Yt Master Tests-2] INFO  verifyingSideMenuCollapsedLangAsInSettings_06-38-11 - [verifyingSideMenuCollapsedLangAsInSettings_06-38-11] Trying to find element: By.xpath: //ytd-topbar-menu-button-renderer[@class='style-scope ytd-masthead style-default']
06:39:14 [TestNG-test-Yt Master Tests-2] INFO  verifyingSideMenuCollapsedLangAsInSettings_06-38-11 - [verifyingSideMenuCollapsedLangAsInSettings_06-38-11] Element found and ready (attempt 1): By.xpath: //ytd-topbar-menu-button-renderer[@class='style-scope ytd-masthead style-default']
06:39:14 [TestNG-test-Yt Master Tests-2] INFO  verifyingSideMenuCollapsedLangAsInSettings_06-38-11 - [verifyingSideMenuCollapsedLangAsInSettings_06-38-11] Waiting until element is visible in viewport
06:39:16 [TestNG-test-Yt Master Tests-2] INFO  verifyingSideMenuCollapsedLangAsInSettings_06-38-11 - Clicking settings ellipses button...
06:39:16 [TestNG-test-Yt Master Tests-2] INFO  verifyingSideMenuCollapsedLangAsInSettings_06-38-11 - [verifyingSideMenuCollapsedLangAsInSettings_06-38-11] Trying to find element: By.xpath: //ytd-topbar-menu-button-renderer[@class='style-scope ytd-masthead style-default']
06:39:16 [TestNG-test-Yt Master Tests-2] INFO  verifyingSideMenuCollapsedLangAsInSettings_06-38-11 - [verifyingSideMenuCollapsedLangAsInSettings_06-38-11] Element found and ready (attempt 1): By.xpath: //ytd-topbar-menu-button-renderer[@class='style-scope ytd-masthead style-default']
06:39:17 [TestNG-test-Yt Master Tests-2] INFO  verifyingSideMenuCollapsedLangAsInSettings_06-38-11 - getLangAttribute() - locating <html> and reading lang property
06:39:17 [TestNG-test-Yt Master Tests-2] INFO  verifyingSideMenuCollapsedLangAsInSettings_06-38-11 - Language attribute read: et-EE
06:39:17 [TestNG-test-Yt Master Tests-2] INFO  verifyingSideMenuCollapsedLangAsInSettings_06-38-11 - Fetching the side menu in collapsed view
06:39:17 [TestNG-test-Yt Master Tests-2] INFO  verifyingSideMenuCollapsedLangAsInSettings_06-38-11 - [verifyingSideMenuCollapsedLangAsInSettings_06-38-11] Finding elements list: By.xpath: //ytd-mini-guide-renderer[@class='style-scope ytd-app']//ytd-mini-guide-entry-renderer
06:39:19 [TestNG-test-Yt Master Tests-2] INFO  verifyingSideMenuCollapsedLangAsInSettings_06-38-11 - [verifyingSideMenuCollapsedLangAsInSettings_06-38-11] Found 4 ready elements (attempt 1): By.xpath: //ytd-mini-guide-renderer[@class='style-scope ytd-app']//ytd-mini-guide-entry-renderer
06:39:19 [TestNG-test-Yt Master Tests-2] INFO  verifyingSideMenuCollapsedLangAsInSettings_06-38-11 - Clicking settings ellipses button...
06:39:19 [TestNG-test-Yt Master Tests-2] INFO  verifyingSideMenuCollapsedLangAsInSettings_06-38-11 - [verifyingSideMenuCollapsedLangAsInSettings_06-38-11] Trying to find element: By.xpath: //ytd-topbar-menu-button-renderer[@class='style-scope ytd-masthead style-default']
06:39:19 [TestNG-test-Yt Master Tests-2] INFO  verifyingSideMenuCollapsedLangAsInSettings_06-38-11 - [verifyingSideMenuCollapsedLangAsInSettings_06-38-11] Element found and ready (attempt 1): By.xpath: //ytd-topbar-menu-button-renderer[@class='style-scope ytd-masthead style-default']
06:39:19 [TestNG-test-Yt Master Tests-2] INFO  verifyingSideMenuCollapsedLangAsInSettings_06-38-11 - Clicking language dropdown...
06:39:19 [TestNG-test-Yt Master Tests-2] INFO  verifyingSideMenuCollapsedLangAsInSettings_06-38-11 - [verifyingSideMenuCollapsedLangAsInSettings_06-38-11] Trying to find element: By.xpath: (//div[@id='content-icon'])[2]
06:39:20 [TestNG-test-Yt Master Tests-2] INFO  verifyingSideMenuCollapsedLangAsInSettings_06-38-11 - [verifyingSideMenuCollapsedLangAsInSettings_06-38-11] Element found and ready (attempt 1): By.xpath: (//div[@id='content-icon'])[2]
06:39:21 [TestNG-test-Yt Master Tests-2] INFO  verifyingSideMenuCollapsedLangAsInSettings_06-38-11 - Looking for language element with name: English (India)
06:39:21 [TestNG-test-Yt Master Tests-2] INFO  verifyingSideMenuCollapsedLangAsInSettings_06-38-11 - [verifyingSideMenuCollapsedLangAsInSettings_06-38-11] Trying to find element: By.xpath: //yt-multi-page-menu-section-renderer[@class='style-scope ytd-multi-page-menu-renderer']//yt-formatted-string[@id='label' and text()='English (India)']
06:39:21 [TestNG-test-Yt Master Tests-2] INFO  verifyingSideMenuCollapsedLangAsInSettings_06-38-11 - [verifyingSideMenuCollapsedLangAsInSettings_06-38-11] Element found and ready (attempt 1): By.xpath: //yt-multi-page-menu-section-renderer[@class='style-scope ytd-multi-page-menu-renderer']//yt-formatted-string[@id='label' and text()='English (India)']
06:39:21 [TestNG-test-Yt Master Tests-2] INFO  verifyingSideMenuCollapsedLangAsInSettings_06-38-11 - [verifyingSideMenuCollapsedLangAsInSettings_06-38-11] Trying to find element: By.xpath: //yt-multi-page-menu-section-renderer[@class='style-scope ytd-multi-page-menu-renderer']//yt-formatted-string[@id='label' and text()='English (India)']
06:39:21 [TestNG-test-Yt Master Tests-2] INFO  verifyingSideMenuCollapsedLangAsInSettings_06-38-11 - [verifyingSideMenuCollapsedLangAsInSettings_06-38-11] Element found and ready (attempt 1): By.xpath: //yt-multi-page-menu-section-renderer[@class='style-scope ytd-multi-page-menu-renderer']//yt-formatted-string[@id='label' and text()='English (India)']
06:39:42 [TestNG-test-Yt Master Tests-2] WARN  verifyingSideMenuCollapsedLangAsInSettings_06-38-11 - [verifyingSideMenuCollapsedLangAsInSettings_06-38-11] Retrying test 'verifyingSideMenuCollapsedLangAsInSettings' (attempt 1) due to: Expected condition failed: waiting for presence of element located by: By.xpath: //ytd-mini-guide-renderer[@class='style-scope ytd-app']//ytd-mini-guide-entry-renderer (tried for 15 second(s) with 500 milliseconds interval)
