18:33:04 [TestNG-test-Yt Master Tests-3] INFO  verifyingSettingOptionsLang_18-33-04 - No existing WebDriver found for current thread. Initializing a new ChromeDriver...
18:33:04 [TestNG-test-Yt Master Tests-3] INFO  verifyingSettingOptionsLang_18-33-04 - WebDriverManager: chromedriver setup OK
18:33:06 [TestNG-test-Yt Master Tests-3] INFO  verifyingSettingOptionsLang_18-33-04 - ChromeDriver initialized successfully for thread: 36
18:33:06 [TestNG-test-Yt Master Tests-3] INFO  verifyingSettingOptionsLang_18-33-04 - SafeActions initialized with driver ChromeDriver: chrome on windows (0365871344111cc4b981066bb9f35603)
18:33:06 [TestNG-test-Yt Master Tests-3] INFO  verifyingSettingOptionsLang_18-33-04 - Initialized YtLandingPage with driver: ChromeDriver: chrome on windows (0365871344111cc4b981066bb9f35603)
18:33:06 [TestNG-test-Yt Master Tests-3] INFO  verifyingSettingOptionsLang_18-33-04 - SafeActions initialized with driver ChromeDriver: chrome on windows (0365871344111cc4b981066bb9f35603)
18:33:11 [TestNG-test-Yt Master Tests-3] INFO  verifyingSettingOptionsLang_18-33-04 - Opened YouTube landing page.
18:33:11 [TestNG-test-Yt Master Tests-3] INFO  verifyingSettingOptionsLang_18-33-04 - Clicking settings ellipses button...
18:33:12 [TestNG-test-Yt Master Tests-3] INFO  verifyingSettingOptionsLang_18-33-04 - [verifyingSettingOptionsLang_18-33-04] Trying to find element: By.xpath: //ytd-topbar-menu-button-renderer[@class='style-scope ytd-masthead style-default']
18:33:12 [TestNG-test-Yt Master Tests-3] INFO  verifyingSettingOptionsLang_18-33-04 - [verifyingSettingOptionsLang_18-33-04] Element found and ready (attempt 1): By.xpath: //ytd-topbar-menu-button-renderer[@class='style-scope ytd-masthead style-default']
18:33:12 [TestNG-test-Yt Master Tests-3] INFO  verifyingSettingOptionsLang_18-33-04 - Clicking language dropdown...
18:33:12 [TestNG-test-Yt Master Tests-3] INFO  verifyingSettingOptionsLang_18-33-04 - [verifyingSettingOptionsLang_18-33-04] Trying to find element: By.xpath: (//div[@id='content-icon'])[2]
18:33:12 [TestNG-test-Yt Master Tests-3] INFO  verifyingSettingOptionsLang_18-33-04 - [verifyingSettingOptionsLang_18-33-04] Element found and ready (attempt 1): By.xpath: (//div[@id='content-icon'])[2]
18:33:13 [TestNG-test-Yt Master Tests-3] INFO  verifyingSettingOptionsLang_18-33-04 - [verifyingSettingOptionsLang_18-33-04] Execution is Not CRON Job Hence refering to normal keys from UtilData
18:33:13 [TestNG-test-Yt Master Tests-3] INFO  verifyingSettingOptionsLang_18-33-04 - Looking for language element with name: Afrikaans
18:33:13 [TestNG-test-Yt Master Tests-3] INFO  verifyingSettingOptionsLang_18-33-04 - [verifyingSettingOptionsLang_18-33-04] Trying to find element: By.xpath: //yt-multi-page-menu-section-renderer[@class='style-scope ytd-multi-page-menu-renderer']//yt-formatted-string[@id='label' and text()='Afrikaans']
18:33:13 [TestNG-test-Yt Master Tests-3] INFO  verifyingSettingOptionsLang_18-33-04 - [verifyingSettingOptionsLang_18-33-04] Element found and ready (attempt 1): By.xpath: //yt-multi-page-menu-section-renderer[@class='style-scope ytd-multi-page-menu-renderer']//yt-formatted-string[@id='label' and text()='Afrikaans']
18:33:13 [TestNG-test-Yt Master Tests-3] INFO  verifyingSettingOptionsLang_18-33-04 - [verifyingSettingOptionsLang_18-33-04] Trying to find element: By.xpath: //yt-multi-page-menu-section-renderer[@class='style-scope ytd-multi-page-menu-renderer']//yt-formatted-string[@id='label' and text()='Afrikaans']
18:33:13 [TestNG-test-Yt Master Tests-3] INFO  verifyingSettingOptionsLang_18-33-04 - [verifyingSettingOptionsLang_18-33-04] Element found and ready (attempt 1): By.xpath: //yt-multi-page-menu-section-renderer[@class='style-scope ytd-multi-page-menu-renderer']//yt-formatted-string[@id='label' and text()='Afrikaans']
18:33:16 [TestNG-test-Yt Master Tests-3] INFO  verifyingSettingOptionsLang_18-33-04 - Clicking settings ellipses button...
18:33:16 [TestNG-test-Yt Master Tests-3] INFO  verifyingSettingOptionsLang_18-33-04 - [verifyingSettingOptionsLang_18-33-04] Trying to find element: By.xpath: //ytd-topbar-menu-button-renderer[@class='style-scope ytd-masthead style-default']
18:33:16 [TestNG-test-Yt Master Tests-3] INFO  verifyingSettingOptionsLang_18-33-04 - [verifyingSettingOptionsLang_18-33-04] Element found and ready (attempt 1): By.xpath: //ytd-topbar-menu-button-renderer[@class='style-scope ytd-masthead style-default']
18:33:17 [TestNG-test-Yt Master Tests-3] INFO  verifyingSettingOptionsLang_18-33-04 - [verifyingSettingOptionsLang_18-33-04] Waiting until element is visible in viewport
18:33:17 [TestNG-test-Yt Master Tests-3] INFO  verifyingSettingOptionsLang_18-33-04 - Clicking settings ellipses button...
18:33:18 [TestNG-test-Yt Master Tests-3] INFO  verifyingSettingOptionsLang_18-33-04 - [verifyingSettingOptionsLang_18-33-04] Trying to find element: By.xpath: //ytd-topbar-menu-button-renderer[@class='style-scope ytd-masthead style-default']
18:33:18 [TestNG-test-Yt Master Tests-3] INFO  verifyingSettingOptionsLang_18-33-04 - [verifyingSettingOptionsLang_18-33-04] Element found and ready (attempt 1): By.xpath: //ytd-topbar-menu-button-renderer[@class='style-scope ytd-masthead style-default']
18:33:18 [TestNG-test-Yt Master Tests-3] INFO  verifyingSettingOptionsLang_18-33-04 - Clicking settings ellipses button...
18:33:18 [TestNG-test-Yt Master Tests-3] INFO  verifyingSettingOptionsLang_18-33-04 - [verifyingSettingOptionsLang_18-33-04] Trying to find element: By.xpath: //ytd-topbar-menu-button-renderer[@class='style-scope ytd-masthead style-default']
18:33:18 [TestNG-test-Yt Master Tests-3] INFO  verifyingSettingOptionsLang_18-33-04 - [verifyingSettingOptionsLang_18-33-04] Element found and ready (attempt 1): By.xpath: //ytd-topbar-menu-button-renderer[@class='style-scope ytd-masthead style-default']
18:33:19 [TestNG-test-Yt Master Tests-3] INFO  verifyingSettingOptionsLang_18-33-04 - Getting the setting ellipses options
18:33:19 [TestNG-test-Yt Master Tests-3] INFO  verifyingSettingOptionsLang_18-33-04 - [verifyingSettingOptionsLang_18-33-04] Trying to find element: By.xpath: //ytd-multi-page-menu-renderer
18:33:19 [TestNG-test-Yt Master Tests-3] INFO  verifyingSettingOptionsLang_18-33-04 - [verifyingSettingOptionsLang_18-33-04] Element found and ready (attempt 1): By.xpath: //ytd-multi-page-menu-renderer
18:33:19 [TestNG-test-Yt Master Tests-3] INFO  verifyingSettingOptionsLang_18-33-04 - Clicking settings ellipses button...
18:33:19 [TestNG-test-Yt Master Tests-3] INFO  verifyingSettingOptionsLang_18-33-04 - [verifyingSettingOptionsLang_18-33-04] Trying to find element: By.xpath: //ytd-topbar-menu-button-renderer[@class='style-scope ytd-masthead style-default']
18:33:20 [TestNG-test-Yt Master Tests-3] INFO  verifyingSettingOptionsLang_18-33-04 - [verifyingSettingOptionsLang_18-33-04] Element found and ready (attempt 1): By.xpath: //ytd-topbar-menu-button-renderer[@class='style-scope ytd-masthead style-default']
18:33:20 [TestNG-test-Yt Master Tests-3] INFO  verifyingSettingOptionsLang_18-33-04 - 
========== LANGUAGE DETECTION ==========
Detected Language : AFRIKAANS
Input Text        : Jou data in YouTube
Voorkoms: Lig
Vertoontaal:
Afrikaans
Beperkmodus: Af
Ligging:
Verenigde State
Kortpadsleutels
Instellings
Hulp
Stuur terugvoer
========================================
18:33:20 [TestNG-test-Yt Master Tests-3] INFO  verifyingSettingOptionsLang_18-33-04 - getLangAttribute() - locating <html> and reading lang property
18:33:20 [TestNG-test-Yt Master Tests-3] INFO  verifyingSettingOptionsLang_18-33-04 - Language attribute read: af-ZA
18:33:20 [TestNG-test-Yt Master Tests-3] INFO  verifyingSettingOptionsLang_18-33-04 - Clicking settings ellipses button...
18:33:20 [TestNG-test-Yt Master Tests-3] INFO  verifyingSettingOptionsLang_18-33-04 - [verifyingSettingOptionsLang_18-33-04] Trying to find element: By.xpath: //ytd-topbar-menu-button-renderer[@class='style-scope ytd-masthead style-default']
18:33:21 [TestNG-test-Yt Master Tests-3] INFO  verifyingSettingOptionsLang_18-33-04 - [verifyingSettingOptionsLang_18-33-04] Element found and ready (attempt 1): By.xpath: //ytd-topbar-menu-button-renderer[@class='style-scope ytd-masthead style-default']
18:33:21 [TestNG-test-Yt Master Tests-3] INFO  verifyingSettingOptionsLang_18-33-04 - Clicking language dropdown...
18:33:21 [TestNG-test-Yt Master Tests-3] INFO  verifyingSettingOptionsLang_18-33-04 - [verifyingSettingOptionsLang_18-33-04] Trying to find element: By.xpath: (//div[@id='content-icon'])[2]
18:33:22 [TestNG-test-Yt Master Tests-3] INFO  verifyingSettingOptionsLang_18-33-04 - [verifyingSettingOptionsLang_18-33-04] Element found and ready (attempt 1): By.xpath: (//div[@id='content-icon'])[2]
18:33:22 [TestNG-test-Yt Master Tests-3] INFO  verifyingSettingOptionsLang_18-33-04 - Looking for language element with name: Azərbaycan
18:33:22 [TestNG-test-Yt Master Tests-3] INFO  verifyingSettingOptionsLang_18-33-04 - [verifyingSettingOptionsLang_18-33-04] Trying to find element: By.xpath: //yt-multi-page-menu-section-renderer[@class='style-scope ytd-multi-page-menu-renderer']//yt-formatted-string[@id='label' and text()='Azərbaycan']
18:33:22 [TestNG-test-Yt Master Tests-3] INFO  verifyingSettingOptionsLang_18-33-04 - [verifyingSettingOptionsLang_18-33-04] Element found and ready (attempt 1): By.xpath: //yt-multi-page-menu-section-renderer[@class='style-scope ytd-multi-page-menu-renderer']//yt-formatted-string[@id='label' and text()='Azərbaycan']
18:33:22 [TestNG-test-Yt Master Tests-3] INFO  verifyingSettingOptionsLang_18-33-04 - [verifyingSettingOptionsLang_18-33-04] Trying to find element: By.xpath: //yt-multi-page-menu-section-renderer[@class='style-scope ytd-multi-page-menu-renderer']//yt-formatted-string[@id='label' and text()='Azərbaycan']
18:33:22 [TestNG-test-Yt Master Tests-3] INFO  verifyingSettingOptionsLang_18-33-04 - [verifyingSettingOptionsLang_18-33-04] Element found and ready (attempt 1): By.xpath: //yt-multi-page-menu-section-renderer[@class='style-scope ytd-multi-page-menu-renderer']//yt-formatted-string[@id='label' and text()='Azərbaycan']
18:33:24 [TestNG-test-Yt Master Tests-3] INFO  verifyingSettingOptionsLang_18-33-04 - Clicking settings ellipses button...
18:33:24 [TestNG-test-Yt Master Tests-3] INFO  verifyingSettingOptionsLang_18-33-04 - [verifyingSettingOptionsLang_18-33-04] Trying to find element: By.xpath: //ytd-topbar-menu-button-renderer[@class='style-scope ytd-masthead style-default']
18:33:25 [TestNG-test-Yt Master Tests-3] INFO  verifyingSettingOptionsLang_18-33-04 - [verifyingSettingOptionsLang_18-33-04] Element found and ready (attempt 1): By.xpath: //ytd-topbar-menu-button-renderer[@class='style-scope ytd-masthead style-default']
18:33:25 [TestNG-test-Yt Master Tests-3] INFO  verifyingSettingOptionsLang_18-33-04 - [verifyingSettingOptionsLang_18-33-04] Waiting until element is visible in viewport
18:33:26 [TestNG-test-Yt Master Tests-3] INFO  verifyingSettingOptionsLang_18-33-04 - Clicking settings ellipses button...
18:33:26 [TestNG-test-Yt Master Tests-3] INFO  verifyingSettingOptionsLang_18-33-04 - [verifyingSettingOptionsLang_18-33-04] Trying to find element: By.xpath: //ytd-topbar-menu-button-renderer[@class='style-scope ytd-masthead style-default']
18:33:27 [TestNG-test-Yt Master Tests-3] INFO  verifyingSettingOptionsLang_18-33-04 - [verifyingSettingOptionsLang_18-33-04] Element found and ready (attempt 1): By.xpath: //ytd-topbar-menu-button-renderer[@class='style-scope ytd-masthead style-default']
18:33:27 [TestNG-test-Yt Master Tests-3] INFO  verifyingSettingOptionsLang_18-33-04 - Clicking settings ellipses button...
18:33:27 [TestNG-test-Yt Master Tests-3] INFO  verifyingSettingOptionsLang_18-33-04 - [verifyingSettingOptionsLang_18-33-04] Trying to find element: By.xpath: //ytd-topbar-menu-button-renderer[@class='style-scope ytd-masthead style-default']
18:33:27 [TestNG-test-Yt Master Tests-3] INFO  verifyingSettingOptionsLang_18-33-04 - [verifyingSettingOptionsLang_18-33-04] Element found and ready (attempt 1): By.xpath: //ytd-topbar-menu-button-renderer[@class='style-scope ytd-masthead style-default']
18:33:27 [TestNG-test-Yt Master Tests-3] INFO  verifyingSettingOptionsLang_18-33-04 - Getting the setting ellipses options
18:33:27 [TestNG-test-Yt Master Tests-3] INFO  verifyingSettingOptionsLang_18-33-04 - [verifyingSettingOptionsLang_18-33-04] Trying to find element: By.xpath: //ytd-multi-page-menu-renderer
18:33:28 [TestNG-test-Yt Master Tests-3] INFO  verifyingSettingOptionsLang_18-33-04 - [verifyingSettingOptionsLang_18-33-04] Element found and ready (attempt 1): By.xpath: //ytd-multi-page-menu-renderer
18:33:28 [TestNG-test-Yt Master Tests-3] INFO  verifyingSettingOptionsLang_18-33-04 - Clicking settings ellipses button...
18:33:28 [TestNG-test-Yt Master Tests-3] INFO  verifyingSettingOptionsLang_18-33-04 - [verifyingSettingOptionsLang_18-33-04] Trying to find element: By.xpath: //ytd-topbar-menu-button-renderer[@class='style-scope ytd-masthead style-default']
18:33:29 [TestNG-test-Yt Master Tests-3] INFO  verifyingSettingOptionsLang_18-33-04 - [verifyingSettingOptionsLang_18-33-04] Element found and ready (attempt 1): By.xpath: //ytd-topbar-menu-button-renderer[@class='style-scope ytd-masthead style-default']
18:33:29 [TestNG-test-Yt Master Tests-3] INFO  verifyingSettingOptionsLang_18-33-04 - 
========== LANGUAGE DETECTION ==========
Detected Language : AZERBAIJANI
Input Text        : YouTube Datanız
Görünüş: Açıq
Displey dili:
azərbaycan
Limitli Rejim: Deaktiv
Məkan:
Amerika Birləşmiş Ştatları
Klaviatura qısayolları
Ayarlar
Yardım
Rəy göndərin
========================================
18:33:29 [TestNG-test-Yt Master Tests-3] INFO  verifyingSettingOptionsLang_18-33-04 - getLangAttribute() - locating <html> and reading lang property
18:33:29 [TestNG-test-Yt Master Tests-3] INFO  verifyingSettingOptionsLang_18-33-04 - Language attribute read: az-Latn-AZ
18:33:29 [TestNG-test-Yt Master Tests-3] INFO  verifyingSettingOptionsLang_18-33-04 - Clicking settings ellipses button...
18:33:29 [TestNG-test-Yt Master Tests-3] INFO  verifyingSettingOptionsLang_18-33-04 - [verifyingSettingOptionsLang_18-33-04] Trying to find element: By.xpath: //ytd-topbar-menu-button-renderer[@class='style-scope ytd-masthead style-default']
18:33:29 [TestNG-test-Yt Master Tests-3] INFO  verifyingSettingOptionsLang_18-33-04 - [verifyingSettingOptionsLang_18-33-04] Element found and ready (attempt 1): By.xpath: //ytd-topbar-menu-button-renderer[@class='style-scope ytd-masthead style-default']
18:33:29 [TestNG-test-Yt Master Tests-3] INFO  verifyingSettingOptionsLang_18-33-04 - Clicking language dropdown...
18:33:29 [TestNG-test-Yt Master Tests-3] INFO  verifyingSettingOptionsLang_18-33-04 - [verifyingSettingOptionsLang_18-33-04] Trying to find element: By.xpath: (//div[@id='content-icon'])[2]
18:33:30 [TestNG-test-Yt Master Tests-3] INFO  verifyingSettingOptionsLang_18-33-04 - [verifyingSettingOptionsLang_18-33-04] Element found and ready (attempt 1): By.xpath: (//div[@id='content-icon'])[2]
18:33:30 [TestNG-test-Yt Master Tests-3] INFO  verifyingSettingOptionsLang_18-33-04 - Looking for language element with name: Bahasa Indonesia
18:33:30 [TestNG-test-Yt Master Tests-3] INFO  verifyingSettingOptionsLang_18-33-04 - [verifyingSettingOptionsLang_18-33-04] Trying to find element: By.xpath: //yt-multi-page-menu-section-renderer[@class='style-scope ytd-multi-page-menu-renderer']//yt-formatted-string[@id='label' and text()='Bahasa Indonesia']
18:33:31 [TestNG-test-Yt Master Tests-3] INFO  verifyingSettingOptionsLang_18-33-04 - [verifyingSettingOptionsLang_18-33-04] Element found and ready (attempt 1): By.xpath: //yt-multi-page-menu-section-renderer[@class='style-scope ytd-multi-page-menu-renderer']//yt-formatted-string[@id='label' and text()='Bahasa Indonesia']
18:33:31 [TestNG-test-Yt Master Tests-3] INFO  verifyingSettingOptionsLang_18-33-04 - [verifyingSettingOptionsLang_18-33-04] Trying to find element: By.xpath: //yt-multi-page-menu-section-renderer[@class='style-scope ytd-multi-page-menu-renderer']//yt-formatted-string[@id='label' and text()='Bahasa Indonesia']
18:33:31 [TestNG-test-Yt Master Tests-3] INFO  verifyingSettingOptionsLang_18-33-04 - [verifyingSettingOptionsLang_18-33-04] Element found and ready (attempt 1): By.xpath: //yt-multi-page-menu-section-renderer[@class='style-scope ytd-multi-page-menu-renderer']//yt-formatted-string[@id='label' and text()='Bahasa Indonesia']
18:33:32 [TestNG-test-Yt Master Tests-3] INFO  verifyingSettingOptionsLang_18-33-04 - Clicking settings ellipses button...
18:33:33 [TestNG-test-Yt Master Tests-3] INFO  verifyingSettingOptionsLang_18-33-04 - [verifyingSettingOptionsLang_18-33-04] Trying to find element: By.xpath: //ytd-topbar-menu-button-renderer[@class='style-scope ytd-masthead style-default']
18:33:33 [TestNG-test-Yt Master Tests-3] INFO  verifyingSettingOptionsLang_18-33-04 - [verifyingSettingOptionsLang_18-33-04] Element found and ready (attempt 1): By.xpath: //ytd-topbar-menu-button-renderer[@class='style-scope ytd-masthead style-default']
18:33:34 [TestNG-test-Yt Master Tests-3] INFO  verifyingSettingOptionsLang_18-33-04 - [verifyingSettingOptionsLang_18-33-04] Waiting until element is visible in viewport
18:33:35 [TestNG-test-Yt Master Tests-3] INFO  verifyingSettingOptionsLang_18-33-04 - Clicking settings ellipses button...
18:33:35 [TestNG-test-Yt Master Tests-3] INFO  verifyingSettingOptionsLang_18-33-04 - [verifyingSettingOptionsLang_18-33-04] Trying to find element: By.xpath: //ytd-topbar-menu-button-renderer[@class='style-scope ytd-masthead style-default']
18:33:35 [TestNG-test-Yt Master Tests-3] INFO  verifyingSettingOptionsLang_18-33-04 - [verifyingSettingOptionsLang_18-33-04] Element found and ready (attempt 1): By.xpath: //ytd-topbar-menu-button-renderer[@class='style-scope ytd-masthead style-default']
18:33:35 [TestNG-test-Yt Master Tests-3] INFO  verifyingSettingOptionsLang_18-33-04 - Clicking settings ellipses button...
18:33:35 [TestNG-test-Yt Master Tests-3] INFO  verifyingSettingOptionsLang_18-33-04 - [verifyingSettingOptionsLang_18-33-04] Trying to find element: By.xpath: //ytd-topbar-menu-button-renderer[@class='style-scope ytd-masthead style-default']
18:33:35 [TestNG-test-Yt Master Tests-3] INFO  verifyingSettingOptionsLang_18-33-04 - [verifyingSettingOptionsLang_18-33-04] Element found and ready (attempt 1): By.xpath: //ytd-topbar-menu-button-renderer[@class='style-scope ytd-masthead style-default']
18:33:35 [TestNG-test-Yt Master Tests-3] INFO  verifyingSettingOptionsLang_18-33-04 - Getting the setting ellipses options
18:33:35 [TestNG-test-Yt Master Tests-3] INFO  verifyingSettingOptionsLang_18-33-04 - [verifyingSettingOptionsLang_18-33-04] Trying to find element: By.xpath: //ytd-multi-page-menu-renderer
18:33:36 [TestNG-test-Yt Master Tests-3] INFO  verifyingSettingOptionsLang_18-33-04 - [verifyingSettingOptionsLang_18-33-04] Element found and ready (attempt 1): By.xpath: //ytd-multi-page-menu-renderer
18:33:36 [TestNG-test-Yt Master Tests-3] INFO  verifyingSettingOptionsLang_18-33-04 - Clicking settings ellipses button...
18:33:36 [TestNG-test-Yt Master Tests-3] INFO  verifyingSettingOptionsLang_18-33-04 - [verifyingSettingOptionsLang_18-33-04] Trying to find element: By.xpath: //ytd-topbar-menu-button-renderer[@class='style-scope ytd-masthead style-default']
18:33:36 [TestNG-test-Yt Master Tests-3] INFO  verifyingSettingOptionsLang_18-33-04 - [verifyingSettingOptionsLang_18-33-04] Element found and ready (attempt 1): By.xpath: //ytd-topbar-menu-button-renderer[@class='style-scope ytd-masthead style-default']
18:33:36 [TestNG-test-Yt Master Tests-3] INFO  verifyingSettingOptionsLang_18-33-04 - 
========== LANGUAGE DETECTION ==========
Detected Language : INDONESIAN
Input Text        : Data Anda di YouTube
Tampilan: Terang
Bahasa tampilan:
Indonesia
Mode Terbatas: Nonaktif
Lokasi:
Amerika Serikat
Pintasan keyboard
Setelan
Bantuan
Kirim masukan
========================================
18:33:36 [TestNG-test-Yt Master Tests-3] INFO  verifyingSettingOptionsLang_18-33-04 - getLangAttribute() - locating <html> and reading lang property
18:33:36 [TestNG-test-Yt Master Tests-3] INFO  verifyingSettingOptionsLang_18-33-04 - Language attribute read: id-ID
18:33:36 [TestNG-test-Yt Master Tests-3] INFO  verifyingSettingOptionsLang_18-33-04 - Clicking settings ellipses button...
18:33:36 [TestNG-test-Yt Master Tests-3] INFO  verifyingSettingOptionsLang_18-33-04 - [verifyingSettingOptionsLang_18-33-04] Trying to find element: By.xpath: //ytd-topbar-menu-button-renderer[@class='style-scope ytd-masthead style-default']
18:33:36 [TestNG-test-Yt Master Tests-3] INFO  verifyingSettingOptionsLang_18-33-04 - [verifyingSettingOptionsLang_18-33-04] Element found and ready (attempt 1): By.xpath: //ytd-topbar-menu-button-renderer[@class='style-scope ytd-masthead style-default']
18:33:37 [TestNG-test-Yt Master Tests-3] INFO  verifyingSettingOptionsLang_18-33-04 - Clicking language dropdown...
18:33:37 [TestNG-test-Yt Master Tests-3] INFO  verifyingSettingOptionsLang_18-33-04 - [verifyingSettingOptionsLang_18-33-04] Trying to find element: By.xpath: (//div[@id='content-icon'])[2]
18:33:38 [TestNG-test-Yt Master Tests-3] INFO  verifyingSettingOptionsLang_18-33-04 - [verifyingSettingOptionsLang_18-33-04] Element found and ready (attempt 1): By.xpath: (//div[@id='content-icon'])[2]
18:33:38 [TestNG-test-Yt Master Tests-3] INFO  verifyingSettingOptionsLang_18-33-04 - Looking for language element with name: Bosanski
18:33:38 [TestNG-test-Yt Master Tests-3] INFO  verifyingSettingOptionsLang_18-33-04 - [verifyingSettingOptionsLang_18-33-04] Trying to find element: By.xpath: //yt-multi-page-menu-section-renderer[@class='style-scope ytd-multi-page-menu-renderer']//yt-formatted-string[@id='label' and text()='Bosanski']
18:33:39 [TestNG-test-Yt Master Tests-3] INFO  verifyingSettingOptionsLang_18-33-04 - [verifyingSettingOptionsLang_18-33-04] Element found and ready (attempt 1): By.xpath: //yt-multi-page-menu-section-renderer[@class='style-scope ytd-multi-page-menu-renderer']//yt-formatted-string[@id='label' and text()='Bosanski']
18:33:39 [TestNG-test-Yt Master Tests-3] INFO  verifyingSettingOptionsLang_18-33-04 - [verifyingSettingOptionsLang_18-33-04] Trying to find element: By.xpath: //yt-multi-page-menu-section-renderer[@class='style-scope ytd-multi-page-menu-renderer']//yt-formatted-string[@id='label' and text()='Bosanski']
18:33:39 [TestNG-test-Yt Master Tests-3] INFO  verifyingSettingOptionsLang_18-33-04 - [verifyingSettingOptionsLang_18-33-04] Element found and ready (attempt 1): By.xpath: //yt-multi-page-menu-section-renderer[@class='style-scope ytd-multi-page-menu-renderer']//yt-formatted-string[@id='label' and text()='Bosanski']
18:33:41 [TestNG-test-Yt Master Tests-3] INFO  verifyingSettingOptionsLang_18-33-04 - Clicking settings ellipses button...
18:33:41 [TestNG-test-Yt Master Tests-3] INFO  verifyingSettingOptionsLang_18-33-04 - [verifyingSettingOptionsLang_18-33-04] Trying to find element: By.xpath: //ytd-topbar-menu-button-renderer[@class='style-scope ytd-masthead style-default']
18:33:42 [TestNG-test-Yt Master Tests-3] INFO  verifyingSettingOptionsLang_18-33-04 - [verifyingSettingOptionsLang_18-33-04] Element found and ready (attempt 1): By.xpath: //ytd-topbar-menu-button-renderer[@class='style-scope ytd-masthead style-default']
18:33:42 [TestNG-test-Yt Master Tests-3] INFO  verifyingSettingOptionsLang_18-33-04 - [verifyingSettingOptionsLang_18-33-04] Waiting until element is visible in viewport
18:33:43 [TestNG-test-Yt Master Tests-3] INFO  verifyingSettingOptionsLang_18-33-04 - Clicking settings ellipses button...
18:33:43 [TestNG-test-Yt Master Tests-3] INFO  verifyingSettingOptionsLang_18-33-04 - [verifyingSettingOptionsLang_18-33-04] Trying to find element: By.xpath: //ytd-topbar-menu-button-renderer[@class='style-scope ytd-masthead style-default']
18:33:44 [TestNG-test-Yt Master Tests-3] INFO  verifyingSettingOptionsLang_18-33-04 - [verifyingSettingOptionsLang_18-33-04] Element found and ready (attempt 1): By.xpath: //ytd-topbar-menu-button-renderer[@class='style-scope ytd-masthead style-default']
18:33:44 [TestNG-test-Yt Master Tests-3] INFO  verifyingSettingOptionsLang_18-33-04 - Clicking settings ellipses button...
18:33:45 [TestNG-test-Yt Master Tests-3] INFO  verifyingSettingOptionsLang_18-33-04 - [verifyingSettingOptionsLang_18-33-04] Trying to find element: By.xpath: //ytd-topbar-menu-button-renderer[@class='style-scope ytd-masthead style-default']
18:33:45 [TestNG-test-Yt Master Tests-3] INFO  verifyingSettingOptionsLang_18-33-04 - [verifyingSettingOptionsLang_18-33-04] Element found and ready (attempt 1): By.xpath: //ytd-topbar-menu-button-renderer[@class='style-scope ytd-masthead style-default']
18:33:45 [TestNG-test-Yt Master Tests-3] INFO  verifyingSettingOptionsLang_18-33-04 - Getting the setting ellipses options
18:33:45 [TestNG-test-Yt Master Tests-3] INFO  verifyingSettingOptionsLang_18-33-04 - [verifyingSettingOptionsLang_18-33-04] Trying to find element: By.xpath: //ytd-multi-page-menu-renderer
18:33:45 [TestNG-test-Yt Master Tests-3] INFO  verifyingSettingOptionsLang_18-33-04 - [verifyingSettingOptionsLang_18-33-04] Element found and ready (attempt 1): By.xpath: //ytd-multi-page-menu-renderer
18:33:46 [TestNG-test-Yt Master Tests-3] INFO  verifyingSettingOptionsLang_18-33-04 - Clicking settings ellipses button...
18:33:46 [TestNG-test-Yt Master Tests-3] INFO  verifyingSettingOptionsLang_18-33-04 - [verifyingSettingOptionsLang_18-33-04] Trying to find element: By.xpath: //ytd-topbar-menu-button-renderer[@class='style-scope ytd-masthead style-default']
18:33:46 [TestNG-test-Yt Master Tests-3] INFO  verifyingSettingOptionsLang_18-33-04 - [verifyingSettingOptionsLang_18-33-04] Element found and ready (attempt 1): By.xpath: //ytd-topbar-menu-button-renderer[@class='style-scope ytd-masthead style-default']
18:33:46 [TestNG-test-Yt Master Tests-3] INFO  verifyingSettingOptionsLang_18-33-04 - 
========== LANGUAGE DETECTION ==========
Detected Language : BOSNIAN
Input Text        : Vaši podaci na YouTubeu
Izgled: svijetla tema
Jezik prikaza:
bosanski
Ograničeni način rada: isključeno
Lokacija:
Sjedinjene Američke Države
Prečice na tastaturi
Postavke
Pomoć
Pošaljite povratne informacije
========================================
18:33:46 [TestNG-test-Yt Master Tests-3] INFO  verifyingSettingOptionsLang_18-33-04 - getLangAttribute() - locating <html> and reading lang property
18:33:46 [TestNG-test-Yt Master Tests-3] INFO  verifyingSettingOptionsLang_18-33-04 - Language attribute read: bs-Latn-BA
18:33:46 [TestNG-test-Yt Master Tests-3] INFO  verifyingSettingOptionsLang_18-33-04 - Clicking settings ellipses button...
18:33:47 [TestNG-test-Yt Master Tests-3] INFO  verifyingSettingOptionsLang_18-33-04 - [verifyingSettingOptionsLang_18-33-04] Trying to find element: By.xpath: //ytd-topbar-menu-button-renderer[@class='style-scope ytd-masthead style-default']
18:33:47 [TestNG-test-Yt Master Tests-3] INFO  verifyingSettingOptionsLang_18-33-04 - [verifyingSettingOptionsLang_18-33-04] Element found and ready (attempt 1): By.xpath: //ytd-topbar-menu-button-renderer[@class='style-scope ytd-masthead style-default']
18:33:47 [TestNG-test-Yt Master Tests-3] INFO  verifyingSettingOptionsLang_18-33-04 - Clicking language dropdown...
18:33:47 [TestNG-test-Yt Master Tests-3] INFO  verifyingSettingOptionsLang_18-33-04 - [verifyingSettingOptionsLang_18-33-04] Trying to find element: By.xpath: (//div[@id='content-icon'])[2]
18:33:47 [TestNG-test-Yt Master Tests-3] INFO  verifyingSettingOptionsLang_18-33-04 - [verifyingSettingOptionsLang_18-33-04] Element found and ready (attempt 1): By.xpath: (//div[@id='content-icon'])[2]
18:33:48 [TestNG-test-Yt Master Tests-3] INFO  verifyingSettingOptionsLang_18-33-04 - Looking for language element with name: Català
18:33:48 [TestNG-test-Yt Master Tests-3] INFO  verifyingSettingOptionsLang_18-33-04 - [verifyingSettingOptionsLang_18-33-04] Trying to find element: By.xpath: //yt-multi-page-menu-section-renderer[@class='style-scope ytd-multi-page-menu-renderer']//yt-formatted-string[@id='label' and text()='Català']
18:33:48 [TestNG-test-Yt Master Tests-3] INFO  verifyingSettingOptionsLang_18-33-04 - [verifyingSettingOptionsLang_18-33-04] Element found and ready (attempt 1): By.xpath: //yt-multi-page-menu-section-renderer[@class='style-scope ytd-multi-page-menu-renderer']//yt-formatted-string[@id='label' and text()='Català']
18:33:48 [TestNG-test-Yt Master Tests-3] INFO  verifyingSettingOptionsLang_18-33-04 - [verifyingSettingOptionsLang_18-33-04] Trying to find element: By.xpath: //yt-multi-page-menu-section-renderer[@class='style-scope ytd-multi-page-menu-renderer']//yt-formatted-string[@id='label' and text()='Català']
18:33:49 [TestNG-test-Yt Master Tests-3] INFO  verifyingSettingOptionsLang_18-33-04 - [verifyingSettingOptionsLang_18-33-04] Element found and ready (attempt 1): By.xpath: //yt-multi-page-menu-section-renderer[@class='style-scope ytd-multi-page-menu-renderer']//yt-formatted-string[@id='label' and text()='Català']
18:33:50 [TestNG-test-Yt Master Tests-3] INFO  verifyingSettingOptionsLang_18-33-04 - Clicking settings ellipses button...
18:33:51 [TestNG-test-Yt Master Tests-3] INFO  verifyingSettingOptionsLang_18-33-04 - [verifyingSettingOptionsLang_18-33-04] Trying to find element: By.xpath: //ytd-topbar-menu-button-renderer[@class='style-scope ytd-masthead style-default']
18:33:51 [TestNG-test-Yt Master Tests-3] INFO  verifyingSettingOptionsLang_18-33-04 - [verifyingSettingOptionsLang_18-33-04] Element found and ready (attempt 1): By.xpath: //ytd-topbar-menu-button-renderer[@class='style-scope ytd-masthead style-default']
18:33:51 [TestNG-test-Yt Master Tests-3] INFO  verifyingSettingOptionsLang_18-33-04 - [verifyingSettingOptionsLang_18-33-04] Waiting until element is visible in viewport
18:33:52 [TestNG-test-Yt Master Tests-3] INFO  verifyingSettingOptionsLang_18-33-04 - Clicking settings ellipses button...
18:33:52 [TestNG-test-Yt Master Tests-3] INFO  verifyingSettingOptionsLang_18-33-04 - [verifyingSettingOptionsLang_18-33-04] Trying to find element: By.xpath: //ytd-topbar-menu-button-renderer[@class='style-scope ytd-masthead style-default']
18:33:52 [TestNG-test-Yt Master Tests-3] INFO  verifyingSettingOptionsLang_18-33-04 - [verifyingSettingOptionsLang_18-33-04] Element found and ready (attempt 1): By.xpath: //ytd-topbar-menu-button-renderer[@class='style-scope ytd-masthead style-default']
18:33:53 [TestNG-test-Yt Master Tests-3] INFO  verifyingSettingOptionsLang_18-33-04 - Clicking settings ellipses button...
18:33:53 [TestNG-test-Yt Master Tests-3] INFO  verifyingSettingOptionsLang_18-33-04 - [verifyingSettingOptionsLang_18-33-04] Trying to find element: By.xpath: //ytd-topbar-menu-button-renderer[@class='style-scope ytd-masthead style-default']
18:33:53 [TestNG-test-Yt Master Tests-3] INFO  verifyingSettingOptionsLang_18-33-04 - [verifyingSettingOptionsLang_18-33-04] Element found and ready (attempt 1): By.xpath: //ytd-topbar-menu-button-renderer[@class='style-scope ytd-masthead style-default']
18:33:53 [TestNG-test-Yt Master Tests-3] INFO  verifyingSettingOptionsLang_18-33-04 - Getting the setting ellipses options
18:33:53 [TestNG-test-Yt Master Tests-3] INFO  verifyingSettingOptionsLang_18-33-04 - [verifyingSettingOptionsLang_18-33-04] Trying to find element: By.xpath: //ytd-multi-page-menu-renderer
18:33:54 [TestNG-test-Yt Master Tests-3] INFO  verifyingSettingOptionsLang_18-33-04 - [verifyingSettingOptionsLang_18-33-04] Element found and ready (attempt 1): By.xpath: //ytd-multi-page-menu-renderer
18:33:55 [TestNG-test-Yt Master Tests-3] INFO  verifyingSettingOptionsLang_18-33-04 - Clicking settings ellipses button...
18:33:55 [TestNG-test-Yt Master Tests-3] INFO  verifyingSettingOptionsLang_18-33-04 - [verifyingSettingOptionsLang_18-33-04] Trying to find element: By.xpath: //ytd-topbar-menu-button-renderer[@class='style-scope ytd-masthead style-default']
18:33:55 [TestNG-test-Yt Master Tests-3] INFO  verifyingSettingOptionsLang_18-33-04 - [verifyingSettingOptionsLang_18-33-04] Element found and ready (attempt 1): By.xpath: //ytd-topbar-menu-button-renderer[@class='style-scope ytd-masthead style-default']
18:33:56 [TestNG-test-Yt Master Tests-3] INFO  verifyingSettingOptionsLang_18-33-04 - 
========== LANGUAGE DETECTION ==========
Detected Language : CATALAN
Input Text        : Les teves dades a YouTube
Aparença: clar
Idioma de visualització:
català
Mode restringit: desactivat
Ubicació:
Estats Units
Tecles de drecera
Configuració
Ajuda
Envia suggeriments
========================================
18:33:56 [TestNG-test-Yt Master Tests-3] INFO  verifyingSettingOptionsLang_18-33-04 - getLangAttribute() - locating <html> and reading lang property
18:33:56 [TestNG-test-Yt Master Tests-3] INFO  verifyingSettingOptionsLang_18-33-04 - Language attribute read: ca-ES
18:33:56 [TestNG-test-Yt Master Tests-3] INFO  verifyingSettingOptionsLang_18-33-04 - Clicking settings ellipses button...
18:33:56 [TestNG-test-Yt Master Tests-3] INFO  verifyingSettingOptionsLang_18-33-04 - [verifyingSettingOptionsLang_18-33-04] Trying to find element: By.xpath: //ytd-topbar-menu-button-renderer[@class='style-scope ytd-masthead style-default']
18:33:56 [TestNG-test-Yt Master Tests-3] INFO  verifyingSettingOptionsLang_18-33-04 - [verifyingSettingOptionsLang_18-33-04] Element found and ready (attempt 1): By.xpath: //ytd-topbar-menu-button-renderer[@class='style-scope ytd-masthead style-default']
18:33:57 [TestNG-test-Yt Master Tests-3] INFO  verifyingSettingOptionsLang_18-33-04 - Clicking language dropdown...
18:33:57 [TestNG-test-Yt Master Tests-3] INFO  verifyingSettingOptionsLang_18-33-04 - [verifyingSettingOptionsLang_18-33-04] Trying to find element: By.xpath: (//div[@id='content-icon'])[2]
18:33:57 [TestNG-test-Yt Master Tests-3] INFO  verifyingSettingOptionsLang_18-33-04 - [verifyingSettingOptionsLang_18-33-04] Element found and ready (attempt 1): By.xpath: (//div[@id='content-icon'])[2]
18:33:58 [TestNG-test-Yt Master Tests-3] INFO  verifyingSettingOptionsLang_18-33-04 - Looking for language element with name: Dansk
18:33:58 [TestNG-test-Yt Master Tests-3] INFO  verifyingSettingOptionsLang_18-33-04 - [verifyingSettingOptionsLang_18-33-04] Trying to find element: By.xpath: //yt-multi-page-menu-section-renderer[@class='style-scope ytd-multi-page-menu-renderer']//yt-formatted-string[@id='label' and text()='Dansk']
18:33:58 [TestNG-test-Yt Master Tests-3] INFO  verifyingSettingOptionsLang_18-33-04 - [verifyingSettingOptionsLang_18-33-04] Element found and ready (attempt 1): By.xpath: //yt-multi-page-menu-section-renderer[@class='style-scope ytd-multi-page-menu-renderer']//yt-formatted-string[@id='label' and text()='Dansk']
18:33:58 [TestNG-test-Yt Master Tests-3] INFO  verifyingSettingOptionsLang_18-33-04 - [verifyingSettingOptionsLang_18-33-04] Trying to find element: By.xpath: //yt-multi-page-menu-section-renderer[@class='style-scope ytd-multi-page-menu-renderer']//yt-formatted-string[@id='label' and text()='Dansk']
18:33:58 [TestNG-test-Yt Master Tests-3] INFO  verifyingSettingOptionsLang_18-33-04 - [verifyingSettingOptionsLang_18-33-04] Element found and ready (attempt 1): By.xpath: //yt-multi-page-menu-section-renderer[@class='style-scope ytd-multi-page-menu-renderer']//yt-formatted-string[@id='label' and text()='Dansk']
18:34:00 [TestNG-test-Yt Master Tests-3] INFO  verifyingSettingOptionsLang_18-33-04 - Clicking settings ellipses button...
18:34:00 [TestNG-test-Yt Master Tests-3] INFO  verifyingSettingOptionsLang_18-33-04 - [verifyingSettingOptionsLang_18-33-04] Trying to find element: By.xpath: //ytd-topbar-menu-button-renderer[@class='style-scope ytd-masthead style-default']
18:34:00 [TestNG-test-Yt Master Tests-3] INFO  verifyingSettingOptionsLang_18-33-04 - [verifyingSettingOptionsLang_18-33-04] Element found and ready (attempt 1): By.xpath: //ytd-topbar-menu-button-renderer[@class='style-scope ytd-masthead style-default']
18:34:01 [TestNG-test-Yt Master Tests-3] INFO  verifyingSettingOptionsLang_18-33-04 - [verifyingSettingOptionsLang_18-33-04] Waiting until element is visible in viewport
18:34:01 [TestNG-test-Yt Master Tests-3] INFO  verifyingSettingOptionsLang_18-33-04 - Clicking settings ellipses button...
18:34:02 [TestNG-test-Yt Master Tests-3] INFO  verifyingSettingOptionsLang_18-33-04 - [verifyingSettingOptionsLang_18-33-04] Trying to find element: By.xpath: //ytd-topbar-menu-button-renderer[@class='style-scope ytd-masthead style-default']
18:34:02 [TestNG-test-Yt Master Tests-3] INFO  verifyingSettingOptionsLang_18-33-04 - [verifyingSettingOptionsLang_18-33-04] Element found and ready (attempt 1): By.xpath: //ytd-topbar-menu-button-renderer[@class='style-scope ytd-masthead style-default']
18:34:02 [TestNG-test-Yt Master Tests-3] INFO  verifyingSettingOptionsLang_18-33-04 - Clicking settings ellipses button...
18:34:03 [TestNG-test-Yt Master Tests-3] INFO  verifyingSettingOptionsLang_18-33-04 - [verifyingSettingOptionsLang_18-33-04] Trying to find element: By.xpath: //ytd-topbar-menu-button-renderer[@class='style-scope ytd-masthead style-default']
18:34:03 [TestNG-test-Yt Master Tests-3] INFO  verifyingSettingOptionsLang_18-33-04 - [verifyingSettingOptionsLang_18-33-04] Element found and ready (attempt 1): By.xpath: //ytd-topbar-menu-button-renderer[@class='style-scope ytd-masthead style-default']
18:34:03 [TestNG-test-Yt Master Tests-3] INFO  verifyingSettingOptionsLang_18-33-04 - Getting the setting ellipses options
18:34:03 [TestNG-test-Yt Master Tests-3] INFO  verifyingSettingOptionsLang_18-33-04 - [verifyingSettingOptionsLang_18-33-04] Trying to find element: By.xpath: //ytd-multi-page-menu-renderer
18:34:03 [TestNG-test-Yt Master Tests-3] INFO  verifyingSettingOptionsLang_18-33-04 - [verifyingSettingOptionsLang_18-33-04] Element found and ready (attempt 1): By.xpath: //ytd-multi-page-menu-renderer
18:34:04 [TestNG-test-Yt Master Tests-3] INFO  verifyingSettingOptionsLang_18-33-04 - Clicking settings ellipses button...
18:34:04 [TestNG-test-Yt Master Tests-3] INFO  verifyingSettingOptionsLang_18-33-04 - [verifyingSettingOptionsLang_18-33-04] Trying to find element: By.xpath: //ytd-topbar-menu-button-renderer[@class='style-scope ytd-masthead style-default']
18:34:04 [TestNG-test-Yt Master Tests-3] INFO  verifyingSettingOptionsLang_18-33-04 - [verifyingSettingOptionsLang_18-33-04] Element found and ready (attempt 1): By.xpath: //ytd-topbar-menu-button-renderer[@class='style-scope ytd-masthead style-default']
18:34:04 [TestNG-test-Yt Master Tests-3] INFO  verifyingSettingOptionsLang_18-33-04 - 
========== LANGUAGE DETECTION ==========
Detected Language : DANISH
Input Text        : Dine data på YouTube
Udseende: Lyst
Visningssprog:
dansk
Begrænset tilstand: Fra
Lokation:
USA
Tastaturgenveje
Indstillinger
Hjælp
Send feedback
========================================
18:34:04 [TestNG-test-Yt Master Tests-3] INFO  verifyingSettingOptionsLang_18-33-04 - getLangAttribute() - locating <html> and reading lang property
18:34:04 [TestNG-test-Yt Master Tests-3] INFO  verifyingSettingOptionsLang_18-33-04 - Language attribute read: da-DK
18:34:04 [TestNG-test-Yt Master Tests-3] INFO  verifyingSettingOptionsLang_18-33-04 - Clicking settings ellipses button...
18:34:04 [TestNG-test-Yt Master Tests-3] INFO  verifyingSettingOptionsLang_18-33-04 - [verifyingSettingOptionsLang_18-33-04] Trying to find element: By.xpath: //ytd-topbar-menu-button-renderer[@class='style-scope ytd-masthead style-default']
18:34:04 [TestNG-test-Yt Master Tests-3] INFO  verifyingSettingOptionsLang_18-33-04 - [verifyingSettingOptionsLang_18-33-04] Element found and ready (attempt 1): By.xpath: //ytd-topbar-menu-button-renderer[@class='style-scope ytd-masthead style-default']
18:34:04 [TestNG-test-Yt Master Tests-3] INFO  verifyingSettingOptionsLang_18-33-04 - Clicking language dropdown...
18:34:04 [TestNG-test-Yt Master Tests-3] INFO  verifyingSettingOptionsLang_18-33-04 - [verifyingSettingOptionsLang_18-33-04] Trying to find element: By.xpath: (//div[@id='content-icon'])[2]
18:34:05 [TestNG-test-Yt Master Tests-3] INFO  verifyingSettingOptionsLang_18-33-04 - [verifyingSettingOptionsLang_18-33-04] Element found and ready (attempt 1): By.xpath: (//div[@id='content-icon'])[2]
18:34:06 [TestNG-test-Yt Master Tests-3] INFO  verifyingSettingOptionsLang_18-33-04 - Looking for language element with name: Deutsch
18:34:06 [TestNG-test-Yt Master Tests-3] INFO  verifyingSettingOptionsLang_18-33-04 - [verifyingSettingOptionsLang_18-33-04] Trying to find element: By.xpath: //yt-multi-page-menu-section-renderer[@class='style-scope ytd-multi-page-menu-renderer']//yt-formatted-string[@id='label' and text()='Deutsch']
18:34:06 [TestNG-test-Yt Master Tests-3] INFO  verifyingSettingOptionsLang_18-33-04 - [verifyingSettingOptionsLang_18-33-04] Element found and ready (attempt 1): By.xpath: //yt-multi-page-menu-section-renderer[@class='style-scope ytd-multi-page-menu-renderer']//yt-formatted-string[@id='label' and text()='Deutsch']
18:34:06 [TestNG-test-Yt Master Tests-3] INFO  verifyingSettingOptionsLang_18-33-04 - [verifyingSettingOptionsLang_18-33-04] Trying to find element: By.xpath: //yt-multi-page-menu-section-renderer[@class='style-scope ytd-multi-page-menu-renderer']//yt-formatted-string[@id='label' and text()='Deutsch']
18:34:06 [TestNG-test-Yt Master Tests-3] INFO  verifyingSettingOptionsLang_18-33-04 - [verifyingSettingOptionsLang_18-33-04] Element found and ready (attempt 1): By.xpath: //yt-multi-page-menu-section-renderer[@class='style-scope ytd-multi-page-menu-renderer']//yt-formatted-string[@id='label' and text()='Deutsch']
18:34:08 [TestNG-test-Yt Master Tests-3] INFO  verifyingSettingOptionsLang_18-33-04 - Clicking settings ellipses button...
18:34:09 [TestNG-test-Yt Master Tests-3] INFO  verifyingSettingOptionsLang_18-33-04 - [verifyingSettingOptionsLang_18-33-04] Trying to find element: By.xpath: //ytd-topbar-menu-button-renderer[@class='style-scope ytd-masthead style-default']
18:34:09 [TestNG-test-Yt Master Tests-3] INFO  verifyingSettingOptionsLang_18-33-04 - [verifyingSettingOptionsLang_18-33-04] Element found and ready (attempt 1): By.xpath: //ytd-topbar-menu-button-renderer[@class='style-scope ytd-masthead style-default']
18:34:09 [TestNG-test-Yt Master Tests-3] INFO  verifyingSettingOptionsLang_18-33-04 - [verifyingSettingOptionsLang_18-33-04] Waiting until element is visible in viewport
18:34:10 [TestNG-test-Yt Master Tests-3] INFO  verifyingSettingOptionsLang_18-33-04 - Clicking settings ellipses button...
18:34:10 [TestNG-test-Yt Master Tests-3] INFO  verifyingSettingOptionsLang_18-33-04 - [verifyingSettingOptionsLang_18-33-04] Trying to find element: By.xpath: //ytd-topbar-menu-button-renderer[@class='style-scope ytd-masthead style-default']
18:34:11 [TestNG-test-Yt Master Tests-3] INFO  verifyingSettingOptionsLang_18-33-04 - [verifyingSettingOptionsLang_18-33-04] Element found and ready (attempt 1): By.xpath: //ytd-topbar-menu-button-renderer[@class='style-scope ytd-masthead style-default']
18:34:11 [TestNG-test-Yt Master Tests-3] INFO  verifyingSettingOptionsLang_18-33-04 - Clicking settings ellipses button...
18:34:11 [TestNG-test-Yt Master Tests-3] INFO  verifyingSettingOptionsLang_18-33-04 - [verifyingSettingOptionsLang_18-33-04] Trying to find element: By.xpath: //ytd-topbar-menu-button-renderer[@class='style-scope ytd-masthead style-default']
18:34:11 [TestNG-test-Yt Master Tests-3] INFO  verifyingSettingOptionsLang_18-33-04 - [verifyingSettingOptionsLang_18-33-04] Element found and ready (attempt 1): By.xpath: //ytd-topbar-menu-button-renderer[@class='style-scope ytd-masthead style-default']
18:34:11 [TestNG-test-Yt Master Tests-3] INFO  verifyingSettingOptionsLang_18-33-04 - Getting the setting ellipses options
18:34:11 [TestNG-test-Yt Master Tests-3] INFO  verifyingSettingOptionsLang_18-33-04 - [verifyingSettingOptionsLang_18-33-04] Trying to find element: By.xpath: //ytd-multi-page-menu-renderer
18:34:11 [TestNG-test-Yt Master Tests-3] INFO  verifyingSettingOptionsLang_18-33-04 - [verifyingSettingOptionsLang_18-33-04] Element found and ready (attempt 1): By.xpath: //ytd-multi-page-menu-renderer
18:34:11 [TestNG-test-Yt Master Tests-3] INFO  verifyingSettingOptionsLang_18-33-04 - Clicking settings ellipses button...
18:34:11 [TestNG-test-Yt Master Tests-3] INFO  verifyingSettingOptionsLang_18-33-04 - [verifyingSettingOptionsLang_18-33-04] Trying to find element: By.xpath: //ytd-topbar-menu-button-renderer[@class='style-scope ytd-masthead style-default']
18:34:11 [TestNG-test-Yt Master Tests-3] INFO  verifyingSettingOptionsLang_18-33-04 - [verifyingSettingOptionsLang_18-33-04] Element found and ready (attempt 1): By.xpath: //ytd-topbar-menu-button-renderer[@class='style-scope ytd-masthead style-default']
18:34:12 [TestNG-test-Yt Master Tests-3] INFO  verifyingSettingOptionsLang_18-33-04 - 
========== LANGUAGE DETECTION ==========
Detected Language : GERMAN
Input Text        : Meine Daten auf YouTube
Darstellung: Hell
Anzeigesprache:
Deutsch
Eingeschränkter Modus: Deaktiviert
Ort:
USA
Tastenkombinationen
Einstellungen
Hilfe
Feedback senden
========================================
18:34:12 [TestNG-test-Yt Master Tests-3] INFO  verifyingSettingOptionsLang_18-33-04 - getLangAttribute() - locating <html> and reading lang property
18:34:12 [TestNG-test-Yt Master Tests-3] INFO  verifyingSettingOptionsLang_18-33-04 - Language attribute read: de-DE
18:34:12 [TestNG-test-Yt Master Tests-3] INFO  verifyingSettingOptionsLang_18-33-04 - Clicking settings ellipses button...
18:34:12 [TestNG-test-Yt Master Tests-3] INFO  verifyingSettingOptionsLang_18-33-04 - [verifyingSettingOptionsLang_18-33-04] Trying to find element: By.xpath: //ytd-topbar-menu-button-renderer[@class='style-scope ytd-masthead style-default']
18:34:12 [TestNG-test-Yt Master Tests-3] INFO  verifyingSettingOptionsLang_18-33-04 - [verifyingSettingOptionsLang_18-33-04] Element found and ready (attempt 1): By.xpath: //ytd-topbar-menu-button-renderer[@class='style-scope ytd-masthead style-default']
18:34:12 [TestNG-test-Yt Master Tests-3] INFO  verifyingSettingOptionsLang_18-33-04 - Clicking language dropdown...
18:34:12 [TestNG-test-Yt Master Tests-3] INFO  verifyingSettingOptionsLang_18-33-04 - [verifyingSettingOptionsLang_18-33-04] Trying to find element: By.xpath: (//div[@id='content-icon'])[2]
18:34:13 [TestNG-test-Yt Master Tests-3] INFO  verifyingSettingOptionsLang_18-33-04 - [verifyingSettingOptionsLang_18-33-04] Element found and ready (attempt 1): By.xpath: (//div[@id='content-icon'])[2]
18:34:13 [TestNG-test-Yt Master Tests-3] INFO  verifyingSettingOptionsLang_18-33-04 - Looking for language element with name: Eesti
18:34:13 [TestNG-test-Yt Master Tests-3] INFO  verifyingSettingOptionsLang_18-33-04 - [verifyingSettingOptionsLang_18-33-04] Trying to find element: By.xpath: //yt-multi-page-menu-section-renderer[@class='style-scope ytd-multi-page-menu-renderer']//yt-formatted-string[@id='label' and text()='Eesti']
18:34:13 [TestNG-test-Yt Master Tests-3] INFO  verifyingSettingOptionsLang_18-33-04 - [verifyingSettingOptionsLang_18-33-04] Element found and ready (attempt 1): By.xpath: //yt-multi-page-menu-section-renderer[@class='style-scope ytd-multi-page-menu-renderer']//yt-formatted-string[@id='label' and text()='Eesti']
18:34:13 [TestNG-test-Yt Master Tests-3] INFO  verifyingSettingOptionsLang_18-33-04 - [verifyingSettingOptionsLang_18-33-04] Trying to find element: By.xpath: //yt-multi-page-menu-section-renderer[@class='style-scope ytd-multi-page-menu-renderer']//yt-formatted-string[@id='label' and text()='Eesti']
18:34:13 [TestNG-test-Yt Master Tests-3] INFO  verifyingSettingOptionsLang_18-33-04 - [verifyingSettingOptionsLang_18-33-04] Element found and ready (attempt 1): By.xpath: //yt-multi-page-menu-section-renderer[@class='style-scope ytd-multi-page-menu-renderer']//yt-formatted-string[@id='label' and text()='Eesti']
18:34:16 [TestNG-test-Yt Master Tests-3] INFO  verifyingSettingOptionsLang_18-33-04 - Clicking settings ellipses button...
18:34:16 [TestNG-test-Yt Master Tests-3] INFO  verifyingSettingOptionsLang_18-33-04 - [verifyingSettingOptionsLang_18-33-04] Trying to find element: By.xpath: //ytd-topbar-menu-button-renderer[@class='style-scope ytd-masthead style-default']
18:34:16 [TestNG-test-Yt Master Tests-3] INFO  verifyingSettingOptionsLang_18-33-04 - [verifyingSettingOptionsLang_18-33-04] Element found and ready (attempt 1): By.xpath: //ytd-topbar-menu-button-renderer[@class='style-scope ytd-masthead style-default']
18:34:17 [TestNG-test-Yt Master Tests-3] INFO  verifyingSettingOptionsLang_18-33-04 - [verifyingSettingOptionsLang_18-33-04] Waiting until element is visible in viewport
18:34:18 [TestNG-test-Yt Master Tests-3] INFO  verifyingSettingOptionsLang_18-33-04 - Clicking settings ellipses button...
18:34:18 [TestNG-test-Yt Master Tests-3] INFO  verifyingSettingOptionsLang_18-33-04 - [verifyingSettingOptionsLang_18-33-04] Trying to find element: By.xpath: //ytd-topbar-menu-button-renderer[@class='style-scope ytd-masthead style-default']
18:34:18 [TestNG-test-Yt Master Tests-3] INFO  verifyingSettingOptionsLang_18-33-04 - [verifyingSettingOptionsLang_18-33-04] Element found and ready (attempt 1): By.xpath: //ytd-topbar-menu-button-renderer[@class='style-scope ytd-masthead style-default']
18:34:18 [TestNG-test-Yt Master Tests-3] INFO  verifyingSettingOptionsLang_18-33-04 - Clicking settings ellipses button...
18:34:18 [TestNG-test-Yt Master Tests-3] INFO  verifyingSettingOptionsLang_18-33-04 - [verifyingSettingOptionsLang_18-33-04] Trying to find element: By.xpath: //ytd-topbar-menu-button-renderer[@class='style-scope ytd-masthead style-default']
18:34:18 [TestNG-test-Yt Master Tests-3] INFO  verifyingSettingOptionsLang_18-33-04 - [verifyingSettingOptionsLang_18-33-04] Element found and ready (attempt 1): By.xpath: //ytd-topbar-menu-button-renderer[@class='style-scope ytd-masthead style-default']
18:34:19 [TestNG-test-Yt Master Tests-3] INFO  verifyingSettingOptionsLang_18-33-04 - Getting the setting ellipses options
18:34:19 [TestNG-test-Yt Master Tests-3] INFO  verifyingSettingOptionsLang_18-33-04 - [verifyingSettingOptionsLang_18-33-04] Trying to find element: By.xpath: //ytd-multi-page-menu-renderer
18:34:19 [TestNG-test-Yt Master Tests-3] INFO  verifyingSettingOptionsLang_18-33-04 - [verifyingSettingOptionsLang_18-33-04] Element found and ready (attempt 1): By.xpath: //ytd-multi-page-menu-renderer
18:34:19 [TestNG-test-Yt Master Tests-3] INFO  verifyingSettingOptionsLang_18-33-04 - Clicking settings ellipses button...
18:34:19 [TestNG-test-Yt Master Tests-3] INFO  verifyingSettingOptionsLang_18-33-04 - [verifyingSettingOptionsLang_18-33-04] Trying to find element: By.xpath: //ytd-topbar-menu-button-renderer[@class='style-scope ytd-masthead style-default']
18:34:19 [TestNG-test-Yt Master Tests-3] INFO  verifyingSettingOptionsLang_18-33-04 - [verifyingSettingOptionsLang_18-33-04] Element found and ready (attempt 1): By.xpath: //ytd-topbar-menu-button-renderer[@class='style-scope ytd-masthead style-default']
18:34:19 [TestNG-test-Yt Master Tests-3] INFO  verifyingSettingOptionsLang_18-33-04 - 
========== LANGUAGE DETECTION ==========
Detected Language : ESTONIAN
Input Text        : Teie andmed YouTube'is
Välimus: hele
Kuvamiskeel:
eesti
Piiratud režiim: väljas
Asukoht:
Ameerika Ühendriigid
Klaviatuuri otseteed
Seaded
Abi
Tagasiside saatmine
========================================
18:34:19 [TestNG-test-Yt Master Tests-3] INFO  verifyingSettingOptionsLang_18-33-04 - getLangAttribute() - locating <html> and reading lang property
18:34:20 [TestNG-test-Yt Master Tests-3] INFO  verifyingSettingOptionsLang_18-33-04 - Language attribute read: et-EE
18:34:20 [TestNG-test-Yt Master Tests-3] INFO  verifyingSettingOptionsLang_18-33-04 - Clicking settings ellipses button...
18:34:20 [TestNG-test-Yt Master Tests-3] INFO  verifyingSettingOptionsLang_18-33-04 - [verifyingSettingOptionsLang_18-33-04] Trying to find element: By.xpath: //ytd-topbar-menu-button-renderer[@class='style-scope ytd-masthead style-default']
18:34:20 [TestNG-test-Yt Master Tests-3] INFO  verifyingSettingOptionsLang_18-33-04 - [verifyingSettingOptionsLang_18-33-04] Element found and ready (attempt 1): By.xpath: //ytd-topbar-menu-button-renderer[@class='style-scope ytd-masthead style-default']
18:34:20 [TestNG-test-Yt Master Tests-3] INFO  verifyingSettingOptionsLang_18-33-04 - Clicking language dropdown...
18:34:20 [TestNG-test-Yt Master Tests-3] INFO  verifyingSettingOptionsLang_18-33-04 - [verifyingSettingOptionsLang_18-33-04] Trying to find element: By.xpath: (//div[@id='content-icon'])[2]
18:34:21 [TestNG-test-Yt Master Tests-3] INFO  verifyingSettingOptionsLang_18-33-04 - [verifyingSettingOptionsLang_18-33-04] Element found and ready (attempt 1): By.xpath: (//div[@id='content-icon'])[2]
18:34:22 [TestNG-test-Yt Master Tests-3] INFO  verifyingSettingOptionsLang_18-33-04 - Looking for language element with name: English (India)
18:34:22 [TestNG-test-Yt Master Tests-3] INFO  verifyingSettingOptionsLang_18-33-04 - [verifyingSettingOptionsLang_18-33-04] Trying to find element: By.xpath: //yt-multi-page-menu-section-renderer[@class='style-scope ytd-multi-page-menu-renderer']//yt-formatted-string[@id='label' and text()='English (India)']
18:34:22 [TestNG-test-Yt Master Tests-3] INFO  verifyingSettingOptionsLang_18-33-04 - [verifyingSettingOptionsLang_18-33-04] Element found and ready (attempt 1): By.xpath: //yt-multi-page-menu-section-renderer[@class='style-scope ytd-multi-page-menu-renderer']//yt-formatted-string[@id='label' and text()='English (India)']
18:34:22 [TestNG-test-Yt Master Tests-3] INFO  verifyingSettingOptionsLang_18-33-04 - [verifyingSettingOptionsLang_18-33-04] Trying to find element: By.xpath: //yt-multi-page-menu-section-renderer[@class='style-scope ytd-multi-page-menu-renderer']//yt-formatted-string[@id='label' and text()='English (India)']
18:34:22 [TestNG-test-Yt Master Tests-3] INFO  verifyingSettingOptionsLang_18-33-04 - [verifyingSettingOptionsLang_18-33-04] Element found and ready (attempt 1): By.xpath: //yt-multi-page-menu-section-renderer[@class='style-scope ytd-multi-page-menu-renderer']//yt-formatted-string[@id='label' and text()='English (India)']
18:34:24 [TestNG-test-Yt Master Tests-3] INFO  verifyingSettingOptionsLang_18-33-04 - Clicking settings ellipses button...
18:34:25 [TestNG-test-Yt Master Tests-3] INFO  verifyingSettingOptionsLang_18-33-04 - [verifyingSettingOptionsLang_18-33-04] Trying to find element: By.xpath: //ytd-topbar-menu-button-renderer[@class='style-scope ytd-masthead style-default']
18:34:25 [TestNG-test-Yt Master Tests-3] INFO  verifyingSettingOptionsLang_18-33-04 - [verifyingSettingOptionsLang_18-33-04] Element found and ready (attempt 1): By.xpath: //ytd-topbar-menu-button-renderer[@class='style-scope ytd-masthead style-default']
18:34:25 [TestNG-test-Yt Master Tests-3] INFO  verifyingSettingOptionsLang_18-33-04 - [verifyingSettingOptionsLang_18-33-04] Waiting until element is visible in viewport
18:34:26 [TestNG-test-Yt Master Tests-3] INFO  verifyingSettingOptionsLang_18-33-04 - Clicking settings ellipses button...
18:34:26 [TestNG-test-Yt Master Tests-3] INFO  verifyingSettingOptionsLang_18-33-04 - [verifyingSettingOptionsLang_18-33-04] Trying to find element: By.xpath: //ytd-topbar-menu-button-renderer[@class='style-scope ytd-masthead style-default']
18:34:26 [TestNG-test-Yt Master Tests-3] INFO  verifyingSettingOptionsLang_18-33-04 - [verifyingSettingOptionsLang_18-33-04] Element found and ready (attempt 1): By.xpath: //ytd-topbar-menu-button-renderer[@class='style-scope ytd-masthead style-default']
18:34:26 [TestNG-test-Yt Master Tests-3] INFO  verifyingSettingOptionsLang_18-33-04 - Clicking settings ellipses button...
18:34:26 [TestNG-test-Yt Master Tests-3] INFO  verifyingSettingOptionsLang_18-33-04 - [verifyingSettingOptionsLang_18-33-04] Trying to find element: By.xpath: //ytd-topbar-menu-button-renderer[@class='style-scope ytd-masthead style-default']
18:34:26 [TestNG-test-Yt Master Tests-3] INFO  verifyingSettingOptionsLang_18-33-04 - [verifyingSettingOptionsLang_18-33-04] Element found and ready (attempt 1): By.xpath: //ytd-topbar-menu-button-renderer[@class='style-scope ytd-masthead style-default']
18:34:26 [TestNG-test-Yt Master Tests-3] INFO  verifyingSettingOptionsLang_18-33-04 - Getting the setting ellipses options
18:34:26 [TestNG-test-Yt Master Tests-3] INFO  verifyingSettingOptionsLang_18-33-04 - [verifyingSettingOptionsLang_18-33-04] Trying to find element: By.xpath: //ytd-multi-page-menu-renderer
18:34:27 [TestNG-test-Yt Master Tests-3] INFO  verifyingSettingOptionsLang_18-33-04 - [verifyingSettingOptionsLang_18-33-04] Element found and ready (attempt 1): By.xpath: //ytd-multi-page-menu-renderer
18:34:27 [TestNG-test-Yt Master Tests-3] INFO  verifyingSettingOptionsLang_18-33-04 - Clicking settings ellipses button...
18:34:27 [TestNG-test-Yt Master Tests-3] INFO  verifyingSettingOptionsLang_18-33-04 - [verifyingSettingOptionsLang_18-33-04] Trying to find element: By.xpath: //ytd-topbar-menu-button-renderer[@class='style-scope ytd-masthead style-default']
18:34:27 [TestNG-test-Yt Master Tests-3] INFO  verifyingSettingOptionsLang_18-33-04 - [verifyingSettingOptionsLang_18-33-04] Element found and ready (attempt 1): By.xpath: //ytd-topbar-menu-button-renderer[@class='style-scope ytd-masthead style-default']
18:34:27 [TestNG-test-Yt Master Tests-3] INFO  verifyingSettingOptionsLang_18-33-04 - 
========== LANGUAGE DETECTION ==========
Detected Language : ENGLISH
Input Text        : Your data in YouTube
Appearance: Light
Display language:
English (India)
Restricted Mode: Off
Location:
United States
Keyboard shortcuts
Settings
Help
Send feedback
========================================
18:34:27 [TestNG-test-Yt Master Tests-3] INFO  verifyingSettingOptionsLang_18-33-04 - getLangAttribute() - locating <html> and reading lang property
18:34:28 [TestNG-test-Yt Master Tests-3] INFO  verifyingSettingOptionsLang_18-33-04 - Language attribute read: en-IN
18:34:28 [TestNG-test-Yt Master Tests-3] INFO  verifyingSettingOptionsLang_18-33-04 - Clicking settings ellipses button...
18:34:28 [TestNG-test-Yt Master Tests-3] INFO  verifyingSettingOptionsLang_18-33-04 - [verifyingSettingOptionsLang_18-33-04] Trying to find element: By.xpath: //ytd-topbar-menu-button-renderer[@class='style-scope ytd-masthead style-default']
18:34:29 [TestNG-test-Yt Master Tests-3] INFO  verifyingSettingOptionsLang_18-33-04 - [verifyingSettingOptionsLang_18-33-04] Element found and ready (attempt 1): By.xpath: //ytd-topbar-menu-button-renderer[@class='style-scope ytd-masthead style-default']
18:34:29 [TestNG-test-Yt Master Tests-3] INFO  verifyingSettingOptionsLang_18-33-04 - Clicking language dropdown...
18:34:29 [TestNG-test-Yt Master Tests-3] INFO  verifyingSettingOptionsLang_18-33-04 - [verifyingSettingOptionsLang_18-33-04] Trying to find element: By.xpath: (//div[@id='content-icon'])[2]
18:34:30 [TestNG-test-Yt Master Tests-3] INFO  verifyingSettingOptionsLang_18-33-04 - [verifyingSettingOptionsLang_18-33-04] Element found and ready (attempt 1): By.xpath: (//div[@id='content-icon'])[2]
18:34:31 [TestNG-test-Yt Master Tests-3] INFO  verifyingSettingOptionsLang_18-33-04 - [verifyingSettingOptionsLang_18-33-04] Not retrying test 'verifyingSettingOptionsLang'. Retry count: 0, Cause: The following asserts failed:
	Language detection mismatch for language=Bosanski expected [CROATIAN] but found [BOSNIAN]
