2026-03-02 13:56:34.649 [TestNG-test-Yt Master Tests-1] INFO  [verifyingGlobalFilterLandingPageLingua] ===== STARTING TEST: verifyingGlobalFilterLandingPageLingua  | Thread: 34 =====
2026-03-02 13:56:34.655 [TestNG-test-Yt Master Tests-1] INFO  [verifyingGlobalFilterLandingPageLingua] No existing WebDriver found for current thread. Initializing a new ChromeDriver...
2026-03-02 13:56:34.905 [TestNG-test-Yt Master Tests-1] INFO  [verifyingGlobalFilterLandingPageLingua] WebDriverManager: chromedriver setup OK
2026-03-02 13:56:36.924 [TestNG-test-Yt Master Tests-1] INFO  [verifyingGlobalFilterLandingPageLingua] ChromeDriver initialized successfully for thread: 34
2026-03-02 13:56:36.924 [TestNG-test-Yt Master Tests-1] INFO  [verifyingGlobalFilterLandingPageLingua] Driver initialized successfully for test: verifyingGlobalFilterLandingPageLingua
2026-03-02 13:56:36.925 [TestNG-test-Yt Master Tests-1] INFO  [verifyingGlobalFilterLandingPageLingua] SafeActions initialized with driver ChromeDriver: chrome on windows (9ee10afe3af17fbe5b6c1ba570bff40f)
2026-03-02 13:56:36.926 [TestNG-test-Yt Master Tests-1] INFO  [verifyingGlobalFilterLandingPageLingua] SafeActions initialized with driver ChromeDriver: chrome on windows (9ee10afe3af17fbe5b6c1ba570bff40f)
2026-03-02 13:56:36.926 [TestNG-test-Yt Master Tests-1] INFO  [verifyingGlobalFilterLandingPageLingua] Initialized YtLandingPage with driver: ChromeDriver: chrome on windows (9ee10afe3af17fbe5b6c1ba570bff40f)
2026-03-02 13:56:41.609 [TestNG-test-Yt Master Tests-1] INFO  [verifyingGlobalFilterLandingPageLingua] Opened YouTube landing page.
2026-03-02 13:56:41.609 [TestNG-test-Yt Master Tests-1] INFO  [verifyingGlobalFilterLandingPageLingua] Giving input into the search bar with input as  = youtube
2026-03-02 13:56:41.609 [TestNG-test-Yt Master Tests-1] INFO  [verifyingGlobalFilterLandingPageLingua] [verifyingGlobalFilterLandingPageLingua] Trying to click element: By.xpath: //input[@class='ytSearchboxComponentInput yt-searchbox-input title']
2026-03-02 13:56:42.133 [TestNG-test-Yt Master Tests-1] INFO  [verifyingGlobalFilterLandingPageLingua] [verifyingGlobalFilterLandingPageLingua] Clicked successfully (attempt 1): By.xpath: //input[@class='ytSearchboxComponentInput yt-searchbox-input title']
2026-03-02 13:56:42.134 [TestNG-test-Yt Master Tests-1] INFO  [verifyingGlobalFilterLandingPageLingua] [verifyingGlobalFilterLandingPageLingua] Trying to find element: By.xpath: //input[@class='ytSearchboxComponentInput yt-searchbox-input title']
2026-03-02 13:56:42.454 [TestNG-test-Yt Master Tests-1] INFO  [verifyingGlobalFilterLandingPageLingua] [verifyingGlobalFilterLandingPageLingua] Element found and ready (attempt 1): By.xpath: //input[@class='ytSearchboxComponentInput yt-searchbox-input title']
2026-03-02 13:56:42.554 [TestNG-test-Yt Master Tests-1] INFO  [verifyingGlobalFilterLandingPageLingua] clickEnter(By.xpath: //input[@class='ytSearchboxComponentInput yt-searchbox-input title'])
2026-03-02 13:56:42.557 [TestNG-test-Yt Master Tests-1] INFO  [verifyingGlobalFilterLandingPageLingua] [verifyingGlobalFilterLandingPageLingua] Trying to find element: By.xpath: //input[@class='ytSearchboxComponentInput yt-searchbox-input title']
2026-03-02 13:56:43.223 [TestNG-test-Yt Master Tests-1] INFO  [verifyingGlobalFilterLandingPageLingua] [verifyingGlobalFilterLandingPageLingua] Element found and ready (attempt 1): By.xpath: //input[@class='ytSearchboxComponentInput yt-searchbox-input title']
2026-03-02 13:56:43.356 [TestNG-test-Yt Master Tests-1] INFO  [verifyingGlobalFilterLandingPageLingua] Sent ENTER to By.xpath: //input[@class='ytSearchboxComponentInput yt-searchbox-input title']
2026-03-02 13:56:43.356 [TestNG-test-Yt Master Tests-1] INFO  [verifyingGlobalFilterLandingPageLingua] [verifyingGlobalFilterLandingPageLingua] Execution is Not CRON Job Hence refering to normal keys from UtilData
2026-03-02 13:56:43.356 [TestNG-test-Yt Master Tests-1] INFO  [verifyingGlobalFilterLandingPageLingua] Clicking settings ellipses button...
2026-03-02 13:56:43.356 [TestNG-test-Yt Master Tests-1] INFO  [verifyingGlobalFilterLandingPageLingua] [verifyingGlobalFilterLandingPageLingua] Trying to find element: By.xpath: //ytd-topbar-menu-button-renderer[@class='style-scope ytd-masthead style-default']
2026-03-02 13:56:43.676 [TestNG-test-Yt Master Tests-1] INFO  [verifyingGlobalFilterLandingPageLingua] [verifyingGlobalFilterLandingPageLingua] Element found and ready (attempt 1): By.xpath: //ytd-topbar-menu-button-renderer[@class='style-scope ytd-masthead style-default']
2026-03-02 13:56:44.145 [TestNG-test-Yt Master Tests-1] INFO  [verifyingGlobalFilterLandingPageLingua] Clicking language dropdown...
2026-03-02 13:56:44.145 [TestNG-test-Yt Master Tests-1] INFO  [verifyingGlobalFilterLandingPageLingua] [verifyingGlobalFilterLandingPageLingua] Trying to find element: By.xpath: (//div[@id='content-icon'])[2]
2026-03-02 13:56:44.289 [TestNG-test-Yt Master Tests-1] INFO  [verifyingGlobalFilterLandingPageLingua] [verifyingGlobalFilterLandingPageLingua] Element found and ready (attempt 1): By.xpath: (//div[@id='content-icon'])[2]
2026-03-02 13:56:45.714 [TestNG-test-Yt Master Tests-1] INFO  [verifyingGlobalFilterLandingPageLingua] Looking for language element with name: Afrikaans
2026-03-02 13:56:45.714 [TestNG-test-Yt Master Tests-1] INFO  [verifyingGlobalFilterLandingPageLingua] [verifyingGlobalFilterLandingPageLingua] Trying to find element: By.xpath: //yt-multi-page-menu-section-renderer[@class='style-scope ytd-multi-page-menu-renderer']//yt-formatted-string[@id='label' and text()='Afrikaans']
2026-03-02 13:56:47.630 [TestNG-test-Yt Master Tests-1] INFO  [verifyingGlobalFilterLandingPageLingua] [verifyingGlobalFilterLandingPageLingua] Element found and ready (attempt 1): By.xpath: //yt-multi-page-menu-section-renderer[@class='style-scope ytd-multi-page-menu-renderer']//yt-formatted-string[@id='label' and text()='Afrikaans']
2026-03-02 13:56:47.630 [TestNG-test-Yt Master Tests-1] INFO  [verifyingGlobalFilterLandingPageLingua] [verifyingGlobalFilterLandingPageLingua] Trying to find element: By.xpath: //yt-multi-page-menu-section-renderer[@class='style-scope ytd-multi-page-menu-renderer']//yt-formatted-string[@id='label' and text()='Afrikaans']
2026-03-02 13:56:47.732 [TestNG-test-Yt Master Tests-1] INFO  [verifyingGlobalFilterLandingPageLingua] [verifyingGlobalFilterLandingPageLingua] Element found and ready (attempt 1): By.xpath: //yt-multi-page-menu-section-renderer[@class='style-scope ytd-multi-page-menu-renderer']//yt-formatted-string[@id='label' and text()='Afrikaans']
2026-03-02 13:56:50.989 [TestNG-test-Yt Master Tests-1] INFO  [verifyingGlobalFilterLandingPageLingua] Clicking settings ellipses button...
2026-03-02 13:56:50.989 [TestNG-test-Yt Master Tests-1] INFO  [verifyingGlobalFilterLandingPageLingua] [verifyingGlobalFilterLandingPageLingua] Trying to find element: By.xpath: //ytd-topbar-menu-button-renderer[@class='style-scope ytd-masthead style-default']
2026-03-02 13:56:53.095 [TestNG-test-Yt Master Tests-1] INFO  [verifyingGlobalFilterLandingPageLingua] [verifyingGlobalFilterLandingPageLingua] Element found and ready (attempt 1): By.xpath: //ytd-topbar-menu-button-renderer[@class='style-scope ytd-masthead style-default']
2026-03-02 13:56:53.358 [TestNG-test-Yt Master Tests-1] INFO  [verifyingGlobalFilterLandingPageLingua] [verifyingGlobalFilterLandingPageLingua] Waiting until element is visible in viewport
2026-03-02 13:56:53.493 [TestNG-test-Yt Master Tests-1] INFO  [verifyingGlobalFilterLandingPageLingua] [verifyingGlobalFilterLandingPageLingua] Capturing screenshot: Filter Applied is Afrikaans__2026-03-02_135653.jpg
2026-03-02 13:56:53.863 [TestNG-test-Yt Master Tests-1] INFO  [verifyingGlobalFilterLandingPageLingua] [verifyingGlobalFilterLandingPageLingua] Screenshot saved at: test-output/screenshots/Run_2026-03-02_13-54-28/verifyingGlobalFilterLandingPageLingua/Filter Applied is Afrikaans__2026-03-02_135653.jpg
2026-03-02 13:56:53.863 [TestNG-test-Yt Master Tests-1] INFO  [verifyingGlobalFilterLandingPageLingua] Clicking settings ellipses button...
2026-03-02 13:56:53.863 [TestNG-test-Yt Master Tests-1] INFO  [verifyingGlobalFilterLandingPageLingua] [verifyingGlobalFilterLandingPageLingua] Trying to find element: By.xpath: //ytd-topbar-menu-button-renderer[@class='style-scope ytd-masthead style-default']
2026-03-02 13:56:53.950 [TestNG-test-Yt Master Tests-1] INFO  [verifyingGlobalFilterLandingPageLingua] [verifyingGlobalFilterLandingPageLingua] Element found and ready (attempt 1): By.xpath: //ytd-topbar-menu-button-renderer[@class='style-scope ytd-masthead style-default']
2026-03-02 13:56:54.008 [TestNG-test-Yt Master Tests-1] INFO  [verifyingGlobalFilterLandingPageLingua] Clicking on global filter button in landing page..
2026-03-02 13:56:54.009 [TestNG-test-Yt Master Tests-1] INFO  [verifyingGlobalFilterLandingPageLingua] [verifyingGlobalFilterLandingPageLingua] Trying to click element: By.xpath: //div[@id='filter-button']
2026-03-02 13:56:54.290 [TestNG-test-Yt Master Tests-1] INFO  [verifyingGlobalFilterLandingPageLingua] [verifyingGlobalFilterLandingPageLingua] Clicked successfully (attempt 1): By.xpath: //div[@id='filter-button']
2026-03-02 13:56:54.290 [TestNG-test-Yt Master Tests-1] INFO  [verifyingGlobalFilterLandingPageLingua] [verifyingGlobalFilterLandingPageLingua] Waiting until element is visible in viewport
2026-03-02 13:56:54.337 [TestNG-test-Yt Master Tests-1] INFO  [verifyingGlobalFilterLandingPageLingua] [verifyingGlobalFilterLandingPageLingua] Capturing screenshot: Filter Applied is Afrikaans__2026-03-02_135654.jpg
2026-03-02 13:56:54.626 [TestNG-test-Yt Master Tests-1] INFO  [verifyingGlobalFilterLandingPageLingua] [verifyingGlobalFilterLandingPageLingua] Screenshot saved at: test-output/screenshots/Run_2026-03-02_13-54-28/verifyingGlobalFilterLandingPageLingua/Filter Applied is Afrikaans__2026-03-02_135654.jpg
2026-03-02 13:56:54.626 [TestNG-test-Yt Master Tests-1] INFO  [verifyingGlobalFilterLandingPageLingua] Fetching the data from the global filter in landing page
2026-03-02 13:56:54.626 [TestNG-test-Yt Master Tests-1] INFO  [verifyingGlobalFilterLandingPageLingua] [verifyingGlobalFilterLandingPageLingua] Trying to find element: By.xpath: //ytd-search-filter-options-dialog-renderer[@class='style-scope ytd-popup-container']
2026-03-02 13:56:54.779 [TestNG-test-Yt Master Tests-1] INFO  [verifyingGlobalFilterLandingPageLingua] [verifyingGlobalFilterLandingPageLingua] Element found and ready (attempt 1): By.xpath: //ytd-search-filter-options-dialog-renderer[@class='style-scope ytd-popup-container']
2026-03-02 13:56:54.820 [TestNG-test-Yt Master Tests-1] INFO  [verifyingGlobalFilterLandingPageLingua] Closing the global filter pop-up in landing page..
2026-03-02 13:56:54.820 [TestNG-test-Yt Master Tests-1] INFO  [verifyingGlobalFilterLandingPageLingua] [verifyingGlobalFilterLandingPageLingua] Trying to find element: By.xpath: //yt-icon[@icon='close']
2026-03-02 13:56:54.925 [TestNG-test-Yt Master Tests-1] INFO  [verifyingGlobalFilterLandingPageLingua] [verifyingGlobalFilterLandingPageLingua] Element found and ready (attempt 1): By.xpath: //yt-icon[@icon='close']
2026-03-02 13:56:55.285 [TestNG-test-Yt Master Tests-1] INFO  [verifyingGlobalFilterLandingPageLingua] 
========== LANGUAGE DETECTION ==========
Detected Language : AFRIKAANS
Input Text        : Soekfilters
TIPE
Video’s
Kortvideo’s
Kanale
Snitlyste
Flieks
TYDSDUUR
Korter as 3 minute
3-20 minute
Langer as 20 minute
OPLAAIDATUM
Vandag
Vandeesweek
Vandeesmaand
Hierdie jaar
KENMERKE
Regstreeks
4K
HD
Onderskrifte
Creative Commons
360°
VR180
3D
HDR
Ligging
Gekoop
PRIORITISEER
Relevansie
Gewildheid
========================================
2026-03-02 13:56:55.287 [TestNG-test-Yt Master Tests-1] INFO  [verifyingGlobalFilterLandingPageLingua] getLangAttribute() - locating <html> and reading lang property
2026-03-02 13:56:55.363 [TestNG-test-Yt Master Tests-1] INFO  [verifyingGlobalFilterLandingPageLingua] Language attribute read: af-ZA
2026-03-02 13:56:55.364 [TestNG-test-Yt Master Tests-1] INFO  [verifyingGlobalFilterLandingPageLingua] Clicking settings ellipses button...
2026-03-02 13:56:55.364 [TestNG-test-Yt Master Tests-1] INFO  [verifyingGlobalFilterLandingPageLingua] [verifyingGlobalFilterLandingPageLingua] Trying to find element: By.xpath: //ytd-topbar-menu-button-renderer[@class='style-scope ytd-masthead style-default']
2026-03-02 13:56:55.460 [TestNG-test-Yt Master Tests-1] INFO  [verifyingGlobalFilterLandingPageLingua] [verifyingGlobalFilterLandingPageLingua] Element found and ready (attempt 1): By.xpath: //ytd-topbar-menu-button-renderer[@class='style-scope ytd-masthead style-default']
2026-03-02 13:56:55.640 [TestNG-test-Yt Master Tests-1] INFO  [verifyingGlobalFilterLandingPageLingua] Clicking language dropdown...
2026-03-02 13:56:55.641 [TestNG-test-Yt Master Tests-1] INFO  [verifyingGlobalFilterLandingPageLingua] [verifyingGlobalFilterLandingPageLingua] Trying to find element: By.xpath: (//div[@id='content-icon'])[2]
2026-03-02 13:56:56.142 [TestNG-test-Yt Master Tests-1] INFO  [verifyingGlobalFilterLandingPageLingua] [verifyingGlobalFilterLandingPageLingua] Element found and ready (attempt 1): By.xpath: (//div[@id='content-icon'])[2]
2026-03-02 13:56:57.181 [TestNG-test-Yt Master Tests-1] INFO  [verifyingGlobalFilterLandingPageLingua] Looking for language element with name: Azərbaycan
2026-03-02 13:56:57.181 [TestNG-test-Yt Master Tests-1] INFO  [verifyingGlobalFilterLandingPageLingua] [verifyingGlobalFilterLandingPageLingua] Trying to find element: By.xpath: //yt-multi-page-menu-section-renderer[@class='style-scope ytd-multi-page-menu-renderer']//yt-formatted-string[@id='label' and text()='Azərbaycan']
2026-03-02 13:56:57.481 [TestNG-test-Yt Master Tests-1] INFO  [verifyingGlobalFilterLandingPageLingua] [verifyingGlobalFilterLandingPageLingua] Element found and ready (attempt 1): By.xpath: //yt-multi-page-menu-section-renderer[@class='style-scope ytd-multi-page-menu-renderer']//yt-formatted-string[@id='label' and text()='Azərbaycan']
2026-03-02 13:56:57.482 [TestNG-test-Yt Master Tests-1] INFO  [verifyingGlobalFilterLandingPageLingua] [verifyingGlobalFilterLandingPageLingua] Trying to find element: By.xpath: //yt-multi-page-menu-section-renderer[@class='style-scope ytd-multi-page-menu-renderer']//yt-formatted-string[@id='label' and text()='Azərbaycan']
2026-03-02 13:56:57.623 [TestNG-test-Yt Master Tests-1] INFO  [verifyingGlobalFilterLandingPageLingua] [verifyingGlobalFilterLandingPageLingua] Element found and ready (attempt 1): By.xpath: //yt-multi-page-menu-section-renderer[@class='style-scope ytd-multi-page-menu-renderer']//yt-formatted-string[@id='label' and text()='Azərbaycan']
2026-03-02 13:57:00.367 [TestNG-test-Yt Master Tests-1] INFO  [verifyingGlobalFilterLandingPageLingua] Clicking settings ellipses button...
2026-03-02 13:57:00.368 [TestNG-test-Yt Master Tests-1] INFO  [verifyingGlobalFilterLandingPageLingua] [verifyingGlobalFilterLandingPageLingua] Trying to find element: By.xpath: //ytd-topbar-menu-button-renderer[@class='style-scope ytd-masthead style-default']
2026-03-02 13:57:02.832 [TestNG-test-Yt Master Tests-1] INFO  [verifyingGlobalFilterLandingPageLingua] [verifyingGlobalFilterLandingPageLingua] Element found and ready (attempt 1): By.xpath: //ytd-topbar-menu-button-renderer[@class='style-scope ytd-masthead style-default']
2026-03-02 13:57:03.114 [TestNG-test-Yt Master Tests-1] INFO  [verifyingGlobalFilterLandingPageLingua] [verifyingGlobalFilterLandingPageLingua] Waiting until element is visible in viewport
2026-03-02 13:57:03.314 [TestNG-test-Yt Master Tests-1] INFO  [verifyingGlobalFilterLandingPageLingua] [verifyingGlobalFilterLandingPageLingua] Capturing screenshot: Filter Applied is Azərbaycan__2026-03-02_135703.jpg
2026-03-02 13:57:03.632 [TestNG-test-Yt Master Tests-1] INFO  [verifyingGlobalFilterLandingPageLingua] [verifyingGlobalFilterLandingPageLingua] Screenshot saved at: test-output/screenshots/Run_2026-03-02_13-54-28/verifyingGlobalFilterLandingPageLingua/Filter Applied is Azərbaycan__2026-03-02_135703.jpg
2026-03-02 13:57:03.632 [TestNG-test-Yt Master Tests-1] INFO  [verifyingGlobalFilterLandingPageLingua] Clicking settings ellipses button...
2026-03-02 13:57:03.632 [TestNG-test-Yt Master Tests-1] INFO  [verifyingGlobalFilterLandingPageLingua] [verifyingGlobalFilterLandingPageLingua] Trying to find element: By.xpath: //ytd-topbar-menu-button-renderer[@class='style-scope ytd-masthead style-default']
2026-03-02 13:57:03.719 [TestNG-test-Yt Master Tests-1] INFO  [verifyingGlobalFilterLandingPageLingua] [verifyingGlobalFilterLandingPageLingua] Element found and ready (attempt 1): By.xpath: //ytd-topbar-menu-button-renderer[@class='style-scope ytd-masthead style-default']
2026-03-02 13:57:03.815 [TestNG-test-Yt Master Tests-1] INFO  [verifyingGlobalFilterLandingPageLingua] Clicking on global filter button in landing page..
2026-03-02 13:57:03.815 [TestNG-test-Yt Master Tests-1] INFO  [verifyingGlobalFilterLandingPageLingua] [verifyingGlobalFilterLandingPageLingua] Trying to click element: By.xpath: //div[@id='filter-button']
2026-03-02 13:57:04.224 [TestNG-test-Yt Master Tests-1] INFO  [verifyingGlobalFilterLandingPageLingua] [verifyingGlobalFilterLandingPageLingua] Clicked successfully (attempt 1): By.xpath: //div[@id='filter-button']
2026-03-02 13:57:04.224 [TestNG-test-Yt Master Tests-1] INFO  [verifyingGlobalFilterLandingPageLingua] [verifyingGlobalFilterLandingPageLingua] Waiting until element is visible in viewport
2026-03-02 13:57:04.349 [TestNG-test-Yt Master Tests-1] INFO  [verifyingGlobalFilterLandingPageLingua] [verifyingGlobalFilterLandingPageLingua] Capturing screenshot: Filter Applied is Azərbaycan__2026-03-02_135704.jpg
2026-03-02 13:57:04.766 [TestNG-test-Yt Master Tests-1] INFO  [verifyingGlobalFilterLandingPageLingua] [verifyingGlobalFilterLandingPageLingua] Screenshot saved at: test-output/screenshots/Run_2026-03-02_13-54-28/verifyingGlobalFilterLandingPageLingua/Filter Applied is Azərbaycan__2026-03-02_135704.jpg
2026-03-02 13:57:04.766 [TestNG-test-Yt Master Tests-1] INFO  [verifyingGlobalFilterLandingPageLingua] Fetching the data from the global filter in landing page
2026-03-02 13:57:04.766 [TestNG-test-Yt Master Tests-1] INFO  [verifyingGlobalFilterLandingPageLingua] [verifyingGlobalFilterLandingPageLingua] Trying to find element: By.xpath: //ytd-search-filter-options-dialog-renderer[@class='style-scope ytd-popup-container']
2026-03-02 13:57:04.929 [TestNG-test-Yt Master Tests-1] INFO  [verifyingGlobalFilterLandingPageLingua] [verifyingGlobalFilterLandingPageLingua] Element found and ready (attempt 1): By.xpath: //ytd-search-filter-options-dialog-renderer[@class='style-scope ytd-popup-container']
2026-03-02 13:57:04.961 [TestNG-test-Yt Master Tests-1] INFO  [verifyingGlobalFilterLandingPageLingua] Closing the global filter pop-up in landing page..
2026-03-02 13:57:04.961 [TestNG-test-Yt Master Tests-1] INFO  [verifyingGlobalFilterLandingPageLingua] [verifyingGlobalFilterLandingPageLingua] Trying to find element: By.xpath: //yt-icon[@icon='close']
2026-03-02 13:57:05.034 [TestNG-test-Yt Master Tests-1] INFO  [verifyingGlobalFilterLandingPageLingua] [verifyingGlobalFilterLandingPageLingua] Element found and ready (attempt 1): By.xpath: //yt-icon[@icon='close']
2026-03-02 13:57:05.190 [TestNG-test-Yt Master Tests-1] INFO  [verifyingGlobalFilterLandingPageLingua] 
========== LANGUAGE DETECTION ==========
Detected Language : AZERBAIJANI
Input Text        : Axtarış filtrləri
NÖV
Videolar
Shorts
Kanallar
Mahnı siyahıları
Filmlər
MÜDDƏT
3 dəqiqədən az
3 - 20 dəqiqə
20 dəqiqədən çox
YÜKLƏMƏ TARIXI
Bu gün
Bu həftə
Bu ay
Bu il
FUNKSIYALAR
Canlı
4K
HD
Altyazılar/gizli altyazılar
Creative Commons lisenziyalı
360°
VR180
3D
HDR
Məkan
Satın alınmış
PRIORITETLƏŞDIRIN
uyğunluq
Populyarlıq
========================================
2026-03-02 13:57:05.190 [TestNG-test-Yt Master Tests-1] INFO  [verifyingGlobalFilterLandingPageLingua] getLangAttribute() - locating <html> and reading lang property
2026-03-02 13:57:05.254 [TestNG-test-Yt Master Tests-1] INFO  [verifyingGlobalFilterLandingPageLingua] Language attribute read: az-Latn-AZ
2026-03-02 13:57:05.254 [TestNG-test-Yt Master Tests-1] INFO  [verifyingGlobalFilterLandingPageLingua] Clicking settings ellipses button...
2026-03-02 13:57:05.254 [TestNG-test-Yt Master Tests-1] INFO  [verifyingGlobalFilterLandingPageLingua] [verifyingGlobalFilterLandingPageLingua] Trying to find element: By.xpath: //ytd-topbar-menu-button-renderer[@class='style-scope ytd-masthead style-default']
2026-03-02 13:57:05.385 [TestNG-test-Yt Master Tests-1] INFO  [verifyingGlobalFilterLandingPageLingua] [verifyingGlobalFilterLandingPageLingua] Element found and ready (attempt 1): By.xpath: //ytd-topbar-menu-button-renderer[@class='style-scope ytd-masthead style-default']
2026-03-02 13:57:05.477 [TestNG-test-Yt Master Tests-1] INFO  [verifyingGlobalFilterLandingPageLingua] Clicking language dropdown...
2026-03-02 13:57:05.477 [TestNG-test-Yt Master Tests-1] INFO  [verifyingGlobalFilterLandingPageLingua] [verifyingGlobalFilterLandingPageLingua] Trying to find element: By.xpath: (//div[@id='content-icon'])[2]
2026-03-02 13:57:05.677 [TestNG-test-Yt Master Tests-1] INFO  [verifyingGlobalFilterLandingPageLingua] [verifyingGlobalFilterLandingPageLingua] Element found and ready (attempt 1): By.xpath: (//div[@id='content-icon'])[2]
2026-03-02 13:57:06.024 [TestNG-test-Yt Master Tests-1] INFO  [verifyingGlobalFilterLandingPageLingua] Looking for language element with name: Bahasa Indonesia
2026-03-02 13:57:06.024 [TestNG-test-Yt Master Tests-1] INFO  [verifyingGlobalFilterLandingPageLingua] [verifyingGlobalFilterLandingPageLingua] Trying to find element: By.xpath: //yt-multi-page-menu-section-renderer[@class='style-scope ytd-multi-page-menu-renderer']//yt-formatted-string[@id='label' and text()='Bahasa Indonesia']
2026-03-02 13:57:06.265 [TestNG-test-Yt Master Tests-1] INFO  [verifyingGlobalFilterLandingPageLingua] [verifyingGlobalFilterLandingPageLingua] Element found and ready (attempt 1): By.xpath: //yt-multi-page-menu-section-renderer[@class='style-scope ytd-multi-page-menu-renderer']//yt-formatted-string[@id='label' and text()='Bahasa Indonesia']
2026-03-02 13:57:06.265 [TestNG-test-Yt Master Tests-1] INFO  [verifyingGlobalFilterLandingPageLingua] [verifyingGlobalFilterLandingPageLingua] Trying to find element: By.xpath: //yt-multi-page-menu-section-renderer[@class='style-scope ytd-multi-page-menu-renderer']//yt-formatted-string[@id='label' and text()='Bahasa Indonesia']
2026-03-02 13:57:06.339 [TestNG-test-Yt Master Tests-1] INFO  [verifyingGlobalFilterLandingPageLingua] [verifyingGlobalFilterLandingPageLingua] Element found and ready (attempt 1): By.xpath: //yt-multi-page-menu-section-renderer[@class='style-scope ytd-multi-page-menu-renderer']//yt-formatted-string[@id='label' and text()='Bahasa Indonesia']
2026-03-02 13:57:08.551 [TestNG-test-Yt Master Tests-1] INFO  [verifyingGlobalFilterLandingPageLingua] Clicking settings ellipses button...
2026-03-02 13:57:08.551 [TestNG-test-Yt Master Tests-1] INFO  [verifyingGlobalFilterLandingPageLingua] [verifyingGlobalFilterLandingPageLingua] Trying to find element: By.xpath: //ytd-topbar-menu-button-renderer[@class='style-scope ytd-masthead style-default']
2026-03-02 13:57:11.160 [TestNG-test-Yt Master Tests-1] INFO  [verifyingGlobalFilterLandingPageLingua] [verifyingGlobalFilterLandingPageLingua] Element found and ready (attempt 1): By.xpath: //ytd-topbar-menu-button-renderer[@class='style-scope ytd-masthead style-default']
2026-03-02 13:57:11.457 [TestNG-test-Yt Master Tests-1] INFO  [verifyingGlobalFilterLandingPageLingua] [verifyingGlobalFilterLandingPageLingua] Waiting until element is visible in viewport
2026-03-02 13:57:11.596 [TestNG-test-Yt Master Tests-1] INFO  [verifyingGlobalFilterLandingPageLingua] [verifyingGlobalFilterLandingPageLingua] Capturing screenshot: Filter Applied is Bahasa Indonesia__2026-03-02_135711.jpg
2026-03-02 13:57:11.866 [TestNG-test-Yt Master Tests-1] INFO  [verifyingGlobalFilterLandingPageLingua] [verifyingGlobalFilterLandingPageLingua] Screenshot saved at: test-output/screenshots/Run_2026-03-02_13-54-28/verifyingGlobalFilterLandingPageLingua/Filter Applied is Bahasa Indonesia__2026-03-02_135711.jpg
2026-03-02 13:57:11.867 [TestNG-test-Yt Master Tests-1] INFO  [verifyingGlobalFilterLandingPageLingua] Clicking settings ellipses button...
2026-03-02 13:57:11.867 [TestNG-test-Yt Master Tests-1] INFO  [verifyingGlobalFilterLandingPageLingua] [verifyingGlobalFilterLandingPageLingua] Trying to find element: By.xpath: //ytd-topbar-menu-button-renderer[@class='style-scope ytd-masthead style-default']
2026-03-02 13:57:11.931 [TestNG-test-Yt Master Tests-1] INFO  [verifyingGlobalFilterLandingPageLingua] [verifyingGlobalFilterLandingPageLingua] Element found and ready (attempt 1): By.xpath: //ytd-topbar-menu-button-renderer[@class='style-scope ytd-masthead style-default']
2026-03-02 13:57:11.991 [TestNG-test-Yt Master Tests-1] INFO  [verifyingGlobalFilterLandingPageLingua] Clicking on global filter button in landing page..
2026-03-02 13:57:11.991 [TestNG-test-Yt Master Tests-1] INFO  [verifyingGlobalFilterLandingPageLingua] [verifyingGlobalFilterLandingPageLingua] Trying to click element: By.xpath: //div[@id='filter-button']
2026-03-02 13:57:12.389 [TestNG-test-Yt Master Tests-1] INFO  [verifyingGlobalFilterLandingPageLingua] [verifyingGlobalFilterLandingPageLingua] Clicked successfully (attempt 1): By.xpath: //div[@id='filter-button']
2026-03-02 13:57:12.389 [TestNG-test-Yt Master Tests-1] INFO  [verifyingGlobalFilterLandingPageLingua] [verifyingGlobalFilterLandingPageLingua] Waiting until element is visible in viewport
2026-03-02 13:57:12.424 [TestNG-test-Yt Master Tests-1] INFO  [verifyingGlobalFilterLandingPageLingua] [verifyingGlobalFilterLandingPageLingua] Capturing screenshot: Filter Applied is Bahasa Indonesia__2026-03-02_135712.jpg
2026-03-02 13:57:12.634 [TestNG-test-Yt Master Tests-1] INFO  [verifyingGlobalFilterLandingPageLingua] [verifyingGlobalFilterLandingPageLingua] Screenshot saved at: test-output/screenshots/Run_2026-03-02_13-54-28/verifyingGlobalFilterLandingPageLingua/Filter Applied is Bahasa Indonesia__2026-03-02_135712.jpg
2026-03-02 13:57:12.634 [TestNG-test-Yt Master Tests-1] INFO  [verifyingGlobalFilterLandingPageLingua] Fetching the data from the global filter in landing page
2026-03-02 13:57:12.634 [TestNG-test-Yt Master Tests-1] INFO  [verifyingGlobalFilterLandingPageLingua] [verifyingGlobalFilterLandingPageLingua] Trying to find element: By.xpath: //ytd-search-filter-options-dialog-renderer[@class='style-scope ytd-popup-container']
2026-03-02 13:57:12.718 [TestNG-test-Yt Master Tests-1] INFO  [verifyingGlobalFilterLandingPageLingua] [verifyingGlobalFilterLandingPageLingua] Element found and ready (attempt 1): By.xpath: //ytd-search-filter-options-dialog-renderer[@class='style-scope ytd-popup-container']
2026-03-02 13:57:12.750 [TestNG-test-Yt Master Tests-1] INFO  [verifyingGlobalFilterLandingPageLingua] Closing the global filter pop-up in landing page..
2026-03-02 13:57:12.750 [TestNG-test-Yt Master Tests-1] INFO  [verifyingGlobalFilterLandingPageLingua] [verifyingGlobalFilterLandingPageLingua] Trying to find element: By.xpath: //yt-icon[@icon='close']
2026-03-02 13:57:12.831 [TestNG-test-Yt Master Tests-1] INFO  [verifyingGlobalFilterLandingPageLingua] [verifyingGlobalFilterLandingPageLingua] Element found and ready (attempt 1): By.xpath: //yt-icon[@icon='close']
2026-03-02 13:57:12.925 [TestNG-test-Yt Master Tests-1] INFO  [verifyingGlobalFilterLandingPageLingua] 
========== LANGUAGE DETECTION ==========
Detected Language : INDONESIAN
Input Text        : Filter penelusuran
JENIS
Video
Shorts
Channel
Playlist
Film
DURASI
Kurang dari 3 menit
3—20 menit
Lebih dari 20 menit
TANGGAL UPLOAD
Hari ini
Minggu ini
Bulan ini
Tahun ini
FITUR
Live
4K
HD
Subtitel/CC
Creative Commons
360°
VR180
3D
HDR
Lokasi
Dibeli
PRIORITASKAN
Relevansi
Popularitas
========================================
2026-03-02 13:57:12.926 [TestNG-test-Yt Master Tests-1] INFO  [verifyingGlobalFilterLandingPageLingua] getLangAttribute() - locating <html> and reading lang property
2026-03-02 13:57:12.948 [TestNG-test-Yt Master Tests-1] INFO  [verifyingGlobalFilterLandingPageLingua] Language attribute read: id-ID
2026-03-02 13:57:12.948 [TestNG-test-Yt Master Tests-1] INFO  [verifyingGlobalFilterLandingPageLingua] Clicking settings ellipses button...
2026-03-02 13:57:12.948 [TestNG-test-Yt Master Tests-1] INFO  [verifyingGlobalFilterLandingPageLingua] [verifyingGlobalFilterLandingPageLingua] Trying to find element: By.xpath: //ytd-topbar-menu-button-renderer[@class='style-scope ytd-masthead style-default']
2026-03-02 13:57:13.040 [TestNG-test-Yt Master Tests-1] INFO  [verifyingGlobalFilterLandingPageLingua] [verifyingGlobalFilterLandingPageLingua] Element found and ready (attempt 1): By.xpath: //ytd-topbar-menu-button-renderer[@class='style-scope ytd-masthead style-default']
2026-03-02 13:57:13.185 [TestNG-test-Yt Master Tests-1] INFO  [verifyingGlobalFilterLandingPageLingua] Clicking language dropdown...
2026-03-02 13:57:13.185 [TestNG-test-Yt Master Tests-1] INFO  [verifyingGlobalFilterLandingPageLingua] [verifyingGlobalFilterLandingPageLingua] Trying to find element: By.xpath: (//div[@id='content-icon'])[2]
2026-03-02 13:57:13.488 [TestNG-test-Yt Master Tests-1] INFO  [verifyingGlobalFilterLandingPageLingua] [verifyingGlobalFilterLandingPageLingua] Element found and ready (attempt 1): By.xpath: (//div[@id='content-icon'])[2]
2026-03-02 13:57:14.284 [TestNG-test-Yt Master Tests-1] INFO  [verifyingGlobalFilterLandingPageLingua] Looking for language element with name: Bosanski
2026-03-02 13:57:14.284 [TestNG-test-Yt Master Tests-1] INFO  [verifyingGlobalFilterLandingPageLingua] [verifyingGlobalFilterLandingPageLingua] Trying to find element: By.xpath: //yt-multi-page-menu-section-renderer[@class='style-scope ytd-multi-page-menu-renderer']//yt-formatted-string[@id='label' and text()='Bosanski']
2026-03-02 13:57:14.476 [TestNG-test-Yt Master Tests-1] INFO  [verifyingGlobalFilterLandingPageLingua] [verifyingGlobalFilterLandingPageLingua] Element found and ready (attempt 1): By.xpath: //yt-multi-page-menu-section-renderer[@class='style-scope ytd-multi-page-menu-renderer']//yt-formatted-string[@id='label' and text()='Bosanski']
2026-03-02 13:57:14.476 [TestNG-test-Yt Master Tests-1] INFO  [verifyingGlobalFilterLandingPageLingua] [verifyingGlobalFilterLandingPageLingua] Trying to find element: By.xpath: //yt-multi-page-menu-section-renderer[@class='style-scope ytd-multi-page-menu-renderer']//yt-formatted-string[@id='label' and text()='Bosanski']
2026-03-02 13:57:14.637 [TestNG-test-Yt Master Tests-1] INFO  [verifyingGlobalFilterLandingPageLingua] [verifyingGlobalFilterLandingPageLingua] Element found and ready (attempt 1): By.xpath: //yt-multi-page-menu-section-renderer[@class='style-scope ytd-multi-page-menu-renderer']//yt-formatted-string[@id='label' and text()='Bosanski']
2026-03-02 13:57:16.904 [TestNG-test-Yt Master Tests-1] INFO  [verifyingGlobalFilterLandingPageLingua] Clicking settings ellipses button...
2026-03-02 13:57:16.904 [TestNG-test-Yt Master Tests-1] INFO  [verifyingGlobalFilterLandingPageLingua] [verifyingGlobalFilterLandingPageLingua] Trying to find element: By.xpath: //ytd-topbar-menu-button-renderer[@class='style-scope ytd-masthead style-default']
2026-03-02 13:57:19.496 [TestNG-test-Yt Master Tests-1] INFO  [verifyingGlobalFilterLandingPageLingua] [verifyingGlobalFilterLandingPageLingua] Element found and ready (attempt 1): By.xpath: //ytd-topbar-menu-button-renderer[@class='style-scope ytd-masthead style-default']
2026-03-02 13:57:19.859 [TestNG-test-Yt Master Tests-1] INFO  [verifyingGlobalFilterLandingPageLingua] [verifyingGlobalFilterLandingPageLingua] Waiting until element is visible in viewport
2026-03-02 13:57:19.943 [TestNG-test-Yt Master Tests-1] INFO  [verifyingGlobalFilterLandingPageLingua] [verifyingGlobalFilterLandingPageLingua] Capturing screenshot: Filter Applied is Bosanski__2026-03-02_135719.jpg
2026-03-02 13:57:20.210 [TestNG-test-Yt Master Tests-1] INFO  [verifyingGlobalFilterLandingPageLingua] [verifyingGlobalFilterLandingPageLingua] Screenshot saved at: test-output/screenshots/Run_2026-03-02_13-54-28/verifyingGlobalFilterLandingPageLingua/Filter Applied is Bosanski__2026-03-02_135719.jpg
2026-03-02 13:57:20.210 [TestNG-test-Yt Master Tests-1] INFO  [verifyingGlobalFilterLandingPageLingua] Clicking settings ellipses button...
2026-03-02 13:57:20.210 [TestNG-test-Yt Master Tests-1] INFO  [verifyingGlobalFilterLandingPageLingua] [verifyingGlobalFilterLandingPageLingua] Trying to find element: By.xpath: //ytd-topbar-menu-button-renderer[@class='style-scope ytd-masthead style-default']
2026-03-02 13:57:20.292 [TestNG-test-Yt Master Tests-1] INFO  [verifyingGlobalFilterLandingPageLingua] [verifyingGlobalFilterLandingPageLingua] Element found and ready (attempt 1): By.xpath: //ytd-topbar-menu-button-renderer[@class='style-scope ytd-masthead style-default']
2026-03-02 13:57:20.375 [TestNG-test-Yt Master Tests-1] INFO  [verifyingGlobalFilterLandingPageLingua] Clicking on global filter button in landing page..
2026-03-02 13:57:20.375 [TestNG-test-Yt Master Tests-1] INFO  [verifyingGlobalFilterLandingPageLingua] [verifyingGlobalFilterLandingPageLingua] Trying to click element: By.xpath: //div[@id='filter-button']
2026-03-02 13:57:20.677 [TestNG-test-Yt Master Tests-1] INFO  [verifyingGlobalFilterLandingPageLingua] [verifyingGlobalFilterLandingPageLingua] Clicked successfully (attempt 1): By.xpath: //div[@id='filter-button']
2026-03-02 13:57:20.677 [TestNG-test-Yt Master Tests-1] INFO  [verifyingGlobalFilterLandingPageLingua] [verifyingGlobalFilterLandingPageLingua] Waiting until element is visible in viewport
2026-03-02 13:57:20.719 [TestNG-test-Yt Master Tests-1] INFO  [verifyingGlobalFilterLandingPageLingua] [verifyingGlobalFilterLandingPageLingua] Capturing screenshot: Filter Applied is Bosanski__2026-03-02_135720.jpg
2026-03-02 13:57:21.010 [TestNG-test-Yt Master Tests-1] INFO  [verifyingGlobalFilterLandingPageLingua] [verifyingGlobalFilterLandingPageLingua] Screenshot saved at: test-output/screenshots/Run_2026-03-02_13-54-28/verifyingGlobalFilterLandingPageLingua/Filter Applied is Bosanski__2026-03-02_135720.jpg
2026-03-02 13:57:21.011 [TestNG-test-Yt Master Tests-1] INFO  [verifyingGlobalFilterLandingPageLingua] Fetching the data from the global filter in landing page
2026-03-02 13:57:21.011 [TestNG-test-Yt Master Tests-1] INFO  [verifyingGlobalFilterLandingPageLingua] [verifyingGlobalFilterLandingPageLingua] Trying to find element: By.xpath: //ytd-search-filter-options-dialog-renderer[@class='style-scope ytd-popup-container']
2026-03-02 13:57:21.101 [TestNG-test-Yt Master Tests-1] INFO  [verifyingGlobalFilterLandingPageLingua] [verifyingGlobalFilterLandingPageLingua] Element found and ready (attempt 1): By.xpath: //ytd-search-filter-options-dialog-renderer[@class='style-scope ytd-popup-container']
2026-03-02 13:57:21.136 [TestNG-test-Yt Master Tests-1] INFO  [verifyingGlobalFilterLandingPageLingua] Closing the global filter pop-up in landing page..
2026-03-02 13:57:21.137 [TestNG-test-Yt Master Tests-1] INFO  [verifyingGlobalFilterLandingPageLingua] [verifyingGlobalFilterLandingPageLingua] Trying to find element: By.xpath: //yt-icon[@icon='close']
2026-03-02 13:57:21.212 [TestNG-test-Yt Master Tests-1] INFO  [verifyingGlobalFilterLandingPageLingua] [verifyingGlobalFilterLandingPageLingua] Element found and ready (attempt 1): By.xpath: //yt-icon[@icon='close']
2026-03-02 13:57:21.279 [TestNG-test-Yt Master Tests-1] INFO  [verifyingGlobalFilterLandingPageLingua] 
========== LANGUAGE DETECTION ==========
Detected Language : BOSNIAN
Input Text        : Filteri pretraživanja
VRSTA
Videozapisi
Shortsi
Kanali
Plejliste
Filmovi
TRAJANJE
Manje od 3 minute
3–20 minuta
Više od 20 minuta
DATUM OTPREMANJA
Danas
Ova sedmica
Ovog mjeseca
Ove godine
FUNKCIJE
Uživo
4K
HD
Titlovi
Creative Commons
360°
VR180
3D
HDR
Lokacija
Kupljeno
DAVANJE PRIORITETA
Relevantnost
Popularnost
========================================
2026-03-02 13:57:21.280 [TestNG-test-Yt Master Tests-1] INFO  [verifyingGlobalFilterLandingPageLingua] getLangAttribute() - locating <html> and reading lang property
2026-03-02 13:57:21.308 [TestNG-test-Yt Master Tests-1] INFO  [verifyingGlobalFilterLandingPageLingua] Language attribute read: bs-Latn-BA
2026-03-02 13:57:21.308 [TestNG-test-Yt Master Tests-1] INFO  [verifyingGlobalFilterLandingPageLingua] Clicking settings ellipses button...
2026-03-02 13:57:21.308 [TestNG-test-Yt Master Tests-1] INFO  [verifyingGlobalFilterLandingPageLingua] [verifyingGlobalFilterLandingPageLingua] Trying to find element: By.xpath: //ytd-topbar-menu-button-renderer[@class='style-scope ytd-masthead style-default']
2026-03-02 13:57:21.382 [TestNG-test-Yt Master Tests-1] INFO  [verifyingGlobalFilterLandingPageLingua] [verifyingGlobalFilterLandingPageLingua] Element found and ready (attempt 1): By.xpath: //ytd-topbar-menu-button-renderer[@class='style-scope ytd-masthead style-default']
2026-03-02 13:57:21.478 [TestNG-test-Yt Master Tests-1] INFO  [verifyingGlobalFilterLandingPageLingua] Clicking language dropdown...
2026-03-02 13:57:21.478 [TestNG-test-Yt Master Tests-1] INFO  [verifyingGlobalFilterLandingPageLingua] [verifyingGlobalFilterLandingPageLingua] Trying to find element: By.xpath: (//div[@id='content-icon'])[2]
2026-03-02 13:57:22.072 [TestNG-test-Yt Master Tests-1] INFO  [verifyingGlobalFilterLandingPageLingua] [verifyingGlobalFilterLandingPageLingua] Element found and ready (attempt 1): By.xpath: (//div[@id='content-icon'])[2]
2026-03-02 13:57:22.515 [TestNG-test-Yt Master Tests-1] INFO  [verifyingGlobalFilterLandingPageLingua] Looking for language element with name: Català
2026-03-02 13:57:22.516 [TestNG-test-Yt Master Tests-1] INFO  [verifyingGlobalFilterLandingPageLingua] [verifyingGlobalFilterLandingPageLingua] Trying to find element: By.xpath: //yt-multi-page-menu-section-renderer[@class='style-scope ytd-multi-page-menu-renderer']//yt-formatted-string[@id='label' and text()='Català']
2026-03-02 13:57:22.662 [TestNG-test-Yt Master Tests-1] INFO  [verifyingGlobalFilterLandingPageLingua] [verifyingGlobalFilterLandingPageLingua] Element found and ready (attempt 1): By.xpath: //yt-multi-page-menu-section-renderer[@class='style-scope ytd-multi-page-menu-renderer']//yt-formatted-string[@id='label' and text()='Català']
2026-03-02 13:57:22.662 [TestNG-test-Yt Master Tests-1] INFO  [verifyingGlobalFilterLandingPageLingua] [verifyingGlobalFilterLandingPageLingua] Trying to find element: By.xpath: //yt-multi-page-menu-section-renderer[@class='style-scope ytd-multi-page-menu-renderer']//yt-formatted-string[@id='label' and text()='Català']
2026-03-02 13:57:22.748 [TestNG-test-Yt Master Tests-1] INFO  [verifyingGlobalFilterLandingPageLingua] [verifyingGlobalFilterLandingPageLingua] Element found and ready (attempt 1): By.xpath: //yt-multi-page-menu-section-renderer[@class='style-scope ytd-multi-page-menu-renderer']//yt-formatted-string[@id='label' and text()='Català']
2026-03-02 13:57:25.094 [TestNG-test-Yt Master Tests-1] INFO  [verifyingGlobalFilterLandingPageLingua] Clicking settings ellipses button...
2026-03-02 13:57:25.094 [TestNG-test-Yt Master Tests-1] INFO  [verifyingGlobalFilterLandingPageLingua] [verifyingGlobalFilterLandingPageLingua] Trying to find element: By.xpath: //ytd-topbar-menu-button-renderer[@class='style-scope ytd-masthead style-default']
2026-03-02 13:57:27.348 [TestNG-test-Yt Master Tests-1] INFO  [verifyingGlobalFilterLandingPageLingua] [verifyingGlobalFilterLandingPageLingua] Element found and ready (attempt 1): By.xpath: //ytd-topbar-menu-button-renderer[@class='style-scope ytd-masthead style-default']
2026-03-02 13:57:27.640 [TestNG-test-Yt Master Tests-1] INFO  [verifyingGlobalFilterLandingPageLingua] [verifyingGlobalFilterLandingPageLingua] Waiting until element is visible in viewport
2026-03-02 13:57:27.793 [TestNG-test-Yt Master Tests-1] INFO  [verifyingGlobalFilterLandingPageLingua] [verifyingGlobalFilterLandingPageLingua] Capturing screenshot: Filter Applied is Català__2026-03-02_135727.jpg
2026-03-02 13:57:28.091 [TestNG-test-Yt Master Tests-1] INFO  [verifyingGlobalFilterLandingPageLingua] [verifyingGlobalFilterLandingPageLingua] Screenshot saved at: test-output/screenshots/Run_2026-03-02_13-54-28/verifyingGlobalFilterLandingPageLingua/Filter Applied is Català__2026-03-02_135727.jpg
2026-03-02 13:57:28.091 [TestNG-test-Yt Master Tests-1] INFO  [verifyingGlobalFilterLandingPageLingua] Clicking settings ellipses button...
2026-03-02 13:57:28.091 [TestNG-test-Yt Master Tests-1] INFO  [verifyingGlobalFilterLandingPageLingua] [verifyingGlobalFilterLandingPageLingua] Trying to find element: By.xpath: //ytd-topbar-menu-button-renderer[@class='style-scope ytd-masthead style-default']
2026-03-02 13:57:28.151 [TestNG-test-Yt Master Tests-1] INFO  [verifyingGlobalFilterLandingPageLingua] [verifyingGlobalFilterLandingPageLingua] Element found and ready (attempt 1): By.xpath: //ytd-topbar-menu-button-renderer[@class='style-scope ytd-masthead style-default']
2026-03-02 13:57:28.211 [TestNG-test-Yt Master Tests-1] INFO  [verifyingGlobalFilterLandingPageLingua] Clicking on global filter button in landing page..
2026-03-02 13:57:28.211 [TestNG-test-Yt Master Tests-1] INFO  [verifyingGlobalFilterLandingPageLingua] [verifyingGlobalFilterLandingPageLingua] Trying to click element: By.xpath: //div[@id='filter-button']
2026-03-02 13:57:28.443 [TestNG-test-Yt Master Tests-1] INFO  [verifyingGlobalFilterLandingPageLingua] [verifyingGlobalFilterLandingPageLingua] Clicked successfully (attempt 1): By.xpath: //div[@id='filter-button']
2026-03-02 13:57:28.443 [TestNG-test-Yt Master Tests-1] INFO  [verifyingGlobalFilterLandingPageLingua] [verifyingGlobalFilterLandingPageLingua] Waiting until element is visible in viewport
2026-03-02 13:57:28.514 [TestNG-test-Yt Master Tests-1] INFO  [verifyingGlobalFilterLandingPageLingua] [verifyingGlobalFilterLandingPageLingua] Capturing screenshot: Filter Applied is Català__2026-03-02_135728.jpg
2026-03-02 13:57:28.877 [TestNG-test-Yt Master Tests-1] INFO  [verifyingGlobalFilterLandingPageLingua] [verifyingGlobalFilterLandingPageLingua] Screenshot saved at: test-output/screenshots/Run_2026-03-02_13-54-28/verifyingGlobalFilterLandingPageLingua/Filter Applied is Català__2026-03-02_135728.jpg
2026-03-02 13:57:28.877 [TestNG-test-Yt Master Tests-1] INFO  [verifyingGlobalFilterLandingPageLingua] Fetching the data from the global filter in landing page
2026-03-02 13:57:28.877 [TestNG-test-Yt Master Tests-1] INFO  [verifyingGlobalFilterLandingPageLingua] [verifyingGlobalFilterLandingPageLingua] Trying to find element: By.xpath: //ytd-search-filter-options-dialog-renderer[@class='style-scope ytd-popup-container']
2026-03-02 13:57:28.947 [TestNG-test-Yt Master Tests-1] INFO  [verifyingGlobalFilterLandingPageLingua] [verifyingGlobalFilterLandingPageLingua] Element found and ready (attempt 1): By.xpath: //ytd-search-filter-options-dialog-renderer[@class='style-scope ytd-popup-container']
2026-03-02 13:57:28.980 [TestNG-test-Yt Master Tests-1] INFO  [verifyingGlobalFilterLandingPageLingua] Closing the global filter pop-up in landing page..
2026-03-02 13:57:28.980 [TestNG-test-Yt Master Tests-1] INFO  [verifyingGlobalFilterLandingPageLingua] [verifyingGlobalFilterLandingPageLingua] Trying to find element: By.xpath: //yt-icon[@icon='close']
2026-03-02 13:57:29.050 [TestNG-test-Yt Master Tests-1] INFO  [verifyingGlobalFilterLandingPageLingua] [verifyingGlobalFilterLandingPageLingua] Element found and ready (attempt 1): By.xpath: //yt-icon[@icon='close']
2026-03-02 13:57:29.148 [TestNG-test-Yt Master Tests-1] INFO  [verifyingGlobalFilterLandingPageLingua] 
========== LANGUAGE DETECTION ==========
Detected Language : CATALAN
Input Text        : Filtres de cerca
TIPUS
Vídeos
Curts
Canals
Llistes de reproducció
Pel·lícules
DURADA
Menys de 3 minuts
Entre 3 i 20 de minuts
Més de 20 minuts
DATA DE PUJADA
Avui
Aquesta setmana
Aquest mes
Aquest any
FUNCIONS
En directe
4K
HD
Subtítols
Creative Commons
360°
VR180
3D
HDR
Ubicació
Comprat
PRIORITZA
Rellevància
Popularitat
========================================
2026-03-02 13:57:29.149 [TestNG-test-Yt Master Tests-1] INFO  [verifyingGlobalFilterLandingPageLingua] getLangAttribute() - locating <html> and reading lang property
2026-03-02 13:57:29.173 [TestNG-test-Yt Master Tests-1] INFO  [verifyingGlobalFilterLandingPageLingua] Language attribute read: ca-ES
2026-03-02 13:57:29.174 [TestNG-test-Yt Master Tests-1] INFO  [verifyingGlobalFilterLandingPageLingua] Clicking settings ellipses button...
2026-03-02 13:57:29.174 [TestNG-test-Yt Master Tests-1] INFO  [verifyingGlobalFilterLandingPageLingua] [verifyingGlobalFilterLandingPageLingua] Trying to find element: By.xpath: //ytd-topbar-menu-button-renderer[@class='style-scope ytd-masthead style-default']
2026-03-02 13:57:29.263 [TestNG-test-Yt Master Tests-1] INFO  [verifyingGlobalFilterLandingPageLingua] [verifyingGlobalFilterLandingPageLingua] Element found and ready (attempt 1): By.xpath: //ytd-topbar-menu-button-renderer[@class='style-scope ytd-masthead style-default']
2026-03-02 13:57:29.376 [TestNG-test-Yt Master Tests-1] INFO  [verifyingGlobalFilterLandingPageLingua] Clicking language dropdown...
2026-03-02 13:57:29.376 [TestNG-test-Yt Master Tests-1] INFO  [verifyingGlobalFilterLandingPageLingua] [verifyingGlobalFilterLandingPageLingua] Trying to find element: By.xpath: (//div[@id='content-icon'])[2]
2026-03-02 13:57:30.119 [TestNG-test-Yt Master Tests-1] INFO  [verifyingGlobalFilterLandingPageLingua] [verifyingGlobalFilterLandingPageLingua] Element found and ready (attempt 1): By.xpath: (//div[@id='content-icon'])[2]
2026-03-02 13:57:30.678 [TestNG-test-Yt Master Tests-1] INFO  [verifyingGlobalFilterLandingPageLingua] Looking for language element with name: Dansk
2026-03-02 13:57:30.678 [TestNG-test-Yt Master Tests-1] INFO  [verifyingGlobalFilterLandingPageLingua] [verifyingGlobalFilterLandingPageLingua] Trying to find element: By.xpath: //yt-multi-page-menu-section-renderer[@class='style-scope ytd-multi-page-menu-renderer']//yt-formatted-string[@id='label' and text()='Dansk']
2026-03-02 13:57:30.879 [TestNG-test-Yt Master Tests-1] INFO  [verifyingGlobalFilterLandingPageLingua] [verifyingGlobalFilterLandingPageLingua] Element found and ready (attempt 1): By.xpath: //yt-multi-page-menu-section-renderer[@class='style-scope ytd-multi-page-menu-renderer']//yt-formatted-string[@id='label' and text()='Dansk']
2026-03-02 13:57:30.879 [TestNG-test-Yt Master Tests-1] INFO  [verifyingGlobalFilterLandingPageLingua] [verifyingGlobalFilterLandingPageLingua] Trying to find element: By.xpath: //yt-multi-page-menu-section-renderer[@class='style-scope ytd-multi-page-menu-renderer']//yt-formatted-string[@id='label' and text()='Dansk']
2026-03-02 13:57:30.952 [TestNG-test-Yt Master Tests-1] INFO  [verifyingGlobalFilterLandingPageLingua] [verifyingGlobalFilterLandingPageLingua] Element found and ready (attempt 1): By.xpath: //yt-multi-page-menu-section-renderer[@class='style-scope ytd-multi-page-menu-renderer']//yt-formatted-string[@id='label' and text()='Dansk']
2026-03-02 13:57:33.934 [TestNG-test-Yt Master Tests-1] INFO  [verifyingGlobalFilterLandingPageLingua] Clicking settings ellipses button...
2026-03-02 13:57:33.934 [TestNG-test-Yt Master Tests-1] INFO  [verifyingGlobalFilterLandingPageLingua] [verifyingGlobalFilterLandingPageLingua] Trying to find element: By.xpath: //ytd-topbar-menu-button-renderer[@class='style-scope ytd-masthead style-default']
2026-03-02 13:57:36.360 [TestNG-test-Yt Master Tests-1] INFO  [verifyingGlobalFilterLandingPageLingua] [verifyingGlobalFilterLandingPageLingua] Element found and ready (attempt 1): By.xpath: //ytd-topbar-menu-button-renderer[@class='style-scope ytd-masthead style-default']
2026-03-02 13:57:37.427 [TestNG-test-Yt Master Tests-1] INFO  [verifyingGlobalFilterLandingPageLingua] [verifyingGlobalFilterLandingPageLingua] Waiting until element is visible in viewport
2026-03-02 13:57:37.472 [TestNG-test-Yt Master Tests-1] INFO  [verifyingGlobalFilterLandingPageLingua] [verifyingGlobalFilterLandingPageLingua] Capturing screenshot: Filter Applied is Dansk__2026-03-02_135737.jpg
2026-03-02 13:57:37.748 [TestNG-test-Yt Master Tests-1] INFO  [verifyingGlobalFilterLandingPageLingua] [verifyingGlobalFilterLandingPageLingua] Screenshot saved at: test-output/screenshots/Run_2026-03-02_13-54-28/verifyingGlobalFilterLandingPageLingua/Filter Applied is Dansk__2026-03-02_135737.jpg
2026-03-02 13:57:37.749 [TestNG-test-Yt Master Tests-1] INFO  [verifyingGlobalFilterLandingPageLingua] Clicking settings ellipses button...
2026-03-02 13:57:37.749 [TestNG-test-Yt Master Tests-1] INFO  [verifyingGlobalFilterLandingPageLingua] [verifyingGlobalFilterLandingPageLingua] Trying to find element: By.xpath: //ytd-topbar-menu-button-renderer[@class='style-scope ytd-masthead style-default']
2026-03-02 13:57:37.847 [TestNG-test-Yt Master Tests-1] INFO  [verifyingGlobalFilterLandingPageLingua] [verifyingGlobalFilterLandingPageLingua] Element found and ready (attempt 1): By.xpath: //ytd-topbar-menu-button-renderer[@class='style-scope ytd-masthead style-default']
2026-03-02 13:57:37.935 [TestNG-test-Yt Master Tests-1] INFO  [verifyingGlobalFilterLandingPageLingua] Clicking on global filter button in landing page..
2026-03-02 13:57:37.935 [TestNG-test-Yt Master Tests-1] INFO  [verifyingGlobalFilterLandingPageLingua] [verifyingGlobalFilterLandingPageLingua] Trying to click element: By.xpath: //div[@id='filter-button']
2026-03-02 13:57:38.308 [TestNG-test-Yt Master Tests-1] INFO  [verifyingGlobalFilterLandingPageLingua] [verifyingGlobalFilterLandingPageLingua] Clicked successfully (attempt 1): By.xpath: //div[@id='filter-button']
2026-03-02 13:57:38.308 [TestNG-test-Yt Master Tests-1] INFO  [verifyingGlobalFilterLandingPageLingua] [verifyingGlobalFilterLandingPageLingua] Waiting until element is visible in viewport
2026-03-02 13:57:38.358 [TestNG-test-Yt Master Tests-1] INFO  [verifyingGlobalFilterLandingPageLingua] [verifyingGlobalFilterLandingPageLingua] Capturing screenshot: Filter Applied is Dansk__2026-03-02_135738.jpg
2026-03-02 13:57:38.727 [TestNG-test-Yt Master Tests-1] INFO  [verifyingGlobalFilterLandingPageLingua] [verifyingGlobalFilterLandingPageLingua] Screenshot saved at: test-output/screenshots/Run_2026-03-02_13-54-28/verifyingGlobalFilterLandingPageLingua/Filter Applied is Dansk__2026-03-02_135738.jpg
2026-03-02 13:57:38.727 [TestNG-test-Yt Master Tests-1] INFO  [verifyingGlobalFilterLandingPageLingua] Fetching the data from the global filter in landing page
2026-03-02 13:57:38.727 [TestNG-test-Yt Master Tests-1] INFO  [verifyingGlobalFilterLandingPageLingua] [verifyingGlobalFilterLandingPageLingua] Trying to find element: By.xpath: //ytd-search-filter-options-dialog-renderer[@class='style-scope ytd-popup-container']
2026-03-02 13:57:38.867 [TestNG-test-Yt Master Tests-1] INFO  [verifyingGlobalFilterLandingPageLingua] [verifyingGlobalFilterLandingPageLingua] Element found and ready (attempt 1): By.xpath: //ytd-search-filter-options-dialog-renderer[@class='style-scope ytd-popup-container']
2026-03-02 13:57:38.960 [TestNG-test-Yt Master Tests-1] INFO  [verifyingGlobalFilterLandingPageLingua] Closing the global filter pop-up in landing page..
2026-03-02 13:57:38.960 [TestNG-test-Yt Master Tests-1] INFO  [verifyingGlobalFilterLandingPageLingua] [verifyingGlobalFilterLandingPageLingua] Trying to find element: By.xpath: //yt-icon[@icon='close']
2026-03-02 13:57:39.093 [TestNG-test-Yt Master Tests-1] INFO  [verifyingGlobalFilterLandingPageLingua] [verifyingGlobalFilterLandingPageLingua] Element found and ready (attempt 1): By.xpath: //yt-icon[@icon='close']
2026-03-02 13:57:39.220 [TestNG-test-Yt Master Tests-1] INFO  [verifyingGlobalFilterLandingPageLingua] 
========== LANGUAGE DETECTION ==========
Detected Language : DANISH
Input Text        : Søgefiltre
TYPE
Videoer
Shorts
Kanaler
Playlister
Film
VARIGHED
Under 3 minutter
3-20 minutter
Over 20 minutter
DATO FOR UPLOAD
I dag
Denne uge
Denne måned
I år
EGENSKABER
Live
4K
HD
Undertekster
Creative Commons
360°
VR180
3D
HDR
Lokation
Købt
PRIORITER
Relevans
Popularitet
========================================
2026-03-02 13:57:39.220 [TestNG-test-Yt Master Tests-1] INFO  [verifyingGlobalFilterLandingPageLingua] getLangAttribute() - locating <html> and reading lang property
2026-03-02 13:57:39.291 [TestNG-test-Yt Master Tests-1] INFO  [verifyingGlobalFilterLandingPageLingua] Language attribute read: da-DK
2026-03-02 13:57:39.291 [TestNG-test-Yt Master Tests-1] INFO  [verifyingGlobalFilterLandingPageLingua] Clicking settings ellipses button...
2026-03-02 13:57:39.291 [TestNG-test-Yt Master Tests-1] INFO  [verifyingGlobalFilterLandingPageLingua] [verifyingGlobalFilterLandingPageLingua] Trying to find element: By.xpath: //ytd-topbar-menu-button-renderer[@class='style-scope ytd-masthead style-default']
2026-03-02 13:57:39.429 [TestNG-test-Yt Master Tests-1] INFO  [verifyingGlobalFilterLandingPageLingua] [verifyingGlobalFilterLandingPageLingua] Element found and ready (attempt 1): By.xpath: //ytd-topbar-menu-button-renderer[@class='style-scope ytd-masthead style-default']
2026-03-02 13:57:39.545 [TestNG-test-Yt Master Tests-1] INFO  [verifyingGlobalFilterLandingPageLingua] Clicking language dropdown...
2026-03-02 13:57:39.545 [TestNG-test-Yt Master Tests-1] INFO  [verifyingGlobalFilterLandingPageLingua] [verifyingGlobalFilterLandingPageLingua] Trying to find element: By.xpath: (//div[@id='content-icon'])[2]
2026-03-02 13:57:39.760 [TestNG-test-Yt Master Tests-1] INFO  [verifyingGlobalFilterLandingPageLingua] [verifyingGlobalFilterLandingPageLingua] Element found and ready (attempt 1): By.xpath: (//div[@id='content-icon'])[2]
2026-03-02 13:57:40.258 [TestNG-test-Yt Master Tests-1] INFO  [verifyingGlobalFilterLandingPageLingua] Looking for language element with name: Deutsch
2026-03-02 13:57:40.258 [TestNG-test-Yt Master Tests-1] INFO  [verifyingGlobalFilterLandingPageLingua] [verifyingGlobalFilterLandingPageLingua] Trying to find element: By.xpath: //yt-multi-page-menu-section-renderer[@class='style-scope ytd-multi-page-menu-renderer']//yt-formatted-string[@id='label' and text()='Deutsch']
2026-03-02 13:57:40.389 [TestNG-test-Yt Master Tests-1] INFO  [verifyingGlobalFilterLandingPageLingua] [verifyingGlobalFilterLandingPageLingua] Element found and ready (attempt 1): By.xpath: //yt-multi-page-menu-section-renderer[@class='style-scope ytd-multi-page-menu-renderer']//yt-formatted-string[@id='label' and text()='Deutsch']
2026-03-02 13:57:40.389 [TestNG-test-Yt Master Tests-1] INFO  [verifyingGlobalFilterLandingPageLingua] [verifyingGlobalFilterLandingPageLingua] Trying to find element: By.xpath: //yt-multi-page-menu-section-renderer[@class='style-scope ytd-multi-page-menu-renderer']//yt-formatted-string[@id='label' and text()='Deutsch']
2026-03-02 13:57:40.459 [TestNG-test-Yt Master Tests-1] INFO  [verifyingGlobalFilterLandingPageLingua] [verifyingGlobalFilterLandingPageLingua] Element found and ready (attempt 1): By.xpath: //yt-multi-page-menu-section-renderer[@class='style-scope ytd-multi-page-menu-renderer']//yt-formatted-string[@id='label' and text()='Deutsch']
2026-03-02 13:57:42.584 [TestNG-test-Yt Master Tests-1] INFO  [verifyingGlobalFilterLandingPageLingua] Clicking settings ellipses button...
2026-03-02 13:57:42.584 [TestNG-test-Yt Master Tests-1] INFO  [verifyingGlobalFilterLandingPageLingua] [verifyingGlobalFilterLandingPageLingua] Trying to find element: By.xpath: //ytd-topbar-menu-button-renderer[@class='style-scope ytd-masthead style-default']
2026-03-02 13:57:44.768 [TestNG-test-Yt Master Tests-1] INFO  [verifyingGlobalFilterLandingPageLingua] [verifyingGlobalFilterLandingPageLingua] Element found and ready (attempt 1): By.xpath: //ytd-topbar-menu-button-renderer[@class='style-scope ytd-masthead style-default']
2026-03-02 13:57:45.409 [TestNG-test-Yt Master Tests-1] INFO  [verifyingGlobalFilterLandingPageLingua] [verifyingGlobalFilterLandingPageLingua] Waiting until element is visible in viewport
2026-03-02 13:57:45.445 [TestNG-test-Yt Master Tests-1] INFO  [verifyingGlobalFilterLandingPageLingua] [verifyingGlobalFilterLandingPageLingua] Capturing screenshot: Filter Applied is Deutsch__2026-03-02_135745.jpg
2026-03-02 13:57:45.721 [TestNG-test-Yt Master Tests-1] INFO  [verifyingGlobalFilterLandingPageLingua] [verifyingGlobalFilterLandingPageLingua] Screenshot saved at: test-output/screenshots/Run_2026-03-02_13-54-28/verifyingGlobalFilterLandingPageLingua/Filter Applied is Deutsch__2026-03-02_135745.jpg
2026-03-02 13:57:45.721 [TestNG-test-Yt Master Tests-1] INFO  [verifyingGlobalFilterLandingPageLingua] Clicking settings ellipses button...
2026-03-02 13:57:45.721 [TestNG-test-Yt Master Tests-1] INFO  [verifyingGlobalFilterLandingPageLingua] [verifyingGlobalFilterLandingPageLingua] Trying to find element: By.xpath: //ytd-topbar-menu-button-renderer[@class='style-scope ytd-masthead style-default']
2026-03-02 13:57:45.801 [TestNG-test-Yt Master Tests-1] INFO  [verifyingGlobalFilterLandingPageLingua] [verifyingGlobalFilterLandingPageLingua] Element found and ready (attempt 1): By.xpath: //ytd-topbar-menu-button-renderer[@class='style-scope ytd-masthead style-default']
2026-03-02 13:57:45.913 [TestNG-test-Yt Master Tests-1] INFO  [verifyingGlobalFilterLandingPageLingua] Clicking on global filter button in landing page..
2026-03-02 13:57:45.913 [TestNG-test-Yt Master Tests-1] INFO  [verifyingGlobalFilterLandingPageLingua] [verifyingGlobalFilterLandingPageLingua] Trying to click element: By.xpath: //div[@id='filter-button']
2026-03-02 13:57:46.267 [TestNG-test-Yt Master Tests-1] INFO  [verifyingGlobalFilterLandingPageLingua] [verifyingGlobalFilterLandingPageLingua] Clicked successfully (attempt 1): By.xpath: //div[@id='filter-button']
2026-03-02 13:57:46.267 [TestNG-test-Yt Master Tests-1] INFO  [verifyingGlobalFilterLandingPageLingua] [verifyingGlobalFilterLandingPageLingua] Waiting until element is visible in viewport
2026-03-02 13:57:46.316 [TestNG-test-Yt Master Tests-1] INFO  [verifyingGlobalFilterLandingPageLingua] [verifyingGlobalFilterLandingPageLingua] Capturing screenshot: Filter Applied is Deutsch__2026-03-02_135746.jpg
2026-03-02 13:57:47.939 [TestNG-test-Yt Master Tests-1] INFO  [verifyingGlobalFilterLandingPageLingua] [verifyingGlobalFilterLandingPageLingua] Screenshot saved at: test-output/screenshots/Run_2026-03-02_13-54-28/verifyingGlobalFilterLandingPageLingua/Filter Applied is Deutsch__2026-03-02_135746.jpg
2026-03-02 13:57:47.939 [TestNG-test-Yt Master Tests-1] INFO  [verifyingGlobalFilterLandingPageLingua] Fetching the data from the global filter in landing page
2026-03-02 13:57:47.939 [TestNG-test-Yt Master Tests-1] INFO  [verifyingGlobalFilterLandingPageLingua] [verifyingGlobalFilterLandingPageLingua] Trying to find element: By.xpath: //ytd-search-filter-options-dialog-renderer[@class='style-scope ytd-popup-container']
2026-03-02 13:57:48.020 [TestNG-test-Yt Master Tests-1] INFO  [verifyingGlobalFilterLandingPageLingua] [verifyingGlobalFilterLandingPageLingua] Element found and ready (attempt 1): By.xpath: //ytd-search-filter-options-dialog-renderer[@class='style-scope ytd-popup-container']
2026-03-02 13:57:48.064 [TestNG-test-Yt Master Tests-1] INFO  [verifyingGlobalFilterLandingPageLingua] Closing the global filter pop-up in landing page..
2026-03-02 13:57:48.064 [TestNG-test-Yt Master Tests-1] INFO  [verifyingGlobalFilterLandingPageLingua] [verifyingGlobalFilterLandingPageLingua] Trying to find element: By.xpath: //yt-icon[@icon='close']
2026-03-02 13:57:48.150 [TestNG-test-Yt Master Tests-1] INFO  [verifyingGlobalFilterLandingPageLingua] [verifyingGlobalFilterLandingPageLingua] Element found and ready (attempt 1): By.xpath: //yt-icon[@icon='close']
2026-03-02 13:57:48.248 [TestNG-test-Yt Master Tests-1] INFO  [verifyingGlobalFilterLandingPageLingua] 
========== LANGUAGE DETECTION ==========
Detected Language : GERMAN
Input Text        : Suchfilter
TYP
Videos
Shorts
Kanäle
Playlists
Filme
DAUER
Kürzer als 3 Minuten
3–20 Minuten
Länger als 20 Minuten
HOCHLADEDATUM
Heute
Diese Woche
Dieser Monat
Dieses Jahr
EIGENSCHAFTEN
Live
4K
HD
Untertitel/CC
Creative Commons
360°
VR180
3D
HDR
Standort
Gekauft
PRIORISIEREN
Relevanz
Beliebtheit
========================================
2026-03-02 13:57:48.249 [TestNG-test-Yt Master Tests-1] INFO  [verifyingGlobalFilterLandingPageLingua] getLangAttribute() - locating <html> and reading lang property
2026-03-02 13:57:48.274 [TestNG-test-Yt Master Tests-1] INFO  [verifyingGlobalFilterLandingPageLingua] Language attribute read: de-DE
2026-03-02 13:57:48.274 [TestNG-test-Yt Master Tests-1] INFO  [verifyingGlobalFilterLandingPageLingua] Clicking settings ellipses button...
2026-03-02 13:57:48.274 [TestNG-test-Yt Master Tests-1] INFO  [verifyingGlobalFilterLandingPageLingua] [verifyingGlobalFilterLandingPageLingua] Trying to find element: By.xpath: //ytd-topbar-menu-button-renderer[@class='style-scope ytd-masthead style-default']
2026-03-02 13:57:48.431 [TestNG-test-Yt Master Tests-1] INFO  [verifyingGlobalFilterLandingPageLingua] [verifyingGlobalFilterLandingPageLingua] Element found and ready (attempt 1): By.xpath: //ytd-topbar-menu-button-renderer[@class='style-scope ytd-masthead style-default']
2026-03-02 13:57:48.563 [TestNG-test-Yt Master Tests-1] INFO  [verifyingGlobalFilterLandingPageLingua] Clicking language dropdown...
2026-03-02 13:57:48.563 [TestNG-test-Yt Master Tests-1] INFO  [verifyingGlobalFilterLandingPageLingua] [verifyingGlobalFilterLandingPageLingua] Trying to find element: By.xpath: (//div[@id='content-icon'])[2]
2026-03-02 13:57:49.241 [TestNG-test-Yt Master Tests-1] INFO  [verifyingGlobalFilterLandingPageLingua] [verifyingGlobalFilterLandingPageLingua] Element found and ready (attempt 1): By.xpath: (//div[@id='content-icon'])[2]
2026-03-02 13:57:49.709 [TestNG-test-Yt Master Tests-1] INFO  [verifyingGlobalFilterLandingPageLingua] Looking for language element with name: Eesti
2026-03-02 13:57:49.709 [TestNG-test-Yt Master Tests-1] INFO  [verifyingGlobalFilterLandingPageLingua] [verifyingGlobalFilterLandingPageLingua] Trying to find element: By.xpath: //yt-multi-page-menu-section-renderer[@class='style-scope ytd-multi-page-menu-renderer']//yt-formatted-string[@id='label' and text()='Eesti']
2026-03-02 13:57:49.845 [TestNG-test-Yt Master Tests-1] INFO  [verifyingGlobalFilterLandingPageLingua] [verifyingGlobalFilterLandingPageLingua] Element found and ready (attempt 1): By.xpath: //yt-multi-page-menu-section-renderer[@class='style-scope ytd-multi-page-menu-renderer']//yt-formatted-string[@id='label' and text()='Eesti']
2026-03-02 13:57:49.845 [TestNG-test-Yt Master Tests-1] INFO  [verifyingGlobalFilterLandingPageLingua] [verifyingGlobalFilterLandingPageLingua] Trying to find element: By.xpath: //yt-multi-page-menu-section-renderer[@class='style-scope ytd-multi-page-menu-renderer']//yt-formatted-string[@id='label' and text()='Eesti']
2026-03-02 13:57:49.927 [TestNG-test-Yt Master Tests-1] INFO  [verifyingGlobalFilterLandingPageLingua] [verifyingGlobalFilterLandingPageLingua] Element found and ready (attempt 1): By.xpath: //yt-multi-page-menu-section-renderer[@class='style-scope ytd-multi-page-menu-renderer']//yt-formatted-string[@id='label' and text()='Eesti']
2026-03-02 13:57:54.659 [TestNG-test-Yt Master Tests-1] INFO  [verifyingGlobalFilterLandingPageLingua] Clicking settings ellipses button...
2026-03-02 13:57:54.659 [TestNG-test-Yt Master Tests-1] INFO  [verifyingGlobalFilterLandingPageLingua] [verifyingGlobalFilterLandingPageLingua] Trying to find element: By.xpath: //ytd-topbar-menu-button-renderer[@class='style-scope ytd-masthead style-default']
2026-03-02 13:57:56.383 [TestNG-test-Yt Master Tests-1] INFO  [verifyingGlobalFilterLandingPageLingua] [verifyingGlobalFilterLandingPageLingua] Element found and ready (attempt 1): By.xpath: //ytd-topbar-menu-button-renderer[@class='style-scope ytd-masthead style-default']
2026-03-02 13:57:57.163 [TestNG-test-Yt Master Tests-1] INFO  [verifyingGlobalFilterLandingPageLingua] [verifyingGlobalFilterLandingPageLingua] Waiting until element is visible in viewport
2026-03-02 13:57:57.261 [TestNG-test-Yt Master Tests-1] INFO  [verifyingGlobalFilterLandingPageLingua] [verifyingGlobalFilterLandingPageLingua] Capturing screenshot: Filter Applied is Eesti__2026-03-02_135757.jpg
2026-03-02 13:57:57.589 [TestNG-test-Yt Master Tests-1] INFO  [verifyingGlobalFilterLandingPageLingua] [verifyingGlobalFilterLandingPageLingua] Screenshot saved at: test-output/screenshots/Run_2026-03-02_13-54-28/verifyingGlobalFilterLandingPageLingua/Filter Applied is Eesti__2026-03-02_135757.jpg
2026-03-02 13:57:57.589 [TestNG-test-Yt Master Tests-1] INFO  [verifyingGlobalFilterLandingPageLingua] Clicking settings ellipses button...
2026-03-02 13:57:57.590 [TestNG-test-Yt Master Tests-1] INFO  [verifyingGlobalFilterLandingPageLingua] [verifyingGlobalFilterLandingPageLingua] Trying to find element: By.xpath: //ytd-topbar-menu-button-renderer[@class='style-scope ytd-masthead style-default']
2026-03-02 13:57:57.699 [TestNG-test-Yt Master Tests-1] INFO  [verifyingGlobalFilterLandingPageLingua] [verifyingGlobalFilterLandingPageLingua] Element found and ready (attempt 1): By.xpath: //ytd-topbar-menu-button-renderer[@class='style-scope ytd-masthead style-default']
2026-03-02 13:57:57.805 [TestNG-test-Yt Master Tests-1] INFO  [verifyingGlobalFilterLandingPageLingua] Clicking on global filter button in landing page..
2026-03-02 13:57:57.805 [TestNG-test-Yt Master Tests-1] INFO  [verifyingGlobalFilterLandingPageLingua] [verifyingGlobalFilterLandingPageLingua] Trying to click element: By.xpath: //div[@id='filter-button']
2026-03-02 13:57:58.218 [TestNG-test-Yt Master Tests-1] INFO  [verifyingGlobalFilterLandingPageLingua] [verifyingGlobalFilterLandingPageLingua] Clicked successfully (attempt 1): By.xpath: //div[@id='filter-button']
2026-03-02 13:57:58.218 [TestNG-test-Yt Master Tests-1] INFO  [verifyingGlobalFilterLandingPageLingua] [verifyingGlobalFilterLandingPageLingua] Waiting until element is visible in viewport
2026-03-02 13:57:58.388 [TestNG-test-Yt Master Tests-1] INFO  [verifyingGlobalFilterLandingPageLingua] [verifyingGlobalFilterLandingPageLingua] Capturing screenshot: Filter Applied is Eesti__2026-03-02_135758.jpg
2026-03-02 13:57:58.657 [TestNG-test-Yt Master Tests-1] INFO  [verifyingGlobalFilterLandingPageLingua] [verifyingGlobalFilterLandingPageLingua] Screenshot saved at: test-output/screenshots/Run_2026-03-02_13-54-28/verifyingGlobalFilterLandingPageLingua/Filter Applied is Eesti__2026-03-02_135758.jpg
2026-03-02 13:57:58.658 [TestNG-test-Yt Master Tests-1] INFO  [verifyingGlobalFilterLandingPageLingua] Fetching the data from the global filter in landing page
2026-03-02 13:57:58.658 [TestNG-test-Yt Master Tests-1] INFO  [verifyingGlobalFilterLandingPageLingua] [verifyingGlobalFilterLandingPageLingua] Trying to find element: By.xpath: //ytd-search-filter-options-dialog-renderer[@class='style-scope ytd-popup-container']
2026-03-02 13:57:58.762 [TestNG-test-Yt Master Tests-1] INFO  [verifyingGlobalFilterLandingPageLingua] [verifyingGlobalFilterLandingPageLingua] Element found and ready (attempt 1): By.xpath: //ytd-search-filter-options-dialog-renderer[@class='style-scope ytd-popup-container']
2026-03-02 13:57:58.814 [TestNG-test-Yt Master Tests-1] INFO  [verifyingGlobalFilterLandingPageLingua] Closing the global filter pop-up in landing page..
2026-03-02 13:57:58.814 [TestNG-test-Yt Master Tests-1] INFO  [verifyingGlobalFilterLandingPageLingua] [verifyingGlobalFilterLandingPageLingua] Trying to find element: By.xpath: //yt-icon[@icon='close']
2026-03-02 13:57:58.919 [TestNG-test-Yt Master Tests-1] INFO  [verifyingGlobalFilterLandingPageLingua] [verifyingGlobalFilterLandingPageLingua] Element found and ready (attempt 1): By.xpath: //yt-icon[@icon='close']
2026-03-02 13:57:59.095 [TestNG-test-Yt Master Tests-1] INFO  [verifyingGlobalFilterLandingPageLingua] 
========== LANGUAGE DETECTION ==========
Detected Language : ESTONIAN
Input Text        : Otsingufiltrid
TÜÜP
Videod
Lühivideod
Kanalid
Esitusloendid
Filmid
KESTUS
Alla 3 minuti
3–20 minutit
Üle 20 minuti
ÜLESLAADIMISE KUUPÄEV
Täna
See nädal
See kuu
See aasta
FUNKTSIOONID
Reaalajas
4K
HD
Subtiitrid
Creative Commons
360°
VR180
3D
HDR
Asukoht
Ostetud
PRIORITEETSUS
Asjakohasus
Populaarsus
========================================
2026-03-02 13:57:59.097 [TestNG-test-Yt Master Tests-1] INFO  [verifyingGlobalFilterLandingPageLingua] getLangAttribute() - locating <html> and reading lang property
2026-03-02 13:57:59.280 [TestNG-test-Yt Master Tests-1] INFO  [verifyingGlobalFilterLandingPageLingua] Language attribute read: et-EE
2026-03-02 13:57:59.281 [TestNG-test-Yt Master Tests-1] INFO  [verifyingGlobalFilterLandingPageLingua] Clicking settings ellipses button...
2026-03-02 13:57:59.281 [TestNG-test-Yt Master Tests-1] INFO  [verifyingGlobalFilterLandingPageLingua] [verifyingGlobalFilterLandingPageLingua] Trying to find element: By.xpath: //ytd-topbar-menu-button-renderer[@class='style-scope ytd-masthead style-default']
2026-03-02 13:57:59.368 [TestNG-test-Yt Master Tests-1] INFO  [verifyingGlobalFilterLandingPageLingua] [verifyingGlobalFilterLandingPageLingua] Element found and ready (attempt 1): By.xpath: //ytd-topbar-menu-button-renderer[@class='style-scope ytd-masthead style-default']
2026-03-02 13:57:59.461 [TestNG-test-Yt Master Tests-1] INFO  [verifyingGlobalFilterLandingPageLingua] Clicking language dropdown...
2026-03-02 13:57:59.461 [TestNG-test-Yt Master Tests-1] INFO  [verifyingGlobalFilterLandingPageLingua] [verifyingGlobalFilterLandingPageLingua] Trying to find element: By.xpath: (//div[@id='content-icon'])[2]
2026-03-02 13:57:59.695 [TestNG-test-Yt Master Tests-1] INFO  [verifyingGlobalFilterLandingPageLingua] [verifyingGlobalFilterLandingPageLingua] Element found and ready (attempt 1): By.xpath: (//div[@id='content-icon'])[2]
2026-03-02 13:58:00.085 [TestNG-test-Yt Master Tests-1] INFO  [verifyingGlobalFilterLandingPageLingua] Looking for language element with name: English (India)
2026-03-02 13:58:00.085 [TestNG-test-Yt Master Tests-1] INFO  [verifyingGlobalFilterLandingPageLingua] [verifyingGlobalFilterLandingPageLingua] Trying to find element: By.xpath: //yt-multi-page-menu-section-renderer[@class='style-scope ytd-multi-page-menu-renderer']//yt-formatted-string[@id='label' and text()='English (India)']
2026-03-02 13:58:00.285 [TestNG-test-Yt Master Tests-1] INFO  [verifyingGlobalFilterLandingPageLingua] [verifyingGlobalFilterLandingPageLingua] Element found and ready (attempt 1): By.xpath: //yt-multi-page-menu-section-renderer[@class='style-scope ytd-multi-page-menu-renderer']//yt-formatted-string[@id='label' and text()='English (India)']
2026-03-02 13:58:00.285 [TestNG-test-Yt Master Tests-1] INFO  [verifyingGlobalFilterLandingPageLingua] [verifyingGlobalFilterLandingPageLingua] Trying to find element: By.xpath: //yt-multi-page-menu-section-renderer[@class='style-scope ytd-multi-page-menu-renderer']//yt-formatted-string[@id='label' and text()='English (India)']
2026-03-02 13:58:00.363 [TestNG-test-Yt Master Tests-1] INFO  [verifyingGlobalFilterLandingPageLingua] [verifyingGlobalFilterLandingPageLingua] Element found and ready (attempt 1): By.xpath: //yt-multi-page-menu-section-renderer[@class='style-scope ytd-multi-page-menu-renderer']//yt-formatted-string[@id='label' and text()='English (India)']
2026-03-02 13:58:02.302 [TestNG-test-Yt Master Tests-1] INFO  [verifyingGlobalFilterLandingPageLingua] Clicking settings ellipses button...
2026-03-02 13:58:02.302 [TestNG-test-Yt Master Tests-1] INFO  [verifyingGlobalFilterLandingPageLingua] [verifyingGlobalFilterLandingPageLingua] Trying to find element: By.xpath: //ytd-topbar-menu-button-renderer[@class='style-scope ytd-masthead style-default']
2026-03-02 13:58:04.989 [TestNG-test-Yt Master Tests-1] INFO  [verifyingGlobalFilterLandingPageLingua] [verifyingGlobalFilterLandingPageLingua] Element found and ready (attempt 1): By.xpath: //ytd-topbar-menu-button-renderer[@class='style-scope ytd-masthead style-default']
2026-03-02 13:58:05.376 [TestNG-test-Yt Master Tests-1] INFO  [verifyingGlobalFilterLandingPageLingua] [verifyingGlobalFilterLandingPageLingua] Waiting until element is visible in viewport
2026-03-02 13:58:05.506 [TestNG-test-Yt Master Tests-1] INFO  [verifyingGlobalFilterLandingPageLingua] [verifyingGlobalFilterLandingPageLingua] Capturing screenshot: Filter Applied is English (India)__2026-03-02_135805.jpg
2026-03-02 13:58:05.764 [TestNG-test-Yt Master Tests-1] INFO  [verifyingGlobalFilterLandingPageLingua] [verifyingGlobalFilterLandingPageLingua] Screenshot saved at: test-output/screenshots/Run_2026-03-02_13-54-28/verifyingGlobalFilterLandingPageLingua/Filter Applied is English (India)__2026-03-02_135805.jpg
2026-03-02 13:58:05.764 [TestNG-test-Yt Master Tests-1] INFO  [verifyingGlobalFilterLandingPageLingua] Clicking settings ellipses button...
2026-03-02 13:58:05.764 [TestNG-test-Yt Master Tests-1] INFO  [verifyingGlobalFilterLandingPageLingua] [verifyingGlobalFilterLandingPageLingua] Trying to find element: By.xpath: //ytd-topbar-menu-button-renderer[@class='style-scope ytd-masthead style-default']
2026-03-02 13:58:05.835 [TestNG-test-Yt Master Tests-1] INFO  [verifyingGlobalFilterLandingPageLingua] [verifyingGlobalFilterLandingPageLingua] Element found and ready (attempt 1): By.xpath: //ytd-topbar-menu-button-renderer[@class='style-scope ytd-masthead style-default']
2026-03-02 13:58:05.902 [TestNG-test-Yt Master Tests-1] INFO  [verifyingGlobalFilterLandingPageLingua] Clicking on global filter button in landing page..
2026-03-02 13:58:05.902 [TestNG-test-Yt Master Tests-1] INFO  [verifyingGlobalFilterLandingPageLingua] [verifyingGlobalFilterLandingPageLingua] Trying to click element: By.xpath: //div[@id='filter-button']
2026-03-02 13:58:06.138 [TestNG-test-Yt Master Tests-1] INFO  [verifyingGlobalFilterLandingPageLingua] [verifyingGlobalFilterLandingPageLingua] Clicked successfully (attempt 1): By.xpath: //div[@id='filter-button']
2026-03-02 13:58:06.138 [TestNG-test-Yt Master Tests-1] INFO  [verifyingGlobalFilterLandingPageLingua] [verifyingGlobalFilterLandingPageLingua] Waiting until element is visible in viewport
2026-03-02 13:58:06.170 [TestNG-test-Yt Master Tests-1] INFO  [verifyingGlobalFilterLandingPageLingua] [verifyingGlobalFilterLandingPageLingua] Capturing screenshot: Filter Applied is English (India)__2026-03-02_135806.jpg
2026-03-02 13:58:06.413 [TestNG-test-Yt Master Tests-1] INFO  [verifyingGlobalFilterLandingPageLingua] [verifyingGlobalFilterLandingPageLingua] Screenshot saved at: test-output/screenshots/Run_2026-03-02_13-54-28/verifyingGlobalFilterLandingPageLingua/Filter Applied is English (India)__2026-03-02_135806.jpg
2026-03-02 13:58:06.414 [TestNG-test-Yt Master Tests-1] INFO  [verifyingGlobalFilterLandingPageLingua] Fetching the data from the global filter in landing page
2026-03-02 13:58:06.414 [TestNG-test-Yt Master Tests-1] INFO  [verifyingGlobalFilterLandingPageLingua] [verifyingGlobalFilterLandingPageLingua] Trying to find element: By.xpath: //ytd-search-filter-options-dialog-renderer[@class='style-scope ytd-popup-container']
2026-03-02 13:58:06.519 [TestNG-test-Yt Master Tests-1] INFO  [verifyingGlobalFilterLandingPageLingua] [verifyingGlobalFilterLandingPageLingua] Element found and ready (attempt 1): By.xpath: //ytd-search-filter-options-dialog-renderer[@class='style-scope ytd-popup-container']
2026-03-02 13:58:06.555 [TestNG-test-Yt Master Tests-1] INFO  [verifyingGlobalFilterLandingPageLingua] Closing the global filter pop-up in landing page..
2026-03-02 13:58:06.555 [TestNG-test-Yt Master Tests-1] INFO  [verifyingGlobalFilterLandingPageLingua] [verifyingGlobalFilterLandingPageLingua] Trying to find element: By.xpath: //yt-icon[@icon='close']
2026-03-02 13:58:06.626 [TestNG-test-Yt Master Tests-1] INFO  [verifyingGlobalFilterLandingPageLingua] [verifyingGlobalFilterLandingPageLingua] Element found and ready (attempt 1): By.xpath: //yt-icon[@icon='close']
2026-03-02 13:58:06.707 [TestNG-test-Yt Master Tests-1] INFO  [verifyingGlobalFilterLandingPageLingua] 
========== LANGUAGE DETECTION ==========
Detected Language : ENGLISH
Input Text        : Search filters
TYPE
Videos
Shorts
Channels
Playlists
Movies
DURATION
Under 3 minutes
3–20 minutes
Over 20 minutes
UPLOAD DATE
Today
This week
This month
This year
FEATURES
Live
4K
HD
Subtitles/CC
Creative Commons
360°
VR180
3D
HDR
Location
Purchased
PRIORITISE
Relevance
Popularity
========================================
2026-03-02 13:58:06.708 [TestNG-test-Yt Master Tests-1] INFO  [verifyingGlobalFilterLandingPageLingua] getLangAttribute() - locating <html> and reading lang property
2026-03-02 13:58:06.731 [TestNG-test-Yt Master Tests-1] INFO  [verifyingGlobalFilterLandingPageLingua] Language attribute read: en-IN
2026-03-02 13:58:06.732 [TestNG-test-Yt Master Tests-1] INFO  [verifyingGlobalFilterLandingPageLingua] [verifyingGlobalFilterLandingPageLingua] Not retrying test 'verifyingGlobalFilterLandingPageLingua'. Retry count: 0, Cause: The following asserts failed:
	Language detection mismatch for language=Bosanski expected [CROATIAN] but found [BOSNIAN]
2026-03-02 13:58:06.739 [TestNG-test-Yt Master Tests-1] ERROR [verifyingGlobalFilterLandingPageLingua] Test FAILED: verifyingGlobalFilterLandingPageLingua - java.lang.AssertionError: The following asserts failed:
	Language detection mismatch for language=Bosanski expected [CROATIAN] but found [BOSNIAN]
2026-03-02 13:58:06.739 [TestNG-test-Yt Master Tests-1] INFO  [verifyingGlobalFilterLandingPageLingua] Closing WebDriver for thread: 34
2026-03-02 13:58:07.235 [TestNG-test-Yt Master Tests-1] INFO  [verifyingGlobalFilterLandingPageLingua] WebDriver instance removed from ThreadLocal for thread: 34
2026-03-02 13:58:07.236 [TestNG-test-Yt Master Tests-1] INFO  [verifyingGlobalFilterLandingPageLingua] Driver closed for test: verifyingGlobalFilterLandingPageLingua
