18:14:29 [TestNG-test-Yt Master Tests-2] INFO  verifyingSettingOptionsLang_18-14-29 - No existing WebDriver found for current thread. Initializing a new ChromeDriver...
18:14:29 [TestNG-test-Yt Master Tests-2] INFO  verifyingSettingOptionsLang_18-14-29 - WebDriverManager: chromedriver setup OK
18:14:31 [TestNG-test-Yt Master Tests-2] INFO  verifyingSettingOptionsLang_18-14-29 - ChromeDriver initialized successfully for thread: 35
18:14:31 [TestNG-test-Yt Master Tests-2] INFO  verifyingSettingOptionsLang_18-14-29 - SafeActions initialized with driver ChromeDriver: chrome on windows (4cbbc368dfc5e8e9d7465e76a055dc69)
18:14:31 [TestNG-test-Yt Master Tests-2] INFO  verifyingSettingOptionsLang_18-14-29 - Initialized YtLandingPage with driver: ChromeDriver: chrome on windows (4cbbc368dfc5e8e9d7465e76a055dc69)
18:14:31 [TestNG-test-Yt Master Tests-2] INFO  verifyingSettingOptionsLang_18-14-29 - SafeActions initialized with driver ChromeDriver: chrome on windows (4cbbc368dfc5e8e9d7465e76a055dc69)
18:14:37 [TestNG-test-Yt Master Tests-2] INFO  verifyingSettingOptionsLang_18-14-29 - Opened YouTube landing page.
18:14:37 [TestNG-test-Yt Master Tests-2] INFO  verifyingSettingOptionsLang_18-14-29 - Clicking settings ellipses button...
18:14:37 [TestNG-test-Yt Master Tests-2] INFO  verifyingSettingOptionsLang_18-14-29 - [verifyingSettingOptionsLang_18-14-29] Trying to find element: By.xpath: //ytd-topbar-menu-button-renderer[@class='style-scope ytd-masthead style-default']
18:14:37 [TestNG-test-Yt Master Tests-2] INFO  verifyingSettingOptionsLang_18-14-29 - [verifyingSettingOptionsLang_18-14-29] Element found and ready (attempt 1): By.xpath: //ytd-topbar-menu-button-renderer[@class='style-scope ytd-masthead style-default']
18:14:37 [TestNG-test-Yt Master Tests-2] INFO  verifyingSettingOptionsLang_18-14-29 - Clicking language dropdown...
18:14:37 [TestNG-test-Yt Master Tests-2] INFO  verifyingSettingOptionsLang_18-14-29 - [verifyingSettingOptionsLang_18-14-29] Trying to find element: By.xpath: (//div[@id='content-icon'])[2]
18:14:38 [TestNG-test-Yt Master Tests-2] INFO  verifyingSettingOptionsLang_18-14-29 - [verifyingSettingOptionsLang_18-14-29] Element found and ready (attempt 1): By.xpath: (//div[@id='content-icon'])[2]
18:14:38 [TestNG-test-Yt Master Tests-2] INFO  verifyingSettingOptionsLang_18-14-29 - [verifyingSettingOptionsLang_18-14-29] Execution is Not CRON Job Hence refering to normal keys from UtilData
18:14:38 [TestNG-test-Yt Master Tests-2] INFO  verifyingSettingOptionsLang_18-14-29 - Looking for language element with name: Afrikaans
18:14:38 [TestNG-test-Yt Master Tests-2] INFO  verifyingSettingOptionsLang_18-14-29 - [verifyingSettingOptionsLang_18-14-29] Trying to find element: By.xpath: //yt-multi-page-menu-section-renderer[@class='style-scope ytd-multi-page-menu-renderer']//yt-formatted-string[@id='label' and text()='Afrikaans']
18:14:38 [TestNG-test-Yt Master Tests-2] INFO  verifyingSettingOptionsLang_18-14-29 - [verifyingSettingOptionsLang_18-14-29] Element found and ready (attempt 1): By.xpath: //yt-multi-page-menu-section-renderer[@class='style-scope ytd-multi-page-menu-renderer']//yt-formatted-string[@id='label' and text()='Afrikaans']
18:14:38 [TestNG-test-Yt Master Tests-2] INFO  verifyingSettingOptionsLang_18-14-29 - [verifyingSettingOptionsLang_18-14-29] Trying to find element: By.xpath: //yt-multi-page-menu-section-renderer[@class='style-scope ytd-multi-page-menu-renderer']//yt-formatted-string[@id='label' and text()='Afrikaans']
18:14:39 [TestNG-test-Yt Master Tests-2] INFO  verifyingSettingOptionsLang_18-14-29 - [verifyingSettingOptionsLang_18-14-29] Element found and ready (attempt 1): By.xpath: //yt-multi-page-menu-section-renderer[@class='style-scope ytd-multi-page-menu-renderer']//yt-formatted-string[@id='label' and text()='Afrikaans']
18:14:41 [TestNG-test-Yt Master Tests-2] INFO  verifyingSettingOptionsLang_18-14-29 - Clicking settings ellipses button...
18:14:41 [TestNG-test-Yt Master Tests-2] INFO  verifyingSettingOptionsLang_18-14-29 - [verifyingSettingOptionsLang_18-14-29] Trying to find element: By.xpath: //ytd-topbar-menu-button-renderer[@class='style-scope ytd-masthead style-default']
18:14:42 [TestNG-test-Yt Master Tests-2] INFO  verifyingSettingOptionsLang_18-14-29 - [verifyingSettingOptionsLang_18-14-29] Element found and ready (attempt 1): By.xpath: //ytd-topbar-menu-button-renderer[@class='style-scope ytd-masthead style-default']
18:14:42 [TestNG-test-Yt Master Tests-2] INFO  verifyingSettingOptionsLang_18-14-29 - [verifyingSettingOptionsLang_18-14-29] Waiting until element is visible in viewport
18:14:43 [TestNG-test-Yt Master Tests-2] INFO  verifyingSettingOptionsLang_18-14-29 - Clicking settings ellipses button...
18:14:43 [TestNG-test-Yt Master Tests-2] INFO  verifyingSettingOptionsLang_18-14-29 - [verifyingSettingOptionsLang_18-14-29] Trying to find element: By.xpath: //ytd-topbar-menu-button-renderer[@class='style-scope ytd-masthead style-default']
18:14:43 [TestNG-test-Yt Master Tests-2] INFO  verifyingSettingOptionsLang_18-14-29 - [verifyingSettingOptionsLang_18-14-29] Element found and ready (attempt 1): By.xpath: //ytd-topbar-menu-button-renderer[@class='style-scope ytd-masthead style-default']
18:14:43 [TestNG-test-Yt Master Tests-2] INFO  verifyingSettingOptionsLang_18-14-29 - Clicking settings ellipses button...
18:14:43 [TestNG-test-Yt Master Tests-2] INFO  verifyingSettingOptionsLang_18-14-29 - [verifyingSettingOptionsLang_18-14-29] Trying to find element: By.xpath: //ytd-topbar-menu-button-renderer[@class='style-scope ytd-masthead style-default']
18:14:43 [TestNG-test-Yt Master Tests-2] INFO  verifyingSettingOptionsLang_18-14-29 - [verifyingSettingOptionsLang_18-14-29] Element found and ready (attempt 1): By.xpath: //ytd-topbar-menu-button-renderer[@class='style-scope ytd-masthead style-default']
18:14:43 [TestNG-test-Yt Master Tests-2] INFO  verifyingSettingOptionsLang_18-14-29 - Getting the setting ellipses options
18:14:43 [TestNG-test-Yt Master Tests-2] INFO  verifyingSettingOptionsLang_18-14-29 - [verifyingSettingOptionsLang_18-14-29] Trying to find element: By.xpath: //ytd-multi-page-menu-renderer
18:14:43 [TestNG-test-Yt Master Tests-2] INFO  verifyingSettingOptionsLang_18-14-29 - [verifyingSettingOptionsLang_18-14-29] Element found and ready (attempt 1): By.xpath: //ytd-multi-page-menu-renderer
18:14:43 [TestNG-test-Yt Master Tests-2] INFO  verifyingSettingOptionsLang_18-14-29 - Clicking settings ellipses button...
18:14:43 [TestNG-test-Yt Master Tests-2] INFO  verifyingSettingOptionsLang_18-14-29 - [verifyingSettingOptionsLang_18-14-29] Trying to find element: By.xpath: //ytd-topbar-menu-button-renderer[@class='style-scope ytd-masthead style-default']
18:14:43 [TestNG-test-Yt Master Tests-2] INFO  verifyingSettingOptionsLang_18-14-29 - [verifyingSettingOptionsLang_18-14-29] Element found and ready (attempt 1): By.xpath: //ytd-topbar-menu-button-renderer[@class='style-scope ytd-masthead style-default']
18:14:44 [TestNG-test-Yt Master Tests-2] INFO  verifyingSettingOptionsLang_18-14-29 - 
========== LANGUAGE DETECTION ==========
Detected Language : AFRIKAANS
Input Text        : Jou data in YouTube
Voorkoms: Lig
Vertoontaal:
Afrikaans
Beperkmodus: Af
Ligging:
Verenigde State
Kortpadsleutels
Instellings
Hulp
Stuur terugvoer
========================================
18:14:44 [TestNG-test-Yt Master Tests-2] INFO  verifyingSettingOptionsLang_18-14-29 - getLangAttribute() - locating <html> and reading lang property
18:14:44 [TestNG-test-Yt Master Tests-2] INFO  verifyingSettingOptionsLang_18-14-29 - Language attribute read: af-ZA
18:14:44 [TestNG-test-Yt Master Tests-2] INFO  verifyingSettingOptionsLang_18-14-29 - Clicking settings ellipses button...
18:14:44 [TestNG-test-Yt Master Tests-2] INFO  verifyingSettingOptionsLang_18-14-29 - [verifyingSettingOptionsLang_18-14-29] Trying to find element: By.xpath: //ytd-topbar-menu-button-renderer[@class='style-scope ytd-masthead style-default']
18:14:44 [TestNG-test-Yt Master Tests-2] INFO  verifyingSettingOptionsLang_18-14-29 - [verifyingSettingOptionsLang_18-14-29] Element found and ready (attempt 1): By.xpath: //ytd-topbar-menu-button-renderer[@class='style-scope ytd-masthead style-default']
18:14:44 [TestNG-test-Yt Master Tests-2] INFO  verifyingSettingOptionsLang_18-14-29 - Clicking language dropdown...
18:14:44 [TestNG-test-Yt Master Tests-2] INFO  verifyingSettingOptionsLang_18-14-29 - [verifyingSettingOptionsLang_18-14-29] Trying to find element: By.xpath: (//div[@id='content-icon'])[2]
18:14:45 [TestNG-test-Yt Master Tests-2] INFO  verifyingSettingOptionsLang_18-14-29 - [verifyingSettingOptionsLang_18-14-29] Element found and ready (attempt 1): By.xpath: (//div[@id='content-icon'])[2]
18:14:46 [TestNG-test-Yt Master Tests-2] INFO  verifyingSettingOptionsLang_18-14-29 - Looking for language element with name: Azərbaycan
18:14:46 [TestNG-test-Yt Master Tests-2] INFO  verifyingSettingOptionsLang_18-14-29 - [verifyingSettingOptionsLang_18-14-29] Trying to find element: By.xpath: //yt-multi-page-menu-section-renderer[@class='style-scope ytd-multi-page-menu-renderer']//yt-formatted-string[@id='label' and text()='Azərbaycan']
18:14:46 [TestNG-test-Yt Master Tests-2] INFO  verifyingSettingOptionsLang_18-14-29 - [verifyingSettingOptionsLang_18-14-29] Element found and ready (attempt 1): By.xpath: //yt-multi-page-menu-section-renderer[@class='style-scope ytd-multi-page-menu-renderer']//yt-formatted-string[@id='label' and text()='Azərbaycan']
18:14:46 [TestNG-test-Yt Master Tests-2] INFO  verifyingSettingOptionsLang_18-14-29 - [verifyingSettingOptionsLang_18-14-29] Trying to find element: By.xpath: //yt-multi-page-menu-section-renderer[@class='style-scope ytd-multi-page-menu-renderer']//yt-formatted-string[@id='label' and text()='Azərbaycan']
18:14:46 [TestNG-test-Yt Master Tests-2] INFO  verifyingSettingOptionsLang_18-14-29 - [verifyingSettingOptionsLang_18-14-29] Element found and ready (attempt 1): By.xpath: //yt-multi-page-menu-section-renderer[@class='style-scope ytd-multi-page-menu-renderer']//yt-formatted-string[@id='label' and text()='Azərbaycan']
18:14:48 [TestNG-test-Yt Master Tests-2] INFO  verifyingSettingOptionsLang_18-14-29 - Clicking settings ellipses button...
18:14:49 [TestNG-test-Yt Master Tests-2] INFO  verifyingSettingOptionsLang_18-14-29 - [verifyingSettingOptionsLang_18-14-29] Trying to find element: By.xpath: //ytd-topbar-menu-button-renderer[@class='style-scope ytd-masthead style-default']
18:14:49 [TestNG-test-Yt Master Tests-2] INFO  verifyingSettingOptionsLang_18-14-29 - [verifyingSettingOptionsLang_18-14-29] Element found and ready (attempt 1): By.xpath: //ytd-topbar-menu-button-renderer[@class='style-scope ytd-masthead style-default']
18:14:49 [TestNG-test-Yt Master Tests-2] INFO  verifyingSettingOptionsLang_18-14-29 - [verifyingSettingOptionsLang_18-14-29] Waiting until element is visible in viewport
18:14:49 [TestNG-test-Yt Master Tests-2] INFO  verifyingSettingOptionsLang_18-14-29 - Clicking settings ellipses button...
18:14:49 [TestNG-test-Yt Master Tests-2] INFO  verifyingSettingOptionsLang_18-14-29 - [verifyingSettingOptionsLang_18-14-29] Trying to find element: By.xpath: //ytd-topbar-menu-button-renderer[@class='style-scope ytd-masthead style-default']
18:14:50 [TestNG-test-Yt Master Tests-2] INFO  verifyingSettingOptionsLang_18-14-29 - [verifyingSettingOptionsLang_18-14-29] Element found and ready (attempt 1): By.xpath: //ytd-topbar-menu-button-renderer[@class='style-scope ytd-masthead style-default']
18:14:50 [TestNG-test-Yt Master Tests-2] INFO  verifyingSettingOptionsLang_18-14-29 - Clicking settings ellipses button...
18:14:50 [TestNG-test-Yt Master Tests-2] INFO  verifyingSettingOptionsLang_18-14-29 - [verifyingSettingOptionsLang_18-14-29] Trying to find element: By.xpath: //ytd-topbar-menu-button-renderer[@class='style-scope ytd-masthead style-default']
18:14:50 [TestNG-test-Yt Master Tests-2] INFO  verifyingSettingOptionsLang_18-14-29 - [verifyingSettingOptionsLang_18-14-29] Element found and ready (attempt 1): By.xpath: //ytd-topbar-menu-button-renderer[@class='style-scope ytd-masthead style-default']
18:14:50 [TestNG-test-Yt Master Tests-2] INFO  verifyingSettingOptionsLang_18-14-29 - Getting the setting ellipses options
18:14:50 [TestNG-test-Yt Master Tests-2] INFO  verifyingSettingOptionsLang_18-14-29 - [verifyingSettingOptionsLang_18-14-29] Trying to find element: By.xpath: //ytd-multi-page-menu-renderer
18:14:50 [TestNG-test-Yt Master Tests-2] INFO  verifyingSettingOptionsLang_18-14-29 - [verifyingSettingOptionsLang_18-14-29] Element found and ready (attempt 1): By.xpath: //ytd-multi-page-menu-renderer
18:14:50 [TestNG-test-Yt Master Tests-2] INFO  verifyingSettingOptionsLang_18-14-29 - Clicking settings ellipses button...
18:14:51 [TestNG-test-Yt Master Tests-2] INFO  verifyingSettingOptionsLang_18-14-29 - [verifyingSettingOptionsLang_18-14-29] Trying to find element: By.xpath: //ytd-topbar-menu-button-renderer[@class='style-scope ytd-masthead style-default']
18:14:51 [TestNG-test-Yt Master Tests-2] INFO  verifyingSettingOptionsLang_18-14-29 - [verifyingSettingOptionsLang_18-14-29] Element found and ready (attempt 1): By.xpath: //ytd-topbar-menu-button-renderer[@class='style-scope ytd-masthead style-default']
18:14:51 [TestNG-test-Yt Master Tests-2] INFO  verifyingSettingOptionsLang_18-14-29 - 
========== LANGUAGE DETECTION ==========
Detected Language : AZERBAIJANI
Input Text        : YouTube Datanız
Görünüş: Açıq
Displey dili:
azərbaycan
Limitli Rejim: Deaktiv
Məkan:
Amerika Birləşmiş Ştatları
Klaviatura qısayolları
Ayarlar
Yardım
Rəy göndərin
========================================
18:14:51 [TestNG-test-Yt Master Tests-2] INFO  verifyingSettingOptionsLang_18-14-29 - getLangAttribute() - locating <html> and reading lang property
18:14:51 [TestNG-test-Yt Master Tests-2] INFO  verifyingSettingOptionsLang_18-14-29 - Language attribute read: az-Latn-AZ
18:14:51 [TestNG-test-Yt Master Tests-2] INFO  verifyingSettingOptionsLang_18-14-29 - Clicking settings ellipses button...
18:14:51 [TestNG-test-Yt Master Tests-2] INFO  verifyingSettingOptionsLang_18-14-29 - [verifyingSettingOptionsLang_18-14-29] Trying to find element: By.xpath: //ytd-topbar-menu-button-renderer[@class='style-scope ytd-masthead style-default']
18:14:51 [TestNG-test-Yt Master Tests-2] INFO  verifyingSettingOptionsLang_18-14-29 - [verifyingSettingOptionsLang_18-14-29] Element found and ready (attempt 1): By.xpath: //ytd-topbar-menu-button-renderer[@class='style-scope ytd-masthead style-default']
18:14:51 [TestNG-test-Yt Master Tests-2] INFO  verifyingSettingOptionsLang_18-14-29 - Clicking language dropdown...
18:14:51 [TestNG-test-Yt Master Tests-2] INFO  verifyingSettingOptionsLang_18-14-29 - [verifyingSettingOptionsLang_18-14-29] Trying to find element: By.xpath: (//div[@id='content-icon'])[2]
18:14:51 [TestNG-test-Yt Master Tests-2] INFO  verifyingSettingOptionsLang_18-14-29 - [verifyingSettingOptionsLang_18-14-29] Element found and ready (attempt 1): By.xpath: (//div[@id='content-icon'])[2]
18:14:52 [TestNG-test-Yt Master Tests-2] INFO  verifyingSettingOptionsLang_18-14-29 - Looking for language element with name: Bahasa Indonesia
18:14:52 [TestNG-test-Yt Master Tests-2] INFO  verifyingSettingOptionsLang_18-14-29 - [verifyingSettingOptionsLang_18-14-29] Trying to find element: By.xpath: //yt-multi-page-menu-section-renderer[@class='style-scope ytd-multi-page-menu-renderer']//yt-formatted-string[@id='label' and text()='Bahasa Indonesia']
18:14:52 [TestNG-test-Yt Master Tests-2] INFO  verifyingSettingOptionsLang_18-14-29 - [verifyingSettingOptionsLang_18-14-29] Element found and ready (attempt 1): By.xpath: //yt-multi-page-menu-section-renderer[@class='style-scope ytd-multi-page-menu-renderer']//yt-formatted-string[@id='label' and text()='Bahasa Indonesia']
18:14:52 [TestNG-test-Yt Master Tests-2] INFO  verifyingSettingOptionsLang_18-14-29 - [verifyingSettingOptionsLang_18-14-29] Trying to find element: By.xpath: //yt-multi-page-menu-section-renderer[@class='style-scope ytd-multi-page-menu-renderer']//yt-formatted-string[@id='label' and text()='Bahasa Indonesia']
18:14:52 [TestNG-test-Yt Master Tests-2] INFO  verifyingSettingOptionsLang_18-14-29 - [verifyingSettingOptionsLang_18-14-29] Element found and ready (attempt 1): By.xpath: //yt-multi-page-menu-section-renderer[@class='style-scope ytd-multi-page-menu-renderer']//yt-formatted-string[@id='label' and text()='Bahasa Indonesia']
18:14:53 [TestNG-test-Yt Master Tests-2] INFO  verifyingSettingOptionsLang_18-14-29 - Clicking settings ellipses button...
18:14:53 [TestNG-test-Yt Master Tests-2] INFO  verifyingSettingOptionsLang_18-14-29 - [verifyingSettingOptionsLang_18-14-29] Trying to find element: By.xpath: //ytd-topbar-menu-button-renderer[@class='style-scope ytd-masthead style-default']
18:14:53 [TestNG-test-Yt Master Tests-2] INFO  verifyingSettingOptionsLang_18-14-29 - [verifyingSettingOptionsLang_18-14-29] Element found and ready (attempt 1): By.xpath: //ytd-topbar-menu-button-renderer[@class='style-scope ytd-masthead style-default']
18:14:54 [TestNG-test-Yt Master Tests-2] INFO  verifyingSettingOptionsLang_18-14-29 - [verifyingSettingOptionsLang_18-14-29] Waiting until element is visible in viewport
18:14:55 [TestNG-test-Yt Master Tests-2] INFO  verifyingSettingOptionsLang_18-14-29 - Clicking settings ellipses button...
18:14:55 [TestNG-test-Yt Master Tests-2] INFO  verifyingSettingOptionsLang_18-14-29 - [verifyingSettingOptionsLang_18-14-29] Trying to find element: By.xpath: //ytd-topbar-menu-button-renderer[@class='style-scope ytd-masthead style-default']
18:14:55 [TestNG-test-Yt Master Tests-2] INFO  verifyingSettingOptionsLang_18-14-29 - [verifyingSettingOptionsLang_18-14-29] Element found and ready (attempt 1): By.xpath: //ytd-topbar-menu-button-renderer[@class='style-scope ytd-masthead style-default']
18:14:55 [TestNG-test-Yt Master Tests-2] INFO  verifyingSettingOptionsLang_18-14-29 - Clicking settings ellipses button...
18:14:55 [TestNG-test-Yt Master Tests-2] INFO  verifyingSettingOptionsLang_18-14-29 - [verifyingSettingOptionsLang_18-14-29] Trying to find element: By.xpath: //ytd-topbar-menu-button-renderer[@class='style-scope ytd-masthead style-default']
18:14:55 [TestNG-test-Yt Master Tests-2] INFO  verifyingSettingOptionsLang_18-14-29 - [verifyingSettingOptionsLang_18-14-29] Element found and ready (attempt 1): By.xpath: //ytd-topbar-menu-button-renderer[@class='style-scope ytd-masthead style-default']
18:14:55 [TestNG-test-Yt Master Tests-2] INFO  verifyingSettingOptionsLang_18-14-29 - Getting the setting ellipses options
18:14:55 [TestNG-test-Yt Master Tests-2] INFO  verifyingSettingOptionsLang_18-14-29 - [verifyingSettingOptionsLang_18-14-29] Trying to find element: By.xpath: //ytd-multi-page-menu-renderer
18:14:55 [TestNG-test-Yt Master Tests-2] INFO  verifyingSettingOptionsLang_18-14-29 - [verifyingSettingOptionsLang_18-14-29] Element found and ready (attempt 1): By.xpath: //ytd-multi-page-menu-renderer
18:14:55 [TestNG-test-Yt Master Tests-2] INFO  verifyingSettingOptionsLang_18-14-29 - Clicking settings ellipses button...
18:14:55 [TestNG-test-Yt Master Tests-2] INFO  verifyingSettingOptionsLang_18-14-29 - [verifyingSettingOptionsLang_18-14-29] Trying to find element: By.xpath: //ytd-topbar-menu-button-renderer[@class='style-scope ytd-masthead style-default']
18:14:56 [TestNG-test-Yt Master Tests-2] INFO  verifyingSettingOptionsLang_18-14-29 - [verifyingSettingOptionsLang_18-14-29] Element found and ready (attempt 1): By.xpath: //ytd-topbar-menu-button-renderer[@class='style-scope ytd-masthead style-default']
18:14:56 [TestNG-test-Yt Master Tests-2] INFO  verifyingSettingOptionsLang_18-14-29 - 
========== LANGUAGE DETECTION ==========
Detected Language : INDONESIAN
Input Text        : Data Anda di YouTube
Tampilan: Terang
Bahasa tampilan:
Indonesia
Mode Terbatas: Nonaktif
Lokasi:
Amerika Serikat
Pintasan keyboard
Setelan
Bantuan
Kirim masukan
========================================
18:14:56 [TestNG-test-Yt Master Tests-2] INFO  verifyingSettingOptionsLang_18-14-29 - getLangAttribute() - locating <html> and reading lang property
18:14:56 [TestNG-test-Yt Master Tests-2] INFO  verifyingSettingOptionsLang_18-14-29 - Language attribute read: id-ID
18:14:56 [TestNG-test-Yt Master Tests-2] INFO  verifyingSettingOptionsLang_18-14-29 - Clicking settings ellipses button...
18:14:56 [TestNG-test-Yt Master Tests-2] INFO  verifyingSettingOptionsLang_18-14-29 - [verifyingSettingOptionsLang_18-14-29] Trying to find element: By.xpath: //ytd-topbar-menu-button-renderer[@class='style-scope ytd-masthead style-default']
18:14:56 [TestNG-test-Yt Master Tests-2] INFO  verifyingSettingOptionsLang_18-14-29 - [verifyingSettingOptionsLang_18-14-29] Element found and ready (attempt 1): By.xpath: //ytd-topbar-menu-button-renderer[@class='style-scope ytd-masthead style-default']
18:14:56 [TestNG-test-Yt Master Tests-2] INFO  verifyingSettingOptionsLang_18-14-29 - Clicking language dropdown...
18:14:56 [TestNG-test-Yt Master Tests-2] INFO  verifyingSettingOptionsLang_18-14-29 - [verifyingSettingOptionsLang_18-14-29] Trying to find element: By.xpath: (//div[@id='content-icon'])[2]
18:14:56 [TestNG-test-Yt Master Tests-2] INFO  verifyingSettingOptionsLang_18-14-29 - [verifyingSettingOptionsLang_18-14-29] Element found and ready (attempt 1): By.xpath: (//div[@id='content-icon'])[2]
18:14:57 [TestNG-test-Yt Master Tests-2] INFO  verifyingSettingOptionsLang_18-14-29 - Looking for language element with name: Bosanski
18:14:57 [TestNG-test-Yt Master Tests-2] INFO  verifyingSettingOptionsLang_18-14-29 - [verifyingSettingOptionsLang_18-14-29] Trying to find element: By.xpath: //yt-multi-page-menu-section-renderer[@class='style-scope ytd-multi-page-menu-renderer']//yt-formatted-string[@id='label' and text()='Bosanski']
18:14:57 [TestNG-test-Yt Master Tests-2] INFO  verifyingSettingOptionsLang_18-14-29 - [verifyingSettingOptionsLang_18-14-29] Element found and ready (attempt 1): By.xpath: //yt-multi-page-menu-section-renderer[@class='style-scope ytd-multi-page-menu-renderer']//yt-formatted-string[@id='label' and text()='Bosanski']
18:14:57 [TestNG-test-Yt Master Tests-2] INFO  verifyingSettingOptionsLang_18-14-29 - [verifyingSettingOptionsLang_18-14-29] Trying to find element: By.xpath: //yt-multi-page-menu-section-renderer[@class='style-scope ytd-multi-page-menu-renderer']//yt-formatted-string[@id='label' and text()='Bosanski']
18:14:57 [TestNG-test-Yt Master Tests-2] INFO  verifyingSettingOptionsLang_18-14-29 - [verifyingSettingOptionsLang_18-14-29] Element found and ready (attempt 1): By.xpath: //yt-multi-page-menu-section-renderer[@class='style-scope ytd-multi-page-menu-renderer']//yt-formatted-string[@id='label' and text()='Bosanski']
18:14:58 [TestNG-test-Yt Master Tests-2] INFO  verifyingSettingOptionsLang_18-14-29 - Clicking settings ellipses button...
18:14:59 [TestNG-test-Yt Master Tests-2] INFO  verifyingSettingOptionsLang_18-14-29 - [verifyingSettingOptionsLang_18-14-29] Trying to find element: By.xpath: //ytd-topbar-menu-button-renderer[@class='style-scope ytd-masthead style-default']
18:14:59 [TestNG-test-Yt Master Tests-2] INFO  verifyingSettingOptionsLang_18-14-29 - [verifyingSettingOptionsLang_18-14-29] Element found and ready (attempt 1): By.xpath: //ytd-topbar-menu-button-renderer[@class='style-scope ytd-masthead style-default']
18:14:59 [TestNG-test-Yt Master Tests-2] INFO  verifyingSettingOptionsLang_18-14-29 - [verifyingSettingOptionsLang_18-14-29] Waiting until element is visible in viewport
18:15:00 [TestNG-test-Yt Master Tests-2] INFO  verifyingSettingOptionsLang_18-14-29 - Clicking settings ellipses button...
18:15:00 [TestNG-test-Yt Master Tests-2] INFO  verifyingSettingOptionsLang_18-14-29 - [verifyingSettingOptionsLang_18-14-29] Trying to find element: By.xpath: //ytd-topbar-menu-button-renderer[@class='style-scope ytd-masthead style-default']
18:15:00 [TestNG-test-Yt Master Tests-2] INFO  verifyingSettingOptionsLang_18-14-29 - [verifyingSettingOptionsLang_18-14-29] Element found and ready (attempt 1): By.xpath: //ytd-topbar-menu-button-renderer[@class='style-scope ytd-masthead style-default']
18:15:00 [TestNG-test-Yt Master Tests-2] INFO  verifyingSettingOptionsLang_18-14-29 - Clicking settings ellipses button...
18:15:00 [TestNG-test-Yt Master Tests-2] INFO  verifyingSettingOptionsLang_18-14-29 - [verifyingSettingOptionsLang_18-14-29] Trying to find element: By.xpath: //ytd-topbar-menu-button-renderer[@class='style-scope ytd-masthead style-default']
18:15:01 [TestNG-test-Yt Master Tests-2] INFO  verifyingSettingOptionsLang_18-14-29 - [verifyingSettingOptionsLang_18-14-29] Element found and ready (attempt 1): By.xpath: //ytd-topbar-menu-button-renderer[@class='style-scope ytd-masthead style-default']
18:15:01 [TestNG-test-Yt Master Tests-2] INFO  verifyingSettingOptionsLang_18-14-29 - Getting the setting ellipses options
18:15:01 [TestNG-test-Yt Master Tests-2] INFO  verifyingSettingOptionsLang_18-14-29 - [verifyingSettingOptionsLang_18-14-29] Trying to find element: By.xpath: //ytd-multi-page-menu-renderer
18:15:01 [TestNG-test-Yt Master Tests-2] INFO  verifyingSettingOptionsLang_18-14-29 - [verifyingSettingOptionsLang_18-14-29] Element found and ready (attempt 1): By.xpath: //ytd-multi-page-menu-renderer
18:15:01 [TestNG-test-Yt Master Tests-2] INFO  verifyingSettingOptionsLang_18-14-29 - Clicking settings ellipses button...
18:15:01 [TestNG-test-Yt Master Tests-2] INFO  verifyingSettingOptionsLang_18-14-29 - [verifyingSettingOptionsLang_18-14-29] Trying to find element: By.xpath: //ytd-topbar-menu-button-renderer[@class='style-scope ytd-masthead style-default']
18:15:01 [TestNG-test-Yt Master Tests-2] INFO  verifyingSettingOptionsLang_18-14-29 - [verifyingSettingOptionsLang_18-14-29] Element found and ready (attempt 1): By.xpath: //ytd-topbar-menu-button-renderer[@class='style-scope ytd-masthead style-default']
18:15:02 [TestNG-test-Yt Master Tests-2] INFO  verifyingSettingOptionsLang_18-14-29 - 
========== LANGUAGE DETECTION ==========
Detected Language : BOSNIAN
Input Text        : Vaši podaci na YouTubeu
Izgled: svijetla tema
Jezik prikaza:
bosanski
Ograničeni način rada: isključeno
Lokacija:
Sjedinjene Američke Države
Prečice na tastaturi
Postavke
Pomoć
Pošaljite povratne informacije
========================================
18:15:02 [TestNG-test-Yt Master Tests-2] INFO  verifyingSettingOptionsLang_18-14-29 - getLangAttribute() - locating <html> and reading lang property
18:15:02 [TestNG-test-Yt Master Tests-2] INFO  verifyingSettingOptionsLang_18-14-29 - Language attribute read: bs-Latn-BA
18:15:02 [TestNG-test-Yt Master Tests-2] INFO  verifyingSettingOptionsLang_18-14-29 - Clicking settings ellipses button...
18:15:02 [TestNG-test-Yt Master Tests-2] INFO  verifyingSettingOptionsLang_18-14-29 - [verifyingSettingOptionsLang_18-14-29] Trying to find element: By.xpath: //ytd-topbar-menu-button-renderer[@class='style-scope ytd-masthead style-default']
18:15:02 [TestNG-test-Yt Master Tests-2] INFO  verifyingSettingOptionsLang_18-14-29 - [verifyingSettingOptionsLang_18-14-29] Element found and ready (attempt 1): By.xpath: //ytd-topbar-menu-button-renderer[@class='style-scope ytd-masthead style-default']
18:15:02 [TestNG-test-Yt Master Tests-2] INFO  verifyingSettingOptionsLang_18-14-29 - Clicking language dropdown...
18:15:02 [TestNG-test-Yt Master Tests-2] INFO  verifyingSettingOptionsLang_18-14-29 - [verifyingSettingOptionsLang_18-14-29] Trying to find element: By.xpath: (//div[@id='content-icon'])[2]
18:15:03 [TestNG-test-Yt Master Tests-2] INFO  verifyingSettingOptionsLang_18-14-29 - [verifyingSettingOptionsLang_18-14-29] Element found and ready (attempt 1): By.xpath: (//div[@id='content-icon'])[2]
18:15:03 [TestNG-test-Yt Master Tests-2] INFO  verifyingSettingOptionsLang_18-14-29 - Looking for language element with name: Català
18:15:03 [TestNG-test-Yt Master Tests-2] INFO  verifyingSettingOptionsLang_18-14-29 - [verifyingSettingOptionsLang_18-14-29] Trying to find element: By.xpath: //yt-multi-page-menu-section-renderer[@class='style-scope ytd-multi-page-menu-renderer']//yt-formatted-string[@id='label' and text()='Català']
18:15:03 [TestNG-test-Yt Master Tests-2] INFO  verifyingSettingOptionsLang_18-14-29 - [verifyingSettingOptionsLang_18-14-29] Element found and ready (attempt 1): By.xpath: //yt-multi-page-menu-section-renderer[@class='style-scope ytd-multi-page-menu-renderer']//yt-formatted-string[@id='label' and text()='Català']
18:15:03 [TestNG-test-Yt Master Tests-2] INFO  verifyingSettingOptionsLang_18-14-29 - [verifyingSettingOptionsLang_18-14-29] Trying to find element: By.xpath: //yt-multi-page-menu-section-renderer[@class='style-scope ytd-multi-page-menu-renderer']//yt-formatted-string[@id='label' and text()='Català']
18:15:03 [TestNG-test-Yt Master Tests-2] INFO  verifyingSettingOptionsLang_18-14-29 - [verifyingSettingOptionsLang_18-14-29] Element found and ready (attempt 1): By.xpath: //yt-multi-page-menu-section-renderer[@class='style-scope ytd-multi-page-menu-renderer']//yt-formatted-string[@id='label' and text()='Català']
18:15:05 [TestNG-test-Yt Master Tests-2] INFO  verifyingSettingOptionsLang_18-14-29 - Clicking settings ellipses button...
18:15:05 [TestNG-test-Yt Master Tests-2] INFO  verifyingSettingOptionsLang_18-14-29 - [verifyingSettingOptionsLang_18-14-29] Trying to find element: By.xpath: //ytd-topbar-menu-button-renderer[@class='style-scope ytd-masthead style-default']
18:15:06 [TestNG-test-Yt Master Tests-2] INFO  verifyingSettingOptionsLang_18-14-29 - [verifyingSettingOptionsLang_18-14-29] Element found and ready (attempt 1): By.xpath: //ytd-topbar-menu-button-renderer[@class='style-scope ytd-masthead style-default']
18:15:06 [TestNG-test-Yt Master Tests-2] INFO  verifyingSettingOptionsLang_18-14-29 - [verifyingSettingOptionsLang_18-14-29] Waiting until element is visible in viewport
18:15:07 [TestNG-test-Yt Master Tests-2] INFO  verifyingSettingOptionsLang_18-14-29 - Clicking settings ellipses button...
18:15:07 [TestNG-test-Yt Master Tests-2] INFO  verifyingSettingOptionsLang_18-14-29 - [verifyingSettingOptionsLang_18-14-29] Trying to find element: By.xpath: //ytd-topbar-menu-button-renderer[@class='style-scope ytd-masthead style-default']
18:15:07 [TestNG-test-Yt Master Tests-2] INFO  verifyingSettingOptionsLang_18-14-29 - [verifyingSettingOptionsLang_18-14-29] Element found and ready (attempt 1): By.xpath: //ytd-topbar-menu-button-renderer[@class='style-scope ytd-masthead style-default']
18:15:07 [TestNG-test-Yt Master Tests-2] INFO  verifyingSettingOptionsLang_18-14-29 - Clicking settings ellipses button...
18:15:07 [TestNG-test-Yt Master Tests-2] INFO  verifyingSettingOptionsLang_18-14-29 - [verifyingSettingOptionsLang_18-14-29] Trying to find element: By.xpath: //ytd-topbar-menu-button-renderer[@class='style-scope ytd-masthead style-default']
18:15:07 [TestNG-test-Yt Master Tests-2] INFO  verifyingSettingOptionsLang_18-14-29 - [verifyingSettingOptionsLang_18-14-29] Element found and ready (attempt 1): By.xpath: //ytd-topbar-menu-button-renderer[@class='style-scope ytd-masthead style-default']
18:15:07 [TestNG-test-Yt Master Tests-2] INFO  verifyingSettingOptionsLang_18-14-29 - Getting the setting ellipses options
18:15:07 [TestNG-test-Yt Master Tests-2] INFO  verifyingSettingOptionsLang_18-14-29 - [verifyingSettingOptionsLang_18-14-29] Trying to find element: By.xpath: //ytd-multi-page-menu-renderer
18:15:07 [TestNG-test-Yt Master Tests-2] INFO  verifyingSettingOptionsLang_18-14-29 - [verifyingSettingOptionsLang_18-14-29] Element found and ready (attempt 1): By.xpath: //ytd-multi-page-menu-renderer
18:15:07 [TestNG-test-Yt Master Tests-2] INFO  verifyingSettingOptionsLang_18-14-29 - Clicking settings ellipses button...
18:15:07 [TestNG-test-Yt Master Tests-2] INFO  verifyingSettingOptionsLang_18-14-29 - [verifyingSettingOptionsLang_18-14-29] Trying to find element: By.xpath: //ytd-topbar-menu-button-renderer[@class='style-scope ytd-masthead style-default']
18:15:08 [TestNG-test-Yt Master Tests-2] INFO  verifyingSettingOptionsLang_18-14-29 - [verifyingSettingOptionsLang_18-14-29] Element found and ready (attempt 1): By.xpath: //ytd-topbar-menu-button-renderer[@class='style-scope ytd-masthead style-default']
18:15:08 [TestNG-test-Yt Master Tests-2] INFO  verifyingSettingOptionsLang_18-14-29 - 
========== LANGUAGE DETECTION ==========
Detected Language : CATALAN
Input Text        : Les teves dades a YouTube
Aparença: clar
Idioma de visualització:
català
Mode restringit: desactivat
Ubicació:
Estats Units
Tecles de drecera
Configuració
Ajuda
Envia suggeriments
========================================
18:15:08 [TestNG-test-Yt Master Tests-2] INFO  verifyingSettingOptionsLang_18-14-29 - getLangAttribute() - locating <html> and reading lang property
18:15:08 [TestNG-test-Yt Master Tests-2] INFO  verifyingSettingOptionsLang_18-14-29 - Language attribute read: ca-ES
18:15:08 [TestNG-test-Yt Master Tests-2] INFO  verifyingSettingOptionsLang_18-14-29 - Clicking settings ellipses button...
18:15:08 [TestNG-test-Yt Master Tests-2] INFO  verifyingSettingOptionsLang_18-14-29 - [verifyingSettingOptionsLang_18-14-29] Trying to find element: By.xpath: //ytd-topbar-menu-button-renderer[@class='style-scope ytd-masthead style-default']
18:15:08 [TestNG-test-Yt Master Tests-2] INFO  verifyingSettingOptionsLang_18-14-29 - [verifyingSettingOptionsLang_18-14-29] Element found and ready (attempt 1): By.xpath: //ytd-topbar-menu-button-renderer[@class='style-scope ytd-masthead style-default']
18:15:08 [TestNG-test-Yt Master Tests-2] INFO  verifyingSettingOptionsLang_18-14-29 - Clicking language dropdown...
18:15:08 [TestNG-test-Yt Master Tests-2] INFO  verifyingSettingOptionsLang_18-14-29 - [verifyingSettingOptionsLang_18-14-29] Trying to find element: By.xpath: (//div[@id='content-icon'])[2]
18:15:09 [TestNG-test-Yt Master Tests-2] INFO  verifyingSettingOptionsLang_18-14-29 - [verifyingSettingOptionsLang_18-14-29] Element found and ready (attempt 1): By.xpath: (//div[@id='content-icon'])[2]
18:15:09 [TestNG-test-Yt Master Tests-2] INFO  verifyingSettingOptionsLang_18-14-29 - Looking for language element with name: Dansk
18:15:09 [TestNG-test-Yt Master Tests-2] INFO  verifyingSettingOptionsLang_18-14-29 - [verifyingSettingOptionsLang_18-14-29] Trying to find element: By.xpath: //yt-multi-page-menu-section-renderer[@class='style-scope ytd-multi-page-menu-renderer']//yt-formatted-string[@id='label' and text()='Dansk']
18:15:09 [TestNG-test-Yt Master Tests-2] INFO  verifyingSettingOptionsLang_18-14-29 - [verifyingSettingOptionsLang_18-14-29] Element found and ready (attempt 1): By.xpath: //yt-multi-page-menu-section-renderer[@class='style-scope ytd-multi-page-menu-renderer']//yt-formatted-string[@id='label' and text()='Dansk']
18:15:09 [TestNG-test-Yt Master Tests-2] INFO  verifyingSettingOptionsLang_18-14-29 - [verifyingSettingOptionsLang_18-14-29] Trying to find element: By.xpath: //yt-multi-page-menu-section-renderer[@class='style-scope ytd-multi-page-menu-renderer']//yt-formatted-string[@id='label' and text()='Dansk']
18:15:09 [TestNG-test-Yt Master Tests-2] INFO  verifyingSettingOptionsLang_18-14-29 - [verifyingSettingOptionsLang_18-14-29] Element found and ready (attempt 1): By.xpath: //yt-multi-page-menu-section-renderer[@class='style-scope ytd-multi-page-menu-renderer']//yt-formatted-string[@id='label' and text()='Dansk']
18:15:11 [TestNG-test-Yt Master Tests-2] INFO  verifyingSettingOptionsLang_18-14-29 - Clicking settings ellipses button...
18:15:11 [TestNG-test-Yt Master Tests-2] INFO  verifyingSettingOptionsLang_18-14-29 - [verifyingSettingOptionsLang_18-14-29] Trying to find element: By.xpath: //ytd-topbar-menu-button-renderer[@class='style-scope ytd-masthead style-default']
18:15:11 [TestNG-test-Yt Master Tests-2] INFO  verifyingSettingOptionsLang_18-14-29 - [verifyingSettingOptionsLang_18-14-29] Element found and ready (attempt 1): By.xpath: //ytd-topbar-menu-button-renderer[@class='style-scope ytd-masthead style-default']
18:15:11 [TestNG-test-Yt Master Tests-2] INFO  verifyingSettingOptionsLang_18-14-29 - [verifyingSettingOptionsLang_18-14-29] Waiting until element is visible in viewport
18:15:12 [TestNG-test-Yt Master Tests-2] INFO  verifyingSettingOptionsLang_18-14-29 - Clicking settings ellipses button...
18:15:12 [TestNG-test-Yt Master Tests-2] INFO  verifyingSettingOptionsLang_18-14-29 - [verifyingSettingOptionsLang_18-14-29] Trying to find element: By.xpath: //ytd-topbar-menu-button-renderer[@class='style-scope ytd-masthead style-default']
18:15:12 [TestNG-test-Yt Master Tests-2] INFO  verifyingSettingOptionsLang_18-14-29 - [verifyingSettingOptionsLang_18-14-29] Element found and ready (attempt 1): By.xpath: //ytd-topbar-menu-button-renderer[@class='style-scope ytd-masthead style-default']
18:15:12 [TestNG-test-Yt Master Tests-2] INFO  verifyingSettingOptionsLang_18-14-29 - Clicking settings ellipses button...
18:15:12 [TestNG-test-Yt Master Tests-2] INFO  verifyingSettingOptionsLang_18-14-29 - [verifyingSettingOptionsLang_18-14-29] Trying to find element: By.xpath: //ytd-topbar-menu-button-renderer[@class='style-scope ytd-masthead style-default']
18:15:13 [TestNG-test-Yt Master Tests-2] INFO  verifyingSettingOptionsLang_18-14-29 - [verifyingSettingOptionsLang_18-14-29] Element found and ready (attempt 1): By.xpath: //ytd-topbar-menu-button-renderer[@class='style-scope ytd-masthead style-default']
18:15:13 [TestNG-test-Yt Master Tests-2] INFO  verifyingSettingOptionsLang_18-14-29 - Getting the setting ellipses options
18:15:13 [TestNG-test-Yt Master Tests-2] INFO  verifyingSettingOptionsLang_18-14-29 - [verifyingSettingOptionsLang_18-14-29] Trying to find element: By.xpath: //ytd-multi-page-menu-renderer
18:15:13 [TestNG-test-Yt Master Tests-2] INFO  verifyingSettingOptionsLang_18-14-29 - [verifyingSettingOptionsLang_18-14-29] Element found and ready (attempt 1): By.xpath: //ytd-multi-page-menu-renderer
18:15:13 [TestNG-test-Yt Master Tests-2] INFO  verifyingSettingOptionsLang_18-14-29 - Clicking settings ellipses button...
18:15:13 [TestNG-test-Yt Master Tests-2] INFO  verifyingSettingOptionsLang_18-14-29 - [verifyingSettingOptionsLang_18-14-29] Trying to find element: By.xpath: //ytd-topbar-menu-button-renderer[@class='style-scope ytd-masthead style-default']
18:15:13 [TestNG-test-Yt Master Tests-2] INFO  verifyingSettingOptionsLang_18-14-29 - [verifyingSettingOptionsLang_18-14-29] Element found and ready (attempt 1): By.xpath: //ytd-topbar-menu-button-renderer[@class='style-scope ytd-masthead style-default']
18:15:13 [TestNG-test-Yt Master Tests-2] INFO  verifyingSettingOptionsLang_18-14-29 - 
========== LANGUAGE DETECTION ==========
Detected Language : DANISH
Input Text        : Dine data på YouTube
Udseende: Lyst
Visningssprog:
dansk
Begrænset tilstand: Fra
Lokation:
USA
Tastaturgenveje
Indstillinger
Hjælp
Send feedback
========================================
18:15:13 [TestNG-test-Yt Master Tests-2] INFO  verifyingSettingOptionsLang_18-14-29 - getLangAttribute() - locating <html> and reading lang property
18:15:13 [TestNG-test-Yt Master Tests-2] INFO  verifyingSettingOptionsLang_18-14-29 - Language attribute read: da-DK
18:15:13 [TestNG-test-Yt Master Tests-2] INFO  verifyingSettingOptionsLang_18-14-29 - Clicking settings ellipses button...
18:15:13 [TestNG-test-Yt Master Tests-2] INFO  verifyingSettingOptionsLang_18-14-29 - [verifyingSettingOptionsLang_18-14-29] Trying to find element: By.xpath: //ytd-topbar-menu-button-renderer[@class='style-scope ytd-masthead style-default']
18:15:13 [TestNG-test-Yt Master Tests-2] INFO  verifyingSettingOptionsLang_18-14-29 - [verifyingSettingOptionsLang_18-14-29] Element found and ready (attempt 1): By.xpath: //ytd-topbar-menu-button-renderer[@class='style-scope ytd-masthead style-default']
18:15:13 [TestNG-test-Yt Master Tests-2] INFO  verifyingSettingOptionsLang_18-14-29 - Clicking language dropdown...
18:15:13 [TestNG-test-Yt Master Tests-2] INFO  verifyingSettingOptionsLang_18-14-29 - [verifyingSettingOptionsLang_18-14-29] Trying to find element: By.xpath: (//div[@id='content-icon'])[2]
18:15:14 [TestNG-test-Yt Master Tests-2] INFO  verifyingSettingOptionsLang_18-14-29 - [verifyingSettingOptionsLang_18-14-29] Element found and ready (attempt 1): By.xpath: (//div[@id='content-icon'])[2]
18:15:15 [TestNG-test-Yt Master Tests-2] INFO  verifyingSettingOptionsLang_18-14-29 - Looking for language element with name: Deutsch
18:15:15 [TestNG-test-Yt Master Tests-2] INFO  verifyingSettingOptionsLang_18-14-29 - [verifyingSettingOptionsLang_18-14-29] Trying to find element: By.xpath: //yt-multi-page-menu-section-renderer[@class='style-scope ytd-multi-page-menu-renderer']//yt-formatted-string[@id='label' and text()='Deutsch']
18:15:15 [TestNG-test-Yt Master Tests-2] INFO  verifyingSettingOptionsLang_18-14-29 - [verifyingSettingOptionsLang_18-14-29] Element found and ready (attempt 1): By.xpath: //yt-multi-page-menu-section-renderer[@class='style-scope ytd-multi-page-menu-renderer']//yt-formatted-string[@id='label' and text()='Deutsch']
18:15:15 [TestNG-test-Yt Master Tests-2] INFO  verifyingSettingOptionsLang_18-14-29 - [verifyingSettingOptionsLang_18-14-29] Trying to find element: By.xpath: //yt-multi-page-menu-section-renderer[@class='style-scope ytd-multi-page-menu-renderer']//yt-formatted-string[@id='label' and text()='Deutsch']
18:15:15 [TestNG-test-Yt Master Tests-2] INFO  verifyingSettingOptionsLang_18-14-29 - [verifyingSettingOptionsLang_18-14-29] Element found and ready (attempt 1): By.xpath: //yt-multi-page-menu-section-renderer[@class='style-scope ytd-multi-page-menu-renderer']//yt-formatted-string[@id='label' and text()='Deutsch']
18:15:16 [TestNG-test-Yt Master Tests-2] INFO  verifyingSettingOptionsLang_18-14-29 - Clicking settings ellipses button...
18:15:17 [TestNG-test-Yt Master Tests-2] INFO  verifyingSettingOptionsLang_18-14-29 - [verifyingSettingOptionsLang_18-14-29] Trying to find element: By.xpath: //ytd-topbar-menu-button-renderer[@class='style-scope ytd-masthead style-default']
18:15:17 [TestNG-test-Yt Master Tests-2] INFO  verifyingSettingOptionsLang_18-14-29 - [verifyingSettingOptionsLang_18-14-29] Element found and ready (attempt 1): By.xpath: //ytd-topbar-menu-button-renderer[@class='style-scope ytd-masthead style-default']
18:15:17 [TestNG-test-Yt Master Tests-2] INFO  verifyingSettingOptionsLang_18-14-29 - [verifyingSettingOptionsLang_18-14-29] Waiting until element is visible in viewport
18:15:17 [TestNG-test-Yt Master Tests-2] INFO  verifyingSettingOptionsLang_18-14-29 - Clicking settings ellipses button...
18:15:17 [TestNG-test-Yt Master Tests-2] INFO  verifyingSettingOptionsLang_18-14-29 - [verifyingSettingOptionsLang_18-14-29] Trying to find element: By.xpath: //ytd-topbar-menu-button-renderer[@class='style-scope ytd-masthead style-default']
18:15:17 [TestNG-test-Yt Master Tests-2] INFO  verifyingSettingOptionsLang_18-14-29 - [verifyingSettingOptionsLang_18-14-29] Element found and ready (attempt 1): By.xpath: //ytd-topbar-menu-button-renderer[@class='style-scope ytd-masthead style-default']
18:15:18 [TestNG-test-Yt Master Tests-2] INFO  verifyingSettingOptionsLang_18-14-29 - Clicking settings ellipses button...
18:15:18 [TestNG-test-Yt Master Tests-2] INFO  verifyingSettingOptionsLang_18-14-29 - [verifyingSettingOptionsLang_18-14-29] Trying to find element: By.xpath: //ytd-topbar-menu-button-renderer[@class='style-scope ytd-masthead style-default']
18:15:18 [TestNG-test-Yt Master Tests-2] INFO  verifyingSettingOptionsLang_18-14-29 - [verifyingSettingOptionsLang_18-14-29] Element found and ready (attempt 1): By.xpath: //ytd-topbar-menu-button-renderer[@class='style-scope ytd-masthead style-default']
18:15:18 [TestNG-test-Yt Master Tests-2] INFO  verifyingSettingOptionsLang_18-14-29 - Getting the setting ellipses options
18:15:18 [TestNG-test-Yt Master Tests-2] INFO  verifyingSettingOptionsLang_18-14-29 - [verifyingSettingOptionsLang_18-14-29] Trying to find element: By.xpath: //ytd-multi-page-menu-renderer
18:15:18 [TestNG-test-Yt Master Tests-2] INFO  verifyingSettingOptionsLang_18-14-29 - [verifyingSettingOptionsLang_18-14-29] Element found and ready (attempt 1): By.xpath: //ytd-multi-page-menu-renderer
18:15:18 [TestNG-test-Yt Master Tests-2] INFO  verifyingSettingOptionsLang_18-14-29 - Clicking settings ellipses button...
18:15:18 [TestNG-test-Yt Master Tests-2] INFO  verifyingSettingOptionsLang_18-14-29 - [verifyingSettingOptionsLang_18-14-29] Trying to find element: By.xpath: //ytd-topbar-menu-button-renderer[@class='style-scope ytd-masthead style-default']
18:15:18 [TestNG-test-Yt Master Tests-2] INFO  verifyingSettingOptionsLang_18-14-29 - [verifyingSettingOptionsLang_18-14-29] Element found and ready (attempt 1): By.xpath: //ytd-topbar-menu-button-renderer[@class='style-scope ytd-masthead style-default']
18:15:18 [TestNG-test-Yt Master Tests-2] INFO  verifyingSettingOptionsLang_18-14-29 - 
========== LANGUAGE DETECTION ==========
Detected Language : GERMAN
Input Text        : Meine Daten auf YouTube
Darstellung: Hell
Anzeigesprache:
Deutsch
Eingeschränkter Modus: Deaktiviert
Ort:
USA
Tastenkombinationen
Einstellungen
Hilfe
Feedback senden
========================================
18:15:18 [TestNG-test-Yt Master Tests-2] INFO  verifyingSettingOptionsLang_18-14-29 - getLangAttribute() - locating <html> and reading lang property
18:15:18 [TestNG-test-Yt Master Tests-2] INFO  verifyingSettingOptionsLang_18-14-29 - Language attribute read: de-DE
18:15:18 [TestNG-test-Yt Master Tests-2] INFO  verifyingSettingOptionsLang_18-14-29 - Clicking settings ellipses button...
18:15:18 [TestNG-test-Yt Master Tests-2] INFO  verifyingSettingOptionsLang_18-14-29 - [verifyingSettingOptionsLang_18-14-29] Trying to find element: By.xpath: //ytd-topbar-menu-button-renderer[@class='style-scope ytd-masthead style-default']
18:15:19 [TestNG-test-Yt Master Tests-2] INFO  verifyingSettingOptionsLang_18-14-29 - [verifyingSettingOptionsLang_18-14-29] Element found and ready (attempt 1): By.xpath: //ytd-topbar-menu-button-renderer[@class='style-scope ytd-masthead style-default']
18:15:19 [TestNG-test-Yt Master Tests-2] INFO  verifyingSettingOptionsLang_18-14-29 - Clicking language dropdown...
18:15:19 [TestNG-test-Yt Master Tests-2] INFO  verifyingSettingOptionsLang_18-14-29 - [verifyingSettingOptionsLang_18-14-29] Trying to find element: By.xpath: (//div[@id='content-icon'])[2]
18:15:19 [TestNG-test-Yt Master Tests-2] INFO  verifyingSettingOptionsLang_18-14-29 - [verifyingSettingOptionsLang_18-14-29] Element found and ready (attempt 1): By.xpath: (//div[@id='content-icon'])[2]
18:15:20 [TestNG-test-Yt Master Tests-2] INFO  verifyingSettingOptionsLang_18-14-29 - Looking for language element with name: Eesti
18:15:20 [TestNG-test-Yt Master Tests-2] INFO  verifyingSettingOptionsLang_18-14-29 - [verifyingSettingOptionsLang_18-14-29] Trying to find element: By.xpath: //yt-multi-page-menu-section-renderer[@class='style-scope ytd-multi-page-menu-renderer']//yt-formatted-string[@id='label' and text()='Eesti']
18:15:20 [TestNG-test-Yt Master Tests-2] INFO  verifyingSettingOptionsLang_18-14-29 - [verifyingSettingOptionsLang_18-14-29] Element found and ready (attempt 1): By.xpath: //yt-multi-page-menu-section-renderer[@class='style-scope ytd-multi-page-menu-renderer']//yt-formatted-string[@id='label' and text()='Eesti']
18:15:20 [TestNG-test-Yt Master Tests-2] INFO  verifyingSettingOptionsLang_18-14-29 - [verifyingSettingOptionsLang_18-14-29] Trying to find element: By.xpath: //yt-multi-page-menu-section-renderer[@class='style-scope ytd-multi-page-menu-renderer']//yt-formatted-string[@id='label' and text()='Eesti']
18:15:20 [TestNG-test-Yt Master Tests-2] INFO  verifyingSettingOptionsLang_18-14-29 - [verifyingSettingOptionsLang_18-14-29] Element found and ready (attempt 1): By.xpath: //yt-multi-page-menu-section-renderer[@class='style-scope ytd-multi-page-menu-renderer']//yt-formatted-string[@id='label' and text()='Eesti']
18:15:21 [TestNG-test-Yt Master Tests-2] INFO  verifyingSettingOptionsLang_18-14-29 - Clicking settings ellipses button...
18:15:22 [TestNG-test-Yt Master Tests-2] INFO  verifyingSettingOptionsLang_18-14-29 - [verifyingSettingOptionsLang_18-14-29] Trying to find element: By.xpath: //ytd-topbar-menu-button-renderer[@class='style-scope ytd-masthead style-default']
18:15:22 [TestNG-test-Yt Master Tests-2] INFO  verifyingSettingOptionsLang_18-14-29 - [verifyingSettingOptionsLang_18-14-29] Element found and ready (attempt 1): By.xpath: //ytd-topbar-menu-button-renderer[@class='style-scope ytd-masthead style-default']
18:15:22 [TestNG-test-Yt Master Tests-2] INFO  verifyingSettingOptionsLang_18-14-29 - [verifyingSettingOptionsLang_18-14-29] Waiting until element is visible in viewport
18:15:23 [TestNG-test-Yt Master Tests-2] INFO  verifyingSettingOptionsLang_18-14-29 - Clicking settings ellipses button...
18:15:23 [TestNG-test-Yt Master Tests-2] INFO  verifyingSettingOptionsLang_18-14-29 - [verifyingSettingOptionsLang_18-14-29] Trying to find element: By.xpath: //ytd-topbar-menu-button-renderer[@class='style-scope ytd-masthead style-default']
18:15:23 [TestNG-test-Yt Master Tests-2] INFO  verifyingSettingOptionsLang_18-14-29 - [verifyingSettingOptionsLang_18-14-29] Element found and ready (attempt 1): By.xpath: //ytd-topbar-menu-button-renderer[@class='style-scope ytd-masthead style-default']
18:15:23 [TestNG-test-Yt Master Tests-2] INFO  verifyingSettingOptionsLang_18-14-29 - Clicking settings ellipses button...
18:15:23 [TestNG-test-Yt Master Tests-2] INFO  verifyingSettingOptionsLang_18-14-29 - [verifyingSettingOptionsLang_18-14-29] Trying to find element: By.xpath: //ytd-topbar-menu-button-renderer[@class='style-scope ytd-masthead style-default']
18:15:23 [TestNG-test-Yt Master Tests-2] INFO  verifyingSettingOptionsLang_18-14-29 - [verifyingSettingOptionsLang_18-14-29] Element found and ready (attempt 1): By.xpath: //ytd-topbar-menu-button-renderer[@class='style-scope ytd-masthead style-default']
18:15:23 [TestNG-test-Yt Master Tests-2] INFO  verifyingSettingOptionsLang_18-14-29 - Getting the setting ellipses options
18:15:23 [TestNG-test-Yt Master Tests-2] INFO  verifyingSettingOptionsLang_18-14-29 - [verifyingSettingOptionsLang_18-14-29] Trying to find element: By.xpath: //ytd-multi-page-menu-renderer
18:15:24 [TestNG-test-Yt Master Tests-2] INFO  verifyingSettingOptionsLang_18-14-29 - [verifyingSettingOptionsLang_18-14-29] Element found and ready (attempt 1): By.xpath: //ytd-multi-page-menu-renderer
18:15:24 [TestNG-test-Yt Master Tests-2] INFO  verifyingSettingOptionsLang_18-14-29 - Clicking settings ellipses button...
18:15:24 [TestNG-test-Yt Master Tests-2] INFO  verifyingSettingOptionsLang_18-14-29 - [verifyingSettingOptionsLang_18-14-29] Trying to find element: By.xpath: //ytd-topbar-menu-button-renderer[@class='style-scope ytd-masthead style-default']
18:15:24 [TestNG-test-Yt Master Tests-2] INFO  verifyingSettingOptionsLang_18-14-29 - [verifyingSettingOptionsLang_18-14-29] Element found and ready (attempt 1): By.xpath: //ytd-topbar-menu-button-renderer[@class='style-scope ytd-masthead style-default']
18:15:24 [TestNG-test-Yt Master Tests-2] INFO  verifyingSettingOptionsLang_18-14-29 - 
========== LANGUAGE DETECTION ==========
Detected Language : ESTONIAN
Input Text        : Teie andmed YouTube'is
Välimus: hele
Kuvamiskeel:
eesti
Piiratud režiim: väljas
Asukoht:
Ameerika Ühendriigid
Klaviatuuri otseteed
Seaded
Abi
Tagasiside saatmine
========================================
18:15:24 [TestNG-test-Yt Master Tests-2] INFO  verifyingSettingOptionsLang_18-14-29 - getLangAttribute() - locating <html> and reading lang property
18:15:24 [TestNG-test-Yt Master Tests-2] INFO  verifyingSettingOptionsLang_18-14-29 - Language attribute read: et-EE
18:15:24 [TestNG-test-Yt Master Tests-2] INFO  verifyingSettingOptionsLang_18-14-29 - Clicking settings ellipses button...
18:15:24 [TestNG-test-Yt Master Tests-2] INFO  verifyingSettingOptionsLang_18-14-29 - [verifyingSettingOptionsLang_18-14-29] Trying to find element: By.xpath: //ytd-topbar-menu-button-renderer[@class='style-scope ytd-masthead style-default']
18:15:24 [TestNG-test-Yt Master Tests-2] INFO  verifyingSettingOptionsLang_18-14-29 - [verifyingSettingOptionsLang_18-14-29] Element found and ready (attempt 1): By.xpath: //ytd-topbar-menu-button-renderer[@class='style-scope ytd-masthead style-default']
18:15:24 [TestNG-test-Yt Master Tests-2] INFO  verifyingSettingOptionsLang_18-14-29 - Clicking language dropdown...
18:15:24 [TestNG-test-Yt Master Tests-2] INFO  verifyingSettingOptionsLang_18-14-29 - [verifyingSettingOptionsLang_18-14-29] Trying to find element: By.xpath: (//div[@id='content-icon'])[2]
18:15:25 [TestNG-test-Yt Master Tests-2] INFO  verifyingSettingOptionsLang_18-14-29 - [verifyingSettingOptionsLang_18-14-29] Element found and ready (attempt 1): By.xpath: (//div[@id='content-icon'])[2]
18:15:25 [TestNG-test-Yt Master Tests-2] INFO  verifyingSettingOptionsLang_18-14-29 - Looking for language element with name: English (India)
18:15:25 [TestNG-test-Yt Master Tests-2] INFO  verifyingSettingOptionsLang_18-14-29 - [verifyingSettingOptionsLang_18-14-29] Trying to find element: By.xpath: //yt-multi-page-menu-section-renderer[@class='style-scope ytd-multi-page-menu-renderer']//yt-formatted-string[@id='label' and text()='English (India)']
18:15:26 [TestNG-test-Yt Master Tests-2] INFO  verifyingSettingOptionsLang_18-14-29 - [verifyingSettingOptionsLang_18-14-29] Element found and ready (attempt 1): By.xpath: //yt-multi-page-menu-section-renderer[@class='style-scope ytd-multi-page-menu-renderer']//yt-formatted-string[@id='label' and text()='English (India)']
18:15:26 [TestNG-test-Yt Master Tests-2] INFO  verifyingSettingOptionsLang_18-14-29 - [verifyingSettingOptionsLang_18-14-29] Trying to find element: By.xpath: //yt-multi-page-menu-section-renderer[@class='style-scope ytd-multi-page-menu-renderer']//yt-formatted-string[@id='label' and text()='English (India)']
18:15:26 [TestNG-test-Yt Master Tests-2] INFO  verifyingSettingOptionsLang_18-14-29 - [verifyingSettingOptionsLang_18-14-29] Element found and ready (attempt 1): By.xpath: //yt-multi-page-menu-section-renderer[@class='style-scope ytd-multi-page-menu-renderer']//yt-formatted-string[@id='label' and text()='English (India)']
18:15:26 [TestNG-test-Yt Master Tests-2] INFO  verifyingSettingOptionsLang_18-14-29 - Clicking settings ellipses button...
18:15:27 [TestNG-test-Yt Master Tests-2] INFO  verifyingSettingOptionsLang_18-14-29 - [verifyingSettingOptionsLang_18-14-29] Trying to find element: By.xpath: //ytd-topbar-menu-button-renderer[@class='style-scope ytd-masthead style-default']
18:15:28 [TestNG-test-Yt Master Tests-2] INFO  verifyingSettingOptionsLang_18-14-29 - [verifyingSettingOptionsLang_18-14-29] Element found and ready (attempt 1): By.xpath: //ytd-topbar-menu-button-renderer[@class='style-scope ytd-masthead style-default']
18:15:28 [TestNG-test-Yt Master Tests-2] INFO  verifyingSettingOptionsLang_18-14-29 - [verifyingSettingOptionsLang_18-14-29] Waiting until element is visible in viewport
18:15:28 [TestNG-test-Yt Master Tests-2] INFO  verifyingSettingOptionsLang_18-14-29 - Clicking settings ellipses button...
18:15:28 [TestNG-test-Yt Master Tests-2] INFO  verifyingSettingOptionsLang_18-14-29 - [verifyingSettingOptionsLang_18-14-29] Trying to find element: By.xpath: //ytd-topbar-menu-button-renderer[@class='style-scope ytd-masthead style-default']
18:15:28 [TestNG-test-Yt Master Tests-2] INFO  verifyingSettingOptionsLang_18-14-29 - [verifyingSettingOptionsLang_18-14-29] Element found and ready (attempt 1): By.xpath: //ytd-topbar-menu-button-renderer[@class='style-scope ytd-masthead style-default']
18:15:29 [TestNG-test-Yt Master Tests-2] INFO  verifyingSettingOptionsLang_18-14-29 - Clicking settings ellipses button...
18:15:29 [TestNG-test-Yt Master Tests-2] INFO  verifyingSettingOptionsLang_18-14-29 - [verifyingSettingOptionsLang_18-14-29] Trying to find element: By.xpath: //ytd-topbar-menu-button-renderer[@class='style-scope ytd-masthead style-default']
18:15:29 [TestNG-test-Yt Master Tests-2] INFO  verifyingSettingOptionsLang_18-14-29 - [verifyingSettingOptionsLang_18-14-29] Element found and ready (attempt 1): By.xpath: //ytd-topbar-menu-button-renderer[@class='style-scope ytd-masthead style-default']
18:15:29 [TestNG-test-Yt Master Tests-2] INFO  verifyingSettingOptionsLang_18-14-29 - Getting the setting ellipses options
18:15:29 [TestNG-test-Yt Master Tests-2] INFO  verifyingSettingOptionsLang_18-14-29 - [verifyingSettingOptionsLang_18-14-29] Trying to find element: By.xpath: //ytd-multi-page-menu-renderer
18:15:29 [TestNG-test-Yt Master Tests-2] INFO  verifyingSettingOptionsLang_18-14-29 - [verifyingSettingOptionsLang_18-14-29] Element found and ready (attempt 1): By.xpath: //ytd-multi-page-menu-renderer
18:15:29 [TestNG-test-Yt Master Tests-2] INFO  verifyingSettingOptionsLang_18-14-29 - Clicking settings ellipses button...
18:15:29 [TestNG-test-Yt Master Tests-2] INFO  verifyingSettingOptionsLang_18-14-29 - [verifyingSettingOptionsLang_18-14-29] Trying to find element: By.xpath: //ytd-topbar-menu-button-renderer[@class='style-scope ytd-masthead style-default']
18:15:29 [TestNG-test-Yt Master Tests-2] INFO  verifyingSettingOptionsLang_18-14-29 - [verifyingSettingOptionsLang_18-14-29] Element found and ready (attempt 1): By.xpath: //ytd-topbar-menu-button-renderer[@class='style-scope ytd-masthead style-default']
18:15:29 [TestNG-test-Yt Master Tests-2] INFO  verifyingSettingOptionsLang_18-14-29 - 
========== LANGUAGE DETECTION ==========
Detected Language : ENGLISH
Input Text        : Your data in YouTube
Appearance: Light
Display language:
English (India)
Restricted Mode: Off
Location:
United States
Keyboard shortcuts
Settings
Help
Send feedback
========================================
18:15:29 [TestNG-test-Yt Master Tests-2] INFO  verifyingSettingOptionsLang_18-14-29 - getLangAttribute() - locating <html> and reading lang property
18:15:29 [TestNG-test-Yt Master Tests-2] INFO  verifyingSettingOptionsLang_18-14-29 - Language attribute read: en-IN
18:15:29 [TestNG-test-Yt Master Tests-2] INFO  verifyingSettingOptionsLang_18-14-29 - Clicking settings ellipses button...
18:15:30 [TestNG-test-Yt Master Tests-2] INFO  verifyingSettingOptionsLang_18-14-29 - [verifyingSettingOptionsLang_18-14-29] Trying to find element: By.xpath: //ytd-topbar-menu-button-renderer[@class='style-scope ytd-masthead style-default']
18:15:30 [TestNG-test-Yt Master Tests-2] INFO  verifyingSettingOptionsLang_18-14-29 - [verifyingSettingOptionsLang_18-14-29] Element found and ready (attempt 1): By.xpath: //ytd-topbar-menu-button-renderer[@class='style-scope ytd-masthead style-default']
18:15:30 [TestNG-test-Yt Master Tests-2] INFO  verifyingSettingOptionsLang_18-14-29 - Clicking language dropdown...
18:15:30 [TestNG-test-Yt Master Tests-2] INFO  verifyingSettingOptionsLang_18-14-29 - [verifyingSettingOptionsLang_18-14-29] Trying to find element: By.xpath: (//div[@id='content-icon'])[2]
18:15:31 [TestNG-test-Yt Master Tests-2] INFO  verifyingSettingOptionsLang_18-14-29 - [verifyingSettingOptionsLang_18-14-29] Element found and ready (attempt 1): By.xpath: (//div[@id='content-icon'])[2]
18:15:31 [TestNG-test-Yt Master Tests-2] INFO  verifyingSettingOptionsLang_18-14-29 - [verifyingSettingOptionsLang_18-14-29] Not retrying test 'verifyingSettingOptionsLang'. Retry count: 0, Cause: The following asserts failed:
	Language detection mismatch for language=Bosanski expected [CROATIAN] but found [BOSNIAN]
