16:38:28 [TestNG-test-Yt Master Tests-3] INFO  verifyingSideMenuLanguageAsInSettings_16-38-28 - No existing WebDriver found for current thread. Initializing a new ChromeDriver...
16:38:29 [TestNG-test-Yt Master Tests-3] INFO  verifyingSideMenuLanguageAsInSettings_16-38-28 - WebDriverManager: chromedriver setup OK
16:38:31 [TestNG-test-Yt Master Tests-3] INFO  verifyingSideMenuLanguageAsInSettings_16-38-28 - ChromeDriver initialized successfully for thread: 36
16:38:31 [TestNG-test-Yt Master Tests-3] INFO  verifyingSideMenuLanguageAsInSettings_16-38-28 - SafeActions initialized with driver ChromeDriver: chrome on windows (c5b7d77ba50b2575b87db51bf341bda8)
16:38:31 [TestNG-test-Yt Master Tests-3] INFO  verifyingSideMenuLanguageAsInSettings_16-38-28 - Initialized YtLandingPage with driver: ChromeDriver: chrome on windows (c5b7d77ba50b2575b87db51bf341bda8)
16:38:31 [TestNG-test-Yt Master Tests-3] INFO  verifyingSideMenuLanguageAsInSettings_16-38-28 - SafeActions initialized with driver ChromeDriver: chrome on windows (c5b7d77ba50b2575b87db51bf341bda8)
16:38:34 [TestNG-test-Yt Master Tests-3] INFO  verifyingSideMenuLanguageAsInSettings_16-38-28 - Opened YouTube landing page.
16:38:34 [TestNG-test-Yt Master Tests-3] INFO  verifyingSideMenuLanguageAsInSettings_16-38-28 - Clicking settings ellipses button...
16:38:35 [TestNG-test-Yt Master Tests-3] INFO  verifyingSideMenuLanguageAsInSettings_16-38-28 - [verifyingSideMenuLanguageAsInSettings_16-38-28] Trying to find element: By.xpath: //ytd-topbar-menu-button-renderer[@class='style-scope ytd-masthead style-default']
16:38:35 [TestNG-test-Yt Master Tests-3] INFO  verifyingSideMenuLanguageAsInSettings_16-38-28 - [verifyingSideMenuLanguageAsInSettings_16-38-28] Element found and ready (attempt 1): By.xpath: //ytd-topbar-menu-button-renderer[@class='style-scope ytd-masthead style-default']
16:38:36 [TestNG-test-Yt Master Tests-3] INFO  verifyingSideMenuLanguageAsInSettings_16-38-28 - Clicking language dropdown...
16:38:36 [TestNG-test-Yt Master Tests-3] INFO  verifyingSideMenuLanguageAsInSettings_16-38-28 - [verifyingSideMenuLanguageAsInSettings_16-38-28] Trying to find element: By.xpath: (//div[@id='content-icon'])[2]
16:38:37 [TestNG-test-Yt Master Tests-3] INFO  verifyingSideMenuLanguageAsInSettings_16-38-28 - [verifyingSideMenuLanguageAsInSettings_16-38-28] Element found and ready (attempt 1): By.xpath: (//div[@id='content-icon'])[2]
16:38:37 [TestNG-test-Yt Master Tests-3] INFO  verifyingSideMenuLanguageAsInSettings_16-38-28 - [verifyingSideMenuLanguageAsInSettings_16-38-28] Execution is Not CRON Job Hence referring to normal keys from UtilData
16:38:37 [TestNG-test-Yt Master Tests-3] INFO  verifyingSideMenuLanguageAsInSettings_16-38-28 - [verifyingSideMenuLanguageAsInSettings_16-38-28] Row count is == 10
16:38:38 [TestNG-test-Yt Master Tests-3] INFO  verifyingSideMenuLanguageAsInSettings_16-38-28 - Looking for language element with name: Afrikaans
16:38:38 [TestNG-test-Yt Master Tests-3] INFO  verifyingSideMenuLanguageAsInSettings_16-38-28 - [verifyingSideMenuLanguageAsInSettings_16-38-28] Trying to find element: By.xpath: //yt-multi-page-menu-section-renderer[@class='style-scope ytd-multi-page-menu-renderer']//yt-formatted-string[@id='label' and text()='Afrikaans']
16:38:38 [TestNG-test-Yt Master Tests-3] INFO  verifyingSideMenuLanguageAsInSettings_16-38-28 - [verifyingSideMenuLanguageAsInSettings_16-38-28] Element found and ready (attempt 1): By.xpath: //yt-multi-page-menu-section-renderer[@class='style-scope ytd-multi-page-menu-renderer']//yt-formatted-string[@id='label' and text()='Afrikaans']
16:38:38 [TestNG-test-Yt Master Tests-3] INFO  verifyingSideMenuLanguageAsInSettings_16-38-28 - [verifyingSideMenuLanguageAsInSettings_16-38-28] Trying to find element: By.xpath: //yt-multi-page-menu-section-renderer[@class='style-scope ytd-multi-page-menu-renderer']//yt-formatted-string[@id='label' and text()='Afrikaans']
16:38:38 [TestNG-test-Yt Master Tests-3] INFO  verifyingSideMenuLanguageAsInSettings_16-38-28 - [verifyingSideMenuLanguageAsInSettings_16-38-28] Element found and ready (attempt 1): By.xpath: //yt-multi-page-menu-section-renderer[@class='style-scope ytd-multi-page-menu-renderer']//yt-formatted-string[@id='label' and text()='Afrikaans']
16:38:40 [TestNG-test-Yt Master Tests-3] INFO  verifyingSideMenuLanguageAsInSettings_16-38-28 - Clicking settings ellipses button...
16:38:41 [TestNG-test-Yt Master Tests-3] INFO  verifyingSideMenuLanguageAsInSettings_16-38-28 - [verifyingSideMenuLanguageAsInSettings_16-38-28] Trying to find element: By.xpath: //ytd-topbar-menu-button-renderer[@class='style-scope ytd-masthead style-default']
16:38:41 [TestNG-test-Yt Master Tests-3] INFO  verifyingSideMenuLanguageAsInSettings_16-38-28 - [verifyingSideMenuLanguageAsInSettings_16-38-28] Element found and ready (attempt 1): By.xpath: //ytd-topbar-menu-button-renderer[@class='style-scope ytd-masthead style-default']
16:38:42 [TestNG-test-Yt Master Tests-3] INFO  verifyingSideMenuLanguageAsInSettings_16-38-28 - [verifyingSideMenuLanguageAsInSettings_16-38-28] Waiting until element is visible in viewport
16:38:42 [TestNG-test-Yt Master Tests-3] INFO  verifyingSideMenuLanguageAsInSettings_16-38-28 - Clicking settings ellipses button...
16:38:42 [TestNG-test-Yt Master Tests-3] INFO  verifyingSideMenuLanguageAsInSettings_16-38-28 - [verifyingSideMenuLanguageAsInSettings_16-38-28] Trying to find element: By.xpath: //ytd-topbar-menu-button-renderer[@class='style-scope ytd-masthead style-default']
16:38:42 [TestNG-test-Yt Master Tests-3] INFO  verifyingSideMenuLanguageAsInSettings_16-38-28 - [verifyingSideMenuLanguageAsInSettings_16-38-28] Element found and ready (attempt 1): By.xpath: //ytd-topbar-menu-button-renderer[@class='style-scope ytd-masthead style-default']
16:38:42 [TestNG-test-Yt Master Tests-3] INFO  verifyingSideMenuLanguageAsInSettings_16-38-28 - Fetching the side menu in expanded view
16:38:42 [TestNG-test-Yt Master Tests-3] INFO  verifyingSideMenuLanguageAsInSettings_16-38-28 - [verifyingSideMenuLanguageAsInSettings_16-38-28] Finding elements list: By.xpath: //ytd-guide-entry-renderer[@class='style-scope ytd-guide-section-renderer']
16:38:43 [TestNG-test-Yt Master Tests-3] INFO  verifyingSideMenuLanguageAsInSettings_16-38-28 - [verifyingSideMenuLanguageAsInSettings_16-38-28] Found 13 ready elements (attempt 1): By.xpath: //ytd-guide-entry-renderer[@class='style-scope ytd-guide-section-renderer']
16:38:43 [TestNG-test-Yt Master Tests-3] INFO  verifyingSideMenuLanguageAsInSettings_16-38-28 - Clicking settings ellipses button...
16:38:43 [TestNG-test-Yt Master Tests-3] INFO  verifyingSideMenuLanguageAsInSettings_16-38-28 - [verifyingSideMenuLanguageAsInSettings_16-38-28] Trying to find element: By.xpath: //ytd-topbar-menu-button-renderer[@class='style-scope ytd-masthead style-default']
16:38:43 [TestNG-test-Yt Master Tests-3] INFO  verifyingSideMenuLanguageAsInSettings_16-38-28 - [verifyingSideMenuLanguageAsInSettings_16-38-28] Element found and ready (attempt 1): By.xpath: //ytd-topbar-menu-button-renderer[@class='style-scope ytd-masthead style-default']
16:38:43 [TestNG-test-Yt Master Tests-3] INFO  verifyingSideMenuLanguageAsInSettings_16-38-28 - Clicking language dropdown...
16:38:43 [TestNG-test-Yt Master Tests-3] INFO  verifyingSideMenuLanguageAsInSettings_16-38-28 - [verifyingSideMenuLanguageAsInSettings_16-38-28] Trying to find element: By.xpath: (//div[@id='content-icon'])[2]
16:38:44 [TestNG-test-Yt Master Tests-3] INFO  verifyingSideMenuLanguageAsInSettings_16-38-28 - [verifyingSideMenuLanguageAsInSettings_16-38-28] Element found and ready (attempt 1): By.xpath: (//div[@id='content-icon'])[2]
16:38:45 [TestNG-test-Yt Master Tests-3] INFO  verifyingSideMenuLanguageAsInSettings_16-38-28 - Looking for language element with name: Azərbaycan
16:38:45 [TestNG-test-Yt Master Tests-3] INFO  verifyingSideMenuLanguageAsInSettings_16-38-28 - [verifyingSideMenuLanguageAsInSettings_16-38-28] Trying to find element: By.xpath: //yt-multi-page-menu-section-renderer[@class='style-scope ytd-multi-page-menu-renderer']//yt-formatted-string[@id='label' and text()='Azərbaycan']
16:38:45 [TestNG-test-Yt Master Tests-3] INFO  verifyingSideMenuLanguageAsInSettings_16-38-28 - [verifyingSideMenuLanguageAsInSettings_16-38-28] Element found and ready (attempt 1): By.xpath: //yt-multi-page-menu-section-renderer[@class='style-scope ytd-multi-page-menu-renderer']//yt-formatted-string[@id='label' and text()='Azərbaycan']
16:38:45 [TestNG-test-Yt Master Tests-3] INFO  verifyingSideMenuLanguageAsInSettings_16-38-28 - [verifyingSideMenuLanguageAsInSettings_16-38-28] Trying to find element: By.xpath: //yt-multi-page-menu-section-renderer[@class='style-scope ytd-multi-page-menu-renderer']//yt-formatted-string[@id='label' and text()='Azərbaycan']
16:38:46 [TestNG-test-Yt Master Tests-3] INFO  verifyingSideMenuLanguageAsInSettings_16-38-28 - [verifyingSideMenuLanguageAsInSettings_16-38-28] Element found and ready (attempt 1): By.xpath: //yt-multi-page-menu-section-renderer[@class='style-scope ytd-multi-page-menu-renderer']//yt-formatted-string[@id='label' and text()='Azərbaycan']
16:38:48 [TestNG-test-Yt Master Tests-3] INFO  verifyingSideMenuLanguageAsInSettings_16-38-28 - Clicking settings ellipses button...
16:38:48 [TestNG-test-Yt Master Tests-3] INFO  verifyingSideMenuLanguageAsInSettings_16-38-28 - [verifyingSideMenuLanguageAsInSettings_16-38-28] Trying to find element: By.xpath: //ytd-topbar-menu-button-renderer[@class='style-scope ytd-masthead style-default']
16:38:48 [TestNG-test-Yt Master Tests-3] INFO  verifyingSideMenuLanguageAsInSettings_16-38-28 - [verifyingSideMenuLanguageAsInSettings_16-38-28] Element found and ready (attempt 1): By.xpath: //ytd-topbar-menu-button-renderer[@class='style-scope ytd-masthead style-default']
16:38:48 [TestNG-test-Yt Master Tests-3] INFO  verifyingSideMenuLanguageAsInSettings_16-38-28 - [verifyingSideMenuLanguageAsInSettings_16-38-28] Waiting until element is visible in viewport
16:38:49 [TestNG-test-Yt Master Tests-3] INFO  verifyingSideMenuLanguageAsInSettings_16-38-28 - Clicking settings ellipses button...
16:38:49 [TestNG-test-Yt Master Tests-3] INFO  verifyingSideMenuLanguageAsInSettings_16-38-28 - [verifyingSideMenuLanguageAsInSettings_16-38-28] Trying to find element: By.xpath: //ytd-topbar-menu-button-renderer[@class='style-scope ytd-masthead style-default']
16:38:49 [TestNG-test-Yt Master Tests-3] INFO  verifyingSideMenuLanguageAsInSettings_16-38-28 - [verifyingSideMenuLanguageAsInSettings_16-38-28] Element found and ready (attempt 1): By.xpath: //ytd-topbar-menu-button-renderer[@class='style-scope ytd-masthead style-default']
16:38:49 [TestNG-test-Yt Master Tests-3] INFO  verifyingSideMenuLanguageAsInSettings_16-38-28 - Fetching the side menu in expanded view
16:38:49 [TestNG-test-Yt Master Tests-3] INFO  verifyingSideMenuLanguageAsInSettings_16-38-28 - [verifyingSideMenuLanguageAsInSettings_16-38-28] Finding elements list: By.xpath: //ytd-guide-entry-renderer[@class='style-scope ytd-guide-section-renderer']
16:38:50 [TestNG-test-Yt Master Tests-3] INFO  verifyingSideMenuLanguageAsInSettings_16-38-28 - [verifyingSideMenuLanguageAsInSettings_16-38-28] Found 13 ready elements (attempt 1): By.xpath: //ytd-guide-entry-renderer[@class='style-scope ytd-guide-section-renderer']
16:38:50 [TestNG-test-Yt Master Tests-3] INFO  verifyingSideMenuLanguageAsInSettings_16-38-28 - Clicking settings ellipses button...
16:38:50 [TestNG-test-Yt Master Tests-3] INFO  verifyingSideMenuLanguageAsInSettings_16-38-28 - [verifyingSideMenuLanguageAsInSettings_16-38-28] Trying to find element: By.xpath: //ytd-topbar-menu-button-renderer[@class='style-scope ytd-masthead style-default']
16:38:50 [TestNG-test-Yt Master Tests-3] INFO  verifyingSideMenuLanguageAsInSettings_16-38-28 - [verifyingSideMenuLanguageAsInSettings_16-38-28] Element found and ready (attempt 1): By.xpath: //ytd-topbar-menu-button-renderer[@class='style-scope ytd-masthead style-default']
16:38:50 [TestNG-test-Yt Master Tests-3] INFO  verifyingSideMenuLanguageAsInSettings_16-38-28 - Clicking language dropdown...
16:38:50 [TestNG-test-Yt Master Tests-3] INFO  verifyingSideMenuLanguageAsInSettings_16-38-28 - [verifyingSideMenuLanguageAsInSettings_16-38-28] Trying to find element: By.xpath: (//div[@id='content-icon'])[2]
16:38:51 [TestNG-test-Yt Master Tests-3] INFO  verifyingSideMenuLanguageAsInSettings_16-38-28 - [verifyingSideMenuLanguageAsInSettings_16-38-28] Element found and ready (attempt 1): By.xpath: (//div[@id='content-icon'])[2]
16:38:52 [TestNG-test-Yt Master Tests-3] INFO  verifyingSideMenuLanguageAsInSettings_16-38-28 - Looking for language element with name: Bahasa Indonesia
16:38:52 [TestNG-test-Yt Master Tests-3] INFO  verifyingSideMenuLanguageAsInSettings_16-38-28 - [verifyingSideMenuLanguageAsInSettings_16-38-28] Trying to find element: By.xpath: //yt-multi-page-menu-section-renderer[@class='style-scope ytd-multi-page-menu-renderer']//yt-formatted-string[@id='label' and text()='Bahasa Indonesia']
16:38:52 [TestNG-test-Yt Master Tests-3] INFO  verifyingSideMenuLanguageAsInSettings_16-38-28 - [verifyingSideMenuLanguageAsInSettings_16-38-28] Element found and ready (attempt 1): By.xpath: //yt-multi-page-menu-section-renderer[@class='style-scope ytd-multi-page-menu-renderer']//yt-formatted-string[@id='label' and text()='Bahasa Indonesia']
16:38:52 [TestNG-test-Yt Master Tests-3] INFO  verifyingSideMenuLanguageAsInSettings_16-38-28 - [verifyingSideMenuLanguageAsInSettings_16-38-28] Trying to find element: By.xpath: //yt-multi-page-menu-section-renderer[@class='style-scope ytd-multi-page-menu-renderer']//yt-formatted-string[@id='label' and text()='Bahasa Indonesia']
16:38:53 [TestNG-test-Yt Master Tests-3] INFO  verifyingSideMenuLanguageAsInSettings_16-38-28 - [verifyingSideMenuLanguageAsInSettings_16-38-28] Element found and ready (attempt 1): By.xpath: //yt-multi-page-menu-section-renderer[@class='style-scope ytd-multi-page-menu-renderer']//yt-formatted-string[@id='label' and text()='Bahasa Indonesia']
16:38:56 [TestNG-test-Yt Master Tests-3] INFO  verifyingSideMenuLanguageAsInSettings_16-38-28 - Clicking settings ellipses button...
16:38:56 [TestNG-test-Yt Master Tests-3] INFO  verifyingSideMenuLanguageAsInSettings_16-38-28 - [verifyingSideMenuLanguageAsInSettings_16-38-28] Trying to find element: By.xpath: //ytd-topbar-menu-button-renderer[@class='style-scope ytd-masthead style-default']
16:38:56 [TestNG-test-Yt Master Tests-3] INFO  verifyingSideMenuLanguageAsInSettings_16-38-28 - [verifyingSideMenuLanguageAsInSettings_16-38-28] Element found and ready (attempt 1): By.xpath: //ytd-topbar-menu-button-renderer[@class='style-scope ytd-masthead style-default']
16:38:56 [TestNG-test-Yt Master Tests-3] INFO  verifyingSideMenuLanguageAsInSettings_16-38-28 - [verifyingSideMenuLanguageAsInSettings_16-38-28] Waiting until element is visible in viewport
16:38:57 [TestNG-test-Yt Master Tests-3] INFO  verifyingSideMenuLanguageAsInSettings_16-38-28 - Clicking settings ellipses button...
16:38:57 [TestNG-test-Yt Master Tests-3] INFO  verifyingSideMenuLanguageAsInSettings_16-38-28 - [verifyingSideMenuLanguageAsInSettings_16-38-28] Trying to find element: By.xpath: //ytd-topbar-menu-button-renderer[@class='style-scope ytd-masthead style-default']
16:38:57 [TestNG-test-Yt Master Tests-3] INFO  verifyingSideMenuLanguageAsInSettings_16-38-28 - [verifyingSideMenuLanguageAsInSettings_16-38-28] Element found and ready (attempt 1): By.xpath: //ytd-topbar-menu-button-renderer[@class='style-scope ytd-masthead style-default']
16:38:58 [TestNG-test-Yt Master Tests-3] INFO  verifyingSideMenuLanguageAsInSettings_16-38-28 - Fetching the side menu in expanded view
16:38:58 [TestNG-test-Yt Master Tests-3] INFO  verifyingSideMenuLanguageAsInSettings_16-38-28 - [verifyingSideMenuLanguageAsInSettings_16-38-28] Finding elements list: By.xpath: //ytd-guide-entry-renderer[@class='style-scope ytd-guide-section-renderer']
16:38:58 [TestNG-test-Yt Master Tests-3] INFO  verifyingSideMenuLanguageAsInSettings_16-38-28 - [verifyingSideMenuLanguageAsInSettings_16-38-28] Found 13 ready elements (attempt 1): By.xpath: //ytd-guide-entry-renderer[@class='style-scope ytd-guide-section-renderer']
16:38:59 [TestNG-test-Yt Master Tests-3] INFO  verifyingSideMenuLanguageAsInSettings_16-38-28 - Clicking settings ellipses button...
16:38:59 [TestNG-test-Yt Master Tests-3] INFO  verifyingSideMenuLanguageAsInSettings_16-38-28 - [verifyingSideMenuLanguageAsInSettings_16-38-28] Trying to find element: By.xpath: //ytd-topbar-menu-button-renderer[@class='style-scope ytd-masthead style-default']
16:38:59 [TestNG-test-Yt Master Tests-3] INFO  verifyingSideMenuLanguageAsInSettings_16-38-28 - [verifyingSideMenuLanguageAsInSettings_16-38-28] Element found and ready (attempt 1): By.xpath: //ytd-topbar-menu-button-renderer[@class='style-scope ytd-masthead style-default']
16:38:59 [TestNG-test-Yt Master Tests-3] INFO  verifyingSideMenuLanguageAsInSettings_16-38-28 - Clicking language dropdown...
16:38:59 [TestNG-test-Yt Master Tests-3] INFO  verifyingSideMenuLanguageAsInSettings_16-38-28 - [verifyingSideMenuLanguageAsInSettings_16-38-28] Trying to find element: By.xpath: (//div[@id='content-icon'])[2]
16:39:00 [TestNG-test-Yt Master Tests-3] INFO  verifyingSideMenuLanguageAsInSettings_16-38-28 - [verifyingSideMenuLanguageAsInSettings_16-38-28] Element found and ready (attempt 1): By.xpath: (//div[@id='content-icon'])[2]
16:39:01 [TestNG-test-Yt Master Tests-3] INFO  verifyingSideMenuLanguageAsInSettings_16-38-28 - Looking for language element with name: Bosanski
16:39:01 [TestNG-test-Yt Master Tests-3] INFO  verifyingSideMenuLanguageAsInSettings_16-38-28 - [verifyingSideMenuLanguageAsInSettings_16-38-28] Trying to find element: By.xpath: //yt-multi-page-menu-section-renderer[@class='style-scope ytd-multi-page-menu-renderer']//yt-formatted-string[@id='label' and text()='Bosanski']
16:39:01 [TestNG-test-Yt Master Tests-3] INFO  verifyingSideMenuLanguageAsInSettings_16-38-28 - [verifyingSideMenuLanguageAsInSettings_16-38-28] Element found and ready (attempt 1): By.xpath: //yt-multi-page-menu-section-renderer[@class='style-scope ytd-multi-page-menu-renderer']//yt-formatted-string[@id='label' and text()='Bosanski']
16:39:01 [TestNG-test-Yt Master Tests-3] INFO  verifyingSideMenuLanguageAsInSettings_16-38-28 - [verifyingSideMenuLanguageAsInSettings_16-38-28] Trying to find element: By.xpath: //yt-multi-page-menu-section-renderer[@class='style-scope ytd-multi-page-menu-renderer']//yt-formatted-string[@id='label' and text()='Bosanski']
16:39:01 [TestNG-test-Yt Master Tests-3] INFO  verifyingSideMenuLanguageAsInSettings_16-38-28 - [verifyingSideMenuLanguageAsInSettings_16-38-28] Element found and ready (attempt 1): By.xpath: //yt-multi-page-menu-section-renderer[@class='style-scope ytd-multi-page-menu-renderer']//yt-formatted-string[@id='label' and text()='Bosanski']
16:39:03 [TestNG-test-Yt Master Tests-3] INFO  verifyingSideMenuLanguageAsInSettings_16-38-28 - Clicking settings ellipses button...
16:39:03 [TestNG-test-Yt Master Tests-3] INFO  verifyingSideMenuLanguageAsInSettings_16-38-28 - [verifyingSideMenuLanguageAsInSettings_16-38-28] Trying to find element: By.xpath: //ytd-topbar-menu-button-renderer[@class='style-scope ytd-masthead style-default']
16:39:04 [TestNG-test-Yt Master Tests-3] INFO  verifyingSideMenuLanguageAsInSettings_16-38-28 - [verifyingSideMenuLanguageAsInSettings_16-38-28] Element found and ready (attempt 1): By.xpath: //ytd-topbar-menu-button-renderer[@class='style-scope ytd-masthead style-default']
16:39:04 [TestNG-test-Yt Master Tests-3] INFO  verifyingSideMenuLanguageAsInSettings_16-38-28 - [verifyingSideMenuLanguageAsInSettings_16-38-28] Waiting until element is visible in viewport
16:39:05 [TestNG-test-Yt Master Tests-3] INFO  verifyingSideMenuLanguageAsInSettings_16-38-28 - Clicking settings ellipses button...
16:39:05 [TestNG-test-Yt Master Tests-3] INFO  verifyingSideMenuLanguageAsInSettings_16-38-28 - [verifyingSideMenuLanguageAsInSettings_16-38-28] Trying to find element: By.xpath: //ytd-topbar-menu-button-renderer[@class='style-scope ytd-masthead style-default']
16:39:05 [TestNG-test-Yt Master Tests-3] INFO  verifyingSideMenuLanguageAsInSettings_16-38-28 - [verifyingSideMenuLanguageAsInSettings_16-38-28] Element found and ready (attempt 1): By.xpath: //ytd-topbar-menu-button-renderer[@class='style-scope ytd-masthead style-default']
16:39:05 [TestNG-test-Yt Master Tests-3] INFO  verifyingSideMenuLanguageAsInSettings_16-38-28 - Fetching the side menu in expanded view
16:39:05 [TestNG-test-Yt Master Tests-3] INFO  verifyingSideMenuLanguageAsInSettings_16-38-28 - [verifyingSideMenuLanguageAsInSettings_16-38-28] Finding elements list: By.xpath: //ytd-guide-entry-renderer[@class='style-scope ytd-guide-section-renderer']
16:39:05 [TestNG-test-Yt Master Tests-3] INFO  verifyingSideMenuLanguageAsInSettings_16-38-28 - [verifyingSideMenuLanguageAsInSettings_16-38-28] Found 13 ready elements (attempt 1): By.xpath: //ytd-guide-entry-renderer[@class='style-scope ytd-guide-section-renderer']
16:39:06 [TestNG-test-Yt Master Tests-3] INFO  verifyingSideMenuLanguageAsInSettings_16-38-28 - Clicking settings ellipses button...
16:39:06 [TestNG-test-Yt Master Tests-3] INFO  verifyingSideMenuLanguageAsInSettings_16-38-28 - [verifyingSideMenuLanguageAsInSettings_16-38-28] Trying to find element: By.xpath: //ytd-topbar-menu-button-renderer[@class='style-scope ytd-masthead style-default']
16:39:06 [TestNG-test-Yt Master Tests-3] INFO  verifyingSideMenuLanguageAsInSettings_16-38-28 - [verifyingSideMenuLanguageAsInSettings_16-38-28] Element found and ready (attempt 1): By.xpath: //ytd-topbar-menu-button-renderer[@class='style-scope ytd-masthead style-default']
16:39:06 [TestNG-test-Yt Master Tests-3] INFO  verifyingSideMenuLanguageAsInSettings_16-38-28 - Clicking language dropdown...
16:39:06 [TestNG-test-Yt Master Tests-3] INFO  verifyingSideMenuLanguageAsInSettings_16-38-28 - [verifyingSideMenuLanguageAsInSettings_16-38-28] Trying to find element: By.xpath: (//div[@id='content-icon'])[2]
16:39:06 [TestNG-test-Yt Master Tests-3] INFO  verifyingSideMenuLanguageAsInSettings_16-38-28 - [verifyingSideMenuLanguageAsInSettings_16-38-28] Element found and ready (attempt 1): By.xpath: (//div[@id='content-icon'])[2]
16:39:08 [TestNG-test-Yt Master Tests-3] INFO  verifyingSideMenuLanguageAsInSettings_16-38-28 - Looking for language element with name: Català
16:39:08 [TestNG-test-Yt Master Tests-3] INFO  verifyingSideMenuLanguageAsInSettings_16-38-28 - [verifyingSideMenuLanguageAsInSettings_16-38-28] Trying to find element: By.xpath: //yt-multi-page-menu-section-renderer[@class='style-scope ytd-multi-page-menu-renderer']//yt-formatted-string[@id='label' and text()='Català']
16:39:08 [TestNG-test-Yt Master Tests-3] INFO  verifyingSideMenuLanguageAsInSettings_16-38-28 - [verifyingSideMenuLanguageAsInSettings_16-38-28] Element found and ready (attempt 1): By.xpath: //yt-multi-page-menu-section-renderer[@class='style-scope ytd-multi-page-menu-renderer']//yt-formatted-string[@id='label' and text()='Català']
16:39:08 [TestNG-test-Yt Master Tests-3] INFO  verifyingSideMenuLanguageAsInSettings_16-38-28 - [verifyingSideMenuLanguageAsInSettings_16-38-28] Trying to find element: By.xpath: //yt-multi-page-menu-section-renderer[@class='style-scope ytd-multi-page-menu-renderer']//yt-formatted-string[@id='label' and text()='Català']
16:39:08 [TestNG-test-Yt Master Tests-3] INFO  verifyingSideMenuLanguageAsInSettings_16-38-28 - [verifyingSideMenuLanguageAsInSettings_16-38-28] Element found and ready (attempt 1): By.xpath: //yt-multi-page-menu-section-renderer[@class='style-scope ytd-multi-page-menu-renderer']//yt-formatted-string[@id='label' and text()='Català']
16:39:11 [TestNG-test-Yt Master Tests-3] INFO  verifyingSideMenuLanguageAsInSettings_16-38-28 - Clicking settings ellipses button...
16:39:11 [TestNG-test-Yt Master Tests-3] INFO  verifyingSideMenuLanguageAsInSettings_16-38-28 - [verifyingSideMenuLanguageAsInSettings_16-38-28] Trying to find element: By.xpath: //ytd-topbar-menu-button-renderer[@class='style-scope ytd-masthead style-default']
16:39:11 [TestNG-test-Yt Master Tests-3] INFO  verifyingSideMenuLanguageAsInSettings_16-38-28 - [verifyingSideMenuLanguageAsInSettings_16-38-28] Element found and ready (attempt 1): By.xpath: //ytd-topbar-menu-button-renderer[@class='style-scope ytd-masthead style-default']
16:39:11 [TestNG-test-Yt Master Tests-3] INFO  verifyingSideMenuLanguageAsInSettings_16-38-28 - [verifyingSideMenuLanguageAsInSettings_16-38-28] Waiting until element is visible in viewport
16:39:12 [TestNG-test-Yt Master Tests-3] INFO  verifyingSideMenuLanguageAsInSettings_16-38-28 - Clicking settings ellipses button...
16:39:12 [TestNG-test-Yt Master Tests-3] INFO  verifyingSideMenuLanguageAsInSettings_16-38-28 - [verifyingSideMenuLanguageAsInSettings_16-38-28] Trying to find element: By.xpath: //ytd-topbar-menu-button-renderer[@class='style-scope ytd-masthead style-default']
16:39:12 [TestNG-test-Yt Master Tests-3] INFO  verifyingSideMenuLanguageAsInSettings_16-38-28 - [verifyingSideMenuLanguageAsInSettings_16-38-28] Element found and ready (attempt 1): By.xpath: //ytd-topbar-menu-button-renderer[@class='style-scope ytd-masthead style-default']
16:39:12 [TestNG-test-Yt Master Tests-3] INFO  verifyingSideMenuLanguageAsInSettings_16-38-28 - Fetching the side menu in expanded view
16:39:12 [TestNG-test-Yt Master Tests-3] INFO  verifyingSideMenuLanguageAsInSettings_16-38-28 - [verifyingSideMenuLanguageAsInSettings_16-38-28] Finding elements list: By.xpath: //ytd-guide-entry-renderer[@class='style-scope ytd-guide-section-renderer']
16:39:13 [TestNG-test-Yt Master Tests-3] INFO  verifyingSideMenuLanguageAsInSettings_16-38-28 - [verifyingSideMenuLanguageAsInSettings_16-38-28] Found 13 ready elements (attempt 1): By.xpath: //ytd-guide-entry-renderer[@class='style-scope ytd-guide-section-renderer']
16:39:13 [TestNG-test-Yt Master Tests-3] INFO  verifyingSideMenuLanguageAsInSettings_16-38-28 - Clicking settings ellipses button...
16:39:13 [TestNG-test-Yt Master Tests-3] INFO  verifyingSideMenuLanguageAsInSettings_16-38-28 - [verifyingSideMenuLanguageAsInSettings_16-38-28] Trying to find element: By.xpath: //ytd-topbar-menu-button-renderer[@class='style-scope ytd-masthead style-default']
16:39:13 [TestNG-test-Yt Master Tests-3] INFO  verifyingSideMenuLanguageAsInSettings_16-38-28 - [verifyingSideMenuLanguageAsInSettings_16-38-28] Element found and ready (attempt 1): By.xpath: //ytd-topbar-menu-button-renderer[@class='style-scope ytd-masthead style-default']
16:39:13 [TestNG-test-Yt Master Tests-3] INFO  verifyingSideMenuLanguageAsInSettings_16-38-28 - Clicking language dropdown...
16:39:13 [TestNG-test-Yt Master Tests-3] INFO  verifyingSideMenuLanguageAsInSettings_16-38-28 - [verifyingSideMenuLanguageAsInSettings_16-38-28] Trying to find element: By.xpath: (//div[@id='content-icon'])[2]
16:39:14 [TestNG-test-Yt Master Tests-3] INFO  verifyingSideMenuLanguageAsInSettings_16-38-28 - [verifyingSideMenuLanguageAsInSettings_16-38-28] Element found and ready (attempt 1): By.xpath: (//div[@id='content-icon'])[2]
16:39:15 [TestNG-test-Yt Master Tests-3] INFO  verifyingSideMenuLanguageAsInSettings_16-38-28 - Looking for language element with name: Dansk
16:39:15 [TestNG-test-Yt Master Tests-3] INFO  verifyingSideMenuLanguageAsInSettings_16-38-28 - [verifyingSideMenuLanguageAsInSettings_16-38-28] Trying to find element: By.xpath: //yt-multi-page-menu-section-renderer[@class='style-scope ytd-multi-page-menu-renderer']//yt-formatted-string[@id='label' and text()='Dansk']
16:39:15 [TestNG-test-Yt Master Tests-3] INFO  verifyingSideMenuLanguageAsInSettings_16-38-28 - [verifyingSideMenuLanguageAsInSettings_16-38-28] Element found and ready (attempt 1): By.xpath: //yt-multi-page-menu-section-renderer[@class='style-scope ytd-multi-page-menu-renderer']//yt-formatted-string[@id='label' and text()='Dansk']
16:39:15 [TestNG-test-Yt Master Tests-3] INFO  verifyingSideMenuLanguageAsInSettings_16-38-28 - [verifyingSideMenuLanguageAsInSettings_16-38-28] Trying to find element: By.xpath: //yt-multi-page-menu-section-renderer[@class='style-scope ytd-multi-page-menu-renderer']//yt-formatted-string[@id='label' and text()='Dansk']
16:39:16 [TestNG-test-Yt Master Tests-3] INFO  verifyingSideMenuLanguageAsInSettings_16-38-28 - [verifyingSideMenuLanguageAsInSettings_16-38-28] Element found and ready (attempt 1): By.xpath: //yt-multi-page-menu-section-renderer[@class='style-scope ytd-multi-page-menu-renderer']//yt-formatted-string[@id='label' and text()='Dansk']
16:39:18 [TestNG-test-Yt Master Tests-3] INFO  verifyingSideMenuLanguageAsInSettings_16-38-28 - Clicking settings ellipses button...
16:39:18 [TestNG-test-Yt Master Tests-3] INFO  verifyingSideMenuLanguageAsInSettings_16-38-28 - [verifyingSideMenuLanguageAsInSettings_16-38-28] Trying to find element: By.xpath: //ytd-topbar-menu-button-renderer[@class='style-scope ytd-masthead style-default']
16:39:18 [TestNG-test-Yt Master Tests-3] INFO  verifyingSideMenuLanguageAsInSettings_16-38-28 - [verifyingSideMenuLanguageAsInSettings_16-38-28] Element found and ready (attempt 1): By.xpath: //ytd-topbar-menu-button-renderer[@class='style-scope ytd-masthead style-default']
16:39:18 [TestNG-test-Yt Master Tests-3] INFO  verifyingSideMenuLanguageAsInSettings_16-38-28 - [verifyingSideMenuLanguageAsInSettings_16-38-28] Waiting until element is visible in viewport
16:39:19 [TestNG-test-Yt Master Tests-3] INFO  verifyingSideMenuLanguageAsInSettings_16-38-28 - Clicking settings ellipses button...
16:39:19 [TestNG-test-Yt Master Tests-3] INFO  verifyingSideMenuLanguageAsInSettings_16-38-28 - [verifyingSideMenuLanguageAsInSettings_16-38-28] Trying to find element: By.xpath: //ytd-topbar-menu-button-renderer[@class='style-scope ytd-masthead style-default']
16:39:19 [TestNG-test-Yt Master Tests-3] INFO  verifyingSideMenuLanguageAsInSettings_16-38-28 - [verifyingSideMenuLanguageAsInSettings_16-38-28] Element found and ready (attempt 1): By.xpath: //ytd-topbar-menu-button-renderer[@class='style-scope ytd-masthead style-default']
16:39:19 [TestNG-test-Yt Master Tests-3] INFO  verifyingSideMenuLanguageAsInSettings_16-38-28 - Fetching the side menu in expanded view
16:39:19 [TestNG-test-Yt Master Tests-3] INFO  verifyingSideMenuLanguageAsInSettings_16-38-28 - [verifyingSideMenuLanguageAsInSettings_16-38-28] Finding elements list: By.xpath: //ytd-guide-entry-renderer[@class='style-scope ytd-guide-section-renderer']
16:39:19 [TestNG-test-Yt Master Tests-3] INFO  verifyingSideMenuLanguageAsInSettings_16-38-28 - [verifyingSideMenuLanguageAsInSettings_16-38-28] Found 13 ready elements (attempt 1): By.xpath: //ytd-guide-entry-renderer[@class='style-scope ytd-guide-section-renderer']
16:39:20 [TestNG-test-Yt Master Tests-3] INFO  verifyingSideMenuLanguageAsInSettings_16-38-28 - Clicking settings ellipses button...
16:39:20 [TestNG-test-Yt Master Tests-3] INFO  verifyingSideMenuLanguageAsInSettings_16-38-28 - [verifyingSideMenuLanguageAsInSettings_16-38-28] Trying to find element: By.xpath: //ytd-topbar-menu-button-renderer[@class='style-scope ytd-masthead style-default']
16:39:20 [TestNG-test-Yt Master Tests-3] INFO  verifyingSideMenuLanguageAsInSettings_16-38-28 - [verifyingSideMenuLanguageAsInSettings_16-38-28] Element found and ready (attempt 1): By.xpath: //ytd-topbar-menu-button-renderer[@class='style-scope ytd-masthead style-default']
16:39:20 [TestNG-test-Yt Master Tests-3] INFO  verifyingSideMenuLanguageAsInSettings_16-38-28 - Clicking language dropdown...
16:39:20 [TestNG-test-Yt Master Tests-3] INFO  verifyingSideMenuLanguageAsInSettings_16-38-28 - [verifyingSideMenuLanguageAsInSettings_16-38-28] Trying to find element: By.xpath: (//div[@id='content-icon'])[2]
16:39:21 [TestNG-test-Yt Master Tests-3] INFO  verifyingSideMenuLanguageAsInSettings_16-38-28 - [verifyingSideMenuLanguageAsInSettings_16-38-28] Element found and ready (attempt 1): By.xpath: (//div[@id='content-icon'])[2]
16:39:22 [TestNG-test-Yt Master Tests-3] INFO  verifyingSideMenuLanguageAsInSettings_16-38-28 - Looking for language element with name: Deutsch
16:39:22 [TestNG-test-Yt Master Tests-3] INFO  verifyingSideMenuLanguageAsInSettings_16-38-28 - [verifyingSideMenuLanguageAsInSettings_16-38-28] Trying to find element: By.xpath: //yt-multi-page-menu-section-renderer[@class='style-scope ytd-multi-page-menu-renderer']//yt-formatted-string[@id='label' and text()='Deutsch']
16:39:22 [TestNG-test-Yt Master Tests-3] INFO  verifyingSideMenuLanguageAsInSettings_16-38-28 - [verifyingSideMenuLanguageAsInSettings_16-38-28] Element found and ready (attempt 1): By.xpath: //yt-multi-page-menu-section-renderer[@class='style-scope ytd-multi-page-menu-renderer']//yt-formatted-string[@id='label' and text()='Deutsch']
16:39:22 [TestNG-test-Yt Master Tests-3] INFO  verifyingSideMenuLanguageAsInSettings_16-38-28 - [verifyingSideMenuLanguageAsInSettings_16-38-28] Trying to find element: By.xpath: //yt-multi-page-menu-section-renderer[@class='style-scope ytd-multi-page-menu-renderer']//yt-formatted-string[@id='label' and text()='Deutsch']
16:39:22 [TestNG-test-Yt Master Tests-3] INFO  verifyingSideMenuLanguageAsInSettings_16-38-28 - [verifyingSideMenuLanguageAsInSettings_16-38-28] Element found and ready (attempt 1): By.xpath: //yt-multi-page-menu-section-renderer[@class='style-scope ytd-multi-page-menu-renderer']//yt-formatted-string[@id='label' and text()='Deutsch']
16:39:23 [TestNG-test-Yt Master Tests-3] INFO  verifyingSideMenuLanguageAsInSettings_16-38-28 - Clicking settings ellipses button...
16:39:23 [TestNG-test-Yt Master Tests-3] INFO  verifyingSideMenuLanguageAsInSettings_16-38-28 - [verifyingSideMenuLanguageAsInSettings_16-38-28] Trying to find element: By.xpath: //ytd-topbar-menu-button-renderer[@class='style-scope ytd-masthead style-default']
16:39:23 [TestNG-test-Yt Master Tests-3] INFO  verifyingSideMenuLanguageAsInSettings_16-38-28 - [verifyingSideMenuLanguageAsInSettings_16-38-28] Element found and ready (attempt 1): By.xpath: //ytd-topbar-menu-button-renderer[@class='style-scope ytd-masthead style-default']
16:39:24 [TestNG-test-Yt Master Tests-3] INFO  verifyingSideMenuLanguageAsInSettings_16-38-28 - [verifyingSideMenuLanguageAsInSettings_16-38-28] Waiting until element is visible in viewport
16:39:24 [TestNG-test-Yt Master Tests-3] INFO  verifyingSideMenuLanguageAsInSettings_16-38-28 - Clicking settings ellipses button...
16:39:24 [TestNG-test-Yt Master Tests-3] INFO  verifyingSideMenuLanguageAsInSettings_16-38-28 - [verifyingSideMenuLanguageAsInSettings_16-38-28] Trying to find element: By.xpath: //ytd-topbar-menu-button-renderer[@class='style-scope ytd-masthead style-default']
16:39:24 [TestNG-test-Yt Master Tests-3] INFO  verifyingSideMenuLanguageAsInSettings_16-38-28 - [verifyingSideMenuLanguageAsInSettings_16-38-28] Element found and ready (attempt 1): By.xpath: //ytd-topbar-menu-button-renderer[@class='style-scope ytd-masthead style-default']
16:39:25 [TestNG-test-Yt Master Tests-3] INFO  verifyingSideMenuLanguageAsInSettings_16-38-28 - Fetching the side menu in expanded view
16:39:25 [TestNG-test-Yt Master Tests-3] INFO  verifyingSideMenuLanguageAsInSettings_16-38-28 - [verifyingSideMenuLanguageAsInSettings_16-38-28] Finding elements list: By.xpath: //ytd-guide-entry-renderer[@class='style-scope ytd-guide-section-renderer']
16:39:25 [TestNG-test-Yt Master Tests-3] INFO  verifyingSideMenuLanguageAsInSettings_16-38-28 - [verifyingSideMenuLanguageAsInSettings_16-38-28] Found 13 ready elements (attempt 1): By.xpath: //ytd-guide-entry-renderer[@class='style-scope ytd-guide-section-renderer']
16:39:25 [TestNG-test-Yt Master Tests-3] INFO  verifyingSideMenuLanguageAsInSettings_16-38-28 - Clicking settings ellipses button...
16:39:25 [TestNG-test-Yt Master Tests-3] INFO  verifyingSideMenuLanguageAsInSettings_16-38-28 - [verifyingSideMenuLanguageAsInSettings_16-38-28] Trying to find element: By.xpath: //ytd-topbar-menu-button-renderer[@class='style-scope ytd-masthead style-default']
16:39:25 [TestNG-test-Yt Master Tests-3] INFO  verifyingSideMenuLanguageAsInSettings_16-38-28 - [verifyingSideMenuLanguageAsInSettings_16-38-28] Element found and ready (attempt 1): By.xpath: //ytd-topbar-menu-button-renderer[@class='style-scope ytd-masthead style-default']
16:39:25 [TestNG-test-Yt Master Tests-3] INFO  verifyingSideMenuLanguageAsInSettings_16-38-28 - Clicking language dropdown...
16:39:25 [TestNG-test-Yt Master Tests-3] INFO  verifyingSideMenuLanguageAsInSettings_16-38-28 - [verifyingSideMenuLanguageAsInSettings_16-38-28] Trying to find element: By.xpath: (//div[@id='content-icon'])[2]
16:39:26 [TestNG-test-Yt Master Tests-3] INFO  verifyingSideMenuLanguageAsInSettings_16-38-28 - [verifyingSideMenuLanguageAsInSettings_16-38-28] Element found and ready (attempt 1): By.xpath: (//div[@id='content-icon'])[2]
16:39:27 [TestNG-test-Yt Master Tests-3] INFO  verifyingSideMenuLanguageAsInSettings_16-38-28 - Looking for language element with name: Eesti
16:39:27 [TestNG-test-Yt Master Tests-3] INFO  verifyingSideMenuLanguageAsInSettings_16-38-28 - [verifyingSideMenuLanguageAsInSettings_16-38-28] Trying to find element: By.xpath: //yt-multi-page-menu-section-renderer[@class='style-scope ytd-multi-page-menu-renderer']//yt-formatted-string[@id='label' and text()='Eesti']
16:39:27 [TestNG-test-Yt Master Tests-3] INFO  verifyingSideMenuLanguageAsInSettings_16-38-28 - [verifyingSideMenuLanguageAsInSettings_16-38-28] Element found and ready (attempt 1): By.xpath: //yt-multi-page-menu-section-renderer[@class='style-scope ytd-multi-page-menu-renderer']//yt-formatted-string[@id='label' and text()='Eesti']
16:39:27 [TestNG-test-Yt Master Tests-3] INFO  verifyingSideMenuLanguageAsInSettings_16-38-28 - [verifyingSideMenuLanguageAsInSettings_16-38-28] Trying to find element: By.xpath: //yt-multi-page-menu-section-renderer[@class='style-scope ytd-multi-page-menu-renderer']//yt-formatted-string[@id='label' and text()='Eesti']
16:39:27 [TestNG-test-Yt Master Tests-3] INFO  verifyingSideMenuLanguageAsInSettings_16-38-28 - [verifyingSideMenuLanguageAsInSettings_16-38-28] Element found and ready (attempt 1): By.xpath: //yt-multi-page-menu-section-renderer[@class='style-scope ytd-multi-page-menu-renderer']//yt-formatted-string[@id='label' and text()='Eesti']
16:39:28 [TestNG-test-Yt Master Tests-3] INFO  verifyingSideMenuLanguageAsInSettings_16-38-28 - Clicking settings ellipses button...
16:39:28 [TestNG-test-Yt Master Tests-3] INFO  verifyingSideMenuLanguageAsInSettings_16-38-28 - [verifyingSideMenuLanguageAsInSettings_16-38-28] Trying to find element: By.xpath: //ytd-topbar-menu-button-renderer[@class='style-scope ytd-masthead style-default']
16:39:28 [TestNG-test-Yt Master Tests-3] INFO  verifyingSideMenuLanguageAsInSettings_16-38-28 - [verifyingSideMenuLanguageAsInSettings_16-38-28] Element found and ready (attempt 1): By.xpath: //ytd-topbar-menu-button-renderer[@class='style-scope ytd-masthead style-default']
16:39:29 [TestNG-test-Yt Master Tests-3] INFO  verifyingSideMenuLanguageAsInSettings_16-38-28 - [verifyingSideMenuLanguageAsInSettings_16-38-28] Waiting until element is visible in viewport
16:39:30 [TestNG-test-Yt Master Tests-3] INFO  verifyingSideMenuLanguageAsInSettings_16-38-28 - Clicking settings ellipses button...
16:39:30 [TestNG-test-Yt Master Tests-3] INFO  verifyingSideMenuLanguageAsInSettings_16-38-28 - [verifyingSideMenuLanguageAsInSettings_16-38-28] Trying to find element: By.xpath: //ytd-topbar-menu-button-renderer[@class='style-scope ytd-masthead style-default']
16:39:30 [TestNG-test-Yt Master Tests-3] INFO  verifyingSideMenuLanguageAsInSettings_16-38-28 - [verifyingSideMenuLanguageAsInSettings_16-38-28] Element found and ready (attempt 1): By.xpath: //ytd-topbar-menu-button-renderer[@class='style-scope ytd-masthead style-default']
16:39:30 [TestNG-test-Yt Master Tests-3] INFO  verifyingSideMenuLanguageAsInSettings_16-38-28 - Fetching the side menu in expanded view
16:39:30 [TestNG-test-Yt Master Tests-3] INFO  verifyingSideMenuLanguageAsInSettings_16-38-28 - [verifyingSideMenuLanguageAsInSettings_16-38-28] Finding elements list: By.xpath: //ytd-guide-entry-renderer[@class='style-scope ytd-guide-section-renderer']
16:39:30 [TestNG-test-Yt Master Tests-3] INFO  verifyingSideMenuLanguageAsInSettings_16-38-28 - [verifyingSideMenuLanguageAsInSettings_16-38-28] Found 13 ready elements (attempt 1): By.xpath: //ytd-guide-entry-renderer[@class='style-scope ytd-guide-section-renderer']
16:39:30 [TestNG-test-Yt Master Tests-3] INFO  verifyingSideMenuLanguageAsInSettings_16-38-28 - Clicking settings ellipses button...
16:39:30 [TestNG-test-Yt Master Tests-3] INFO  verifyingSideMenuLanguageAsInSettings_16-38-28 - [verifyingSideMenuLanguageAsInSettings_16-38-28] Trying to find element: By.xpath: //ytd-topbar-menu-button-renderer[@class='style-scope ytd-masthead style-default']
16:39:31 [TestNG-test-Yt Master Tests-3] INFO  verifyingSideMenuLanguageAsInSettings_16-38-28 - [verifyingSideMenuLanguageAsInSettings_16-38-28] Element found and ready (attempt 1): By.xpath: //ytd-topbar-menu-button-renderer[@class='style-scope ytd-masthead style-default']
16:39:31 [TestNG-test-Yt Master Tests-3] INFO  verifyingSideMenuLanguageAsInSettings_16-38-28 - Clicking language dropdown...
16:39:31 [TestNG-test-Yt Master Tests-3] INFO  verifyingSideMenuLanguageAsInSettings_16-38-28 - [verifyingSideMenuLanguageAsInSettings_16-38-28] Trying to find element: By.xpath: (//div[@id='content-icon'])[2]
16:39:31 [TestNG-test-Yt Master Tests-3] INFO  verifyingSideMenuLanguageAsInSettings_16-38-28 - [verifyingSideMenuLanguageAsInSettings_16-38-28] Element found and ready (attempt 1): By.xpath: (//div[@id='content-icon'])[2]
16:39:32 [TestNG-test-Yt Master Tests-3] INFO  verifyingSideMenuLanguageAsInSettings_16-38-28 - Looking for language element with name: English (India)
16:39:32 [TestNG-test-Yt Master Tests-3] INFO  verifyingSideMenuLanguageAsInSettings_16-38-28 - [verifyingSideMenuLanguageAsInSettings_16-38-28] Trying to find element: By.xpath: //yt-multi-page-menu-section-renderer[@class='style-scope ytd-multi-page-menu-renderer']//yt-formatted-string[@id='label' and text()='English (India)']
16:39:32 [TestNG-test-Yt Master Tests-3] INFO  verifyingSideMenuLanguageAsInSettings_16-38-28 - [verifyingSideMenuLanguageAsInSettings_16-38-28] Element found and ready (attempt 1): By.xpath: //yt-multi-page-menu-section-renderer[@class='style-scope ytd-multi-page-menu-renderer']//yt-formatted-string[@id='label' and text()='English (India)']
16:39:32 [TestNG-test-Yt Master Tests-3] INFO  verifyingSideMenuLanguageAsInSettings_16-38-28 - [verifyingSideMenuLanguageAsInSettings_16-38-28] Trying to find element: By.xpath: //yt-multi-page-menu-section-renderer[@class='style-scope ytd-multi-page-menu-renderer']//yt-formatted-string[@id='label' and text()='English (India)']
16:39:32 [TestNG-test-Yt Master Tests-3] INFO  verifyingSideMenuLanguageAsInSettings_16-38-28 - [verifyingSideMenuLanguageAsInSettings_16-38-28] Element found and ready (attempt 1): By.xpath: //yt-multi-page-menu-section-renderer[@class='style-scope ytd-multi-page-menu-renderer']//yt-formatted-string[@id='label' and text()='English (India)']
16:39:35 [TestNG-test-Yt Master Tests-3] INFO  verifyingSideMenuLanguageAsInSettings_16-38-28 - Clicking settings ellipses button...
16:39:35 [TestNG-test-Yt Master Tests-3] INFO  verifyingSideMenuLanguageAsInSettings_16-38-28 - [verifyingSideMenuLanguageAsInSettings_16-38-28] Trying to find element: By.xpath: //ytd-topbar-menu-button-renderer[@class='style-scope ytd-masthead style-default']
16:39:35 [TestNG-test-Yt Master Tests-3] INFO  verifyingSideMenuLanguageAsInSettings_16-38-28 - [verifyingSideMenuLanguageAsInSettings_16-38-28] Element found and ready (attempt 1): By.xpath: //ytd-topbar-menu-button-renderer[@class='style-scope ytd-masthead style-default']
16:39:35 [TestNG-test-Yt Master Tests-3] INFO  verifyingSideMenuLanguageAsInSettings_16-38-28 - [verifyingSideMenuLanguageAsInSettings_16-38-28] Waiting until element is visible in viewport
16:39:36 [TestNG-test-Yt Master Tests-3] INFO  verifyingSideMenuLanguageAsInSettings_16-38-28 - Clicking settings ellipses button...
16:39:36 [TestNG-test-Yt Master Tests-3] INFO  verifyingSideMenuLanguageAsInSettings_16-38-28 - [verifyingSideMenuLanguageAsInSettings_16-38-28] Trying to find element: By.xpath: //ytd-topbar-menu-button-renderer[@class='style-scope ytd-masthead style-default']
16:39:36 [TestNG-test-Yt Master Tests-3] INFO  verifyingSideMenuLanguageAsInSettings_16-38-28 - [verifyingSideMenuLanguageAsInSettings_16-38-28] Element found and ready (attempt 1): By.xpath: //ytd-topbar-menu-button-renderer[@class='style-scope ytd-masthead style-default']
16:39:36 [TestNG-test-Yt Master Tests-3] INFO  verifyingSideMenuLanguageAsInSettings_16-38-28 - Fetching the side menu in expanded view
16:39:36 [TestNG-test-Yt Master Tests-3] INFO  verifyingSideMenuLanguageAsInSettings_16-38-28 - [verifyingSideMenuLanguageAsInSettings_16-38-28] Finding elements list: By.xpath: //ytd-guide-entry-renderer[@class='style-scope ytd-guide-section-renderer']
16:39:36 [TestNG-test-Yt Master Tests-3] INFO  verifyingSideMenuLanguageAsInSettings_16-38-28 - [verifyingSideMenuLanguageAsInSettings_16-38-28] Found 13 ready elements (attempt 1): By.xpath: //ytd-guide-entry-renderer[@class='style-scope ytd-guide-section-renderer']
16:39:36 [TestNG-test-Yt Master Tests-3] INFO  verifyingSideMenuLanguageAsInSettings_16-38-28 - Clicking settings ellipses button...
16:39:36 [TestNG-test-Yt Master Tests-3] INFO  verifyingSideMenuLanguageAsInSettings_16-38-28 - [verifyingSideMenuLanguageAsInSettings_16-38-28] Trying to find element: By.xpath: //ytd-topbar-menu-button-renderer[@class='style-scope ytd-masthead style-default']
16:39:37 [TestNG-test-Yt Master Tests-3] INFO  verifyingSideMenuLanguageAsInSettings_16-38-28 - [verifyingSideMenuLanguageAsInSettings_16-38-28] Element found and ready (attempt 1): By.xpath: //ytd-topbar-menu-button-renderer[@class='style-scope ytd-masthead style-default']
16:39:37 [TestNG-test-Yt Master Tests-3] INFO  verifyingSideMenuLanguageAsInSettings_16-38-28 - Clicking language dropdown...
16:39:37 [TestNG-test-Yt Master Tests-3] INFO  verifyingSideMenuLanguageAsInSettings_16-38-28 - [verifyingSideMenuLanguageAsInSettings_16-38-28] Trying to find element: By.xpath: (//div[@id='content-icon'])[2]
16:39:37 [TestNG-test-Yt Master Tests-3] INFO  verifyingSideMenuLanguageAsInSettings_16-38-28 - [verifyingSideMenuLanguageAsInSettings_16-38-28] Element found and ready (attempt 1): By.xpath: (//div[@id='content-icon'])[2]
16:39:38 [TestNG-test-Yt Master Tests-3] INFO  verifyingSideMenuLanguageAsInSettings_16-38-28 - [verifyingSideMenuLanguageAsInSettings_16-38-28] Not retrying test 'verifyingSideMenuLanguageAsInSettings'. Retry count: 0, Cause: The following asserts failed:
	Mismatch in the Actual and Expected data for language=Afrikaans expected [Tuis Kortvideo's Intekeninge Myne Geskiedenis Musiek Flieks Regstreeks YouTube Premium YouTube Music YouTube Kids Instellings Aangeegeskiedenis Hulp Stuur terugvoer] but found [Tuis Kortvideo's Intekeninge Myne Geskiedenis Musiek Flieks en TV Ophef YouTube Premium YouTube TV YouTube Music YouTube Kids Aangeegeskiedenis],
	Mismatch in the Actual and Expected data for language=Azərbaycan expected [Ev Shorts Abunəliklər Siz Tarixçə Musiqi Filmlər Canlı YouTube Premium YouTube Music YouTube Kids Ayarlar Xəbər tarixçəsi Yardım Rəy göndərin] but found [Ev Shorts Abunəliklər Siz Tarixçə Musiqi Film və TV Hayp YouTube Premium YouTube TV YouTube Music YouTube Kids Xəbər tarixçəsi],
	Mismatch in the Actual and Expected data for language=Bahasa Indonesia expected [Beranda Shorts Subscription Anda Histori Musik Film Live YouTube Premium YouTube Music YouTube Kids Setelan Histori laporan Bantuan Kirim masukan] but found [Beranda Shorts Subscription Anda Histori Musik Film & TV Beri hype YouTube Premium YouTube TV YouTube Music YouTube Kids Histori laporan],
	Mismatch in the Actual and Expected data for language=Bosanski expected [Početna stranica Shorts Pretplate Vi Hi‪storija Muzika Filmovi Uživo YouTube Premium YouTube Music YouTube Kids Postavke Historija prijava Pomoć Pošaljite povratne informacije] but found [Početna stranica Shorts Pretplate Vi Hi‪storija Muzika Filmovi i TV Poticanje interesovanja YouTube Premium YouTube TV YouTube Music YouTube Kids Historija prijava],
	Mismatch in the Actual and Expected data for language=Català expected [Inici YouTube Shorts Subscripcions Tu Historial Música Pel·lícules En directe YouTube Premium YouTube Music YouTube Kids Configuració Historial d'informes Ajuda Envia suggeriments] but found [Inici Shorts Subscripcions Tu Historial Música Pel·lícules i televisió Hype YouTube Premium YouTube TV YouTube Music YouTube Kids Historial d'informes],
	Mismatch in the Actual and Expected data for language=Dansk expected [Start Shorts Abonnementer Dig Historik Musik Film Live YouTube Premium YouTube Music YouTube Kids Indstillinger Rapporteringshistorik Hjælp Send feedback] but found [Start Shorts Abonnementer Dig Historik Musik Film og tv Hype YouTube Premium YouTube TV YouTube Music YouTube Kids Rapporteringshistorik],
	Mismatch in the Actual and Expected data for language=Deutsch expected [Startseite Shorts Abos Mein YouTube Verlauf Musik Filme Live YouTube Premium YouTube Music YouTube Kids Einstellungen Meldeverlauf Hilfe Feedback senden] but found [Startseite Shorts Abos Mein YouTube Verlauf Musik Filme & Shows Hype YouTube Premium YouTube TV YouTube Music YouTube Kids Meldeverlauf],
	Mismatch in the Actual and Expected data for language=Eesti expected [Avaleht Shorts Tellimused Teie Ajalugu Muusika Filmid Otse YouTube Premium YouTube Music YouTube Kids Seaded Teavituste ajalugu Abi Tagasiside saatmine] but found [Avaleht Shorts Tellimused Teie Ajalugu Muusika Filmid ja telesarjad Haipimine YouTube Premium YouTube TV YouTube Music YouTube Kids Teavituste ajalugu],
	Mismatch in the Actual and Expected data for language=English (India) expected [Home Shorts Subscriptions You History Shopping Music Films YouTube Premium YouTube Music YouTube Kids Settings Report history Help Send feedback] but found [Home Shorts Subscriptions You History Shopping Music Movies & TV YouTube Premium YouTube TV YouTube Music YouTube Kids Report history]
