16:42:12 [TestNG-test-Yt Master Tests-2] INFO  verifyingSideMenuCollapsedLangAsInSettings_16-42-12 - No existing WebDriver found for current thread. Initializing a new ChromeDriver...
16:42:12 [TestNG-test-Yt Master Tests-2] INFO  verifyingSideMenuCollapsedLangAsInSettings_16-42-12 - WebDriverManager: chromedriver setup OK
16:42:14 [TestNG-test-Yt Master Tests-2] INFO  verifyingSideMenuCollapsedLangAsInSettings_16-42-12 - ChromeDriver initialized successfully for thread: 35
16:42:14 [TestNG-test-Yt Master Tests-2] INFO  verifyingSideMenuCollapsedLangAsInSettings_16-42-12 - SafeActions initialized with driver ChromeDriver: chrome on windows (9c79ed235689c73f0d5bedf6998a6ca0)
16:42:14 [TestNG-test-Yt Master Tests-2] INFO  verifyingSideMenuCollapsedLangAsInSettings_16-42-12 - Initialized YtLandingPage with driver: ChromeDriver: chrome on windows (9c79ed235689c73f0d5bedf6998a6ca0)
16:42:14 [TestNG-test-Yt Master Tests-2] INFO  verifyingSideMenuCollapsedLangAsInSettings_16-42-12 - SafeActions initialized with driver ChromeDriver: chrome on windows (9c79ed235689c73f0d5bedf6998a6ca0)
16:42:16 [TestNG-test-Yt Master Tests-2] INFO  verifyingSideMenuCollapsedLangAsInSettings_16-42-12 - Opened YouTube landing page.
16:42:16 [TestNG-test-Yt Master Tests-2] INFO  verifyingSideMenuCollapsedLangAsInSettings_16-42-12 - Clicking left ellipses in the landing page
16:42:16 [TestNG-test-Yt Master Tests-2] INFO  verifyingSideMenuCollapsedLangAsInSettings_16-42-12 - [verifyingSideMenuCollapsedLangAsInSettings_16-42-12] Trying to find element: By.xpath: //ytd-topbar-logo-renderer[@id='logo']/preceding-sibling::*[@id='guide-button']
16:42:17 [TestNG-test-Yt Master Tests-2] INFO  verifyingSideMenuCollapsedLangAsInSettings_16-42-12 - [verifyingSideMenuCollapsedLangAsInSettings_16-42-12] Element found and ready (attempt 1): By.xpath: //ytd-topbar-logo-renderer[@id='logo']/preceding-sibling::*[@id='guide-button']
16:42:17 [TestNG-test-Yt Master Tests-2] INFO  verifyingSideMenuCollapsedLangAsInSettings_16-42-12 - Clicking settings ellipses button...
16:42:17 [TestNG-test-Yt Master Tests-2] INFO  verifyingSideMenuCollapsedLangAsInSettings_16-42-12 - [verifyingSideMenuCollapsedLangAsInSettings_16-42-12] Trying to find element: By.xpath: //ytd-topbar-menu-button-renderer[@class='style-scope ytd-masthead style-default']
16:42:17 [TestNG-test-Yt Master Tests-2] INFO  verifyingSideMenuCollapsedLangAsInSettings_16-42-12 - [verifyingSideMenuCollapsedLangAsInSettings_16-42-12] Element found and ready (attempt 1): By.xpath: //ytd-topbar-menu-button-renderer[@class='style-scope ytd-masthead style-default']
16:42:17 [TestNG-test-Yt Master Tests-2] INFO  verifyingSideMenuCollapsedLangAsInSettings_16-42-12 - Clicking language dropdown...
16:42:17 [TestNG-test-Yt Master Tests-2] INFO  verifyingSideMenuCollapsedLangAsInSettings_16-42-12 - [verifyingSideMenuCollapsedLangAsInSettings_16-42-12] Trying to find element: By.xpath: (//div[@id='content-icon'])[2]
16:42:18 [TestNG-test-Yt Master Tests-2] INFO  verifyingSideMenuCollapsedLangAsInSettings_16-42-12 - [verifyingSideMenuCollapsedLangAsInSettings_16-42-12] Element found and ready (attempt 1): By.xpath: (//div[@id='content-icon'])[2]
16:42:18 [TestNG-test-Yt Master Tests-2] INFO  verifyingSideMenuCollapsedLangAsInSettings_16-42-12 - [verifyingSideMenuCollapsedLangAsInSettings_16-42-12] Execution is Not CRON Job Hence refering to normal keys from UtilData
16:42:18 [TestNG-test-Yt Master Tests-2] INFO  verifyingSideMenuCollapsedLangAsInSettings_16-42-12 - Looking for language element with name: Afrikaans
16:42:18 [TestNG-test-Yt Master Tests-2] INFO  verifyingSideMenuCollapsedLangAsInSettings_16-42-12 - [verifyingSideMenuCollapsedLangAsInSettings_16-42-12] Trying to find element: By.xpath: //yt-multi-page-menu-section-renderer[@class='style-scope ytd-multi-page-menu-renderer']//yt-formatted-string[@id='label' and text()='Afrikaans']
16:42:19 [TestNG-test-Yt Master Tests-2] INFO  verifyingSideMenuCollapsedLangAsInSettings_16-42-12 - [verifyingSideMenuCollapsedLangAsInSettings_16-42-12] Element found and ready (attempt 1): By.xpath: //yt-multi-page-menu-section-renderer[@class='style-scope ytd-multi-page-menu-renderer']//yt-formatted-string[@id='label' and text()='Afrikaans']
16:42:19 [TestNG-test-Yt Master Tests-2] INFO  verifyingSideMenuCollapsedLangAsInSettings_16-42-12 - [verifyingSideMenuCollapsedLangAsInSettings_16-42-12] Trying to find element: By.xpath: //yt-multi-page-menu-section-renderer[@class='style-scope ytd-multi-page-menu-renderer']//yt-formatted-string[@id='label' and text()='Afrikaans']
16:42:19 [TestNG-test-Yt Master Tests-2] INFO  verifyingSideMenuCollapsedLangAsInSettings_16-42-12 - [verifyingSideMenuCollapsedLangAsInSettings_16-42-12] Element found and ready (attempt 1): By.xpath: //yt-multi-page-menu-section-renderer[@class='style-scope ytd-multi-page-menu-renderer']//yt-formatted-string[@id='label' and text()='Afrikaans']
16:42:22 [TestNG-test-Yt Master Tests-2] INFO  verifyingSideMenuCollapsedLangAsInSettings_16-42-12 - Clicking settings ellipses button...
16:42:22 [TestNG-test-Yt Master Tests-2] INFO  verifyingSideMenuCollapsedLangAsInSettings_16-42-12 - [verifyingSideMenuCollapsedLangAsInSettings_16-42-12] Trying to find element: By.xpath: //ytd-topbar-menu-button-renderer[@class='style-scope ytd-masthead style-default']
16:42:22 [TestNG-test-Yt Master Tests-2] INFO  verifyingSideMenuCollapsedLangAsInSettings_16-42-12 - [verifyingSideMenuCollapsedLangAsInSettings_16-42-12] Element found and ready (attempt 1): By.xpath: //ytd-topbar-menu-button-renderer[@class='style-scope ytd-masthead style-default']
16:42:22 [TestNG-test-Yt Master Tests-2] INFO  verifyingSideMenuCollapsedLangAsInSettings_16-42-12 - [verifyingSideMenuCollapsedLangAsInSettings_16-42-12] Waiting until element is visible in viewport
16:42:23 [TestNG-test-Yt Master Tests-2] INFO  verifyingSideMenuCollapsedLangAsInSettings_16-42-12 - Clicking settings ellipses button...
16:42:23 [TestNG-test-Yt Master Tests-2] INFO  verifyingSideMenuCollapsedLangAsInSettings_16-42-12 - [verifyingSideMenuCollapsedLangAsInSettings_16-42-12] Trying to find element: By.xpath: //ytd-topbar-menu-button-renderer[@class='style-scope ytd-masthead style-default']
16:42:23 [TestNG-test-Yt Master Tests-2] INFO  verifyingSideMenuCollapsedLangAsInSettings_16-42-12 - [verifyingSideMenuCollapsedLangAsInSettings_16-42-12] Element found and ready (attempt 1): By.xpath: //ytd-topbar-menu-button-renderer[@class='style-scope ytd-masthead style-default']
16:42:23 [TestNG-test-Yt Master Tests-2] INFO  verifyingSideMenuCollapsedLangAsInSettings_16-42-12 - getLangAttribute() - locating <html> and reading lang property
16:42:23 [TestNG-test-Yt Master Tests-2] INFO  verifyingSideMenuCollapsedLangAsInSettings_16-42-12 - Language attribute read: af-ZA
16:42:23 [TestNG-test-Yt Master Tests-2] INFO  verifyingSideMenuCollapsedLangAsInSettings_16-42-12 - Fetching the side menu in collapsed view
16:42:23 [TestNG-test-Yt Master Tests-2] INFO  verifyingSideMenuCollapsedLangAsInSettings_16-42-12 - [verifyingSideMenuCollapsedLangAsInSettings_16-42-12] Finding elements list: By.xpath: //ytd-mini-guide-renderer[@class='style-scope ytd-app']//ytd-mini-guide-entry-renderer
16:42:23 [TestNG-test-Yt Master Tests-2] INFO  verifyingSideMenuCollapsedLangAsInSettings_16-42-12 - [verifyingSideMenuCollapsedLangAsInSettings_16-42-12] Found 4 ready elements (attempt 1): By.xpath: //ytd-mini-guide-renderer[@class='style-scope ytd-app']//ytd-mini-guide-entry-renderer
16:42:23 [TestNG-test-Yt Master Tests-2] INFO  verifyingSideMenuCollapsedLangAsInSettings_16-42-12 - Clicking settings ellipses button...
16:42:23 [TestNG-test-Yt Master Tests-2] INFO  verifyingSideMenuCollapsedLangAsInSettings_16-42-12 - [verifyingSideMenuCollapsedLangAsInSettings_16-42-12] Trying to find element: By.xpath: //ytd-topbar-menu-button-renderer[@class='style-scope ytd-masthead style-default']
16:42:23 [TestNG-test-Yt Master Tests-2] INFO  verifyingSideMenuCollapsedLangAsInSettings_16-42-12 - [verifyingSideMenuCollapsedLangAsInSettings_16-42-12] Element found and ready (attempt 1): By.xpath: //ytd-topbar-menu-button-renderer[@class='style-scope ytd-masthead style-default']
16:42:23 [TestNG-test-Yt Master Tests-2] INFO  verifyingSideMenuCollapsedLangAsInSettings_16-42-12 - Clicking language dropdown...
16:42:23 [TestNG-test-Yt Master Tests-2] INFO  verifyingSideMenuCollapsedLangAsInSettings_16-42-12 - [verifyingSideMenuCollapsedLangAsInSettings_16-42-12] Trying to find element: By.xpath: (//div[@id='content-icon'])[2]
16:42:24 [TestNG-test-Yt Master Tests-2] INFO  verifyingSideMenuCollapsedLangAsInSettings_16-42-12 - [verifyingSideMenuCollapsedLangAsInSettings_16-42-12] Element found and ready (attempt 1): By.xpath: (//div[@id='content-icon'])[2]
16:42:24 [TestNG-test-Yt Master Tests-2] INFO  verifyingSideMenuCollapsedLangAsInSettings_16-42-12 - Looking for language element with name: Azərbaycan
16:42:24 [TestNG-test-Yt Master Tests-2] INFO  verifyingSideMenuCollapsedLangAsInSettings_16-42-12 - [verifyingSideMenuCollapsedLangAsInSettings_16-42-12] Trying to find element: By.xpath: //yt-multi-page-menu-section-renderer[@class='style-scope ytd-multi-page-menu-renderer']//yt-formatted-string[@id='label' and text()='Azərbaycan']
16:42:24 [TestNG-test-Yt Master Tests-2] INFO  verifyingSideMenuCollapsedLangAsInSettings_16-42-12 - [verifyingSideMenuCollapsedLangAsInSettings_16-42-12] Element found and ready (attempt 1): By.xpath: //yt-multi-page-menu-section-renderer[@class='style-scope ytd-multi-page-menu-renderer']//yt-formatted-string[@id='label' and text()='Azərbaycan']
16:42:24 [TestNG-test-Yt Master Tests-2] INFO  verifyingSideMenuCollapsedLangAsInSettings_16-42-12 - [verifyingSideMenuCollapsedLangAsInSettings_16-42-12] Trying to find element: By.xpath: //yt-multi-page-menu-section-renderer[@class='style-scope ytd-multi-page-menu-renderer']//yt-formatted-string[@id='label' and text()='Azərbaycan']
16:42:24 [TestNG-test-Yt Master Tests-2] INFO  verifyingSideMenuCollapsedLangAsInSettings_16-42-12 - [verifyingSideMenuCollapsedLangAsInSettings_16-42-12] Element found and ready (attempt 1): By.xpath: //yt-multi-page-menu-section-renderer[@class='style-scope ytd-multi-page-menu-renderer']//yt-formatted-string[@id='label' and text()='Azərbaycan']
16:42:26 [TestNG-test-Yt Master Tests-2] INFO  verifyingSideMenuCollapsedLangAsInSettings_16-42-12 - Clicking settings ellipses button...
16:42:26 [TestNG-test-Yt Master Tests-2] INFO  verifyingSideMenuCollapsedLangAsInSettings_16-42-12 - [verifyingSideMenuCollapsedLangAsInSettings_16-42-12] Trying to find element: By.xpath: //ytd-topbar-menu-button-renderer[@class='style-scope ytd-masthead style-default']
16:42:26 [TestNG-test-Yt Master Tests-2] INFO  verifyingSideMenuCollapsedLangAsInSettings_16-42-12 - [verifyingSideMenuCollapsedLangAsInSettings_16-42-12] Element found and ready (attempt 1): By.xpath: //ytd-topbar-menu-button-renderer[@class='style-scope ytd-masthead style-default']
16:42:26 [TestNG-test-Yt Master Tests-2] INFO  verifyingSideMenuCollapsedLangAsInSettings_16-42-12 - [verifyingSideMenuCollapsedLangAsInSettings_16-42-12] Waiting until element is visible in viewport
16:42:26 [TestNG-test-Yt Master Tests-2] INFO  verifyingSideMenuCollapsedLangAsInSettings_16-42-12 - Clicking settings ellipses button...
16:42:26 [TestNG-test-Yt Master Tests-2] INFO  verifyingSideMenuCollapsedLangAsInSettings_16-42-12 - [verifyingSideMenuCollapsedLangAsInSettings_16-42-12] Trying to find element: By.xpath: //ytd-topbar-menu-button-renderer[@class='style-scope ytd-masthead style-default']
16:42:26 [TestNG-test-Yt Master Tests-2] INFO  verifyingSideMenuCollapsedLangAsInSettings_16-42-12 - [verifyingSideMenuCollapsedLangAsInSettings_16-42-12] Element found and ready (attempt 1): By.xpath: //ytd-topbar-menu-button-renderer[@class='style-scope ytd-masthead style-default']
16:42:26 [TestNG-test-Yt Master Tests-2] INFO  verifyingSideMenuCollapsedLangAsInSettings_16-42-12 - getLangAttribute() - locating <html> and reading lang property
16:42:26 [TestNG-test-Yt Master Tests-2] INFO  verifyingSideMenuCollapsedLangAsInSettings_16-42-12 - Language attribute read: az-Latn-AZ
16:42:26 [TestNG-test-Yt Master Tests-2] INFO  verifyingSideMenuCollapsedLangAsInSettings_16-42-12 - Fetching the side menu in collapsed view
16:42:26 [TestNG-test-Yt Master Tests-2] INFO  verifyingSideMenuCollapsedLangAsInSettings_16-42-12 - [verifyingSideMenuCollapsedLangAsInSettings_16-42-12] Finding elements list: By.xpath: //ytd-mini-guide-renderer[@class='style-scope ytd-app']//ytd-mini-guide-entry-renderer
16:42:27 [TestNG-test-Yt Master Tests-2] INFO  verifyingSideMenuCollapsedLangAsInSettings_16-42-12 - [verifyingSideMenuCollapsedLangAsInSettings_16-42-12] Found 4 ready elements (attempt 1): By.xpath: //ytd-mini-guide-renderer[@class='style-scope ytd-app']//ytd-mini-guide-entry-renderer
16:42:27 [TestNG-test-Yt Master Tests-2] INFO  verifyingSideMenuCollapsedLangAsInSettings_16-42-12 - Clicking settings ellipses button...
16:42:27 [TestNG-test-Yt Master Tests-2] INFO  verifyingSideMenuCollapsedLangAsInSettings_16-42-12 - [verifyingSideMenuCollapsedLangAsInSettings_16-42-12] Trying to find element: By.xpath: //ytd-topbar-menu-button-renderer[@class='style-scope ytd-masthead style-default']
16:42:27 [TestNG-test-Yt Master Tests-2] INFO  verifyingSideMenuCollapsedLangAsInSettings_16-42-12 - [verifyingSideMenuCollapsedLangAsInSettings_16-42-12] Element found and ready (attempt 1): By.xpath: //ytd-topbar-menu-button-renderer[@class='style-scope ytd-masthead style-default']
16:42:27 [TestNG-test-Yt Master Tests-2] INFO  verifyingSideMenuCollapsedLangAsInSettings_16-42-12 - Clicking language dropdown...
16:42:27 [TestNG-test-Yt Master Tests-2] INFO  verifyingSideMenuCollapsedLangAsInSettings_16-42-12 - [verifyingSideMenuCollapsedLangAsInSettings_16-42-12] Trying to find element: By.xpath: (//div[@id='content-icon'])[2]
16:42:27 [TestNG-test-Yt Master Tests-2] INFO  verifyingSideMenuCollapsedLangAsInSettings_16-42-12 - [verifyingSideMenuCollapsedLangAsInSettings_16-42-12] Element found and ready (attempt 1): By.xpath: (//div[@id='content-icon'])[2]
16:42:28 [TestNG-test-Yt Master Tests-2] INFO  verifyingSideMenuCollapsedLangAsInSettings_16-42-12 - Looking for language element with name: Bahasa Indonesia
16:42:28 [TestNG-test-Yt Master Tests-2] INFO  verifyingSideMenuCollapsedLangAsInSettings_16-42-12 - [verifyingSideMenuCollapsedLangAsInSettings_16-42-12] Trying to find element: By.xpath: //yt-multi-page-menu-section-renderer[@class='style-scope ytd-multi-page-menu-renderer']//yt-formatted-string[@id='label' and text()='Bahasa Indonesia']
16:42:28 [TestNG-test-Yt Master Tests-2] INFO  verifyingSideMenuCollapsedLangAsInSettings_16-42-12 - [verifyingSideMenuCollapsedLangAsInSettings_16-42-12] Element found and ready (attempt 1): By.xpath: //yt-multi-page-menu-section-renderer[@class='style-scope ytd-multi-page-menu-renderer']//yt-formatted-string[@id='label' and text()='Bahasa Indonesia']
16:42:28 [TestNG-test-Yt Master Tests-2] INFO  verifyingSideMenuCollapsedLangAsInSettings_16-42-12 - [verifyingSideMenuCollapsedLangAsInSettings_16-42-12] Trying to find element: By.xpath: //yt-multi-page-menu-section-renderer[@class='style-scope ytd-multi-page-menu-renderer']//yt-formatted-string[@id='label' and text()='Bahasa Indonesia']
16:42:28 [TestNG-test-Yt Master Tests-2] INFO  verifyingSideMenuCollapsedLangAsInSettings_16-42-12 - [verifyingSideMenuCollapsedLangAsInSettings_16-42-12] Element found and ready (attempt 1): By.xpath: //yt-multi-page-menu-section-renderer[@class='style-scope ytd-multi-page-menu-renderer']//yt-formatted-string[@id='label' and text()='Bahasa Indonesia']
16:42:29 [TestNG-test-Yt Master Tests-2] INFO  verifyingSideMenuCollapsedLangAsInSettings_16-42-12 - Clicking settings ellipses button...
16:42:29 [TestNG-test-Yt Master Tests-2] INFO  verifyingSideMenuCollapsedLangAsInSettings_16-42-12 - [verifyingSideMenuCollapsedLangAsInSettings_16-42-12] Trying to find element: By.xpath: //ytd-topbar-menu-button-renderer[@class='style-scope ytd-masthead style-default']
16:42:29 [TestNG-test-Yt Master Tests-2] INFO  verifyingSideMenuCollapsedLangAsInSettings_16-42-12 - [verifyingSideMenuCollapsedLangAsInSettings_16-42-12] Element found and ready (attempt 1): By.xpath: //ytd-topbar-menu-button-renderer[@class='style-scope ytd-masthead style-default']
16:42:30 [TestNG-test-Yt Master Tests-2] INFO  verifyingSideMenuCollapsedLangAsInSettings_16-42-12 - [verifyingSideMenuCollapsedLangAsInSettings_16-42-12] Waiting until element is visible in viewport
16:42:30 [TestNG-test-Yt Master Tests-2] INFO  verifyingSideMenuCollapsedLangAsInSettings_16-42-12 - Clicking settings ellipses button...
16:42:30 [TestNG-test-Yt Master Tests-2] INFO  verifyingSideMenuCollapsedLangAsInSettings_16-42-12 - [verifyingSideMenuCollapsedLangAsInSettings_16-42-12] Trying to find element: By.xpath: //ytd-topbar-menu-button-renderer[@class='style-scope ytd-masthead style-default']
16:42:30 [TestNG-test-Yt Master Tests-2] INFO  verifyingSideMenuCollapsedLangAsInSettings_16-42-12 - [verifyingSideMenuCollapsedLangAsInSettings_16-42-12] Element found and ready (attempt 1): By.xpath: //ytd-topbar-menu-button-renderer[@class='style-scope ytd-masthead style-default']
16:42:30 [TestNG-test-Yt Master Tests-2] INFO  verifyingSideMenuCollapsedLangAsInSettings_16-42-12 - getLangAttribute() - locating <html> and reading lang property
16:42:30 [TestNG-test-Yt Master Tests-2] INFO  verifyingSideMenuCollapsedLangAsInSettings_16-42-12 - Language attribute read: id-ID
16:42:30 [TestNG-test-Yt Master Tests-2] INFO  verifyingSideMenuCollapsedLangAsInSettings_16-42-12 - Fetching the side menu in collapsed view
16:42:30 [TestNG-test-Yt Master Tests-2] INFO  verifyingSideMenuCollapsedLangAsInSettings_16-42-12 - [verifyingSideMenuCollapsedLangAsInSettings_16-42-12] Finding elements list: By.xpath: //ytd-mini-guide-renderer[@class='style-scope ytd-app']//ytd-mini-guide-entry-renderer
16:42:30 [TestNG-test-Yt Master Tests-2] INFO  verifyingSideMenuCollapsedLangAsInSettings_16-42-12 - [verifyingSideMenuCollapsedLangAsInSettings_16-42-12] Found 4 ready elements (attempt 1): By.xpath: //ytd-mini-guide-renderer[@class='style-scope ytd-app']//ytd-mini-guide-entry-renderer
16:42:31 [TestNG-test-Yt Master Tests-2] INFO  verifyingSideMenuCollapsedLangAsInSettings_16-42-12 - Clicking settings ellipses button...
16:42:31 [TestNG-test-Yt Master Tests-2] INFO  verifyingSideMenuCollapsedLangAsInSettings_16-42-12 - [verifyingSideMenuCollapsedLangAsInSettings_16-42-12] Trying to find element: By.xpath: //ytd-topbar-menu-button-renderer[@class='style-scope ytd-masthead style-default']
16:42:31 [TestNG-test-Yt Master Tests-2] INFO  verifyingSideMenuCollapsedLangAsInSettings_16-42-12 - [verifyingSideMenuCollapsedLangAsInSettings_16-42-12] Element found and ready (attempt 1): By.xpath: //ytd-topbar-menu-button-renderer[@class='style-scope ytd-masthead style-default']
16:42:31 [TestNG-test-Yt Master Tests-2] INFO  verifyingSideMenuCollapsedLangAsInSettings_16-42-12 - Clicking language dropdown...
16:42:31 [TestNG-test-Yt Master Tests-2] INFO  verifyingSideMenuCollapsedLangAsInSettings_16-42-12 - [verifyingSideMenuCollapsedLangAsInSettings_16-42-12] Trying to find element: By.xpath: (//div[@id='content-icon'])[2]
16:42:31 [TestNG-test-Yt Master Tests-2] INFO  verifyingSideMenuCollapsedLangAsInSettings_16-42-12 - [verifyingSideMenuCollapsedLangAsInSettings_16-42-12] Element found and ready (attempt 1): By.xpath: (//div[@id='content-icon'])[2]
16:42:32 [TestNG-test-Yt Master Tests-2] INFO  verifyingSideMenuCollapsedLangAsInSettings_16-42-12 - Looking for language element with name: Bosanski
16:42:32 [TestNG-test-Yt Master Tests-2] INFO  verifyingSideMenuCollapsedLangAsInSettings_16-42-12 - [verifyingSideMenuCollapsedLangAsInSettings_16-42-12] Trying to find element: By.xpath: //yt-multi-page-menu-section-renderer[@class='style-scope ytd-multi-page-menu-renderer']//yt-formatted-string[@id='label' and text()='Bosanski']
16:42:32 [TestNG-test-Yt Master Tests-2] INFO  verifyingSideMenuCollapsedLangAsInSettings_16-42-12 - [verifyingSideMenuCollapsedLangAsInSettings_16-42-12] Element found and ready (attempt 1): By.xpath: //yt-multi-page-menu-section-renderer[@class='style-scope ytd-multi-page-menu-renderer']//yt-formatted-string[@id='label' and text()='Bosanski']
16:42:32 [TestNG-test-Yt Master Tests-2] INFO  verifyingSideMenuCollapsedLangAsInSettings_16-42-12 - [verifyingSideMenuCollapsedLangAsInSettings_16-42-12] Trying to find element: By.xpath: //yt-multi-page-menu-section-renderer[@class='style-scope ytd-multi-page-menu-renderer']//yt-formatted-string[@id='label' and text()='Bosanski']
16:42:32 [TestNG-test-Yt Master Tests-2] INFO  verifyingSideMenuCollapsedLangAsInSettings_16-42-12 - [verifyingSideMenuCollapsedLangAsInSettings_16-42-12] Element found and ready (attempt 1): By.xpath: //yt-multi-page-menu-section-renderer[@class='style-scope ytd-multi-page-menu-renderer']//yt-formatted-string[@id='label' and text()='Bosanski']
16:42:33 [TestNG-test-Yt Master Tests-2] INFO  verifyingSideMenuCollapsedLangAsInSettings_16-42-12 - Clicking settings ellipses button...
16:42:33 [TestNG-test-Yt Master Tests-2] INFO  verifyingSideMenuCollapsedLangAsInSettings_16-42-12 - [verifyingSideMenuCollapsedLangAsInSettings_16-42-12] Trying to find element: By.xpath: //ytd-topbar-menu-button-renderer[@class='style-scope ytd-masthead style-default']
16:42:33 [TestNG-test-Yt Master Tests-2] INFO  verifyingSideMenuCollapsedLangAsInSettings_16-42-12 - [verifyingSideMenuCollapsedLangAsInSettings_16-42-12] Element found and ready (attempt 1): By.xpath: //ytd-topbar-menu-button-renderer[@class='style-scope ytd-masthead style-default']
16:42:34 [TestNG-test-Yt Master Tests-2] INFO  verifyingSideMenuCollapsedLangAsInSettings_16-42-12 - [verifyingSideMenuCollapsedLangAsInSettings_16-42-12] Waiting until element is visible in viewport
16:42:34 [TestNG-test-Yt Master Tests-2] INFO  verifyingSideMenuCollapsedLangAsInSettings_16-42-12 - Clicking settings ellipses button...
16:42:34 [TestNG-test-Yt Master Tests-2] INFO  verifyingSideMenuCollapsedLangAsInSettings_16-42-12 - [verifyingSideMenuCollapsedLangAsInSettings_16-42-12] Trying to find element: By.xpath: //ytd-topbar-menu-button-renderer[@class='style-scope ytd-masthead style-default']
16:42:34 [TestNG-test-Yt Master Tests-2] INFO  verifyingSideMenuCollapsedLangAsInSettings_16-42-12 - [verifyingSideMenuCollapsedLangAsInSettings_16-42-12] Element found and ready (attempt 1): By.xpath: //ytd-topbar-menu-button-renderer[@class='style-scope ytd-masthead style-default']
16:42:34 [TestNG-test-Yt Master Tests-2] INFO  verifyingSideMenuCollapsedLangAsInSettings_16-42-12 - getLangAttribute() - locating <html> and reading lang property
16:42:34 [TestNG-test-Yt Master Tests-2] INFO  verifyingSideMenuCollapsedLangAsInSettings_16-42-12 - Language attribute read: bs-Latn-BA
16:42:34 [TestNG-test-Yt Master Tests-2] INFO  verifyingSideMenuCollapsedLangAsInSettings_16-42-12 - Fetching the side menu in collapsed view
16:42:34 [TestNG-test-Yt Master Tests-2] INFO  verifyingSideMenuCollapsedLangAsInSettings_16-42-12 - [verifyingSideMenuCollapsedLangAsInSettings_16-42-12] Finding elements list: By.xpath: //ytd-mini-guide-renderer[@class='style-scope ytd-app']//ytd-mini-guide-entry-renderer
16:42:34 [TestNG-test-Yt Master Tests-2] INFO  verifyingSideMenuCollapsedLangAsInSettings_16-42-12 - [verifyingSideMenuCollapsedLangAsInSettings_16-42-12] Found 4 ready elements (attempt 1): By.xpath: //ytd-mini-guide-renderer[@class='style-scope ytd-app']//ytd-mini-guide-entry-renderer
16:42:34 [TestNG-test-Yt Master Tests-2] INFO  verifyingSideMenuCollapsedLangAsInSettings_16-42-12 - Clicking settings ellipses button...
16:42:34 [TestNG-test-Yt Master Tests-2] INFO  verifyingSideMenuCollapsedLangAsInSettings_16-42-12 - [verifyingSideMenuCollapsedLangAsInSettings_16-42-12] Trying to find element: By.xpath: //ytd-topbar-menu-button-renderer[@class='style-scope ytd-masthead style-default']
16:42:34 [TestNG-test-Yt Master Tests-2] INFO  verifyingSideMenuCollapsedLangAsInSettings_16-42-12 - [verifyingSideMenuCollapsedLangAsInSettings_16-42-12] Element found and ready (attempt 1): By.xpath: //ytd-topbar-menu-button-renderer[@class='style-scope ytd-masthead style-default']
16:42:34 [TestNG-test-Yt Master Tests-2] INFO  verifyingSideMenuCollapsedLangAsInSettings_16-42-12 - Clicking language dropdown...
16:42:34 [TestNG-test-Yt Master Tests-2] INFO  verifyingSideMenuCollapsedLangAsInSettings_16-42-12 - [verifyingSideMenuCollapsedLangAsInSettings_16-42-12] Trying to find element: By.xpath: (//div[@id='content-icon'])[2]
16:42:35 [TestNG-test-Yt Master Tests-2] INFO  verifyingSideMenuCollapsedLangAsInSettings_16-42-12 - [verifyingSideMenuCollapsedLangAsInSettings_16-42-12] Element found and ready (attempt 1): By.xpath: (//div[@id='content-icon'])[2]
16:42:35 [TestNG-test-Yt Master Tests-2] INFO  verifyingSideMenuCollapsedLangAsInSettings_16-42-12 - Looking for language element with name: Català
16:42:35 [TestNG-test-Yt Master Tests-2] INFO  verifyingSideMenuCollapsedLangAsInSettings_16-42-12 - [verifyingSideMenuCollapsedLangAsInSettings_16-42-12] Trying to find element: By.xpath: //yt-multi-page-menu-section-renderer[@class='style-scope ytd-multi-page-menu-renderer']//yt-formatted-string[@id='label' and text()='Català']
16:42:35 [TestNG-test-Yt Master Tests-2] INFO  verifyingSideMenuCollapsedLangAsInSettings_16-42-12 - [verifyingSideMenuCollapsedLangAsInSettings_16-42-12] Element found and ready (attempt 1): By.xpath: //yt-multi-page-menu-section-renderer[@class='style-scope ytd-multi-page-menu-renderer']//yt-formatted-string[@id='label' and text()='Català']
16:42:35 [TestNG-test-Yt Master Tests-2] INFO  verifyingSideMenuCollapsedLangAsInSettings_16-42-12 - [verifyingSideMenuCollapsedLangAsInSettings_16-42-12] Trying to find element: By.xpath: //yt-multi-page-menu-section-renderer[@class='style-scope ytd-multi-page-menu-renderer']//yt-formatted-string[@id='label' and text()='Català']
16:42:35 [TestNG-test-Yt Master Tests-2] INFO  verifyingSideMenuCollapsedLangAsInSettings_16-42-12 - [verifyingSideMenuCollapsedLangAsInSettings_16-42-12] Element found and ready (attempt 1): By.xpath: //yt-multi-page-menu-section-renderer[@class='style-scope ytd-multi-page-menu-renderer']//yt-formatted-string[@id='label' and text()='Català']
16:42:53 [TestNG-test-Yt Master Tests-2] WARN  verifyingSideMenuCollapsedLangAsInSettings_16-42-12 - [verifyingSideMenuCollapsedLangAsInSettings_16-42-12] Retrying test 'verifyingSideMenuCollapsedLangAsInSettings' (attempt 1) due to: Expected condition failed: waiting for presence of element located by: By.xpath: //ytd-mini-guide-renderer[@class='style-scope ytd-app']//ytd-mini-guide-entry-renderer (tried for 15 second(s) with 500 milliseconds interval)
