06:39:12 [TestNG-test-Yt Master Tests-3] INFO  verifyingSettingOptionsLang_06-39-12 - No existing WebDriver found for current thread. Initializing a new ChromeDriver...
06:39:12 [TestNG-test-Yt Master Tests-3] INFO  verifyingSettingOptionsLang_06-39-12 - WebDriverManager: chromedriver setup OK
06:39:15 [TestNG-test-Yt Master Tests-3] INFO  verifyingSettingOptionsLang_06-39-12 - ChromeDriver initialized successfully for thread: 36
06:39:15 [TestNG-test-Yt Master Tests-3] INFO  verifyingSettingOptionsLang_06-39-12 - SafeActions initialized with driver ChromeDriver: chrome on windows (81fcce0f277282fd499d2545d236c930)
06:39:15 [TestNG-test-Yt Master Tests-3] INFO  verifyingSettingOptionsLang_06-39-12 - Initialized YtLandingPage with driver: ChromeDriver: chrome on windows (81fcce0f277282fd499d2545d236c930)
06:39:15 [TestNG-test-Yt Master Tests-3] INFO  verifyingSettingOptionsLang_06-39-12 - SafeActions initialized with driver ChromeDriver: chrome on windows (81fcce0f277282fd499d2545d236c930)
06:39:19 [TestNG-test-Yt Master Tests-3] INFO  verifyingSettingOptionsLang_06-39-12 - Opened YouTube landing page.
06:39:19 [TestNG-test-Yt Master Tests-3] INFO  verifyingSettingOptionsLang_06-39-12 - Clicking settings ellipses button...
06:39:19 [TestNG-test-Yt Master Tests-3] INFO  verifyingSettingOptionsLang_06-39-12 - [verifyingSettingOptionsLang_06-39-12] Trying to find element: By.xpath: //ytd-topbar-menu-button-renderer[@class='style-scope ytd-masthead style-default']
06:39:20 [TestNG-test-Yt Master Tests-3] INFO  verifyingSettingOptionsLang_06-39-12 - [verifyingSettingOptionsLang_06-39-12] Element found and ready (attempt 1): By.xpath: //ytd-topbar-menu-button-renderer[@class='style-scope ytd-masthead style-default']
06:39:20 [TestNG-test-Yt Master Tests-3] INFO  verifyingSettingOptionsLang_06-39-12 - Clicking language dropdown...
06:39:20 [TestNG-test-Yt Master Tests-3] INFO  verifyingSettingOptionsLang_06-39-12 - [verifyingSettingOptionsLang_06-39-12] Trying to find element: By.xpath: (//div[@id='content-icon'])[2]
06:39:20 [TestNG-test-Yt Master Tests-3] INFO  verifyingSettingOptionsLang_06-39-12 - [verifyingSettingOptionsLang_06-39-12] Element found and ready (attempt 1): By.xpath: (//div[@id='content-icon'])[2]
06:39:21 [TestNG-test-Yt Master Tests-3] INFO  verifyingSettingOptionsLang_06-39-12 - [verifyingSettingOptionsLang_06-39-12] Execution is Not CRON Job Hence referring to normal keys from UtilData
06:39:21 [TestNG-test-Yt Master Tests-3] INFO  verifyingSettingOptionsLang_06-39-12 - [verifyingSettingOptionsLang_06-39-12] Row count is == 10
06:39:21 [TestNG-test-Yt Master Tests-3] INFO  verifyingSettingOptionsLang_06-39-12 - Looking for language element with name: Afrikaans
06:39:21 [TestNG-test-Yt Master Tests-3] INFO  verifyingSettingOptionsLang_06-39-12 - [verifyingSettingOptionsLang_06-39-12] Trying to find element: By.xpath: //yt-multi-page-menu-section-renderer[@class='style-scope ytd-multi-page-menu-renderer']//yt-formatted-string[@id='label' and text()='Afrikaans']
06:39:21 [TestNG-test-Yt Master Tests-3] INFO  verifyingSettingOptionsLang_06-39-12 - [verifyingSettingOptionsLang_06-39-12] Element found and ready (attempt 1): By.xpath: //yt-multi-page-menu-section-renderer[@class='style-scope ytd-multi-page-menu-renderer']//yt-formatted-string[@id='label' and text()='Afrikaans']
06:39:21 [TestNG-test-Yt Master Tests-3] INFO  verifyingSettingOptionsLang_06-39-12 - [verifyingSettingOptionsLang_06-39-12] Trying to find element: By.xpath: //yt-multi-page-menu-section-renderer[@class='style-scope ytd-multi-page-menu-renderer']//yt-formatted-string[@id='label' and text()='Afrikaans']
06:39:21 [TestNG-test-Yt Master Tests-3] INFO  verifyingSettingOptionsLang_06-39-12 - [verifyingSettingOptionsLang_06-39-12] Element found and ready (attempt 1): By.xpath: //yt-multi-page-menu-section-renderer[@class='style-scope ytd-multi-page-menu-renderer']//yt-formatted-string[@id='label' and text()='Afrikaans']
06:39:28 [TestNG-test-Yt Master Tests-3] INFO  verifyingSettingOptionsLang_06-39-12 - Clicking settings ellipses button...
06:39:28 [TestNG-test-Yt Master Tests-3] INFO  verifyingSettingOptionsLang_06-39-12 - [verifyingSettingOptionsLang_06-39-12] Trying to find element: By.xpath: //ytd-topbar-menu-button-renderer[@class='style-scope ytd-masthead style-default']
06:39:28 [TestNG-test-Yt Master Tests-3] INFO  verifyingSettingOptionsLang_06-39-12 - [verifyingSettingOptionsLang_06-39-12] Element found and ready (attempt 1): By.xpath: //ytd-topbar-menu-button-renderer[@class='style-scope ytd-masthead style-default']
06:39:28 [TestNG-test-Yt Master Tests-3] INFO  verifyingSettingOptionsLang_06-39-12 - [verifyingSettingOptionsLang_06-39-12] Waiting until element is visible in viewport
06:39:29 [TestNG-test-Yt Master Tests-3] INFO  verifyingSettingOptionsLang_06-39-12 - Clicking settings ellipses button...
06:39:29 [TestNG-test-Yt Master Tests-3] INFO  verifyingSettingOptionsLang_06-39-12 - [verifyingSettingOptionsLang_06-39-12] Trying to find element: By.xpath: //ytd-topbar-menu-button-renderer[@class='style-scope ytd-masthead style-default']
06:39:29 [TestNG-test-Yt Master Tests-3] INFO  verifyingSettingOptionsLang_06-39-12 - [verifyingSettingOptionsLang_06-39-12] Element found and ready (attempt 1): By.xpath: //ytd-topbar-menu-button-renderer[@class='style-scope ytd-masthead style-default']
06:39:29 [TestNG-test-Yt Master Tests-3] INFO  verifyingSettingOptionsLang_06-39-12 - Clicking settings ellipses button...
06:39:29 [TestNG-test-Yt Master Tests-3] INFO  verifyingSettingOptionsLang_06-39-12 - [verifyingSettingOptionsLang_06-39-12] Trying to find element: By.xpath: //ytd-topbar-menu-button-renderer[@class='style-scope ytd-masthead style-default']
06:39:29 [TestNG-test-Yt Master Tests-3] INFO  verifyingSettingOptionsLang_06-39-12 - [verifyingSettingOptionsLang_06-39-12] Element found and ready (attempt 1): By.xpath: //ytd-topbar-menu-button-renderer[@class='style-scope ytd-masthead style-default']
06:39:29 [TestNG-test-Yt Master Tests-3] INFO  verifyingSettingOptionsLang_06-39-12 - Getting the setting ellipses options
06:39:29 [TestNG-test-Yt Master Tests-3] INFO  verifyingSettingOptionsLang_06-39-12 - [verifyingSettingOptionsLang_06-39-12] Trying to find element: By.xpath: //ytd-multi-page-menu-renderer
06:39:29 [TestNG-test-Yt Master Tests-3] INFO  verifyingSettingOptionsLang_06-39-12 - [verifyingSettingOptionsLang_06-39-12] Element found and ready (attempt 1): By.xpath: //ytd-multi-page-menu-renderer
06:39:29 [TestNG-test-Yt Master Tests-3] INFO  verifyingSettingOptionsLang_06-39-12 - Clicking settings ellipses button...
06:39:29 [TestNG-test-Yt Master Tests-3] INFO  verifyingSettingOptionsLang_06-39-12 - [verifyingSettingOptionsLang_06-39-12] Trying to find element: By.xpath: //ytd-topbar-menu-button-renderer[@class='style-scope ytd-masthead style-default']
06:39:29 [TestNG-test-Yt Master Tests-3] INFO  verifyingSettingOptionsLang_06-39-12 - [verifyingSettingOptionsLang_06-39-12] Element found and ready (attempt 1): By.xpath: //ytd-topbar-menu-button-renderer[@class='style-scope ytd-masthead style-default']
06:39:29 [TestNG-test-Yt Master Tests-3] INFO  verifyingSettingOptionsLang_06-39-12 - 
========== LANGUAGE DETECTION ==========
Detected Language : AFRIKAANS
Input Text        : Jou data in YouTube
Voorkoms: Lig
Vertoontaal:
Afrikaans
Beperkmodus: Af
Ligging:
Verenigde State
Kortpadsleutels
Instellings
Hulp
Stuur terugvoer
========================================
06:39:29 [TestNG-test-Yt Master Tests-3] INFO  verifyingSettingOptionsLang_06-39-12 - getLangAttribute() - locating <html> and reading lang property
06:39:29 [TestNG-test-Yt Master Tests-3] INFO  verifyingSettingOptionsLang_06-39-12 - Language attribute read: af-ZA
06:39:29 [TestNG-test-Yt Master Tests-3] INFO  verifyingSettingOptionsLang_06-39-12 - Clicking settings ellipses button...
06:39:29 [TestNG-test-Yt Master Tests-3] INFO  verifyingSettingOptionsLang_06-39-12 - [verifyingSettingOptionsLang_06-39-12] Trying to find element: By.xpath: //ytd-topbar-menu-button-renderer[@class='style-scope ytd-masthead style-default']
06:39:29 [TestNG-test-Yt Master Tests-3] INFO  verifyingSettingOptionsLang_06-39-12 - [verifyingSettingOptionsLang_06-39-12] Element found and ready (attempt 1): By.xpath: //ytd-topbar-menu-button-renderer[@class='style-scope ytd-masthead style-default']
06:39:29 [TestNG-test-Yt Master Tests-3] INFO  verifyingSettingOptionsLang_06-39-12 - Clicking language dropdown...
06:39:29 [TestNG-test-Yt Master Tests-3] INFO  verifyingSettingOptionsLang_06-39-12 - [verifyingSettingOptionsLang_06-39-12] Trying to find element: By.xpath: (//div[@id='content-icon'])[2]
06:39:30 [TestNG-test-Yt Master Tests-3] INFO  verifyingSettingOptionsLang_06-39-12 - [verifyingSettingOptionsLang_06-39-12] Element found and ready (attempt 1): By.xpath: (//div[@id='content-icon'])[2]
06:39:30 [TestNG-test-Yt Master Tests-3] INFO  verifyingSettingOptionsLang_06-39-12 - Looking for language element with name: Azərbaycan
06:39:30 [TestNG-test-Yt Master Tests-3] INFO  verifyingSettingOptionsLang_06-39-12 - [verifyingSettingOptionsLang_06-39-12] Trying to find element: By.xpath: //yt-multi-page-menu-section-renderer[@class='style-scope ytd-multi-page-menu-renderer']//yt-formatted-string[@id='label' and text()='Azərbaycan']
06:39:31 [TestNG-test-Yt Master Tests-3] INFO  verifyingSettingOptionsLang_06-39-12 - [verifyingSettingOptionsLang_06-39-12] Element found and ready (attempt 1): By.xpath: //yt-multi-page-menu-section-renderer[@class='style-scope ytd-multi-page-menu-renderer']//yt-formatted-string[@id='label' and text()='Azərbaycan']
06:39:31 [TestNG-test-Yt Master Tests-3] INFO  verifyingSettingOptionsLang_06-39-12 - [verifyingSettingOptionsLang_06-39-12] Trying to find element: By.xpath: //yt-multi-page-menu-section-renderer[@class='style-scope ytd-multi-page-menu-renderer']//yt-formatted-string[@id='label' and text()='Azərbaycan']
06:39:31 [TestNG-test-Yt Master Tests-3] INFO  verifyingSettingOptionsLang_06-39-12 - [verifyingSettingOptionsLang_06-39-12] Element found and ready (attempt 1): By.xpath: //yt-multi-page-menu-section-renderer[@class='style-scope ytd-multi-page-menu-renderer']//yt-formatted-string[@id='label' and text()='Azərbaycan']
06:39:33 [TestNG-test-Yt Master Tests-3] INFO  verifyingSettingOptionsLang_06-39-12 - Clicking settings ellipses button...
06:39:33 [TestNG-test-Yt Master Tests-3] INFO  verifyingSettingOptionsLang_06-39-12 - [verifyingSettingOptionsLang_06-39-12] Trying to find element: By.xpath: //ytd-topbar-menu-button-renderer[@class='style-scope ytd-masthead style-default']
06:39:33 [TestNG-test-Yt Master Tests-3] INFO  verifyingSettingOptionsLang_06-39-12 - [verifyingSettingOptionsLang_06-39-12] Element found and ready (attempt 1): By.xpath: //ytd-topbar-menu-button-renderer[@class='style-scope ytd-masthead style-default']
06:39:34 [TestNG-test-Yt Master Tests-3] INFO  verifyingSettingOptionsLang_06-39-12 - [verifyingSettingOptionsLang_06-39-12] Waiting until element is visible in viewport
06:39:35 [TestNG-test-Yt Master Tests-3] INFO  verifyingSettingOptionsLang_06-39-12 - Clicking settings ellipses button...
06:39:35 [TestNG-test-Yt Master Tests-3] INFO  verifyingSettingOptionsLang_06-39-12 - [verifyingSettingOptionsLang_06-39-12] Trying to find element: By.xpath: //ytd-topbar-menu-button-renderer[@class='style-scope ytd-masthead style-default']
06:39:35 [TestNG-test-Yt Master Tests-3] INFO  verifyingSettingOptionsLang_06-39-12 - [verifyingSettingOptionsLang_06-39-12] Element found and ready (attempt 1): By.xpath: //ytd-topbar-menu-button-renderer[@class='style-scope ytd-masthead style-default']
06:39:35 [TestNG-test-Yt Master Tests-3] INFO  verifyingSettingOptionsLang_06-39-12 - Clicking settings ellipses button...
06:39:35 [TestNG-test-Yt Master Tests-3] INFO  verifyingSettingOptionsLang_06-39-12 - [verifyingSettingOptionsLang_06-39-12] Trying to find element: By.xpath: //ytd-topbar-menu-button-renderer[@class='style-scope ytd-masthead style-default']
06:39:35 [TestNG-test-Yt Master Tests-3] INFO  verifyingSettingOptionsLang_06-39-12 - [verifyingSettingOptionsLang_06-39-12] Element found and ready (attempt 1): By.xpath: //ytd-topbar-menu-button-renderer[@class='style-scope ytd-masthead style-default']
06:39:35 [TestNG-test-Yt Master Tests-3] INFO  verifyingSettingOptionsLang_06-39-12 - Getting the setting ellipses options
06:39:35 [TestNG-test-Yt Master Tests-3] INFO  verifyingSettingOptionsLang_06-39-12 - [verifyingSettingOptionsLang_06-39-12] Trying to find element: By.xpath: //ytd-multi-page-menu-renderer
06:39:36 [TestNG-test-Yt Master Tests-3] INFO  verifyingSettingOptionsLang_06-39-12 - [verifyingSettingOptionsLang_06-39-12] Element found and ready (attempt 1): By.xpath: //ytd-multi-page-menu-renderer
06:39:36 [TestNG-test-Yt Master Tests-3] INFO  verifyingSettingOptionsLang_06-39-12 - Clicking settings ellipses button...
06:39:36 [TestNG-test-Yt Master Tests-3] INFO  verifyingSettingOptionsLang_06-39-12 - [verifyingSettingOptionsLang_06-39-12] Trying to find element: By.xpath: //ytd-topbar-menu-button-renderer[@class='style-scope ytd-masthead style-default']
06:39:36 [TestNG-test-Yt Master Tests-3] INFO  verifyingSettingOptionsLang_06-39-12 - [verifyingSettingOptionsLang_06-39-12] Element found and ready (attempt 1): By.xpath: //ytd-topbar-menu-button-renderer[@class='style-scope ytd-masthead style-default']
06:39:36 [TestNG-test-Yt Master Tests-3] INFO  verifyingSettingOptionsLang_06-39-12 - 
========== LANGUAGE DETECTION ==========
Detected Language : AZERBAIJANI
Input Text        : YouTube Datanız
Görünüş: Açıq
Displey dili:
azərbaycan
Limitli Rejim: Deaktiv
Məkan:
Amerika Birləşmiş Ştatları
Klaviatura qısayolları
Ayarlar
Yardım
Rəy göndərin
========================================
06:39:36 [TestNG-test-Yt Master Tests-3] INFO  verifyingSettingOptionsLang_06-39-12 - getLangAttribute() - locating <html> and reading lang property
06:39:36 [TestNG-test-Yt Master Tests-3] INFO  verifyingSettingOptionsLang_06-39-12 - Language attribute read: az-Latn-AZ
06:39:36 [TestNG-test-Yt Master Tests-3] INFO  verifyingSettingOptionsLang_06-39-12 - Clicking settings ellipses button...
06:39:36 [TestNG-test-Yt Master Tests-3] INFO  verifyingSettingOptionsLang_06-39-12 - [verifyingSettingOptionsLang_06-39-12] Trying to find element: By.xpath: //ytd-topbar-menu-button-renderer[@class='style-scope ytd-masthead style-default']
06:39:37 [TestNG-test-Yt Master Tests-3] INFO  verifyingSettingOptionsLang_06-39-12 - [verifyingSettingOptionsLang_06-39-12] Element found and ready (attempt 1): By.xpath: //ytd-topbar-menu-button-renderer[@class='style-scope ytd-masthead style-default']
06:39:37 [TestNG-test-Yt Master Tests-3] INFO  verifyingSettingOptionsLang_06-39-12 - Clicking language dropdown...
06:39:37 [TestNG-test-Yt Master Tests-3] INFO  verifyingSettingOptionsLang_06-39-12 - [verifyingSettingOptionsLang_06-39-12] Trying to find element: By.xpath: (//div[@id='content-icon'])[2]
06:39:37 [TestNG-test-Yt Master Tests-3] INFO  verifyingSettingOptionsLang_06-39-12 - [verifyingSettingOptionsLang_06-39-12] Element found and ready (attempt 1): By.xpath: (//div[@id='content-icon'])[2]
06:39:38 [TestNG-test-Yt Master Tests-3] INFO  verifyingSettingOptionsLang_06-39-12 - Looking for language element with name: Bahasa Indonesia
06:39:38 [TestNG-test-Yt Master Tests-3] INFO  verifyingSettingOptionsLang_06-39-12 - [verifyingSettingOptionsLang_06-39-12] Trying to find element: By.xpath: //yt-multi-page-menu-section-renderer[@class='style-scope ytd-multi-page-menu-renderer']//yt-formatted-string[@id='label' and text()='Bahasa Indonesia']
06:39:38 [TestNG-test-Yt Master Tests-3] INFO  verifyingSettingOptionsLang_06-39-12 - [verifyingSettingOptionsLang_06-39-12] Element found and ready (attempt 1): By.xpath: //yt-multi-page-menu-section-renderer[@class='style-scope ytd-multi-page-menu-renderer']//yt-formatted-string[@id='label' and text()='Bahasa Indonesia']
06:39:38 [TestNG-test-Yt Master Tests-3] INFO  verifyingSettingOptionsLang_06-39-12 - [verifyingSettingOptionsLang_06-39-12] Trying to find element: By.xpath: //yt-multi-page-menu-section-renderer[@class='style-scope ytd-multi-page-menu-renderer']//yt-formatted-string[@id='label' and text()='Bahasa Indonesia']
06:39:38 [TestNG-test-Yt Master Tests-3] INFO  verifyingSettingOptionsLang_06-39-12 - [verifyingSettingOptionsLang_06-39-12] Element found and ready (attempt 1): By.xpath: //yt-multi-page-menu-section-renderer[@class='style-scope ytd-multi-page-menu-renderer']//yt-formatted-string[@id='label' and text()='Bahasa Indonesia']
06:39:40 [TestNG-test-Yt Master Tests-3] INFO  verifyingSettingOptionsLang_06-39-12 - Clicking settings ellipses button...
06:39:40 [TestNG-test-Yt Master Tests-3] INFO  verifyingSettingOptionsLang_06-39-12 - [verifyingSettingOptionsLang_06-39-12] Trying to find element: By.xpath: //ytd-topbar-menu-button-renderer[@class='style-scope ytd-masthead style-default']
06:39:41 [TestNG-test-Yt Master Tests-3] INFO  verifyingSettingOptionsLang_06-39-12 - [verifyingSettingOptionsLang_06-39-12] Element found and ready (attempt 1): By.xpath: //ytd-topbar-menu-button-renderer[@class='style-scope ytd-masthead style-default']
06:39:41 [TestNG-test-Yt Master Tests-3] INFO  verifyingSettingOptionsLang_06-39-12 - [verifyingSettingOptionsLang_06-39-12] Waiting until element is visible in viewport
06:39:41 [TestNG-test-Yt Master Tests-3] INFO  verifyingSettingOptionsLang_06-39-12 - Clicking settings ellipses button...
06:39:41 [TestNG-test-Yt Master Tests-3] INFO  verifyingSettingOptionsLang_06-39-12 - [verifyingSettingOptionsLang_06-39-12] Trying to find element: By.xpath: //ytd-topbar-menu-button-renderer[@class='style-scope ytd-masthead style-default']
06:39:42 [TestNG-test-Yt Master Tests-3] INFO  verifyingSettingOptionsLang_06-39-12 - [verifyingSettingOptionsLang_06-39-12] Element found and ready (attempt 1): By.xpath: //ytd-topbar-menu-button-renderer[@class='style-scope ytd-masthead style-default']
06:39:42 [TestNG-test-Yt Master Tests-3] INFO  verifyingSettingOptionsLang_06-39-12 - Clicking settings ellipses button...
06:39:42 [TestNG-test-Yt Master Tests-3] INFO  verifyingSettingOptionsLang_06-39-12 - [verifyingSettingOptionsLang_06-39-12] Trying to find element: By.xpath: //ytd-topbar-menu-button-renderer[@class='style-scope ytd-masthead style-default']
06:39:42 [TestNG-test-Yt Master Tests-3] INFO  verifyingSettingOptionsLang_06-39-12 - [verifyingSettingOptionsLang_06-39-12] Element found and ready (attempt 1): By.xpath: //ytd-topbar-menu-button-renderer[@class='style-scope ytd-masthead style-default']
06:39:42 [TestNG-test-Yt Master Tests-3] INFO  verifyingSettingOptionsLang_06-39-12 - Getting the setting ellipses options
06:39:42 [TestNG-test-Yt Master Tests-3] INFO  verifyingSettingOptionsLang_06-39-12 - [verifyingSettingOptionsLang_06-39-12] Trying to find element: By.xpath: //ytd-multi-page-menu-renderer
06:39:43 [TestNG-test-Yt Master Tests-3] INFO  verifyingSettingOptionsLang_06-39-12 - [verifyingSettingOptionsLang_06-39-12] Element found and ready (attempt 1): By.xpath: //ytd-multi-page-menu-renderer
06:39:43 [TestNG-test-Yt Master Tests-3] INFO  verifyingSettingOptionsLang_06-39-12 - Clicking settings ellipses button...
06:39:43 [TestNG-test-Yt Master Tests-3] INFO  verifyingSettingOptionsLang_06-39-12 - [verifyingSettingOptionsLang_06-39-12] Trying to find element: By.xpath: //ytd-topbar-menu-button-renderer[@class='style-scope ytd-masthead style-default']
06:39:43 [TestNG-test-Yt Master Tests-3] INFO  verifyingSettingOptionsLang_06-39-12 - [verifyingSettingOptionsLang_06-39-12] Element found and ready (attempt 1): By.xpath: //ytd-topbar-menu-button-renderer[@class='style-scope ytd-masthead style-default']
06:39:43 [TestNG-test-Yt Master Tests-3] INFO  verifyingSettingOptionsLang_06-39-12 - 
========== LANGUAGE DETECTION ==========
Detected Language : INDONESIAN
Input Text        : Data Anda di YouTube
Tampilan: Terang
Bahasa tampilan:
Indonesia
Mode Terbatas: Nonaktif
Lokasi:
Amerika Serikat
Pintasan keyboard
Setelan
Bantuan
Kirim masukan
========================================
06:39:43 [TestNG-test-Yt Master Tests-3] INFO  verifyingSettingOptionsLang_06-39-12 - getLangAttribute() - locating <html> and reading lang property
06:39:43 [TestNG-test-Yt Master Tests-3] INFO  verifyingSettingOptionsLang_06-39-12 - Language attribute read: id-ID
06:39:43 [TestNG-test-Yt Master Tests-3] INFO  verifyingSettingOptionsLang_06-39-12 - Clicking settings ellipses button...
06:39:43 [TestNG-test-Yt Master Tests-3] INFO  verifyingSettingOptionsLang_06-39-12 - [verifyingSettingOptionsLang_06-39-12] Trying to find element: By.xpath: //ytd-topbar-menu-button-renderer[@class='style-scope ytd-masthead style-default']
06:39:44 [TestNG-test-Yt Master Tests-3] INFO  verifyingSettingOptionsLang_06-39-12 - [verifyingSettingOptionsLang_06-39-12] Element found and ready (attempt 1): By.xpath: //ytd-topbar-menu-button-renderer[@class='style-scope ytd-masthead style-default']
06:39:44 [TestNG-test-Yt Master Tests-3] INFO  verifyingSettingOptionsLang_06-39-12 - Clicking language dropdown...
06:39:44 [TestNG-test-Yt Master Tests-3] INFO  verifyingSettingOptionsLang_06-39-12 - [verifyingSettingOptionsLang_06-39-12] Trying to find element: By.xpath: (//div[@id='content-icon'])[2]
06:39:44 [TestNG-test-Yt Master Tests-3] INFO  verifyingSettingOptionsLang_06-39-12 - [verifyingSettingOptionsLang_06-39-12] Element found and ready (attempt 1): By.xpath: (//div[@id='content-icon'])[2]
06:39:45 [TestNG-test-Yt Master Tests-3] INFO  verifyingSettingOptionsLang_06-39-12 - Looking for language element with name: Bosanski
06:39:45 [TestNG-test-Yt Master Tests-3] INFO  verifyingSettingOptionsLang_06-39-12 - [verifyingSettingOptionsLang_06-39-12] Trying to find element: By.xpath: //yt-multi-page-menu-section-renderer[@class='style-scope ytd-multi-page-menu-renderer']//yt-formatted-string[@id='label' and text()='Bosanski']
06:39:46 [TestNG-test-Yt Master Tests-3] INFO  verifyingSettingOptionsLang_06-39-12 - [verifyingSettingOptionsLang_06-39-12] Element found and ready (attempt 1): By.xpath: //yt-multi-page-menu-section-renderer[@class='style-scope ytd-multi-page-menu-renderer']//yt-formatted-string[@id='label' and text()='Bosanski']
06:39:46 [TestNG-test-Yt Master Tests-3] INFO  verifyingSettingOptionsLang_06-39-12 - [verifyingSettingOptionsLang_06-39-12] Trying to find element: By.xpath: //yt-multi-page-menu-section-renderer[@class='style-scope ytd-multi-page-menu-renderer']//yt-formatted-string[@id='label' and text()='Bosanski']
06:39:46 [TestNG-test-Yt Master Tests-3] INFO  verifyingSettingOptionsLang_06-39-12 - [verifyingSettingOptionsLang_06-39-12] Element found and ready (attempt 1): By.xpath: //yt-multi-page-menu-section-renderer[@class='style-scope ytd-multi-page-menu-renderer']//yt-formatted-string[@id='label' and text()='Bosanski']
06:39:47 [TestNG-test-Yt Master Tests-3] INFO  verifyingSettingOptionsLang_06-39-12 - Clicking settings ellipses button...
06:39:47 [TestNG-test-Yt Master Tests-3] INFO  verifyingSettingOptionsLang_06-39-12 - [verifyingSettingOptionsLang_06-39-12] Trying to find element: By.xpath: //ytd-topbar-menu-button-renderer[@class='style-scope ytd-masthead style-default']
06:39:48 [TestNG-test-Yt Master Tests-3] INFO  verifyingSettingOptionsLang_06-39-12 - [verifyingSettingOptionsLang_06-39-12] Element found and ready (attempt 1): By.xpath: //ytd-topbar-menu-button-renderer[@class='style-scope ytd-masthead style-default']
06:39:49 [TestNG-test-Yt Master Tests-3] INFO  verifyingSettingOptionsLang_06-39-12 - [verifyingSettingOptionsLang_06-39-12] Waiting until element is visible in viewport
06:39:50 [TestNG-test-Yt Master Tests-3] INFO  verifyingSettingOptionsLang_06-39-12 - Clicking settings ellipses button...
06:39:50 [TestNG-test-Yt Master Tests-3] INFO  verifyingSettingOptionsLang_06-39-12 - [verifyingSettingOptionsLang_06-39-12] Trying to find element: By.xpath: //ytd-topbar-menu-button-renderer[@class='style-scope ytd-masthead style-default']
06:39:50 [TestNG-test-Yt Master Tests-3] INFO  verifyingSettingOptionsLang_06-39-12 - [verifyingSettingOptionsLang_06-39-12] Element found and ready (attempt 1): By.xpath: //ytd-topbar-menu-button-renderer[@class='style-scope ytd-masthead style-default']
06:39:50 [TestNG-test-Yt Master Tests-3] INFO  verifyingSettingOptionsLang_06-39-12 - Clicking settings ellipses button...
06:39:50 [TestNG-test-Yt Master Tests-3] INFO  verifyingSettingOptionsLang_06-39-12 - [verifyingSettingOptionsLang_06-39-12] Trying to find element: By.xpath: //ytd-topbar-menu-button-renderer[@class='style-scope ytd-masthead style-default']
06:39:51 [TestNG-test-Yt Master Tests-3] INFO  verifyingSettingOptionsLang_06-39-12 - [verifyingSettingOptionsLang_06-39-12] Element found and ready (attempt 1): By.xpath: //ytd-topbar-menu-button-renderer[@class='style-scope ytd-masthead style-default']
06:39:51 [TestNG-test-Yt Master Tests-3] INFO  verifyingSettingOptionsLang_06-39-12 - Getting the setting ellipses options
06:39:51 [TestNG-test-Yt Master Tests-3] INFO  verifyingSettingOptionsLang_06-39-12 - [verifyingSettingOptionsLang_06-39-12] Trying to find element: By.xpath: //ytd-multi-page-menu-renderer
06:39:52 [TestNG-test-Yt Master Tests-3] INFO  verifyingSettingOptionsLang_06-39-12 - [verifyingSettingOptionsLang_06-39-12] Element found and ready (attempt 1): By.xpath: //ytd-multi-page-menu-renderer
06:39:52 [TestNG-test-Yt Master Tests-3] INFO  verifyingSettingOptionsLang_06-39-12 - Clicking settings ellipses button...
06:39:52 [TestNG-test-Yt Master Tests-3] INFO  verifyingSettingOptionsLang_06-39-12 - [verifyingSettingOptionsLang_06-39-12] Trying to find element: By.xpath: //ytd-topbar-menu-button-renderer[@class='style-scope ytd-masthead style-default']
06:39:52 [TestNG-test-Yt Master Tests-3] INFO  verifyingSettingOptionsLang_06-39-12 - [verifyingSettingOptionsLang_06-39-12] Element found and ready (attempt 1): By.xpath: //ytd-topbar-menu-button-renderer[@class='style-scope ytd-masthead style-default']
06:39:52 [TestNG-test-Yt Master Tests-3] INFO  verifyingSettingOptionsLang_06-39-12 - 
========== LANGUAGE DETECTION ==========
Detected Language : BOSNIAN
Input Text        : Vaši podaci na YouTubeu
Izgled: svijetla tema
Jezik prikaza:
bosanski
Ograničeni način rada: isključeno
Lokacija:
Sjedinjene Američke Države
Prečice na tastaturi
Postavke
Pomoć
Pošaljite povratne informacije
========================================
06:39:52 [TestNG-test-Yt Master Tests-3] INFO  verifyingSettingOptionsLang_06-39-12 - getLangAttribute() - locating <html> and reading lang property
06:39:52 [TestNG-test-Yt Master Tests-3] INFO  verifyingSettingOptionsLang_06-39-12 - Language attribute read: bs-Latn-BA
06:39:52 [TestNG-test-Yt Master Tests-3] INFO  verifyingSettingOptionsLang_06-39-12 - Clicking settings ellipses button...
06:39:52 [TestNG-test-Yt Master Tests-3] INFO  verifyingSettingOptionsLang_06-39-12 - [verifyingSettingOptionsLang_06-39-12] Trying to find element: By.xpath: //ytd-topbar-menu-button-renderer[@class='style-scope ytd-masthead style-default']
06:39:54 [TestNG-test-Yt Master Tests-3] INFO  verifyingSettingOptionsLang_06-39-12 - [verifyingSettingOptionsLang_06-39-12] Element found and ready (attempt 1): By.xpath: //ytd-topbar-menu-button-renderer[@class='style-scope ytd-masthead style-default']
06:39:54 [TestNG-test-Yt Master Tests-3] INFO  verifyingSettingOptionsLang_06-39-12 - Clicking language dropdown...
06:39:54 [TestNG-test-Yt Master Tests-3] INFO  verifyingSettingOptionsLang_06-39-12 - [verifyingSettingOptionsLang_06-39-12] Trying to find element: By.xpath: (//div[@id='content-icon'])[2]
06:39:54 [TestNG-test-Yt Master Tests-3] INFO  verifyingSettingOptionsLang_06-39-12 - [verifyingSettingOptionsLang_06-39-12] Element found and ready (attempt 1): By.xpath: (//div[@id='content-icon'])[2]
06:39:55 [TestNG-test-Yt Master Tests-3] INFO  verifyingSettingOptionsLang_06-39-12 - Looking for language element with name: Català
06:39:55 [TestNG-test-Yt Master Tests-3] INFO  verifyingSettingOptionsLang_06-39-12 - [verifyingSettingOptionsLang_06-39-12] Trying to find element: By.xpath: //yt-multi-page-menu-section-renderer[@class='style-scope ytd-multi-page-menu-renderer']//yt-formatted-string[@id='label' and text()='Català']
06:39:55 [TestNG-test-Yt Master Tests-3] INFO  verifyingSettingOptionsLang_06-39-12 - [verifyingSettingOptionsLang_06-39-12] Element found and ready (attempt 1): By.xpath: //yt-multi-page-menu-section-renderer[@class='style-scope ytd-multi-page-menu-renderer']//yt-formatted-string[@id='label' and text()='Català']
06:39:55 [TestNG-test-Yt Master Tests-3] INFO  verifyingSettingOptionsLang_06-39-12 - [verifyingSettingOptionsLang_06-39-12] Trying to find element: By.xpath: //yt-multi-page-menu-section-renderer[@class='style-scope ytd-multi-page-menu-renderer']//yt-formatted-string[@id='label' and text()='Català']
06:39:55 [TestNG-test-Yt Master Tests-3] INFO  verifyingSettingOptionsLang_06-39-12 - [verifyingSettingOptionsLang_06-39-12] Element found and ready (attempt 1): By.xpath: //yt-multi-page-menu-section-renderer[@class='style-scope ytd-multi-page-menu-renderer']//yt-formatted-string[@id='label' and text()='Català']
06:39:59 [TestNG-test-Yt Master Tests-3] INFO  verifyingSettingOptionsLang_06-39-12 - Clicking settings ellipses button...
06:39:59 [TestNG-test-Yt Master Tests-3] INFO  verifyingSettingOptionsLang_06-39-12 - [verifyingSettingOptionsLang_06-39-12] Trying to find element: By.xpath: //ytd-topbar-menu-button-renderer[@class='style-scope ytd-masthead style-default']
06:39:59 [TestNG-test-Yt Master Tests-3] INFO  verifyingSettingOptionsLang_06-39-12 - [verifyingSettingOptionsLang_06-39-12] Element found and ready (attempt 1): By.xpath: //ytd-topbar-menu-button-renderer[@class='style-scope ytd-masthead style-default']
06:40:00 [TestNG-test-Yt Master Tests-3] INFO  verifyingSettingOptionsLang_06-39-12 - [verifyingSettingOptionsLang_06-39-12] Waiting until element is visible in viewport
06:40:00 [TestNG-test-Yt Master Tests-3] INFO  verifyingSettingOptionsLang_06-39-12 - Clicking settings ellipses button...
06:40:00 [TestNG-test-Yt Master Tests-3] INFO  verifyingSettingOptionsLang_06-39-12 - [verifyingSettingOptionsLang_06-39-12] Trying to find element: By.xpath: //ytd-topbar-menu-button-renderer[@class='style-scope ytd-masthead style-default']
06:40:01 [TestNG-test-Yt Master Tests-3] INFO  verifyingSettingOptionsLang_06-39-12 - [verifyingSettingOptionsLang_06-39-12] Element found and ready (attempt 1): By.xpath: //ytd-topbar-menu-button-renderer[@class='style-scope ytd-masthead style-default']
06:40:01 [TestNG-test-Yt Master Tests-3] INFO  verifyingSettingOptionsLang_06-39-12 - Clicking settings ellipses button...
06:40:01 [TestNG-test-Yt Master Tests-3] INFO  verifyingSettingOptionsLang_06-39-12 - [verifyingSettingOptionsLang_06-39-12] Trying to find element: By.xpath: //ytd-topbar-menu-button-renderer[@class='style-scope ytd-masthead style-default']
06:40:01 [TestNG-test-Yt Master Tests-3] INFO  verifyingSettingOptionsLang_06-39-12 - [verifyingSettingOptionsLang_06-39-12] Element found and ready (attempt 1): By.xpath: //ytd-topbar-menu-button-renderer[@class='style-scope ytd-masthead style-default']
06:40:02 [TestNG-test-Yt Master Tests-3] INFO  verifyingSettingOptionsLang_06-39-12 - Getting the setting ellipses options
06:40:02 [TestNG-test-Yt Master Tests-3] INFO  verifyingSettingOptionsLang_06-39-12 - [verifyingSettingOptionsLang_06-39-12] Trying to find element: By.xpath: //ytd-multi-page-menu-renderer
06:40:02 [TestNG-test-Yt Master Tests-3] INFO  verifyingSettingOptionsLang_06-39-12 - [verifyingSettingOptionsLang_06-39-12] Element found and ready (attempt 1): By.xpath: //ytd-multi-page-menu-renderer
06:40:02 [TestNG-test-Yt Master Tests-3] INFO  verifyingSettingOptionsLang_06-39-12 - Clicking settings ellipses button...
06:40:02 [TestNG-test-Yt Master Tests-3] INFO  verifyingSettingOptionsLang_06-39-12 - [verifyingSettingOptionsLang_06-39-12] Trying to find element: By.xpath: //ytd-topbar-menu-button-renderer[@class='style-scope ytd-masthead style-default']
06:40:02 [TestNG-test-Yt Master Tests-3] INFO  verifyingSettingOptionsLang_06-39-12 - [verifyingSettingOptionsLang_06-39-12] Element found and ready (attempt 1): By.xpath: //ytd-topbar-menu-button-renderer[@class='style-scope ytd-masthead style-default']
06:40:02 [TestNG-test-Yt Master Tests-3] INFO  verifyingSettingOptionsLang_06-39-12 - 
========== LANGUAGE DETECTION ==========
Detected Language : CATALAN
Input Text        : Les teves dades a YouTube
Aparença: clar
Idioma visible:
català
Mode restringit: desactivat
Ubicació:
Estats Units
Tecles de drecera
Configuració
Ajuda
Envia suggeriments
========================================
06:40:02 [TestNG-test-Yt Master Tests-3] INFO  verifyingSettingOptionsLang_06-39-12 - getLangAttribute() - locating <html> and reading lang property
06:40:02 [TestNG-test-Yt Master Tests-3] INFO  verifyingSettingOptionsLang_06-39-12 - Language attribute read: ca-ES
06:40:02 [TestNG-test-Yt Master Tests-3] INFO  verifyingSettingOptionsLang_06-39-12 - Clicking settings ellipses button...
06:40:02 [TestNG-test-Yt Master Tests-3] INFO  verifyingSettingOptionsLang_06-39-12 - [verifyingSettingOptionsLang_06-39-12] Trying to find element: By.xpath: //ytd-topbar-menu-button-renderer[@class='style-scope ytd-masthead style-default']
06:40:02 [TestNG-test-Yt Master Tests-3] INFO  verifyingSettingOptionsLang_06-39-12 - [verifyingSettingOptionsLang_06-39-12] Element found and ready (attempt 1): By.xpath: //ytd-topbar-menu-button-renderer[@class='style-scope ytd-masthead style-default']
06:40:02 [TestNG-test-Yt Master Tests-3] INFO  verifyingSettingOptionsLang_06-39-12 - Clicking language dropdown...
06:40:02 [TestNG-test-Yt Master Tests-3] INFO  verifyingSettingOptionsLang_06-39-12 - [verifyingSettingOptionsLang_06-39-12] Trying to find element: By.xpath: (//div[@id='content-icon'])[2]
06:40:03 [TestNG-test-Yt Master Tests-3] INFO  verifyingSettingOptionsLang_06-39-12 - [verifyingSettingOptionsLang_06-39-12] Element found and ready (attempt 1): By.xpath: (//div[@id='content-icon'])[2]
06:40:04 [TestNG-test-Yt Master Tests-3] INFO  verifyingSettingOptionsLang_06-39-12 - Looking for language element with name: Dansk
06:40:04 [TestNG-test-Yt Master Tests-3] INFO  verifyingSettingOptionsLang_06-39-12 - [verifyingSettingOptionsLang_06-39-12] Trying to find element: By.xpath: //yt-multi-page-menu-section-renderer[@class='style-scope ytd-multi-page-menu-renderer']//yt-formatted-string[@id='label' and text()='Dansk']
06:40:05 [TestNG-test-Yt Master Tests-3] INFO  verifyingSettingOptionsLang_06-39-12 - [verifyingSettingOptionsLang_06-39-12] Element found and ready (attempt 1): By.xpath: //yt-multi-page-menu-section-renderer[@class='style-scope ytd-multi-page-menu-renderer']//yt-formatted-string[@id='label' and text()='Dansk']
06:40:05 [TestNG-test-Yt Master Tests-3] INFO  verifyingSettingOptionsLang_06-39-12 - [verifyingSettingOptionsLang_06-39-12] Trying to find element: By.xpath: //yt-multi-page-menu-section-renderer[@class='style-scope ytd-multi-page-menu-renderer']//yt-formatted-string[@id='label' and text()='Dansk']
06:40:05 [TestNG-test-Yt Master Tests-3] INFO  verifyingSettingOptionsLang_06-39-12 - [verifyingSettingOptionsLang_06-39-12] Element found and ready (attempt 1): By.xpath: //yt-multi-page-menu-section-renderer[@class='style-scope ytd-multi-page-menu-renderer']//yt-formatted-string[@id='label' and text()='Dansk']
06:40:07 [TestNG-test-Yt Master Tests-3] INFO  verifyingSettingOptionsLang_06-39-12 - Clicking settings ellipses button...
06:40:07 [TestNG-test-Yt Master Tests-3] INFO  verifyingSettingOptionsLang_06-39-12 - [verifyingSettingOptionsLang_06-39-12] Trying to find element: By.xpath: //ytd-topbar-menu-button-renderer[@class='style-scope ytd-masthead style-default']
06:40:08 [TestNG-test-Yt Master Tests-3] INFO  verifyingSettingOptionsLang_06-39-12 - [verifyingSettingOptionsLang_06-39-12] Element found and ready (attempt 1): By.xpath: //ytd-topbar-menu-button-renderer[@class='style-scope ytd-masthead style-default']
06:40:08 [TestNG-test-Yt Master Tests-3] INFO  verifyingSettingOptionsLang_06-39-12 - [verifyingSettingOptionsLang_06-39-12] Waiting until element is visible in viewport
06:40:09 [TestNG-test-Yt Master Tests-3] INFO  verifyingSettingOptionsLang_06-39-12 - Clicking settings ellipses button...
06:40:09 [TestNG-test-Yt Master Tests-3] INFO  verifyingSettingOptionsLang_06-39-12 - [verifyingSettingOptionsLang_06-39-12] Trying to find element: By.xpath: //ytd-topbar-menu-button-renderer[@class='style-scope ytd-masthead style-default']
06:40:09 [TestNG-test-Yt Master Tests-3] INFO  verifyingSettingOptionsLang_06-39-12 - [verifyingSettingOptionsLang_06-39-12] Element found and ready (attempt 1): By.xpath: //ytd-topbar-menu-button-renderer[@class='style-scope ytd-masthead style-default']
06:40:09 [TestNG-test-Yt Master Tests-3] INFO  verifyingSettingOptionsLang_06-39-12 - Clicking settings ellipses button...
06:40:09 [TestNG-test-Yt Master Tests-3] INFO  verifyingSettingOptionsLang_06-39-12 - [verifyingSettingOptionsLang_06-39-12] Trying to find element: By.xpath: //ytd-topbar-menu-button-renderer[@class='style-scope ytd-masthead style-default']
06:40:09 [TestNG-test-Yt Master Tests-3] INFO  verifyingSettingOptionsLang_06-39-12 - [verifyingSettingOptionsLang_06-39-12] Element found and ready (attempt 1): By.xpath: //ytd-topbar-menu-button-renderer[@class='style-scope ytd-masthead style-default']
06:40:10 [TestNG-test-Yt Master Tests-3] INFO  verifyingSettingOptionsLang_06-39-12 - Getting the setting ellipses options
06:40:10 [TestNG-test-Yt Master Tests-3] INFO  verifyingSettingOptionsLang_06-39-12 - [verifyingSettingOptionsLang_06-39-12] Trying to find element: By.xpath: //ytd-multi-page-menu-renderer
06:40:12 [TestNG-test-Yt Master Tests-3] INFO  verifyingSettingOptionsLang_06-39-12 - [verifyingSettingOptionsLang_06-39-12] Element found and ready (attempt 1): By.xpath: //ytd-multi-page-menu-renderer
06:40:14 [TestNG-test-Yt Master Tests-3] INFO  verifyingSettingOptionsLang_06-39-12 - Clicking settings ellipses button...
06:40:14 [TestNG-test-Yt Master Tests-3] INFO  verifyingSettingOptionsLang_06-39-12 - [verifyingSettingOptionsLang_06-39-12] Trying to find element: By.xpath: //ytd-topbar-menu-button-renderer[@class='style-scope ytd-masthead style-default']
06:40:14 [TestNG-test-Yt Master Tests-3] INFO  verifyingSettingOptionsLang_06-39-12 - [verifyingSettingOptionsLang_06-39-12] Element found and ready (attempt 1): By.xpath: //ytd-topbar-menu-button-renderer[@class='style-scope ytd-masthead style-default']
06:40:14 [TestNG-test-Yt Master Tests-3] INFO  verifyingSettingOptionsLang_06-39-12 - 
========== LANGUAGE DETECTION ==========
Detected Language : DANISH
Input Text        : Dine data på YouTube
Udseende: Lyst
Visningssprog:
dansk
Begrænset tilstand: Fra
Lokation:
USA
Tastaturgenveje
Indstillinger
Hjælp
Send feedback
========================================
06:40:14 [TestNG-test-Yt Master Tests-3] INFO  verifyingSettingOptionsLang_06-39-12 - getLangAttribute() - locating <html> and reading lang property
06:40:14 [TestNG-test-Yt Master Tests-3] INFO  verifyingSettingOptionsLang_06-39-12 - Language attribute read: da-DK
06:40:14 [TestNG-test-Yt Master Tests-3] INFO  verifyingSettingOptionsLang_06-39-12 - Clicking settings ellipses button...
06:40:14 [TestNG-test-Yt Master Tests-3] INFO  verifyingSettingOptionsLang_06-39-12 - [verifyingSettingOptionsLang_06-39-12] Trying to find element: By.xpath: //ytd-topbar-menu-button-renderer[@class='style-scope ytd-masthead style-default']
06:40:14 [TestNG-test-Yt Master Tests-3] INFO  verifyingSettingOptionsLang_06-39-12 - [verifyingSettingOptionsLang_06-39-12] Element found and ready (attempt 1): By.xpath: //ytd-topbar-menu-button-renderer[@class='style-scope ytd-masthead style-default']
06:40:15 [TestNG-test-Yt Master Tests-3] INFO  verifyingSettingOptionsLang_06-39-12 - Clicking language dropdown...
06:40:15 [TestNG-test-Yt Master Tests-3] INFO  verifyingSettingOptionsLang_06-39-12 - [verifyingSettingOptionsLang_06-39-12] Trying to find element: By.xpath: (//div[@id='content-icon'])[2]
06:40:15 [TestNG-test-Yt Master Tests-3] INFO  verifyingSettingOptionsLang_06-39-12 - [verifyingSettingOptionsLang_06-39-12] Element found and ready (attempt 1): By.xpath: (//div[@id='content-icon'])[2]
06:40:16 [TestNG-test-Yt Master Tests-3] INFO  verifyingSettingOptionsLang_06-39-12 - Looking for language element with name: Deutsch
06:40:16 [TestNG-test-Yt Master Tests-3] INFO  verifyingSettingOptionsLang_06-39-12 - [verifyingSettingOptionsLang_06-39-12] Trying to find element: By.xpath: //yt-multi-page-menu-section-renderer[@class='style-scope ytd-multi-page-menu-renderer']//yt-formatted-string[@id='label' and text()='Deutsch']
06:40:16 [TestNG-test-Yt Master Tests-3] INFO  verifyingSettingOptionsLang_06-39-12 - [verifyingSettingOptionsLang_06-39-12] Element found and ready (attempt 1): By.xpath: //yt-multi-page-menu-section-renderer[@class='style-scope ytd-multi-page-menu-renderer']//yt-formatted-string[@id='label' and text()='Deutsch']
06:40:16 [TestNG-test-Yt Master Tests-3] INFO  verifyingSettingOptionsLang_06-39-12 - [verifyingSettingOptionsLang_06-39-12] Trying to find element: By.xpath: //yt-multi-page-menu-section-renderer[@class='style-scope ytd-multi-page-menu-renderer']//yt-formatted-string[@id='label' and text()='Deutsch']
06:40:16 [TestNG-test-Yt Master Tests-3] INFO  verifyingSettingOptionsLang_06-39-12 - [verifyingSettingOptionsLang_06-39-12] Element found and ready (attempt 1): By.xpath: //yt-multi-page-menu-section-renderer[@class='style-scope ytd-multi-page-menu-renderer']//yt-formatted-string[@id='label' and text()='Deutsch']
06:40:20 [TestNG-test-Yt Master Tests-3] INFO  verifyingSettingOptionsLang_06-39-12 - Clicking settings ellipses button...
06:40:20 [TestNG-test-Yt Master Tests-3] INFO  verifyingSettingOptionsLang_06-39-12 - [verifyingSettingOptionsLang_06-39-12] Trying to find element: By.xpath: //ytd-topbar-menu-button-renderer[@class='style-scope ytd-masthead style-default']
06:40:20 [TestNG-test-Yt Master Tests-3] INFO  verifyingSettingOptionsLang_06-39-12 - [verifyingSettingOptionsLang_06-39-12] Element found and ready (attempt 1): By.xpath: //ytd-topbar-menu-button-renderer[@class='style-scope ytd-masthead style-default']
06:40:20 [TestNG-test-Yt Master Tests-3] INFO  verifyingSettingOptionsLang_06-39-12 - [verifyingSettingOptionsLang_06-39-12] Waiting until element is visible in viewport
06:40:21 [TestNG-test-Yt Master Tests-3] INFO  verifyingSettingOptionsLang_06-39-12 - Clicking settings ellipses button...
06:40:21 [TestNG-test-Yt Master Tests-3] INFO  verifyingSettingOptionsLang_06-39-12 - [verifyingSettingOptionsLang_06-39-12] Trying to find element: By.xpath: //ytd-topbar-menu-button-renderer[@class='style-scope ytd-masthead style-default']
06:40:22 [TestNG-test-Yt Master Tests-3] INFO  verifyingSettingOptionsLang_06-39-12 - [verifyingSettingOptionsLang_06-39-12] Element found and ready (attempt 1): By.xpath: //ytd-topbar-menu-button-renderer[@class='style-scope ytd-masthead style-default']
06:40:22 [TestNG-test-Yt Master Tests-3] INFO  verifyingSettingOptionsLang_06-39-12 - Clicking settings ellipses button...
06:40:22 [TestNG-test-Yt Master Tests-3] INFO  verifyingSettingOptionsLang_06-39-12 - [verifyingSettingOptionsLang_06-39-12] Trying to find element: By.xpath: //ytd-topbar-menu-button-renderer[@class='style-scope ytd-masthead style-default']
06:40:23 [TestNG-test-Yt Master Tests-3] INFO  verifyingSettingOptionsLang_06-39-12 - [verifyingSettingOptionsLang_06-39-12] Element found and ready (attempt 1): By.xpath: //ytd-topbar-menu-button-renderer[@class='style-scope ytd-masthead style-default']
06:40:23 [TestNG-test-Yt Master Tests-3] INFO  verifyingSettingOptionsLang_06-39-12 - Getting the setting ellipses options
06:40:23 [TestNG-test-Yt Master Tests-3] INFO  verifyingSettingOptionsLang_06-39-12 - [verifyingSettingOptionsLang_06-39-12] Trying to find element: By.xpath: //ytd-multi-page-menu-renderer
06:40:24 [TestNG-test-Yt Master Tests-3] INFO  verifyingSettingOptionsLang_06-39-12 - [verifyingSettingOptionsLang_06-39-12] Element found and ready (attempt 1): By.xpath: //ytd-multi-page-menu-renderer
06:40:24 [TestNG-test-Yt Master Tests-3] INFO  verifyingSettingOptionsLang_06-39-12 - Clicking settings ellipses button...
06:40:24 [TestNG-test-Yt Master Tests-3] INFO  verifyingSettingOptionsLang_06-39-12 - [verifyingSettingOptionsLang_06-39-12] Trying to find element: By.xpath: //ytd-topbar-menu-button-renderer[@class='style-scope ytd-masthead style-default']
06:40:24 [TestNG-test-Yt Master Tests-3] INFO  verifyingSettingOptionsLang_06-39-12 - [verifyingSettingOptionsLang_06-39-12] Element found and ready (attempt 1): By.xpath: //ytd-topbar-menu-button-renderer[@class='style-scope ytd-masthead style-default']
06:40:24 [TestNG-test-Yt Master Tests-3] INFO  verifyingSettingOptionsLang_06-39-12 - 
========== LANGUAGE DETECTION ==========
Detected Language : GERMAN
Input Text        : Meine Daten auf YouTube
Darstellung: Hell
Anzeigesprache:
Deutsch
Eingeschränkter Modus: Deaktiviert
Ort:
USA
Tastenkombinationen
Einstellungen
Hilfe
Feedback senden
========================================
06:40:24 [TestNG-test-Yt Master Tests-3] INFO  verifyingSettingOptionsLang_06-39-12 - getLangAttribute() - locating <html> and reading lang property
06:40:25 [TestNG-test-Yt Master Tests-3] INFO  verifyingSettingOptionsLang_06-39-12 - Language attribute read: de-DE
06:40:25 [TestNG-test-Yt Master Tests-3] INFO  verifyingSettingOptionsLang_06-39-12 - Clicking settings ellipses button...
06:40:25 [TestNG-test-Yt Master Tests-3] INFO  verifyingSettingOptionsLang_06-39-12 - [verifyingSettingOptionsLang_06-39-12] Trying to find element: By.xpath: //ytd-topbar-menu-button-renderer[@class='style-scope ytd-masthead style-default']
06:40:25 [TestNG-test-Yt Master Tests-3] INFO  verifyingSettingOptionsLang_06-39-12 - [verifyingSettingOptionsLang_06-39-12] Element found and ready (attempt 1): By.xpath: //ytd-topbar-menu-button-renderer[@class='style-scope ytd-masthead style-default']
06:40:25 [TestNG-test-Yt Master Tests-3] INFO  verifyingSettingOptionsLang_06-39-12 - Clicking language dropdown...
06:40:25 [TestNG-test-Yt Master Tests-3] INFO  verifyingSettingOptionsLang_06-39-12 - [verifyingSettingOptionsLang_06-39-12] Trying to find element: By.xpath: (//div[@id='content-icon'])[2]
06:40:26 [TestNG-test-Yt Master Tests-3] INFO  verifyingSettingOptionsLang_06-39-12 - [verifyingSettingOptionsLang_06-39-12] Element found and ready (attempt 1): By.xpath: (//div[@id='content-icon'])[2]
06:40:26 [TestNG-test-Yt Master Tests-3] INFO  verifyingSettingOptionsLang_06-39-12 - Looking for language element with name: Eesti
06:40:26 [TestNG-test-Yt Master Tests-3] INFO  verifyingSettingOptionsLang_06-39-12 - [verifyingSettingOptionsLang_06-39-12] Trying to find element: By.xpath: //yt-multi-page-menu-section-renderer[@class='style-scope ytd-multi-page-menu-renderer']//yt-formatted-string[@id='label' and text()='Eesti']
06:40:26 [TestNG-test-Yt Master Tests-3] INFO  verifyingSettingOptionsLang_06-39-12 - [verifyingSettingOptionsLang_06-39-12] Element found and ready (attempt 1): By.xpath: //yt-multi-page-menu-section-renderer[@class='style-scope ytd-multi-page-menu-renderer']//yt-formatted-string[@id='label' and text()='Eesti']
06:40:26 [TestNG-test-Yt Master Tests-3] INFO  verifyingSettingOptionsLang_06-39-12 - [verifyingSettingOptionsLang_06-39-12] Trying to find element: By.xpath: //yt-multi-page-menu-section-renderer[@class='style-scope ytd-multi-page-menu-renderer']//yt-formatted-string[@id='label' and text()='Eesti']
06:40:26 [TestNG-test-Yt Master Tests-3] INFO  verifyingSettingOptionsLang_06-39-12 - [verifyingSettingOptionsLang_06-39-12] Element found and ready (attempt 1): By.xpath: //yt-multi-page-menu-section-renderer[@class='style-scope ytd-multi-page-menu-renderer']//yt-formatted-string[@id='label' and text()='Eesti']
06:40:29 [TestNG-test-Yt Master Tests-3] INFO  verifyingSettingOptionsLang_06-39-12 - Clicking settings ellipses button...
06:40:29 [TestNG-test-Yt Master Tests-3] INFO  verifyingSettingOptionsLang_06-39-12 - [verifyingSettingOptionsLang_06-39-12] Trying to find element: By.xpath: //ytd-topbar-menu-button-renderer[@class='style-scope ytd-masthead style-default']
06:40:29 [TestNG-test-Yt Master Tests-3] INFO  verifyingSettingOptionsLang_06-39-12 - [verifyingSettingOptionsLang_06-39-12] Element found and ready (attempt 1): By.xpath: //ytd-topbar-menu-button-renderer[@class='style-scope ytd-masthead style-default']
06:40:30 [TestNG-test-Yt Master Tests-3] INFO  verifyingSettingOptionsLang_06-39-12 - [verifyingSettingOptionsLang_06-39-12] Waiting until element is visible in viewport
06:40:31 [TestNG-test-Yt Master Tests-3] INFO  verifyingSettingOptionsLang_06-39-12 - Clicking settings ellipses button...
06:40:31 [TestNG-test-Yt Master Tests-3] INFO  verifyingSettingOptionsLang_06-39-12 - [verifyingSettingOptionsLang_06-39-12] Trying to find element: By.xpath: //ytd-topbar-menu-button-renderer[@class='style-scope ytd-masthead style-default']
06:40:31 [TestNG-test-Yt Master Tests-3] INFO  verifyingSettingOptionsLang_06-39-12 - [verifyingSettingOptionsLang_06-39-12] Element found and ready (attempt 1): By.xpath: //ytd-topbar-menu-button-renderer[@class='style-scope ytd-masthead style-default']
06:40:31 [TestNG-test-Yt Master Tests-3] INFO  verifyingSettingOptionsLang_06-39-12 - Clicking settings ellipses button...
06:40:31 [TestNG-test-Yt Master Tests-3] INFO  verifyingSettingOptionsLang_06-39-12 - [verifyingSettingOptionsLang_06-39-12] Trying to find element: By.xpath: //ytd-topbar-menu-button-renderer[@class='style-scope ytd-masthead style-default']
06:40:31 [TestNG-test-Yt Master Tests-3] INFO  verifyingSettingOptionsLang_06-39-12 - [verifyingSettingOptionsLang_06-39-12] Element found and ready (attempt 1): By.xpath: //ytd-topbar-menu-button-renderer[@class='style-scope ytd-masthead style-default']
06:40:31 [TestNG-test-Yt Master Tests-3] INFO  verifyingSettingOptionsLang_06-39-12 - Getting the setting ellipses options
06:40:31 [TestNG-test-Yt Master Tests-3] INFO  verifyingSettingOptionsLang_06-39-12 - [verifyingSettingOptionsLang_06-39-12] Trying to find element: By.xpath: //ytd-multi-page-menu-renderer
06:40:31 [TestNG-test-Yt Master Tests-3] INFO  verifyingSettingOptionsLang_06-39-12 - [verifyingSettingOptionsLang_06-39-12] Element found and ready (attempt 1): By.xpath: //ytd-multi-page-menu-renderer
06:40:32 [TestNG-test-Yt Master Tests-3] INFO  verifyingSettingOptionsLang_06-39-12 - Clicking settings ellipses button...
06:40:32 [TestNG-test-Yt Master Tests-3] INFO  verifyingSettingOptionsLang_06-39-12 - [verifyingSettingOptionsLang_06-39-12] Trying to find element: By.xpath: //ytd-topbar-menu-button-renderer[@class='style-scope ytd-masthead style-default']
06:40:32 [TestNG-test-Yt Master Tests-3] INFO  verifyingSettingOptionsLang_06-39-12 - [verifyingSettingOptionsLang_06-39-12] Element found and ready (attempt 1): By.xpath: //ytd-topbar-menu-button-renderer[@class='style-scope ytd-masthead style-default']
06:40:32 [TestNG-test-Yt Master Tests-3] INFO  verifyingSettingOptionsLang_06-39-12 - 
========== LANGUAGE DETECTION ==========
Detected Language : ESTONIAN
Input Text        : Teie andmed YouTube'is
Välimus: hele
Kuvamiskeel:
eesti
Piiratud režiim: väljas
Asukoht:
Ameerika Ühendriigid
Klaviatuuri otseteed
Seaded
Abi
Tagasiside saatmine
========================================
06:40:32 [TestNG-test-Yt Master Tests-3] INFO  verifyingSettingOptionsLang_06-39-12 - getLangAttribute() - locating <html> and reading lang property
06:40:32 [TestNG-test-Yt Master Tests-3] INFO  verifyingSettingOptionsLang_06-39-12 - Language attribute read: et-EE
06:40:32 [TestNG-test-Yt Master Tests-3] INFO  verifyingSettingOptionsLang_06-39-12 - Clicking settings ellipses button...
06:40:32 [TestNG-test-Yt Master Tests-3] INFO  verifyingSettingOptionsLang_06-39-12 - [verifyingSettingOptionsLang_06-39-12] Trying to find element: By.xpath: //ytd-topbar-menu-button-renderer[@class='style-scope ytd-masthead style-default']
06:40:32 [TestNG-test-Yt Master Tests-3] INFO  verifyingSettingOptionsLang_06-39-12 - [verifyingSettingOptionsLang_06-39-12] Element found and ready (attempt 1): By.xpath: //ytd-topbar-menu-button-renderer[@class='style-scope ytd-masthead style-default']
06:40:32 [TestNG-test-Yt Master Tests-3] INFO  verifyingSettingOptionsLang_06-39-12 - Clicking language dropdown...
06:40:32 [TestNG-test-Yt Master Tests-3] INFO  verifyingSettingOptionsLang_06-39-12 - [verifyingSettingOptionsLang_06-39-12] Trying to find element: By.xpath: (//div[@id='content-icon'])[2]
06:40:33 [TestNG-test-Yt Master Tests-3] INFO  verifyingSettingOptionsLang_06-39-12 - [verifyingSettingOptionsLang_06-39-12] Element found and ready (attempt 1): By.xpath: (//div[@id='content-icon'])[2]
06:40:34 [TestNG-test-Yt Master Tests-3] INFO  verifyingSettingOptionsLang_06-39-12 - Looking for language element with name: English (India)
06:40:34 [TestNG-test-Yt Master Tests-3] INFO  verifyingSettingOptionsLang_06-39-12 - [verifyingSettingOptionsLang_06-39-12] Trying to find element: By.xpath: //yt-multi-page-menu-section-renderer[@class='style-scope ytd-multi-page-menu-renderer']//yt-formatted-string[@id='label' and text()='English (India)']
06:40:34 [TestNG-test-Yt Master Tests-3] INFO  verifyingSettingOptionsLang_06-39-12 - [verifyingSettingOptionsLang_06-39-12] Element found and ready (attempt 1): By.xpath: //yt-multi-page-menu-section-renderer[@class='style-scope ytd-multi-page-menu-renderer']//yt-formatted-string[@id='label' and text()='English (India)']
06:40:34 [TestNG-test-Yt Master Tests-3] INFO  verifyingSettingOptionsLang_06-39-12 - [verifyingSettingOptionsLang_06-39-12] Trying to find element: By.xpath: //yt-multi-page-menu-section-renderer[@class='style-scope ytd-multi-page-menu-renderer']//yt-formatted-string[@id='label' and text()='English (India)']
06:40:34 [TestNG-test-Yt Master Tests-3] INFO  verifyingSettingOptionsLang_06-39-12 - [verifyingSettingOptionsLang_06-39-12] Element found and ready (attempt 1): By.xpath: //yt-multi-page-menu-section-renderer[@class='style-scope ytd-multi-page-menu-renderer']//yt-formatted-string[@id='label' and text()='English (India)']
06:40:36 [TestNG-test-Yt Master Tests-3] INFO  verifyingSettingOptionsLang_06-39-12 - Clicking settings ellipses button...
06:40:36 [TestNG-test-Yt Master Tests-3] INFO  verifyingSettingOptionsLang_06-39-12 - [verifyingSettingOptionsLang_06-39-12] Trying to find element: By.xpath: //ytd-topbar-menu-button-renderer[@class='style-scope ytd-masthead style-default']
06:40:36 [TestNG-test-Yt Master Tests-3] INFO  verifyingSettingOptionsLang_06-39-12 - [verifyingSettingOptionsLang_06-39-12] Element found and ready (attempt 1): By.xpath: //ytd-topbar-menu-button-renderer[@class='style-scope ytd-masthead style-default']
06:40:36 [TestNG-test-Yt Master Tests-3] INFO  verifyingSettingOptionsLang_06-39-12 - [verifyingSettingOptionsLang_06-39-12] Waiting until element is visible in viewport
06:40:37 [TestNG-test-Yt Master Tests-3] INFO  verifyingSettingOptionsLang_06-39-12 - Clicking settings ellipses button...
06:40:37 [TestNG-test-Yt Master Tests-3] INFO  verifyingSettingOptionsLang_06-39-12 - [verifyingSettingOptionsLang_06-39-12] Trying to find element: By.xpath: //ytd-topbar-menu-button-renderer[@class='style-scope ytd-masthead style-default']
06:40:38 [TestNG-test-Yt Master Tests-3] INFO  verifyingSettingOptionsLang_06-39-12 - [verifyingSettingOptionsLang_06-39-12] Element found and ready (attempt 1): By.xpath: //ytd-topbar-menu-button-renderer[@class='style-scope ytd-masthead style-default']
06:40:38 [TestNG-test-Yt Master Tests-3] INFO  verifyingSettingOptionsLang_06-39-12 - Clicking settings ellipses button...
06:40:38 [TestNG-test-Yt Master Tests-3] INFO  verifyingSettingOptionsLang_06-39-12 - [verifyingSettingOptionsLang_06-39-12] Trying to find element: By.xpath: //ytd-topbar-menu-button-renderer[@class='style-scope ytd-masthead style-default']
06:40:38 [TestNG-test-Yt Master Tests-3] INFO  verifyingSettingOptionsLang_06-39-12 - [verifyingSettingOptionsLang_06-39-12] Element found and ready (attempt 1): By.xpath: //ytd-topbar-menu-button-renderer[@class='style-scope ytd-masthead style-default']
06:40:38 [TestNG-test-Yt Master Tests-3] INFO  verifyingSettingOptionsLang_06-39-12 - Getting the setting ellipses options
06:40:38 [TestNG-test-Yt Master Tests-3] INFO  verifyingSettingOptionsLang_06-39-12 - [verifyingSettingOptionsLang_06-39-12] Trying to find element: By.xpath: //ytd-multi-page-menu-renderer
06:40:39 [TestNG-test-Yt Master Tests-3] INFO  verifyingSettingOptionsLang_06-39-12 - [verifyingSettingOptionsLang_06-39-12] Element found and ready (attempt 1): By.xpath: //ytd-multi-page-menu-renderer
06:40:39 [TestNG-test-Yt Master Tests-3] INFO  verifyingSettingOptionsLang_06-39-12 - Clicking settings ellipses button...
06:40:39 [TestNG-test-Yt Master Tests-3] INFO  verifyingSettingOptionsLang_06-39-12 - [verifyingSettingOptionsLang_06-39-12] Trying to find element: By.xpath: //ytd-topbar-menu-button-renderer[@class='style-scope ytd-masthead style-default']
06:40:39 [TestNG-test-Yt Master Tests-3] INFO  verifyingSettingOptionsLang_06-39-12 - [verifyingSettingOptionsLang_06-39-12] Element found and ready (attempt 1): By.xpath: //ytd-topbar-menu-button-renderer[@class='style-scope ytd-masthead style-default']
06:40:39 [TestNG-test-Yt Master Tests-3] INFO  verifyingSettingOptionsLang_06-39-12 - 
========== LANGUAGE DETECTION ==========
Detected Language : ENGLISH
Input Text        : Your data in YouTube
Appearance: Light
Display language:
English (India)
Restricted Mode: Off
Location:
United States
Keyboard shortcuts
Settings
Help
Send feedback
========================================
06:40:39 [TestNG-test-Yt Master Tests-3] INFO  verifyingSettingOptionsLang_06-39-12 - getLangAttribute() - locating <html> and reading lang property
06:40:39 [TestNG-test-Yt Master Tests-3] INFO  verifyingSettingOptionsLang_06-39-12 - Language attribute read: en-IN
06:40:39 [TestNG-test-Yt Master Tests-3] INFO  verifyingSettingOptionsLang_06-39-12 - Clicking settings ellipses button...
06:40:39 [TestNG-test-Yt Master Tests-3] INFO  verifyingSettingOptionsLang_06-39-12 - [verifyingSettingOptionsLang_06-39-12] Trying to find element: By.xpath: //ytd-topbar-menu-button-renderer[@class='style-scope ytd-masthead style-default']
06:40:39 [TestNG-test-Yt Master Tests-3] INFO  verifyingSettingOptionsLang_06-39-12 - [verifyingSettingOptionsLang_06-39-12] Element found and ready (attempt 1): By.xpath: //ytd-topbar-menu-button-renderer[@class='style-scope ytd-masthead style-default']
06:40:39 [TestNG-test-Yt Master Tests-3] INFO  verifyingSettingOptionsLang_06-39-12 - Clicking language dropdown...
06:40:39 [TestNG-test-Yt Master Tests-3] INFO  verifyingSettingOptionsLang_06-39-12 - [verifyingSettingOptionsLang_06-39-12] Trying to find element: By.xpath: (//div[@id='content-icon'])[2]
06:40:40 [TestNG-test-Yt Master Tests-3] INFO  verifyingSettingOptionsLang_06-39-12 - [verifyingSettingOptionsLang_06-39-12] Element found and ready (attempt 1): By.xpath: (//div[@id='content-icon'])[2]
06:40:41 [TestNG-test-Yt Master Tests-3] INFO  verifyingSettingOptionsLang_06-39-12 - [verifyingSettingOptionsLang_06-39-12] Not retrying test 'verifyingSettingOptionsLang'. Retry count: 1, Cause: The following asserts failed:
	Language detection mismatch for language=Bosanski expected [CROATIAN] but found [BOSNIAN]
