18:55:01 [TestNG-test-Yt Master Tests-2] INFO  verifyingGlobalFilterLandingPage_18-55-01 - No existing WebDriver found for current thread. Initializing a new ChromeDriver...
18:55:01 [TestNG-test-Yt Master Tests-2] INFO  verifyingGlobalFilterLandingPage_18-55-01 - Loaded config from classpath: masterdata.properties
18:55:03 [TestNG-test-Yt Master Tests-2] INFO  verifyingGlobalFilterLandingPage_18-55-01 - WebDriverManager: chromedriver setup OK
18:55:23 [TestNG-test-Yt Master Tests-2] INFO  verifyingGlobalFilterLandingPage_18-55-01 - ChromeDriver initialized successfully for thread: 35
18:55:23 [TestNG-test-Yt Master Tests-2] INFO  verifyingGlobalFilterLandingPage_18-55-01 - SafeActions initialized with driver ChromeDriver: chrome on windows (564ea5681244334e3982a1b84779b52f)
18:55:23 [TestNG-test-Yt Master Tests-2] INFO  verifyingGlobalFilterLandingPage_18-55-01 - SafeActions initialized with driver ChromeDriver: chrome on windows (564ea5681244334e3982a1b84779b52f)
18:55:23 [TestNG-test-Yt Master Tests-2] INFO  verifyingGlobalFilterLandingPage_18-55-01 - Initialized YtLandingPage with driver: ChromeDriver: chrome on windows (564ea5681244334e3982a1b84779b52f)
18:55:28 [TestNG-test-Yt Master Tests-2] INFO  verifyingGlobalFilterLandingPage_18-55-01 - Opened YouTube landing page.
18:55:28 [TestNG-test-Yt Master Tests-2] INFO  verifyingGlobalFilterLandingPage_18-55-01 - Giving input into the search bar with input as  = youtube
18:55:28 [TestNG-test-Yt Master Tests-2] INFO  verifyingGlobalFilterLandingPage_18-55-01 - [verifyingGlobalFilterLandingPage_18-55-01] Trying to click element: By.xpath: //input[@class='ytSearchboxComponentInput yt-searchbox-input title']
18:55:29 [TestNG-test-Yt Master Tests-2] INFO  verifyingGlobalFilterLandingPage_18-55-01 - [verifyingGlobalFilterLandingPage_18-55-01] Clicked successfully (attempt 1): By.xpath: //input[@class='ytSearchboxComponentInput yt-searchbox-input title']
18:55:29 [TestNG-test-Yt Master Tests-2] INFO  verifyingGlobalFilterLandingPage_18-55-01 - [verifyingGlobalFilterLandingPage_18-55-01] Trying to find element: By.xpath: //input[@class='ytSearchboxComponentInput yt-searchbox-input title']
18:55:29 [TestNG-test-Yt Master Tests-2] INFO  verifyingGlobalFilterLandingPage_18-55-01 - [verifyingGlobalFilterLandingPage_18-55-01] Element found and ready (attempt 1): By.xpath: //input[@class='ytSearchboxComponentInput yt-searchbox-input title']
18:55:29 [TestNG-test-Yt Master Tests-2] INFO  verifyingGlobalFilterLandingPage_18-55-01 - clickEnter(By.xpath: //input[@class='ytSearchboxComponentInput yt-searchbox-input title'])
18:55:29 [TestNG-test-Yt Master Tests-2] INFO  verifyingGlobalFilterLandingPage_18-55-01 - [verifyingGlobalFilterLandingPage_18-55-01] Trying to find element: By.xpath: //input[@class='ytSearchboxComponentInput yt-searchbox-input title']
18:55:29 [TestNG-test-Yt Master Tests-2] INFO  verifyingGlobalFilterLandingPage_18-55-01 - [verifyingGlobalFilterLandingPage_18-55-01] Element found and ready (attempt 1): By.xpath: //input[@class='ytSearchboxComponentInput yt-searchbox-input title']
18:55:29 [TestNG-test-Yt Master Tests-2] INFO  verifyingGlobalFilterLandingPage_18-55-01 - Sent ENTER to By.xpath: //input[@class='ytSearchboxComponentInput yt-searchbox-input title']
18:55:29 [TestNG-test-Yt Master Tests-2] INFO  verifyingGlobalFilterLandingPage_18-55-01 - [verifyingGlobalFilterLandingPage_18-55-01] Execution is scheduled type /CRON Job on CI Hence refering to CI keys from UtilData
18:55:29 [TestNG-test-Yt Master Tests-2] INFO  verifyingGlobalFilterLandingPage_18-55-01 - Clicking settings ellipses button...
18:55:29 [TestNG-test-Yt Master Tests-2] INFO  verifyingGlobalFilterLandingPage_18-55-01 - [verifyingGlobalFilterLandingPage_18-55-01] Trying to find element: By.xpath: //ytd-topbar-menu-button-renderer[@class='style-scope ytd-masthead style-default']
18:55:30 [TestNG-test-Yt Master Tests-2] INFO  verifyingGlobalFilterLandingPage_18-55-01 - [verifyingGlobalFilterLandingPage_18-55-01] Element found and ready (attempt 1): By.xpath: //ytd-topbar-menu-button-renderer[@class='style-scope ytd-masthead style-default']
18:55:30 [TestNG-test-Yt Master Tests-2] INFO  verifyingGlobalFilterLandingPage_18-55-01 - Clicking language dropdown...
18:55:30 [TestNG-test-Yt Master Tests-2] INFO  verifyingGlobalFilterLandingPage_18-55-01 - [verifyingGlobalFilterLandingPage_18-55-01] Trying to find element: By.xpath: (//div[@id='content-icon'])[2]
18:55:30 [TestNG-test-Yt Master Tests-2] INFO  verifyingGlobalFilterLandingPage_18-55-01 - [verifyingGlobalFilterLandingPage_18-55-01] Element found and ready (attempt 1): By.xpath: (//div[@id='content-icon'])[2]
18:55:32 [TestNG-test-Yt Master Tests-2] INFO  verifyingGlobalFilterLandingPage_18-55-01 - [verifyingGlobalFilterLandingPage_18-55-01] Trying to find element: By.xpath: //yt-multi-page-menu-section-renderer[@class='style-scope ytd-multi-page-menu-renderer']//yt-formatted-string[@id='label' and text()='Afrikaans']
18:55:35 [TestNG-test-Yt Master Tests-2] INFO  verifyingGlobalFilterLandingPage_18-55-01 - [verifyingGlobalFilterLandingPage_18-55-01] Element found and ready (attempt 1): By.xpath: //yt-multi-page-menu-section-renderer[@class='style-scope ytd-multi-page-menu-renderer']//yt-formatted-string[@id='label' and text()='Afrikaans']
18:55:35 [TestNG-test-Yt Master Tests-2] INFO  verifyingGlobalFilterLandingPage_18-55-01 - Looking for language element with name: Afrikaans
18:55:35 [TestNG-test-Yt Master Tests-2] INFO  verifyingGlobalFilterLandingPage_18-55-01 - [verifyingGlobalFilterLandingPage_18-55-01] Within smoothScrollToElement method
18:55:35 [TestNG-test-Yt Master Tests-2] INFO  verifyingGlobalFilterLandingPage_18-55-01 - SafeActions initialized with driver ChromeDriver: chrome on windows (564ea5681244334e3982a1b84779b52f)
18:55:35 [TestNG-test-Yt Master Tests-2] INFO  verifyingGlobalFilterLandingPage_18-55-01 - [verifyingGlobalFilterLandingPage_18-55-01] Trying to find element: By.xpath: //yt-multi-page-menu-section-renderer[@class='style-scope ytd-multi-page-menu-renderer']//yt-formatted-string[@id='label' and text()='Afrikaans']
18:55:36 [TestNG-test-Yt Master Tests-2] INFO  verifyingGlobalFilterLandingPage_18-55-01 - [verifyingGlobalFilterLandingPage_18-55-01] Element found and ready (attempt 1): By.xpath: //yt-multi-page-menu-section-renderer[@class='style-scope ytd-multi-page-menu-renderer']//yt-formatted-string[@id='label' and text()='Afrikaans']
18:55:36 [TestNG-test-Yt Master Tests-2] INFO  verifyingGlobalFilterLandingPage_18-55-01 - [verifyingGlobalFilterLandingPage_18-55-01] Successfully scrolled to element: By.xpath: //yt-multi-page-menu-section-renderer[@class='style-scope ytd-multi-page-menu-renderer']//yt-formatted-string[@id='label' and text()='Afrikaans']
18:55:36 [TestNG-test-Yt Master Tests-2] INFO  verifyingGlobalFilterLandingPage_18-55-01 - Looking for language element with name: Afrikaans
18:55:36 [TestNG-test-Yt Master Tests-2] INFO  verifyingGlobalFilterLandingPage_18-55-01 - [verifyingGlobalFilterLandingPage_18-55-01] Trying to find element: By.xpath: //yt-multi-page-menu-section-renderer[@class='style-scope ytd-multi-page-menu-renderer']//yt-formatted-string[@id='label' and text()='Afrikaans']
18:55:36 [TestNG-test-Yt Master Tests-2] INFO  verifyingGlobalFilterLandingPage_18-55-01 - [verifyingGlobalFilterLandingPage_18-55-01] Element found and ready (attempt 1): By.xpath: //yt-multi-page-menu-section-renderer[@class='style-scope ytd-multi-page-menu-renderer']//yt-formatted-string[@id='label' and text()='Afrikaans']
18:55:36 [TestNG-test-Yt Master Tests-2] INFO  verifyingGlobalFilterLandingPage_18-55-01 - [verifyingGlobalFilterLandingPage_18-55-01] Trying to find element: By.xpath: //yt-multi-page-menu-section-renderer[@class='style-scope ytd-multi-page-menu-renderer']//yt-formatted-string[@id='label' and text()='Afrikaans']
18:55:36 [TestNG-test-Yt Master Tests-2] INFO  verifyingGlobalFilterLandingPage_18-55-01 - [verifyingGlobalFilterLandingPage_18-55-01] Element found and ready (attempt 1): By.xpath: //yt-multi-page-menu-section-renderer[@class='style-scope ytd-multi-page-menu-renderer']//yt-formatted-string[@id='label' and text()='Afrikaans']
18:55:36 [TestNG-test-Yt Master Tests-2] INFO  verifyingGlobalFilterLandingPage_18-55-01 - Clicking settings ellipses button...
18:55:36 [TestNG-test-Yt Master Tests-2] INFO  verifyingGlobalFilterLandingPage_18-55-01 - [verifyingGlobalFilterLandingPage_18-55-01] Trying to find element: By.xpath: //ytd-topbar-menu-button-renderer[@class='style-scope ytd-masthead style-default']
18:55:36 [TestNG-test-Yt Master Tests-2] INFO  verifyingGlobalFilterLandingPage_18-55-01 - [verifyingGlobalFilterLandingPage_18-55-01] Element found and ready (attempt 1): By.xpath: //ytd-topbar-menu-button-renderer[@class='style-scope ytd-masthead style-default']
18:55:37 [TestNG-test-Yt Master Tests-2] INFO  verifyingGlobalFilterLandingPage_18-55-01 - [verifyingGlobalFilterLandingPage_18-55-01] Waiting until element is visible in viewport
18:55:47 [TestNG-test-Yt Master Tests-2] INFO  verifyingGlobalFilterLandingPage_18-55-01 - Clicking settings ellipses button...
18:55:47 [TestNG-test-Yt Master Tests-2] INFO  verifyingGlobalFilterLandingPage_18-55-01 - [verifyingGlobalFilterLandingPage_18-55-01] Trying to find element: By.xpath: //ytd-topbar-menu-button-renderer[@class='style-scope ytd-masthead style-default']
18:55:47 [TestNG-test-Yt Master Tests-2] INFO  verifyingGlobalFilterLandingPage_18-55-01 - [verifyingGlobalFilterLandingPage_18-55-01] Element found and ready (attempt 1): By.xpath: //ytd-topbar-menu-button-renderer[@class='style-scope ytd-masthead style-default']
18:55:47 [TestNG-test-Yt Master Tests-2] INFO  verifyingGlobalFilterLandingPage_18-55-01 - Clicking on global filter button in landing page..
18:55:47 [TestNG-test-Yt Master Tests-2] INFO  verifyingGlobalFilterLandingPage_18-55-01 - [verifyingGlobalFilterLandingPage_18-55-01] Trying to click element: By.xpath: //div[@id='filter-button']
18:55:49 [TestNG-test-Yt Master Tests-2] WARN  verifyingGlobalFilterLandingPage_18-55-01 - [verifyingGlobalFilterLandingPage_18-55-01] Native click failed (attempt 1): By.xpath: //div[@id='filter-button'] -> org.openqa.selenium.ElementClickInterceptedException: element click intercepted: Element <div id="filter-button" class="style-scope ytd-search-header-renderer">...</div> is not clickable at point (1641, 84). Other element would receive the click: <yt-formatted-string id="label" class="style-scope ytd-compact-link-renderer">...</yt-formatted-string>
  (Session info: chrome=146.0.7680.178)
Build info: version: '4.27.0', revision: 'd6e718d134'
System info: os.name: 'Windows Server 2025', os.arch: 'amd64', os.version: '10.0', java.version: '24.0.2'
Driver info: org.openqa.selenium.chrome.ChromeDriver
Command: [564ea5681244334e3982a1b84779b52f, clickElement {id=f.95B94C37B404C4E1AFCBF81BB1F07837.d.380CC3EACDCBDD5A850C99EA6D8EB8C2.e.54}]
Capabilities {acceptInsecureCerts: false, browserName: chrome, browserVersion: 146.0.7680.178, chrome: {chromedriverVersion: 146.0.7680.165 (4b989da09e1..., userDataDir: C:\Windows\SystemTemp\scope...}, fedcm:accounts: true, goog:chromeOptions: {debuggerAddress: localhost:52323}, goog:processID: 1744, networkConnectionEnabled: false, pageLoadStrategy: normal, platformName: windows, proxy: Proxy(), se:cdp: ws://localhost:52323/devtoo..., se:cdpVersion: 146.0.7680.178, setWindowRect: true, strictFileInteractability: false, timeouts: {implicit: 0, pageLoad: 300000, script: 30000}, unhandledPromptBehavior: dismiss and notify, webauthn:extension:credBlob: true, webauthn:extension:largeBlob: true, webauthn:extension:minPinLength: true, webauthn:extension:prf: true, webauthn:virtualAuthenticators: true}
Element: [[ChromeDriver: chrome on windows (564ea5681244334e3982a1b84779b52f)] -> xpath: //div[@id='filter-button']]
Session ID: 564ea5681244334e3982a1b84779b52f
18:55:49 [TestNG-test-Yt Master Tests-2] INFO  verifyingGlobalFilterLandingPage_18-55-01 - [verifyingGlobalFilterLandingPage_18-55-01] Trying JS click fallback for: By.xpath: //div[@id='filter-button']
18:55:49 [TestNG-test-Yt Master Tests-2] INFO  verifyingGlobalFilterLandingPage_18-55-01 - [verifyingGlobalFilterLandingPage_18-55-01] Waiting until element is visible in viewport
18:56:00 [TestNG-test-Yt Master Tests-2] INFO  verifyingGlobalFilterLandingPage_18-55-01 - Fetching the data from the global filter in landing page
18:56:00 [TestNG-test-Yt Master Tests-2] INFO  verifyingGlobalFilterLandingPage_18-55-01 - [verifyingGlobalFilterLandingPage_18-55-01] Trying to find element: By.xpath: //ytd-search-filter-options-dialog-renderer[@class='style-scope ytd-popup-container']
18:56:10 [TestNG-test-Yt Master Tests-2] WARN  verifyingGlobalFilterLandingPage_18-55-01 - [verifyingGlobalFilterLandingPage_18-55-01] Timeout finding element (attempt 1): By.xpath: //ytd-search-filter-options-dialog-renderer[@class='style-scope ytd-popup-container']
18:56:21 [TestNG-test-Yt Master Tests-2] WARN  verifyingGlobalFilterLandingPage_18-55-01 - [verifyingGlobalFilterLandingPage_18-55-01] Timeout finding element (attempt 2): By.xpath: //ytd-search-filter-options-dialog-renderer[@class='style-scope ytd-popup-container']
18:56:21 [TestNG-test-Yt Master Tests-2] WARN  verifyingGlobalFilterLandingPage_18-55-01 - [verifyingGlobalFilterLandingPage_18-55-01] Attempt 2 failed — refreshing the page to recover...
18:56:21 [TestNG-test-Yt Master Tests-2] INFO  verifyingGlobalFilterLandingPage_18-55-01 - [verifyingGlobalFilterLandingPage_18-55-01] Current URL before refresh: https://www.youtube.com/results?search_query=youtube
18:56:24 [TestNG-test-Yt Master Tests-2] INFO  verifyingGlobalFilterLandingPage_18-55-01 - [verifyingGlobalFilterLandingPage_18-55-01] Page refreshed successfully.
18:56:25 [TestNG-test-Yt Master Tests-2] INFO  verifyingGlobalFilterLandingPage_18-55-01 - [verifyingGlobalFilterLandingPage_18-55-01] Page fully loaded after refresh.
18:56:35 [TestNG-test-Yt Master Tests-2] WARN  verifyingGlobalFilterLandingPage_18-55-01 - [verifyingGlobalFilterLandingPage_18-55-01] Timeout finding element (attempt 3): By.xpath: //ytd-search-filter-options-dialog-renderer[@class='style-scope ytd-popup-container']
18:56:35 [TestNG-test-Yt Master Tests-2] WARN  verifyingGlobalFilterLandingPage_18-55-01 - [verifyingGlobalFilterLandingPage_18-55-01] Attempt 3 failed — refreshing the page to recover...
18:56:35 [TestNG-test-Yt Master Tests-2] INFO  verifyingGlobalFilterLandingPage_18-55-01 - [verifyingGlobalFilterLandingPage_18-55-01] Current URL before refresh: https://www.youtube.com/results?search_query=youtube
18:56:36 [TestNG-test-Yt Master Tests-2] INFO  verifyingGlobalFilterLandingPage_18-55-01 - [verifyingGlobalFilterLandingPage_18-55-01] Page refreshed successfully.
18:56:37 [TestNG-test-Yt Master Tests-2] INFO  verifyingGlobalFilterLandingPage_18-55-01 - [verifyingGlobalFilterLandingPage_18-55-01] Page fully loaded after refresh.
18:56:37 [TestNG-test-Yt Master Tests-2] ERROR verifyingGlobalFilterLandingPage_18-55-01 - [verifyingGlobalFilterLandingPage_18-55-01] Element not found after 3 attempts: By.xpath: //ytd-search-filter-options-dialog-renderer[@class='style-scope ytd-popup-container']
18:56:37 [TestNG-test-Yt Master Tests-2] WARN  verifyingGlobalFilterLandingPage_18-55-01 - [verifyingGlobalFilterLandingPage_18-55-01] Retrying test 'verifyingGlobalFilterLandingPage' (attempt 1) due to: Cannot invoke "org.openqa.selenium.WebElement.getText()" because the return value of "main.java.yt_multi_lang_ui_validator.safeActions.SafeActions.safeFindElement(org.openqa.selenium.By)" is null
