10:10:47 [TestNG-test-Yt Master Tests-3] INFO  verifyingSideMenuLanguageAsInSettings_10-10-47 - No existing WebDriver found for current thread. Initializing a new ChromeDriver...
10:10:47 [TestNG-test-Yt Master Tests-3] INFO  verifyingSideMenuLanguageAsInSettings_10-10-47 - WebDriverManager: chromedriver setup OK
10:10:51 [TestNG-test-Yt Master Tests-3] INFO  verifyingSideMenuLanguageAsInSettings_10-10-47 - ChromeDriver initialized successfully for thread: 36
10:10:51 [TestNG-test-Yt Master Tests-3] INFO  verifyingSideMenuLanguageAsInSettings_10-10-47 - SafeActions initialized with driver ChromeDriver: chrome on windows (a604d5f4253a3f2d2c66c62bd2a1b13e)
10:10:51 [TestNG-test-Yt Master Tests-3] INFO  verifyingSideMenuLanguageAsInSettings_10-10-47 - Initialized YtLandingPage with driver: ChromeDriver: chrome on windows (a604d5f4253a3f2d2c66c62bd2a1b13e)
10:10:51 [TestNG-test-Yt Master Tests-3] INFO  verifyingSideMenuLanguageAsInSettings_10-10-47 - SafeActions initialized with driver ChromeDriver: chrome on windows (a604d5f4253a3f2d2c66c62bd2a1b13e)
10:11:01 [TestNG-test-Yt Master Tests-3] INFO  verifyingSideMenuLanguageAsInSettings_10-10-47 - Opened YouTube landing page.
10:11:01 [TestNG-test-Yt Master Tests-3] INFO  verifyingSideMenuLanguageAsInSettings_10-10-47 - Clicking settings ellipses button...
10:11:01 [TestNG-test-Yt Master Tests-3] INFO  verifyingSideMenuLanguageAsInSettings_10-10-47 - [verifyingSideMenuLanguageAsInSettings_10-10-47] Trying to find element: By.xpath: //ytd-topbar-menu-button-renderer[@class='style-scope ytd-masthead style-default']
10:11:01 [TestNG-test-Yt Master Tests-3] INFO  verifyingSideMenuLanguageAsInSettings_10-10-47 - [verifyingSideMenuLanguageAsInSettings_10-10-47] Element found and ready (attempt 1): By.xpath: //ytd-topbar-menu-button-renderer[@class='style-scope ytd-masthead style-default']
10:11:02 [TestNG-test-Yt Master Tests-3] INFO  verifyingSideMenuLanguageAsInSettings_10-10-47 - Clicking language dropdown...
10:11:02 [TestNG-test-Yt Master Tests-3] INFO  verifyingSideMenuLanguageAsInSettings_10-10-47 - [verifyingSideMenuLanguageAsInSettings_10-10-47] Trying to find element: By.xpath: (//div[@id='content-icon'])[2]
10:11:02 [TestNG-test-Yt Master Tests-3] INFO  verifyingSideMenuLanguageAsInSettings_10-10-47 - [verifyingSideMenuLanguageAsInSettings_10-10-47] Element found and ready (attempt 1): By.xpath: (//div[@id='content-icon'])[2]
10:11:03 [TestNG-test-Yt Master Tests-3] INFO  verifyingSideMenuLanguageAsInSettings_10-10-47 - [verifyingSideMenuLanguageAsInSettings_10-10-47] Execution is Not CRON Job Hence refering to normal keys from UtilData
10:11:03 [TestNG-test-Yt Master Tests-3] INFO  verifyingSideMenuLanguageAsInSettings_10-10-47 - Looking for language element with name: Afrikaans
10:11:03 [TestNG-test-Yt Master Tests-3] INFO  verifyingSideMenuLanguageAsInSettings_10-10-47 - [verifyingSideMenuLanguageAsInSettings_10-10-47] Trying to find element: By.xpath: //yt-multi-page-menu-section-renderer[@class='style-scope ytd-multi-page-menu-renderer']//yt-formatted-string[@id='label' and text()='Afrikaans']
10:11:03 [TestNG-test-Yt Master Tests-3] INFO  verifyingSideMenuLanguageAsInSettings_10-10-47 - [verifyingSideMenuLanguageAsInSettings_10-10-47] Element found and ready (attempt 1): By.xpath: //yt-multi-page-menu-section-renderer[@class='style-scope ytd-multi-page-menu-renderer']//yt-formatted-string[@id='label' and text()='Afrikaans']
10:11:03 [TestNG-test-Yt Master Tests-3] INFO  verifyingSideMenuLanguageAsInSettings_10-10-47 - [verifyingSideMenuLanguageAsInSettings_10-10-47] Trying to find element: By.xpath: //yt-multi-page-menu-section-renderer[@class='style-scope ytd-multi-page-menu-renderer']//yt-formatted-string[@id='label' and text()='Afrikaans']
10:11:03 [TestNG-test-Yt Master Tests-3] INFO  verifyingSideMenuLanguageAsInSettings_10-10-47 - [verifyingSideMenuLanguageAsInSettings_10-10-47] Element found and ready (attempt 1): By.xpath: //yt-multi-page-menu-section-renderer[@class='style-scope ytd-multi-page-menu-renderer']//yt-formatted-string[@id='label' and text()='Afrikaans']
10:11:06 [TestNG-test-Yt Master Tests-3] INFO  verifyingSideMenuLanguageAsInSettings_10-10-47 - Clicking settings ellipses button...
10:11:06 [TestNG-test-Yt Master Tests-3] INFO  verifyingSideMenuLanguageAsInSettings_10-10-47 - [verifyingSideMenuLanguageAsInSettings_10-10-47] Trying to find element: By.xpath: //ytd-topbar-menu-button-renderer[@class='style-scope ytd-masthead style-default']
10:11:07 [TestNG-test-Yt Master Tests-3] INFO  verifyingSideMenuLanguageAsInSettings_10-10-47 - [verifyingSideMenuLanguageAsInSettings_10-10-47] Element found and ready (attempt 1): By.xpath: //ytd-topbar-menu-button-renderer[@class='style-scope ytd-masthead style-default']
10:11:07 [TestNG-test-Yt Master Tests-3] INFO  verifyingSideMenuLanguageAsInSettings_10-10-47 - [verifyingSideMenuLanguageAsInSettings_10-10-47] Waiting until element is visible in viewport
10:11:07 [TestNG-test-Yt Master Tests-3] INFO  verifyingSideMenuLanguageAsInSettings_10-10-47 - Clicking settings ellipses button...
10:11:08 [TestNG-test-Yt Master Tests-3] INFO  verifyingSideMenuLanguageAsInSettings_10-10-47 - [verifyingSideMenuLanguageAsInSettings_10-10-47] Trying to find element: By.xpath: //ytd-topbar-menu-button-renderer[@class='style-scope ytd-masthead style-default']
10:11:08 [TestNG-test-Yt Master Tests-3] INFO  verifyingSideMenuLanguageAsInSettings_10-10-47 - [verifyingSideMenuLanguageAsInSettings_10-10-47] Element found and ready (attempt 1): By.xpath: //ytd-topbar-menu-button-renderer[@class='style-scope ytd-masthead style-default']
10:11:08 [TestNG-test-Yt Master Tests-3] INFO  verifyingSideMenuLanguageAsInSettings_10-10-47 - Fetching the side menu in expanded view
10:11:08 [TestNG-test-Yt Master Tests-3] INFO  verifyingSideMenuLanguageAsInSettings_10-10-47 - [verifyingSideMenuLanguageAsInSettings_10-10-47] Finding elements list: By.xpath: //ytd-guide-entry-renderer[@class='style-scope ytd-guide-section-renderer']
10:11:08 [TestNG-test-Yt Master Tests-3] INFO  verifyingSideMenuLanguageAsInSettings_10-10-47 - [verifyingSideMenuLanguageAsInSettings_10-10-47] Found 13 ready elements (attempt 1): By.xpath: //ytd-guide-entry-renderer[@class='style-scope ytd-guide-section-renderer']
10:11:08 [TestNG-test-Yt Master Tests-3] INFO  verifyingSideMenuLanguageAsInSettings_10-10-47 - Clicking settings ellipses button...
10:11:08 [TestNG-test-Yt Master Tests-3] INFO  verifyingSideMenuLanguageAsInSettings_10-10-47 - [verifyingSideMenuLanguageAsInSettings_10-10-47] Trying to find element: By.xpath: //ytd-topbar-menu-button-renderer[@class='style-scope ytd-masthead style-default']
10:11:08 [TestNG-test-Yt Master Tests-3] INFO  verifyingSideMenuLanguageAsInSettings_10-10-47 - [verifyingSideMenuLanguageAsInSettings_10-10-47] Element found and ready (attempt 1): By.xpath: //ytd-topbar-menu-button-renderer[@class='style-scope ytd-masthead style-default']
10:11:09 [TestNG-test-Yt Master Tests-3] INFO  verifyingSideMenuLanguageAsInSettings_10-10-47 - Clicking language dropdown...
10:11:09 [TestNG-test-Yt Master Tests-3] INFO  verifyingSideMenuLanguageAsInSettings_10-10-47 - [verifyingSideMenuLanguageAsInSettings_10-10-47] Trying to find element: By.xpath: (//div[@id='content-icon'])[2]
10:11:09 [TestNG-test-Yt Master Tests-3] INFO  verifyingSideMenuLanguageAsInSettings_10-10-47 - [verifyingSideMenuLanguageAsInSettings_10-10-47] Element found and ready (attempt 1): By.xpath: (//div[@id='content-icon'])[2]
10:11:10 [TestNG-test-Yt Master Tests-3] INFO  verifyingSideMenuLanguageAsInSettings_10-10-47 - Looking for language element with name: Azərbaycan
10:11:10 [TestNG-test-Yt Master Tests-3] INFO  verifyingSideMenuLanguageAsInSettings_10-10-47 - [verifyingSideMenuLanguageAsInSettings_10-10-47] Trying to find element: By.xpath: //yt-multi-page-menu-section-renderer[@class='style-scope ytd-multi-page-menu-renderer']//yt-formatted-string[@id='label' and text()='Azərbaycan']
10:11:10 [TestNG-test-Yt Master Tests-3] INFO  verifyingSideMenuLanguageAsInSettings_10-10-47 - [verifyingSideMenuLanguageAsInSettings_10-10-47] Element found and ready (attempt 1): By.xpath: //yt-multi-page-menu-section-renderer[@class='style-scope ytd-multi-page-menu-renderer']//yt-formatted-string[@id='label' and text()='Azərbaycan']
10:11:10 [TestNG-test-Yt Master Tests-3] INFO  verifyingSideMenuLanguageAsInSettings_10-10-47 - [verifyingSideMenuLanguageAsInSettings_10-10-47] Trying to find element: By.xpath: //yt-multi-page-menu-section-renderer[@class='style-scope ytd-multi-page-menu-renderer']//yt-formatted-string[@id='label' and text()='Azərbaycan']
10:11:10 [TestNG-test-Yt Master Tests-3] INFO  verifyingSideMenuLanguageAsInSettings_10-10-47 - [verifyingSideMenuLanguageAsInSettings_10-10-47] Element found and ready (attempt 1): By.xpath: //yt-multi-page-menu-section-renderer[@class='style-scope ytd-multi-page-menu-renderer']//yt-formatted-string[@id='label' and text()='Azərbaycan']
10:11:11 [TestNG-test-Yt Master Tests-3] INFO  verifyingSideMenuLanguageAsInSettings_10-10-47 - Clicking settings ellipses button...
10:11:12 [TestNG-test-Yt Master Tests-3] INFO  verifyingSideMenuLanguageAsInSettings_10-10-47 - [verifyingSideMenuLanguageAsInSettings_10-10-47] Trying to find element: By.xpath: //ytd-topbar-menu-button-renderer[@class='style-scope ytd-masthead style-default']
10:11:13 [TestNG-test-Yt Master Tests-3] INFO  verifyingSideMenuLanguageAsInSettings_10-10-47 - [verifyingSideMenuLanguageAsInSettings_10-10-47] Element found and ready (attempt 1): By.xpath: //ytd-topbar-menu-button-renderer[@class='style-scope ytd-masthead style-default']
10:11:13 [TestNG-test-Yt Master Tests-3] INFO  verifyingSideMenuLanguageAsInSettings_10-10-47 - [verifyingSideMenuLanguageAsInSettings_10-10-47] Waiting until element is visible in viewport
10:11:13 [TestNG-test-Yt Master Tests-3] INFO  verifyingSideMenuLanguageAsInSettings_10-10-47 - Clicking settings ellipses button...
10:11:13 [TestNG-test-Yt Master Tests-3] INFO  verifyingSideMenuLanguageAsInSettings_10-10-47 - [verifyingSideMenuLanguageAsInSettings_10-10-47] Trying to find element: By.xpath: //ytd-topbar-menu-button-renderer[@class='style-scope ytd-masthead style-default']
10:11:13 [TestNG-test-Yt Master Tests-3] INFO  verifyingSideMenuLanguageAsInSettings_10-10-47 - [verifyingSideMenuLanguageAsInSettings_10-10-47] Element found and ready (attempt 1): By.xpath: //ytd-topbar-menu-button-renderer[@class='style-scope ytd-masthead style-default']
10:11:14 [TestNG-test-Yt Master Tests-3] INFO  verifyingSideMenuLanguageAsInSettings_10-10-47 - Fetching the side menu in expanded view
10:11:14 [TestNG-test-Yt Master Tests-3] INFO  verifyingSideMenuLanguageAsInSettings_10-10-47 - [verifyingSideMenuLanguageAsInSettings_10-10-47] Finding elements list: By.xpath: //ytd-guide-entry-renderer[@class='style-scope ytd-guide-section-renderer']
10:11:14 [TestNG-test-Yt Master Tests-3] INFO  verifyingSideMenuLanguageAsInSettings_10-10-47 - [verifyingSideMenuLanguageAsInSettings_10-10-47] Found 13 ready elements (attempt 1): By.xpath: //ytd-guide-entry-renderer[@class='style-scope ytd-guide-section-renderer']
10:11:14 [TestNG-test-Yt Master Tests-3] INFO  verifyingSideMenuLanguageAsInSettings_10-10-47 - Clicking settings ellipses button...
10:11:14 [TestNG-test-Yt Master Tests-3] INFO  verifyingSideMenuLanguageAsInSettings_10-10-47 - [verifyingSideMenuLanguageAsInSettings_10-10-47] Trying to find element: By.xpath: //ytd-topbar-menu-button-renderer[@class='style-scope ytd-masthead style-default']
10:11:14 [TestNG-test-Yt Master Tests-3] INFO  verifyingSideMenuLanguageAsInSettings_10-10-47 - [verifyingSideMenuLanguageAsInSettings_10-10-47] Element found and ready (attempt 1): By.xpath: //ytd-topbar-menu-button-renderer[@class='style-scope ytd-masthead style-default']
10:11:14 [TestNG-test-Yt Master Tests-3] INFO  verifyingSideMenuLanguageAsInSettings_10-10-47 - Clicking language dropdown...
10:11:14 [TestNG-test-Yt Master Tests-3] INFO  verifyingSideMenuLanguageAsInSettings_10-10-47 - [verifyingSideMenuLanguageAsInSettings_10-10-47] Trying to find element: By.xpath: (//div[@id='content-icon'])[2]
10:11:15 [TestNG-test-Yt Master Tests-3] INFO  verifyingSideMenuLanguageAsInSettings_10-10-47 - [verifyingSideMenuLanguageAsInSettings_10-10-47] Element found and ready (attempt 1): By.xpath: (//div[@id='content-icon'])[2]
10:11:16 [TestNG-test-Yt Master Tests-3] INFO  verifyingSideMenuLanguageAsInSettings_10-10-47 - Looking for language element with name: Bahasa Indonesia
10:11:16 [TestNG-test-Yt Master Tests-3] INFO  verifyingSideMenuLanguageAsInSettings_10-10-47 - [verifyingSideMenuLanguageAsInSettings_10-10-47] Trying to find element: By.xpath: //yt-multi-page-menu-section-renderer[@class='style-scope ytd-multi-page-menu-renderer']//yt-formatted-string[@id='label' and text()='Bahasa Indonesia']
10:11:16 [TestNG-test-Yt Master Tests-3] INFO  verifyingSideMenuLanguageAsInSettings_10-10-47 - [verifyingSideMenuLanguageAsInSettings_10-10-47] Element found and ready (attempt 1): By.xpath: //yt-multi-page-menu-section-renderer[@class='style-scope ytd-multi-page-menu-renderer']//yt-formatted-string[@id='label' and text()='Bahasa Indonesia']
10:11:16 [TestNG-test-Yt Master Tests-3] INFO  verifyingSideMenuLanguageAsInSettings_10-10-47 - [verifyingSideMenuLanguageAsInSettings_10-10-47] Trying to find element: By.xpath: //yt-multi-page-menu-section-renderer[@class='style-scope ytd-multi-page-menu-renderer']//yt-formatted-string[@id='label' and text()='Bahasa Indonesia']
10:11:16 [TestNG-test-Yt Master Tests-3] INFO  verifyingSideMenuLanguageAsInSettings_10-10-47 - [verifyingSideMenuLanguageAsInSettings_10-10-47] Element found and ready (attempt 1): By.xpath: //yt-multi-page-menu-section-renderer[@class='style-scope ytd-multi-page-menu-renderer']//yt-formatted-string[@id='label' and text()='Bahasa Indonesia']
10:11:17 [TestNG-test-Yt Master Tests-3] INFO  verifyingSideMenuLanguageAsInSettings_10-10-47 - Clicking settings ellipses button...
10:11:17 [TestNG-test-Yt Master Tests-3] INFO  verifyingSideMenuLanguageAsInSettings_10-10-47 - [verifyingSideMenuLanguageAsInSettings_10-10-47] Trying to find element: By.xpath: //ytd-topbar-menu-button-renderer[@class='style-scope ytd-masthead style-default']
10:11:18 [TestNG-test-Yt Master Tests-3] INFO  verifyingSideMenuLanguageAsInSettings_10-10-47 - [verifyingSideMenuLanguageAsInSettings_10-10-47] Element found and ready (attempt 1): By.xpath: //ytd-topbar-menu-button-renderer[@class='style-scope ytd-masthead style-default']
10:11:18 [TestNG-test-Yt Master Tests-3] INFO  verifyingSideMenuLanguageAsInSettings_10-10-47 - [verifyingSideMenuLanguageAsInSettings_10-10-47] Waiting until element is visible in viewport
10:11:19 [TestNG-test-Yt Master Tests-3] INFO  verifyingSideMenuLanguageAsInSettings_10-10-47 - Clicking settings ellipses button...
10:11:19 [TestNG-test-Yt Master Tests-3] INFO  verifyingSideMenuLanguageAsInSettings_10-10-47 - [verifyingSideMenuLanguageAsInSettings_10-10-47] Trying to find element: By.xpath: //ytd-topbar-menu-button-renderer[@class='style-scope ytd-masthead style-default']
10:11:19 [TestNG-test-Yt Master Tests-3] INFO  verifyingSideMenuLanguageAsInSettings_10-10-47 - [verifyingSideMenuLanguageAsInSettings_10-10-47] Element found and ready (attempt 1): By.xpath: //ytd-topbar-menu-button-renderer[@class='style-scope ytd-masthead style-default']
10:11:19 [TestNG-test-Yt Master Tests-3] INFO  verifyingSideMenuLanguageAsInSettings_10-10-47 - Fetching the side menu in expanded view
10:11:19 [TestNG-test-Yt Master Tests-3] INFO  verifyingSideMenuLanguageAsInSettings_10-10-47 - [verifyingSideMenuLanguageAsInSettings_10-10-47] Finding elements list: By.xpath: //ytd-guide-entry-renderer[@class='style-scope ytd-guide-section-renderer']
10:11:19 [TestNG-test-Yt Master Tests-3] INFO  verifyingSideMenuLanguageAsInSettings_10-10-47 - [verifyingSideMenuLanguageAsInSettings_10-10-47] Found 13 ready elements (attempt 1): By.xpath: //ytd-guide-entry-renderer[@class='style-scope ytd-guide-section-renderer']
10:11:20 [TestNG-test-Yt Master Tests-3] INFO  verifyingSideMenuLanguageAsInSettings_10-10-47 - Clicking settings ellipses button...
10:11:20 [TestNG-test-Yt Master Tests-3] INFO  verifyingSideMenuLanguageAsInSettings_10-10-47 - [verifyingSideMenuLanguageAsInSettings_10-10-47] Trying to find element: By.xpath: //ytd-topbar-menu-button-renderer[@class='style-scope ytd-masthead style-default']
10:11:20 [TestNG-test-Yt Master Tests-3] INFO  verifyingSideMenuLanguageAsInSettings_10-10-47 - [verifyingSideMenuLanguageAsInSettings_10-10-47] Element found and ready (attempt 1): By.xpath: //ytd-topbar-menu-button-renderer[@class='style-scope ytd-masthead style-default']
10:11:20 [TestNG-test-Yt Master Tests-3] INFO  verifyingSideMenuLanguageAsInSettings_10-10-47 - Clicking language dropdown...
10:11:20 [TestNG-test-Yt Master Tests-3] INFO  verifyingSideMenuLanguageAsInSettings_10-10-47 - [verifyingSideMenuLanguageAsInSettings_10-10-47] Trying to find element: By.xpath: (//div[@id='content-icon'])[2]
10:11:20 [TestNG-test-Yt Master Tests-3] INFO  verifyingSideMenuLanguageAsInSettings_10-10-47 - [verifyingSideMenuLanguageAsInSettings_10-10-47] Element found and ready (attempt 1): By.xpath: (//div[@id='content-icon'])[2]
10:11:21 [TestNG-test-Yt Master Tests-3] INFO  verifyingSideMenuLanguageAsInSettings_10-10-47 - Looking for language element with name: Bosanski
10:11:21 [TestNG-test-Yt Master Tests-3] INFO  verifyingSideMenuLanguageAsInSettings_10-10-47 - [verifyingSideMenuLanguageAsInSettings_10-10-47] Trying to find element: By.xpath: //yt-multi-page-menu-section-renderer[@class='style-scope ytd-multi-page-menu-renderer']//yt-formatted-string[@id='label' and text()='Bosanski']
10:11:21 [TestNG-test-Yt Master Tests-3] INFO  verifyingSideMenuLanguageAsInSettings_10-10-47 - [verifyingSideMenuLanguageAsInSettings_10-10-47] Element found and ready (attempt 1): By.xpath: //yt-multi-page-menu-section-renderer[@class='style-scope ytd-multi-page-menu-renderer']//yt-formatted-string[@id='label' and text()='Bosanski']
10:11:21 [TestNG-test-Yt Master Tests-3] INFO  verifyingSideMenuLanguageAsInSettings_10-10-47 - [verifyingSideMenuLanguageAsInSettings_10-10-47] Trying to find element: By.xpath: //yt-multi-page-menu-section-renderer[@class='style-scope ytd-multi-page-menu-renderer']//yt-formatted-string[@id='label' and text()='Bosanski']
10:11:21 [TestNG-test-Yt Master Tests-3] INFO  verifyingSideMenuLanguageAsInSettings_10-10-47 - [verifyingSideMenuLanguageAsInSettings_10-10-47] Element found and ready (attempt 1): By.xpath: //yt-multi-page-menu-section-renderer[@class='style-scope ytd-multi-page-menu-renderer']//yt-formatted-string[@id='label' and text()='Bosanski']
10:11:22 [TestNG-test-Yt Master Tests-3] INFO  verifyingSideMenuLanguageAsInSettings_10-10-47 - Clicking settings ellipses button...
10:11:23 [TestNG-test-Yt Master Tests-3] INFO  verifyingSideMenuLanguageAsInSettings_10-10-47 - [verifyingSideMenuLanguageAsInSettings_10-10-47] Trying to find element: By.xpath: //ytd-topbar-menu-button-renderer[@class='style-scope ytd-masthead style-default']
10:11:23 [TestNG-test-Yt Master Tests-3] INFO  verifyingSideMenuLanguageAsInSettings_10-10-47 - [verifyingSideMenuLanguageAsInSettings_10-10-47] Element found and ready (attempt 1): By.xpath: //ytd-topbar-menu-button-renderer[@class='style-scope ytd-masthead style-default']
10:11:23 [TestNG-test-Yt Master Tests-3] INFO  verifyingSideMenuLanguageAsInSettings_10-10-47 - [verifyingSideMenuLanguageAsInSettings_10-10-47] Waiting until element is visible in viewport
10:11:24 [TestNG-test-Yt Master Tests-3] INFO  verifyingSideMenuLanguageAsInSettings_10-10-47 - Clicking settings ellipses button...
10:11:24 [TestNG-test-Yt Master Tests-3] INFO  verifyingSideMenuLanguageAsInSettings_10-10-47 - [verifyingSideMenuLanguageAsInSettings_10-10-47] Trying to find element: By.xpath: //ytd-topbar-menu-button-renderer[@class='style-scope ytd-masthead style-default']
10:11:24 [TestNG-test-Yt Master Tests-3] INFO  verifyingSideMenuLanguageAsInSettings_10-10-47 - [verifyingSideMenuLanguageAsInSettings_10-10-47] Element found and ready (attempt 1): By.xpath: //ytd-topbar-menu-button-renderer[@class='style-scope ytd-masthead style-default']
10:11:24 [TestNG-test-Yt Master Tests-3] INFO  verifyingSideMenuLanguageAsInSettings_10-10-47 - Fetching the side menu in expanded view
10:11:24 [TestNG-test-Yt Master Tests-3] INFO  verifyingSideMenuLanguageAsInSettings_10-10-47 - [verifyingSideMenuLanguageAsInSettings_10-10-47] Finding elements list: By.xpath: //ytd-guide-entry-renderer[@class='style-scope ytd-guide-section-renderer']
10:11:25 [TestNG-test-Yt Master Tests-3] INFO  verifyingSideMenuLanguageAsInSettings_10-10-47 - [verifyingSideMenuLanguageAsInSettings_10-10-47] Found 13 ready elements (attempt 1): By.xpath: //ytd-guide-entry-renderer[@class='style-scope ytd-guide-section-renderer']
10:11:25 [TestNG-test-Yt Master Tests-3] INFO  verifyingSideMenuLanguageAsInSettings_10-10-47 - Clicking settings ellipses button...
10:11:25 [TestNG-test-Yt Master Tests-3] INFO  verifyingSideMenuLanguageAsInSettings_10-10-47 - [verifyingSideMenuLanguageAsInSettings_10-10-47] Trying to find element: By.xpath: //ytd-topbar-menu-button-renderer[@class='style-scope ytd-masthead style-default']
10:11:25 [TestNG-test-Yt Master Tests-3] INFO  verifyingSideMenuLanguageAsInSettings_10-10-47 - [verifyingSideMenuLanguageAsInSettings_10-10-47] Element found and ready (attempt 1): By.xpath: //ytd-topbar-menu-button-renderer[@class='style-scope ytd-masthead style-default']
10:11:25 [TestNG-test-Yt Master Tests-3] INFO  verifyingSideMenuLanguageAsInSettings_10-10-47 - Clicking language dropdown...
10:11:25 [TestNG-test-Yt Master Tests-3] INFO  verifyingSideMenuLanguageAsInSettings_10-10-47 - [verifyingSideMenuLanguageAsInSettings_10-10-47] Trying to find element: By.xpath: (//div[@id='content-icon'])[2]
10:11:26 [TestNG-test-Yt Master Tests-3] INFO  verifyingSideMenuLanguageAsInSettings_10-10-47 - [verifyingSideMenuLanguageAsInSettings_10-10-47] Element found and ready (attempt 1): By.xpath: (//div[@id='content-icon'])[2]
10:11:27 [TestNG-test-Yt Master Tests-3] INFO  verifyingSideMenuLanguageAsInSettings_10-10-47 - Looking for language element with name: Català
10:11:27 [TestNG-test-Yt Master Tests-3] INFO  verifyingSideMenuLanguageAsInSettings_10-10-47 - [verifyingSideMenuLanguageAsInSettings_10-10-47] Trying to find element: By.xpath: //yt-multi-page-menu-section-renderer[@class='style-scope ytd-multi-page-menu-renderer']//yt-formatted-string[@id='label' and text()='Català']
10:11:27 [TestNG-test-Yt Master Tests-3] INFO  verifyingSideMenuLanguageAsInSettings_10-10-47 - [verifyingSideMenuLanguageAsInSettings_10-10-47] Element found and ready (attempt 1): By.xpath: //yt-multi-page-menu-section-renderer[@class='style-scope ytd-multi-page-menu-renderer']//yt-formatted-string[@id='label' and text()='Català']
10:11:27 [TestNG-test-Yt Master Tests-3] INFO  verifyingSideMenuLanguageAsInSettings_10-10-47 - [verifyingSideMenuLanguageAsInSettings_10-10-47] Trying to find element: By.xpath: //yt-multi-page-menu-section-renderer[@class='style-scope ytd-multi-page-menu-renderer']//yt-formatted-string[@id='label' and text()='Català']
10:11:27 [TestNG-test-Yt Master Tests-3] INFO  verifyingSideMenuLanguageAsInSettings_10-10-47 - [verifyingSideMenuLanguageAsInSettings_10-10-47] Element found and ready (attempt 1): By.xpath: //yt-multi-page-menu-section-renderer[@class='style-scope ytd-multi-page-menu-renderer']//yt-formatted-string[@id='label' and text()='Català']
10:11:28 [TestNG-test-Yt Master Tests-3] INFO  verifyingSideMenuLanguageAsInSettings_10-10-47 - Clicking settings ellipses button...
10:11:28 [TestNG-test-Yt Master Tests-3] INFO  verifyingSideMenuLanguageAsInSettings_10-10-47 - [verifyingSideMenuLanguageAsInSettings_10-10-47] Trying to find element: By.xpath: //ytd-topbar-menu-button-renderer[@class='style-scope ytd-masthead style-default']
10:11:28 [TestNG-test-Yt Master Tests-3] INFO  verifyingSideMenuLanguageAsInSettings_10-10-47 - [verifyingSideMenuLanguageAsInSettings_10-10-47] Element found and ready (attempt 1): By.xpath: //ytd-topbar-menu-button-renderer[@class='style-scope ytd-masthead style-default']
10:11:29 [TestNG-test-Yt Master Tests-3] INFO  verifyingSideMenuLanguageAsInSettings_10-10-47 - [verifyingSideMenuLanguageAsInSettings_10-10-47] Waiting until element is visible in viewport
10:11:29 [TestNG-test-Yt Master Tests-3] INFO  verifyingSideMenuLanguageAsInSettings_10-10-47 - Clicking settings ellipses button...
10:11:29 [TestNG-test-Yt Master Tests-3] INFO  verifyingSideMenuLanguageAsInSettings_10-10-47 - [verifyingSideMenuLanguageAsInSettings_10-10-47] Trying to find element: By.xpath: //ytd-topbar-menu-button-renderer[@class='style-scope ytd-masthead style-default']
10:11:29 [TestNG-test-Yt Master Tests-3] INFO  verifyingSideMenuLanguageAsInSettings_10-10-47 - [verifyingSideMenuLanguageAsInSettings_10-10-47] Element found and ready (attempt 1): By.xpath: //ytd-topbar-menu-button-renderer[@class='style-scope ytd-masthead style-default']
10:11:30 [TestNG-test-Yt Master Tests-3] INFO  verifyingSideMenuLanguageAsInSettings_10-10-47 - Fetching the side menu in expanded view
10:11:30 [TestNG-test-Yt Master Tests-3] INFO  verifyingSideMenuLanguageAsInSettings_10-10-47 - [verifyingSideMenuLanguageAsInSettings_10-10-47] Finding elements list: By.xpath: //ytd-guide-entry-renderer[@class='style-scope ytd-guide-section-renderer']
10:11:30 [TestNG-test-Yt Master Tests-3] INFO  verifyingSideMenuLanguageAsInSettings_10-10-47 - [verifyingSideMenuLanguageAsInSettings_10-10-47] Found 13 ready elements (attempt 1): By.xpath: //ytd-guide-entry-renderer[@class='style-scope ytd-guide-section-renderer']
10:11:30 [TestNG-test-Yt Master Tests-3] INFO  verifyingSideMenuLanguageAsInSettings_10-10-47 - Clicking settings ellipses button...
10:11:30 [TestNG-test-Yt Master Tests-3] INFO  verifyingSideMenuLanguageAsInSettings_10-10-47 - [verifyingSideMenuLanguageAsInSettings_10-10-47] Trying to find element: By.xpath: //ytd-topbar-menu-button-renderer[@class='style-scope ytd-masthead style-default']
10:11:30 [TestNG-test-Yt Master Tests-3] INFO  verifyingSideMenuLanguageAsInSettings_10-10-47 - [verifyingSideMenuLanguageAsInSettings_10-10-47] Element found and ready (attempt 1): By.xpath: //ytd-topbar-menu-button-renderer[@class='style-scope ytd-masthead style-default']
10:11:31 [TestNG-test-Yt Master Tests-3] INFO  verifyingSideMenuLanguageAsInSettings_10-10-47 - Clicking language dropdown...
10:11:31 [TestNG-test-Yt Master Tests-3] INFO  verifyingSideMenuLanguageAsInSettings_10-10-47 - [verifyingSideMenuLanguageAsInSettings_10-10-47] Trying to find element: By.xpath: (//div[@id='content-icon'])[2]
10:11:31 [TestNG-test-Yt Master Tests-3] INFO  verifyingSideMenuLanguageAsInSettings_10-10-47 - [verifyingSideMenuLanguageAsInSettings_10-10-47] Element found and ready (attempt 1): By.xpath: (//div[@id='content-icon'])[2]
10:11:32 [TestNG-test-Yt Master Tests-3] INFO  verifyingSideMenuLanguageAsInSettings_10-10-47 - Looking for language element with name: Dansk
10:11:32 [TestNG-test-Yt Master Tests-3] INFO  verifyingSideMenuLanguageAsInSettings_10-10-47 - [verifyingSideMenuLanguageAsInSettings_10-10-47] Trying to find element: By.xpath: //yt-multi-page-menu-section-renderer[@class='style-scope ytd-multi-page-menu-renderer']//yt-formatted-string[@id='label' and text()='Dansk']
10:11:32 [TestNG-test-Yt Master Tests-3] INFO  verifyingSideMenuLanguageAsInSettings_10-10-47 - [verifyingSideMenuLanguageAsInSettings_10-10-47] Element found and ready (attempt 1): By.xpath: //yt-multi-page-menu-section-renderer[@class='style-scope ytd-multi-page-menu-renderer']//yt-formatted-string[@id='label' and text()='Dansk']
10:11:32 [TestNG-test-Yt Master Tests-3] INFO  verifyingSideMenuLanguageAsInSettings_10-10-47 - [verifyingSideMenuLanguageAsInSettings_10-10-47] Trying to find element: By.xpath: //yt-multi-page-menu-section-renderer[@class='style-scope ytd-multi-page-menu-renderer']//yt-formatted-string[@id='label' and text()='Dansk']
10:11:32 [TestNG-test-Yt Master Tests-3] INFO  verifyingSideMenuLanguageAsInSettings_10-10-47 - [verifyingSideMenuLanguageAsInSettings_10-10-47] Element found and ready (attempt 1): By.xpath: //yt-multi-page-menu-section-renderer[@class='style-scope ytd-multi-page-menu-renderer']//yt-formatted-string[@id='label' and text()='Dansk']
10:11:33 [TestNG-test-Yt Master Tests-3] INFO  verifyingSideMenuLanguageAsInSettings_10-10-47 - Clicking settings ellipses button...
10:11:34 [TestNG-test-Yt Master Tests-3] INFO  verifyingSideMenuLanguageAsInSettings_10-10-47 - [verifyingSideMenuLanguageAsInSettings_10-10-47] Trying to find element: By.xpath: //ytd-topbar-menu-button-renderer[@class='style-scope ytd-masthead style-default']
10:11:34 [TestNG-test-Yt Master Tests-3] INFO  verifyingSideMenuLanguageAsInSettings_10-10-47 - [verifyingSideMenuLanguageAsInSettings_10-10-47] Element found and ready (attempt 1): By.xpath: //ytd-topbar-menu-button-renderer[@class='style-scope ytd-masthead style-default']
10:11:34 [TestNG-test-Yt Master Tests-3] INFO  verifyingSideMenuLanguageAsInSettings_10-10-47 - [verifyingSideMenuLanguageAsInSettings_10-10-47] Waiting until element is visible in viewport
10:11:35 [TestNG-test-Yt Master Tests-3] INFO  verifyingSideMenuLanguageAsInSettings_10-10-47 - Clicking settings ellipses button...
10:11:35 [TestNG-test-Yt Master Tests-3] INFO  verifyingSideMenuLanguageAsInSettings_10-10-47 - [verifyingSideMenuLanguageAsInSettings_10-10-47] Trying to find element: By.xpath: //ytd-topbar-menu-button-renderer[@class='style-scope ytd-masthead style-default']
10:11:35 [TestNG-test-Yt Master Tests-3] INFO  verifyingSideMenuLanguageAsInSettings_10-10-47 - [verifyingSideMenuLanguageAsInSettings_10-10-47] Element found and ready (attempt 1): By.xpath: //ytd-topbar-menu-button-renderer[@class='style-scope ytd-masthead style-default']
10:11:35 [TestNG-test-Yt Master Tests-3] INFO  verifyingSideMenuLanguageAsInSettings_10-10-47 - Fetching the side menu in expanded view
10:11:35 [TestNG-test-Yt Master Tests-3] INFO  verifyingSideMenuLanguageAsInSettings_10-10-47 - [verifyingSideMenuLanguageAsInSettings_10-10-47] Finding elements list: By.xpath: //ytd-guide-entry-renderer[@class='style-scope ytd-guide-section-renderer']
10:11:36 [TestNG-test-Yt Master Tests-3] INFO  verifyingSideMenuLanguageAsInSettings_10-10-47 - [verifyingSideMenuLanguageAsInSettings_10-10-47] Found 13 ready elements (attempt 1): By.xpath: //ytd-guide-entry-renderer[@class='style-scope ytd-guide-section-renderer']
10:11:36 [TestNG-test-Yt Master Tests-3] INFO  verifyingSideMenuLanguageAsInSettings_10-10-47 - Clicking settings ellipses button...
10:11:36 [TestNG-test-Yt Master Tests-3] INFO  verifyingSideMenuLanguageAsInSettings_10-10-47 - [verifyingSideMenuLanguageAsInSettings_10-10-47] Trying to find element: By.xpath: //ytd-topbar-menu-button-renderer[@class='style-scope ytd-masthead style-default']
10:11:36 [TestNG-test-Yt Master Tests-3] INFO  verifyingSideMenuLanguageAsInSettings_10-10-47 - [verifyingSideMenuLanguageAsInSettings_10-10-47] Element found and ready (attempt 1): By.xpath: //ytd-topbar-menu-button-renderer[@class='style-scope ytd-masthead style-default']
10:11:36 [TestNG-test-Yt Master Tests-3] INFO  verifyingSideMenuLanguageAsInSettings_10-10-47 - Clicking language dropdown...
10:11:36 [TestNG-test-Yt Master Tests-3] INFO  verifyingSideMenuLanguageAsInSettings_10-10-47 - [verifyingSideMenuLanguageAsInSettings_10-10-47] Trying to find element: By.xpath: (//div[@id='content-icon'])[2]
10:11:37 [TestNG-test-Yt Master Tests-3] INFO  verifyingSideMenuLanguageAsInSettings_10-10-47 - [verifyingSideMenuLanguageAsInSettings_10-10-47] Element found and ready (attempt 1): By.xpath: (//div[@id='content-icon'])[2]
10:11:37 [TestNG-test-Yt Master Tests-3] INFO  verifyingSideMenuLanguageAsInSettings_10-10-47 - Looking for language element with name: Deutsch
10:11:37 [TestNG-test-Yt Master Tests-3] INFO  verifyingSideMenuLanguageAsInSettings_10-10-47 - [verifyingSideMenuLanguageAsInSettings_10-10-47] Trying to find element: By.xpath: //yt-multi-page-menu-section-renderer[@class='style-scope ytd-multi-page-menu-renderer']//yt-formatted-string[@id='label' and text()='Deutsch']
10:11:38 [TestNG-test-Yt Master Tests-3] INFO  verifyingSideMenuLanguageAsInSettings_10-10-47 - [verifyingSideMenuLanguageAsInSettings_10-10-47] Element found and ready (attempt 1): By.xpath: //yt-multi-page-menu-section-renderer[@class='style-scope ytd-multi-page-menu-renderer']//yt-formatted-string[@id='label' and text()='Deutsch']
10:11:38 [TestNG-test-Yt Master Tests-3] INFO  verifyingSideMenuLanguageAsInSettings_10-10-47 - [verifyingSideMenuLanguageAsInSettings_10-10-47] Trying to find element: By.xpath: //yt-multi-page-menu-section-renderer[@class='style-scope ytd-multi-page-menu-renderer']//yt-formatted-string[@id='label' and text()='Deutsch']
10:11:38 [TestNG-test-Yt Master Tests-3] INFO  verifyingSideMenuLanguageAsInSettings_10-10-47 - [verifyingSideMenuLanguageAsInSettings_10-10-47] Element found and ready (attempt 1): By.xpath: //yt-multi-page-menu-section-renderer[@class='style-scope ytd-multi-page-menu-renderer']//yt-formatted-string[@id='label' and text()='Deutsch']
10:11:39 [TestNG-test-Yt Master Tests-3] INFO  verifyingSideMenuLanguageAsInSettings_10-10-47 - Clicking settings ellipses button...
10:11:39 [TestNG-test-Yt Master Tests-3] INFO  verifyingSideMenuLanguageAsInSettings_10-10-47 - [verifyingSideMenuLanguageAsInSettings_10-10-47] Trying to find element: By.xpath: //ytd-topbar-menu-button-renderer[@class='style-scope ytd-masthead style-default']
10:11:39 [TestNG-test-Yt Master Tests-3] INFO  verifyingSideMenuLanguageAsInSettings_10-10-47 - [verifyingSideMenuLanguageAsInSettings_10-10-47] Element found and ready (attempt 1): By.xpath: //ytd-topbar-menu-button-renderer[@class='style-scope ytd-masthead style-default']
10:11:40 [TestNG-test-Yt Master Tests-3] INFO  verifyingSideMenuLanguageAsInSettings_10-10-47 - [verifyingSideMenuLanguageAsInSettings_10-10-47] Waiting until element is visible in viewport
10:11:40 [TestNG-test-Yt Master Tests-3] INFO  verifyingSideMenuLanguageAsInSettings_10-10-47 - Clicking settings ellipses button...
10:11:40 [TestNG-test-Yt Master Tests-3] INFO  verifyingSideMenuLanguageAsInSettings_10-10-47 - [verifyingSideMenuLanguageAsInSettings_10-10-47] Trying to find element: By.xpath: //ytd-topbar-menu-button-renderer[@class='style-scope ytd-masthead style-default']
10:11:41 [TestNG-test-Yt Master Tests-3] INFO  verifyingSideMenuLanguageAsInSettings_10-10-47 - [verifyingSideMenuLanguageAsInSettings_10-10-47] Element found and ready (attempt 1): By.xpath: //ytd-topbar-menu-button-renderer[@class='style-scope ytd-masthead style-default']
10:11:41 [TestNG-test-Yt Master Tests-3] INFO  verifyingSideMenuLanguageAsInSettings_10-10-47 - Fetching the side menu in expanded view
10:11:41 [TestNG-test-Yt Master Tests-3] INFO  verifyingSideMenuLanguageAsInSettings_10-10-47 - [verifyingSideMenuLanguageAsInSettings_10-10-47] Finding elements list: By.xpath: //ytd-guide-entry-renderer[@class='style-scope ytd-guide-section-renderer']
10:11:41 [TestNG-test-Yt Master Tests-3] INFO  verifyingSideMenuLanguageAsInSettings_10-10-47 - [verifyingSideMenuLanguageAsInSettings_10-10-47] Found 13 ready elements (attempt 1): By.xpath: //ytd-guide-entry-renderer[@class='style-scope ytd-guide-section-renderer']
10:11:41 [TestNG-test-Yt Master Tests-3] INFO  verifyingSideMenuLanguageAsInSettings_10-10-47 - Clicking settings ellipses button...
10:11:42 [TestNG-test-Yt Master Tests-3] INFO  verifyingSideMenuLanguageAsInSettings_10-10-47 - [verifyingSideMenuLanguageAsInSettings_10-10-47] Trying to find element: By.xpath: //ytd-topbar-menu-button-renderer[@class='style-scope ytd-masthead style-default']
10:11:42 [TestNG-test-Yt Master Tests-3] INFO  verifyingSideMenuLanguageAsInSettings_10-10-47 - [verifyingSideMenuLanguageAsInSettings_10-10-47] Element found and ready (attempt 1): By.xpath: //ytd-topbar-menu-button-renderer[@class='style-scope ytd-masthead style-default']
10:11:42 [TestNG-test-Yt Master Tests-3] INFO  verifyingSideMenuLanguageAsInSettings_10-10-47 - Clicking language dropdown...
10:11:42 [TestNG-test-Yt Master Tests-3] INFO  verifyingSideMenuLanguageAsInSettings_10-10-47 - [verifyingSideMenuLanguageAsInSettings_10-10-47] Trying to find element: By.xpath: (//div[@id='content-icon'])[2]
10:11:42 [TestNG-test-Yt Master Tests-3] INFO  verifyingSideMenuLanguageAsInSettings_10-10-47 - [verifyingSideMenuLanguageAsInSettings_10-10-47] Element found and ready (attempt 1): By.xpath: (//div[@id='content-icon'])[2]
10:11:43 [TestNG-test-Yt Master Tests-3] INFO  verifyingSideMenuLanguageAsInSettings_10-10-47 - Looking for language element with name: Eesti
10:11:43 [TestNG-test-Yt Master Tests-3] INFO  verifyingSideMenuLanguageAsInSettings_10-10-47 - [verifyingSideMenuLanguageAsInSettings_10-10-47] Trying to find element: By.xpath: //yt-multi-page-menu-section-renderer[@class='style-scope ytd-multi-page-menu-renderer']//yt-formatted-string[@id='label' and text()='Eesti']
10:11:43 [TestNG-test-Yt Master Tests-3] INFO  verifyingSideMenuLanguageAsInSettings_10-10-47 - [verifyingSideMenuLanguageAsInSettings_10-10-47] Element found and ready (attempt 1): By.xpath: //yt-multi-page-menu-section-renderer[@class='style-scope ytd-multi-page-menu-renderer']//yt-formatted-string[@id='label' and text()='Eesti']
10:11:43 [TestNG-test-Yt Master Tests-3] INFO  verifyingSideMenuLanguageAsInSettings_10-10-47 - [verifyingSideMenuLanguageAsInSettings_10-10-47] Trying to find element: By.xpath: //yt-multi-page-menu-section-renderer[@class='style-scope ytd-multi-page-menu-renderer']//yt-formatted-string[@id='label' and text()='Eesti']
10:11:43 [TestNG-test-Yt Master Tests-3] INFO  verifyingSideMenuLanguageAsInSettings_10-10-47 - [verifyingSideMenuLanguageAsInSettings_10-10-47] Element found and ready (attempt 1): By.xpath: //yt-multi-page-menu-section-renderer[@class='style-scope ytd-multi-page-menu-renderer']//yt-formatted-string[@id='label' and text()='Eesti']
10:11:44 [TestNG-test-Yt Master Tests-3] INFO  verifyingSideMenuLanguageAsInSettings_10-10-47 - Clicking settings ellipses button...
10:11:45 [TestNG-test-Yt Master Tests-3] INFO  verifyingSideMenuLanguageAsInSettings_10-10-47 - [verifyingSideMenuLanguageAsInSettings_10-10-47] Trying to find element: By.xpath: //ytd-topbar-menu-button-renderer[@class='style-scope ytd-masthead style-default']
10:11:45 [TestNG-test-Yt Master Tests-3] INFO  verifyingSideMenuLanguageAsInSettings_10-10-47 - [verifyingSideMenuLanguageAsInSettings_10-10-47] Element found and ready (attempt 1): By.xpath: //ytd-topbar-menu-button-renderer[@class='style-scope ytd-masthead style-default']
10:11:45 [TestNG-test-Yt Master Tests-3] INFO  verifyingSideMenuLanguageAsInSettings_10-10-47 - [verifyingSideMenuLanguageAsInSettings_10-10-47] Waiting until element is visible in viewport
10:11:46 [TestNG-test-Yt Master Tests-3] INFO  verifyingSideMenuLanguageAsInSettings_10-10-47 - Clicking settings ellipses button...
10:11:47 [TestNG-test-Yt Master Tests-3] INFO  verifyingSideMenuLanguageAsInSettings_10-10-47 - [verifyingSideMenuLanguageAsInSettings_10-10-47] Trying to find element: By.xpath: //ytd-topbar-menu-button-renderer[@class='style-scope ytd-masthead style-default']
10:11:47 [TestNG-test-Yt Master Tests-3] INFO  verifyingSideMenuLanguageAsInSettings_10-10-47 - [verifyingSideMenuLanguageAsInSettings_10-10-47] Element found and ready (attempt 1): By.xpath: //ytd-topbar-menu-button-renderer[@class='style-scope ytd-masthead style-default']
10:11:47 [TestNG-test-Yt Master Tests-3] INFO  verifyingSideMenuLanguageAsInSettings_10-10-47 - Fetching the side menu in expanded view
10:11:47 [TestNG-test-Yt Master Tests-3] INFO  verifyingSideMenuLanguageAsInSettings_10-10-47 - [verifyingSideMenuLanguageAsInSettings_10-10-47] Finding elements list: By.xpath: //ytd-guide-entry-renderer[@class='style-scope ytd-guide-section-renderer']
10:11:47 [TestNG-test-Yt Master Tests-3] INFO  verifyingSideMenuLanguageAsInSettings_10-10-47 - [verifyingSideMenuLanguageAsInSettings_10-10-47] Found 13 ready elements (attempt 1): By.xpath: //ytd-guide-entry-renderer[@class='style-scope ytd-guide-section-renderer']
10:11:47 [TestNG-test-Yt Master Tests-3] INFO  verifyingSideMenuLanguageAsInSettings_10-10-47 - Clicking settings ellipses button...
10:11:47 [TestNG-test-Yt Master Tests-3] INFO  verifyingSideMenuLanguageAsInSettings_10-10-47 - [verifyingSideMenuLanguageAsInSettings_10-10-47] Trying to find element: By.xpath: //ytd-topbar-menu-button-renderer[@class='style-scope ytd-masthead style-default']
10:11:47 [TestNG-test-Yt Master Tests-3] INFO  verifyingSideMenuLanguageAsInSettings_10-10-47 - [verifyingSideMenuLanguageAsInSettings_10-10-47] Element found and ready (attempt 1): By.xpath: //ytd-topbar-menu-button-renderer[@class='style-scope ytd-masthead style-default']
10:11:47 [TestNG-test-Yt Master Tests-3] INFO  verifyingSideMenuLanguageAsInSettings_10-10-47 - Clicking language dropdown...
10:11:47 [TestNG-test-Yt Master Tests-3] INFO  verifyingSideMenuLanguageAsInSettings_10-10-47 - [verifyingSideMenuLanguageAsInSettings_10-10-47] Trying to find element: By.xpath: (//div[@id='content-icon'])[2]
10:11:48 [TestNG-test-Yt Master Tests-3] INFO  verifyingSideMenuLanguageAsInSettings_10-10-47 - [verifyingSideMenuLanguageAsInSettings_10-10-47] Element found and ready (attempt 1): By.xpath: (//div[@id='content-icon'])[2]
10:11:49 [TestNG-test-Yt Master Tests-3] INFO  verifyingSideMenuLanguageAsInSettings_10-10-47 - Looking for language element with name: English (India)
10:11:49 [TestNG-test-Yt Master Tests-3] INFO  verifyingSideMenuLanguageAsInSettings_10-10-47 - [verifyingSideMenuLanguageAsInSettings_10-10-47] Trying to find element: By.xpath: //yt-multi-page-menu-section-renderer[@class='style-scope ytd-multi-page-menu-renderer']//yt-formatted-string[@id='label' and text()='English (India)']
10:11:49 [TestNG-test-Yt Master Tests-3] INFO  verifyingSideMenuLanguageAsInSettings_10-10-47 - [verifyingSideMenuLanguageAsInSettings_10-10-47] Element found and ready (attempt 1): By.xpath: //yt-multi-page-menu-section-renderer[@class='style-scope ytd-multi-page-menu-renderer']//yt-formatted-string[@id='label' and text()='English (India)']
10:11:49 [TestNG-test-Yt Master Tests-3] INFO  verifyingSideMenuLanguageAsInSettings_10-10-47 - [verifyingSideMenuLanguageAsInSettings_10-10-47] Trying to find element: By.xpath: //yt-multi-page-menu-section-renderer[@class='style-scope ytd-multi-page-menu-renderer']//yt-formatted-string[@id='label' and text()='English (India)']
10:11:49 [TestNG-test-Yt Master Tests-3] INFO  verifyingSideMenuLanguageAsInSettings_10-10-47 - [verifyingSideMenuLanguageAsInSettings_10-10-47] Element found and ready (attempt 1): By.xpath: //yt-multi-page-menu-section-renderer[@class='style-scope ytd-multi-page-menu-renderer']//yt-formatted-string[@id='label' and text()='English (India)']
10:11:50 [TestNG-test-Yt Master Tests-3] INFO  verifyingSideMenuLanguageAsInSettings_10-10-47 - Clicking settings ellipses button...
10:11:50 [TestNG-test-Yt Master Tests-3] INFO  verifyingSideMenuLanguageAsInSettings_10-10-47 - [verifyingSideMenuLanguageAsInSettings_10-10-47] Trying to find element: By.xpath: //ytd-topbar-menu-button-renderer[@class='style-scope ytd-masthead style-default']
10:11:50 [TestNG-test-Yt Master Tests-3] INFO  verifyingSideMenuLanguageAsInSettings_10-10-47 - [verifyingSideMenuLanguageAsInSettings_10-10-47] Element found and ready (attempt 1): By.xpath: //ytd-topbar-menu-button-renderer[@class='style-scope ytd-masthead style-default']
10:11:51 [TestNG-test-Yt Master Tests-3] INFO  verifyingSideMenuLanguageAsInSettings_10-10-47 - [verifyingSideMenuLanguageAsInSettings_10-10-47] Waiting until element is visible in viewport
10:11:51 [TestNG-test-Yt Master Tests-3] INFO  verifyingSideMenuLanguageAsInSettings_10-10-47 - Clicking settings ellipses button...
10:11:51 [TestNG-test-Yt Master Tests-3] INFO  verifyingSideMenuLanguageAsInSettings_10-10-47 - [verifyingSideMenuLanguageAsInSettings_10-10-47] Trying to find element: By.xpath: //ytd-topbar-menu-button-renderer[@class='style-scope ytd-masthead style-default']
10:11:51 [TestNG-test-Yt Master Tests-3] INFO  verifyingSideMenuLanguageAsInSettings_10-10-47 - [verifyingSideMenuLanguageAsInSettings_10-10-47] Element found and ready (attempt 1): By.xpath: //ytd-topbar-menu-button-renderer[@class='style-scope ytd-masthead style-default']
10:11:51 [TestNG-test-Yt Master Tests-3] INFO  verifyingSideMenuLanguageAsInSettings_10-10-47 - Fetching the side menu in expanded view
10:11:51 [TestNG-test-Yt Master Tests-3] INFO  verifyingSideMenuLanguageAsInSettings_10-10-47 - [verifyingSideMenuLanguageAsInSettings_10-10-47] Finding elements list: By.xpath: //ytd-guide-entry-renderer[@class='style-scope ytd-guide-section-renderer']
10:11:52 [TestNG-test-Yt Master Tests-3] INFO  verifyingSideMenuLanguageAsInSettings_10-10-47 - [verifyingSideMenuLanguageAsInSettings_10-10-47] Found 13 ready elements (attempt 1): By.xpath: //ytd-guide-entry-renderer[@class='style-scope ytd-guide-section-renderer']
10:11:52 [TestNG-test-Yt Master Tests-3] INFO  verifyingSideMenuLanguageAsInSettings_10-10-47 - Clicking settings ellipses button...
10:11:52 [TestNG-test-Yt Master Tests-3] INFO  verifyingSideMenuLanguageAsInSettings_10-10-47 - [verifyingSideMenuLanguageAsInSettings_10-10-47] Trying to find element: By.xpath: //ytd-topbar-menu-button-renderer[@class='style-scope ytd-masthead style-default']
10:11:52 [TestNG-test-Yt Master Tests-3] INFO  verifyingSideMenuLanguageAsInSettings_10-10-47 - [verifyingSideMenuLanguageAsInSettings_10-10-47] Element found and ready (attempt 1): By.xpath: //ytd-topbar-menu-button-renderer[@class='style-scope ytd-masthead style-default']
10:11:52 [TestNG-test-Yt Master Tests-3] INFO  verifyingSideMenuLanguageAsInSettings_10-10-47 - Clicking language dropdown...
10:11:52 [TestNG-test-Yt Master Tests-3] INFO  verifyingSideMenuLanguageAsInSettings_10-10-47 - [verifyingSideMenuLanguageAsInSettings_10-10-47] Trying to find element: By.xpath: (//div[@id='content-icon'])[2]
10:11:53 [TestNG-test-Yt Master Tests-3] INFO  verifyingSideMenuLanguageAsInSettings_10-10-47 - [verifyingSideMenuLanguageAsInSettings_10-10-47] Element found and ready (attempt 1): By.xpath: (//div[@id='content-icon'])[2]
10:11:53 [TestNG-test-Yt Master Tests-3] INFO  verifyingSideMenuLanguageAsInSettings_10-10-47 - [verifyingSideMenuLanguageAsInSettings_10-10-47] Not retrying test 'verifyingSideMenuLanguageAsInSettings'. Retry count: 0, Cause: The following asserts failed:
	Mismatch in the Actual and Expected data for language=Afrikaans expected [Tuis Kortvideo's Intekeninge Myne Geskiedenis Musiek Flieks Regstreeks YouTube Premium YouTube Music YouTube Kids Instellings Aangeegeskiedenis Hulp Stuur terugvoer] but found [Tuis Kortvideo's Intekeninge Myne Geskiedenis Musiek Flieks en TV Regstreeks Probeer Premium vir $0 YouTube TV YouTube Music YouTube Kids Aangeegeskiedenis],
	Mismatch in the Actual and Expected data for language=Azərbaycan expected [Ev Shorts Abunəliklər Siz Tarixçə Musiqi Filmlər Canlı YouTube Premium YouTube Music YouTube Kids Ayarlar Xəbər tarixçəsi Yardım Rəy göndərin] but found [Ev Shorts Abunəliklər Siz Tarixçə Musiqi Film və TV Canlı 0$-a Premium sınayın YouTube TV YouTube Music YouTube Kids Xəbər tarixçəsi],
	Mismatch in the Actual and Expected data for language=Bahasa Indonesia expected [Beranda Shorts Subscription Anda Histori Musik Film Live YouTube Premium YouTube Music YouTube Kids Setelan Histori laporan Bantuan Kirim masukan] but found [Beranda Shorts Subscription Anda Histori Musik Film & TV Live Coba Premium $0 YouTube TV YouTube Music YouTube Kids Histori laporan],
	Mismatch in the Actual and Expected data for language=Bosanski expected [Početna stranica Shorts Pretplate Vi Hi‪storija Muzika Filmovi Uživo YouTube Premium YouTube Music YouTube Kids Postavke Historija prijava Pomoć Pošaljite povratne informacije] but found [Početna stranica Shorts Pretplate Vi Hi‪storija Muzika Filmovi i TV Uživo Isprobajte Premium za 0 USD YouTube TV YouTube Music YouTube Kids Historija prijava],
	Mismatch in the Actual and Expected data for language=Català expected [Inici YouTube Shorts Subscripcions Tu Historial Música Pel·lícules En directe YouTube Premium YouTube Music YouTube Kids Configuració Historial d'informes Ajuda Envia suggeriments] but found [Inici Shorts Subscripcions Tu Historial Música Pel·lícules i televisió En directe Prova Premium per 0 € YouTube TV YouTube Music YouTube Kids Historial d'informes],
	Mismatch in the Actual and Expected data for language=Dansk expected [Start Shorts Abonnementer Dig Historik Musik Film Live YouTube Premium YouTube Music YouTube Kids Indstillinger Rapporteringshistorik Hjælp Send feedback] but found [Start Shorts Abonnementer Dig Historik Musik Film og tv Live Premium for 0 USD YouTube TV YouTube Music YouTube Kids Rapporteringshistorik],
	Mismatch in the Actual and Expected data for language=Deutsch expected [Startseite Shorts Abos Mein YouTube Verlauf Musik Filme Live YouTube Premium YouTube Music YouTube Kids Einstellungen Meldeverlauf Hilfe Feedback senden] but found [Startseite Shorts Abos Mein YouTube Verlauf Musik Filme & Shows Live Premium kostenlos ausprobieren YouTube TV YouTube Music YouTube Kids Meldeverlauf],
	Mismatch in the Actual and Expected data for language=Eesti expected [Avaleht Shorts Tellimused Teie Ajalugu Muusika Filmid Otse YouTube Premium YouTube Music YouTube Kids Seaded Teavituste ajalugu Abi Tagasiside saatmine] but found [Avaleht Shorts Tellimused Teie Ajalugu Muusika Filmid ja telesarjad Otse Premium 0 dollariga YouTube TV YouTube Music YouTube Kids Teavituste ajalugu],
	Mismatch in the Actual and Expected data for language=English (India) expected [Home Shorts Subscriptions You History Shopping Music Films YouTube Premium YouTube Music YouTube Kids Settings Report history Help Send feedback] but found [Home Shorts Subscriptions You History Shopping Music Movies & TV Try Premium for $0 YouTube TV YouTube Music YouTube Kids Report history]
