19:00:28 [TestNG-test-Yt Master Tests-2] INFO  verifyingSideMenuCollapsedLangAsInSettings_19-00-28 - No existing WebDriver found for current thread. Initializing a new ChromeDriver...
19:00:28 [TestNG-test-Yt Master Tests-2] INFO  verifyingSideMenuCollapsedLangAsInSettings_19-00-28 - WebDriverManager: chromedriver setup OK
19:00:33 [TestNG-test-Yt Master Tests-2] INFO  verifyingSideMenuCollapsedLangAsInSettings_19-00-28 - ChromeDriver initialized successfully for thread: 35
19:00:33 [TestNG-test-Yt Master Tests-2] INFO  verifyingSideMenuCollapsedLangAsInSettings_19-00-28 - SafeActions initialized with driver ChromeDriver: chrome on windows (eba08acc4c1541d44dbd3b4f1a911180)
19:00:33 [TestNG-test-Yt Master Tests-2] INFO  verifyingSideMenuCollapsedLangAsInSettings_19-00-28 - Initialized YtLandingPage with driver: ChromeDriver: chrome on windows (eba08acc4c1541d44dbd3b4f1a911180)
19:00:33 [TestNG-test-Yt Master Tests-2] INFO  verifyingSideMenuCollapsedLangAsInSettings_19-00-28 - SafeActions initialized with driver ChromeDriver: chrome on windows (eba08acc4c1541d44dbd3b4f1a911180)
19:00:39 [TestNG-test-Yt Master Tests-2] INFO  verifyingSideMenuCollapsedLangAsInSettings_19-00-28 - Opened YouTube landing page.
19:00:39 [TestNG-test-Yt Master Tests-2] INFO  verifyingSideMenuCollapsedLangAsInSettings_19-00-28 - Clicking left ellipses in the landing page
19:00:39 [TestNG-test-Yt Master Tests-2] INFO  verifyingSideMenuCollapsedLangAsInSettings_19-00-28 - [verifyingSideMenuCollapsedLangAsInSettings_19-00-28] Trying to find element: By.xpath: //ytd-topbar-logo-renderer[@id='logo']/preceding-sibling::*[@id='guide-button']
19:00:39 [TestNG-test-Yt Master Tests-2] INFO  verifyingSideMenuCollapsedLangAsInSettings_19-00-28 - [verifyingSideMenuCollapsedLangAsInSettings_19-00-28] Element found and ready (attempt 1): By.xpath: //ytd-topbar-logo-renderer[@id='logo']/preceding-sibling::*[@id='guide-button']
19:00:39 [TestNG-test-Yt Master Tests-2] INFO  verifyingSideMenuCollapsedLangAsInSettings_19-00-28 - Clicking settings ellipses button...
19:00:40 [TestNG-test-Yt Master Tests-2] INFO  verifyingSideMenuCollapsedLangAsInSettings_19-00-28 - [verifyingSideMenuCollapsedLangAsInSettings_19-00-28] Trying to find element: By.xpath: //ytd-topbar-menu-button-renderer[@class='style-scope ytd-masthead style-default']
19:00:40 [TestNG-test-Yt Master Tests-2] INFO  verifyingSideMenuCollapsedLangAsInSettings_19-00-28 - [verifyingSideMenuCollapsedLangAsInSettings_19-00-28] Element found and ready (attempt 1): By.xpath: //ytd-topbar-menu-button-renderer[@class='style-scope ytd-masthead style-default']
19:00:40 [TestNG-test-Yt Master Tests-2] INFO  verifyingSideMenuCollapsedLangAsInSettings_19-00-28 - Clicking language dropdown...
19:00:40 [TestNG-test-Yt Master Tests-2] INFO  verifyingSideMenuCollapsedLangAsInSettings_19-00-28 - [verifyingSideMenuCollapsedLangAsInSettings_19-00-28] Trying to find element: By.xpath: (//div[@id='content-icon'])[2]
19:00:41 [TestNG-test-Yt Master Tests-2] INFO  verifyingSideMenuCollapsedLangAsInSettings_19-00-28 - [verifyingSideMenuCollapsedLangAsInSettings_19-00-28] Element found and ready (attempt 1): By.xpath: (//div[@id='content-icon'])[2]
19:00:41 [TestNG-test-Yt Master Tests-2] INFO  verifyingSideMenuCollapsedLangAsInSettings_19-00-28 - [verifyingSideMenuCollapsedLangAsInSettings_19-00-28] Execution is scheduled type /CRON Job on CI Hence refering to CI keys from UtilData
19:00:41 [TestNG-test-Yt Master Tests-2] INFO  verifyingSideMenuCollapsedLangAsInSettings_19-00-28 - Looking for language element with name: Afrikaans
19:00:41 [TestNG-test-Yt Master Tests-2] INFO  verifyingSideMenuCollapsedLangAsInSettings_19-00-28 - [verifyingSideMenuCollapsedLangAsInSettings_19-00-28] Trying to find element: By.xpath: //yt-multi-page-menu-section-renderer[@class='style-scope ytd-multi-page-menu-renderer']//yt-formatted-string[@id='label' and text()='Afrikaans']
19:00:42 [TestNG-test-Yt Master Tests-2] INFO  verifyingSideMenuCollapsedLangAsInSettings_19-00-28 - [verifyingSideMenuCollapsedLangAsInSettings_19-00-28] Element found and ready (attempt 1): By.xpath: //yt-multi-page-menu-section-renderer[@class='style-scope ytd-multi-page-menu-renderer']//yt-formatted-string[@id='label' and text()='Afrikaans']
19:00:42 [TestNG-test-Yt Master Tests-2] INFO  verifyingSideMenuCollapsedLangAsInSettings_19-00-28 - [verifyingSideMenuCollapsedLangAsInSettings_19-00-28] Trying to find element: By.xpath: //yt-multi-page-menu-section-renderer[@class='style-scope ytd-multi-page-menu-renderer']//yt-formatted-string[@id='label' and text()='Afrikaans']
19:00:42 [TestNG-test-Yt Master Tests-2] INFO  verifyingSideMenuCollapsedLangAsInSettings_19-00-28 - [verifyingSideMenuCollapsedLangAsInSettings_19-00-28] Element found and ready (attempt 1): By.xpath: //yt-multi-page-menu-section-renderer[@class='style-scope ytd-multi-page-menu-renderer']//yt-formatted-string[@id='label' and text()='Afrikaans']
19:01:01 [TestNG-test-Yt Master Tests-2] WARN  verifyingSideMenuCollapsedLangAsInSettings_19-00-28 - [verifyingSideMenuCollapsedLangAsInSettings_19-00-28] Retrying test 'verifyingSideMenuCollapsedLangAsInSettings' (attempt 1) due to: Expected condition failed: waiting for presence of element located by: By.xpath: //ytd-mini-guide-renderer[@class='style-scope ytd-app']//ytd-mini-guide-entry-renderer (tried for 15 second(s) with 500 milliseconds interval)
