2026-03-02 14:50:35.223 [TestNG-test-Yt Master Tests-2] INFO  [verifyingSideMenuCollapsedLangAsInSettings] ===== STARTING TEST: verifyingSideMenuCollapsedLangAsInSettings  | Thread: 35 =====
2026-03-02 14:50:35.242 [TestNG-test-Yt Master Tests-2] INFO  [verifyingSideMenuCollapsedLangAsInSettings] No existing WebDriver found for current thread. Initializing a new ChromeDriver...
2026-03-02 14:50:35.264 [TestNG-test-Yt Master Tests-2] INFO  [verifyingSideMenuCollapsedLangAsInSettings] WebDriverManager: chromedriver setup OK
2026-03-02 14:50:36.583 [TestNG-test-Yt Master Tests-2] INFO  [verifyingSideMenuCollapsedLangAsInSettings] ChromeDriver initialized successfully for thread: 35
2026-03-02 14:50:36.583 [TestNG-test-Yt Master Tests-2] INFO  [verifyingSideMenuCollapsedLangAsInSettings] Driver initialized successfully for test: verifyingSideMenuCollapsedLangAsInSettings
2026-03-02 14:50:36.584 [TestNG-test-Yt Master Tests-2] INFO  [verifyingSideMenuCollapsedLangAsInSettings] SafeActions initialized with driver ChromeDriver: chrome on windows (89de1c1e02f6362451e971ffbb05cd2f)
2026-03-02 14:50:36.585 [TestNG-test-Yt Master Tests-2] INFO  [verifyingSideMenuCollapsedLangAsInSettings] Initialized YtLandingPage with driver: ChromeDriver: chrome on windows (89de1c1e02f6362451e971ffbb05cd2f)
2026-03-02 14:50:36.585 [TestNG-test-Yt Master Tests-2] INFO  [verifyingSideMenuCollapsedLangAsInSettings] SafeActions initialized with driver ChromeDriver: chrome on windows (89de1c1e02f6362451e971ffbb05cd2f)
2026-03-02 14:50:36.869 [TestNG-test-Yt Master Tests-2] INFO  [verifyingSideMenuCollapsedLangAsInSettings] Opened YouTube landing page.
2026-03-02 14:50:39.649 [TestNG-test-Yt Master Tests-2] INFO  [verifyingSideMenuCollapsedLangAsInSettings] Clicking settings ellipses button...
2026-03-02 14:50:39.649 [TestNG-test-Yt Master Tests-2] INFO  [verifyingSideMenuCollapsedLangAsInSettings] [verifyingSideMenuCollapsedLangAsInSettings] Trying to find element: By.xpath: //ytd-topbar-menu-button-renderer[@class='style-scope ytd-masthead style-default']
2026-03-02 14:50:39.821 [TestNG-test-Yt Master Tests-2] INFO  [verifyingSideMenuCollapsedLangAsInSettings] [verifyingSideMenuCollapsedLangAsInSettings] Element found and ready (attempt 1): By.xpath: //ytd-topbar-menu-button-renderer[@class='style-scope ytd-masthead style-default']
2026-03-02 14:50:40.392 [TestNG-test-Yt Master Tests-2] INFO  [verifyingSideMenuCollapsedLangAsInSettings] Clicking language dropdown...
2026-03-02 14:50:40.393 [TestNG-test-Yt Master Tests-2] INFO  [verifyingSideMenuCollapsedLangAsInSettings] [verifyingSideMenuCollapsedLangAsInSettings] Trying to find element: By.xpath: (//div[@id='content-icon'])[2]
2026-03-02 14:50:41.159 [TestNG-test-Yt Master Tests-2] INFO  [verifyingSideMenuCollapsedLangAsInSettings] [verifyingSideMenuCollapsedLangAsInSettings] Element found and ready (attempt 1): By.xpath: (//div[@id='content-icon'])[2]
2026-03-02 14:50:41.709 [TestNG-test-Yt Master Tests-2] INFO  [verifyingSideMenuCollapsedLangAsInSettings] [verifyingSideMenuCollapsedLangAsInSettings] Execution is Not CRON Job Hence refering to normal keys from UtilData
2026-03-02 14:50:41.710 [TestNG-test-Yt Master Tests-2] INFO  [verifyingSideMenuCollapsedLangAsInSettings] Looking for language element with name: Afrikaans
2026-03-02 14:50:41.710 [TestNG-test-Yt Master Tests-2] INFO  [verifyingSideMenuCollapsedLangAsInSettings] [verifyingSideMenuCollapsedLangAsInSettings] Trying to find element: By.xpath: //yt-multi-page-menu-section-renderer[@class='style-scope ytd-multi-page-menu-renderer']//yt-formatted-string[@id='label' and text()='Afrikaans']
2026-03-02 14:50:41.909 [TestNG-test-Yt Master Tests-2] INFO  [verifyingSideMenuCollapsedLangAsInSettings] [verifyingSideMenuCollapsedLangAsInSettings] Element found and ready (attempt 1): By.xpath: //yt-multi-page-menu-section-renderer[@class='style-scope ytd-multi-page-menu-renderer']//yt-formatted-string[@id='label' and text()='Afrikaans']
2026-03-02 14:50:41.910 [TestNG-test-Yt Master Tests-2] INFO  [verifyingSideMenuCollapsedLangAsInSettings] [verifyingSideMenuCollapsedLangAsInSettings] Trying to find element: By.xpath: //yt-multi-page-menu-section-renderer[@class='style-scope ytd-multi-page-menu-renderer']//yt-formatted-string[@id='label' and text()='Afrikaans']
2026-03-02 14:50:42.227 [TestNG-test-Yt Master Tests-2] INFO  [verifyingSideMenuCollapsedLangAsInSettings] [verifyingSideMenuCollapsedLangAsInSettings] Element found and ready (attempt 1): By.xpath: //yt-multi-page-menu-section-renderer[@class='style-scope ytd-multi-page-menu-renderer']//yt-formatted-string[@id='label' and text()='Afrikaans']
2026-03-02 14:50:44.248 [TestNG-test-Yt Master Tests-2] INFO  [verifyingSideMenuCollapsedLangAsInSettings] Clicking settings ellipses button...
2026-03-02 14:50:44.248 [TestNG-test-Yt Master Tests-2] INFO  [verifyingSideMenuCollapsedLangAsInSettings] [verifyingSideMenuCollapsedLangAsInSettings] Trying to find element: By.xpath: //ytd-topbar-menu-button-renderer[@class='style-scope ytd-masthead style-default']
2026-03-02 14:50:44.476 [TestNG-test-Yt Master Tests-2] INFO  [verifyingSideMenuCollapsedLangAsInSettings] [verifyingSideMenuCollapsedLangAsInSettings] Element found and ready (attempt 1): By.xpath: //ytd-topbar-menu-button-renderer[@class='style-scope ytd-masthead style-default']
2026-03-02 14:50:44.893 [TestNG-test-Yt Master Tests-2] INFO  [verifyingSideMenuCollapsedLangAsInSettings] [verifyingSideMenuCollapsedLangAsInSettings] Waiting until element is visible in viewport
2026-03-02 14:50:45.127 [TestNG-test-Yt Master Tests-2] INFO  [verifyingSideMenuCollapsedLangAsInSettings] [verifyingSideMenuCollapsedLangAsInSettings] Capturing screenshot: Filter Applied is Afrikaans__2026-03-02_145045.jpg
2026-03-02 14:50:45.287 [TestNG-test-Yt Master Tests-2] INFO  [verifyingSideMenuCollapsedLangAsInSettings] [verifyingSideMenuCollapsedLangAsInSettings] Screenshot saved at: test-output/screenshots/Run_2026-03-02_14-47-24/verifyingSideMenuCollapsedLangAsInSettings/Filter Applied is Afrikaans__2026-03-02_145045.jpg
2026-03-02 14:50:45.288 [TestNG-test-Yt Master Tests-2] INFO  [verifyingSideMenuCollapsedLangAsInSettings] Clicking settings ellipses button...
2026-03-02 14:50:45.288 [TestNG-test-Yt Master Tests-2] INFO  [verifyingSideMenuCollapsedLangAsInSettings] [verifyingSideMenuCollapsedLangAsInSettings] Trying to find element: By.xpath: //ytd-topbar-menu-button-renderer[@class='style-scope ytd-masthead style-default']
2026-03-02 14:50:45.353 [TestNG-test-Yt Master Tests-2] INFO  [verifyingSideMenuCollapsedLangAsInSettings] [verifyingSideMenuCollapsedLangAsInSettings] Element found and ready (attempt 1): By.xpath: //ytd-topbar-menu-button-renderer[@class='style-scope ytd-masthead style-default']
2026-03-02 14:50:45.410 [TestNG-test-Yt Master Tests-2] INFO  [verifyingSideMenuCollapsedLangAsInSettings] getLangAttribute() - locating <html> and reading lang property
2026-03-02 14:50:45.429 [TestNG-test-Yt Master Tests-2] INFO  [verifyingSideMenuCollapsedLangAsInSettings] Language attribute read: af-ZA
2026-03-02 14:50:45.430 [TestNG-test-Yt Master Tests-2] INFO  [verifyingSideMenuCollapsedLangAsInSettings] Fetching the side menu in collapsed view
2026-03-02 14:50:45.430 [TestNG-test-Yt Master Tests-2] INFO  [verifyingSideMenuCollapsedLangAsInSettings] [verifyingSideMenuCollapsedLangAsInSettings] Finding elements list: By.xpath: //ytd-mini-guide-renderer[@class='style-scope ytd-app']//ytd-mini-guide-entry-renderer
2026-03-02 14:50:45.567 [TestNG-test-Yt Master Tests-2] INFO  [verifyingSideMenuCollapsedLangAsInSettings] [verifyingSideMenuCollapsedLangAsInSettings] Found 4 ready elements (attempt 1): By.xpath: //ytd-mini-guide-renderer[@class='style-scope ytd-app']//ytd-mini-guide-entry-renderer
2026-03-02 14:50:45.695 [TestNG-test-Yt Master Tests-2] INFO  [verifyingSideMenuCollapsedLangAsInSettings] Clicking settings ellipses button...
2026-03-02 14:50:45.695 [TestNG-test-Yt Master Tests-2] INFO  [verifyingSideMenuCollapsedLangAsInSettings] [verifyingSideMenuCollapsedLangAsInSettings] Trying to find element: By.xpath: //ytd-topbar-menu-button-renderer[@class='style-scope ytd-masthead style-default']
2026-03-02 14:50:45.780 [TestNG-test-Yt Master Tests-2] INFO  [verifyingSideMenuCollapsedLangAsInSettings] [verifyingSideMenuCollapsedLangAsInSettings] Element found and ready (attempt 1): By.xpath: //ytd-topbar-menu-button-renderer[@class='style-scope ytd-masthead style-default']
2026-03-02 14:50:45.880 [TestNG-test-Yt Master Tests-2] INFO  [verifyingSideMenuCollapsedLangAsInSettings] Clicking language dropdown...
2026-03-02 14:50:45.880 [TestNG-test-Yt Master Tests-2] INFO  [verifyingSideMenuCollapsedLangAsInSettings] [verifyingSideMenuCollapsedLangAsInSettings] Trying to find element: By.xpath: (//div[@id='content-icon'])[2]
2026-03-02 14:50:46.328 [TestNG-test-Yt Master Tests-2] INFO  [verifyingSideMenuCollapsedLangAsInSettings] [verifyingSideMenuCollapsedLangAsInSettings] Element found and ready (attempt 1): By.xpath: (//div[@id='content-icon'])[2]
2026-03-02 14:50:46.875 [TestNG-test-Yt Master Tests-2] INFO  [verifyingSideMenuCollapsedLangAsInSettings] Looking for language element with name: Azərbaycan
2026-03-02 14:50:46.875 [TestNG-test-Yt Master Tests-2] INFO  [verifyingSideMenuCollapsedLangAsInSettings] [verifyingSideMenuCollapsedLangAsInSettings] Trying to find element: By.xpath: //yt-multi-page-menu-section-renderer[@class='style-scope ytd-multi-page-menu-renderer']//yt-formatted-string[@id='label' and text()='Azərbaycan']
2026-03-02 14:50:47.080 [TestNG-test-Yt Master Tests-2] INFO  [verifyingSideMenuCollapsedLangAsInSettings] [verifyingSideMenuCollapsedLangAsInSettings] Element found and ready (attempt 1): By.xpath: //yt-multi-page-menu-section-renderer[@class='style-scope ytd-multi-page-menu-renderer']//yt-formatted-string[@id='label' and text()='Azərbaycan']
2026-03-02 14:50:47.080 [TestNG-test-Yt Master Tests-2] INFO  [verifyingSideMenuCollapsedLangAsInSettings] [verifyingSideMenuCollapsedLangAsInSettings] Trying to find element: By.xpath: //yt-multi-page-menu-section-renderer[@class='style-scope ytd-multi-page-menu-renderer']//yt-formatted-string[@id='label' and text()='Azərbaycan']
2026-03-02 14:50:47.199 [TestNG-test-Yt Master Tests-2] INFO  [verifyingSideMenuCollapsedLangAsInSettings] [verifyingSideMenuCollapsedLangAsInSettings] Element found and ready (attempt 1): By.xpath: //yt-multi-page-menu-section-renderer[@class='style-scope ytd-multi-page-menu-renderer']//yt-formatted-string[@id='label' and text()='Azərbaycan']
2026-03-02 14:50:48.819 [TestNG-test-Yt Master Tests-2] INFO  [verifyingSideMenuCollapsedLangAsInSettings] Clicking settings ellipses button...
2026-03-02 14:50:48.819 [TestNG-test-Yt Master Tests-2] INFO  [verifyingSideMenuCollapsedLangAsInSettings] [verifyingSideMenuCollapsedLangAsInSettings] Trying to find element: By.xpath: //ytd-topbar-menu-button-renderer[@class='style-scope ytd-masthead style-default']
2026-03-02 14:50:49.412 [TestNG-test-Yt Master Tests-2] INFO  [verifyingSideMenuCollapsedLangAsInSettings] [verifyingSideMenuCollapsedLangAsInSettings] Element found and ready (attempt 1): By.xpath: //ytd-topbar-menu-button-renderer[@class='style-scope ytd-masthead style-default']
2026-03-02 14:50:50.000 [TestNG-test-Yt Master Tests-2] INFO  [verifyingSideMenuCollapsedLangAsInSettings] [verifyingSideMenuCollapsedLangAsInSettings] Waiting until element is visible in viewport
2026-03-02 14:50:50.138 [TestNG-test-Yt Master Tests-2] INFO  [verifyingSideMenuCollapsedLangAsInSettings] [verifyingSideMenuCollapsedLangAsInSettings] Capturing screenshot: Filter Applied is Azərbaycan__2026-03-02_145050.jpg
2026-03-02 14:50:50.359 [TestNG-test-Yt Master Tests-2] INFO  [verifyingSideMenuCollapsedLangAsInSettings] [verifyingSideMenuCollapsedLangAsInSettings] Screenshot saved at: test-output/screenshots/Run_2026-03-02_14-47-24/verifyingSideMenuCollapsedLangAsInSettings/Filter Applied is Azərbaycan__2026-03-02_145050.jpg
2026-03-02 14:50:50.360 [TestNG-test-Yt Master Tests-2] INFO  [verifyingSideMenuCollapsedLangAsInSettings] Clicking settings ellipses button...
2026-03-02 14:50:50.360 [TestNG-test-Yt Master Tests-2] INFO  [verifyingSideMenuCollapsedLangAsInSettings] [verifyingSideMenuCollapsedLangAsInSettings] Trying to find element: By.xpath: //ytd-topbar-menu-button-renderer[@class='style-scope ytd-masthead style-default']
2026-03-02 14:50:50.508 [TestNG-test-Yt Master Tests-2] INFO  [verifyingSideMenuCollapsedLangAsInSettings] [verifyingSideMenuCollapsedLangAsInSettings] Element found and ready (attempt 1): By.xpath: //ytd-topbar-menu-button-renderer[@class='style-scope ytd-masthead style-default']
2026-03-02 14:50:50.689 [TestNG-test-Yt Master Tests-2] INFO  [verifyingSideMenuCollapsedLangAsInSettings] getLangAttribute() - locating <html> and reading lang property
2026-03-02 14:50:50.707 [TestNG-test-Yt Master Tests-2] INFO  [verifyingSideMenuCollapsedLangAsInSettings] Language attribute read: az-Latn-AZ
2026-03-02 14:50:50.707 [TestNG-test-Yt Master Tests-2] INFO  [verifyingSideMenuCollapsedLangAsInSettings] Fetching the side menu in collapsed view
2026-03-02 14:50:50.707 [TestNG-test-Yt Master Tests-2] INFO  [verifyingSideMenuCollapsedLangAsInSettings] [verifyingSideMenuCollapsedLangAsInSettings] Finding elements list: By.xpath: //ytd-mini-guide-renderer[@class='style-scope ytd-app']//ytd-mini-guide-entry-renderer
2026-03-02 14:50:50.763 [TestNG-test-Yt Master Tests-2] INFO  [verifyingSideMenuCollapsedLangAsInSettings] [verifyingSideMenuCollapsedLangAsInSettings] Found 4 ready elements (attempt 1): By.xpath: //ytd-mini-guide-renderer[@class='style-scope ytd-app']//ytd-mini-guide-entry-renderer
2026-03-02 14:50:50.838 [TestNG-test-Yt Master Tests-2] INFO  [verifyingSideMenuCollapsedLangAsInSettings] Clicking settings ellipses button...
2026-03-02 14:50:50.838 [TestNG-test-Yt Master Tests-2] INFO  [verifyingSideMenuCollapsedLangAsInSettings] [verifyingSideMenuCollapsedLangAsInSettings] Trying to find element: By.xpath: //ytd-topbar-menu-button-renderer[@class='style-scope ytd-masthead style-default']
2026-03-02 14:50:50.891 [TestNG-test-Yt Master Tests-2] INFO  [verifyingSideMenuCollapsedLangAsInSettings] [verifyingSideMenuCollapsedLangAsInSettings] Element found and ready (attempt 1): By.xpath: //ytd-topbar-menu-button-renderer[@class='style-scope ytd-masthead style-default']
2026-03-02 14:50:50.959 [TestNG-test-Yt Master Tests-2] INFO  [verifyingSideMenuCollapsedLangAsInSettings] Clicking language dropdown...
2026-03-02 14:50:50.959 [TestNG-test-Yt Master Tests-2] INFO  [verifyingSideMenuCollapsedLangAsInSettings] [verifyingSideMenuCollapsedLangAsInSettings] Trying to find element: By.xpath: (//div[@id='content-icon'])[2]
2026-03-02 14:50:51.279 [TestNG-test-Yt Master Tests-2] INFO  [verifyingSideMenuCollapsedLangAsInSettings] [verifyingSideMenuCollapsedLangAsInSettings] Element found and ready (attempt 1): By.xpath: (//div[@id='content-icon'])[2]
2026-03-02 14:50:51.662 [TestNG-test-Yt Master Tests-2] INFO  [verifyingSideMenuCollapsedLangAsInSettings] Looking for language element with name: Bahasa Indonesia
2026-03-02 14:50:51.663 [TestNG-test-Yt Master Tests-2] INFO  [verifyingSideMenuCollapsedLangAsInSettings] [verifyingSideMenuCollapsedLangAsInSettings] Trying to find element: By.xpath: //yt-multi-page-menu-section-renderer[@class='style-scope ytd-multi-page-menu-renderer']//yt-formatted-string[@id='label' and text()='Bahasa Indonesia']
2026-03-02 14:50:51.795 [TestNG-test-Yt Master Tests-2] INFO  [verifyingSideMenuCollapsedLangAsInSettings] [verifyingSideMenuCollapsedLangAsInSettings] Element found and ready (attempt 1): By.xpath: //yt-multi-page-menu-section-renderer[@class='style-scope ytd-multi-page-menu-renderer']//yt-formatted-string[@id='label' and text()='Bahasa Indonesia']
2026-03-02 14:50:51.795 [TestNG-test-Yt Master Tests-2] INFO  [verifyingSideMenuCollapsedLangAsInSettings] [verifyingSideMenuCollapsedLangAsInSettings] Trying to find element: By.xpath: //yt-multi-page-menu-section-renderer[@class='style-scope ytd-multi-page-menu-renderer']//yt-formatted-string[@id='label' and text()='Bahasa Indonesia']
2026-03-02 14:50:51.908 [TestNG-test-Yt Master Tests-2] INFO  [verifyingSideMenuCollapsedLangAsInSettings] [verifyingSideMenuCollapsedLangAsInSettings] Element found and ready (attempt 1): By.xpath: //yt-multi-page-menu-section-renderer[@class='style-scope ytd-multi-page-menu-renderer']//yt-formatted-string[@id='label' and text()='Bahasa Indonesia']
2026-03-02 14:50:53.697 [TestNG-test-Yt Master Tests-2] INFO  [verifyingSideMenuCollapsedLangAsInSettings] Clicking settings ellipses button...
2026-03-02 14:50:53.698 [TestNG-test-Yt Master Tests-2] INFO  [verifyingSideMenuCollapsedLangAsInSettings] [verifyingSideMenuCollapsedLangAsInSettings] Trying to find element: By.xpath: //ytd-topbar-menu-button-renderer[@class='style-scope ytd-masthead style-default']
2026-03-02 14:50:53.877 [TestNG-test-Yt Master Tests-2] INFO  [verifyingSideMenuCollapsedLangAsInSettings] [verifyingSideMenuCollapsedLangAsInSettings] Element found and ready (attempt 1): By.xpath: //ytd-topbar-menu-button-renderer[@class='style-scope ytd-masthead style-default']
2026-03-02 14:50:54.315 [TestNG-test-Yt Master Tests-2] INFO  [verifyingSideMenuCollapsedLangAsInSettings] [verifyingSideMenuCollapsedLangAsInSettings] Waiting until element is visible in viewport
2026-03-02 14:50:54.569 [TestNG-test-Yt Master Tests-2] INFO  [verifyingSideMenuCollapsedLangAsInSettings] [verifyingSideMenuCollapsedLangAsInSettings] Capturing screenshot: Filter Applied is Bahasa Indonesia__2026-03-02_145054.jpg
2026-03-02 14:50:54.805 [TestNG-test-Yt Master Tests-2] INFO  [verifyingSideMenuCollapsedLangAsInSettings] [verifyingSideMenuCollapsedLangAsInSettings] Screenshot saved at: test-output/screenshots/Run_2026-03-02_14-47-24/verifyingSideMenuCollapsedLangAsInSettings/Filter Applied is Bahasa Indonesia__2026-03-02_145054.jpg
2026-03-02 14:50:54.805 [TestNG-test-Yt Master Tests-2] INFO  [verifyingSideMenuCollapsedLangAsInSettings] Clicking settings ellipses button...
2026-03-02 14:50:54.805 [TestNG-test-Yt Master Tests-2] INFO  [verifyingSideMenuCollapsedLangAsInSettings] [verifyingSideMenuCollapsedLangAsInSettings] Trying to find element: By.xpath: //ytd-topbar-menu-button-renderer[@class='style-scope ytd-masthead style-default']
2026-03-02 14:50:54.865 [TestNG-test-Yt Master Tests-2] INFO  [verifyingSideMenuCollapsedLangAsInSettings] [verifyingSideMenuCollapsedLangAsInSettings] Element found and ready (attempt 1): By.xpath: //ytd-topbar-menu-button-renderer[@class='style-scope ytd-masthead style-default']
2026-03-02 14:50:54.968 [TestNG-test-Yt Master Tests-2] INFO  [verifyingSideMenuCollapsedLangAsInSettings] getLangAttribute() - locating <html> and reading lang property
2026-03-02 14:50:54.983 [TestNG-test-Yt Master Tests-2] INFO  [verifyingSideMenuCollapsedLangAsInSettings] Language attribute read: id-ID
2026-03-02 14:50:54.983 [TestNG-test-Yt Master Tests-2] INFO  [verifyingSideMenuCollapsedLangAsInSettings] Fetching the side menu in collapsed view
2026-03-02 14:50:54.983 [TestNG-test-Yt Master Tests-2] INFO  [verifyingSideMenuCollapsedLangAsInSettings] [verifyingSideMenuCollapsedLangAsInSettings] Finding elements list: By.xpath: //ytd-mini-guide-renderer[@class='style-scope ytd-app']//ytd-mini-guide-entry-renderer
2026-03-02 14:50:55.092 [TestNG-test-Yt Master Tests-2] INFO  [verifyingSideMenuCollapsedLangAsInSettings] [verifyingSideMenuCollapsedLangAsInSettings] Found 4 ready elements (attempt 1): By.xpath: //ytd-mini-guide-renderer[@class='style-scope ytd-app']//ytd-mini-guide-entry-renderer
2026-03-02 14:50:55.201 [TestNG-test-Yt Master Tests-2] INFO  [verifyingSideMenuCollapsedLangAsInSettings] Clicking settings ellipses button...
2026-03-02 14:50:55.201 [TestNG-test-Yt Master Tests-2] INFO  [verifyingSideMenuCollapsedLangAsInSettings] [verifyingSideMenuCollapsedLangAsInSettings] Trying to find element: By.xpath: //ytd-topbar-menu-button-renderer[@class='style-scope ytd-masthead style-default']
2026-03-02 14:50:55.261 [TestNG-test-Yt Master Tests-2] INFO  [verifyingSideMenuCollapsedLangAsInSettings] [verifyingSideMenuCollapsedLangAsInSettings] Element found and ready (attempt 1): By.xpath: //ytd-topbar-menu-button-renderer[@class='style-scope ytd-masthead style-default']
2026-03-02 14:50:55.818 [TestNG-test-Yt Master Tests-2] INFO  [verifyingSideMenuCollapsedLangAsInSettings] Clicking language dropdown...
2026-03-02 14:50:55.818 [TestNG-test-Yt Master Tests-2] INFO  [verifyingSideMenuCollapsedLangAsInSettings] [verifyingSideMenuCollapsedLangAsInSettings] Trying to find element: By.xpath: (//div[@id='content-icon'])[2]
2026-03-02 14:50:55.928 [TestNG-test-Yt Master Tests-2] INFO  [verifyingSideMenuCollapsedLangAsInSettings] [verifyingSideMenuCollapsedLangAsInSettings] Element found and ready (attempt 1): By.xpath: (//div[@id='content-icon'])[2]
2026-03-02 14:50:56.329 [TestNG-test-Yt Master Tests-2] INFO  [verifyingSideMenuCollapsedLangAsInSettings] Looking for language element with name: Bosanski
2026-03-02 14:50:56.329 [TestNG-test-Yt Master Tests-2] INFO  [verifyingSideMenuCollapsedLangAsInSettings] [verifyingSideMenuCollapsedLangAsInSettings] Trying to find element: By.xpath: //yt-multi-page-menu-section-renderer[@class='style-scope ytd-multi-page-menu-renderer']//yt-formatted-string[@id='label' and text()='Bosanski']
2026-03-02 14:50:56.447 [TestNG-test-Yt Master Tests-2] INFO  [verifyingSideMenuCollapsedLangAsInSettings] [verifyingSideMenuCollapsedLangAsInSettings] Element found and ready (attempt 1): By.xpath: //yt-multi-page-menu-section-renderer[@class='style-scope ytd-multi-page-menu-renderer']//yt-formatted-string[@id='label' and text()='Bosanski']
2026-03-02 14:50:56.448 [TestNG-test-Yt Master Tests-2] INFO  [verifyingSideMenuCollapsedLangAsInSettings] [verifyingSideMenuCollapsedLangAsInSettings] Trying to find element: By.xpath: //yt-multi-page-menu-section-renderer[@class='style-scope ytd-multi-page-menu-renderer']//yt-formatted-string[@id='label' and text()='Bosanski']
2026-03-02 14:50:56.517 [TestNG-test-Yt Master Tests-2] INFO  [verifyingSideMenuCollapsedLangAsInSettings] [verifyingSideMenuCollapsedLangAsInSettings] Element found and ready (attempt 1): By.xpath: //yt-multi-page-menu-section-renderer[@class='style-scope ytd-multi-page-menu-renderer']//yt-formatted-string[@id='label' and text()='Bosanski']
2026-03-02 14:50:58.934 [TestNG-test-Yt Master Tests-2] INFO  [verifyingSideMenuCollapsedLangAsInSettings] Clicking settings ellipses button...
2026-03-02 14:50:58.935 [TestNG-test-Yt Master Tests-2] INFO  [verifyingSideMenuCollapsedLangAsInSettings] [verifyingSideMenuCollapsedLangAsInSettings] Trying to find element: By.xpath: //ytd-topbar-menu-button-renderer[@class='style-scope ytd-masthead style-default']
2026-03-02 14:50:59.026 [TestNG-test-Yt Master Tests-2] INFO  [verifyingSideMenuCollapsedLangAsInSettings] [verifyingSideMenuCollapsedLangAsInSettings] Element found and ready (attempt 1): By.xpath: //ytd-topbar-menu-button-renderer[@class='style-scope ytd-masthead style-default']
2026-03-02 14:50:59.310 [TestNG-test-Yt Master Tests-2] INFO  [verifyingSideMenuCollapsedLangAsInSettings] [verifyingSideMenuCollapsedLangAsInSettings] Waiting until element is visible in viewport
2026-03-02 14:50:59.395 [TestNG-test-Yt Master Tests-2] INFO  [verifyingSideMenuCollapsedLangAsInSettings] [verifyingSideMenuCollapsedLangAsInSettings] Capturing screenshot: Filter Applied is Bosanski__2026-03-02_145059.jpg
2026-03-02 14:50:59.658 [TestNG-test-Yt Master Tests-2] INFO  [verifyingSideMenuCollapsedLangAsInSettings] [verifyingSideMenuCollapsedLangAsInSettings] Screenshot saved at: test-output/screenshots/Run_2026-03-02_14-47-24/verifyingSideMenuCollapsedLangAsInSettings/Filter Applied is Bosanski__2026-03-02_145059.jpg
2026-03-02 14:50:59.659 [TestNG-test-Yt Master Tests-2] INFO  [verifyingSideMenuCollapsedLangAsInSettings] Clicking settings ellipses button...
2026-03-02 14:50:59.659 [TestNG-test-Yt Master Tests-2] INFO  [verifyingSideMenuCollapsedLangAsInSettings] [verifyingSideMenuCollapsedLangAsInSettings] Trying to find element: By.xpath: //ytd-topbar-menu-button-renderer[@class='style-scope ytd-masthead style-default']
2026-03-02 14:50:59.795 [TestNG-test-Yt Master Tests-2] INFO  [verifyingSideMenuCollapsedLangAsInSettings] [verifyingSideMenuCollapsedLangAsInSettings] Element found and ready (attempt 1): By.xpath: //ytd-topbar-menu-button-renderer[@class='style-scope ytd-masthead style-default']
2026-03-02 14:50:59.871 [TestNG-test-Yt Master Tests-2] INFO  [verifyingSideMenuCollapsedLangAsInSettings] getLangAttribute() - locating <html> and reading lang property
2026-03-02 14:50:59.887 [TestNG-test-Yt Master Tests-2] INFO  [verifyingSideMenuCollapsedLangAsInSettings] Language attribute read: bs-Latn-BA
2026-03-02 14:50:59.887 [TestNG-test-Yt Master Tests-2] INFO  [verifyingSideMenuCollapsedLangAsInSettings] Fetching the side menu in collapsed view
2026-03-02 14:50:59.887 [TestNG-test-Yt Master Tests-2] INFO  [verifyingSideMenuCollapsedLangAsInSettings] [verifyingSideMenuCollapsedLangAsInSettings] Finding elements list: By.xpath: //ytd-mini-guide-renderer[@class='style-scope ytd-app']//ytd-mini-guide-entry-renderer
2026-03-02 14:51:00.047 [TestNG-test-Yt Master Tests-2] INFO  [verifyingSideMenuCollapsedLangAsInSettings] [verifyingSideMenuCollapsedLangAsInSettings] Found 4 ready elements (attempt 1): By.xpath: //ytd-mini-guide-renderer[@class='style-scope ytd-app']//ytd-mini-guide-entry-renderer
2026-03-02 14:51:00.270 [TestNG-test-Yt Master Tests-2] INFO  [verifyingSideMenuCollapsedLangAsInSettings] Clicking settings ellipses button...
2026-03-02 14:51:00.270 [TestNG-test-Yt Master Tests-2] INFO  [verifyingSideMenuCollapsedLangAsInSettings] [verifyingSideMenuCollapsedLangAsInSettings] Trying to find element: By.xpath: //ytd-topbar-menu-button-renderer[@class='style-scope ytd-masthead style-default']
2026-03-02 14:51:00.342 [TestNG-test-Yt Master Tests-2] INFO  [verifyingSideMenuCollapsedLangAsInSettings] [verifyingSideMenuCollapsedLangAsInSettings] Element found and ready (attempt 1): By.xpath: //ytd-topbar-menu-button-renderer[@class='style-scope ytd-masthead style-default']
2026-03-02 14:51:00.419 [TestNG-test-Yt Master Tests-2] INFO  [verifyingSideMenuCollapsedLangAsInSettings] Clicking language dropdown...
2026-03-02 14:51:00.419 [TestNG-test-Yt Master Tests-2] INFO  [verifyingSideMenuCollapsedLangAsInSettings] [verifyingSideMenuCollapsedLangAsInSettings] Trying to find element: By.xpath: (//div[@id='content-icon'])[2]
2026-03-02 14:51:00.987 [TestNG-test-Yt Master Tests-2] INFO  [verifyingSideMenuCollapsedLangAsInSettings] [verifyingSideMenuCollapsedLangAsInSettings] Element found and ready (attempt 1): By.xpath: (//div[@id='content-icon'])[2]
2026-03-02 14:51:01.435 [TestNG-test-Yt Master Tests-2] INFO  [verifyingSideMenuCollapsedLangAsInSettings] Looking for language element with name: Català
2026-03-02 14:51:01.436 [TestNG-test-Yt Master Tests-2] INFO  [verifyingSideMenuCollapsedLangAsInSettings] [verifyingSideMenuCollapsedLangAsInSettings] Trying to find element: By.xpath: //yt-multi-page-menu-section-renderer[@class='style-scope ytd-multi-page-menu-renderer']//yt-formatted-string[@id='label' and text()='Català']
2026-03-02 14:51:01.563 [TestNG-test-Yt Master Tests-2] INFO  [verifyingSideMenuCollapsedLangAsInSettings] [verifyingSideMenuCollapsedLangAsInSettings] Element found and ready (attempt 1): By.xpath: //yt-multi-page-menu-section-renderer[@class='style-scope ytd-multi-page-menu-renderer']//yt-formatted-string[@id='label' and text()='Català']
2026-03-02 14:51:01.563 [TestNG-test-Yt Master Tests-2] INFO  [verifyingSideMenuCollapsedLangAsInSettings] [verifyingSideMenuCollapsedLangAsInSettings] Trying to find element: By.xpath: //yt-multi-page-menu-section-renderer[@class='style-scope ytd-multi-page-menu-renderer']//yt-formatted-string[@id='label' and text()='Català']
2026-03-02 14:51:01.688 [TestNG-test-Yt Master Tests-2] INFO  [verifyingSideMenuCollapsedLangAsInSettings] [verifyingSideMenuCollapsedLangAsInSettings] Element found and ready (attempt 1): By.xpath: //yt-multi-page-menu-section-renderer[@class='style-scope ytd-multi-page-menu-renderer']//yt-formatted-string[@id='label' and text()='Català']
2026-03-02 14:51:03.811 [TestNG-test-Yt Master Tests-2] INFO  [verifyingSideMenuCollapsedLangAsInSettings] Clicking settings ellipses button...
2026-03-02 14:51:03.811 [TestNG-test-Yt Master Tests-2] INFO  [verifyingSideMenuCollapsedLangAsInSettings] [verifyingSideMenuCollapsedLangAsInSettings] Trying to find element: By.xpath: //ytd-topbar-menu-button-renderer[@class='style-scope ytd-masthead style-default']
2026-03-02 14:51:04.025 [TestNG-test-Yt Master Tests-2] INFO  [verifyingSideMenuCollapsedLangAsInSettings] [verifyingSideMenuCollapsedLangAsInSettings] Element found and ready (attempt 1): By.xpath: //ytd-topbar-menu-button-renderer[@class='style-scope ytd-masthead style-default']
2026-03-02 14:51:04.671 [TestNG-test-Yt Master Tests-2] INFO  [verifyingSideMenuCollapsedLangAsInSettings] [verifyingSideMenuCollapsedLangAsInSettings] Waiting until element is visible in viewport
2026-03-02 14:51:04.719 [TestNG-test-Yt Master Tests-2] INFO  [verifyingSideMenuCollapsedLangAsInSettings] [verifyingSideMenuCollapsedLangAsInSettings] Capturing screenshot: Filter Applied is Català__2026-03-02_145104.jpg
2026-03-02 14:51:05.352 [TestNG-test-Yt Master Tests-2] INFO  [verifyingSideMenuCollapsedLangAsInSettings] [verifyingSideMenuCollapsedLangAsInSettings] Screenshot saved at: test-output/screenshots/Run_2026-03-02_14-47-24/verifyingSideMenuCollapsedLangAsInSettings/Filter Applied is Català__2026-03-02_145104.jpg
2026-03-02 14:51:05.352 [TestNG-test-Yt Master Tests-2] INFO  [verifyingSideMenuCollapsedLangAsInSettings] Clicking settings ellipses button...
2026-03-02 14:51:05.352 [TestNG-test-Yt Master Tests-2] INFO  [verifyingSideMenuCollapsedLangAsInSettings] [verifyingSideMenuCollapsedLangAsInSettings] Trying to find element: By.xpath: //ytd-topbar-menu-button-renderer[@class='style-scope ytd-masthead style-default']
2026-03-02 14:51:05.413 [TestNG-test-Yt Master Tests-2] INFO  [verifyingSideMenuCollapsedLangAsInSettings] [verifyingSideMenuCollapsedLangAsInSettings] Element found and ready (attempt 1): By.xpath: //ytd-topbar-menu-button-renderer[@class='style-scope ytd-masthead style-default']
2026-03-02 14:51:05.468 [TestNG-test-Yt Master Tests-2] INFO  [verifyingSideMenuCollapsedLangAsInSettings] getLangAttribute() - locating <html> and reading lang property
2026-03-02 14:51:05.484 [TestNG-test-Yt Master Tests-2] INFO  [verifyingSideMenuCollapsedLangAsInSettings] Language attribute read: ca-ES
2026-03-02 14:51:05.485 [TestNG-test-Yt Master Tests-2] INFO  [verifyingSideMenuCollapsedLangAsInSettings] Fetching the side menu in collapsed view
2026-03-02 14:51:05.485 [TestNG-test-Yt Master Tests-2] INFO  [verifyingSideMenuCollapsedLangAsInSettings] [verifyingSideMenuCollapsedLangAsInSettings] Finding elements list: By.xpath: //ytd-mini-guide-renderer[@class='style-scope ytd-app']//ytd-mini-guide-entry-renderer
2026-03-02 14:51:05.571 [TestNG-test-Yt Master Tests-2] INFO  [verifyingSideMenuCollapsedLangAsInSettings] [verifyingSideMenuCollapsedLangAsInSettings] Found 4 ready elements (attempt 1): By.xpath: //ytd-mini-guide-renderer[@class='style-scope ytd-app']//ytd-mini-guide-entry-renderer
2026-03-02 14:51:05.707 [TestNG-test-Yt Master Tests-2] INFO  [verifyingSideMenuCollapsedLangAsInSettings] Clicking settings ellipses button...
2026-03-02 14:51:05.707 [TestNG-test-Yt Master Tests-2] INFO  [verifyingSideMenuCollapsedLangAsInSettings] [verifyingSideMenuCollapsedLangAsInSettings] Trying to find element: By.xpath: //ytd-topbar-menu-button-renderer[@class='style-scope ytd-masthead style-default']
2026-03-02 14:51:05.768 [TestNG-test-Yt Master Tests-2] INFO  [verifyingSideMenuCollapsedLangAsInSettings] [verifyingSideMenuCollapsedLangAsInSettings] Element found and ready (attempt 1): By.xpath: //ytd-topbar-menu-button-renderer[@class='style-scope ytd-masthead style-default']
2026-03-02 14:51:05.833 [TestNG-test-Yt Master Tests-2] INFO  [verifyingSideMenuCollapsedLangAsInSettings] Clicking language dropdown...
2026-03-02 14:51:05.833 [TestNG-test-Yt Master Tests-2] INFO  [verifyingSideMenuCollapsedLangAsInSettings] [verifyingSideMenuCollapsedLangAsInSettings] Trying to find element: By.xpath: (//div[@id='content-icon'])[2]
2026-03-02 14:51:06.022 [TestNG-test-Yt Master Tests-2] INFO  [verifyingSideMenuCollapsedLangAsInSettings] [verifyingSideMenuCollapsedLangAsInSettings] Element found and ready (attempt 1): By.xpath: (//div[@id='content-icon'])[2]
2026-03-02 14:51:06.398 [TestNG-test-Yt Master Tests-2] INFO  [verifyingSideMenuCollapsedLangAsInSettings] Looking for language element with name: Dansk
2026-03-02 14:51:06.398 [TestNG-test-Yt Master Tests-2] INFO  [verifyingSideMenuCollapsedLangAsInSettings] [verifyingSideMenuCollapsedLangAsInSettings] Trying to find element: By.xpath: //yt-multi-page-menu-section-renderer[@class='style-scope ytd-multi-page-menu-renderer']//yt-formatted-string[@id='label' and text()='Dansk']
2026-03-02 14:51:06.536 [TestNG-test-Yt Master Tests-2] INFO  [verifyingSideMenuCollapsedLangAsInSettings] [verifyingSideMenuCollapsedLangAsInSettings] Element found and ready (attempt 1): By.xpath: //yt-multi-page-menu-section-renderer[@class='style-scope ytd-multi-page-menu-renderer']//yt-formatted-string[@id='label' and text()='Dansk']
2026-03-02 14:51:06.536 [TestNG-test-Yt Master Tests-2] INFO  [verifyingSideMenuCollapsedLangAsInSettings] [verifyingSideMenuCollapsedLangAsInSettings] Trying to find element: By.xpath: //yt-multi-page-menu-section-renderer[@class='style-scope ytd-multi-page-menu-renderer']//yt-formatted-string[@id='label' and text()='Dansk']
2026-03-02 14:51:06.591 [TestNG-test-Yt Master Tests-2] INFO  [verifyingSideMenuCollapsedLangAsInSettings] [verifyingSideMenuCollapsedLangAsInSettings] Element found and ready (attempt 1): By.xpath: //yt-multi-page-menu-section-renderer[@class='style-scope ytd-multi-page-menu-renderer']//yt-formatted-string[@id='label' and text()='Dansk']
2026-03-02 14:51:11.078 [TestNG-test-Yt Master Tests-2] INFO  [verifyingSideMenuCollapsedLangAsInSettings] Clicking settings ellipses button...
2026-03-02 14:51:11.078 [TestNG-test-Yt Master Tests-2] INFO  [verifyingSideMenuCollapsedLangAsInSettings] [verifyingSideMenuCollapsedLangAsInSettings] Trying to find element: By.xpath: //ytd-topbar-menu-button-renderer[@class='style-scope ytd-masthead style-default']
2026-03-02 14:51:11.141 [TestNG-test-Yt Master Tests-2] INFO  [verifyingSideMenuCollapsedLangAsInSettings] [verifyingSideMenuCollapsedLangAsInSettings] Element found and ready (attempt 1): By.xpath: //ytd-topbar-menu-button-renderer[@class='style-scope ytd-masthead style-default']
2026-03-02 14:51:11.390 [TestNG-test-Yt Master Tests-2] INFO  [verifyingSideMenuCollapsedLangAsInSettings] [verifyingSideMenuCollapsedLangAsInSettings] Waiting until element is visible in viewport
2026-03-02 14:51:11.416 [TestNG-test-Yt Master Tests-2] INFO  [verifyingSideMenuCollapsedLangAsInSettings] [verifyingSideMenuCollapsedLangAsInSettings] Capturing screenshot: Filter Applied is Dansk__2026-03-02_145111.jpg
2026-03-02 14:51:14.541 [TestNG-test-Yt Master Tests-2] INFO  [verifyingSideMenuCollapsedLangAsInSettings] [verifyingSideMenuCollapsedLangAsInSettings] Screenshot saved at: test-output/screenshots/Run_2026-03-02_14-47-24/verifyingSideMenuCollapsedLangAsInSettings/Filter Applied is Dansk__2026-03-02_145111.jpg
2026-03-02 14:51:14.541 [TestNG-test-Yt Master Tests-2] INFO  [verifyingSideMenuCollapsedLangAsInSettings] Clicking settings ellipses button...
2026-03-02 14:51:14.541 [TestNG-test-Yt Master Tests-2] INFO  [verifyingSideMenuCollapsedLangAsInSettings] [verifyingSideMenuCollapsedLangAsInSettings] Trying to find element: By.xpath: //ytd-topbar-menu-button-renderer[@class='style-scope ytd-masthead style-default']
2026-03-02 14:51:14.612 [TestNG-test-Yt Master Tests-2] INFO  [verifyingSideMenuCollapsedLangAsInSettings] [verifyingSideMenuCollapsedLangAsInSettings] Element found and ready (attempt 1): By.xpath: //ytd-topbar-menu-button-renderer[@class='style-scope ytd-masthead style-default']
2026-03-02 14:51:14.679 [TestNG-test-Yt Master Tests-2] INFO  [verifyingSideMenuCollapsedLangAsInSettings] getLangAttribute() - locating <html> and reading lang property
2026-03-02 14:51:14.710 [TestNG-test-Yt Master Tests-2] INFO  [verifyingSideMenuCollapsedLangAsInSettings] Language attribute read: da-DK
2026-03-02 14:51:14.710 [TestNG-test-Yt Master Tests-2] INFO  [verifyingSideMenuCollapsedLangAsInSettings] Fetching the side menu in collapsed view
2026-03-02 14:51:14.710 [TestNG-test-Yt Master Tests-2] INFO  [verifyingSideMenuCollapsedLangAsInSettings] [verifyingSideMenuCollapsedLangAsInSettings] Finding elements list: By.xpath: //ytd-mini-guide-renderer[@class='style-scope ytd-app']//ytd-mini-guide-entry-renderer
2026-03-02 14:51:14.921 [TestNG-test-Yt Master Tests-2] INFO  [verifyingSideMenuCollapsedLangAsInSettings] [verifyingSideMenuCollapsedLangAsInSettings] Found 4 ready elements (attempt 1): By.xpath: //ytd-mini-guide-renderer[@class='style-scope ytd-app']//ytd-mini-guide-entry-renderer
2026-03-02 14:51:15.177 [TestNG-test-Yt Master Tests-2] INFO  [verifyingSideMenuCollapsedLangAsInSettings] Clicking settings ellipses button...
2026-03-02 14:51:15.178 [TestNG-test-Yt Master Tests-2] INFO  [verifyingSideMenuCollapsedLangAsInSettings] [verifyingSideMenuCollapsedLangAsInSettings] Trying to find element: By.xpath: //ytd-topbar-menu-button-renderer[@class='style-scope ytd-masthead style-default']
2026-03-02 14:51:15.304 [TestNG-test-Yt Master Tests-2] INFO  [verifyingSideMenuCollapsedLangAsInSettings] [verifyingSideMenuCollapsedLangAsInSettings] Element found and ready (attempt 1): By.xpath: //ytd-topbar-menu-button-renderer[@class='style-scope ytd-masthead style-default']
2026-03-02 14:51:15.556 [TestNG-test-Yt Master Tests-2] INFO  [verifyingSideMenuCollapsedLangAsInSettings] Clicking language dropdown...
2026-03-02 14:51:15.557 [TestNG-test-Yt Master Tests-2] INFO  [verifyingSideMenuCollapsedLangAsInSettings] [verifyingSideMenuCollapsedLangAsInSettings] Trying to find element: By.xpath: (//div[@id='content-icon'])[2]
2026-03-02 14:51:15.832 [TestNG-test-Yt Master Tests-2] INFO  [verifyingSideMenuCollapsedLangAsInSettings] [verifyingSideMenuCollapsedLangAsInSettings] Element found and ready (attempt 1): By.xpath: (//div[@id='content-icon'])[2]
2026-03-02 14:51:16.384 [TestNG-test-Yt Master Tests-2] INFO  [verifyingSideMenuCollapsedLangAsInSettings] Looking for language element with name: Deutsch
2026-03-02 14:51:16.385 [TestNG-test-Yt Master Tests-2] INFO  [verifyingSideMenuCollapsedLangAsInSettings] [verifyingSideMenuCollapsedLangAsInSettings] Trying to find element: By.xpath: //yt-multi-page-menu-section-renderer[@class='style-scope ytd-multi-page-menu-renderer']//yt-formatted-string[@id='label' and text()='Deutsch']
2026-03-02 14:51:16.507 [TestNG-test-Yt Master Tests-2] INFO  [verifyingSideMenuCollapsedLangAsInSettings] [verifyingSideMenuCollapsedLangAsInSettings] Element found and ready (attempt 1): By.xpath: //yt-multi-page-menu-section-renderer[@class='style-scope ytd-multi-page-menu-renderer']//yt-formatted-string[@id='label' and text()='Deutsch']
2026-03-02 14:51:16.507 [TestNG-test-Yt Master Tests-2] INFO  [verifyingSideMenuCollapsedLangAsInSettings] [verifyingSideMenuCollapsedLangAsInSettings] Trying to find element: By.xpath: //yt-multi-page-menu-section-renderer[@class='style-scope ytd-multi-page-menu-renderer']//yt-formatted-string[@id='label' and text()='Deutsch']
2026-03-02 14:51:16.574 [TestNG-test-Yt Master Tests-2] INFO  [verifyingSideMenuCollapsedLangAsInSettings] [verifyingSideMenuCollapsedLangAsInSettings] Element found and ready (attempt 1): By.xpath: //yt-multi-page-menu-section-renderer[@class='style-scope ytd-multi-page-menu-renderer']//yt-formatted-string[@id='label' and text()='Deutsch']
2026-03-02 14:51:18.259 [TestNG-test-Yt Master Tests-2] INFO  [verifyingSideMenuCollapsedLangAsInSettings] Clicking settings ellipses button...
2026-03-02 14:51:18.260 [TestNG-test-Yt Master Tests-2] INFO  [verifyingSideMenuCollapsedLangAsInSettings] [verifyingSideMenuCollapsedLangAsInSettings] Trying to find element: By.xpath: //ytd-topbar-menu-button-renderer[@class='style-scope ytd-masthead style-default']
2026-03-02 14:51:19.164 [TestNG-test-Yt Master Tests-2] INFO  [verifyingSideMenuCollapsedLangAsInSettings] [verifyingSideMenuCollapsedLangAsInSettings] Element found and ready (attempt 1): By.xpath: //ytd-topbar-menu-button-renderer[@class='style-scope ytd-masthead style-default']
2026-03-02 14:51:19.579 [TestNG-test-Yt Master Tests-2] INFO  [verifyingSideMenuCollapsedLangAsInSettings] [verifyingSideMenuCollapsedLangAsInSettings] Waiting until element is visible in viewport
2026-03-02 14:51:19.659 [TestNG-test-Yt Master Tests-2] INFO  [verifyingSideMenuCollapsedLangAsInSettings] [verifyingSideMenuCollapsedLangAsInSettings] Capturing screenshot: Filter Applied is Deutsch__2026-03-02_145119.jpg
2026-03-02 14:51:20.103 [TestNG-test-Yt Master Tests-2] INFO  [verifyingSideMenuCollapsedLangAsInSettings] [verifyingSideMenuCollapsedLangAsInSettings] Screenshot saved at: test-output/screenshots/Run_2026-03-02_14-47-24/verifyingSideMenuCollapsedLangAsInSettings/Filter Applied is Deutsch__2026-03-02_145119.jpg
2026-03-02 14:51:20.103 [TestNG-test-Yt Master Tests-2] INFO  [verifyingSideMenuCollapsedLangAsInSettings] Clicking settings ellipses button...
2026-03-02 14:51:20.103 [TestNG-test-Yt Master Tests-2] INFO  [verifyingSideMenuCollapsedLangAsInSettings] [verifyingSideMenuCollapsedLangAsInSettings] Trying to find element: By.xpath: //ytd-topbar-menu-button-renderer[@class='style-scope ytd-masthead style-default']
2026-03-02 14:51:20.298 [TestNG-test-Yt Master Tests-2] INFO  [verifyingSideMenuCollapsedLangAsInSettings] [verifyingSideMenuCollapsedLangAsInSettings] Element found and ready (attempt 1): By.xpath: //ytd-topbar-menu-button-renderer[@class='style-scope ytd-masthead style-default']
2026-03-02 14:51:20.382 [TestNG-test-Yt Master Tests-2] INFO  [verifyingSideMenuCollapsedLangAsInSettings] getLangAttribute() - locating <html> and reading lang property
2026-03-02 14:51:20.416 [TestNG-test-Yt Master Tests-2] INFO  [verifyingSideMenuCollapsedLangAsInSettings] Language attribute read: de-DE
2026-03-02 14:51:20.416 [TestNG-test-Yt Master Tests-2] INFO  [verifyingSideMenuCollapsedLangAsInSettings] Fetching the side menu in collapsed view
2026-03-02 14:51:20.416 [TestNG-test-Yt Master Tests-2] INFO  [verifyingSideMenuCollapsedLangAsInSettings] [verifyingSideMenuCollapsedLangAsInSettings] Finding elements list: By.xpath: //ytd-mini-guide-renderer[@class='style-scope ytd-app']//ytd-mini-guide-entry-renderer
2026-03-02 14:51:20.587 [TestNG-test-Yt Master Tests-2] INFO  [verifyingSideMenuCollapsedLangAsInSettings] [verifyingSideMenuCollapsedLangAsInSettings] Found 4 ready elements (attempt 1): By.xpath: //ytd-mini-guide-renderer[@class='style-scope ytd-app']//ytd-mini-guide-entry-renderer
2026-03-02 14:51:21.168 [TestNG-test-Yt Master Tests-2] INFO  [verifyingSideMenuCollapsedLangAsInSettings] Clicking settings ellipses button...
2026-03-02 14:51:21.168 [TestNG-test-Yt Master Tests-2] INFO  [verifyingSideMenuCollapsedLangAsInSettings] [verifyingSideMenuCollapsedLangAsInSettings] Trying to find element: By.xpath: //ytd-topbar-menu-button-renderer[@class='style-scope ytd-masthead style-default']
2026-03-02 14:51:21.364 [TestNG-test-Yt Master Tests-2] INFO  [verifyingSideMenuCollapsedLangAsInSettings] [verifyingSideMenuCollapsedLangAsInSettings] Element found and ready (attempt 1): By.xpath: //ytd-topbar-menu-button-renderer[@class='style-scope ytd-masthead style-default']
2026-03-02 14:51:21.649 [TestNG-test-Yt Master Tests-2] INFO  [verifyingSideMenuCollapsedLangAsInSettings] Clicking language dropdown...
2026-03-02 14:51:21.649 [TestNG-test-Yt Master Tests-2] INFO  [verifyingSideMenuCollapsedLangAsInSettings] [verifyingSideMenuCollapsedLangAsInSettings] Trying to find element: By.xpath: (//div[@id='content-icon'])[2]
2026-03-02 14:51:21.960 [TestNG-test-Yt Master Tests-2] INFO  [verifyingSideMenuCollapsedLangAsInSettings] [verifyingSideMenuCollapsedLangAsInSettings] Element found and ready (attempt 1): By.xpath: (//div[@id='content-icon'])[2]
2026-03-02 14:51:22.677 [TestNG-test-Yt Master Tests-2] INFO  [verifyingSideMenuCollapsedLangAsInSettings] Looking for language element with name: Eesti
2026-03-02 14:51:22.677 [TestNG-test-Yt Master Tests-2] INFO  [verifyingSideMenuCollapsedLangAsInSettings] [verifyingSideMenuCollapsedLangAsInSettings] Trying to find element: By.xpath: //yt-multi-page-menu-section-renderer[@class='style-scope ytd-multi-page-menu-renderer']//yt-formatted-string[@id='label' and text()='Eesti']
2026-03-02 14:51:22.757 [TestNG-test-Yt Master Tests-2] INFO  [verifyingSideMenuCollapsedLangAsInSettings] [verifyingSideMenuCollapsedLangAsInSettings] Element found and ready (attempt 1): By.xpath: //yt-multi-page-menu-section-renderer[@class='style-scope ytd-multi-page-menu-renderer']//yt-formatted-string[@id='label' and text()='Eesti']
2026-03-02 14:51:22.757 [TestNG-test-Yt Master Tests-2] INFO  [verifyingSideMenuCollapsedLangAsInSettings] [verifyingSideMenuCollapsedLangAsInSettings] Trying to find element: By.xpath: //yt-multi-page-menu-section-renderer[@class='style-scope ytd-multi-page-menu-renderer']//yt-formatted-string[@id='label' and text()='Eesti']
2026-03-02 14:51:22.825 [TestNG-test-Yt Master Tests-2] INFO  [verifyingSideMenuCollapsedLangAsInSettings] [verifyingSideMenuCollapsedLangAsInSettings] Element found and ready (attempt 1): By.xpath: //yt-multi-page-menu-section-renderer[@class='style-scope ytd-multi-page-menu-renderer']//yt-formatted-string[@id='label' and text()='Eesti']
2026-03-02 14:51:24.746 [TestNG-test-Yt Master Tests-2] INFO  [verifyingSideMenuCollapsedLangAsInSettings] Clicking settings ellipses button...
2026-03-02 14:51:24.746 [TestNG-test-Yt Master Tests-2] INFO  [verifyingSideMenuCollapsedLangAsInSettings] [verifyingSideMenuCollapsedLangAsInSettings] Trying to find element: By.xpath: //ytd-topbar-menu-button-renderer[@class='style-scope ytd-masthead style-default']
2026-03-02 14:51:25.038 [TestNG-test-Yt Master Tests-2] INFO  [verifyingSideMenuCollapsedLangAsInSettings] [verifyingSideMenuCollapsedLangAsInSettings] Element found and ready (attempt 1): By.xpath: //ytd-topbar-menu-button-renderer[@class='style-scope ytd-masthead style-default']
2026-03-02 14:51:25.303 [TestNG-test-Yt Master Tests-2] INFO  [verifyingSideMenuCollapsedLangAsInSettings] [verifyingSideMenuCollapsedLangAsInSettings] Waiting until element is visible in viewport
2026-03-02 14:51:25.455 [TestNG-test-Yt Master Tests-2] INFO  [verifyingSideMenuCollapsedLangAsInSettings] [verifyingSideMenuCollapsedLangAsInSettings] Capturing screenshot: Filter Applied is Eesti__2026-03-02_145125.jpg
2026-03-02 14:51:25.703 [TestNG-test-Yt Master Tests-2] INFO  [verifyingSideMenuCollapsedLangAsInSettings] [verifyingSideMenuCollapsedLangAsInSettings] Screenshot saved at: test-output/screenshots/Run_2026-03-02_14-47-24/verifyingSideMenuCollapsedLangAsInSettings/Filter Applied is Eesti__2026-03-02_145125.jpg
2026-03-02 14:51:25.704 [TestNG-test-Yt Master Tests-2] INFO  [verifyingSideMenuCollapsedLangAsInSettings] Clicking settings ellipses button...
2026-03-02 14:51:25.704 [TestNG-test-Yt Master Tests-2] INFO  [verifyingSideMenuCollapsedLangAsInSettings] [verifyingSideMenuCollapsedLangAsInSettings] Trying to find element: By.xpath: //ytd-topbar-menu-button-renderer[@class='style-scope ytd-masthead style-default']
2026-03-02 14:51:25.767 [TestNG-test-Yt Master Tests-2] INFO  [verifyingSideMenuCollapsedLangAsInSettings] [verifyingSideMenuCollapsedLangAsInSettings] Element found and ready (attempt 1): By.xpath: //ytd-topbar-menu-button-renderer[@class='style-scope ytd-masthead style-default']
2026-03-02 14:51:25.829 [TestNG-test-Yt Master Tests-2] INFO  [verifyingSideMenuCollapsedLangAsInSettings] getLangAttribute() - locating <html> and reading lang property
2026-03-02 14:51:25.847 [TestNG-test-Yt Master Tests-2] INFO  [verifyingSideMenuCollapsedLangAsInSettings] Language attribute read: et-EE
2026-03-02 14:51:25.847 [TestNG-test-Yt Master Tests-2] INFO  [verifyingSideMenuCollapsedLangAsInSettings] Fetching the side menu in collapsed view
2026-03-02 14:51:25.847 [TestNG-test-Yt Master Tests-2] INFO  [verifyingSideMenuCollapsedLangAsInSettings] [verifyingSideMenuCollapsedLangAsInSettings] Finding elements list: By.xpath: //ytd-mini-guide-renderer[@class='style-scope ytd-app']//ytd-mini-guide-entry-renderer
2026-03-02 14:51:25.937 [TestNG-test-Yt Master Tests-2] INFO  [verifyingSideMenuCollapsedLangAsInSettings] [verifyingSideMenuCollapsedLangAsInSettings] Found 4 ready elements (attempt 1): By.xpath: //ytd-mini-guide-renderer[@class='style-scope ytd-app']//ytd-mini-guide-entry-renderer
2026-03-02 14:51:26.036 [TestNG-test-Yt Master Tests-2] INFO  [verifyingSideMenuCollapsedLangAsInSettings] Clicking settings ellipses button...
2026-03-02 14:51:26.036 [TestNG-test-Yt Master Tests-2] INFO  [verifyingSideMenuCollapsedLangAsInSettings] [verifyingSideMenuCollapsedLangAsInSettings] Trying to find element: By.xpath: //ytd-topbar-menu-button-renderer[@class='style-scope ytd-masthead style-default']
2026-03-02 14:51:26.107 [TestNG-test-Yt Master Tests-2] INFO  [verifyingSideMenuCollapsedLangAsInSettings] [verifyingSideMenuCollapsedLangAsInSettings] Element found and ready (attempt 1): By.xpath: //ytd-topbar-menu-button-renderer[@class='style-scope ytd-masthead style-default']
2026-03-02 14:51:26.208 [TestNG-test-Yt Master Tests-2] INFO  [verifyingSideMenuCollapsedLangAsInSettings] Clicking language dropdown...
2026-03-02 14:51:26.208 [TestNG-test-Yt Master Tests-2] INFO  [verifyingSideMenuCollapsedLangAsInSettings] [verifyingSideMenuCollapsedLangAsInSettings] Trying to find element: By.xpath: (//div[@id='content-icon'])[2]
2026-03-02 14:51:26.733 [TestNG-test-Yt Master Tests-2] INFO  [verifyingSideMenuCollapsedLangAsInSettings] [verifyingSideMenuCollapsedLangAsInSettings] Element found and ready (attempt 1): By.xpath: (//div[@id='content-icon'])[2]
2026-03-02 14:51:27.449 [TestNG-test-Yt Master Tests-2] INFO  [verifyingSideMenuCollapsedLangAsInSettings] Looking for language element with name: English (India)
2026-03-02 14:51:27.451 [TestNG-test-Yt Master Tests-2] INFO  [verifyingSideMenuCollapsedLangAsInSettings] [verifyingSideMenuCollapsedLangAsInSettings] Trying to find element: By.xpath: //yt-multi-page-menu-section-renderer[@class='style-scope ytd-multi-page-menu-renderer']//yt-formatted-string[@id='label' and text()='English (India)']
2026-03-02 14:51:27.603 [TestNG-test-Yt Master Tests-2] INFO  [verifyingSideMenuCollapsedLangAsInSettings] [verifyingSideMenuCollapsedLangAsInSettings] Element found and ready (attempt 1): By.xpath: //yt-multi-page-menu-section-renderer[@class='style-scope ytd-multi-page-menu-renderer']//yt-formatted-string[@id='label' and text()='English (India)']
2026-03-02 14:51:27.603 [TestNG-test-Yt Master Tests-2] INFO  [verifyingSideMenuCollapsedLangAsInSettings] [verifyingSideMenuCollapsedLangAsInSettings] Trying to find element: By.xpath: //yt-multi-page-menu-section-renderer[@class='style-scope ytd-multi-page-menu-renderer']//yt-formatted-string[@id='label' and text()='English (India)']
2026-03-02 14:51:27.718 [TestNG-test-Yt Master Tests-2] INFO  [verifyingSideMenuCollapsedLangAsInSettings] [verifyingSideMenuCollapsedLangAsInSettings] Element found and ready (attempt 1): By.xpath: //yt-multi-page-menu-section-renderer[@class='style-scope ytd-multi-page-menu-renderer']//yt-formatted-string[@id='label' and text()='English (India)']
2026-03-02 14:51:30.431 [TestNG-test-Yt Master Tests-2] INFO  [verifyingSideMenuCollapsedLangAsInSettings] Clicking settings ellipses button...
2026-03-02 14:51:30.431 [TestNG-test-Yt Master Tests-2] INFO  [verifyingSideMenuCollapsedLangAsInSettings] [verifyingSideMenuCollapsedLangAsInSettings] Trying to find element: By.xpath: //ytd-topbar-menu-button-renderer[@class='style-scope ytd-masthead style-default']
2026-03-02 14:51:30.616 [TestNG-test-Yt Master Tests-2] INFO  [verifyingSideMenuCollapsedLangAsInSettings] [verifyingSideMenuCollapsedLangAsInSettings] Element found and ready (attempt 1): By.xpath: //ytd-topbar-menu-button-renderer[@class='style-scope ytd-masthead style-default']
2026-03-02 14:51:30.908 [TestNG-test-Yt Master Tests-2] INFO  [verifyingSideMenuCollapsedLangAsInSettings] [verifyingSideMenuCollapsedLangAsInSettings] Waiting until element is visible in viewport
2026-03-02 14:51:31.069 [TestNG-test-Yt Master Tests-2] INFO  [verifyingSideMenuCollapsedLangAsInSettings] [verifyingSideMenuCollapsedLangAsInSettings] Capturing screenshot: Filter Applied is English (India)__2026-03-02_145131.jpg
2026-03-02 14:51:31.251 [TestNG-test-Yt Master Tests-2] INFO  [verifyingSideMenuCollapsedLangAsInSettings] [verifyingSideMenuCollapsedLangAsInSettings] Screenshot saved at: test-output/screenshots/Run_2026-03-02_14-47-24/verifyingSideMenuCollapsedLangAsInSettings/Filter Applied is English (India)__2026-03-02_145131.jpg
2026-03-02 14:51:31.251 [TestNG-test-Yt Master Tests-2] INFO  [verifyingSideMenuCollapsedLangAsInSettings] Clicking settings ellipses button...
2026-03-02 14:51:31.251 [TestNG-test-Yt Master Tests-2] INFO  [verifyingSideMenuCollapsedLangAsInSettings] [verifyingSideMenuCollapsedLangAsInSettings] Trying to find element: By.xpath: //ytd-topbar-menu-button-renderer[@class='style-scope ytd-masthead style-default']
2026-03-02 14:51:31.304 [TestNG-test-Yt Master Tests-2] INFO  [verifyingSideMenuCollapsedLangAsInSettings] [verifyingSideMenuCollapsedLangAsInSettings] Element found and ready (attempt 1): By.xpath: //ytd-topbar-menu-button-renderer[@class='style-scope ytd-masthead style-default']
2026-03-02 14:51:31.358 [TestNG-test-Yt Master Tests-2] INFO  [verifyingSideMenuCollapsedLangAsInSettings] getLangAttribute() - locating <html> and reading lang property
2026-03-02 14:51:31.389 [TestNG-test-Yt Master Tests-2] INFO  [verifyingSideMenuCollapsedLangAsInSettings] Language attribute read: en-IN
2026-03-02 14:51:31.389 [TestNG-test-Yt Master Tests-2] INFO  [verifyingSideMenuCollapsedLangAsInSettings] Fetching the side menu in collapsed view
2026-03-02 14:51:31.389 [TestNG-test-Yt Master Tests-2] INFO  [verifyingSideMenuCollapsedLangAsInSettings] [verifyingSideMenuCollapsedLangAsInSettings] Finding elements list: By.xpath: //ytd-mini-guide-renderer[@class='style-scope ytd-app']//ytd-mini-guide-entry-renderer
2026-03-02 14:51:31.465 [TestNG-test-Yt Master Tests-2] INFO  [verifyingSideMenuCollapsedLangAsInSettings] [verifyingSideMenuCollapsedLangAsInSettings] Found 4 ready elements (attempt 1): By.xpath: //ytd-mini-guide-renderer[@class='style-scope ytd-app']//ytd-mini-guide-entry-renderer
2026-03-02 14:51:31.727 [TestNG-test-Yt Master Tests-2] INFO  [verifyingSideMenuCollapsedLangAsInSettings] Clicking settings ellipses button...
2026-03-02 14:51:31.727 [TestNG-test-Yt Master Tests-2] INFO  [verifyingSideMenuCollapsedLangAsInSettings] [verifyingSideMenuCollapsedLangAsInSettings] Trying to find element: By.xpath: //ytd-topbar-menu-button-renderer[@class='style-scope ytd-masthead style-default']
2026-03-02 14:51:31.793 [TestNG-test-Yt Master Tests-2] INFO  [verifyingSideMenuCollapsedLangAsInSettings] [verifyingSideMenuCollapsedLangAsInSettings] Element found and ready (attempt 1): By.xpath: //ytd-topbar-menu-button-renderer[@class='style-scope ytd-masthead style-default']
2026-03-02 14:51:31.866 [TestNG-test-Yt Master Tests-2] INFO  [verifyingSideMenuCollapsedLangAsInSettings] Clicking language dropdown...
2026-03-02 14:51:31.866 [TestNG-test-Yt Master Tests-2] INFO  [verifyingSideMenuCollapsedLangAsInSettings] [verifyingSideMenuCollapsedLangAsInSettings] Trying to find element: By.xpath: (//div[@id='content-icon'])[2]
2026-03-02 14:51:32.441 [TestNG-test-Yt Master Tests-2] INFO  [verifyingSideMenuCollapsedLangAsInSettings] [verifyingSideMenuCollapsedLangAsInSettings] Element found and ready (attempt 1): By.xpath: (//div[@id='content-icon'])[2]
2026-03-02 14:51:33.049 [TestNG-test-Yt Master Tests-2] INFO  [verifyingSideMenuCollapsedLangAsInSettings] Test PASSED: verifyingSideMenuCollapsedLangAsInSettings
2026-03-02 14:51:33.049 [TestNG-test-Yt Master Tests-2] INFO  [verifyingSideMenuCollapsedLangAsInSettings] Closing WebDriver for thread: 35
2026-03-02 14:51:33.723 [TestNG-test-Yt Master Tests-2] INFO  [verifyingSideMenuCollapsedLangAsInSettings] WebDriver instance removed from ThreadLocal for thread: 35
2026-03-02 14:51:33.724 [TestNG-test-Yt Master Tests-2] INFO  [verifyingSideMenuCollapsedLangAsInSettings] Driver closed for test: verifyingSideMenuCollapsedLangAsInSettings
