17:24:46 [TestNG-test-Yt Master Tests-2] INFO  verifyingSideMenuLanguageAsInSettingsLingua_17-24-46 - No existing WebDriver found for current thread. Initializing a new ChromeDriver...
17:24:46 [TestNG-test-Yt Master Tests-2] INFO  verifyingSideMenuLanguageAsInSettingsLingua_17-24-46 - WebDriverManager: chromedriver setup OK
17:24:52 [TestNG-test-Yt Master Tests-2] INFO  verifyingSideMenuLanguageAsInSettingsLingua_17-24-46 - ChromeDriver initialized successfully for thread: 35
17:24:52 [TestNG-test-Yt Master Tests-2] INFO  verifyingSideMenuLanguageAsInSettingsLingua_17-24-46 - SafeActions initialized with driver ChromeDriver: chrome on windows (0d0be5af4e1bc67e3a0538f6c7415f4d)
17:24:52 [TestNG-test-Yt Master Tests-2] INFO  verifyingSideMenuLanguageAsInSettingsLingua_17-24-46 - Initialized YtLandingPage with driver: ChromeDriver: chrome on windows (0d0be5af4e1bc67e3a0538f6c7415f4d)
17:24:52 [TestNG-test-Yt Master Tests-2] INFO  verifyingSideMenuLanguageAsInSettingsLingua_17-24-46 - SafeActions initialized with driver ChromeDriver: chrome on windows (0d0be5af4e1bc67e3a0538f6c7415f4d)
17:25:02 [TestNG-test-Yt Master Tests-2] INFO  verifyingSideMenuLanguageAsInSettingsLingua_17-24-46 - Opened YouTube landing page.
17:25:02 [TestNG-test-Yt Master Tests-2] INFO  verifyingSideMenuLanguageAsInSettingsLingua_17-24-46 - Clicking settings ellipses button...
17:25:02 [TestNG-test-Yt Master Tests-2] INFO  verifyingSideMenuLanguageAsInSettingsLingua_17-24-46 - [verifyingSideMenuLanguageAsInSettingsLingua_17-24-46] Trying to find element: By.xpath: //ytd-topbar-menu-button-renderer[@class='style-scope ytd-masthead style-default']
17:25:02 [TestNG-test-Yt Master Tests-2] INFO  verifyingSideMenuLanguageAsInSettingsLingua_17-24-46 - [verifyingSideMenuLanguageAsInSettingsLingua_17-24-46] Element found and ready (attempt 1): By.xpath: //ytd-topbar-menu-button-renderer[@class='style-scope ytd-masthead style-default']
17:25:02 [TestNG-test-Yt Master Tests-2] INFO  verifyingSideMenuLanguageAsInSettingsLingua_17-24-46 - Clicking language dropdown...
17:25:02 [TestNG-test-Yt Master Tests-2] INFO  verifyingSideMenuLanguageAsInSettingsLingua_17-24-46 - [verifyingSideMenuLanguageAsInSettingsLingua_17-24-46] Trying to find element: By.xpath: (//div[@id='content-icon'])[2]
17:25:03 [TestNG-test-Yt Master Tests-2] INFO  verifyingSideMenuLanguageAsInSettingsLingua_17-24-46 - [verifyingSideMenuLanguageAsInSettingsLingua_17-24-46] Element found and ready (attempt 1): By.xpath: (//div[@id='content-icon'])[2]
17:25:03 [TestNG-test-Yt Master Tests-2] INFO  verifyingSideMenuLanguageAsInSettingsLingua_17-24-46 - [verifyingSideMenuLanguageAsInSettingsLingua_17-24-46] Execution is Not CRON Job Hence referring to normal keys from UtilData
17:25:03 [TestNG-test-Yt Master Tests-2] INFO  verifyingSideMenuLanguageAsInSettingsLingua_17-24-46 - [verifyingSideMenuLanguageAsInSettingsLingua_17-24-46] Row count is == 10
17:25:03 [TestNG-test-Yt Master Tests-2] INFO  verifyingSideMenuLanguageAsInSettingsLingua_17-24-46 - Looking for language element with name: Afrikaans
17:25:03 [TestNG-test-Yt Master Tests-2] INFO  verifyingSideMenuLanguageAsInSettingsLingua_17-24-46 - [verifyingSideMenuLanguageAsInSettingsLingua_17-24-46] Trying to find element: By.xpath: //yt-multi-page-menu-section-renderer[@class='style-scope ytd-multi-page-menu-renderer']//yt-formatted-string[@id='label' and text()='Afrikaans']
17:25:03 [TestNG-test-Yt Master Tests-2] INFO  verifyingSideMenuLanguageAsInSettingsLingua_17-24-46 - [verifyingSideMenuLanguageAsInSettingsLingua_17-24-46] Element found and ready (attempt 1): By.xpath: //yt-multi-page-menu-section-renderer[@class='style-scope ytd-multi-page-menu-renderer']//yt-formatted-string[@id='label' and text()='Afrikaans']
17:25:03 [TestNG-test-Yt Master Tests-2] INFO  verifyingSideMenuLanguageAsInSettingsLingua_17-24-46 - [verifyingSideMenuLanguageAsInSettingsLingua_17-24-46] Trying to find element: By.xpath: //yt-multi-page-menu-section-renderer[@class='style-scope ytd-multi-page-menu-renderer']//yt-formatted-string[@id='label' and text()='Afrikaans']
17:25:03 [TestNG-test-Yt Master Tests-2] INFO  verifyingSideMenuLanguageAsInSettingsLingua_17-24-46 - [verifyingSideMenuLanguageAsInSettingsLingua_17-24-46] Element found and ready (attempt 1): By.xpath: //yt-multi-page-menu-section-renderer[@class='style-scope ytd-multi-page-menu-renderer']//yt-formatted-string[@id='label' and text()='Afrikaans']
17:25:05 [TestNG-test-Yt Master Tests-2] INFO  verifyingSideMenuLanguageAsInSettingsLingua_17-24-46 - Clicking settings ellipses button...
17:25:05 [TestNG-test-Yt Master Tests-2] INFO  verifyingSideMenuLanguageAsInSettingsLingua_17-24-46 - [verifyingSideMenuLanguageAsInSettingsLingua_17-24-46] Trying to find element: By.xpath: //ytd-topbar-menu-button-renderer[@class='style-scope ytd-masthead style-default']
17:25:06 [TestNG-test-Yt Master Tests-2] INFO  verifyingSideMenuLanguageAsInSettingsLingua_17-24-46 - [verifyingSideMenuLanguageAsInSettingsLingua_17-24-46] Element found and ready (attempt 1): By.xpath: //ytd-topbar-menu-button-renderer[@class='style-scope ytd-masthead style-default']
17:25:06 [TestNG-test-Yt Master Tests-2] INFO  verifyingSideMenuLanguageAsInSettingsLingua_17-24-46 - [verifyingSideMenuLanguageAsInSettingsLingua_17-24-46] Waiting until element is visible in viewport
17:25:06 [TestNG-test-Yt Master Tests-2] INFO  verifyingSideMenuLanguageAsInSettingsLingua_17-24-46 - Clicking settings ellipses button...
17:25:06 [TestNG-test-Yt Master Tests-2] INFO  verifyingSideMenuLanguageAsInSettingsLingua_17-24-46 - [verifyingSideMenuLanguageAsInSettingsLingua_17-24-46] Trying to find element: By.xpath: //ytd-topbar-menu-button-renderer[@class='style-scope ytd-masthead style-default']
17:25:06 [TestNG-test-Yt Master Tests-2] INFO  verifyingSideMenuLanguageAsInSettingsLingua_17-24-46 - [verifyingSideMenuLanguageAsInSettingsLingua_17-24-46] Element found and ready (attempt 1): By.xpath: //ytd-topbar-menu-button-renderer[@class='style-scope ytd-masthead style-default']
17:25:07 [TestNG-test-Yt Master Tests-2] INFO  verifyingSideMenuLanguageAsInSettingsLingua_17-24-46 - Fetching the side menu in expanded view
17:25:07 [TestNG-test-Yt Master Tests-2] INFO  verifyingSideMenuLanguageAsInSettingsLingua_17-24-46 - [verifyingSideMenuLanguageAsInSettingsLingua_17-24-46] Finding elements list: By.xpath: //ytd-guide-entry-renderer[@class='style-scope ytd-guide-section-renderer']
17:25:07 [TestNG-test-Yt Master Tests-2] INFO  verifyingSideMenuLanguageAsInSettingsLingua_17-24-46 - [verifyingSideMenuLanguageAsInSettingsLingua_17-24-46] Found 13 ready elements (attempt 1): By.xpath: //ytd-guide-entry-renderer[@class='style-scope ytd-guide-section-renderer']
17:25:07 [TestNG-test-Yt Master Tests-2] INFO  verifyingSideMenuLanguageAsInSettingsLingua_17-24-46 - 
========== LANGUAGE DETECTION ==========
Detected Language : DUTCH
Input Text        : Tuis Kortvideo's Intekeninge Myne Geskiedenis Musiek Flieks en TV Ophef YouTube Premium YouTube TV YouTube Music YouTube Kids Aangeegeskiedenis
========================================
17:25:07 [TestNG-test-Yt Master Tests-2] INFO  verifyingSideMenuLanguageAsInSettingsLingua_17-24-46 - getLangAttribute() - locating <html> and reading lang property
17:25:07 [TestNG-test-Yt Master Tests-2] INFO  verifyingSideMenuLanguageAsInSettingsLingua_17-24-46 - Language attribute read: af-ZA
17:25:07 [TestNG-test-Yt Master Tests-2] INFO  verifyingSideMenuLanguageAsInSettingsLingua_17-24-46 - [verifyingSideMenuLanguageAsInSettingsLingua_17-24-46] ApplicableLanguage==  Afrikaans     Detected Language ==  DUTCH  Expected Language == AFRIKAANS
17:25:07 [TestNG-test-Yt Master Tests-2] INFO  verifyingSideMenuLanguageAsInSettingsLingua_17-24-46 - Clicking settings ellipses button...
17:25:07 [TestNG-test-Yt Master Tests-2] INFO  verifyingSideMenuLanguageAsInSettingsLingua_17-24-46 - [verifyingSideMenuLanguageAsInSettingsLingua_17-24-46] Trying to find element: By.xpath: //ytd-topbar-menu-button-renderer[@class='style-scope ytd-masthead style-default']
17:25:07 [TestNG-test-Yt Master Tests-2] INFO  verifyingSideMenuLanguageAsInSettingsLingua_17-24-46 - [verifyingSideMenuLanguageAsInSettingsLingua_17-24-46] Element found and ready (attempt 1): By.xpath: //ytd-topbar-menu-button-renderer[@class='style-scope ytd-masthead style-default']
17:25:07 [TestNG-test-Yt Master Tests-2] INFO  verifyingSideMenuLanguageAsInSettingsLingua_17-24-46 - Clicking language dropdown...
17:25:07 [TestNG-test-Yt Master Tests-2] INFO  verifyingSideMenuLanguageAsInSettingsLingua_17-24-46 - [verifyingSideMenuLanguageAsInSettingsLingua_17-24-46] Trying to find element: By.xpath: (//div[@id='content-icon'])[2]
17:25:08 [TestNG-test-Yt Master Tests-2] INFO  verifyingSideMenuLanguageAsInSettingsLingua_17-24-46 - [verifyingSideMenuLanguageAsInSettingsLingua_17-24-46] Element found and ready (attempt 1): By.xpath: (//div[@id='content-icon'])[2]
17:25:08 [TestNG-test-Yt Master Tests-2] INFO  verifyingSideMenuLanguageAsInSettingsLingua_17-24-46 - Looking for language element with name: Azərbaycan
17:25:08 [TestNG-test-Yt Master Tests-2] INFO  verifyingSideMenuLanguageAsInSettingsLingua_17-24-46 - [verifyingSideMenuLanguageAsInSettingsLingua_17-24-46] Trying to find element: By.xpath: //yt-multi-page-menu-section-renderer[@class='style-scope ytd-multi-page-menu-renderer']//yt-formatted-string[@id='label' and text()='Azərbaycan']
17:25:08 [TestNG-test-Yt Master Tests-2] INFO  verifyingSideMenuLanguageAsInSettingsLingua_17-24-46 - [verifyingSideMenuLanguageAsInSettingsLingua_17-24-46] Element found and ready (attempt 1): By.xpath: //yt-multi-page-menu-section-renderer[@class='style-scope ytd-multi-page-menu-renderer']//yt-formatted-string[@id='label' and text()='Azərbaycan']
17:25:08 [TestNG-test-Yt Master Tests-2] INFO  verifyingSideMenuLanguageAsInSettingsLingua_17-24-46 - [verifyingSideMenuLanguageAsInSettingsLingua_17-24-46] Trying to find element: By.xpath: //yt-multi-page-menu-section-renderer[@class='style-scope ytd-multi-page-menu-renderer']//yt-formatted-string[@id='label' and text()='Azərbaycan']
17:25:08 [TestNG-test-Yt Master Tests-2] INFO  verifyingSideMenuLanguageAsInSettingsLingua_17-24-46 - [verifyingSideMenuLanguageAsInSettingsLingua_17-24-46] Element found and ready (attempt 1): By.xpath: //yt-multi-page-menu-section-renderer[@class='style-scope ytd-multi-page-menu-renderer']//yt-formatted-string[@id='label' and text()='Azərbaycan']
17:25:10 [TestNG-test-Yt Master Tests-2] INFO  verifyingSideMenuLanguageAsInSettingsLingua_17-24-46 - Clicking settings ellipses button...
17:25:10 [TestNG-test-Yt Master Tests-2] INFO  verifyingSideMenuLanguageAsInSettingsLingua_17-24-46 - [verifyingSideMenuLanguageAsInSettingsLingua_17-24-46] Trying to find element: By.xpath: //ytd-topbar-menu-button-renderer[@class='style-scope ytd-masthead style-default']
17:25:10 [TestNG-test-Yt Master Tests-2] INFO  verifyingSideMenuLanguageAsInSettingsLingua_17-24-46 - [verifyingSideMenuLanguageAsInSettingsLingua_17-24-46] Element found and ready (attempt 1): By.xpath: //ytd-topbar-menu-button-renderer[@class='style-scope ytd-masthead style-default']
17:25:10 [TestNG-test-Yt Master Tests-2] INFO  verifyingSideMenuLanguageAsInSettingsLingua_17-24-46 - [verifyingSideMenuLanguageAsInSettingsLingua_17-24-46] Waiting until element is visible in viewport
17:25:11 [TestNG-test-Yt Master Tests-2] INFO  verifyingSideMenuLanguageAsInSettingsLingua_17-24-46 - Clicking settings ellipses button...
17:25:11 [TestNG-test-Yt Master Tests-2] INFO  verifyingSideMenuLanguageAsInSettingsLingua_17-24-46 - [verifyingSideMenuLanguageAsInSettingsLingua_17-24-46] Trying to find element: By.xpath: //ytd-topbar-menu-button-renderer[@class='style-scope ytd-masthead style-default']
17:25:11 [TestNG-test-Yt Master Tests-2] INFO  verifyingSideMenuLanguageAsInSettingsLingua_17-24-46 - [verifyingSideMenuLanguageAsInSettingsLingua_17-24-46] Element found and ready (attempt 1): By.xpath: //ytd-topbar-menu-button-renderer[@class='style-scope ytd-masthead style-default']
17:25:11 [TestNG-test-Yt Master Tests-2] INFO  verifyingSideMenuLanguageAsInSettingsLingua_17-24-46 - Fetching the side menu in expanded view
17:25:11 [TestNG-test-Yt Master Tests-2] INFO  verifyingSideMenuLanguageAsInSettingsLingua_17-24-46 - [verifyingSideMenuLanguageAsInSettingsLingua_17-24-46] Finding elements list: By.xpath: //ytd-guide-entry-renderer[@class='style-scope ytd-guide-section-renderer']
17:25:11 [TestNG-test-Yt Master Tests-2] INFO  verifyingSideMenuLanguageAsInSettingsLingua_17-24-46 - [verifyingSideMenuLanguageAsInSettingsLingua_17-24-46] Found 13 ready elements (attempt 1): By.xpath: //ytd-guide-entry-renderer[@class='style-scope ytd-guide-section-renderer']
17:25:12 [TestNG-test-Yt Master Tests-2] INFO  verifyingSideMenuLanguageAsInSettingsLingua_17-24-46 - 
========== LANGUAGE DETECTION ==========
Detected Language : AZERBAIJANI
Input Text        : Ev Shorts Abunəliklər Siz Tarixçə Musiqi Film və TV Hayp YouTube Premium YouTube TV YouTube Music YouTube Kids Xəbər tarixçəsi
========================================
17:25:12 [TestNG-test-Yt Master Tests-2] INFO  verifyingSideMenuLanguageAsInSettingsLingua_17-24-46 - getLangAttribute() - locating <html> and reading lang property
17:25:12 [TestNG-test-Yt Master Tests-2] INFO  verifyingSideMenuLanguageAsInSettingsLingua_17-24-46 - Language attribute read: az-Latn-AZ
17:25:12 [TestNG-test-Yt Master Tests-2] INFO  verifyingSideMenuLanguageAsInSettingsLingua_17-24-46 - [verifyingSideMenuLanguageAsInSettingsLingua_17-24-46] ApplicableLanguage==  Azərbaycan     Detected Language ==  AZERBAIJANI  Expected Language == AZERBAIJANI
17:25:12 [TestNG-test-Yt Master Tests-2] INFO  verifyingSideMenuLanguageAsInSettingsLingua_17-24-46 - Clicking settings ellipses button...
17:25:12 [TestNG-test-Yt Master Tests-2] INFO  verifyingSideMenuLanguageAsInSettingsLingua_17-24-46 - [verifyingSideMenuLanguageAsInSettingsLingua_17-24-46] Trying to find element: By.xpath: //ytd-topbar-menu-button-renderer[@class='style-scope ytd-masthead style-default']
17:25:12 [TestNG-test-Yt Master Tests-2] INFO  verifyingSideMenuLanguageAsInSettingsLingua_17-24-46 - [verifyingSideMenuLanguageAsInSettingsLingua_17-24-46] Element found and ready (attempt 1): By.xpath: //ytd-topbar-menu-button-renderer[@class='style-scope ytd-masthead style-default']
17:25:12 [TestNG-test-Yt Master Tests-2] INFO  verifyingSideMenuLanguageAsInSettingsLingua_17-24-46 - Clicking language dropdown...
17:25:12 [TestNG-test-Yt Master Tests-2] INFO  verifyingSideMenuLanguageAsInSettingsLingua_17-24-46 - [verifyingSideMenuLanguageAsInSettingsLingua_17-24-46] Trying to find element: By.xpath: (//div[@id='content-icon'])[2]
17:25:12 [TestNG-test-Yt Master Tests-2] INFO  verifyingSideMenuLanguageAsInSettingsLingua_17-24-46 - [verifyingSideMenuLanguageAsInSettingsLingua_17-24-46] Element found and ready (attempt 1): By.xpath: (//div[@id='content-icon'])[2]
17:25:13 [TestNG-test-Yt Master Tests-2] INFO  verifyingSideMenuLanguageAsInSettingsLingua_17-24-46 - Looking for language element with name: Bahasa Indonesia
17:25:13 [TestNG-test-Yt Master Tests-2] INFO  verifyingSideMenuLanguageAsInSettingsLingua_17-24-46 - [verifyingSideMenuLanguageAsInSettingsLingua_17-24-46] Trying to find element: By.xpath: //yt-multi-page-menu-section-renderer[@class='style-scope ytd-multi-page-menu-renderer']//yt-formatted-string[@id='label' and text()='Bahasa Indonesia']
17:25:13 [TestNG-test-Yt Master Tests-2] INFO  verifyingSideMenuLanguageAsInSettingsLingua_17-24-46 - [verifyingSideMenuLanguageAsInSettingsLingua_17-24-46] Element found and ready (attempt 1): By.xpath: //yt-multi-page-menu-section-renderer[@class='style-scope ytd-multi-page-menu-renderer']//yt-formatted-string[@id='label' and text()='Bahasa Indonesia']
17:25:13 [TestNG-test-Yt Master Tests-2] INFO  verifyingSideMenuLanguageAsInSettingsLingua_17-24-46 - [verifyingSideMenuLanguageAsInSettingsLingua_17-24-46] Trying to find element: By.xpath: //yt-multi-page-menu-section-renderer[@class='style-scope ytd-multi-page-menu-renderer']//yt-formatted-string[@id='label' and text()='Bahasa Indonesia']
17:25:13 [TestNG-test-Yt Master Tests-2] INFO  verifyingSideMenuLanguageAsInSettingsLingua_17-24-46 - [verifyingSideMenuLanguageAsInSettingsLingua_17-24-46] Element found and ready (attempt 1): By.xpath: //yt-multi-page-menu-section-renderer[@class='style-scope ytd-multi-page-menu-renderer']//yt-formatted-string[@id='label' and text()='Bahasa Indonesia']
17:25:14 [TestNG-test-Yt Master Tests-2] INFO  verifyingSideMenuLanguageAsInSettingsLingua_17-24-46 - Clicking settings ellipses button...
17:25:14 [TestNG-test-Yt Master Tests-2] INFO  verifyingSideMenuLanguageAsInSettingsLingua_17-24-46 - [verifyingSideMenuLanguageAsInSettingsLingua_17-24-46] Trying to find element: By.xpath: //ytd-topbar-menu-button-renderer[@class='style-scope ytd-masthead style-default']
17:25:14 [TestNG-test-Yt Master Tests-2] INFO  verifyingSideMenuLanguageAsInSettingsLingua_17-24-46 - [verifyingSideMenuLanguageAsInSettingsLingua_17-24-46] Element found and ready (attempt 1): By.xpath: //ytd-topbar-menu-button-renderer[@class='style-scope ytd-masthead style-default']
17:25:14 [TestNG-test-Yt Master Tests-2] INFO  verifyingSideMenuLanguageAsInSettingsLingua_17-24-46 - [verifyingSideMenuLanguageAsInSettingsLingua_17-24-46] Waiting until element is visible in viewport
17:25:15 [TestNG-test-Yt Master Tests-2] INFO  verifyingSideMenuLanguageAsInSettingsLingua_17-24-46 - Clicking settings ellipses button...
17:25:15 [TestNG-test-Yt Master Tests-2] INFO  verifyingSideMenuLanguageAsInSettingsLingua_17-24-46 - [verifyingSideMenuLanguageAsInSettingsLingua_17-24-46] Trying to find element: By.xpath: //ytd-topbar-menu-button-renderer[@class='style-scope ytd-masthead style-default']
17:25:15 [TestNG-test-Yt Master Tests-2] INFO  verifyingSideMenuLanguageAsInSettingsLingua_17-24-46 - [verifyingSideMenuLanguageAsInSettingsLingua_17-24-46] Element found and ready (attempt 1): By.xpath: //ytd-topbar-menu-button-renderer[@class='style-scope ytd-masthead style-default']
17:25:15 [TestNG-test-Yt Master Tests-2] INFO  verifyingSideMenuLanguageAsInSettingsLingua_17-24-46 - Fetching the side menu in expanded view
17:25:15 [TestNG-test-Yt Master Tests-2] INFO  verifyingSideMenuLanguageAsInSettingsLingua_17-24-46 - [verifyingSideMenuLanguageAsInSettingsLingua_17-24-46] Finding elements list: By.xpath: //ytd-guide-entry-renderer[@class='style-scope ytd-guide-section-renderer']
17:25:15 [TestNG-test-Yt Master Tests-2] INFO  verifyingSideMenuLanguageAsInSettingsLingua_17-24-46 - [verifyingSideMenuLanguageAsInSettingsLingua_17-24-46] Found 13 ready elements (attempt 1): By.xpath: //ytd-guide-entry-renderer[@class='style-scope ytd-guide-section-renderer']
17:25:16 [TestNG-test-Yt Master Tests-2] INFO  verifyingSideMenuLanguageAsInSettingsLingua_17-24-46 - 
========== LANGUAGE DETECTION ==========
Detected Language : ENGLISH
Input Text        : Beranda Shorts Subscription Anda Histori Musik Film & TV Beri hype YouTube Premium YouTube TV YouTube Music YouTube Kids Histori laporan
========================================
17:25:16 [TestNG-test-Yt Master Tests-2] INFO  verifyingSideMenuLanguageAsInSettingsLingua_17-24-46 - getLangAttribute() - locating <html> and reading lang property
17:25:16 [TestNG-test-Yt Master Tests-2] INFO  verifyingSideMenuLanguageAsInSettingsLingua_17-24-46 - Language attribute read: id-ID
17:25:16 [TestNG-test-Yt Master Tests-2] INFO  verifyingSideMenuLanguageAsInSettingsLingua_17-24-46 - [verifyingSideMenuLanguageAsInSettingsLingua_17-24-46] ApplicableLanguage==  Bahasa Indonesia     Detected Language ==  ENGLISH  Expected Language == INDONESIAN
17:25:16 [TestNG-test-Yt Master Tests-2] INFO  verifyingSideMenuLanguageAsInSettingsLingua_17-24-46 - Clicking settings ellipses button...
17:25:16 [TestNG-test-Yt Master Tests-2] INFO  verifyingSideMenuLanguageAsInSettingsLingua_17-24-46 - [verifyingSideMenuLanguageAsInSettingsLingua_17-24-46] Trying to find element: By.xpath: //ytd-topbar-menu-button-renderer[@class='style-scope ytd-masthead style-default']
17:25:16 [TestNG-test-Yt Master Tests-2] INFO  verifyingSideMenuLanguageAsInSettingsLingua_17-24-46 - [verifyingSideMenuLanguageAsInSettingsLingua_17-24-46] Element found and ready (attempt 1): By.xpath: //ytd-topbar-menu-button-renderer[@class='style-scope ytd-masthead style-default']
17:25:16 [TestNG-test-Yt Master Tests-2] INFO  verifyingSideMenuLanguageAsInSettingsLingua_17-24-46 - Clicking language dropdown...
17:25:16 [TestNG-test-Yt Master Tests-2] INFO  verifyingSideMenuLanguageAsInSettingsLingua_17-24-46 - [verifyingSideMenuLanguageAsInSettingsLingua_17-24-46] Trying to find element: By.xpath: (//div[@id='content-icon'])[2]
17:25:16 [TestNG-test-Yt Master Tests-2] INFO  verifyingSideMenuLanguageAsInSettingsLingua_17-24-46 - [verifyingSideMenuLanguageAsInSettingsLingua_17-24-46] Element found and ready (attempt 1): By.xpath: (//div[@id='content-icon'])[2]
17:25:17 [TestNG-test-Yt Master Tests-2] INFO  verifyingSideMenuLanguageAsInSettingsLingua_17-24-46 - Looking for language element with name: Bosanski
17:25:17 [TestNG-test-Yt Master Tests-2] INFO  verifyingSideMenuLanguageAsInSettingsLingua_17-24-46 - [verifyingSideMenuLanguageAsInSettingsLingua_17-24-46] Trying to find element: By.xpath: //yt-multi-page-menu-section-renderer[@class='style-scope ytd-multi-page-menu-renderer']//yt-formatted-string[@id='label' and text()='Bosanski']
17:25:17 [TestNG-test-Yt Master Tests-2] INFO  verifyingSideMenuLanguageAsInSettingsLingua_17-24-46 - [verifyingSideMenuLanguageAsInSettingsLingua_17-24-46] Element found and ready (attempt 1): By.xpath: //yt-multi-page-menu-section-renderer[@class='style-scope ytd-multi-page-menu-renderer']//yt-formatted-string[@id='label' and text()='Bosanski']
17:25:17 [TestNG-test-Yt Master Tests-2] INFO  verifyingSideMenuLanguageAsInSettingsLingua_17-24-46 - [verifyingSideMenuLanguageAsInSettingsLingua_17-24-46] Trying to find element: By.xpath: //yt-multi-page-menu-section-renderer[@class='style-scope ytd-multi-page-menu-renderer']//yt-formatted-string[@id='label' and text()='Bosanski']
17:25:17 [TestNG-test-Yt Master Tests-2] INFO  verifyingSideMenuLanguageAsInSettingsLingua_17-24-46 - [verifyingSideMenuLanguageAsInSettingsLingua_17-24-46] Element found and ready (attempt 1): By.xpath: //yt-multi-page-menu-section-renderer[@class='style-scope ytd-multi-page-menu-renderer']//yt-formatted-string[@id='label' and text()='Bosanski']
17:25:18 [TestNG-test-Yt Master Tests-2] INFO  verifyingSideMenuLanguageAsInSettingsLingua_17-24-46 - Clicking settings ellipses button...
17:25:18 [TestNG-test-Yt Master Tests-2] INFO  verifyingSideMenuLanguageAsInSettingsLingua_17-24-46 - [verifyingSideMenuLanguageAsInSettingsLingua_17-24-46] Trying to find element: By.xpath: //ytd-topbar-menu-button-renderer[@class='style-scope ytd-masthead style-default']
17:25:18 [TestNG-test-Yt Master Tests-2] INFO  verifyingSideMenuLanguageAsInSettingsLingua_17-24-46 - [verifyingSideMenuLanguageAsInSettingsLingua_17-24-46] Element found and ready (attempt 1): By.xpath: //ytd-topbar-menu-button-renderer[@class='style-scope ytd-masthead style-default']
17:25:18 [TestNG-test-Yt Master Tests-2] INFO  verifyingSideMenuLanguageAsInSettingsLingua_17-24-46 - [verifyingSideMenuLanguageAsInSettingsLingua_17-24-46] Waiting until element is visible in viewport
17:25:19 [TestNG-test-Yt Master Tests-2] INFO  verifyingSideMenuLanguageAsInSettingsLingua_17-24-46 - Clicking settings ellipses button...
17:25:19 [TestNG-test-Yt Master Tests-2] INFO  verifyingSideMenuLanguageAsInSettingsLingua_17-24-46 - [verifyingSideMenuLanguageAsInSettingsLingua_17-24-46] Trying to find element: By.xpath: //ytd-topbar-menu-button-renderer[@class='style-scope ytd-masthead style-default']
17:25:19 [TestNG-test-Yt Master Tests-2] INFO  verifyingSideMenuLanguageAsInSettingsLingua_17-24-46 - [verifyingSideMenuLanguageAsInSettingsLingua_17-24-46] Element found and ready (attempt 1): By.xpath: //ytd-topbar-menu-button-renderer[@class='style-scope ytd-masthead style-default']
17:25:19 [TestNG-test-Yt Master Tests-2] INFO  verifyingSideMenuLanguageAsInSettingsLingua_17-24-46 - Fetching the side menu in expanded view
17:25:19 [TestNG-test-Yt Master Tests-2] INFO  verifyingSideMenuLanguageAsInSettingsLingua_17-24-46 - [verifyingSideMenuLanguageAsInSettingsLingua_17-24-46] Finding elements list: By.xpath: //ytd-guide-entry-renderer[@class='style-scope ytd-guide-section-renderer']
17:25:19 [TestNG-test-Yt Master Tests-2] INFO  verifyingSideMenuLanguageAsInSettingsLingua_17-24-46 - [verifyingSideMenuLanguageAsInSettingsLingua_17-24-46] Found 13 ready elements (attempt 1): By.xpath: //ytd-guide-entry-renderer[@class='style-scope ytd-guide-section-renderer']
17:25:19 [TestNG-test-Yt Master Tests-2] INFO  verifyingSideMenuLanguageAsInSettingsLingua_17-24-46 - 
========== LANGUAGE DETECTION ==========
Detected Language : BOSNIAN
Input Text        : Početna stranica Shorts Pretplate Vi Hi‪storija Muzika Filmovi i TV Poticanje interesovanja YouTube Premium YouTube TV YouTube Music YouTube Kids Historija prijava
========================================
17:25:19 [TestNG-test-Yt Master Tests-2] INFO  verifyingSideMenuLanguageAsInSettingsLingua_17-24-46 - getLangAttribute() - locating <html> and reading lang property
17:25:19 [TestNG-test-Yt Master Tests-2] INFO  verifyingSideMenuLanguageAsInSettingsLingua_17-24-46 - Language attribute read: bs-Latn-BA
17:25:19 [TestNG-test-Yt Master Tests-2] INFO  verifyingSideMenuLanguageAsInSettingsLingua_17-24-46 - [verifyingSideMenuLanguageAsInSettingsLingua_17-24-46] ApplicableLanguage==  Bosanski     Detected Language ==  BOSNIAN  Expected Language == CROATIAN
17:25:19 [TestNG-test-Yt Master Tests-2] INFO  verifyingSideMenuLanguageAsInSettingsLingua_17-24-46 - Clicking settings ellipses button...
17:25:19 [TestNG-test-Yt Master Tests-2] INFO  verifyingSideMenuLanguageAsInSettingsLingua_17-24-46 - [verifyingSideMenuLanguageAsInSettingsLingua_17-24-46] Trying to find element: By.xpath: //ytd-topbar-menu-button-renderer[@class='style-scope ytd-masthead style-default']
17:25:19 [TestNG-test-Yt Master Tests-2] INFO  verifyingSideMenuLanguageAsInSettingsLingua_17-24-46 - [verifyingSideMenuLanguageAsInSettingsLingua_17-24-46] Element found and ready (attempt 1): By.xpath: //ytd-topbar-menu-button-renderer[@class='style-scope ytd-masthead style-default']
17:25:20 [TestNG-test-Yt Master Tests-2] INFO  verifyingSideMenuLanguageAsInSettingsLingua_17-24-46 - Clicking language dropdown...
17:25:20 [TestNG-test-Yt Master Tests-2] INFO  verifyingSideMenuLanguageAsInSettingsLingua_17-24-46 - [verifyingSideMenuLanguageAsInSettingsLingua_17-24-46] Trying to find element: By.xpath: (//div[@id='content-icon'])[2]
17:25:20 [TestNG-test-Yt Master Tests-2] INFO  verifyingSideMenuLanguageAsInSettingsLingua_17-24-46 - [verifyingSideMenuLanguageAsInSettingsLingua_17-24-46] Element found and ready (attempt 1): By.xpath: (//div[@id='content-icon'])[2]
17:25:21 [TestNG-test-Yt Master Tests-2] INFO  verifyingSideMenuLanguageAsInSettingsLingua_17-24-46 - Looking for language element with name: Català
17:25:21 [TestNG-test-Yt Master Tests-2] INFO  verifyingSideMenuLanguageAsInSettingsLingua_17-24-46 - [verifyingSideMenuLanguageAsInSettingsLingua_17-24-46] Trying to find element: By.xpath: //yt-multi-page-menu-section-renderer[@class='style-scope ytd-multi-page-menu-renderer']//yt-formatted-string[@id='label' and text()='Català']
17:25:21 [TestNG-test-Yt Master Tests-2] INFO  verifyingSideMenuLanguageAsInSettingsLingua_17-24-46 - [verifyingSideMenuLanguageAsInSettingsLingua_17-24-46] Element found and ready (attempt 1): By.xpath: //yt-multi-page-menu-section-renderer[@class='style-scope ytd-multi-page-menu-renderer']//yt-formatted-string[@id='label' and text()='Català']
17:25:21 [TestNG-test-Yt Master Tests-2] INFO  verifyingSideMenuLanguageAsInSettingsLingua_17-24-46 - [verifyingSideMenuLanguageAsInSettingsLingua_17-24-46] Trying to find element: By.xpath: //yt-multi-page-menu-section-renderer[@class='style-scope ytd-multi-page-menu-renderer']//yt-formatted-string[@id='label' and text()='Català']
17:25:21 [TestNG-test-Yt Master Tests-2] INFO  verifyingSideMenuLanguageAsInSettingsLingua_17-24-46 - [verifyingSideMenuLanguageAsInSettingsLingua_17-24-46] Element found and ready (attempt 1): By.xpath: //yt-multi-page-menu-section-renderer[@class='style-scope ytd-multi-page-menu-renderer']//yt-formatted-string[@id='label' and text()='Català']
17:25:22 [TestNG-test-Yt Master Tests-2] INFO  verifyingSideMenuLanguageAsInSettingsLingua_17-24-46 - Clicking settings ellipses button...
17:25:22 [TestNG-test-Yt Master Tests-2] INFO  verifyingSideMenuLanguageAsInSettingsLingua_17-24-46 - [verifyingSideMenuLanguageAsInSettingsLingua_17-24-46] Trying to find element: By.xpath: //ytd-topbar-menu-button-renderer[@class='style-scope ytd-masthead style-default']
17:25:22 [TestNG-test-Yt Master Tests-2] INFO  verifyingSideMenuLanguageAsInSettingsLingua_17-24-46 - [verifyingSideMenuLanguageAsInSettingsLingua_17-24-46] Element found and ready (attempt 1): By.xpath: //ytd-topbar-menu-button-renderer[@class='style-scope ytd-masthead style-default']
17:25:22 [TestNG-test-Yt Master Tests-2] INFO  verifyingSideMenuLanguageAsInSettingsLingua_17-24-46 - [verifyingSideMenuLanguageAsInSettingsLingua_17-24-46] Waiting until element is visible in viewport
17:25:23 [TestNG-test-Yt Master Tests-2] INFO  verifyingSideMenuLanguageAsInSettingsLingua_17-24-46 - Clicking settings ellipses button...
17:25:23 [TestNG-test-Yt Master Tests-2] INFO  verifyingSideMenuLanguageAsInSettingsLingua_17-24-46 - [verifyingSideMenuLanguageAsInSettingsLingua_17-24-46] Trying to find element: By.xpath: //ytd-topbar-menu-button-renderer[@class='style-scope ytd-masthead style-default']
17:25:23 [TestNG-test-Yt Master Tests-2] INFO  verifyingSideMenuLanguageAsInSettingsLingua_17-24-46 - [verifyingSideMenuLanguageAsInSettingsLingua_17-24-46] Element found and ready (attempt 1): By.xpath: //ytd-topbar-menu-button-renderer[@class='style-scope ytd-masthead style-default']
17:25:23 [TestNG-test-Yt Master Tests-2] INFO  verifyingSideMenuLanguageAsInSettingsLingua_17-24-46 - Fetching the side menu in expanded view
17:25:23 [TestNG-test-Yt Master Tests-2] INFO  verifyingSideMenuLanguageAsInSettingsLingua_17-24-46 - [verifyingSideMenuLanguageAsInSettingsLingua_17-24-46] Finding elements list: By.xpath: //ytd-guide-entry-renderer[@class='style-scope ytd-guide-section-renderer']
17:25:23 [TestNG-test-Yt Master Tests-2] INFO  verifyingSideMenuLanguageAsInSettingsLingua_17-24-46 - [verifyingSideMenuLanguageAsInSettingsLingua_17-24-46] Found 13 ready elements (attempt 1): By.xpath: //ytd-guide-entry-renderer[@class='style-scope ytd-guide-section-renderer']
17:25:24 [TestNG-test-Yt Master Tests-2] INFO  verifyingSideMenuLanguageAsInSettingsLingua_17-24-46 - 
========== LANGUAGE DETECTION ==========
Detected Language : CATALAN
Input Text        : Inici Shorts Subscripcions Tu Historial Música Pel·lícules i televisió Hype YouTube Premium YouTube TV YouTube Music YouTube Kids Historial d'informes
========================================
17:25:24 [TestNG-test-Yt Master Tests-2] INFO  verifyingSideMenuLanguageAsInSettingsLingua_17-24-46 - getLangAttribute() - locating <html> and reading lang property
17:25:24 [TestNG-test-Yt Master Tests-2] INFO  verifyingSideMenuLanguageAsInSettingsLingua_17-24-46 - Language attribute read: ca-ES
17:25:24 [TestNG-test-Yt Master Tests-2] INFO  verifyingSideMenuLanguageAsInSettingsLingua_17-24-46 - [verifyingSideMenuLanguageAsInSettingsLingua_17-24-46] ApplicableLanguage==  Català     Detected Language ==  CATALAN  Expected Language == CATALAN
17:25:24 [TestNG-test-Yt Master Tests-2] INFO  verifyingSideMenuLanguageAsInSettingsLingua_17-24-46 - Clicking settings ellipses button...
17:25:24 [TestNG-test-Yt Master Tests-2] INFO  verifyingSideMenuLanguageAsInSettingsLingua_17-24-46 - [verifyingSideMenuLanguageAsInSettingsLingua_17-24-46] Trying to find element: By.xpath: //ytd-topbar-menu-button-renderer[@class='style-scope ytd-masthead style-default']
17:25:24 [TestNG-test-Yt Master Tests-2] INFO  verifyingSideMenuLanguageAsInSettingsLingua_17-24-46 - [verifyingSideMenuLanguageAsInSettingsLingua_17-24-46] Element found and ready (attempt 1): By.xpath: //ytd-topbar-menu-button-renderer[@class='style-scope ytd-masthead style-default']
17:25:24 [TestNG-test-Yt Master Tests-2] INFO  verifyingSideMenuLanguageAsInSettingsLingua_17-24-46 - Clicking language dropdown...
17:25:24 [TestNG-test-Yt Master Tests-2] INFO  verifyingSideMenuLanguageAsInSettingsLingua_17-24-46 - [verifyingSideMenuLanguageAsInSettingsLingua_17-24-46] Trying to find element: By.xpath: (//div[@id='content-icon'])[2]
17:25:24 [TestNG-test-Yt Master Tests-2] INFO  verifyingSideMenuLanguageAsInSettingsLingua_17-24-46 - [verifyingSideMenuLanguageAsInSettingsLingua_17-24-46] Element found and ready (attempt 1): By.xpath: (//div[@id='content-icon'])[2]
17:25:25 [TestNG-test-Yt Master Tests-2] INFO  verifyingSideMenuLanguageAsInSettingsLingua_17-24-46 - Looking for language element with name: Dansk
17:25:25 [TestNG-test-Yt Master Tests-2] INFO  verifyingSideMenuLanguageAsInSettingsLingua_17-24-46 - [verifyingSideMenuLanguageAsInSettingsLingua_17-24-46] Trying to find element: By.xpath: //yt-multi-page-menu-section-renderer[@class='style-scope ytd-multi-page-menu-renderer']//yt-formatted-string[@id='label' and text()='Dansk']
17:25:25 [TestNG-test-Yt Master Tests-2] INFO  verifyingSideMenuLanguageAsInSettingsLingua_17-24-46 - [verifyingSideMenuLanguageAsInSettingsLingua_17-24-46] Element found and ready (attempt 1): By.xpath: //yt-multi-page-menu-section-renderer[@class='style-scope ytd-multi-page-menu-renderer']//yt-formatted-string[@id='label' and text()='Dansk']
17:25:25 [TestNG-test-Yt Master Tests-2] INFO  verifyingSideMenuLanguageAsInSettingsLingua_17-24-46 - [verifyingSideMenuLanguageAsInSettingsLingua_17-24-46] Trying to find element: By.xpath: //yt-multi-page-menu-section-renderer[@class='style-scope ytd-multi-page-menu-renderer']//yt-formatted-string[@id='label' and text()='Dansk']
17:25:25 [TestNG-test-Yt Master Tests-2] INFO  verifyingSideMenuLanguageAsInSettingsLingua_17-24-46 - [verifyingSideMenuLanguageAsInSettingsLingua_17-24-46] Element found and ready (attempt 1): By.xpath: //yt-multi-page-menu-section-renderer[@class='style-scope ytd-multi-page-menu-renderer']//yt-formatted-string[@id='label' and text()='Dansk']
17:25:26 [TestNG-test-Yt Master Tests-2] INFO  verifyingSideMenuLanguageAsInSettingsLingua_17-24-46 - Clicking settings ellipses button...
17:25:26 [TestNG-test-Yt Master Tests-2] INFO  verifyingSideMenuLanguageAsInSettingsLingua_17-24-46 - [verifyingSideMenuLanguageAsInSettingsLingua_17-24-46] Trying to find element: By.xpath: //ytd-topbar-menu-button-renderer[@class='style-scope ytd-masthead style-default']
17:25:26 [TestNG-test-Yt Master Tests-2] INFO  verifyingSideMenuLanguageAsInSettingsLingua_17-24-46 - [verifyingSideMenuLanguageAsInSettingsLingua_17-24-46] Element found and ready (attempt 1): By.xpath: //ytd-topbar-menu-button-renderer[@class='style-scope ytd-masthead style-default']
17:25:26 [TestNG-test-Yt Master Tests-2] INFO  verifyingSideMenuLanguageAsInSettingsLingua_17-24-46 - [verifyingSideMenuLanguageAsInSettingsLingua_17-24-46] Waiting until element is visible in viewport
17:25:27 [TestNG-test-Yt Master Tests-2] INFO  verifyingSideMenuLanguageAsInSettingsLingua_17-24-46 - Clicking settings ellipses button...
17:25:27 [TestNG-test-Yt Master Tests-2] INFO  verifyingSideMenuLanguageAsInSettingsLingua_17-24-46 - [verifyingSideMenuLanguageAsInSettingsLingua_17-24-46] Trying to find element: By.xpath: //ytd-topbar-menu-button-renderer[@class='style-scope ytd-masthead style-default']
17:25:27 [TestNG-test-Yt Master Tests-2] INFO  verifyingSideMenuLanguageAsInSettingsLingua_17-24-46 - [verifyingSideMenuLanguageAsInSettingsLingua_17-24-46] Element found and ready (attempt 1): By.xpath: //ytd-topbar-menu-button-renderer[@class='style-scope ytd-masthead style-default']
17:25:27 [TestNG-test-Yt Master Tests-2] INFO  verifyingSideMenuLanguageAsInSettingsLingua_17-24-46 - Fetching the side menu in expanded view
17:25:27 [TestNG-test-Yt Master Tests-2] INFO  verifyingSideMenuLanguageAsInSettingsLingua_17-24-46 - [verifyingSideMenuLanguageAsInSettingsLingua_17-24-46] Finding elements list: By.xpath: //ytd-guide-entry-renderer[@class='style-scope ytd-guide-section-renderer']
17:25:27 [TestNG-test-Yt Master Tests-2] INFO  verifyingSideMenuLanguageAsInSettingsLingua_17-24-46 - [verifyingSideMenuLanguageAsInSettingsLingua_17-24-46] Found 13 ready elements (attempt 1): By.xpath: //ytd-guide-entry-renderer[@class='style-scope ytd-guide-section-renderer']
17:25:27 [TestNG-test-Yt Master Tests-2] INFO  verifyingSideMenuLanguageAsInSettingsLingua_17-24-46 - 
========== LANGUAGE DETECTION ==========
Detected Language : DANISH
Input Text        : Start Shorts Abonnementer Dig Historik Musik Film og tv Hype YouTube Premium YouTube TV YouTube Music YouTube Kids Rapporteringshistorik
========================================
17:25:27 [TestNG-test-Yt Master Tests-2] INFO  verifyingSideMenuLanguageAsInSettingsLingua_17-24-46 - getLangAttribute() - locating <html> and reading lang property
17:25:27 [TestNG-test-Yt Master Tests-2] INFO  verifyingSideMenuLanguageAsInSettingsLingua_17-24-46 - Language attribute read: da-DK
17:25:27 [TestNG-test-Yt Master Tests-2] INFO  verifyingSideMenuLanguageAsInSettingsLingua_17-24-46 - [verifyingSideMenuLanguageAsInSettingsLingua_17-24-46] ApplicableLanguage==  Dansk     Detected Language ==  DANISH  Expected Language == DANISH
17:25:27 [TestNG-test-Yt Master Tests-2] INFO  verifyingSideMenuLanguageAsInSettingsLingua_17-24-46 - Clicking settings ellipses button...
17:25:27 [TestNG-test-Yt Master Tests-2] INFO  verifyingSideMenuLanguageAsInSettingsLingua_17-24-46 - [verifyingSideMenuLanguageAsInSettingsLingua_17-24-46] Trying to find element: By.xpath: //ytd-topbar-menu-button-renderer[@class='style-scope ytd-masthead style-default']
17:25:27 [TestNG-test-Yt Master Tests-2] INFO  verifyingSideMenuLanguageAsInSettingsLingua_17-24-46 - [verifyingSideMenuLanguageAsInSettingsLingua_17-24-46] Element found and ready (attempt 1): By.xpath: //ytd-topbar-menu-button-renderer[@class='style-scope ytd-masthead style-default']
17:25:27 [TestNG-test-Yt Master Tests-2] INFO  verifyingSideMenuLanguageAsInSettingsLingua_17-24-46 - Clicking language dropdown...
17:25:27 [TestNG-test-Yt Master Tests-2] INFO  verifyingSideMenuLanguageAsInSettingsLingua_17-24-46 - [verifyingSideMenuLanguageAsInSettingsLingua_17-24-46] Trying to find element: By.xpath: (//div[@id='content-icon'])[2]
17:25:28 [TestNG-test-Yt Master Tests-2] INFO  verifyingSideMenuLanguageAsInSettingsLingua_17-24-46 - [verifyingSideMenuLanguageAsInSettingsLingua_17-24-46] Element found and ready (attempt 1): By.xpath: (//div[@id='content-icon'])[2]
17:25:28 [TestNG-test-Yt Master Tests-2] INFO  verifyingSideMenuLanguageAsInSettingsLingua_17-24-46 - Looking for language element with name: Deutsch
17:25:28 [TestNG-test-Yt Master Tests-2] INFO  verifyingSideMenuLanguageAsInSettingsLingua_17-24-46 - [verifyingSideMenuLanguageAsInSettingsLingua_17-24-46] Trying to find element: By.xpath: //yt-multi-page-menu-section-renderer[@class='style-scope ytd-multi-page-menu-renderer']//yt-formatted-string[@id='label' and text()='Deutsch']
17:25:28 [TestNG-test-Yt Master Tests-2] INFO  verifyingSideMenuLanguageAsInSettingsLingua_17-24-46 - [verifyingSideMenuLanguageAsInSettingsLingua_17-24-46] Element found and ready (attempt 1): By.xpath: //yt-multi-page-menu-section-renderer[@class='style-scope ytd-multi-page-menu-renderer']//yt-formatted-string[@id='label' and text()='Deutsch']
17:25:28 [TestNG-test-Yt Master Tests-2] INFO  verifyingSideMenuLanguageAsInSettingsLingua_17-24-46 - [verifyingSideMenuLanguageAsInSettingsLingua_17-24-46] Trying to find element: By.xpath: //yt-multi-page-menu-section-renderer[@class='style-scope ytd-multi-page-menu-renderer']//yt-formatted-string[@id='label' and text()='Deutsch']
17:25:28 [TestNG-test-Yt Master Tests-2] INFO  verifyingSideMenuLanguageAsInSettingsLingua_17-24-46 - [verifyingSideMenuLanguageAsInSettingsLingua_17-24-46] Element found and ready (attempt 1): By.xpath: //yt-multi-page-menu-section-renderer[@class='style-scope ytd-multi-page-menu-renderer']//yt-formatted-string[@id='label' and text()='Deutsch']
17:25:30 [TestNG-test-Yt Master Tests-2] INFO  verifyingSideMenuLanguageAsInSettingsLingua_17-24-46 - Clicking settings ellipses button...
17:25:30 [TestNG-test-Yt Master Tests-2] INFO  verifyingSideMenuLanguageAsInSettingsLingua_17-24-46 - [verifyingSideMenuLanguageAsInSettingsLingua_17-24-46] Trying to find element: By.xpath: //ytd-topbar-menu-button-renderer[@class='style-scope ytd-masthead style-default']
17:25:30 [TestNG-test-Yt Master Tests-2] INFO  verifyingSideMenuLanguageAsInSettingsLingua_17-24-46 - [verifyingSideMenuLanguageAsInSettingsLingua_17-24-46] Element found and ready (attempt 1): By.xpath: //ytd-topbar-menu-button-renderer[@class='style-scope ytd-masthead style-default']
17:25:30 [TestNG-test-Yt Master Tests-2] INFO  verifyingSideMenuLanguageAsInSettingsLingua_17-24-46 - [verifyingSideMenuLanguageAsInSettingsLingua_17-24-46] Waiting until element is visible in viewport
17:25:31 [TestNG-test-Yt Master Tests-2] INFO  verifyingSideMenuLanguageAsInSettingsLingua_17-24-46 - Clicking settings ellipses button...
17:25:31 [TestNG-test-Yt Master Tests-2] INFO  verifyingSideMenuLanguageAsInSettingsLingua_17-24-46 - [verifyingSideMenuLanguageAsInSettingsLingua_17-24-46] Trying to find element: By.xpath: //ytd-topbar-menu-button-renderer[@class='style-scope ytd-masthead style-default']
17:25:31 [TestNG-test-Yt Master Tests-2] INFO  verifyingSideMenuLanguageAsInSettingsLingua_17-24-46 - [verifyingSideMenuLanguageAsInSettingsLingua_17-24-46] Element found and ready (attempt 1): By.xpath: //ytd-topbar-menu-button-renderer[@class='style-scope ytd-masthead style-default']
17:25:31 [TestNG-test-Yt Master Tests-2] INFO  verifyingSideMenuLanguageAsInSettingsLingua_17-24-46 - Fetching the side menu in expanded view
17:25:31 [TestNG-test-Yt Master Tests-2] INFO  verifyingSideMenuLanguageAsInSettingsLingua_17-24-46 - [verifyingSideMenuLanguageAsInSettingsLingua_17-24-46] Finding elements list: By.xpath: //ytd-guide-entry-renderer[@class='style-scope ytd-guide-section-renderer']
17:25:31 [TestNG-test-Yt Master Tests-2] INFO  verifyingSideMenuLanguageAsInSettingsLingua_17-24-46 - [verifyingSideMenuLanguageAsInSettingsLingua_17-24-46] Found 13 ready elements (attempt 1): By.xpath: //ytd-guide-entry-renderer[@class='style-scope ytd-guide-section-renderer']
17:25:32 [TestNG-test-Yt Master Tests-2] INFO  verifyingSideMenuLanguageAsInSettingsLingua_17-24-46 - 
========== LANGUAGE DETECTION ==========
Detected Language : GERMAN
Input Text        : Startseite Shorts Abos Mein YouTube Verlauf Musik Filme & Shows Hype YouTube Premium YouTube TV YouTube Music YouTube Kids Meldeverlauf
========================================
17:25:32 [TestNG-test-Yt Master Tests-2] INFO  verifyingSideMenuLanguageAsInSettingsLingua_17-24-46 - getLangAttribute() - locating <html> and reading lang property
17:25:32 [TestNG-test-Yt Master Tests-2] INFO  verifyingSideMenuLanguageAsInSettingsLingua_17-24-46 - Language attribute read: de-DE
17:25:32 [TestNG-test-Yt Master Tests-2] INFO  verifyingSideMenuLanguageAsInSettingsLingua_17-24-46 - [verifyingSideMenuLanguageAsInSettingsLingua_17-24-46] ApplicableLanguage==  Deutsch     Detected Language ==  GERMAN  Expected Language == GERMAN
17:25:32 [TestNG-test-Yt Master Tests-2] INFO  verifyingSideMenuLanguageAsInSettingsLingua_17-24-46 - Clicking settings ellipses button...
17:25:32 [TestNG-test-Yt Master Tests-2] INFO  verifyingSideMenuLanguageAsInSettingsLingua_17-24-46 - [verifyingSideMenuLanguageAsInSettingsLingua_17-24-46] Trying to find element: By.xpath: //ytd-topbar-menu-button-renderer[@class='style-scope ytd-masthead style-default']
17:25:32 [TestNG-test-Yt Master Tests-2] INFO  verifyingSideMenuLanguageAsInSettingsLingua_17-24-46 - [verifyingSideMenuLanguageAsInSettingsLingua_17-24-46] Element found and ready (attempt 1): By.xpath: //ytd-topbar-menu-button-renderer[@class='style-scope ytd-masthead style-default']
17:25:32 [TestNG-test-Yt Master Tests-2] INFO  verifyingSideMenuLanguageAsInSettingsLingua_17-24-46 - Clicking language dropdown...
17:25:32 [TestNG-test-Yt Master Tests-2] INFO  verifyingSideMenuLanguageAsInSettingsLingua_17-24-46 - [verifyingSideMenuLanguageAsInSettingsLingua_17-24-46] Trying to find element: By.xpath: (//div[@id='content-icon'])[2]
17:25:32 [TestNG-test-Yt Master Tests-2] INFO  verifyingSideMenuLanguageAsInSettingsLingua_17-24-46 - [verifyingSideMenuLanguageAsInSettingsLingua_17-24-46] Element found and ready (attempt 1): By.xpath: (//div[@id='content-icon'])[2]
17:25:32 [TestNG-test-Yt Master Tests-2] INFO  verifyingSideMenuLanguageAsInSettingsLingua_17-24-46 - Looking for language element with name: Eesti
17:25:32 [TestNG-test-Yt Master Tests-2] INFO  verifyingSideMenuLanguageAsInSettingsLingua_17-24-46 - [verifyingSideMenuLanguageAsInSettingsLingua_17-24-46] Trying to find element: By.xpath: //yt-multi-page-menu-section-renderer[@class='style-scope ytd-multi-page-menu-renderer']//yt-formatted-string[@id='label' and text()='Eesti']
17:25:33 [TestNG-test-Yt Master Tests-2] INFO  verifyingSideMenuLanguageAsInSettingsLingua_17-24-46 - [verifyingSideMenuLanguageAsInSettingsLingua_17-24-46] Element found and ready (attempt 1): By.xpath: //yt-multi-page-menu-section-renderer[@class='style-scope ytd-multi-page-menu-renderer']//yt-formatted-string[@id='label' and text()='Eesti']
17:25:33 [TestNG-test-Yt Master Tests-2] INFO  verifyingSideMenuLanguageAsInSettingsLingua_17-24-46 - [verifyingSideMenuLanguageAsInSettingsLingua_17-24-46] Trying to find element: By.xpath: //yt-multi-page-menu-section-renderer[@class='style-scope ytd-multi-page-menu-renderer']//yt-formatted-string[@id='label' and text()='Eesti']
17:25:33 [TestNG-test-Yt Master Tests-2] INFO  verifyingSideMenuLanguageAsInSettingsLingua_17-24-46 - [verifyingSideMenuLanguageAsInSettingsLingua_17-24-46] Element found and ready (attempt 1): By.xpath: //yt-multi-page-menu-section-renderer[@class='style-scope ytd-multi-page-menu-renderer']//yt-formatted-string[@id='label' and text()='Eesti']
17:25:33 [TestNG-test-Yt Master Tests-2] INFO  verifyingSideMenuLanguageAsInSettingsLingua_17-24-46 - Clicking settings ellipses button...
17:25:33 [TestNG-test-Yt Master Tests-2] INFO  verifyingSideMenuLanguageAsInSettingsLingua_17-24-46 - [verifyingSideMenuLanguageAsInSettingsLingua_17-24-46] Trying to find element: By.xpath: //ytd-topbar-menu-button-renderer[@class='style-scope ytd-masthead style-default']
17:25:34 [TestNG-test-Yt Master Tests-2] INFO  verifyingSideMenuLanguageAsInSettingsLingua_17-24-46 - [verifyingSideMenuLanguageAsInSettingsLingua_17-24-46] Element found and ready (attempt 1): By.xpath: //ytd-topbar-menu-button-renderer[@class='style-scope ytd-masthead style-default']
17:25:34 [TestNG-test-Yt Master Tests-2] INFO  verifyingSideMenuLanguageAsInSettingsLingua_17-24-46 - [verifyingSideMenuLanguageAsInSettingsLingua_17-24-46] Waiting until element is visible in viewport
17:25:35 [TestNG-test-Yt Master Tests-2] INFO  verifyingSideMenuLanguageAsInSettingsLingua_17-24-46 - Clicking settings ellipses button...
17:25:35 [TestNG-test-Yt Master Tests-2] INFO  verifyingSideMenuLanguageAsInSettingsLingua_17-24-46 - [verifyingSideMenuLanguageAsInSettingsLingua_17-24-46] Trying to find element: By.xpath: //ytd-topbar-menu-button-renderer[@class='style-scope ytd-masthead style-default']
17:25:35 [TestNG-test-Yt Master Tests-2] INFO  verifyingSideMenuLanguageAsInSettingsLingua_17-24-46 - [verifyingSideMenuLanguageAsInSettingsLingua_17-24-46] Element found and ready (attempt 1): By.xpath: //ytd-topbar-menu-button-renderer[@class='style-scope ytd-masthead style-default']
17:25:35 [TestNG-test-Yt Master Tests-2] INFO  verifyingSideMenuLanguageAsInSettingsLingua_17-24-46 - Fetching the side menu in expanded view
17:25:35 [TestNG-test-Yt Master Tests-2] INFO  verifyingSideMenuLanguageAsInSettingsLingua_17-24-46 - [verifyingSideMenuLanguageAsInSettingsLingua_17-24-46] Finding elements list: By.xpath: //ytd-guide-entry-renderer[@class='style-scope ytd-guide-section-renderer']
17:25:35 [TestNG-test-Yt Master Tests-2] INFO  verifyingSideMenuLanguageAsInSettingsLingua_17-24-46 - [verifyingSideMenuLanguageAsInSettingsLingua_17-24-46] Found 13 ready elements (attempt 1): By.xpath: //ytd-guide-entry-renderer[@class='style-scope ytd-guide-section-renderer']
17:25:35 [TestNG-test-Yt Master Tests-2] INFO  verifyingSideMenuLanguageAsInSettingsLingua_17-24-46 - 
========== LANGUAGE DETECTION ==========
Detected Language : ESTONIAN
Input Text        : Avaleht Shorts Tellimused Teie Ajalugu Muusika Filmid ja telesarjad Haipimine YouTube Premium YouTube TV YouTube Music YouTube Kids Teavituste ajalugu
========================================
17:25:35 [TestNG-test-Yt Master Tests-2] INFO  verifyingSideMenuLanguageAsInSettingsLingua_17-24-46 - getLangAttribute() - locating <html> and reading lang property
17:25:35 [TestNG-test-Yt Master Tests-2] INFO  verifyingSideMenuLanguageAsInSettingsLingua_17-24-46 - Language attribute read: et-EE
17:25:35 [TestNG-test-Yt Master Tests-2] INFO  verifyingSideMenuLanguageAsInSettingsLingua_17-24-46 - [verifyingSideMenuLanguageAsInSettingsLingua_17-24-46] ApplicableLanguage==  Eesti     Detected Language ==  ESTONIAN  Expected Language == ESTONIAN
17:25:35 [TestNG-test-Yt Master Tests-2] INFO  verifyingSideMenuLanguageAsInSettingsLingua_17-24-46 - Clicking settings ellipses button...
17:25:35 [TestNG-test-Yt Master Tests-2] INFO  verifyingSideMenuLanguageAsInSettingsLingua_17-24-46 - [verifyingSideMenuLanguageAsInSettingsLingua_17-24-46] Trying to find element: By.xpath: //ytd-topbar-menu-button-renderer[@class='style-scope ytd-masthead style-default']
17:25:35 [TestNG-test-Yt Master Tests-2] INFO  verifyingSideMenuLanguageAsInSettingsLingua_17-24-46 - [verifyingSideMenuLanguageAsInSettingsLingua_17-24-46] Element found and ready (attempt 1): By.xpath: //ytd-topbar-menu-button-renderer[@class='style-scope ytd-masthead style-default']
17:25:35 [TestNG-test-Yt Master Tests-2] INFO  verifyingSideMenuLanguageAsInSettingsLingua_17-24-46 - Clicking language dropdown...
17:25:35 [TestNG-test-Yt Master Tests-2] INFO  verifyingSideMenuLanguageAsInSettingsLingua_17-24-46 - [verifyingSideMenuLanguageAsInSettingsLingua_17-24-46] Trying to find element: By.xpath: (//div[@id='content-icon'])[2]
17:25:36 [TestNG-test-Yt Master Tests-2] INFO  verifyingSideMenuLanguageAsInSettingsLingua_17-24-46 - [verifyingSideMenuLanguageAsInSettingsLingua_17-24-46] Element found and ready (attempt 1): By.xpath: (//div[@id='content-icon'])[2]
17:25:36 [TestNG-test-Yt Master Tests-2] INFO  verifyingSideMenuLanguageAsInSettingsLingua_17-24-46 - Looking for language element with name: English (India)
17:25:36 [TestNG-test-Yt Master Tests-2] INFO  verifyingSideMenuLanguageAsInSettingsLingua_17-24-46 - [verifyingSideMenuLanguageAsInSettingsLingua_17-24-46] Trying to find element: By.xpath: //yt-multi-page-menu-section-renderer[@class='style-scope ytd-multi-page-menu-renderer']//yt-formatted-string[@id='label' and text()='English (India)']
17:25:36 [TestNG-test-Yt Master Tests-2] INFO  verifyingSideMenuLanguageAsInSettingsLingua_17-24-46 - [verifyingSideMenuLanguageAsInSettingsLingua_17-24-46] Element found and ready (attempt 1): By.xpath: //yt-multi-page-menu-section-renderer[@class='style-scope ytd-multi-page-menu-renderer']//yt-formatted-string[@id='label' and text()='English (India)']
17:25:36 [TestNG-test-Yt Master Tests-2] INFO  verifyingSideMenuLanguageAsInSettingsLingua_17-24-46 - [verifyingSideMenuLanguageAsInSettingsLingua_17-24-46] Trying to find element: By.xpath: //yt-multi-page-menu-section-renderer[@class='style-scope ytd-multi-page-menu-renderer']//yt-formatted-string[@id='label' and text()='English (India)']
17:25:36 [TestNG-test-Yt Master Tests-2] INFO  verifyingSideMenuLanguageAsInSettingsLingua_17-24-46 - [verifyingSideMenuLanguageAsInSettingsLingua_17-24-46] Element found and ready (attempt 1): By.xpath: //yt-multi-page-menu-section-renderer[@class='style-scope ytd-multi-page-menu-renderer']//yt-formatted-string[@id='label' and text()='English (India)']
17:25:37 [TestNG-test-Yt Master Tests-2] INFO  verifyingSideMenuLanguageAsInSettingsLingua_17-24-46 - Clicking settings ellipses button...
17:25:37 [TestNG-test-Yt Master Tests-2] INFO  verifyingSideMenuLanguageAsInSettingsLingua_17-24-46 - [verifyingSideMenuLanguageAsInSettingsLingua_17-24-46] Trying to find element: By.xpath: //ytd-topbar-menu-button-renderer[@class='style-scope ytd-masthead style-default']
17:25:38 [TestNG-test-Yt Master Tests-2] INFO  verifyingSideMenuLanguageAsInSettingsLingua_17-24-46 - [verifyingSideMenuLanguageAsInSettingsLingua_17-24-46] Element found and ready (attempt 1): By.xpath: //ytd-topbar-menu-button-renderer[@class='style-scope ytd-masthead style-default']
17:25:38 [TestNG-test-Yt Master Tests-2] INFO  verifyingSideMenuLanguageAsInSettingsLingua_17-24-46 - [verifyingSideMenuLanguageAsInSettingsLingua_17-24-46] Waiting until element is visible in viewport
17:25:38 [TestNG-test-Yt Master Tests-2] INFO  verifyingSideMenuLanguageAsInSettingsLingua_17-24-46 - Clicking settings ellipses button...
17:25:38 [TestNG-test-Yt Master Tests-2] INFO  verifyingSideMenuLanguageAsInSettingsLingua_17-24-46 - [verifyingSideMenuLanguageAsInSettingsLingua_17-24-46] Trying to find element: By.xpath: //ytd-topbar-menu-button-renderer[@class='style-scope ytd-masthead style-default']
17:25:38 [TestNG-test-Yt Master Tests-2] INFO  verifyingSideMenuLanguageAsInSettingsLingua_17-24-46 - [verifyingSideMenuLanguageAsInSettingsLingua_17-24-46] Element found and ready (attempt 1): By.xpath: //ytd-topbar-menu-button-renderer[@class='style-scope ytd-masthead style-default']
17:25:38 [TestNG-test-Yt Master Tests-2] INFO  verifyingSideMenuLanguageAsInSettingsLingua_17-24-46 - Fetching the side menu in expanded view
17:25:38 [TestNG-test-Yt Master Tests-2] INFO  verifyingSideMenuLanguageAsInSettingsLingua_17-24-46 - [verifyingSideMenuLanguageAsInSettingsLingua_17-24-46] Finding elements list: By.xpath: //ytd-guide-entry-renderer[@class='style-scope ytd-guide-section-renderer']
17:25:39 [TestNG-test-Yt Master Tests-2] INFO  verifyingSideMenuLanguageAsInSettingsLingua_17-24-46 - [verifyingSideMenuLanguageAsInSettingsLingua_17-24-46] Found 13 ready elements (attempt 1): By.xpath: //ytd-guide-entry-renderer[@class='style-scope ytd-guide-section-renderer']
17:25:39 [TestNG-test-Yt Master Tests-2] INFO  verifyingSideMenuLanguageAsInSettingsLingua_17-24-46 - 
========== LANGUAGE DETECTION ==========
Detected Language : ENGLISH
Input Text        : Home Shorts Subscriptions You History Shopping Music Movies & TV YouTube Premium YouTube TV YouTube Music YouTube Kids Report history
========================================
17:25:39 [TestNG-test-Yt Master Tests-2] INFO  verifyingSideMenuLanguageAsInSettingsLingua_17-24-46 - getLangAttribute() - locating <html> and reading lang property
17:25:39 [TestNG-test-Yt Master Tests-2] INFO  verifyingSideMenuLanguageAsInSettingsLingua_17-24-46 - Language attribute read: en-IN
17:25:39 [TestNG-test-Yt Master Tests-2] INFO  verifyingSideMenuLanguageAsInSettingsLingua_17-24-46 - [verifyingSideMenuLanguageAsInSettingsLingua_17-24-46] ApplicableLanguage==  English (India)     Detected Language ==  ENGLISH  Expected Language == ENGLISH
17:25:39 [TestNG-test-Yt Master Tests-2] INFO  verifyingSideMenuLanguageAsInSettingsLingua_17-24-46 - Clicking settings ellipses button...
17:25:39 [TestNG-test-Yt Master Tests-2] INFO  verifyingSideMenuLanguageAsInSettingsLingua_17-24-46 - [verifyingSideMenuLanguageAsInSettingsLingua_17-24-46] Trying to find element: By.xpath: //ytd-topbar-menu-button-renderer[@class='style-scope ytd-masthead style-default']
17:25:39 [TestNG-test-Yt Master Tests-2] INFO  verifyingSideMenuLanguageAsInSettingsLingua_17-24-46 - [verifyingSideMenuLanguageAsInSettingsLingua_17-24-46] Element found and ready (attempt 1): By.xpath: //ytd-topbar-menu-button-renderer[@class='style-scope ytd-masthead style-default']
17:25:39 [TestNG-test-Yt Master Tests-2] INFO  verifyingSideMenuLanguageAsInSettingsLingua_17-24-46 - Clicking language dropdown...
17:25:39 [TestNG-test-Yt Master Tests-2] INFO  verifyingSideMenuLanguageAsInSettingsLingua_17-24-46 - [verifyingSideMenuLanguageAsInSettingsLingua_17-24-46] Trying to find element: By.xpath: (//div[@id='content-icon'])[2]
17:25:39 [TestNG-test-Yt Master Tests-2] INFO  verifyingSideMenuLanguageAsInSettingsLingua_17-24-46 - [verifyingSideMenuLanguageAsInSettingsLingua_17-24-46] Element found and ready (attempt 1): By.xpath: (//div[@id='content-icon'])[2]
17:25:40 [TestNG-test-Yt Master Tests-2] INFO  verifyingSideMenuLanguageAsInSettingsLingua_17-24-46 - [verifyingSideMenuLanguageAsInSettingsLingua_17-24-46] Not retrying test 'verifyingSideMenuLanguageAsInSettingsLingua'. Retry count: 0, Cause: The following asserts failed:
	Page title mismatch for language=Afrikaans expected [AFRIKAANS] but found [DUTCH],
	Page title mismatch for language=Bahasa Indonesia expected [INDONESIAN] but found [ENGLISH],
	Page title mismatch for language=Bosanski expected [CROATIAN] but found [BOSNIAN]
