18:36:27 [TestNG-test-Yt Master Tests-1] INFO  verifyingSideMenuLanguageAsInSettingsLingua_18-36-27 - No existing WebDriver found for current thread. Initializing a new ChromeDriver...
18:36:27 [TestNG-test-Yt Master Tests-1] INFO  verifyingSideMenuLanguageAsInSettingsLingua_18-36-27 - WebDriverManager: chromedriver setup OK
18:36:29 [TestNG-test-Yt Master Tests-1] INFO  verifyingSideMenuLanguageAsInSettingsLingua_18-36-27 - ChromeDriver initialized successfully for thread: 34
18:36:29 [TestNG-test-Yt Master Tests-1] INFO  verifyingSideMenuLanguageAsInSettingsLingua_18-36-27 - SafeActions initialized with driver ChromeDriver: chrome on windows (fd062907cea84eedd99c5c10a0a4f12f)
18:36:29 [TestNG-test-Yt Master Tests-1] INFO  verifyingSideMenuLanguageAsInSettingsLingua_18-36-27 - Initialized YtLandingPage with driver: ChromeDriver: chrome on windows (fd062907cea84eedd99c5c10a0a4f12f)
18:36:29 [TestNG-test-Yt Master Tests-1] INFO  verifyingSideMenuLanguageAsInSettingsLingua_18-36-27 - SafeActions initialized with driver ChromeDriver: chrome on windows (fd062907cea84eedd99c5c10a0a4f12f)
18:36:32 [TestNG-test-Yt Master Tests-1] INFO  verifyingSideMenuLanguageAsInSettingsLingua_18-36-27 - Opened YouTube landing page.
18:36:32 [TestNG-test-Yt Master Tests-1] INFO  verifyingSideMenuLanguageAsInSettingsLingua_18-36-27 - Clicking settings ellipses button...
18:36:32 [TestNG-test-Yt Master Tests-1] INFO  verifyingSideMenuLanguageAsInSettingsLingua_18-36-27 - [verifyingSideMenuLanguageAsInSettingsLingua_18-36-27] Trying to find element: By.xpath: //ytd-topbar-menu-button-renderer[@class='style-scope ytd-masthead style-default']
18:36:32 [TestNG-test-Yt Master Tests-1] INFO  verifyingSideMenuLanguageAsInSettingsLingua_18-36-27 - [verifyingSideMenuLanguageAsInSettingsLingua_18-36-27] Element found and ready (attempt 1): By.xpath: //ytd-topbar-menu-button-renderer[@class='style-scope ytd-masthead style-default']
18:36:32 [TestNG-test-Yt Master Tests-1] INFO  verifyingSideMenuLanguageAsInSettingsLingua_18-36-27 - Clicking language dropdown...
18:36:32 [TestNG-test-Yt Master Tests-1] INFO  verifyingSideMenuLanguageAsInSettingsLingua_18-36-27 - [verifyingSideMenuLanguageAsInSettingsLingua_18-36-27] Trying to find element: By.xpath: (//div[@id='content-icon'])[2]
18:36:33 [TestNG-test-Yt Master Tests-1] INFO  verifyingSideMenuLanguageAsInSettingsLingua_18-36-27 - [verifyingSideMenuLanguageAsInSettingsLingua_18-36-27] Element found and ready (attempt 1): By.xpath: (//div[@id='content-icon'])[2]
18:36:34 [TestNG-test-Yt Master Tests-1] INFO  verifyingSideMenuLanguageAsInSettingsLingua_18-36-27 - [verifyingSideMenuLanguageAsInSettingsLingua_18-36-27] Execution is Not CRON Job Hence refering to normal keys from UtilData
18:36:34 [TestNG-test-Yt Master Tests-1] INFO  verifyingSideMenuLanguageAsInSettingsLingua_18-36-27 - Looking for language element with name: Afrikaans
18:36:34 [TestNG-test-Yt Master Tests-1] INFO  verifyingSideMenuLanguageAsInSettingsLingua_18-36-27 - [verifyingSideMenuLanguageAsInSettingsLingua_18-36-27] Trying to find element: By.xpath: //yt-multi-page-menu-section-renderer[@class='style-scope ytd-multi-page-menu-renderer']//yt-formatted-string[@id='label' and text()='Afrikaans']
18:36:34 [TestNG-test-Yt Master Tests-1] INFO  verifyingSideMenuLanguageAsInSettingsLingua_18-36-27 - [verifyingSideMenuLanguageAsInSettingsLingua_18-36-27] Element found and ready (attempt 1): By.xpath: //yt-multi-page-menu-section-renderer[@class='style-scope ytd-multi-page-menu-renderer']//yt-formatted-string[@id='label' and text()='Afrikaans']
18:36:34 [TestNG-test-Yt Master Tests-1] INFO  verifyingSideMenuLanguageAsInSettingsLingua_18-36-27 - [verifyingSideMenuLanguageAsInSettingsLingua_18-36-27] Trying to find element: By.xpath: //yt-multi-page-menu-section-renderer[@class='style-scope ytd-multi-page-menu-renderer']//yt-formatted-string[@id='label' and text()='Afrikaans']
18:36:34 [TestNG-test-Yt Master Tests-1] INFO  verifyingSideMenuLanguageAsInSettingsLingua_18-36-27 - [verifyingSideMenuLanguageAsInSettingsLingua_18-36-27] Element found and ready (attempt 1): By.xpath: //yt-multi-page-menu-section-renderer[@class='style-scope ytd-multi-page-menu-renderer']//yt-formatted-string[@id='label' and text()='Afrikaans']
18:36:37 [TestNG-test-Yt Master Tests-1] INFO  verifyingSideMenuLanguageAsInSettingsLingua_18-36-27 - Clicking settings ellipses button...
18:36:37 [TestNG-test-Yt Master Tests-1] INFO  verifyingSideMenuLanguageAsInSettingsLingua_18-36-27 - [verifyingSideMenuLanguageAsInSettingsLingua_18-36-27] Trying to find element: By.xpath: //ytd-topbar-menu-button-renderer[@class='style-scope ytd-masthead style-default']
18:36:37 [TestNG-test-Yt Master Tests-1] INFO  verifyingSideMenuLanguageAsInSettingsLingua_18-36-27 - [verifyingSideMenuLanguageAsInSettingsLingua_18-36-27] Element found and ready (attempt 1): By.xpath: //ytd-topbar-menu-button-renderer[@class='style-scope ytd-masthead style-default']
18:36:37 [TestNG-test-Yt Master Tests-1] INFO  verifyingSideMenuLanguageAsInSettingsLingua_18-36-27 - [verifyingSideMenuLanguageAsInSettingsLingua_18-36-27] Waiting until element is visible in viewport
18:36:38 [TestNG-test-Yt Master Tests-1] INFO  verifyingSideMenuLanguageAsInSettingsLingua_18-36-27 - Clicking settings ellipses button...
18:36:38 [TestNG-test-Yt Master Tests-1] INFO  verifyingSideMenuLanguageAsInSettingsLingua_18-36-27 - [verifyingSideMenuLanguageAsInSettingsLingua_18-36-27] Trying to find element: By.xpath: //ytd-topbar-menu-button-renderer[@class='style-scope ytd-masthead style-default']
18:36:38 [TestNG-test-Yt Master Tests-1] INFO  verifyingSideMenuLanguageAsInSettingsLingua_18-36-27 - [verifyingSideMenuLanguageAsInSettingsLingua_18-36-27] Element found and ready (attempt 1): By.xpath: //ytd-topbar-menu-button-renderer[@class='style-scope ytd-masthead style-default']
18:36:38 [TestNG-test-Yt Master Tests-1] INFO  verifyingSideMenuLanguageAsInSettingsLingua_18-36-27 - Fetching the side menu in expanded view
18:36:38 [TestNG-test-Yt Master Tests-1] INFO  verifyingSideMenuLanguageAsInSettingsLingua_18-36-27 - [verifyingSideMenuLanguageAsInSettingsLingua_18-36-27] Finding elements list: By.xpath: //ytd-guide-entry-renderer[@class='style-scope ytd-guide-section-renderer']
18:36:38 [TestNG-test-Yt Master Tests-1] INFO  verifyingSideMenuLanguageAsInSettingsLingua_18-36-27 - [verifyingSideMenuLanguageAsInSettingsLingua_18-36-27] Found 13 ready elements (attempt 1): By.xpath: //ytd-guide-entry-renderer[@class='style-scope ytd-guide-section-renderer']
18:36:39 [TestNG-test-Yt Master Tests-1] INFO  verifyingSideMenuLanguageAsInSettingsLingua_18-36-27 - 
========== LANGUAGE DETECTION ==========
Detected Language : DUTCH
Input Text        : Tuis Kortvideo's Intekeninge Myne Geskiedenis Musiek Flieks en TV Regstreeks YouTube Premium YouTube TV YouTube Music YouTube Kids Aangeegeskiedenis
========================================
18:36:39 [TestNG-test-Yt Master Tests-1] INFO  verifyingSideMenuLanguageAsInSettingsLingua_18-36-27 - getLangAttribute() - locating <html> and reading lang property
18:36:39 [TestNG-test-Yt Master Tests-1] INFO  verifyingSideMenuLanguageAsInSettingsLingua_18-36-27 - Language attribute read: af-ZA
18:36:39 [TestNG-test-Yt Master Tests-1] INFO  verifyingSideMenuLanguageAsInSettingsLingua_18-36-27 - [verifyingSideMenuLanguageAsInSettingsLingua_18-36-27] ApplicableLanguage==  Afrikaans     Detected Language ==  DUTCH  Expected Language == AFRIKAANS
18:36:39 [TestNG-test-Yt Master Tests-1] INFO  verifyingSideMenuLanguageAsInSettingsLingua_18-36-27 - Clicking settings ellipses button...
18:36:39 [TestNG-test-Yt Master Tests-1] INFO  verifyingSideMenuLanguageAsInSettingsLingua_18-36-27 - [verifyingSideMenuLanguageAsInSettingsLingua_18-36-27] Trying to find element: By.xpath: //ytd-topbar-menu-button-renderer[@class='style-scope ytd-masthead style-default']
18:36:39 [TestNG-test-Yt Master Tests-1] INFO  verifyingSideMenuLanguageAsInSettingsLingua_18-36-27 - [verifyingSideMenuLanguageAsInSettingsLingua_18-36-27] Element found and ready (attempt 1): By.xpath: //ytd-topbar-menu-button-renderer[@class='style-scope ytd-masthead style-default']
18:36:39 [TestNG-test-Yt Master Tests-1] INFO  verifyingSideMenuLanguageAsInSettingsLingua_18-36-27 - Clicking language dropdown...
18:36:39 [TestNG-test-Yt Master Tests-1] INFO  verifyingSideMenuLanguageAsInSettingsLingua_18-36-27 - [verifyingSideMenuLanguageAsInSettingsLingua_18-36-27] Trying to find element: By.xpath: (//div[@id='content-icon'])[2]
18:36:39 [TestNG-test-Yt Master Tests-1] INFO  verifyingSideMenuLanguageAsInSettingsLingua_18-36-27 - [verifyingSideMenuLanguageAsInSettingsLingua_18-36-27] Element found and ready (attempt 1): By.xpath: (//div[@id='content-icon'])[2]
18:36:39 [TestNG-test-Yt Master Tests-1] INFO  verifyingSideMenuLanguageAsInSettingsLingua_18-36-27 - Looking for language element with name: Azərbaycan
18:36:39 [TestNG-test-Yt Master Tests-1] INFO  verifyingSideMenuLanguageAsInSettingsLingua_18-36-27 - [verifyingSideMenuLanguageAsInSettingsLingua_18-36-27] Trying to find element: By.xpath: //yt-multi-page-menu-section-renderer[@class='style-scope ytd-multi-page-menu-renderer']//yt-formatted-string[@id='label' and text()='Azərbaycan']
18:36:40 [TestNG-test-Yt Master Tests-1] INFO  verifyingSideMenuLanguageAsInSettingsLingua_18-36-27 - [verifyingSideMenuLanguageAsInSettingsLingua_18-36-27] Element found and ready (attempt 1): By.xpath: //yt-multi-page-menu-section-renderer[@class='style-scope ytd-multi-page-menu-renderer']//yt-formatted-string[@id='label' and text()='Azərbaycan']
18:36:40 [TestNG-test-Yt Master Tests-1] INFO  verifyingSideMenuLanguageAsInSettingsLingua_18-36-27 - [verifyingSideMenuLanguageAsInSettingsLingua_18-36-27] Trying to find element: By.xpath: //yt-multi-page-menu-section-renderer[@class='style-scope ytd-multi-page-menu-renderer']//yt-formatted-string[@id='label' and text()='Azərbaycan']
18:36:40 [TestNG-test-Yt Master Tests-1] INFO  verifyingSideMenuLanguageAsInSettingsLingua_18-36-27 - [verifyingSideMenuLanguageAsInSettingsLingua_18-36-27] Element found and ready (attempt 1): By.xpath: //yt-multi-page-menu-section-renderer[@class='style-scope ytd-multi-page-menu-renderer']//yt-formatted-string[@id='label' and text()='Azərbaycan']
18:36:41 [TestNG-test-Yt Master Tests-1] INFO  verifyingSideMenuLanguageAsInSettingsLingua_18-36-27 - Clicking settings ellipses button...
18:36:41 [TestNG-test-Yt Master Tests-1] INFO  verifyingSideMenuLanguageAsInSettingsLingua_18-36-27 - [verifyingSideMenuLanguageAsInSettingsLingua_18-36-27] Trying to find element: By.xpath: //ytd-topbar-menu-button-renderer[@class='style-scope ytd-masthead style-default']
18:36:41 [TestNG-test-Yt Master Tests-1] INFO  verifyingSideMenuLanguageAsInSettingsLingua_18-36-27 - [verifyingSideMenuLanguageAsInSettingsLingua_18-36-27] Element found and ready (attempt 1): By.xpath: //ytd-topbar-menu-button-renderer[@class='style-scope ytd-masthead style-default']
18:36:41 [TestNG-test-Yt Master Tests-1] INFO  verifyingSideMenuLanguageAsInSettingsLingua_18-36-27 - [verifyingSideMenuLanguageAsInSettingsLingua_18-36-27] Waiting until element is visible in viewport
18:36:42 [TestNG-test-Yt Master Tests-1] INFO  verifyingSideMenuLanguageAsInSettingsLingua_18-36-27 - Clicking settings ellipses button...
18:36:42 [TestNG-test-Yt Master Tests-1] INFO  verifyingSideMenuLanguageAsInSettingsLingua_18-36-27 - [verifyingSideMenuLanguageAsInSettingsLingua_18-36-27] Trying to find element: By.xpath: //ytd-topbar-menu-button-renderer[@class='style-scope ytd-masthead style-default']
18:36:42 [TestNG-test-Yt Master Tests-1] INFO  verifyingSideMenuLanguageAsInSettingsLingua_18-36-27 - [verifyingSideMenuLanguageAsInSettingsLingua_18-36-27] Element found and ready (attempt 1): By.xpath: //ytd-topbar-menu-button-renderer[@class='style-scope ytd-masthead style-default']
18:36:42 [TestNG-test-Yt Master Tests-1] INFO  verifyingSideMenuLanguageAsInSettingsLingua_18-36-27 - Fetching the side menu in expanded view
18:36:42 [TestNG-test-Yt Master Tests-1] INFO  verifyingSideMenuLanguageAsInSettingsLingua_18-36-27 - [verifyingSideMenuLanguageAsInSettingsLingua_18-36-27] Finding elements list: By.xpath: //ytd-guide-entry-renderer[@class='style-scope ytd-guide-section-renderer']
18:36:42 [TestNG-test-Yt Master Tests-1] INFO  verifyingSideMenuLanguageAsInSettingsLingua_18-36-27 - [verifyingSideMenuLanguageAsInSettingsLingua_18-36-27] Found 13 ready elements (attempt 1): By.xpath: //ytd-guide-entry-renderer[@class='style-scope ytd-guide-section-renderer']
18:36:43 [TestNG-test-Yt Master Tests-1] INFO  verifyingSideMenuLanguageAsInSettingsLingua_18-36-27 - 
========== LANGUAGE DETECTION ==========
Detected Language : AZERBAIJANI
Input Text        : Ev Shorts Abunəliklər Siz Tarixçə Musiqi Film və TV Canlı YouTube Premium YouTube TV YouTube Music YouTube Kids Xəbər tarixçəsi
========================================
18:36:43 [TestNG-test-Yt Master Tests-1] INFO  verifyingSideMenuLanguageAsInSettingsLingua_18-36-27 - getLangAttribute() - locating <html> and reading lang property
18:36:43 [TestNG-test-Yt Master Tests-1] INFO  verifyingSideMenuLanguageAsInSettingsLingua_18-36-27 - Language attribute read: az-Latn-AZ
18:36:43 [TestNG-test-Yt Master Tests-1] INFO  verifyingSideMenuLanguageAsInSettingsLingua_18-36-27 - [verifyingSideMenuLanguageAsInSettingsLingua_18-36-27] ApplicableLanguage==  Azərbaycan     Detected Language ==  AZERBAIJANI  Expected Language == AZERBAIJANI
18:36:43 [TestNG-test-Yt Master Tests-1] INFO  verifyingSideMenuLanguageAsInSettingsLingua_18-36-27 - Clicking settings ellipses button...
18:36:43 [TestNG-test-Yt Master Tests-1] INFO  verifyingSideMenuLanguageAsInSettingsLingua_18-36-27 - [verifyingSideMenuLanguageAsInSettingsLingua_18-36-27] Trying to find element: By.xpath: //ytd-topbar-menu-button-renderer[@class='style-scope ytd-masthead style-default']
18:36:43 [TestNG-test-Yt Master Tests-1] INFO  verifyingSideMenuLanguageAsInSettingsLingua_18-36-27 - [verifyingSideMenuLanguageAsInSettingsLingua_18-36-27] Element found and ready (attempt 1): By.xpath: //ytd-topbar-menu-button-renderer[@class='style-scope ytd-masthead style-default']
18:36:43 [TestNG-test-Yt Master Tests-1] INFO  verifyingSideMenuLanguageAsInSettingsLingua_18-36-27 - Clicking language dropdown...
18:36:43 [TestNG-test-Yt Master Tests-1] INFO  verifyingSideMenuLanguageAsInSettingsLingua_18-36-27 - [verifyingSideMenuLanguageAsInSettingsLingua_18-36-27] Trying to find element: By.xpath: (//div[@id='content-icon'])[2]
18:36:43 [TestNG-test-Yt Master Tests-1] INFO  verifyingSideMenuLanguageAsInSettingsLingua_18-36-27 - [verifyingSideMenuLanguageAsInSettingsLingua_18-36-27] Element found and ready (attempt 1): By.xpath: (//div[@id='content-icon'])[2]
18:36:44 [TestNG-test-Yt Master Tests-1] INFO  verifyingSideMenuLanguageAsInSettingsLingua_18-36-27 - Looking for language element with name: Bahasa Indonesia
18:36:44 [TestNG-test-Yt Master Tests-1] INFO  verifyingSideMenuLanguageAsInSettingsLingua_18-36-27 - [verifyingSideMenuLanguageAsInSettingsLingua_18-36-27] Trying to find element: By.xpath: //yt-multi-page-menu-section-renderer[@class='style-scope ytd-multi-page-menu-renderer']//yt-formatted-string[@id='label' and text()='Bahasa Indonesia']
18:36:44 [TestNG-test-Yt Master Tests-1] INFO  verifyingSideMenuLanguageAsInSettingsLingua_18-36-27 - [verifyingSideMenuLanguageAsInSettingsLingua_18-36-27] Element found and ready (attempt 1): By.xpath: //yt-multi-page-menu-section-renderer[@class='style-scope ytd-multi-page-menu-renderer']//yt-formatted-string[@id='label' and text()='Bahasa Indonesia']
18:36:44 [TestNG-test-Yt Master Tests-1] INFO  verifyingSideMenuLanguageAsInSettingsLingua_18-36-27 - [verifyingSideMenuLanguageAsInSettingsLingua_18-36-27] Trying to find element: By.xpath: //yt-multi-page-menu-section-renderer[@class='style-scope ytd-multi-page-menu-renderer']//yt-formatted-string[@id='label' and text()='Bahasa Indonesia']
18:36:44 [TestNG-test-Yt Master Tests-1] INFO  verifyingSideMenuLanguageAsInSettingsLingua_18-36-27 - [verifyingSideMenuLanguageAsInSettingsLingua_18-36-27] Element found and ready (attempt 1): By.xpath: //yt-multi-page-menu-section-renderer[@class='style-scope ytd-multi-page-menu-renderer']//yt-formatted-string[@id='label' and text()='Bahasa Indonesia']
18:36:45 [TestNG-test-Yt Master Tests-1] INFO  verifyingSideMenuLanguageAsInSettingsLingua_18-36-27 - Clicking settings ellipses button...
18:36:45 [TestNG-test-Yt Master Tests-1] INFO  verifyingSideMenuLanguageAsInSettingsLingua_18-36-27 - [verifyingSideMenuLanguageAsInSettingsLingua_18-36-27] Trying to find element: By.xpath: //ytd-topbar-menu-button-renderer[@class='style-scope ytd-masthead style-default']
18:36:46 [TestNG-test-Yt Master Tests-1] INFO  verifyingSideMenuLanguageAsInSettingsLingua_18-36-27 - [verifyingSideMenuLanguageAsInSettingsLingua_18-36-27] Element found and ready (attempt 1): By.xpath: //ytd-topbar-menu-button-renderer[@class='style-scope ytd-masthead style-default']
18:36:46 [TestNG-test-Yt Master Tests-1] INFO  verifyingSideMenuLanguageAsInSettingsLingua_18-36-27 - [verifyingSideMenuLanguageAsInSettingsLingua_18-36-27] Waiting until element is visible in viewport
18:36:46 [TestNG-test-Yt Master Tests-1] INFO  verifyingSideMenuLanguageAsInSettingsLingua_18-36-27 - Clicking settings ellipses button...
18:36:46 [TestNG-test-Yt Master Tests-1] INFO  verifyingSideMenuLanguageAsInSettingsLingua_18-36-27 - [verifyingSideMenuLanguageAsInSettingsLingua_18-36-27] Trying to find element: By.xpath: //ytd-topbar-menu-button-renderer[@class='style-scope ytd-masthead style-default']
18:36:46 [TestNG-test-Yt Master Tests-1] INFO  verifyingSideMenuLanguageAsInSettingsLingua_18-36-27 - [verifyingSideMenuLanguageAsInSettingsLingua_18-36-27] Element found and ready (attempt 1): By.xpath: //ytd-topbar-menu-button-renderer[@class='style-scope ytd-masthead style-default']
18:36:47 [TestNG-test-Yt Master Tests-1] INFO  verifyingSideMenuLanguageAsInSettingsLingua_18-36-27 - Fetching the side menu in expanded view
18:36:47 [TestNG-test-Yt Master Tests-1] INFO  verifyingSideMenuLanguageAsInSettingsLingua_18-36-27 - [verifyingSideMenuLanguageAsInSettingsLingua_18-36-27] Finding elements list: By.xpath: //ytd-guide-entry-renderer[@class='style-scope ytd-guide-section-renderer']
18:36:47 [TestNG-test-Yt Master Tests-1] INFO  verifyingSideMenuLanguageAsInSettingsLingua_18-36-27 - [verifyingSideMenuLanguageAsInSettingsLingua_18-36-27] Found 13 ready elements (attempt 1): By.xpath: //ytd-guide-entry-renderer[@class='style-scope ytd-guide-section-renderer']
18:36:47 [TestNG-test-Yt Master Tests-1] INFO  verifyingSideMenuLanguageAsInSettingsLingua_18-36-27 - 
========== LANGUAGE DETECTION ==========
Detected Language : ENGLISH
Input Text        : Beranda Shorts Subscription Anda Histori Musik Film & TV Live YouTube Premium YouTube TV YouTube Music YouTube Kids Histori laporan
========================================
18:36:47 [TestNG-test-Yt Master Tests-1] INFO  verifyingSideMenuLanguageAsInSettingsLingua_18-36-27 - getLangAttribute() - locating <html> and reading lang property
18:36:47 [TestNG-test-Yt Master Tests-1] INFO  verifyingSideMenuLanguageAsInSettingsLingua_18-36-27 - Language attribute read: id-ID
18:36:47 [TestNG-test-Yt Master Tests-1] INFO  verifyingSideMenuLanguageAsInSettingsLingua_18-36-27 - [verifyingSideMenuLanguageAsInSettingsLingua_18-36-27] ApplicableLanguage==  Bahasa Indonesia     Detected Language ==  ENGLISH  Expected Language == INDONESIAN
18:36:47 [TestNG-test-Yt Master Tests-1] INFO  verifyingSideMenuLanguageAsInSettingsLingua_18-36-27 - Clicking settings ellipses button...
18:36:47 [TestNG-test-Yt Master Tests-1] INFO  verifyingSideMenuLanguageAsInSettingsLingua_18-36-27 - [verifyingSideMenuLanguageAsInSettingsLingua_18-36-27] Trying to find element: By.xpath: //ytd-topbar-menu-button-renderer[@class='style-scope ytd-masthead style-default']
18:36:47 [TestNG-test-Yt Master Tests-1] INFO  verifyingSideMenuLanguageAsInSettingsLingua_18-36-27 - [verifyingSideMenuLanguageAsInSettingsLingua_18-36-27] Element found and ready (attempt 1): By.xpath: //ytd-topbar-menu-button-renderer[@class='style-scope ytd-masthead style-default']
18:36:47 [TestNG-test-Yt Master Tests-1] INFO  verifyingSideMenuLanguageAsInSettingsLingua_18-36-27 - Clicking language dropdown...
18:36:47 [TestNG-test-Yt Master Tests-1] INFO  verifyingSideMenuLanguageAsInSettingsLingua_18-36-27 - [verifyingSideMenuLanguageAsInSettingsLingua_18-36-27] Trying to find element: By.xpath: (//div[@id='content-icon'])[2]
18:36:48 [TestNG-test-Yt Master Tests-1] INFO  verifyingSideMenuLanguageAsInSettingsLingua_18-36-27 - [verifyingSideMenuLanguageAsInSettingsLingua_18-36-27] Element found and ready (attempt 1): By.xpath: (//div[@id='content-icon'])[2]
18:36:48 [TestNG-test-Yt Master Tests-1] INFO  verifyingSideMenuLanguageAsInSettingsLingua_18-36-27 - Looking for language element with name: Bosanski
18:36:48 [TestNG-test-Yt Master Tests-1] INFO  verifyingSideMenuLanguageAsInSettingsLingua_18-36-27 - [verifyingSideMenuLanguageAsInSettingsLingua_18-36-27] Trying to find element: By.xpath: //yt-multi-page-menu-section-renderer[@class='style-scope ytd-multi-page-menu-renderer']//yt-formatted-string[@id='label' and text()='Bosanski']
18:36:48 [TestNG-test-Yt Master Tests-1] INFO  verifyingSideMenuLanguageAsInSettingsLingua_18-36-27 - [verifyingSideMenuLanguageAsInSettingsLingua_18-36-27] Element found and ready (attempt 1): By.xpath: //yt-multi-page-menu-section-renderer[@class='style-scope ytd-multi-page-menu-renderer']//yt-formatted-string[@id='label' and text()='Bosanski']
18:36:48 [TestNG-test-Yt Master Tests-1] INFO  verifyingSideMenuLanguageAsInSettingsLingua_18-36-27 - [verifyingSideMenuLanguageAsInSettingsLingua_18-36-27] Trying to find element: By.xpath: //yt-multi-page-menu-section-renderer[@class='style-scope ytd-multi-page-menu-renderer']//yt-formatted-string[@id='label' and text()='Bosanski']
18:36:49 [TestNG-test-Yt Master Tests-1] INFO  verifyingSideMenuLanguageAsInSettingsLingua_18-36-27 - [verifyingSideMenuLanguageAsInSettingsLingua_18-36-27] Element found and ready (attempt 1): By.xpath: //yt-multi-page-menu-section-renderer[@class='style-scope ytd-multi-page-menu-renderer']//yt-formatted-string[@id='label' and text()='Bosanski']
18:36:50 [TestNG-test-Yt Master Tests-1] INFO  verifyingSideMenuLanguageAsInSettingsLingua_18-36-27 - Clicking settings ellipses button...
18:36:50 [TestNG-test-Yt Master Tests-1] INFO  verifyingSideMenuLanguageAsInSettingsLingua_18-36-27 - [verifyingSideMenuLanguageAsInSettingsLingua_18-36-27] Trying to find element: By.xpath: //ytd-topbar-menu-button-renderer[@class='style-scope ytd-masthead style-default']
18:36:50 [TestNG-test-Yt Master Tests-1] INFO  verifyingSideMenuLanguageAsInSettingsLingua_18-36-27 - [verifyingSideMenuLanguageAsInSettingsLingua_18-36-27] Element found and ready (attempt 1): By.xpath: //ytd-topbar-menu-button-renderer[@class='style-scope ytd-masthead style-default']
18:36:50 [TestNG-test-Yt Master Tests-1] INFO  verifyingSideMenuLanguageAsInSettingsLingua_18-36-27 - [verifyingSideMenuLanguageAsInSettingsLingua_18-36-27] Waiting until element is visible in viewport
18:36:51 [TestNG-test-Yt Master Tests-1] INFO  verifyingSideMenuLanguageAsInSettingsLingua_18-36-27 - Clicking settings ellipses button...
18:36:51 [TestNG-test-Yt Master Tests-1] INFO  verifyingSideMenuLanguageAsInSettingsLingua_18-36-27 - [verifyingSideMenuLanguageAsInSettingsLingua_18-36-27] Trying to find element: By.xpath: //ytd-topbar-menu-button-renderer[@class='style-scope ytd-masthead style-default']
18:36:51 [TestNG-test-Yt Master Tests-1] INFO  verifyingSideMenuLanguageAsInSettingsLingua_18-36-27 - [verifyingSideMenuLanguageAsInSettingsLingua_18-36-27] Element found and ready (attempt 1): By.xpath: //ytd-topbar-menu-button-renderer[@class='style-scope ytd-masthead style-default']
18:36:51 [TestNG-test-Yt Master Tests-1] INFO  verifyingSideMenuLanguageAsInSettingsLingua_18-36-27 - Fetching the side menu in expanded view
18:36:51 [TestNG-test-Yt Master Tests-1] INFO  verifyingSideMenuLanguageAsInSettingsLingua_18-36-27 - [verifyingSideMenuLanguageAsInSettingsLingua_18-36-27] Finding elements list: By.xpath: //ytd-guide-entry-renderer[@class='style-scope ytd-guide-section-renderer']
18:36:51 [TestNG-test-Yt Master Tests-1] INFO  verifyingSideMenuLanguageAsInSettingsLingua_18-36-27 - [verifyingSideMenuLanguageAsInSettingsLingua_18-36-27] Found 13 ready elements (attempt 1): By.xpath: //ytd-guide-entry-renderer[@class='style-scope ytd-guide-section-renderer']
18:36:51 [TestNG-test-Yt Master Tests-1] INFO  verifyingSideMenuLanguageAsInSettingsLingua_18-36-27 - 
========== LANGUAGE DETECTION ==========
Detected Language : BOSNIAN
Input Text        : Početna stranica Shorts Pretplate Vi Hi‪storija Muzika Filmovi i TV Uživo YouTube Premium YouTube TV YouTube Music YouTube Kids Historija prijava
========================================
18:36:51 [TestNG-test-Yt Master Tests-1] INFO  verifyingSideMenuLanguageAsInSettingsLingua_18-36-27 - getLangAttribute() - locating <html> and reading lang property
18:36:51 [TestNG-test-Yt Master Tests-1] INFO  verifyingSideMenuLanguageAsInSettingsLingua_18-36-27 - Language attribute read: bs-Latn-BA
18:36:51 [TestNG-test-Yt Master Tests-1] INFO  verifyingSideMenuLanguageAsInSettingsLingua_18-36-27 - [verifyingSideMenuLanguageAsInSettingsLingua_18-36-27] ApplicableLanguage==  Bosanski     Detected Language ==  BOSNIAN  Expected Language == CROATIAN
18:36:51 [TestNG-test-Yt Master Tests-1] INFO  verifyingSideMenuLanguageAsInSettingsLingua_18-36-27 - Clicking settings ellipses button...
18:36:51 [TestNG-test-Yt Master Tests-1] INFO  verifyingSideMenuLanguageAsInSettingsLingua_18-36-27 - [verifyingSideMenuLanguageAsInSettingsLingua_18-36-27] Trying to find element: By.xpath: //ytd-topbar-menu-button-renderer[@class='style-scope ytd-masthead style-default']
18:36:51 [TestNG-test-Yt Master Tests-1] INFO  verifyingSideMenuLanguageAsInSettingsLingua_18-36-27 - [verifyingSideMenuLanguageAsInSettingsLingua_18-36-27] Element found and ready (attempt 1): By.xpath: //ytd-topbar-menu-button-renderer[@class='style-scope ytd-masthead style-default']
18:36:52 [TestNG-test-Yt Master Tests-1] INFO  verifyingSideMenuLanguageAsInSettingsLingua_18-36-27 - Clicking language dropdown...
18:36:52 [TestNG-test-Yt Master Tests-1] INFO  verifyingSideMenuLanguageAsInSettingsLingua_18-36-27 - [verifyingSideMenuLanguageAsInSettingsLingua_18-36-27] Trying to find element: By.xpath: (//div[@id='content-icon'])[2]
18:36:52 [TestNG-test-Yt Master Tests-1] INFO  verifyingSideMenuLanguageAsInSettingsLingua_18-36-27 - [verifyingSideMenuLanguageAsInSettingsLingua_18-36-27] Element found and ready (attempt 1): By.xpath: (//div[@id='content-icon'])[2]
18:36:52 [TestNG-test-Yt Master Tests-1] INFO  verifyingSideMenuLanguageAsInSettingsLingua_18-36-27 - Looking for language element with name: Català
18:36:52 [TestNG-test-Yt Master Tests-1] INFO  verifyingSideMenuLanguageAsInSettingsLingua_18-36-27 - [verifyingSideMenuLanguageAsInSettingsLingua_18-36-27] Trying to find element: By.xpath: //yt-multi-page-menu-section-renderer[@class='style-scope ytd-multi-page-menu-renderer']//yt-formatted-string[@id='label' and text()='Català']
18:36:53 [TestNG-test-Yt Master Tests-1] INFO  verifyingSideMenuLanguageAsInSettingsLingua_18-36-27 - [verifyingSideMenuLanguageAsInSettingsLingua_18-36-27] Element found and ready (attempt 1): By.xpath: //yt-multi-page-menu-section-renderer[@class='style-scope ytd-multi-page-menu-renderer']//yt-formatted-string[@id='label' and text()='Català']
18:36:53 [TestNG-test-Yt Master Tests-1] INFO  verifyingSideMenuLanguageAsInSettingsLingua_18-36-27 - [verifyingSideMenuLanguageAsInSettingsLingua_18-36-27] Trying to find element: By.xpath: //yt-multi-page-menu-section-renderer[@class='style-scope ytd-multi-page-menu-renderer']//yt-formatted-string[@id='label' and text()='Català']
18:36:53 [TestNG-test-Yt Master Tests-1] INFO  verifyingSideMenuLanguageAsInSettingsLingua_18-36-27 - [verifyingSideMenuLanguageAsInSettingsLingua_18-36-27] Element found and ready (attempt 1): By.xpath: //yt-multi-page-menu-section-renderer[@class='style-scope ytd-multi-page-menu-renderer']//yt-formatted-string[@id='label' and text()='Català']
18:36:54 [TestNG-test-Yt Master Tests-1] INFO  verifyingSideMenuLanguageAsInSettingsLingua_18-36-27 - Clicking settings ellipses button...
18:36:54 [TestNG-test-Yt Master Tests-1] INFO  verifyingSideMenuLanguageAsInSettingsLingua_18-36-27 - [verifyingSideMenuLanguageAsInSettingsLingua_18-36-27] Trying to find element: By.xpath: //ytd-topbar-menu-button-renderer[@class='style-scope ytd-masthead style-default']
18:36:54 [TestNG-test-Yt Master Tests-1] INFO  verifyingSideMenuLanguageAsInSettingsLingua_18-36-27 - [verifyingSideMenuLanguageAsInSettingsLingua_18-36-27] Element found and ready (attempt 1): By.xpath: //ytd-topbar-menu-button-renderer[@class='style-scope ytd-masthead style-default']
18:36:54 [TestNG-test-Yt Master Tests-1] INFO  verifyingSideMenuLanguageAsInSettingsLingua_18-36-27 - [verifyingSideMenuLanguageAsInSettingsLingua_18-36-27] Waiting until element is visible in viewport
18:36:55 [TestNG-test-Yt Master Tests-1] INFO  verifyingSideMenuLanguageAsInSettingsLingua_18-36-27 - Clicking settings ellipses button...
18:36:55 [TestNG-test-Yt Master Tests-1] INFO  verifyingSideMenuLanguageAsInSettingsLingua_18-36-27 - [verifyingSideMenuLanguageAsInSettingsLingua_18-36-27] Trying to find element: By.xpath: //ytd-topbar-menu-button-renderer[@class='style-scope ytd-masthead style-default']
18:36:55 [TestNG-test-Yt Master Tests-1] INFO  verifyingSideMenuLanguageAsInSettingsLingua_18-36-27 - [verifyingSideMenuLanguageAsInSettingsLingua_18-36-27] Element found and ready (attempt 1): By.xpath: //ytd-topbar-menu-button-renderer[@class='style-scope ytd-masthead style-default']
18:36:55 [TestNG-test-Yt Master Tests-1] INFO  verifyingSideMenuLanguageAsInSettingsLingua_18-36-27 - Fetching the side menu in expanded view
18:36:55 [TestNG-test-Yt Master Tests-1] INFO  verifyingSideMenuLanguageAsInSettingsLingua_18-36-27 - [verifyingSideMenuLanguageAsInSettingsLingua_18-36-27] Finding elements list: By.xpath: //ytd-guide-entry-renderer[@class='style-scope ytd-guide-section-renderer']
18:36:56 [TestNG-test-Yt Master Tests-1] INFO  verifyingSideMenuLanguageAsInSettingsLingua_18-36-27 - [verifyingSideMenuLanguageAsInSettingsLingua_18-36-27] Found 13 ready elements (attempt 1): By.xpath: //ytd-guide-entry-renderer[@class='style-scope ytd-guide-section-renderer']
18:36:56 [TestNG-test-Yt Master Tests-1] INFO  verifyingSideMenuLanguageAsInSettingsLingua_18-36-27 - 
========== LANGUAGE DETECTION ==========
Detected Language : CATALAN
Input Text        : Inici YouTube Shorts Subscripcions Tu Historial Música Pel·lícules i televisió En directe YouTube Premium YouTube TV YouTube Music YouTube Kids Historial d'informes
========================================
18:36:56 [TestNG-test-Yt Master Tests-1] INFO  verifyingSideMenuLanguageAsInSettingsLingua_18-36-27 - getLangAttribute() - locating <html> and reading lang property
18:36:56 [TestNG-test-Yt Master Tests-1] INFO  verifyingSideMenuLanguageAsInSettingsLingua_18-36-27 - Language attribute read: ca-ES
18:36:56 [TestNG-test-Yt Master Tests-1] INFO  verifyingSideMenuLanguageAsInSettingsLingua_18-36-27 - [verifyingSideMenuLanguageAsInSettingsLingua_18-36-27] ApplicableLanguage==  Català     Detected Language ==  CATALAN  Expected Language == CATALAN
18:36:56 [TestNG-test-Yt Master Tests-1] INFO  verifyingSideMenuLanguageAsInSettingsLingua_18-36-27 - Clicking settings ellipses button...
18:36:56 [TestNG-test-Yt Master Tests-1] INFO  verifyingSideMenuLanguageAsInSettingsLingua_18-36-27 - [verifyingSideMenuLanguageAsInSettingsLingua_18-36-27] Trying to find element: By.xpath: //ytd-topbar-menu-button-renderer[@class='style-scope ytd-masthead style-default']
18:36:56 [TestNG-test-Yt Master Tests-1] INFO  verifyingSideMenuLanguageAsInSettingsLingua_18-36-27 - [verifyingSideMenuLanguageAsInSettingsLingua_18-36-27] Element found and ready (attempt 1): By.xpath: //ytd-topbar-menu-button-renderer[@class='style-scope ytd-masthead style-default']
18:36:56 [TestNG-test-Yt Master Tests-1] INFO  verifyingSideMenuLanguageAsInSettingsLingua_18-36-27 - Clicking language dropdown...
18:36:56 [TestNG-test-Yt Master Tests-1] INFO  verifyingSideMenuLanguageAsInSettingsLingua_18-36-27 - [verifyingSideMenuLanguageAsInSettingsLingua_18-36-27] Trying to find element: By.xpath: (//div[@id='content-icon'])[2]
18:36:57 [TestNG-test-Yt Master Tests-1] INFO  verifyingSideMenuLanguageAsInSettingsLingua_18-36-27 - [verifyingSideMenuLanguageAsInSettingsLingua_18-36-27] Element found and ready (attempt 1): By.xpath: (//div[@id='content-icon'])[2]
18:36:57 [TestNG-test-Yt Master Tests-1] INFO  verifyingSideMenuLanguageAsInSettingsLingua_18-36-27 - Looking for language element with name: Dansk
18:36:57 [TestNG-test-Yt Master Tests-1] INFO  verifyingSideMenuLanguageAsInSettingsLingua_18-36-27 - [verifyingSideMenuLanguageAsInSettingsLingua_18-36-27] Trying to find element: By.xpath: //yt-multi-page-menu-section-renderer[@class='style-scope ytd-multi-page-menu-renderer']//yt-formatted-string[@id='label' and text()='Dansk']
18:36:57 [TestNG-test-Yt Master Tests-1] INFO  verifyingSideMenuLanguageAsInSettingsLingua_18-36-27 - [verifyingSideMenuLanguageAsInSettingsLingua_18-36-27] Element found and ready (attempt 1): By.xpath: //yt-multi-page-menu-section-renderer[@class='style-scope ytd-multi-page-menu-renderer']//yt-formatted-string[@id='label' and text()='Dansk']
18:36:57 [TestNG-test-Yt Master Tests-1] INFO  verifyingSideMenuLanguageAsInSettingsLingua_18-36-27 - [verifyingSideMenuLanguageAsInSettingsLingua_18-36-27] Trying to find element: By.xpath: //yt-multi-page-menu-section-renderer[@class='style-scope ytd-multi-page-menu-renderer']//yt-formatted-string[@id='label' and text()='Dansk']
18:36:57 [TestNG-test-Yt Master Tests-1] INFO  verifyingSideMenuLanguageAsInSettingsLingua_18-36-27 - [verifyingSideMenuLanguageAsInSettingsLingua_18-36-27] Element found and ready (attempt 1): By.xpath: //yt-multi-page-menu-section-renderer[@class='style-scope ytd-multi-page-menu-renderer']//yt-formatted-string[@id='label' and text()='Dansk']
18:36:59 [TestNG-test-Yt Master Tests-1] INFO  verifyingSideMenuLanguageAsInSettingsLingua_18-36-27 - Clicking settings ellipses button...
18:36:59 [TestNG-test-Yt Master Tests-1] INFO  verifyingSideMenuLanguageAsInSettingsLingua_18-36-27 - [verifyingSideMenuLanguageAsInSettingsLingua_18-36-27] Trying to find element: By.xpath: //ytd-topbar-menu-button-renderer[@class='style-scope ytd-masthead style-default']
18:37:00 [TestNG-test-Yt Master Tests-1] INFO  verifyingSideMenuLanguageAsInSettingsLingua_18-36-27 - [verifyingSideMenuLanguageAsInSettingsLingua_18-36-27] Element found and ready (attempt 1): By.xpath: //ytd-topbar-menu-button-renderer[@class='style-scope ytd-masthead style-default']
18:37:00 [TestNG-test-Yt Master Tests-1] INFO  verifyingSideMenuLanguageAsInSettingsLingua_18-36-27 - [verifyingSideMenuLanguageAsInSettingsLingua_18-36-27] Waiting until element is visible in viewport
18:37:00 [TestNG-test-Yt Master Tests-1] INFO  verifyingSideMenuLanguageAsInSettingsLingua_18-36-27 - Clicking settings ellipses button...
18:37:00 [TestNG-test-Yt Master Tests-1] INFO  verifyingSideMenuLanguageAsInSettingsLingua_18-36-27 - [verifyingSideMenuLanguageAsInSettingsLingua_18-36-27] Trying to find element: By.xpath: //ytd-topbar-menu-button-renderer[@class='style-scope ytd-masthead style-default']
18:37:01 [TestNG-test-Yt Master Tests-1] INFO  verifyingSideMenuLanguageAsInSettingsLingua_18-36-27 - [verifyingSideMenuLanguageAsInSettingsLingua_18-36-27] Element found and ready (attempt 1): By.xpath: //ytd-topbar-menu-button-renderer[@class='style-scope ytd-masthead style-default']
18:37:01 [TestNG-test-Yt Master Tests-1] INFO  verifyingSideMenuLanguageAsInSettingsLingua_18-36-27 - Fetching the side menu in expanded view
18:37:01 [TestNG-test-Yt Master Tests-1] INFO  verifyingSideMenuLanguageAsInSettingsLingua_18-36-27 - [verifyingSideMenuLanguageAsInSettingsLingua_18-36-27] Finding elements list: By.xpath: //ytd-guide-entry-renderer[@class='style-scope ytd-guide-section-renderer']
18:37:01 [TestNG-test-Yt Master Tests-1] INFO  verifyingSideMenuLanguageAsInSettingsLingua_18-36-27 - [verifyingSideMenuLanguageAsInSettingsLingua_18-36-27] Found 13 ready elements (attempt 1): By.xpath: //ytd-guide-entry-renderer[@class='style-scope ytd-guide-section-renderer']
18:37:01 [TestNG-test-Yt Master Tests-1] INFO  verifyingSideMenuLanguageAsInSettingsLingua_18-36-27 - 
========== LANGUAGE DETECTION ==========
Detected Language : DANISH
Input Text        : Start Shorts Abonnementer Dig Historik Musik Film og tv Live YouTube Premium YouTube TV YouTube Music YouTube Kids Rapporteringshistorik
========================================
18:37:01 [TestNG-test-Yt Master Tests-1] INFO  verifyingSideMenuLanguageAsInSettingsLingua_18-36-27 - getLangAttribute() - locating <html> and reading lang property
18:37:02 [TestNG-test-Yt Master Tests-1] INFO  verifyingSideMenuLanguageAsInSettingsLingua_18-36-27 - Language attribute read: da-DK
18:37:02 [TestNG-test-Yt Master Tests-1] INFO  verifyingSideMenuLanguageAsInSettingsLingua_18-36-27 - [verifyingSideMenuLanguageAsInSettingsLingua_18-36-27] ApplicableLanguage==  Dansk     Detected Language ==  DANISH  Expected Language == DANISH
18:37:02 [TestNG-test-Yt Master Tests-1] INFO  verifyingSideMenuLanguageAsInSettingsLingua_18-36-27 - Clicking settings ellipses button...
18:37:02 [TestNG-test-Yt Master Tests-1] INFO  verifyingSideMenuLanguageAsInSettingsLingua_18-36-27 - [verifyingSideMenuLanguageAsInSettingsLingua_18-36-27] Trying to find element: By.xpath: //ytd-topbar-menu-button-renderer[@class='style-scope ytd-masthead style-default']
18:37:02 [TestNG-test-Yt Master Tests-1] INFO  verifyingSideMenuLanguageAsInSettingsLingua_18-36-27 - [verifyingSideMenuLanguageAsInSettingsLingua_18-36-27] Element found and ready (attempt 1): By.xpath: //ytd-topbar-menu-button-renderer[@class='style-scope ytd-masthead style-default']
18:37:02 [TestNG-test-Yt Master Tests-1] INFO  verifyingSideMenuLanguageAsInSettingsLingua_18-36-27 - Clicking language dropdown...
18:37:02 [TestNG-test-Yt Master Tests-1] INFO  verifyingSideMenuLanguageAsInSettingsLingua_18-36-27 - [verifyingSideMenuLanguageAsInSettingsLingua_18-36-27] Trying to find element: By.xpath: (//div[@id='content-icon'])[2]
18:37:02 [TestNG-test-Yt Master Tests-1] INFO  verifyingSideMenuLanguageAsInSettingsLingua_18-36-27 - [verifyingSideMenuLanguageAsInSettingsLingua_18-36-27] Element found and ready (attempt 1): By.xpath: (//div[@id='content-icon'])[2]
18:37:02 [TestNG-test-Yt Master Tests-1] INFO  verifyingSideMenuLanguageAsInSettingsLingua_18-36-27 - Looking for language element with name: Deutsch
18:37:02 [TestNG-test-Yt Master Tests-1] INFO  verifyingSideMenuLanguageAsInSettingsLingua_18-36-27 - [verifyingSideMenuLanguageAsInSettingsLingua_18-36-27] Trying to find element: By.xpath: //yt-multi-page-menu-section-renderer[@class='style-scope ytd-multi-page-menu-renderer']//yt-formatted-string[@id='label' and text()='Deutsch']
18:37:02 [TestNG-test-Yt Master Tests-1] INFO  verifyingSideMenuLanguageAsInSettingsLingua_18-36-27 - [verifyingSideMenuLanguageAsInSettingsLingua_18-36-27] Element found and ready (attempt 1): By.xpath: //yt-multi-page-menu-section-renderer[@class='style-scope ytd-multi-page-menu-renderer']//yt-formatted-string[@id='label' and text()='Deutsch']
18:37:02 [TestNG-test-Yt Master Tests-1] INFO  verifyingSideMenuLanguageAsInSettingsLingua_18-36-27 - [verifyingSideMenuLanguageAsInSettingsLingua_18-36-27] Trying to find element: By.xpath: //yt-multi-page-menu-section-renderer[@class='style-scope ytd-multi-page-menu-renderer']//yt-formatted-string[@id='label' and text()='Deutsch']
18:37:02 [TestNG-test-Yt Master Tests-1] INFO  verifyingSideMenuLanguageAsInSettingsLingua_18-36-27 - [verifyingSideMenuLanguageAsInSettingsLingua_18-36-27] Element found and ready (attempt 1): By.xpath: //yt-multi-page-menu-section-renderer[@class='style-scope ytd-multi-page-menu-renderer']//yt-formatted-string[@id='label' and text()='Deutsch']
18:37:03 [TestNG-test-Yt Master Tests-1] INFO  verifyingSideMenuLanguageAsInSettingsLingua_18-36-27 - Clicking settings ellipses button...
18:37:04 [TestNG-test-Yt Master Tests-1] INFO  verifyingSideMenuLanguageAsInSettingsLingua_18-36-27 - [verifyingSideMenuLanguageAsInSettingsLingua_18-36-27] Trying to find element: By.xpath: //ytd-topbar-menu-button-renderer[@class='style-scope ytd-masthead style-default']
18:37:04 [TestNG-test-Yt Master Tests-1] INFO  verifyingSideMenuLanguageAsInSettingsLingua_18-36-27 - [verifyingSideMenuLanguageAsInSettingsLingua_18-36-27] Element found and ready (attempt 1): By.xpath: //ytd-topbar-menu-button-renderer[@class='style-scope ytd-masthead style-default']
18:37:04 [TestNG-test-Yt Master Tests-1] INFO  verifyingSideMenuLanguageAsInSettingsLingua_18-36-27 - [verifyingSideMenuLanguageAsInSettingsLingua_18-36-27] Waiting until element is visible in viewport
18:37:05 [TestNG-test-Yt Master Tests-1] INFO  verifyingSideMenuLanguageAsInSettingsLingua_18-36-27 - Clicking settings ellipses button...
18:37:05 [TestNG-test-Yt Master Tests-1] INFO  verifyingSideMenuLanguageAsInSettingsLingua_18-36-27 - [verifyingSideMenuLanguageAsInSettingsLingua_18-36-27] Trying to find element: By.xpath: //ytd-topbar-menu-button-renderer[@class='style-scope ytd-masthead style-default']
18:37:05 [TestNG-test-Yt Master Tests-1] INFO  verifyingSideMenuLanguageAsInSettingsLingua_18-36-27 - [verifyingSideMenuLanguageAsInSettingsLingua_18-36-27] Element found and ready (attempt 1): By.xpath: //ytd-topbar-menu-button-renderer[@class='style-scope ytd-masthead style-default']
18:37:05 [TestNG-test-Yt Master Tests-1] INFO  verifyingSideMenuLanguageAsInSettingsLingua_18-36-27 - Fetching the side menu in expanded view
18:37:05 [TestNG-test-Yt Master Tests-1] INFO  verifyingSideMenuLanguageAsInSettingsLingua_18-36-27 - [verifyingSideMenuLanguageAsInSettingsLingua_18-36-27] Finding elements list: By.xpath: //ytd-guide-entry-renderer[@class='style-scope ytd-guide-section-renderer']
18:37:06 [TestNG-test-Yt Master Tests-1] INFO  verifyingSideMenuLanguageAsInSettingsLingua_18-36-27 - [verifyingSideMenuLanguageAsInSettingsLingua_18-36-27] Found 13 ready elements (attempt 1): By.xpath: //ytd-guide-entry-renderer[@class='style-scope ytd-guide-section-renderer']
18:37:06 [TestNG-test-Yt Master Tests-1] INFO  verifyingSideMenuLanguageAsInSettingsLingua_18-36-27 - 
========== LANGUAGE DETECTION ==========
Detected Language : GERMAN
Input Text        : Startseite Shorts Abos Mein YouTube Verlauf Musik Filme & Shows Live YouTube Premium YouTube TV YouTube Music YouTube Kids Meldeverlauf
========================================
18:37:06 [TestNG-test-Yt Master Tests-1] INFO  verifyingSideMenuLanguageAsInSettingsLingua_18-36-27 - getLangAttribute() - locating <html> and reading lang property
18:37:06 [TestNG-test-Yt Master Tests-1] INFO  verifyingSideMenuLanguageAsInSettingsLingua_18-36-27 - Language attribute read: de-DE
18:37:06 [TestNG-test-Yt Master Tests-1] INFO  verifyingSideMenuLanguageAsInSettingsLingua_18-36-27 - [verifyingSideMenuLanguageAsInSettingsLingua_18-36-27] ApplicableLanguage==  Deutsch     Detected Language ==  GERMAN  Expected Language == GERMAN
18:37:06 [TestNG-test-Yt Master Tests-1] INFO  verifyingSideMenuLanguageAsInSettingsLingua_18-36-27 - Clicking settings ellipses button...
18:37:06 [TestNG-test-Yt Master Tests-1] INFO  verifyingSideMenuLanguageAsInSettingsLingua_18-36-27 - [verifyingSideMenuLanguageAsInSettingsLingua_18-36-27] Trying to find element: By.xpath: //ytd-topbar-menu-button-renderer[@class='style-scope ytd-masthead style-default']
18:37:06 [TestNG-test-Yt Master Tests-1] INFO  verifyingSideMenuLanguageAsInSettingsLingua_18-36-27 - [verifyingSideMenuLanguageAsInSettingsLingua_18-36-27] Element found and ready (attempt 1): By.xpath: //ytd-topbar-menu-button-renderer[@class='style-scope ytd-masthead style-default']
18:37:06 [TestNG-test-Yt Master Tests-1] INFO  verifyingSideMenuLanguageAsInSettingsLingua_18-36-27 - Clicking language dropdown...
18:37:06 [TestNG-test-Yt Master Tests-1] INFO  verifyingSideMenuLanguageAsInSettingsLingua_18-36-27 - [verifyingSideMenuLanguageAsInSettingsLingua_18-36-27] Trying to find element: By.xpath: (//div[@id='content-icon'])[2]
18:37:07 [TestNG-test-Yt Master Tests-1] INFO  verifyingSideMenuLanguageAsInSettingsLingua_18-36-27 - [verifyingSideMenuLanguageAsInSettingsLingua_18-36-27] Element found and ready (attempt 1): By.xpath: (//div[@id='content-icon'])[2]
18:37:07 [TestNG-test-Yt Master Tests-1] INFO  verifyingSideMenuLanguageAsInSettingsLingua_18-36-27 - Looking for language element with name: Eesti
18:37:07 [TestNG-test-Yt Master Tests-1] INFO  verifyingSideMenuLanguageAsInSettingsLingua_18-36-27 - [verifyingSideMenuLanguageAsInSettingsLingua_18-36-27] Trying to find element: By.xpath: //yt-multi-page-menu-section-renderer[@class='style-scope ytd-multi-page-menu-renderer']//yt-formatted-string[@id='label' and text()='Eesti']
18:37:07 [TestNG-test-Yt Master Tests-1] INFO  verifyingSideMenuLanguageAsInSettingsLingua_18-36-27 - [verifyingSideMenuLanguageAsInSettingsLingua_18-36-27] Element found and ready (attempt 1): By.xpath: //yt-multi-page-menu-section-renderer[@class='style-scope ytd-multi-page-menu-renderer']//yt-formatted-string[@id='label' and text()='Eesti']
18:37:07 [TestNG-test-Yt Master Tests-1] INFO  verifyingSideMenuLanguageAsInSettingsLingua_18-36-27 - [verifyingSideMenuLanguageAsInSettingsLingua_18-36-27] Trying to find element: By.xpath: //yt-multi-page-menu-section-renderer[@class='style-scope ytd-multi-page-menu-renderer']//yt-formatted-string[@id='label' and text()='Eesti']
18:37:07 [TestNG-test-Yt Master Tests-1] INFO  verifyingSideMenuLanguageAsInSettingsLingua_18-36-27 - [verifyingSideMenuLanguageAsInSettingsLingua_18-36-27] Element found and ready (attempt 1): By.xpath: //yt-multi-page-menu-section-renderer[@class='style-scope ytd-multi-page-menu-renderer']//yt-formatted-string[@id='label' and text()='Eesti']
18:37:08 [TestNG-test-Yt Master Tests-1] INFO  verifyingSideMenuLanguageAsInSettingsLingua_18-36-27 - Clicking settings ellipses button...
18:37:09 [TestNG-test-Yt Master Tests-1] INFO  verifyingSideMenuLanguageAsInSettingsLingua_18-36-27 - [verifyingSideMenuLanguageAsInSettingsLingua_18-36-27] Trying to find element: By.xpath: //ytd-topbar-menu-button-renderer[@class='style-scope ytd-masthead style-default']
18:37:09 [TestNG-test-Yt Master Tests-1] INFO  verifyingSideMenuLanguageAsInSettingsLingua_18-36-27 - [verifyingSideMenuLanguageAsInSettingsLingua_18-36-27] Element found and ready (attempt 1): By.xpath: //ytd-topbar-menu-button-renderer[@class='style-scope ytd-masthead style-default']
18:37:09 [TestNG-test-Yt Master Tests-1] INFO  verifyingSideMenuLanguageAsInSettingsLingua_18-36-27 - [verifyingSideMenuLanguageAsInSettingsLingua_18-36-27] Waiting until element is visible in viewport
18:37:10 [TestNG-test-Yt Master Tests-1] INFO  verifyingSideMenuLanguageAsInSettingsLingua_18-36-27 - Clicking settings ellipses button...
18:37:10 [TestNG-test-Yt Master Tests-1] INFO  verifyingSideMenuLanguageAsInSettingsLingua_18-36-27 - [verifyingSideMenuLanguageAsInSettingsLingua_18-36-27] Trying to find element: By.xpath: //ytd-topbar-menu-button-renderer[@class='style-scope ytd-masthead style-default']
18:37:10 [TestNG-test-Yt Master Tests-1] INFO  verifyingSideMenuLanguageAsInSettingsLingua_18-36-27 - [verifyingSideMenuLanguageAsInSettingsLingua_18-36-27] Element found and ready (attempt 1): By.xpath: //ytd-topbar-menu-button-renderer[@class='style-scope ytd-masthead style-default']
18:37:10 [TestNG-test-Yt Master Tests-1] INFO  verifyingSideMenuLanguageAsInSettingsLingua_18-36-27 - Fetching the side menu in expanded view
18:37:10 [TestNG-test-Yt Master Tests-1] INFO  verifyingSideMenuLanguageAsInSettingsLingua_18-36-27 - [verifyingSideMenuLanguageAsInSettingsLingua_18-36-27] Finding elements list: By.xpath: //ytd-guide-entry-renderer[@class='style-scope ytd-guide-section-renderer']
18:37:11 [TestNG-test-Yt Master Tests-1] INFO  verifyingSideMenuLanguageAsInSettingsLingua_18-36-27 - [verifyingSideMenuLanguageAsInSettingsLingua_18-36-27] Found 13 ready elements (attempt 1): By.xpath: //ytd-guide-entry-renderer[@class='style-scope ytd-guide-section-renderer']
18:37:11 [TestNG-test-Yt Master Tests-1] INFO  verifyingSideMenuLanguageAsInSettingsLingua_18-36-27 - 
========== LANGUAGE DETECTION ==========
Detected Language : ESTONIAN
Input Text        : Avaleht Shorts Tellimused Teie Ajalugu Muusika Filmid ja telesarjad Otse YouTube Premium YouTube TV YouTube Music YouTube Kids Teavituste ajalugu
========================================
18:37:11 [TestNG-test-Yt Master Tests-1] INFO  verifyingSideMenuLanguageAsInSettingsLingua_18-36-27 - getLangAttribute() - locating <html> and reading lang property
18:37:11 [TestNG-test-Yt Master Tests-1] INFO  verifyingSideMenuLanguageAsInSettingsLingua_18-36-27 - Language attribute read: et-EE
18:37:11 [TestNG-test-Yt Master Tests-1] INFO  verifyingSideMenuLanguageAsInSettingsLingua_18-36-27 - [verifyingSideMenuLanguageAsInSettingsLingua_18-36-27] ApplicableLanguage==  Eesti     Detected Language ==  ESTONIAN  Expected Language == ESTONIAN
18:37:11 [TestNG-test-Yt Master Tests-1] INFO  verifyingSideMenuLanguageAsInSettingsLingua_18-36-27 - Clicking settings ellipses button...
18:37:11 [TestNG-test-Yt Master Tests-1] INFO  verifyingSideMenuLanguageAsInSettingsLingua_18-36-27 - [verifyingSideMenuLanguageAsInSettingsLingua_18-36-27] Trying to find element: By.xpath: //ytd-topbar-menu-button-renderer[@class='style-scope ytd-masthead style-default']
18:37:11 [TestNG-test-Yt Master Tests-1] INFO  verifyingSideMenuLanguageAsInSettingsLingua_18-36-27 - [verifyingSideMenuLanguageAsInSettingsLingua_18-36-27] Element found and ready (attempt 1): By.xpath: //ytd-topbar-menu-button-renderer[@class='style-scope ytd-masthead style-default']
18:37:11 [TestNG-test-Yt Master Tests-1] INFO  verifyingSideMenuLanguageAsInSettingsLingua_18-36-27 - Clicking language dropdown...
18:37:11 [TestNG-test-Yt Master Tests-1] INFO  verifyingSideMenuLanguageAsInSettingsLingua_18-36-27 - [verifyingSideMenuLanguageAsInSettingsLingua_18-36-27] Trying to find element: By.xpath: (//div[@id='content-icon'])[2]
18:37:11 [TestNG-test-Yt Master Tests-1] INFO  verifyingSideMenuLanguageAsInSettingsLingua_18-36-27 - [verifyingSideMenuLanguageAsInSettingsLingua_18-36-27] Element found and ready (attempt 1): By.xpath: (//div[@id='content-icon'])[2]
18:37:12 [TestNG-test-Yt Master Tests-1] INFO  verifyingSideMenuLanguageAsInSettingsLingua_18-36-27 - Looking for language element with name: English (India)
18:37:12 [TestNG-test-Yt Master Tests-1] INFO  verifyingSideMenuLanguageAsInSettingsLingua_18-36-27 - [verifyingSideMenuLanguageAsInSettingsLingua_18-36-27] Trying to find element: By.xpath: //yt-multi-page-menu-section-renderer[@class='style-scope ytd-multi-page-menu-renderer']//yt-formatted-string[@id='label' and text()='English (India)']
18:37:12 [TestNG-test-Yt Master Tests-1] INFO  verifyingSideMenuLanguageAsInSettingsLingua_18-36-27 - [verifyingSideMenuLanguageAsInSettingsLingua_18-36-27] Element found and ready (attempt 1): By.xpath: //yt-multi-page-menu-section-renderer[@class='style-scope ytd-multi-page-menu-renderer']//yt-formatted-string[@id='label' and text()='English (India)']
18:37:12 [TestNG-test-Yt Master Tests-1] INFO  verifyingSideMenuLanguageAsInSettingsLingua_18-36-27 - [verifyingSideMenuLanguageAsInSettingsLingua_18-36-27] Trying to find element: By.xpath: //yt-multi-page-menu-section-renderer[@class='style-scope ytd-multi-page-menu-renderer']//yt-formatted-string[@id='label' and text()='English (India)']
18:37:12 [TestNG-test-Yt Master Tests-1] INFO  verifyingSideMenuLanguageAsInSettingsLingua_18-36-27 - [verifyingSideMenuLanguageAsInSettingsLingua_18-36-27] Element found and ready (attempt 1): By.xpath: //yt-multi-page-menu-section-renderer[@class='style-scope ytd-multi-page-menu-renderer']//yt-formatted-string[@id='label' and text()='English (India)']
18:37:13 [TestNG-test-Yt Master Tests-1] INFO  verifyingSideMenuLanguageAsInSettingsLingua_18-36-27 - Clicking settings ellipses button...
18:37:13 [TestNG-test-Yt Master Tests-1] INFO  verifyingSideMenuLanguageAsInSettingsLingua_18-36-27 - [verifyingSideMenuLanguageAsInSettingsLingua_18-36-27] Trying to find element: By.xpath: //ytd-topbar-menu-button-renderer[@class='style-scope ytd-masthead style-default']
18:37:14 [TestNG-test-Yt Master Tests-1] INFO  verifyingSideMenuLanguageAsInSettingsLingua_18-36-27 - [verifyingSideMenuLanguageAsInSettingsLingua_18-36-27] Element found and ready (attempt 1): By.xpath: //ytd-topbar-menu-button-renderer[@class='style-scope ytd-masthead style-default']
18:37:14 [TestNG-test-Yt Master Tests-1] INFO  verifyingSideMenuLanguageAsInSettingsLingua_18-36-27 - [verifyingSideMenuLanguageAsInSettingsLingua_18-36-27] Waiting until element is visible in viewport
18:37:14 [TestNG-test-Yt Master Tests-1] INFO  verifyingSideMenuLanguageAsInSettingsLingua_18-36-27 - Clicking settings ellipses button...
18:37:14 [TestNG-test-Yt Master Tests-1] INFO  verifyingSideMenuLanguageAsInSettingsLingua_18-36-27 - [verifyingSideMenuLanguageAsInSettingsLingua_18-36-27] Trying to find element: By.xpath: //ytd-topbar-menu-button-renderer[@class='style-scope ytd-masthead style-default']
18:37:14 [TestNG-test-Yt Master Tests-1] INFO  verifyingSideMenuLanguageAsInSettingsLingua_18-36-27 - [verifyingSideMenuLanguageAsInSettingsLingua_18-36-27] Element found and ready (attempt 1): By.xpath: //ytd-topbar-menu-button-renderer[@class='style-scope ytd-masthead style-default']
18:37:14 [TestNG-test-Yt Master Tests-1] INFO  verifyingSideMenuLanguageAsInSettingsLingua_18-36-27 - Fetching the side menu in expanded view
18:37:14 [TestNG-test-Yt Master Tests-1] INFO  verifyingSideMenuLanguageAsInSettingsLingua_18-36-27 - [verifyingSideMenuLanguageAsInSettingsLingua_18-36-27] Finding elements list: By.xpath: //ytd-guide-entry-renderer[@class='style-scope ytd-guide-section-renderer']
18:37:15 [TestNG-test-Yt Master Tests-1] INFO  verifyingSideMenuLanguageAsInSettingsLingua_18-36-27 - [verifyingSideMenuLanguageAsInSettingsLingua_18-36-27] Found 13 ready elements (attempt 1): By.xpath: //ytd-guide-entry-renderer[@class='style-scope ytd-guide-section-renderer']
18:37:15 [TestNG-test-Yt Master Tests-1] INFO  verifyingSideMenuLanguageAsInSettingsLingua_18-36-27 - 
========== LANGUAGE DETECTION ==========
Detected Language : ENGLISH
Input Text        : Home Shorts Subscriptions You History Shopping Music Movies & TV YouTube Premium YouTube TV YouTube Music YouTube Kids Report history
========================================
18:37:15 [TestNG-test-Yt Master Tests-1] INFO  verifyingSideMenuLanguageAsInSettingsLingua_18-36-27 - getLangAttribute() - locating <html> and reading lang property
18:37:15 [TestNG-test-Yt Master Tests-1] INFO  verifyingSideMenuLanguageAsInSettingsLingua_18-36-27 - Language attribute read: en-IN
18:37:15 [TestNG-test-Yt Master Tests-1] INFO  verifyingSideMenuLanguageAsInSettingsLingua_18-36-27 - [verifyingSideMenuLanguageAsInSettingsLingua_18-36-27] ApplicableLanguage==  English (India)     Detected Language ==  ENGLISH  Expected Language == ENGLISH
18:37:15 [TestNG-test-Yt Master Tests-1] INFO  verifyingSideMenuLanguageAsInSettingsLingua_18-36-27 - Clicking settings ellipses button...
18:37:15 [TestNG-test-Yt Master Tests-1] INFO  verifyingSideMenuLanguageAsInSettingsLingua_18-36-27 - [verifyingSideMenuLanguageAsInSettingsLingua_18-36-27] Trying to find element: By.xpath: //ytd-topbar-menu-button-renderer[@class='style-scope ytd-masthead style-default']
18:37:15 [TestNG-test-Yt Master Tests-1] INFO  verifyingSideMenuLanguageAsInSettingsLingua_18-36-27 - [verifyingSideMenuLanguageAsInSettingsLingua_18-36-27] Element found and ready (attempt 1): By.xpath: //ytd-topbar-menu-button-renderer[@class='style-scope ytd-masthead style-default']
18:37:16 [TestNG-test-Yt Master Tests-1] INFO  verifyingSideMenuLanguageAsInSettingsLingua_18-36-27 - Clicking language dropdown...
18:37:16 [TestNG-test-Yt Master Tests-1] INFO  verifyingSideMenuLanguageAsInSettingsLingua_18-36-27 - [verifyingSideMenuLanguageAsInSettingsLingua_18-36-27] Trying to find element: By.xpath: (//div[@id='content-icon'])[2]
18:37:16 [TestNG-test-Yt Master Tests-1] INFO  verifyingSideMenuLanguageAsInSettingsLingua_18-36-27 - [verifyingSideMenuLanguageAsInSettingsLingua_18-36-27] Element found and ready (attempt 1): By.xpath: (//div[@id='content-icon'])[2]
18:37:17 [TestNG-test-Yt Master Tests-1] INFO  verifyingSideMenuLanguageAsInSettingsLingua_18-36-27 - [verifyingSideMenuLanguageAsInSettingsLingua_18-36-27] Not retrying test 'verifyingSideMenuLanguageAsInSettingsLingua'. Retry count: 0, Cause: The following asserts failed:
	Page title mismatch for language=Afrikaans expected [AFRIKAANS] but found [DUTCH],
	Page title mismatch for language=Bahasa Indonesia expected [INDONESIAN] but found [ENGLISH],
	Page title mismatch for language=Bosanski expected [CROATIAN] but found [BOSNIAN]
