18:11:04 [TestNG-test-Yt Master Tests-3] INFO  verifyingSettingOptionsLang_18-11-04 - No existing WebDriver found for current thread. Initializing a new ChromeDriver...
18:11:04 [TestNG-test-Yt Master Tests-3] INFO  verifyingSettingOptionsLang_18-11-04 - WebDriverManager: chromedriver setup OK
18:11:06 [TestNG-test-Yt Master Tests-3] INFO  verifyingSettingOptionsLang_18-11-04 - ChromeDriver initialized successfully for thread: 36
18:11:06 [TestNG-test-Yt Master Tests-3] INFO  verifyingSettingOptionsLang_18-11-04 - SafeActions initialized with driver ChromeDriver: chrome on windows (97454e98fb43027b8f1c2ea42ab2b1ee)
18:11:06 [TestNG-test-Yt Master Tests-3] INFO  verifyingSettingOptionsLang_18-11-04 - Initialized YtLandingPage with driver: ChromeDriver: chrome on windows (97454e98fb43027b8f1c2ea42ab2b1ee)
18:11:06 [TestNG-test-Yt Master Tests-3] INFO  verifyingSettingOptionsLang_18-11-04 - SafeActions initialized with driver ChromeDriver: chrome on windows (97454e98fb43027b8f1c2ea42ab2b1ee)
18:11:11 [TestNG-test-Yt Master Tests-3] INFO  verifyingSettingOptionsLang_18-11-04 - Opened YouTube landing page.
18:11:11 [TestNG-test-Yt Master Tests-3] INFO  verifyingSettingOptionsLang_18-11-04 - Clicking settings ellipses button...
18:11:11 [TestNG-test-Yt Master Tests-3] INFO  verifyingSettingOptionsLang_18-11-04 - [verifyingSettingOptionsLang_18-11-04] Trying to find element: By.xpath: //ytd-topbar-menu-button-renderer[@class='style-scope ytd-masthead style-default']
18:11:11 [TestNG-test-Yt Master Tests-3] INFO  verifyingSettingOptionsLang_18-11-04 - [verifyingSettingOptionsLang_18-11-04] Element found and ready (attempt 1): By.xpath: //ytd-topbar-menu-button-renderer[@class='style-scope ytd-masthead style-default']
18:11:12 [TestNG-test-Yt Master Tests-3] INFO  verifyingSettingOptionsLang_18-11-04 - Clicking language dropdown...
18:11:12 [TestNG-test-Yt Master Tests-3] INFO  verifyingSettingOptionsLang_18-11-04 - [verifyingSettingOptionsLang_18-11-04] Trying to find element: By.xpath: (//div[@id='content-icon'])[2]
18:11:12 [TestNG-test-Yt Master Tests-3] INFO  verifyingSettingOptionsLang_18-11-04 - [verifyingSettingOptionsLang_18-11-04] Element found and ready (attempt 1): By.xpath: (//div[@id='content-icon'])[2]
18:11:13 [TestNG-test-Yt Master Tests-3] INFO  verifyingSettingOptionsLang_18-11-04 - [verifyingSettingOptionsLang_18-11-04] Execution is Not CRON Job Hence refering to normal keys from UtilData
18:11:13 [TestNG-test-Yt Master Tests-3] INFO  verifyingSettingOptionsLang_18-11-04 - Looking for language element with name: Afrikaans
18:11:13 [TestNG-test-Yt Master Tests-3] INFO  verifyingSettingOptionsLang_18-11-04 - [verifyingSettingOptionsLang_18-11-04] Trying to find element: By.xpath: //yt-multi-page-menu-section-renderer[@class='style-scope ytd-multi-page-menu-renderer']//yt-formatted-string[@id='label' and text()='Afrikaans']
18:11:13 [TestNG-test-Yt Master Tests-3] INFO  verifyingSettingOptionsLang_18-11-04 - [verifyingSettingOptionsLang_18-11-04] Element found and ready (attempt 1): By.xpath: //yt-multi-page-menu-section-renderer[@class='style-scope ytd-multi-page-menu-renderer']//yt-formatted-string[@id='label' and text()='Afrikaans']
18:11:13 [TestNG-test-Yt Master Tests-3] INFO  verifyingSettingOptionsLang_18-11-04 - [verifyingSettingOptionsLang_18-11-04] Trying to find element: By.xpath: //yt-multi-page-menu-section-renderer[@class='style-scope ytd-multi-page-menu-renderer']//yt-formatted-string[@id='label' and text()='Afrikaans']
18:11:13 [TestNG-test-Yt Master Tests-3] INFO  verifyingSettingOptionsLang_18-11-04 - [verifyingSettingOptionsLang_18-11-04] Element found and ready (attempt 1): By.xpath: //yt-multi-page-menu-section-renderer[@class='style-scope ytd-multi-page-menu-renderer']//yt-formatted-string[@id='label' and text()='Afrikaans']
18:11:17 [TestNG-test-Yt Master Tests-3] INFO  verifyingSettingOptionsLang_18-11-04 - Clicking settings ellipses button...
18:11:17 [TestNG-test-Yt Master Tests-3] INFO  verifyingSettingOptionsLang_18-11-04 - [verifyingSettingOptionsLang_18-11-04] Trying to find element: By.xpath: //ytd-topbar-menu-button-renderer[@class='style-scope ytd-masthead style-default']
18:11:17 [TestNG-test-Yt Master Tests-3] INFO  verifyingSettingOptionsLang_18-11-04 - [verifyingSettingOptionsLang_18-11-04] Element found and ready (attempt 1): By.xpath: //ytd-topbar-menu-button-renderer[@class='style-scope ytd-masthead style-default']
18:11:17 [TestNG-test-Yt Master Tests-3] INFO  verifyingSettingOptionsLang_18-11-04 - [verifyingSettingOptionsLang_18-11-04] Waiting until element is visible in viewport
18:11:18 [TestNG-test-Yt Master Tests-3] INFO  verifyingSettingOptionsLang_18-11-04 - Clicking settings ellipses button...
18:11:18 [TestNG-test-Yt Master Tests-3] INFO  verifyingSettingOptionsLang_18-11-04 - [verifyingSettingOptionsLang_18-11-04] Trying to find element: By.xpath: //ytd-topbar-menu-button-renderer[@class='style-scope ytd-masthead style-default']
18:11:18 [TestNG-test-Yt Master Tests-3] INFO  verifyingSettingOptionsLang_18-11-04 - [verifyingSettingOptionsLang_18-11-04] Element found and ready (attempt 1): By.xpath: //ytd-topbar-menu-button-renderer[@class='style-scope ytd-masthead style-default']
18:11:18 [TestNG-test-Yt Master Tests-3] INFO  verifyingSettingOptionsLang_18-11-04 - Clicking settings ellipses button...
18:11:18 [TestNG-test-Yt Master Tests-3] INFO  verifyingSettingOptionsLang_18-11-04 - [verifyingSettingOptionsLang_18-11-04] Trying to find element: By.xpath: //ytd-topbar-menu-button-renderer[@class='style-scope ytd-masthead style-default']
18:11:19 [TestNG-test-Yt Master Tests-3] INFO  verifyingSettingOptionsLang_18-11-04 - [verifyingSettingOptionsLang_18-11-04] Element found and ready (attempt 1): By.xpath: //ytd-topbar-menu-button-renderer[@class='style-scope ytd-masthead style-default']
18:11:19 [TestNG-test-Yt Master Tests-3] INFO  verifyingSettingOptionsLang_18-11-04 - Getting the setting ellipses options
18:11:19 [TestNG-test-Yt Master Tests-3] INFO  verifyingSettingOptionsLang_18-11-04 - [verifyingSettingOptionsLang_18-11-04] Trying to find element: By.xpath: //ytd-multi-page-menu-renderer
18:11:19 [TestNG-test-Yt Master Tests-3] INFO  verifyingSettingOptionsLang_18-11-04 - [verifyingSettingOptionsLang_18-11-04] Element found and ready (attempt 1): By.xpath: //ytd-multi-page-menu-renderer
18:11:19 [TestNG-test-Yt Master Tests-3] INFO  verifyingSettingOptionsLang_18-11-04 - Clicking settings ellipses button...
18:11:19 [TestNG-test-Yt Master Tests-3] INFO  verifyingSettingOptionsLang_18-11-04 - [verifyingSettingOptionsLang_18-11-04] Trying to find element: By.xpath: //ytd-topbar-menu-button-renderer[@class='style-scope ytd-masthead style-default']
18:11:19 [TestNG-test-Yt Master Tests-3] INFO  verifyingSettingOptionsLang_18-11-04 - [verifyingSettingOptionsLang_18-11-04] Element found and ready (attempt 1): By.xpath: //ytd-topbar-menu-button-renderer[@class='style-scope ytd-masthead style-default']
18:11:20 [TestNG-test-Yt Master Tests-3] INFO  verifyingSettingOptionsLang_18-11-04 - 
========== LANGUAGE DETECTION ==========
Detected Language : AFRIKAANS
Input Text        : Jou data in YouTube
Voorkoms: Lig
Vertoontaal:
Afrikaans
Beperkmodus: Af
Ligging:
Verenigde State
Kortpadsleutels
Instellings
Hulp
Stuur terugvoer
========================================
18:11:20 [TestNG-test-Yt Master Tests-3] INFO  verifyingSettingOptionsLang_18-11-04 - getLangAttribute() - locating <html> and reading lang property
18:11:20 [TestNG-test-Yt Master Tests-3] INFO  verifyingSettingOptionsLang_18-11-04 - Language attribute read: af-ZA
18:11:20 [TestNG-test-Yt Master Tests-3] INFO  verifyingSettingOptionsLang_18-11-04 - Clicking settings ellipses button...
18:11:20 [TestNG-test-Yt Master Tests-3] INFO  verifyingSettingOptionsLang_18-11-04 - [verifyingSettingOptionsLang_18-11-04] Trying to find element: By.xpath: //ytd-topbar-menu-button-renderer[@class='style-scope ytd-masthead style-default']
18:11:20 [TestNG-test-Yt Master Tests-3] INFO  verifyingSettingOptionsLang_18-11-04 - [verifyingSettingOptionsLang_18-11-04] Element found and ready (attempt 1): By.xpath: //ytd-topbar-menu-button-renderer[@class='style-scope ytd-masthead style-default']
18:11:21 [TestNG-test-Yt Master Tests-3] INFO  verifyingSettingOptionsLang_18-11-04 - Clicking language dropdown...
18:11:21 [TestNG-test-Yt Master Tests-3] INFO  verifyingSettingOptionsLang_18-11-04 - [verifyingSettingOptionsLang_18-11-04] Trying to find element: By.xpath: (//div[@id='content-icon'])[2]
18:11:21 [TestNG-test-Yt Master Tests-3] INFO  verifyingSettingOptionsLang_18-11-04 - [verifyingSettingOptionsLang_18-11-04] Element found and ready (attempt 1): By.xpath: (//div[@id='content-icon'])[2]
18:11:22 [TestNG-test-Yt Master Tests-3] INFO  verifyingSettingOptionsLang_18-11-04 - Looking for language element with name: Azərbaycan
18:11:22 [TestNG-test-Yt Master Tests-3] INFO  verifyingSettingOptionsLang_18-11-04 - [verifyingSettingOptionsLang_18-11-04] Trying to find element: By.xpath: //yt-multi-page-menu-section-renderer[@class='style-scope ytd-multi-page-menu-renderer']//yt-formatted-string[@id='label' and text()='Azərbaycan']
18:11:22 [TestNG-test-Yt Master Tests-3] INFO  verifyingSettingOptionsLang_18-11-04 - [verifyingSettingOptionsLang_18-11-04] Element found and ready (attempt 1): By.xpath: //yt-multi-page-menu-section-renderer[@class='style-scope ytd-multi-page-menu-renderer']//yt-formatted-string[@id='label' and text()='Azərbaycan']
18:11:22 [TestNG-test-Yt Master Tests-3] INFO  verifyingSettingOptionsLang_18-11-04 - [verifyingSettingOptionsLang_18-11-04] Trying to find element: By.xpath: //yt-multi-page-menu-section-renderer[@class='style-scope ytd-multi-page-menu-renderer']//yt-formatted-string[@id='label' and text()='Azərbaycan']
18:11:22 [TestNG-test-Yt Master Tests-3] INFO  verifyingSettingOptionsLang_18-11-04 - [verifyingSettingOptionsLang_18-11-04] Element found and ready (attempt 1): By.xpath: //yt-multi-page-menu-section-renderer[@class='style-scope ytd-multi-page-menu-renderer']//yt-formatted-string[@id='label' and text()='Azərbaycan']
18:11:23 [TestNG-test-Yt Master Tests-3] INFO  verifyingSettingOptionsLang_18-11-04 - Clicking settings ellipses button...
18:11:24 [TestNG-test-Yt Master Tests-3] INFO  verifyingSettingOptionsLang_18-11-04 - [verifyingSettingOptionsLang_18-11-04] Trying to find element: By.xpath: //ytd-topbar-menu-button-renderer[@class='style-scope ytd-masthead style-default']
18:11:24 [TestNG-test-Yt Master Tests-3] INFO  verifyingSettingOptionsLang_18-11-04 - [verifyingSettingOptionsLang_18-11-04] Element found and ready (attempt 1): By.xpath: //ytd-topbar-menu-button-renderer[@class='style-scope ytd-masthead style-default']
18:11:24 [TestNG-test-Yt Master Tests-3] INFO  verifyingSettingOptionsLang_18-11-04 - [verifyingSettingOptionsLang_18-11-04] Waiting until element is visible in viewport
18:11:25 [TestNG-test-Yt Master Tests-3] INFO  verifyingSettingOptionsLang_18-11-04 - Clicking settings ellipses button...
18:11:25 [TestNG-test-Yt Master Tests-3] INFO  verifyingSettingOptionsLang_18-11-04 - [verifyingSettingOptionsLang_18-11-04] Trying to find element: By.xpath: //ytd-topbar-menu-button-renderer[@class='style-scope ytd-masthead style-default']
18:11:25 [TestNG-test-Yt Master Tests-3] INFO  verifyingSettingOptionsLang_18-11-04 - [verifyingSettingOptionsLang_18-11-04] Element found and ready (attempt 1): By.xpath: //ytd-topbar-menu-button-renderer[@class='style-scope ytd-masthead style-default']
18:11:25 [TestNG-test-Yt Master Tests-3] INFO  verifyingSettingOptionsLang_18-11-04 - Clicking settings ellipses button...
18:11:25 [TestNG-test-Yt Master Tests-3] INFO  verifyingSettingOptionsLang_18-11-04 - [verifyingSettingOptionsLang_18-11-04] Trying to find element: By.xpath: //ytd-topbar-menu-button-renderer[@class='style-scope ytd-masthead style-default']
18:11:26 [TestNG-test-Yt Master Tests-3] INFO  verifyingSettingOptionsLang_18-11-04 - [verifyingSettingOptionsLang_18-11-04] Element found and ready (attempt 1): By.xpath: //ytd-topbar-menu-button-renderer[@class='style-scope ytd-masthead style-default']
18:11:26 [TestNG-test-Yt Master Tests-3] INFO  verifyingSettingOptionsLang_18-11-04 - Getting the setting ellipses options
18:11:26 [TestNG-test-Yt Master Tests-3] INFO  verifyingSettingOptionsLang_18-11-04 - [verifyingSettingOptionsLang_18-11-04] Trying to find element: By.xpath: //ytd-multi-page-menu-renderer
18:11:26 [TestNG-test-Yt Master Tests-3] INFO  verifyingSettingOptionsLang_18-11-04 - [verifyingSettingOptionsLang_18-11-04] Element found and ready (attempt 1): By.xpath: //ytd-multi-page-menu-renderer
18:11:26 [TestNG-test-Yt Master Tests-3] INFO  verifyingSettingOptionsLang_18-11-04 - Clicking settings ellipses button...
18:11:26 [TestNG-test-Yt Master Tests-3] INFO  verifyingSettingOptionsLang_18-11-04 - [verifyingSettingOptionsLang_18-11-04] Trying to find element: By.xpath: //ytd-topbar-menu-button-renderer[@class='style-scope ytd-masthead style-default']
18:11:26 [TestNG-test-Yt Master Tests-3] INFO  verifyingSettingOptionsLang_18-11-04 - [verifyingSettingOptionsLang_18-11-04] Element found and ready (attempt 1): By.xpath: //ytd-topbar-menu-button-renderer[@class='style-scope ytd-masthead style-default']
18:11:27 [TestNG-test-Yt Master Tests-3] INFO  verifyingSettingOptionsLang_18-11-04 - 
========== LANGUAGE DETECTION ==========
Detected Language : AZERBAIJANI
Input Text        : YouTube Datanız
Görünüş: Açıq
Displey dili:
azərbaycan
Limitli Rejim: Deaktiv
Məkan:
Amerika Birləşmiş Ştatları
Klaviatura qısayolları
Ayarlar
Yardım
Rəy göndərin
========================================
18:11:27 [TestNG-test-Yt Master Tests-3] INFO  verifyingSettingOptionsLang_18-11-04 - getLangAttribute() - locating <html> and reading lang property
18:11:27 [TestNG-test-Yt Master Tests-3] INFO  verifyingSettingOptionsLang_18-11-04 - Language attribute read: az-Latn-AZ
18:11:27 [TestNG-test-Yt Master Tests-3] INFO  verifyingSettingOptionsLang_18-11-04 - Clicking settings ellipses button...
18:11:27 [TestNG-test-Yt Master Tests-3] INFO  verifyingSettingOptionsLang_18-11-04 - [verifyingSettingOptionsLang_18-11-04] Trying to find element: By.xpath: //ytd-topbar-menu-button-renderer[@class='style-scope ytd-masthead style-default']
18:11:27 [TestNG-test-Yt Master Tests-3] INFO  verifyingSettingOptionsLang_18-11-04 - [verifyingSettingOptionsLang_18-11-04] Element found and ready (attempt 1): By.xpath: //ytd-topbar-menu-button-renderer[@class='style-scope ytd-masthead style-default']
18:11:27 [TestNG-test-Yt Master Tests-3] INFO  verifyingSettingOptionsLang_18-11-04 - Clicking language dropdown...
18:11:27 [TestNG-test-Yt Master Tests-3] INFO  verifyingSettingOptionsLang_18-11-04 - [verifyingSettingOptionsLang_18-11-04] Trying to find element: By.xpath: (//div[@id='content-icon'])[2]
18:11:28 [TestNG-test-Yt Master Tests-3] INFO  verifyingSettingOptionsLang_18-11-04 - [verifyingSettingOptionsLang_18-11-04] Element found and ready (attempt 1): By.xpath: (//div[@id='content-icon'])[2]
18:11:29 [TestNG-test-Yt Master Tests-3] INFO  verifyingSettingOptionsLang_18-11-04 - Looking for language element with name: Bahasa Indonesia
18:11:29 [TestNG-test-Yt Master Tests-3] INFO  verifyingSettingOptionsLang_18-11-04 - [verifyingSettingOptionsLang_18-11-04] Trying to find element: By.xpath: //yt-multi-page-menu-section-renderer[@class='style-scope ytd-multi-page-menu-renderer']//yt-formatted-string[@id='label' and text()='Bahasa Indonesia']
18:11:29 [TestNG-test-Yt Master Tests-3] INFO  verifyingSettingOptionsLang_18-11-04 - [verifyingSettingOptionsLang_18-11-04] Element found and ready (attempt 1): By.xpath: //yt-multi-page-menu-section-renderer[@class='style-scope ytd-multi-page-menu-renderer']//yt-formatted-string[@id='label' and text()='Bahasa Indonesia']
18:11:29 [TestNG-test-Yt Master Tests-3] INFO  verifyingSettingOptionsLang_18-11-04 - [verifyingSettingOptionsLang_18-11-04] Trying to find element: By.xpath: //yt-multi-page-menu-section-renderer[@class='style-scope ytd-multi-page-menu-renderer']//yt-formatted-string[@id='label' and text()='Bahasa Indonesia']
18:11:29 [TestNG-test-Yt Master Tests-3] INFO  verifyingSettingOptionsLang_18-11-04 - [verifyingSettingOptionsLang_18-11-04] Element found and ready (attempt 1): By.xpath: //yt-multi-page-menu-section-renderer[@class='style-scope ytd-multi-page-menu-renderer']//yt-formatted-string[@id='label' and text()='Bahasa Indonesia']
18:11:30 [TestNG-test-Yt Master Tests-3] INFO  verifyingSettingOptionsLang_18-11-04 - Clicking settings ellipses button...
18:11:31 [TestNG-test-Yt Master Tests-3] INFO  verifyingSettingOptionsLang_18-11-04 - [verifyingSettingOptionsLang_18-11-04] Trying to find element: By.xpath: //ytd-topbar-menu-button-renderer[@class='style-scope ytd-masthead style-default']
18:11:31 [TestNG-test-Yt Master Tests-3] INFO  verifyingSettingOptionsLang_18-11-04 - [verifyingSettingOptionsLang_18-11-04] Element found and ready (attempt 1): By.xpath: //ytd-topbar-menu-button-renderer[@class='style-scope ytd-masthead style-default']
18:11:32 [TestNG-test-Yt Master Tests-3] INFO  verifyingSettingOptionsLang_18-11-04 - [verifyingSettingOptionsLang_18-11-04] Waiting until element is visible in viewport
18:11:32 [TestNG-test-Yt Master Tests-3] INFO  verifyingSettingOptionsLang_18-11-04 - Clicking settings ellipses button...
18:11:33 [TestNG-test-Yt Master Tests-3] INFO  verifyingSettingOptionsLang_18-11-04 - [verifyingSettingOptionsLang_18-11-04] Trying to find element: By.xpath: //ytd-topbar-menu-button-renderer[@class='style-scope ytd-masthead style-default']
18:11:33 [TestNG-test-Yt Master Tests-3] INFO  verifyingSettingOptionsLang_18-11-04 - [verifyingSettingOptionsLang_18-11-04] Element found and ready (attempt 1): By.xpath: //ytd-topbar-menu-button-renderer[@class='style-scope ytd-masthead style-default']
18:11:33 [TestNG-test-Yt Master Tests-3] INFO  verifyingSettingOptionsLang_18-11-04 - Clicking settings ellipses button...
18:11:33 [TestNG-test-Yt Master Tests-3] INFO  verifyingSettingOptionsLang_18-11-04 - [verifyingSettingOptionsLang_18-11-04] Trying to find element: By.xpath: //ytd-topbar-menu-button-renderer[@class='style-scope ytd-masthead style-default']
18:11:33 [TestNG-test-Yt Master Tests-3] INFO  verifyingSettingOptionsLang_18-11-04 - [verifyingSettingOptionsLang_18-11-04] Element found and ready (attempt 1): By.xpath: //ytd-topbar-menu-button-renderer[@class='style-scope ytd-masthead style-default']
18:11:34 [TestNG-test-Yt Master Tests-3] INFO  verifyingSettingOptionsLang_18-11-04 - Getting the setting ellipses options
18:11:34 [TestNG-test-Yt Master Tests-3] INFO  verifyingSettingOptionsLang_18-11-04 - [verifyingSettingOptionsLang_18-11-04] Trying to find element: By.xpath: //ytd-multi-page-menu-renderer
18:11:34 [TestNG-test-Yt Master Tests-3] INFO  verifyingSettingOptionsLang_18-11-04 - [verifyingSettingOptionsLang_18-11-04] Element found and ready (attempt 1): By.xpath: //ytd-multi-page-menu-renderer
18:11:34 [TestNG-test-Yt Master Tests-3] INFO  verifyingSettingOptionsLang_18-11-04 - Clicking settings ellipses button...
18:11:34 [TestNG-test-Yt Master Tests-3] INFO  verifyingSettingOptionsLang_18-11-04 - [verifyingSettingOptionsLang_18-11-04] Trying to find element: By.xpath: //ytd-topbar-menu-button-renderer[@class='style-scope ytd-masthead style-default']
18:11:34 [TestNG-test-Yt Master Tests-3] INFO  verifyingSettingOptionsLang_18-11-04 - [verifyingSettingOptionsLang_18-11-04] Element found and ready (attempt 1): By.xpath: //ytd-topbar-menu-button-renderer[@class='style-scope ytd-masthead style-default']
18:11:34 [TestNG-test-Yt Master Tests-3] INFO  verifyingSettingOptionsLang_18-11-04 - 
========== LANGUAGE DETECTION ==========
Detected Language : INDONESIAN
Input Text        : Data Anda di YouTube
Tampilan: Terang
Bahasa tampilan:
Indonesia
Mode Terbatas: Nonaktif
Lokasi:
Amerika Serikat
Pintasan keyboard
Setelan
Bantuan
Kirim masukan
========================================
18:11:34 [TestNG-test-Yt Master Tests-3] INFO  verifyingSettingOptionsLang_18-11-04 - getLangAttribute() - locating <html> and reading lang property
18:11:34 [TestNG-test-Yt Master Tests-3] INFO  verifyingSettingOptionsLang_18-11-04 - Language attribute read: id-ID
18:11:34 [TestNG-test-Yt Master Tests-3] INFO  verifyingSettingOptionsLang_18-11-04 - Clicking settings ellipses button...
18:11:34 [TestNG-test-Yt Master Tests-3] INFO  verifyingSettingOptionsLang_18-11-04 - [verifyingSettingOptionsLang_18-11-04] Trying to find element: By.xpath: //ytd-topbar-menu-button-renderer[@class='style-scope ytd-masthead style-default']
18:11:35 [TestNG-test-Yt Master Tests-3] INFO  verifyingSettingOptionsLang_18-11-04 - [verifyingSettingOptionsLang_18-11-04] Element found and ready (attempt 1): By.xpath: //ytd-topbar-menu-button-renderer[@class='style-scope ytd-masthead style-default']
18:11:35 [TestNG-test-Yt Master Tests-3] INFO  verifyingSettingOptionsLang_18-11-04 - Clicking language dropdown...
18:11:35 [TestNG-test-Yt Master Tests-3] INFO  verifyingSettingOptionsLang_18-11-04 - [verifyingSettingOptionsLang_18-11-04] Trying to find element: By.xpath: (//div[@id='content-icon'])[2]
18:11:36 [TestNG-test-Yt Master Tests-3] INFO  verifyingSettingOptionsLang_18-11-04 - [verifyingSettingOptionsLang_18-11-04] Element found and ready (attempt 1): By.xpath: (//div[@id='content-icon'])[2]
18:11:36 [TestNG-test-Yt Master Tests-3] INFO  verifyingSettingOptionsLang_18-11-04 - Looking for language element with name: Bosanski
18:11:36 [TestNG-test-Yt Master Tests-3] INFO  verifyingSettingOptionsLang_18-11-04 - [verifyingSettingOptionsLang_18-11-04] Trying to find element: By.xpath: //yt-multi-page-menu-section-renderer[@class='style-scope ytd-multi-page-menu-renderer']//yt-formatted-string[@id='label' and text()='Bosanski']
18:11:36 [TestNG-test-Yt Master Tests-3] INFO  verifyingSettingOptionsLang_18-11-04 - [verifyingSettingOptionsLang_18-11-04] Element found and ready (attempt 1): By.xpath: //yt-multi-page-menu-section-renderer[@class='style-scope ytd-multi-page-menu-renderer']//yt-formatted-string[@id='label' and text()='Bosanski']
18:11:36 [TestNG-test-Yt Master Tests-3] INFO  verifyingSettingOptionsLang_18-11-04 - [verifyingSettingOptionsLang_18-11-04] Trying to find element: By.xpath: //yt-multi-page-menu-section-renderer[@class='style-scope ytd-multi-page-menu-renderer']//yt-formatted-string[@id='label' and text()='Bosanski']
18:11:36 [TestNG-test-Yt Master Tests-3] INFO  verifyingSettingOptionsLang_18-11-04 - [verifyingSettingOptionsLang_18-11-04] Element found and ready (attempt 1): By.xpath: //yt-multi-page-menu-section-renderer[@class='style-scope ytd-multi-page-menu-renderer']//yt-formatted-string[@id='label' and text()='Bosanski']
18:11:37 [TestNG-test-Yt Master Tests-3] INFO  verifyingSettingOptionsLang_18-11-04 - Clicking settings ellipses button...
18:11:38 [TestNG-test-Yt Master Tests-3] INFO  verifyingSettingOptionsLang_18-11-04 - [verifyingSettingOptionsLang_18-11-04] Trying to find element: By.xpath: //ytd-topbar-menu-button-renderer[@class='style-scope ytd-masthead style-default']
18:11:38 [TestNG-test-Yt Master Tests-3] INFO  verifyingSettingOptionsLang_18-11-04 - [verifyingSettingOptionsLang_18-11-04] Element found and ready (attempt 1): By.xpath: //ytd-topbar-menu-button-renderer[@class='style-scope ytd-masthead style-default']
18:11:40 [TestNG-test-Yt Master Tests-3] INFO  verifyingSettingOptionsLang_18-11-04 - [verifyingSettingOptionsLang_18-11-04] Waiting until element is visible in viewport
18:11:41 [TestNG-test-Yt Master Tests-3] INFO  verifyingSettingOptionsLang_18-11-04 - Clicking settings ellipses button...
18:11:41 [TestNG-test-Yt Master Tests-3] INFO  verifyingSettingOptionsLang_18-11-04 - [verifyingSettingOptionsLang_18-11-04] Trying to find element: By.xpath: //ytd-topbar-menu-button-renderer[@class='style-scope ytd-masthead style-default']
18:11:41 [TestNG-test-Yt Master Tests-3] INFO  verifyingSettingOptionsLang_18-11-04 - [verifyingSettingOptionsLang_18-11-04] Element found and ready (attempt 1): By.xpath: //ytd-topbar-menu-button-renderer[@class='style-scope ytd-masthead style-default']
18:11:41 [TestNG-test-Yt Master Tests-3] INFO  verifyingSettingOptionsLang_18-11-04 - Clicking settings ellipses button...
18:11:41 [TestNG-test-Yt Master Tests-3] INFO  verifyingSettingOptionsLang_18-11-04 - [verifyingSettingOptionsLang_18-11-04] Trying to find element: By.xpath: //ytd-topbar-menu-button-renderer[@class='style-scope ytd-masthead style-default']
18:11:41 [TestNG-test-Yt Master Tests-3] INFO  verifyingSettingOptionsLang_18-11-04 - [verifyingSettingOptionsLang_18-11-04] Element found and ready (attempt 1): By.xpath: //ytd-topbar-menu-button-renderer[@class='style-scope ytd-masthead style-default']
18:11:41 [TestNG-test-Yt Master Tests-3] INFO  verifyingSettingOptionsLang_18-11-04 - Getting the setting ellipses options
18:11:41 [TestNG-test-Yt Master Tests-3] INFO  verifyingSettingOptionsLang_18-11-04 - [verifyingSettingOptionsLang_18-11-04] Trying to find element: By.xpath: //ytd-multi-page-menu-renderer
18:11:41 [TestNG-test-Yt Master Tests-3] INFO  verifyingSettingOptionsLang_18-11-04 - [verifyingSettingOptionsLang_18-11-04] Element found and ready (attempt 1): By.xpath: //ytd-multi-page-menu-renderer
18:11:42 [TestNG-test-Yt Master Tests-3] INFO  verifyingSettingOptionsLang_18-11-04 - Clicking settings ellipses button...
18:11:42 [TestNG-test-Yt Master Tests-3] INFO  verifyingSettingOptionsLang_18-11-04 - [verifyingSettingOptionsLang_18-11-04] Trying to find element: By.xpath: //ytd-topbar-menu-button-renderer[@class='style-scope ytd-masthead style-default']
18:11:42 [TestNG-test-Yt Master Tests-3] INFO  verifyingSettingOptionsLang_18-11-04 - [verifyingSettingOptionsLang_18-11-04] Element found and ready (attempt 1): By.xpath: //ytd-topbar-menu-button-renderer[@class='style-scope ytd-masthead style-default']
18:11:42 [TestNG-test-Yt Master Tests-3] INFO  verifyingSettingOptionsLang_18-11-04 - 
========== LANGUAGE DETECTION ==========
Detected Language : BOSNIAN
Input Text        : Vaši podaci na YouTubeu
Izgled: svijetla tema
Jezik prikaza:
bosanski
Ograničeni način rada: isključeno
Lokacija:
Sjedinjene Američke Države
Prečice na tastaturi
Postavke
Pomoć
Pošaljite povratne informacije
========================================
18:11:42 [TestNG-test-Yt Master Tests-3] INFO  verifyingSettingOptionsLang_18-11-04 - getLangAttribute() - locating <html> and reading lang property
18:11:42 [TestNG-test-Yt Master Tests-3] INFO  verifyingSettingOptionsLang_18-11-04 - Language attribute read: bs-Latn-BA
18:11:42 [TestNG-test-Yt Master Tests-3] INFO  verifyingSettingOptionsLang_18-11-04 - Clicking settings ellipses button...
18:11:42 [TestNG-test-Yt Master Tests-3] INFO  verifyingSettingOptionsLang_18-11-04 - [verifyingSettingOptionsLang_18-11-04] Trying to find element: By.xpath: //ytd-topbar-menu-button-renderer[@class='style-scope ytd-masthead style-default']
18:11:42 [TestNG-test-Yt Master Tests-3] INFO  verifyingSettingOptionsLang_18-11-04 - [verifyingSettingOptionsLang_18-11-04] Element found and ready (attempt 1): By.xpath: //ytd-topbar-menu-button-renderer[@class='style-scope ytd-masthead style-default']
18:11:42 [TestNG-test-Yt Master Tests-3] INFO  verifyingSettingOptionsLang_18-11-04 - Clicking language dropdown...
18:11:42 [TestNG-test-Yt Master Tests-3] INFO  verifyingSettingOptionsLang_18-11-04 - [verifyingSettingOptionsLang_18-11-04] Trying to find element: By.xpath: (//div[@id='content-icon'])[2]
18:11:43 [TestNG-test-Yt Master Tests-3] INFO  verifyingSettingOptionsLang_18-11-04 - [verifyingSettingOptionsLang_18-11-04] Element found and ready (attempt 1): By.xpath: (//div[@id='content-icon'])[2]
18:11:44 [TestNG-test-Yt Master Tests-3] INFO  verifyingSettingOptionsLang_18-11-04 - Looking for language element with name: Català
18:11:44 [TestNG-test-Yt Master Tests-3] INFO  verifyingSettingOptionsLang_18-11-04 - [verifyingSettingOptionsLang_18-11-04] Trying to find element: By.xpath: //yt-multi-page-menu-section-renderer[@class='style-scope ytd-multi-page-menu-renderer']//yt-formatted-string[@id='label' and text()='Català']
18:11:44 [TestNG-test-Yt Master Tests-3] INFO  verifyingSettingOptionsLang_18-11-04 - [verifyingSettingOptionsLang_18-11-04] Element found and ready (attempt 1): By.xpath: //yt-multi-page-menu-section-renderer[@class='style-scope ytd-multi-page-menu-renderer']//yt-formatted-string[@id='label' and text()='Català']
18:11:44 [TestNG-test-Yt Master Tests-3] INFO  verifyingSettingOptionsLang_18-11-04 - [verifyingSettingOptionsLang_18-11-04] Trying to find element: By.xpath: //yt-multi-page-menu-section-renderer[@class='style-scope ytd-multi-page-menu-renderer']//yt-formatted-string[@id='label' and text()='Català']
18:11:44 [TestNG-test-Yt Master Tests-3] INFO  verifyingSettingOptionsLang_18-11-04 - [verifyingSettingOptionsLang_18-11-04] Element found and ready (attempt 1): By.xpath: //yt-multi-page-menu-section-renderer[@class='style-scope ytd-multi-page-menu-renderer']//yt-formatted-string[@id='label' and text()='Català']
18:11:46 [TestNG-test-Yt Master Tests-3] INFO  verifyingSettingOptionsLang_18-11-04 - Clicking settings ellipses button...
18:11:46 [TestNG-test-Yt Master Tests-3] INFO  verifyingSettingOptionsLang_18-11-04 - [verifyingSettingOptionsLang_18-11-04] Trying to find element: By.xpath: //ytd-topbar-menu-button-renderer[@class='style-scope ytd-masthead style-default']
18:11:46 [TestNG-test-Yt Master Tests-3] INFO  verifyingSettingOptionsLang_18-11-04 - [verifyingSettingOptionsLang_18-11-04] Element found and ready (attempt 1): By.xpath: //ytd-topbar-menu-button-renderer[@class='style-scope ytd-masthead style-default']
18:11:47 [TestNG-test-Yt Master Tests-3] INFO  verifyingSettingOptionsLang_18-11-04 - [verifyingSettingOptionsLang_18-11-04] Waiting until element is visible in viewport
18:11:48 [TestNG-test-Yt Master Tests-3] INFO  verifyingSettingOptionsLang_18-11-04 - Clicking settings ellipses button...
18:11:48 [TestNG-test-Yt Master Tests-3] INFO  verifyingSettingOptionsLang_18-11-04 - [verifyingSettingOptionsLang_18-11-04] Trying to find element: By.xpath: //ytd-topbar-menu-button-renderer[@class='style-scope ytd-masthead style-default']
18:11:48 [TestNG-test-Yt Master Tests-3] INFO  verifyingSettingOptionsLang_18-11-04 - [verifyingSettingOptionsLang_18-11-04] Element found and ready (attempt 1): By.xpath: //ytd-topbar-menu-button-renderer[@class='style-scope ytd-masthead style-default']
18:11:49 [TestNG-test-Yt Master Tests-3] INFO  verifyingSettingOptionsLang_18-11-04 - Clicking settings ellipses button...
18:11:50 [TestNG-test-Yt Master Tests-3] INFO  verifyingSettingOptionsLang_18-11-04 - [verifyingSettingOptionsLang_18-11-04] Trying to find element: By.xpath: //ytd-topbar-menu-button-renderer[@class='style-scope ytd-masthead style-default']
18:11:50 [TestNG-test-Yt Master Tests-3] INFO  verifyingSettingOptionsLang_18-11-04 - [verifyingSettingOptionsLang_18-11-04] Element found and ready (attempt 1): By.xpath: //ytd-topbar-menu-button-renderer[@class='style-scope ytd-masthead style-default']
18:11:50 [TestNG-test-Yt Master Tests-3] INFO  verifyingSettingOptionsLang_18-11-04 - Getting the setting ellipses options
18:11:50 [TestNG-test-Yt Master Tests-3] INFO  verifyingSettingOptionsLang_18-11-04 - [verifyingSettingOptionsLang_18-11-04] Trying to find element: By.xpath: //ytd-multi-page-menu-renderer
18:11:50 [TestNG-test-Yt Master Tests-3] INFO  verifyingSettingOptionsLang_18-11-04 - [verifyingSettingOptionsLang_18-11-04] Element found and ready (attempt 1): By.xpath: //ytd-multi-page-menu-renderer
18:11:50 [TestNG-test-Yt Master Tests-3] INFO  verifyingSettingOptionsLang_18-11-04 - Clicking settings ellipses button...
18:11:51 [TestNG-test-Yt Master Tests-3] INFO  verifyingSettingOptionsLang_18-11-04 - [verifyingSettingOptionsLang_18-11-04] Trying to find element: By.xpath: //ytd-topbar-menu-button-renderer[@class='style-scope ytd-masthead style-default']
18:11:51 [TestNG-test-Yt Master Tests-3] INFO  verifyingSettingOptionsLang_18-11-04 - [verifyingSettingOptionsLang_18-11-04] Element found and ready (attempt 1): By.xpath: //ytd-topbar-menu-button-renderer[@class='style-scope ytd-masthead style-default']
18:11:51 [TestNG-test-Yt Master Tests-3] INFO  verifyingSettingOptionsLang_18-11-04 - 
========== LANGUAGE DETECTION ==========
Detected Language : CATALAN
Input Text        : Les teves dades a YouTube
Aparença: clar
Idioma visible:
català
Mode restringit: desactivat
Ubicació:
Estats Units
Tecles de drecera
Configuració
Ajuda
Envia suggeriments
========================================
18:11:51 [TestNG-test-Yt Master Tests-3] INFO  verifyingSettingOptionsLang_18-11-04 - getLangAttribute() - locating <html> and reading lang property
18:11:51 [TestNG-test-Yt Master Tests-3] INFO  verifyingSettingOptionsLang_18-11-04 - Language attribute read: ca-ES
18:11:51 [TestNG-test-Yt Master Tests-3] INFO  verifyingSettingOptionsLang_18-11-04 - Clicking settings ellipses button...
18:11:51 [TestNG-test-Yt Master Tests-3] INFO  verifyingSettingOptionsLang_18-11-04 - [verifyingSettingOptionsLang_18-11-04] Trying to find element: By.xpath: //ytd-topbar-menu-button-renderer[@class='style-scope ytd-masthead style-default']
18:11:51 [TestNG-test-Yt Master Tests-3] INFO  verifyingSettingOptionsLang_18-11-04 - [verifyingSettingOptionsLang_18-11-04] Element found and ready (attempt 1): By.xpath: //ytd-topbar-menu-button-renderer[@class='style-scope ytd-masthead style-default']
18:11:51 [TestNG-test-Yt Master Tests-3] INFO  verifyingSettingOptionsLang_18-11-04 - Clicking language dropdown...
18:11:51 [TestNG-test-Yt Master Tests-3] INFO  verifyingSettingOptionsLang_18-11-04 - [verifyingSettingOptionsLang_18-11-04] Trying to find element: By.xpath: (//div[@id='content-icon'])[2]
18:11:51 [TestNG-test-Yt Master Tests-3] INFO  verifyingSettingOptionsLang_18-11-04 - [verifyingSettingOptionsLang_18-11-04] Element found and ready (attempt 1): By.xpath: (//div[@id='content-icon'])[2]
18:11:52 [TestNG-test-Yt Master Tests-3] INFO  verifyingSettingOptionsLang_18-11-04 - Looking for language element with name: Dansk
18:11:52 [TestNG-test-Yt Master Tests-3] INFO  verifyingSettingOptionsLang_18-11-04 - [verifyingSettingOptionsLang_18-11-04] Trying to find element: By.xpath: //yt-multi-page-menu-section-renderer[@class='style-scope ytd-multi-page-menu-renderer']//yt-formatted-string[@id='label' and text()='Dansk']
18:11:52 [TestNG-test-Yt Master Tests-3] INFO  verifyingSettingOptionsLang_18-11-04 - [verifyingSettingOptionsLang_18-11-04] Element found and ready (attempt 1): By.xpath: //yt-multi-page-menu-section-renderer[@class='style-scope ytd-multi-page-menu-renderer']//yt-formatted-string[@id='label' and text()='Dansk']
18:11:52 [TestNG-test-Yt Master Tests-3] INFO  verifyingSettingOptionsLang_18-11-04 - [verifyingSettingOptionsLang_18-11-04] Trying to find element: By.xpath: //yt-multi-page-menu-section-renderer[@class='style-scope ytd-multi-page-menu-renderer']//yt-formatted-string[@id='label' and text()='Dansk']
18:11:52 [TestNG-test-Yt Master Tests-3] INFO  verifyingSettingOptionsLang_18-11-04 - [verifyingSettingOptionsLang_18-11-04] Element found and ready (attempt 1): By.xpath: //yt-multi-page-menu-section-renderer[@class='style-scope ytd-multi-page-menu-renderer']//yt-formatted-string[@id='label' and text()='Dansk']
18:11:54 [TestNG-test-Yt Master Tests-3] INFO  verifyingSettingOptionsLang_18-11-04 - Clicking settings ellipses button...
18:11:54 [TestNG-test-Yt Master Tests-3] INFO  verifyingSettingOptionsLang_18-11-04 - [verifyingSettingOptionsLang_18-11-04] Trying to find element: By.xpath: //ytd-topbar-menu-button-renderer[@class='style-scope ytd-masthead style-default']
18:11:55 [TestNG-test-Yt Master Tests-3] INFO  verifyingSettingOptionsLang_18-11-04 - [verifyingSettingOptionsLang_18-11-04] Element found and ready (attempt 1): By.xpath: //ytd-topbar-menu-button-renderer[@class='style-scope ytd-masthead style-default']
18:11:55 [TestNG-test-Yt Master Tests-3] INFO  verifyingSettingOptionsLang_18-11-04 - [verifyingSettingOptionsLang_18-11-04] Waiting until element is visible in viewport
18:11:56 [TestNG-test-Yt Master Tests-3] INFO  verifyingSettingOptionsLang_18-11-04 - Clicking settings ellipses button...
18:11:56 [TestNG-test-Yt Master Tests-3] INFO  verifyingSettingOptionsLang_18-11-04 - [verifyingSettingOptionsLang_18-11-04] Trying to find element: By.xpath: //ytd-topbar-menu-button-renderer[@class='style-scope ytd-masthead style-default']
18:11:56 [TestNG-test-Yt Master Tests-3] INFO  verifyingSettingOptionsLang_18-11-04 - [verifyingSettingOptionsLang_18-11-04] Element found and ready (attempt 1): By.xpath: //ytd-topbar-menu-button-renderer[@class='style-scope ytd-masthead style-default']
18:11:56 [TestNG-test-Yt Master Tests-3] INFO  verifyingSettingOptionsLang_18-11-04 - Clicking settings ellipses button...
18:11:56 [TestNG-test-Yt Master Tests-3] INFO  verifyingSettingOptionsLang_18-11-04 - [verifyingSettingOptionsLang_18-11-04] Trying to find element: By.xpath: //ytd-topbar-menu-button-renderer[@class='style-scope ytd-masthead style-default']
18:11:56 [TestNG-test-Yt Master Tests-3] INFO  verifyingSettingOptionsLang_18-11-04 - [verifyingSettingOptionsLang_18-11-04] Element found and ready (attempt 1): By.xpath: //ytd-topbar-menu-button-renderer[@class='style-scope ytd-masthead style-default']
18:11:56 [TestNG-test-Yt Master Tests-3] INFO  verifyingSettingOptionsLang_18-11-04 - Getting the setting ellipses options
18:11:56 [TestNG-test-Yt Master Tests-3] INFO  verifyingSettingOptionsLang_18-11-04 - [verifyingSettingOptionsLang_18-11-04] Trying to find element: By.xpath: //ytd-multi-page-menu-renderer
18:11:57 [TestNG-test-Yt Master Tests-3] INFO  verifyingSettingOptionsLang_18-11-04 - [verifyingSettingOptionsLang_18-11-04] Element found and ready (attempt 1): By.xpath: //ytd-multi-page-menu-renderer
18:11:57 [TestNG-test-Yt Master Tests-3] INFO  verifyingSettingOptionsLang_18-11-04 - Clicking settings ellipses button...
18:11:57 [TestNG-test-Yt Master Tests-3] INFO  verifyingSettingOptionsLang_18-11-04 - [verifyingSettingOptionsLang_18-11-04] Trying to find element: By.xpath: //ytd-topbar-menu-button-renderer[@class='style-scope ytd-masthead style-default']
18:11:57 [TestNG-test-Yt Master Tests-3] INFO  verifyingSettingOptionsLang_18-11-04 - [verifyingSettingOptionsLang_18-11-04] Element found and ready (attempt 1): By.xpath: //ytd-topbar-menu-button-renderer[@class='style-scope ytd-masthead style-default']
18:11:57 [TestNG-test-Yt Master Tests-3] INFO  verifyingSettingOptionsLang_18-11-04 - 
========== LANGUAGE DETECTION ==========
Detected Language : DANISH
Input Text        : Dine data på YouTube
Udseende: Lyst
Visningssprog:
dansk
Begrænset tilstand: Fra
Lokation:
USA
Tastaturgenveje
Indstillinger
Hjælp
Send feedback
========================================
18:11:57 [TestNG-test-Yt Master Tests-3] INFO  verifyingSettingOptionsLang_18-11-04 - getLangAttribute() - locating <html> and reading lang property
18:11:57 [TestNG-test-Yt Master Tests-3] INFO  verifyingSettingOptionsLang_18-11-04 - Language attribute read: da-DK
18:11:57 [TestNG-test-Yt Master Tests-3] INFO  verifyingSettingOptionsLang_18-11-04 - Clicking settings ellipses button...
18:11:57 [TestNG-test-Yt Master Tests-3] INFO  verifyingSettingOptionsLang_18-11-04 - [verifyingSettingOptionsLang_18-11-04] Trying to find element: By.xpath: //ytd-topbar-menu-button-renderer[@class='style-scope ytd-masthead style-default']
18:11:57 [TestNG-test-Yt Master Tests-3] INFO  verifyingSettingOptionsLang_18-11-04 - [verifyingSettingOptionsLang_18-11-04] Element found and ready (attempt 1): By.xpath: //ytd-topbar-menu-button-renderer[@class='style-scope ytd-masthead style-default']
18:11:58 [TestNG-test-Yt Master Tests-3] INFO  verifyingSettingOptionsLang_18-11-04 - Clicking language dropdown...
18:11:58 [TestNG-test-Yt Master Tests-3] INFO  verifyingSettingOptionsLang_18-11-04 - [verifyingSettingOptionsLang_18-11-04] Trying to find element: By.xpath: (//div[@id='content-icon'])[2]
18:11:58 [TestNG-test-Yt Master Tests-3] INFO  verifyingSettingOptionsLang_18-11-04 - [verifyingSettingOptionsLang_18-11-04] Element found and ready (attempt 1): By.xpath: (//div[@id='content-icon'])[2]
18:11:59 [TestNG-test-Yt Master Tests-3] INFO  verifyingSettingOptionsLang_18-11-04 - Looking for language element with name: Deutsch
18:11:59 [TestNG-test-Yt Master Tests-3] INFO  verifyingSettingOptionsLang_18-11-04 - [verifyingSettingOptionsLang_18-11-04] Trying to find element: By.xpath: //yt-multi-page-menu-section-renderer[@class='style-scope ytd-multi-page-menu-renderer']//yt-formatted-string[@id='label' and text()='Deutsch']
18:11:59 [TestNG-test-Yt Master Tests-3] INFO  verifyingSettingOptionsLang_18-11-04 - [verifyingSettingOptionsLang_18-11-04] Element found and ready (attempt 1): By.xpath: //yt-multi-page-menu-section-renderer[@class='style-scope ytd-multi-page-menu-renderer']//yt-formatted-string[@id='label' and text()='Deutsch']
18:11:59 [TestNG-test-Yt Master Tests-3] INFO  verifyingSettingOptionsLang_18-11-04 - [verifyingSettingOptionsLang_18-11-04] Trying to find element: By.xpath: //yt-multi-page-menu-section-renderer[@class='style-scope ytd-multi-page-menu-renderer']//yt-formatted-string[@id='label' and text()='Deutsch']
18:11:59 [TestNG-test-Yt Master Tests-3] INFO  verifyingSettingOptionsLang_18-11-04 - [verifyingSettingOptionsLang_18-11-04] Element found and ready (attempt 1): By.xpath: //yt-multi-page-menu-section-renderer[@class='style-scope ytd-multi-page-menu-renderer']//yt-formatted-string[@id='label' and text()='Deutsch']
18:12:01 [TestNG-test-Yt Master Tests-3] INFO  verifyingSettingOptionsLang_18-11-04 - Clicking settings ellipses button...
18:12:02 [TestNG-test-Yt Master Tests-3] INFO  verifyingSettingOptionsLang_18-11-04 - [verifyingSettingOptionsLang_18-11-04] Trying to find element: By.xpath: //ytd-topbar-menu-button-renderer[@class='style-scope ytd-masthead style-default']
18:12:02 [TestNG-test-Yt Master Tests-3] INFO  verifyingSettingOptionsLang_18-11-04 - [verifyingSettingOptionsLang_18-11-04] Element found and ready (attempt 1): By.xpath: //ytd-topbar-menu-button-renderer[@class='style-scope ytd-masthead style-default']
18:12:02 [TestNG-test-Yt Master Tests-3] INFO  verifyingSettingOptionsLang_18-11-04 - [verifyingSettingOptionsLang_18-11-04] Waiting until element is visible in viewport
18:12:03 [TestNG-test-Yt Master Tests-3] INFO  verifyingSettingOptionsLang_18-11-04 - Clicking settings ellipses button...
18:12:03 [TestNG-test-Yt Master Tests-3] INFO  verifyingSettingOptionsLang_18-11-04 - [verifyingSettingOptionsLang_18-11-04] Trying to find element: By.xpath: //ytd-topbar-menu-button-renderer[@class='style-scope ytd-masthead style-default']
18:12:04 [TestNG-test-Yt Master Tests-3] INFO  verifyingSettingOptionsLang_18-11-04 - [verifyingSettingOptionsLang_18-11-04] Element found and ready (attempt 1): By.xpath: //ytd-topbar-menu-button-renderer[@class='style-scope ytd-masthead style-default']
18:12:04 [TestNG-test-Yt Master Tests-3] INFO  verifyingSettingOptionsLang_18-11-04 - Clicking settings ellipses button...
18:12:04 [TestNG-test-Yt Master Tests-3] INFO  verifyingSettingOptionsLang_18-11-04 - [verifyingSettingOptionsLang_18-11-04] Trying to find element: By.xpath: //ytd-topbar-menu-button-renderer[@class='style-scope ytd-masthead style-default']
18:12:04 [TestNG-test-Yt Master Tests-3] INFO  verifyingSettingOptionsLang_18-11-04 - [verifyingSettingOptionsLang_18-11-04] Element found and ready (attempt 1): By.xpath: //ytd-topbar-menu-button-renderer[@class='style-scope ytd-masthead style-default']
18:12:04 [TestNG-test-Yt Master Tests-3] INFO  verifyingSettingOptionsLang_18-11-04 - Getting the setting ellipses options
18:12:04 [TestNG-test-Yt Master Tests-3] INFO  verifyingSettingOptionsLang_18-11-04 - [verifyingSettingOptionsLang_18-11-04] Trying to find element: By.xpath: //ytd-multi-page-menu-renderer
18:12:05 [TestNG-test-Yt Master Tests-3] INFO  verifyingSettingOptionsLang_18-11-04 - [verifyingSettingOptionsLang_18-11-04] Element found and ready (attempt 1): By.xpath: //ytd-multi-page-menu-renderer
18:12:05 [TestNG-test-Yt Master Tests-3] INFO  verifyingSettingOptionsLang_18-11-04 - Clicking settings ellipses button...
18:12:05 [TestNG-test-Yt Master Tests-3] INFO  verifyingSettingOptionsLang_18-11-04 - [verifyingSettingOptionsLang_18-11-04] Trying to find element: By.xpath: //ytd-topbar-menu-button-renderer[@class='style-scope ytd-masthead style-default']
18:12:05 [TestNG-test-Yt Master Tests-3] INFO  verifyingSettingOptionsLang_18-11-04 - [verifyingSettingOptionsLang_18-11-04] Element found and ready (attempt 1): By.xpath: //ytd-topbar-menu-button-renderer[@class='style-scope ytd-masthead style-default']
18:12:05 [TestNG-test-Yt Master Tests-3] INFO  verifyingSettingOptionsLang_18-11-04 - 
========== LANGUAGE DETECTION ==========
Detected Language : GERMAN
Input Text        : Meine Daten auf YouTube
Darstellung: Hell
Anzeigesprache:
Deutsch
Eingeschränkter Modus: Deaktiviert
Ort:
USA
Tastenkombinationen
Einstellungen
Hilfe
Feedback senden
========================================
18:12:05 [TestNG-test-Yt Master Tests-3] INFO  verifyingSettingOptionsLang_18-11-04 - getLangAttribute() - locating <html> and reading lang property
18:12:05 [TestNG-test-Yt Master Tests-3] INFO  verifyingSettingOptionsLang_18-11-04 - Language attribute read: de-DE
18:12:05 [TestNG-test-Yt Master Tests-3] INFO  verifyingSettingOptionsLang_18-11-04 - Clicking settings ellipses button...
18:12:05 [TestNG-test-Yt Master Tests-3] INFO  verifyingSettingOptionsLang_18-11-04 - [verifyingSettingOptionsLang_18-11-04] Trying to find element: By.xpath: //ytd-topbar-menu-button-renderer[@class='style-scope ytd-masthead style-default']
18:12:05 [TestNG-test-Yt Master Tests-3] INFO  verifyingSettingOptionsLang_18-11-04 - [verifyingSettingOptionsLang_18-11-04] Element found and ready (attempt 1): By.xpath: //ytd-topbar-menu-button-renderer[@class='style-scope ytd-masthead style-default']
18:12:06 [TestNG-test-Yt Master Tests-3] INFO  verifyingSettingOptionsLang_18-11-04 - Clicking language dropdown...
18:12:06 [TestNG-test-Yt Master Tests-3] INFO  verifyingSettingOptionsLang_18-11-04 - [verifyingSettingOptionsLang_18-11-04] Trying to find element: By.xpath: (//div[@id='content-icon'])[2]
18:12:07 [TestNG-test-Yt Master Tests-3] INFO  verifyingSettingOptionsLang_18-11-04 - [verifyingSettingOptionsLang_18-11-04] Element found and ready (attempt 1): By.xpath: (//div[@id='content-icon'])[2]
18:12:08 [TestNG-test-Yt Master Tests-3] INFO  verifyingSettingOptionsLang_18-11-04 - Looking for language element with name: Eesti
18:12:08 [TestNG-test-Yt Master Tests-3] INFO  verifyingSettingOptionsLang_18-11-04 - [verifyingSettingOptionsLang_18-11-04] Trying to find element: By.xpath: //yt-multi-page-menu-section-renderer[@class='style-scope ytd-multi-page-menu-renderer']//yt-formatted-string[@id='label' and text()='Eesti']
18:12:08 [TestNG-test-Yt Master Tests-3] INFO  verifyingSettingOptionsLang_18-11-04 - [verifyingSettingOptionsLang_18-11-04] Element found and ready (attempt 1): By.xpath: //yt-multi-page-menu-section-renderer[@class='style-scope ytd-multi-page-menu-renderer']//yt-formatted-string[@id='label' and text()='Eesti']
18:12:08 [TestNG-test-Yt Master Tests-3] INFO  verifyingSettingOptionsLang_18-11-04 - [verifyingSettingOptionsLang_18-11-04] Trying to find element: By.xpath: //yt-multi-page-menu-section-renderer[@class='style-scope ytd-multi-page-menu-renderer']//yt-formatted-string[@id='label' and text()='Eesti']
18:12:08 [TestNG-test-Yt Master Tests-3] INFO  verifyingSettingOptionsLang_18-11-04 - [verifyingSettingOptionsLang_18-11-04] Element found and ready (attempt 1): By.xpath: //yt-multi-page-menu-section-renderer[@class='style-scope ytd-multi-page-menu-renderer']//yt-formatted-string[@id='label' and text()='Eesti']
18:12:09 [TestNG-test-Yt Master Tests-3] INFO  verifyingSettingOptionsLang_18-11-04 - Clicking settings ellipses button...
18:12:10 [TestNG-test-Yt Master Tests-3] INFO  verifyingSettingOptionsLang_18-11-04 - [verifyingSettingOptionsLang_18-11-04] Trying to find element: By.xpath: //ytd-topbar-menu-button-renderer[@class='style-scope ytd-masthead style-default']
18:12:11 [TestNG-test-Yt Master Tests-3] INFO  verifyingSettingOptionsLang_18-11-04 - [verifyingSettingOptionsLang_18-11-04] Element found and ready (attempt 1): By.xpath: //ytd-topbar-menu-button-renderer[@class='style-scope ytd-masthead style-default']
18:12:11 [TestNG-test-Yt Master Tests-3] INFO  verifyingSettingOptionsLang_18-11-04 - [verifyingSettingOptionsLang_18-11-04] Waiting until element is visible in viewport
18:12:11 [TestNG-test-Yt Master Tests-3] INFO  verifyingSettingOptionsLang_18-11-04 - Clicking settings ellipses button...
18:12:11 [TestNG-test-Yt Master Tests-3] INFO  verifyingSettingOptionsLang_18-11-04 - [verifyingSettingOptionsLang_18-11-04] Trying to find element: By.xpath: //ytd-topbar-menu-button-renderer[@class='style-scope ytd-masthead style-default']
18:12:12 [TestNG-test-Yt Master Tests-3] INFO  verifyingSettingOptionsLang_18-11-04 - [verifyingSettingOptionsLang_18-11-04] Element found and ready (attempt 1): By.xpath: //ytd-topbar-menu-button-renderer[@class='style-scope ytd-masthead style-default']
18:12:12 [TestNG-test-Yt Master Tests-3] INFO  verifyingSettingOptionsLang_18-11-04 - Clicking settings ellipses button...
18:12:12 [TestNG-test-Yt Master Tests-3] INFO  verifyingSettingOptionsLang_18-11-04 - [verifyingSettingOptionsLang_18-11-04] Trying to find element: By.xpath: //ytd-topbar-menu-button-renderer[@class='style-scope ytd-masthead style-default']
18:12:12 [TestNG-test-Yt Master Tests-3] INFO  verifyingSettingOptionsLang_18-11-04 - [verifyingSettingOptionsLang_18-11-04] Element found and ready (attempt 1): By.xpath: //ytd-topbar-menu-button-renderer[@class='style-scope ytd-masthead style-default']
18:12:12 [TestNG-test-Yt Master Tests-3] INFO  verifyingSettingOptionsLang_18-11-04 - Getting the setting ellipses options
18:12:12 [TestNG-test-Yt Master Tests-3] INFO  verifyingSettingOptionsLang_18-11-04 - [verifyingSettingOptionsLang_18-11-04] Trying to find element: By.xpath: //ytd-multi-page-menu-renderer
18:12:13 [TestNG-test-Yt Master Tests-3] INFO  verifyingSettingOptionsLang_18-11-04 - [verifyingSettingOptionsLang_18-11-04] Element found and ready (attempt 1): By.xpath: //ytd-multi-page-menu-renderer
18:12:13 [TestNG-test-Yt Master Tests-3] INFO  verifyingSettingOptionsLang_18-11-04 - Clicking settings ellipses button...
18:12:13 [TestNG-test-Yt Master Tests-3] INFO  verifyingSettingOptionsLang_18-11-04 - [verifyingSettingOptionsLang_18-11-04] Trying to find element: By.xpath: //ytd-topbar-menu-button-renderer[@class='style-scope ytd-masthead style-default']
18:12:13 [TestNG-test-Yt Master Tests-3] INFO  verifyingSettingOptionsLang_18-11-04 - [verifyingSettingOptionsLang_18-11-04] Element found and ready (attempt 1): By.xpath: //ytd-topbar-menu-button-renderer[@class='style-scope ytd-masthead style-default']
18:12:13 [TestNG-test-Yt Master Tests-3] INFO  verifyingSettingOptionsLang_18-11-04 - 
========== LANGUAGE DETECTION ==========
Detected Language : ESTONIAN
Input Text        : Teie andmed YouTube'is
Välimus: hele
Kuvamiskeel:
eesti
Piiratud režiim: väljas
Asukoht:
Ameerika Ühendriigid
Klaviatuuri otseteed
Seaded
Abi
Tagasiside saatmine
========================================
18:12:13 [TestNG-test-Yt Master Tests-3] INFO  verifyingSettingOptionsLang_18-11-04 - getLangAttribute() - locating <html> and reading lang property
18:12:13 [TestNG-test-Yt Master Tests-3] INFO  verifyingSettingOptionsLang_18-11-04 - Language attribute read: et-EE
18:12:13 [TestNG-test-Yt Master Tests-3] INFO  verifyingSettingOptionsLang_18-11-04 - Clicking settings ellipses button...
18:12:14 [TestNG-test-Yt Master Tests-3] INFO  verifyingSettingOptionsLang_18-11-04 - [verifyingSettingOptionsLang_18-11-04] Trying to find element: By.xpath: //ytd-topbar-menu-button-renderer[@class='style-scope ytd-masthead style-default']
18:12:14 [TestNG-test-Yt Master Tests-3] INFO  verifyingSettingOptionsLang_18-11-04 - [verifyingSettingOptionsLang_18-11-04] Element found and ready (attempt 1): By.xpath: //ytd-topbar-menu-button-renderer[@class='style-scope ytd-masthead style-default']
18:12:15 [TestNG-test-Yt Master Tests-3] INFO  verifyingSettingOptionsLang_18-11-04 - Clicking language dropdown...
18:12:15 [TestNG-test-Yt Master Tests-3] INFO  verifyingSettingOptionsLang_18-11-04 - [verifyingSettingOptionsLang_18-11-04] Trying to find element: By.xpath: (//div[@id='content-icon'])[2]
18:12:15 [TestNG-test-Yt Master Tests-3] INFO  verifyingSettingOptionsLang_18-11-04 - [verifyingSettingOptionsLang_18-11-04] Element found and ready (attempt 1): By.xpath: (//div[@id='content-icon'])[2]
18:12:16 [TestNG-test-Yt Master Tests-3] INFO  verifyingSettingOptionsLang_18-11-04 - Looking for language element with name: English (India)
18:12:16 [TestNG-test-Yt Master Tests-3] INFO  verifyingSettingOptionsLang_18-11-04 - [verifyingSettingOptionsLang_18-11-04] Trying to find element: By.xpath: //yt-multi-page-menu-section-renderer[@class='style-scope ytd-multi-page-menu-renderer']//yt-formatted-string[@id='label' and text()='English (India)']
18:12:16 [TestNG-test-Yt Master Tests-3] INFO  verifyingSettingOptionsLang_18-11-04 - [verifyingSettingOptionsLang_18-11-04] Element found and ready (attempt 1): By.xpath: //yt-multi-page-menu-section-renderer[@class='style-scope ytd-multi-page-menu-renderer']//yt-formatted-string[@id='label' and text()='English (India)']
18:12:16 [TestNG-test-Yt Master Tests-3] INFO  verifyingSettingOptionsLang_18-11-04 - [verifyingSettingOptionsLang_18-11-04] Trying to find element: By.xpath: //yt-multi-page-menu-section-renderer[@class='style-scope ytd-multi-page-menu-renderer']//yt-formatted-string[@id='label' and text()='English (India)']
18:12:16 [TestNG-test-Yt Master Tests-3] INFO  verifyingSettingOptionsLang_18-11-04 - [verifyingSettingOptionsLang_18-11-04] Element found and ready (attempt 1): By.xpath: //yt-multi-page-menu-section-renderer[@class='style-scope ytd-multi-page-menu-renderer']//yt-formatted-string[@id='label' and text()='English (India)']
18:12:18 [TestNG-test-Yt Master Tests-3] INFO  verifyingSettingOptionsLang_18-11-04 - Clicking settings ellipses button...
18:12:19 [TestNG-test-Yt Master Tests-3] INFO  verifyingSettingOptionsLang_18-11-04 - [verifyingSettingOptionsLang_18-11-04] Trying to find element: By.xpath: //ytd-topbar-menu-button-renderer[@class='style-scope ytd-masthead style-default']
18:12:19 [TestNG-test-Yt Master Tests-3] INFO  verifyingSettingOptionsLang_18-11-04 - [verifyingSettingOptionsLang_18-11-04] Element found and ready (attempt 1): By.xpath: //ytd-topbar-menu-button-renderer[@class='style-scope ytd-masthead style-default']
18:12:19 [TestNG-test-Yt Master Tests-3] INFO  verifyingSettingOptionsLang_18-11-04 - [verifyingSettingOptionsLang_18-11-04] Waiting until element is visible in viewport
18:12:20 [TestNG-test-Yt Master Tests-3] INFO  verifyingSettingOptionsLang_18-11-04 - Clicking settings ellipses button...
18:12:20 [TestNG-test-Yt Master Tests-3] INFO  verifyingSettingOptionsLang_18-11-04 - [verifyingSettingOptionsLang_18-11-04] Trying to find element: By.xpath: //ytd-topbar-menu-button-renderer[@class='style-scope ytd-masthead style-default']
18:12:20 [TestNG-test-Yt Master Tests-3] INFO  verifyingSettingOptionsLang_18-11-04 - [verifyingSettingOptionsLang_18-11-04] Element found and ready (attempt 1): By.xpath: //ytd-topbar-menu-button-renderer[@class='style-scope ytd-masthead style-default']
18:12:21 [TestNG-test-Yt Master Tests-3] INFO  verifyingSettingOptionsLang_18-11-04 - Clicking settings ellipses button...
18:12:21 [TestNG-test-Yt Master Tests-3] INFO  verifyingSettingOptionsLang_18-11-04 - [verifyingSettingOptionsLang_18-11-04] Trying to find element: By.xpath: //ytd-topbar-menu-button-renderer[@class='style-scope ytd-masthead style-default']
18:12:21 [TestNG-test-Yt Master Tests-3] INFO  verifyingSettingOptionsLang_18-11-04 - [verifyingSettingOptionsLang_18-11-04] Element found and ready (attempt 1): By.xpath: //ytd-topbar-menu-button-renderer[@class='style-scope ytd-masthead style-default']
18:12:22 [TestNG-test-Yt Master Tests-3] INFO  verifyingSettingOptionsLang_18-11-04 - Getting the setting ellipses options
18:12:22 [TestNG-test-Yt Master Tests-3] INFO  verifyingSettingOptionsLang_18-11-04 - [verifyingSettingOptionsLang_18-11-04] Trying to find element: By.xpath: //ytd-multi-page-menu-renderer
18:12:22 [TestNG-test-Yt Master Tests-3] INFO  verifyingSettingOptionsLang_18-11-04 - [verifyingSettingOptionsLang_18-11-04] Element found and ready (attempt 1): By.xpath: //ytd-multi-page-menu-renderer
18:12:22 [TestNG-test-Yt Master Tests-3] INFO  verifyingSettingOptionsLang_18-11-04 - Clicking settings ellipses button...
18:12:22 [TestNG-test-Yt Master Tests-3] INFO  verifyingSettingOptionsLang_18-11-04 - [verifyingSettingOptionsLang_18-11-04] Trying to find element: By.xpath: //ytd-topbar-menu-button-renderer[@class='style-scope ytd-masthead style-default']
18:12:22 [TestNG-test-Yt Master Tests-3] INFO  verifyingSettingOptionsLang_18-11-04 - [verifyingSettingOptionsLang_18-11-04] Element found and ready (attempt 1): By.xpath: //ytd-topbar-menu-button-renderer[@class='style-scope ytd-masthead style-default']
18:12:22 [TestNG-test-Yt Master Tests-3] INFO  verifyingSettingOptionsLang_18-11-04 - 
========== LANGUAGE DETECTION ==========
Detected Language : ENGLISH
Input Text        : Your data in YouTube
Appearance: Light
Display language:
English (India)
Restricted Mode: Off
Location:
United States
Keyboard shortcuts
Settings
Help
Send feedback
========================================
18:12:22 [TestNG-test-Yt Master Tests-3] INFO  verifyingSettingOptionsLang_18-11-04 - getLangAttribute() - locating <html> and reading lang property
18:12:22 [TestNG-test-Yt Master Tests-3] INFO  verifyingSettingOptionsLang_18-11-04 - Language attribute read: en-IN
18:12:22 [TestNG-test-Yt Master Tests-3] INFO  verifyingSettingOptionsLang_18-11-04 - Clicking settings ellipses button...
18:12:23 [TestNG-test-Yt Master Tests-3] INFO  verifyingSettingOptionsLang_18-11-04 - [verifyingSettingOptionsLang_18-11-04] Trying to find element: By.xpath: //ytd-topbar-menu-button-renderer[@class='style-scope ytd-masthead style-default']
18:12:23 [TestNG-test-Yt Master Tests-3] INFO  verifyingSettingOptionsLang_18-11-04 - [verifyingSettingOptionsLang_18-11-04] Element found and ready (attempt 1): By.xpath: //ytd-topbar-menu-button-renderer[@class='style-scope ytd-masthead style-default']
18:12:23 [TestNG-test-Yt Master Tests-3] INFO  verifyingSettingOptionsLang_18-11-04 - Clicking language dropdown...
18:12:23 [TestNG-test-Yt Master Tests-3] INFO  verifyingSettingOptionsLang_18-11-04 - [verifyingSettingOptionsLang_18-11-04] Trying to find element: By.xpath: (//div[@id='content-icon'])[2]
18:12:24 [TestNG-test-Yt Master Tests-3] INFO  verifyingSettingOptionsLang_18-11-04 - [verifyingSettingOptionsLang_18-11-04] Element found and ready (attempt 1): By.xpath: (//div[@id='content-icon'])[2]
18:12:24 [TestNG-test-Yt Master Tests-3] INFO  verifyingSettingOptionsLang_18-11-04 - [verifyingSettingOptionsLang_18-11-04] Not retrying test 'verifyingSettingOptionsLang'. Retry count: 0, Cause: The following asserts failed:
	Language detection mismatch for language=Bosanski expected [CROATIAN] but found [BOSNIAN]
