19:01:52 [TestNG-test-Yt Master Tests-2] INFO  verifyingSideMenuCollapsedLangAsInSettings_19-01-52 - No existing WebDriver found for current thread. Initializing a new ChromeDriver...
19:01:52 [TestNG-test-Yt Master Tests-2] INFO  verifyingSideMenuCollapsedLangAsInSettings_19-01-52 - WebDriverManager: chromedriver setup OK
19:01:54 [TestNG-test-Yt Master Tests-2] INFO  verifyingSideMenuCollapsedLangAsInSettings_19-01-52 - ChromeDriver initialized successfully for thread: 35
19:01:54 [TestNG-test-Yt Master Tests-2] INFO  verifyingSideMenuCollapsedLangAsInSettings_19-01-52 - SafeActions initialized with driver ChromeDriver: chrome on windows (3498d947e6b278ce8242c2c1ac1ba45a)
19:01:54 [TestNG-test-Yt Master Tests-2] INFO  verifyingSideMenuCollapsedLangAsInSettings_19-01-52 - Initialized YtLandingPage with driver: ChromeDriver: chrome on windows (3498d947e6b278ce8242c2c1ac1ba45a)
19:01:54 [TestNG-test-Yt Master Tests-2] INFO  verifyingSideMenuCollapsedLangAsInSettings_19-01-52 - SafeActions initialized with driver ChromeDriver: chrome on windows (3498d947e6b278ce8242c2c1ac1ba45a)
19:01:56 [TestNG-test-Yt Master Tests-2] INFO  verifyingSideMenuCollapsedLangAsInSettings_19-01-52 - Opened YouTube landing page.
19:01:56 [TestNG-test-Yt Master Tests-2] INFO  verifyingSideMenuCollapsedLangAsInSettings_19-01-52 - Clicking left ellipses in the landing page
19:01:56 [TestNG-test-Yt Master Tests-2] INFO  verifyingSideMenuCollapsedLangAsInSettings_19-01-52 - [verifyingSideMenuCollapsedLangAsInSettings_19-01-52] Trying to find element: By.xpath: //ytd-topbar-logo-renderer[@id='logo']/preceding-sibling::*[@id='guide-button']
19:01:56 [TestNG-test-Yt Master Tests-2] INFO  verifyingSideMenuCollapsedLangAsInSettings_19-01-52 - [verifyingSideMenuCollapsedLangAsInSettings_19-01-52] Element found and ready (attempt 1): By.xpath: //ytd-topbar-logo-renderer[@id='logo']/preceding-sibling::*[@id='guide-button']
19:01:56 [TestNG-test-Yt Master Tests-2] INFO  verifyingSideMenuCollapsedLangAsInSettings_19-01-52 - Clicking settings ellipses button...
19:01:57 [TestNG-test-Yt Master Tests-2] INFO  verifyingSideMenuCollapsedLangAsInSettings_19-01-52 - [verifyingSideMenuCollapsedLangAsInSettings_19-01-52] Trying to find element: By.xpath: //ytd-topbar-menu-button-renderer[@class='style-scope ytd-masthead style-default']
19:01:57 [TestNG-test-Yt Master Tests-2] INFO  verifyingSideMenuCollapsedLangAsInSettings_19-01-52 - [verifyingSideMenuCollapsedLangAsInSettings_19-01-52] Element found and ready (attempt 1): By.xpath: //ytd-topbar-menu-button-renderer[@class='style-scope ytd-masthead style-default']
19:01:57 [TestNG-test-Yt Master Tests-2] INFO  verifyingSideMenuCollapsedLangAsInSettings_19-01-52 - Clicking language dropdown...
19:01:57 [TestNG-test-Yt Master Tests-2] INFO  verifyingSideMenuCollapsedLangAsInSettings_19-01-52 - [verifyingSideMenuCollapsedLangAsInSettings_19-01-52] Trying to find element: By.xpath: (//div[@id='content-icon'])[2]
19:01:58 [TestNG-test-Yt Master Tests-2] INFO  verifyingSideMenuCollapsedLangAsInSettings_19-01-52 - [verifyingSideMenuCollapsedLangAsInSettings_19-01-52] Element found and ready (attempt 1): By.xpath: (//div[@id='content-icon'])[2]
19:01:58 [TestNG-test-Yt Master Tests-2] INFO  verifyingSideMenuCollapsedLangAsInSettings_19-01-52 - [verifyingSideMenuCollapsedLangAsInSettings_19-01-52] Execution is scheduled type /CRON Job on CI Hence refering to CI keys from UtilData
19:01:58 [TestNG-test-Yt Master Tests-2] INFO  verifyingSideMenuCollapsedLangAsInSettings_19-01-52 - Looking for language element with name: Afrikaans
19:01:58 [TestNG-test-Yt Master Tests-2] INFO  verifyingSideMenuCollapsedLangAsInSettings_19-01-52 - [verifyingSideMenuCollapsedLangAsInSettings_19-01-52] Trying to find element: By.xpath: //yt-multi-page-menu-section-renderer[@class='style-scope ytd-multi-page-menu-renderer']//yt-formatted-string[@id='label' and text()='Afrikaans']
19:01:58 [TestNG-test-Yt Master Tests-2] INFO  verifyingSideMenuCollapsedLangAsInSettings_19-01-52 - [verifyingSideMenuCollapsedLangAsInSettings_19-01-52] Element found and ready (attempt 1): By.xpath: //yt-multi-page-menu-section-renderer[@class='style-scope ytd-multi-page-menu-renderer']//yt-formatted-string[@id='label' and text()='Afrikaans']
19:01:58 [TestNG-test-Yt Master Tests-2] INFO  verifyingSideMenuCollapsedLangAsInSettings_19-01-52 - [verifyingSideMenuCollapsedLangAsInSettings_19-01-52] Trying to find element: By.xpath: //yt-multi-page-menu-section-renderer[@class='style-scope ytd-multi-page-menu-renderer']//yt-formatted-string[@id='label' and text()='Afrikaans']
19:01:58 [TestNG-test-Yt Master Tests-2] INFO  verifyingSideMenuCollapsedLangAsInSettings_19-01-52 - [verifyingSideMenuCollapsedLangAsInSettings_19-01-52] Element found and ready (attempt 1): By.xpath: //yt-multi-page-menu-section-renderer[@class='style-scope ytd-multi-page-menu-renderer']//yt-formatted-string[@id='label' and text()='Afrikaans']
19:01:59 [TestNG-test-Yt Master Tests-2] INFO  verifyingSideMenuCollapsedLangAsInSettings_19-01-52 - Clicking settings ellipses button...
19:01:59 [TestNG-test-Yt Master Tests-2] INFO  verifyingSideMenuCollapsedLangAsInSettings_19-01-52 - [verifyingSideMenuCollapsedLangAsInSettings_19-01-52] Trying to find element: By.xpath: //ytd-topbar-menu-button-renderer[@class='style-scope ytd-masthead style-default']
19:01:59 [TestNG-test-Yt Master Tests-2] INFO  verifyingSideMenuCollapsedLangAsInSettings_19-01-52 - [verifyingSideMenuCollapsedLangAsInSettings_19-01-52] Element found and ready (attempt 1): By.xpath: //ytd-topbar-menu-button-renderer[@class='style-scope ytd-masthead style-default']
19:01:59 [TestNG-test-Yt Master Tests-2] INFO  verifyingSideMenuCollapsedLangAsInSettings_19-01-52 - [verifyingSideMenuCollapsedLangAsInSettings_19-01-52] Waiting until element is visible in viewport
19:02:09 [TestNG-test-Yt Master Tests-2] INFO  verifyingSideMenuCollapsedLangAsInSettings_19-01-52 - Clicking settings ellipses button...
19:02:09 [TestNG-test-Yt Master Tests-2] INFO  verifyingSideMenuCollapsedLangAsInSettings_19-01-52 - [verifyingSideMenuCollapsedLangAsInSettings_19-01-52] Trying to find element: By.xpath: //ytd-topbar-menu-button-renderer[@class='style-scope ytd-masthead style-default']
19:02:09 [TestNG-test-Yt Master Tests-2] INFO  verifyingSideMenuCollapsedLangAsInSettings_19-01-52 - [verifyingSideMenuCollapsedLangAsInSettings_19-01-52] Element found and ready (attempt 1): By.xpath: //ytd-topbar-menu-button-renderer[@class='style-scope ytd-masthead style-default']
19:02:09 [TestNG-test-Yt Master Tests-2] INFO  verifyingSideMenuCollapsedLangAsInSettings_19-01-52 - getLangAttribute() - locating <html> and reading lang property
19:02:09 [TestNG-test-Yt Master Tests-2] INFO  verifyingSideMenuCollapsedLangAsInSettings_19-01-52 - Language attribute read: en
19:02:09 [TestNG-test-Yt Master Tests-2] INFO  verifyingSideMenuCollapsedLangAsInSettings_19-01-52 - Fetching the side menu in collapsed view
19:02:09 [TestNG-test-Yt Master Tests-2] INFO  verifyingSideMenuCollapsedLangAsInSettings_19-01-52 - [verifyingSideMenuCollapsedLangAsInSettings_19-01-52] Finding elements list: By.xpath: //ytd-mini-guide-renderer[@class='style-scope ytd-app']//ytd-mini-guide-entry-renderer
19:02:09 [TestNG-test-Yt Master Tests-2] INFO  verifyingSideMenuCollapsedLangAsInSettings_19-01-52 - [verifyingSideMenuCollapsedLangAsInSettings_19-01-52] Found 4 ready elements (attempt 1): By.xpath: //ytd-mini-guide-renderer[@class='style-scope ytd-app']//ytd-mini-guide-entry-renderer
19:02:09 [TestNG-test-Yt Master Tests-2] INFO  verifyingSideMenuCollapsedLangAsInSettings_19-01-52 - Clicking settings ellipses button...
19:02:09 [TestNG-test-Yt Master Tests-2] INFO  verifyingSideMenuCollapsedLangAsInSettings_19-01-52 - [verifyingSideMenuCollapsedLangAsInSettings_19-01-52] Trying to find element: By.xpath: //ytd-topbar-menu-button-renderer[@class='style-scope ytd-masthead style-default']
19:02:10 [TestNG-test-Yt Master Tests-2] INFO  verifyingSideMenuCollapsedLangAsInSettings_19-01-52 - [verifyingSideMenuCollapsedLangAsInSettings_19-01-52] Element found and ready (attempt 1): By.xpath: //ytd-topbar-menu-button-renderer[@class='style-scope ytd-masthead style-default']
19:02:10 [TestNG-test-Yt Master Tests-2] INFO  verifyingSideMenuCollapsedLangAsInSettings_19-01-52 - Clicking language dropdown...
19:02:10 [TestNG-test-Yt Master Tests-2] INFO  verifyingSideMenuCollapsedLangAsInSettings_19-01-52 - [verifyingSideMenuCollapsedLangAsInSettings_19-01-52] Trying to find element: By.xpath: (//div[@id='content-icon'])[2]
19:02:20 [TestNG-test-Yt Master Tests-2] WARN  verifyingSideMenuCollapsedLangAsInSettings_19-01-52 - [verifyingSideMenuCollapsedLangAsInSettings_19-01-52] Timeout finding element (attempt 1): By.xpath: (//div[@id='content-icon'])[2]
19:02:30 [TestNG-test-Yt Master Tests-2] WARN  verifyingSideMenuCollapsedLangAsInSettings_19-01-52 - [verifyingSideMenuCollapsedLangAsInSettings_19-01-52] Timeout finding element (attempt 2): By.xpath: (//div[@id='content-icon'])[2]
19:02:30 [TestNG-test-Yt Master Tests-2] WARN  verifyingSideMenuCollapsedLangAsInSettings_19-01-52 - [verifyingSideMenuCollapsedLangAsInSettings_19-01-52] Attempt 2 failed — refreshing the page to recover...
19:02:30 [TestNG-test-Yt Master Tests-2] INFO  verifyingSideMenuCollapsedLangAsInSettings_19-01-52 - [verifyingSideMenuCollapsedLangAsInSettings_19-01-52] Current URL before refresh: https://www.youtube.com/
19:02:30 [TestNG-test-Yt Master Tests-2] INFO  verifyingSideMenuCollapsedLangAsInSettings_19-01-52 - [verifyingSideMenuCollapsedLangAsInSettings_19-01-52] Page refreshed successfully.
19:02:32 [TestNG-test-Yt Master Tests-2] INFO  verifyingSideMenuCollapsedLangAsInSettings_19-01-52 - [verifyingSideMenuCollapsedLangAsInSettings_19-01-52] Page fully loaded after refresh.
19:02:42 [TestNG-test-Yt Master Tests-2] WARN  verifyingSideMenuCollapsedLangAsInSettings_19-01-52 - [verifyingSideMenuCollapsedLangAsInSettings_19-01-52] Timeout finding element (attempt 3): By.xpath: (//div[@id='content-icon'])[2]
19:02:42 [TestNG-test-Yt Master Tests-2] WARN  verifyingSideMenuCollapsedLangAsInSettings_19-01-52 - [verifyingSideMenuCollapsedLangAsInSettings_19-01-52] Attempt 3 failed — refreshing the page to recover...
19:02:42 [TestNG-test-Yt Master Tests-2] INFO  verifyingSideMenuCollapsedLangAsInSettings_19-01-52 - [verifyingSideMenuCollapsedLangAsInSettings_19-01-52] Current URL before refresh: https://www.youtube.com/
19:02:43 [TestNG-test-Yt Master Tests-2] INFO  verifyingSideMenuCollapsedLangAsInSettings_19-01-52 - [verifyingSideMenuCollapsedLangAsInSettings_19-01-52] Page refreshed successfully.
19:02:44 [TestNG-test-Yt Master Tests-2] INFO  verifyingSideMenuCollapsedLangAsInSettings_19-01-52 - [verifyingSideMenuCollapsedLangAsInSettings_19-01-52] Page fully loaded after refresh.
19:02:44 [TestNG-test-Yt Master Tests-2] ERROR verifyingSideMenuCollapsedLangAsInSettings_19-01-52 - [verifyingSideMenuCollapsedLangAsInSettings_19-01-52] Element not found after 3 attempts: By.xpath: (//div[@id='content-icon'])[2]
19:02:44 [TestNG-test-Yt Master Tests-2] WARN  verifyingSideMenuCollapsedLangAsInSettings_19-01-52 - [verifyingSideMenuCollapsedLangAsInSettings_19-01-52] Retrying test 'verifyingSideMenuCollapsedLangAsInSettings' (attempt 1) due to: Cannot invoke "org.openqa.selenium.WebElement.click()" because the return value of "main.java.yt_multi_lang_ui_validator.safeActions.SafeActions.safeFindElement(org.openqa.selenium.By)" is null
