17:58:48 [TestNG-test-Yt Master Tests-1] INFO  verifyingSideMenuCollapsedLangAsInSettingsLingua_17-58-48 - No existing WebDriver found for current thread. Initializing a new ChromeDriver...
17:58:48 [TestNG-test-Yt Master Tests-1] INFO  verifyingSideMenuCollapsedLangAsInSettingsLingua_17-58-48 - WebDriverManager: chromedriver setup OK
17:58:49 [TestNG-test-Yt Master Tests-1] INFO  verifyingSideMenuCollapsedLangAsInSettingsLingua_17-58-48 - ChromeDriver initialized successfully for thread: 34
17:58:49 [TestNG-test-Yt Master Tests-1] INFO  verifyingSideMenuCollapsedLangAsInSettingsLingua_17-58-48 - SafeActions initialized with driver ChromeDriver: chrome on windows (546d1c23119f455b324160748ca2c4f2)
17:58:49 [TestNG-test-Yt Master Tests-1] INFO  verifyingSideMenuCollapsedLangAsInSettingsLingua_17-58-48 - Initialized YtLandingPage with driver: ChromeDriver: chrome on windows (546d1c23119f455b324160748ca2c4f2)
17:58:49 [TestNG-test-Yt Master Tests-1] INFO  verifyingSideMenuCollapsedLangAsInSettingsLingua_17-58-48 - SafeActions initialized with driver ChromeDriver: chrome on windows (546d1c23119f455b324160748ca2c4f2)
17:58:54 [TestNG-test-Yt Master Tests-1] INFO  verifyingSideMenuCollapsedLangAsInSettingsLingua_17-58-48 - Opened YouTube landing page.
17:58:54 [TestNG-test-Yt Master Tests-1] INFO  verifyingSideMenuCollapsedLangAsInSettingsLingua_17-58-48 - Clicking left ellipses in the landing page
17:58:54 [TestNG-test-Yt Master Tests-1] INFO  verifyingSideMenuCollapsedLangAsInSettingsLingua_17-58-48 - [verifyingSideMenuCollapsedLangAsInSettingsLingua_17-58-48] Trying to find element: By.xpath: //ytd-topbar-logo-renderer[@id='logo']/preceding-sibling::*[@id='guide-button']
17:58:54 [TestNG-test-Yt Master Tests-1] INFO  verifyingSideMenuCollapsedLangAsInSettingsLingua_17-58-48 - [verifyingSideMenuCollapsedLangAsInSettingsLingua_17-58-48] Element found and ready (attempt 1): By.xpath: //ytd-topbar-logo-renderer[@id='logo']/preceding-sibling::*[@id='guide-button']
17:58:54 [TestNG-test-Yt Master Tests-1] INFO  verifyingSideMenuCollapsedLangAsInSettingsLingua_17-58-48 - Clicking settings ellipses button...
17:58:54 [TestNG-test-Yt Master Tests-1] INFO  verifyingSideMenuCollapsedLangAsInSettingsLingua_17-58-48 - [verifyingSideMenuCollapsedLangAsInSettingsLingua_17-58-48] Trying to find element: By.xpath: //ytd-topbar-menu-button-renderer[@class='style-scope ytd-masthead style-default']
17:58:54 [TestNG-test-Yt Master Tests-1] INFO  verifyingSideMenuCollapsedLangAsInSettingsLingua_17-58-48 - [verifyingSideMenuCollapsedLangAsInSettingsLingua_17-58-48] Element found and ready (attempt 1): By.xpath: //ytd-topbar-menu-button-renderer[@class='style-scope ytd-masthead style-default']
17:58:54 [TestNG-test-Yt Master Tests-1] INFO  verifyingSideMenuCollapsedLangAsInSettingsLingua_17-58-48 - Clicking language dropdown...
17:58:54 [TestNG-test-Yt Master Tests-1] INFO  verifyingSideMenuCollapsedLangAsInSettingsLingua_17-58-48 - [verifyingSideMenuCollapsedLangAsInSettingsLingua_17-58-48] Trying to find element: By.xpath: (//div[@id='content-icon'])[2]
17:58:55 [TestNG-test-Yt Master Tests-1] INFO  verifyingSideMenuCollapsedLangAsInSettingsLingua_17-58-48 - [verifyingSideMenuCollapsedLangAsInSettingsLingua_17-58-48] Element found and ready (attempt 1): By.xpath: (//div[@id='content-icon'])[2]
17:58:55 [TestNG-test-Yt Master Tests-1] INFO  verifyingSideMenuCollapsedLangAsInSettingsLingua_17-58-48 - [verifyingSideMenuCollapsedLangAsInSettingsLingua_17-58-48] Execution is Not CRON Job Hence refering to normal keys from UtilData
17:58:55 [TestNG-test-Yt Master Tests-1] INFO  verifyingSideMenuCollapsedLangAsInSettingsLingua_17-58-48 - Looking for language element with name: Afrikaans
17:58:55 [TestNG-test-Yt Master Tests-1] INFO  verifyingSideMenuCollapsedLangAsInSettingsLingua_17-58-48 - [verifyingSideMenuCollapsedLangAsInSettingsLingua_17-58-48] Trying to find element: By.xpath: //yt-multi-page-menu-section-renderer[@class='style-scope ytd-multi-page-menu-renderer']//yt-formatted-string[@id='label' and text()='Afrikaans']
17:58:56 [TestNG-test-Yt Master Tests-1] INFO  verifyingSideMenuCollapsedLangAsInSettingsLingua_17-58-48 - [verifyingSideMenuCollapsedLangAsInSettingsLingua_17-58-48] Element found and ready (attempt 1): By.xpath: //yt-multi-page-menu-section-renderer[@class='style-scope ytd-multi-page-menu-renderer']//yt-formatted-string[@id='label' and text()='Afrikaans']
17:58:56 [TestNG-test-Yt Master Tests-1] INFO  verifyingSideMenuCollapsedLangAsInSettingsLingua_17-58-48 - [verifyingSideMenuCollapsedLangAsInSettingsLingua_17-58-48] Trying to find element: By.xpath: //yt-multi-page-menu-section-renderer[@class='style-scope ytd-multi-page-menu-renderer']//yt-formatted-string[@id='label' and text()='Afrikaans']
17:58:56 [TestNG-test-Yt Master Tests-1] INFO  verifyingSideMenuCollapsedLangAsInSettingsLingua_17-58-48 - [verifyingSideMenuCollapsedLangAsInSettingsLingua_17-58-48] Element found and ready (attempt 1): By.xpath: //yt-multi-page-menu-section-renderer[@class='style-scope ytd-multi-page-menu-renderer']//yt-formatted-string[@id='label' and text()='Afrikaans']
17:58:58 [TestNG-test-Yt Master Tests-1] INFO  verifyingSideMenuCollapsedLangAsInSettingsLingua_17-58-48 - Clicking settings ellipses button...
17:58:58 [TestNG-test-Yt Master Tests-1] INFO  verifyingSideMenuCollapsedLangAsInSettingsLingua_17-58-48 - [verifyingSideMenuCollapsedLangAsInSettingsLingua_17-58-48] Trying to find element: By.xpath: //ytd-topbar-menu-button-renderer[@class='style-scope ytd-masthead style-default']
17:58:58 [TestNG-test-Yt Master Tests-1] INFO  verifyingSideMenuCollapsedLangAsInSettingsLingua_17-58-48 - [verifyingSideMenuCollapsedLangAsInSettingsLingua_17-58-48] Element found and ready (attempt 1): By.xpath: //ytd-topbar-menu-button-renderer[@class='style-scope ytd-masthead style-default']
17:58:59 [TestNG-test-Yt Master Tests-1] INFO  verifyingSideMenuCollapsedLangAsInSettingsLingua_17-58-48 - [verifyingSideMenuCollapsedLangAsInSettingsLingua_17-58-48] Waiting until element is visible in viewport
17:58:59 [TestNG-test-Yt Master Tests-1] INFO  verifyingSideMenuCollapsedLangAsInSettingsLingua_17-58-48 - Clicking settings ellipses button...
17:58:59 [TestNG-test-Yt Master Tests-1] INFO  verifyingSideMenuCollapsedLangAsInSettingsLingua_17-58-48 - [verifyingSideMenuCollapsedLangAsInSettingsLingua_17-58-48] Trying to find element: By.xpath: //ytd-topbar-menu-button-renderer[@class='style-scope ytd-masthead style-default']
17:58:59 [TestNG-test-Yt Master Tests-1] INFO  verifyingSideMenuCollapsedLangAsInSettingsLingua_17-58-48 - [verifyingSideMenuCollapsedLangAsInSettingsLingua_17-58-48] Element found and ready (attempt 1): By.xpath: //ytd-topbar-menu-button-renderer[@class='style-scope ytd-masthead style-default']
17:58:59 [TestNG-test-Yt Master Tests-1] INFO  verifyingSideMenuCollapsedLangAsInSettingsLingua_17-58-48 - getLangAttribute() - locating <html> and reading lang property
17:58:59 [TestNG-test-Yt Master Tests-1] INFO  verifyingSideMenuCollapsedLangAsInSettingsLingua_17-58-48 - Language attribute read: af-ZA
17:58:59 [TestNG-test-Yt Master Tests-1] INFO  verifyingSideMenuCollapsedLangAsInSettingsLingua_17-58-48 - Fetching the side menu in collapsed view
17:58:59 [TestNG-test-Yt Master Tests-1] INFO  verifyingSideMenuCollapsedLangAsInSettingsLingua_17-58-48 - [verifyingSideMenuCollapsedLangAsInSettingsLingua_17-58-48] Finding elements list: By.xpath: //ytd-mini-guide-renderer[@class='style-scope ytd-app']//ytd-mini-guide-entry-renderer
17:59:00 [TestNG-test-Yt Master Tests-1] INFO  verifyingSideMenuCollapsedLangAsInSettingsLingua_17-58-48 - [verifyingSideMenuCollapsedLangAsInSettingsLingua_17-58-48] Found 4 ready elements (attempt 1): By.xpath: //ytd-mini-guide-renderer[@class='style-scope ytd-app']//ytd-mini-guide-entry-renderer
17:59:06 [TestNG-test-Yt Master Tests-1] INFO  verifyingSideMenuCollapsedLangAsInSettingsLingua_17-58-48 - 
========== LANGUAGE DETECTION ==========
Detected Language : AFRIKAANS
Input Text        : Tuis Kortvideo's Intekeninge Myne
========================================
17:59:06 [TestNG-test-Yt Master Tests-1] INFO  verifyingSideMenuCollapsedLangAsInSettingsLingua_17-58-48 - text sent to lingua is       Tuis Kortvideo's Intekeninge Myne
17:59:06 [TestNG-test-Yt Master Tests-1] INFO  verifyingSideMenuCollapsedLangAsInSettingsLingua_17-58-48 - getLangAttribute() - locating <html> and reading lang property
17:59:06 [TestNG-test-Yt Master Tests-1] INFO  verifyingSideMenuCollapsedLangAsInSettingsLingua_17-58-48 - Language attribute read: af-ZA
17:59:06 [TestNG-test-Yt Master Tests-1] INFO  verifyingSideMenuCollapsedLangAsInSettingsLingua_17-58-48 - Clicking settings ellipses button...
17:59:06 [TestNG-test-Yt Master Tests-1] INFO  verifyingSideMenuCollapsedLangAsInSettingsLingua_17-58-48 - [verifyingSideMenuCollapsedLangAsInSettingsLingua_17-58-48] Trying to find element: By.xpath: //ytd-topbar-menu-button-renderer[@class='style-scope ytd-masthead style-default']
17:59:06 [TestNG-test-Yt Master Tests-1] INFO  verifyingSideMenuCollapsedLangAsInSettingsLingua_17-58-48 - [verifyingSideMenuCollapsedLangAsInSettingsLingua_17-58-48] Element found and ready (attempt 1): By.xpath: //ytd-topbar-menu-button-renderer[@class='style-scope ytd-masthead style-default']
17:59:07 [TestNG-test-Yt Master Tests-1] INFO  verifyingSideMenuCollapsedLangAsInSettingsLingua_17-58-48 - Clicking language dropdown...
17:59:07 [TestNG-test-Yt Master Tests-1] INFO  verifyingSideMenuCollapsedLangAsInSettingsLingua_17-58-48 - [verifyingSideMenuCollapsedLangAsInSettingsLingua_17-58-48] Trying to find element: By.xpath: (//div[@id='content-icon'])[2]
17:59:07 [TestNG-test-Yt Master Tests-1] INFO  verifyingSideMenuCollapsedLangAsInSettingsLingua_17-58-48 - [verifyingSideMenuCollapsedLangAsInSettingsLingua_17-58-48] Element found and ready (attempt 1): By.xpath: (//div[@id='content-icon'])[2]
17:59:08 [TestNG-test-Yt Master Tests-1] INFO  verifyingSideMenuCollapsedLangAsInSettingsLingua_17-58-48 - Looking for language element with name: Azərbaycan
17:59:08 [TestNG-test-Yt Master Tests-1] INFO  verifyingSideMenuCollapsedLangAsInSettingsLingua_17-58-48 - [verifyingSideMenuCollapsedLangAsInSettingsLingua_17-58-48] Trying to find element: By.xpath: //yt-multi-page-menu-section-renderer[@class='style-scope ytd-multi-page-menu-renderer']//yt-formatted-string[@id='label' and text()='Azərbaycan']
17:59:08 [TestNG-test-Yt Master Tests-1] INFO  verifyingSideMenuCollapsedLangAsInSettingsLingua_17-58-48 - [verifyingSideMenuCollapsedLangAsInSettingsLingua_17-58-48] Element found and ready (attempt 1): By.xpath: //yt-multi-page-menu-section-renderer[@class='style-scope ytd-multi-page-menu-renderer']//yt-formatted-string[@id='label' and text()='Azərbaycan']
17:59:08 [TestNG-test-Yt Master Tests-1] INFO  verifyingSideMenuCollapsedLangAsInSettingsLingua_17-58-48 - [verifyingSideMenuCollapsedLangAsInSettingsLingua_17-58-48] Trying to find element: By.xpath: //yt-multi-page-menu-section-renderer[@class='style-scope ytd-multi-page-menu-renderer']//yt-formatted-string[@id='label' and text()='Azərbaycan']
17:59:08 [TestNG-test-Yt Master Tests-1] INFO  verifyingSideMenuCollapsedLangAsInSettingsLingua_17-58-48 - [verifyingSideMenuCollapsedLangAsInSettingsLingua_17-58-48] Element found and ready (attempt 1): By.xpath: //yt-multi-page-menu-section-renderer[@class='style-scope ytd-multi-page-menu-renderer']//yt-formatted-string[@id='label' and text()='Azərbaycan']
17:59:10 [TestNG-test-Yt Master Tests-1] INFO  verifyingSideMenuCollapsedLangAsInSettingsLingua_17-58-48 - Clicking settings ellipses button...
17:59:10 [TestNG-test-Yt Master Tests-1] INFO  verifyingSideMenuCollapsedLangAsInSettingsLingua_17-58-48 - [verifyingSideMenuCollapsedLangAsInSettingsLingua_17-58-48] Trying to find element: By.xpath: //ytd-topbar-menu-button-renderer[@class='style-scope ytd-masthead style-default']
17:59:10 [TestNG-test-Yt Master Tests-1] INFO  verifyingSideMenuCollapsedLangAsInSettingsLingua_17-58-48 - [verifyingSideMenuCollapsedLangAsInSettingsLingua_17-58-48] Element found and ready (attempt 1): By.xpath: //ytd-topbar-menu-button-renderer[@class='style-scope ytd-masthead style-default']
17:59:10 [TestNG-test-Yt Master Tests-1] INFO  verifyingSideMenuCollapsedLangAsInSettingsLingua_17-58-48 - [verifyingSideMenuCollapsedLangAsInSettingsLingua_17-58-48] Waiting until element is visible in viewport
17:59:11 [TestNG-test-Yt Master Tests-1] INFO  verifyingSideMenuCollapsedLangAsInSettingsLingua_17-58-48 - Clicking settings ellipses button...
17:59:11 [TestNG-test-Yt Master Tests-1] INFO  verifyingSideMenuCollapsedLangAsInSettingsLingua_17-58-48 - [verifyingSideMenuCollapsedLangAsInSettingsLingua_17-58-48] Trying to find element: By.xpath: //ytd-topbar-menu-button-renderer[@class='style-scope ytd-masthead style-default']
17:59:11 [TestNG-test-Yt Master Tests-1] INFO  verifyingSideMenuCollapsedLangAsInSettingsLingua_17-58-48 - [verifyingSideMenuCollapsedLangAsInSettingsLingua_17-58-48] Element found and ready (attempt 1): By.xpath: //ytd-topbar-menu-button-renderer[@class='style-scope ytd-masthead style-default']
17:59:11 [TestNG-test-Yt Master Tests-1] INFO  verifyingSideMenuCollapsedLangAsInSettingsLingua_17-58-48 - getLangAttribute() - locating <html> and reading lang property
17:59:11 [TestNG-test-Yt Master Tests-1] INFO  verifyingSideMenuCollapsedLangAsInSettingsLingua_17-58-48 - Language attribute read: az-Latn-AZ
17:59:11 [TestNG-test-Yt Master Tests-1] INFO  verifyingSideMenuCollapsedLangAsInSettingsLingua_17-58-48 - Fetching the side menu in collapsed view
17:59:11 [TestNG-test-Yt Master Tests-1] INFO  verifyingSideMenuCollapsedLangAsInSettingsLingua_17-58-48 - [verifyingSideMenuCollapsedLangAsInSettingsLingua_17-58-48] Finding elements list: By.xpath: //ytd-mini-guide-renderer[@class='style-scope ytd-app']//ytd-mini-guide-entry-renderer
17:59:11 [TestNG-test-Yt Master Tests-1] INFO  verifyingSideMenuCollapsedLangAsInSettingsLingua_17-58-48 - [verifyingSideMenuCollapsedLangAsInSettingsLingua_17-58-48] Found 4 ready elements (attempt 1): By.xpath: //ytd-mini-guide-renderer[@class='style-scope ytd-app']//ytd-mini-guide-entry-renderer
17:59:11 [TestNG-test-Yt Master Tests-1] INFO  verifyingSideMenuCollapsedLangAsInSettingsLingua_17-58-48 - 
========== LANGUAGE DETECTION ==========
Detected Language : TURKISH
Input Text        : Ev Shorts Abunəliklər Siz
========================================
17:59:11 [TestNG-test-Yt Master Tests-1] INFO  verifyingSideMenuCollapsedLangAsInSettingsLingua_17-58-48 - text sent to lingua is       Ev Shorts Abunəliklər Siz
17:59:11 [TestNG-test-Yt Master Tests-1] INFO  verifyingSideMenuCollapsedLangAsInSettingsLingua_17-58-48 - getLangAttribute() - locating <html> and reading lang property
17:59:11 [TestNG-test-Yt Master Tests-1] INFO  verifyingSideMenuCollapsedLangAsInSettingsLingua_17-58-48 - Language attribute read: az-Latn-AZ
17:59:11 [TestNG-test-Yt Master Tests-1] INFO  verifyingSideMenuCollapsedLangAsInSettingsLingua_17-58-48 - Clicking settings ellipses button...
17:59:11 [TestNG-test-Yt Master Tests-1] INFO  verifyingSideMenuCollapsedLangAsInSettingsLingua_17-58-48 - [verifyingSideMenuCollapsedLangAsInSettingsLingua_17-58-48] Trying to find element: By.xpath: //ytd-topbar-menu-button-renderer[@class='style-scope ytd-masthead style-default']
17:59:11 [TestNG-test-Yt Master Tests-1] INFO  verifyingSideMenuCollapsedLangAsInSettingsLingua_17-58-48 - [verifyingSideMenuCollapsedLangAsInSettingsLingua_17-58-48] Element found and ready (attempt 1): By.xpath: //ytd-topbar-menu-button-renderer[@class='style-scope ytd-masthead style-default']
17:59:11 [TestNG-test-Yt Master Tests-1] INFO  verifyingSideMenuCollapsedLangAsInSettingsLingua_17-58-48 - Clicking language dropdown...
17:59:11 [TestNG-test-Yt Master Tests-1] INFO  verifyingSideMenuCollapsedLangAsInSettingsLingua_17-58-48 - [verifyingSideMenuCollapsedLangAsInSettingsLingua_17-58-48] Trying to find element: By.xpath: (//div[@id='content-icon'])[2]
17:59:12 [TestNG-test-Yt Master Tests-1] INFO  verifyingSideMenuCollapsedLangAsInSettingsLingua_17-58-48 - [verifyingSideMenuCollapsedLangAsInSettingsLingua_17-58-48] Element found and ready (attempt 1): By.xpath: (//div[@id='content-icon'])[2]
17:59:12 [TestNG-test-Yt Master Tests-1] INFO  verifyingSideMenuCollapsedLangAsInSettingsLingua_17-58-48 - Looking for language element with name: Bahasa Indonesia
17:59:12 [TestNG-test-Yt Master Tests-1] INFO  verifyingSideMenuCollapsedLangAsInSettingsLingua_17-58-48 - [verifyingSideMenuCollapsedLangAsInSettingsLingua_17-58-48] Trying to find element: By.xpath: //yt-multi-page-menu-section-renderer[@class='style-scope ytd-multi-page-menu-renderer']//yt-formatted-string[@id='label' and text()='Bahasa Indonesia']
17:59:13 [TestNG-test-Yt Master Tests-1] INFO  verifyingSideMenuCollapsedLangAsInSettingsLingua_17-58-48 - [verifyingSideMenuCollapsedLangAsInSettingsLingua_17-58-48] Element found and ready (attempt 1): By.xpath: //yt-multi-page-menu-section-renderer[@class='style-scope ytd-multi-page-menu-renderer']//yt-formatted-string[@id='label' and text()='Bahasa Indonesia']
17:59:13 [TestNG-test-Yt Master Tests-1] INFO  verifyingSideMenuCollapsedLangAsInSettingsLingua_17-58-48 - [verifyingSideMenuCollapsedLangAsInSettingsLingua_17-58-48] Trying to find element: By.xpath: //yt-multi-page-menu-section-renderer[@class='style-scope ytd-multi-page-menu-renderer']//yt-formatted-string[@id='label' and text()='Bahasa Indonesia']
17:59:13 [TestNG-test-Yt Master Tests-1] INFO  verifyingSideMenuCollapsedLangAsInSettingsLingua_17-58-48 - [verifyingSideMenuCollapsedLangAsInSettingsLingua_17-58-48] Element found and ready (attempt 1): By.xpath: //yt-multi-page-menu-section-renderer[@class='style-scope ytd-multi-page-menu-renderer']//yt-formatted-string[@id='label' and text()='Bahasa Indonesia']
17:59:14 [TestNG-test-Yt Master Tests-1] INFO  verifyingSideMenuCollapsedLangAsInSettingsLingua_17-58-48 - Clicking settings ellipses button...
17:59:14 [TestNG-test-Yt Master Tests-1] INFO  verifyingSideMenuCollapsedLangAsInSettingsLingua_17-58-48 - [verifyingSideMenuCollapsedLangAsInSettingsLingua_17-58-48] Trying to find element: By.xpath: //ytd-topbar-menu-button-renderer[@class='style-scope ytd-masthead style-default']
17:59:14 [TestNG-test-Yt Master Tests-1] INFO  verifyingSideMenuCollapsedLangAsInSettingsLingua_17-58-48 - [verifyingSideMenuCollapsedLangAsInSettingsLingua_17-58-48] Element found and ready (attempt 1): By.xpath: //ytd-topbar-menu-button-renderer[@class='style-scope ytd-masthead style-default']
17:59:14 [TestNG-test-Yt Master Tests-1] INFO  verifyingSideMenuCollapsedLangAsInSettingsLingua_17-58-48 - [verifyingSideMenuCollapsedLangAsInSettingsLingua_17-58-48] Waiting until element is visible in viewport
17:59:15 [TestNG-test-Yt Master Tests-1] INFO  verifyingSideMenuCollapsedLangAsInSettingsLingua_17-58-48 - Clicking settings ellipses button...
17:59:15 [TestNG-test-Yt Master Tests-1] INFO  verifyingSideMenuCollapsedLangAsInSettingsLingua_17-58-48 - [verifyingSideMenuCollapsedLangAsInSettingsLingua_17-58-48] Trying to find element: By.xpath: //ytd-topbar-menu-button-renderer[@class='style-scope ytd-masthead style-default']
17:59:15 [TestNG-test-Yt Master Tests-1] INFO  verifyingSideMenuCollapsedLangAsInSettingsLingua_17-58-48 - [verifyingSideMenuCollapsedLangAsInSettingsLingua_17-58-48] Element found and ready (attempt 1): By.xpath: //ytd-topbar-menu-button-renderer[@class='style-scope ytd-masthead style-default']
17:59:15 [TestNG-test-Yt Master Tests-1] INFO  verifyingSideMenuCollapsedLangAsInSettingsLingua_17-58-48 - getLangAttribute() - locating <html> and reading lang property
17:59:15 [TestNG-test-Yt Master Tests-1] INFO  verifyingSideMenuCollapsedLangAsInSettingsLingua_17-58-48 - Language attribute read: id-ID
17:59:15 [TestNG-test-Yt Master Tests-1] INFO  verifyingSideMenuCollapsedLangAsInSettingsLingua_17-58-48 - Fetching the side menu in collapsed view
17:59:15 [TestNG-test-Yt Master Tests-1] INFO  verifyingSideMenuCollapsedLangAsInSettingsLingua_17-58-48 - [verifyingSideMenuCollapsedLangAsInSettingsLingua_17-58-48] Finding elements list: By.xpath: //ytd-mini-guide-renderer[@class='style-scope ytd-app']//ytd-mini-guide-entry-renderer
17:59:15 [TestNG-test-Yt Master Tests-1] INFO  verifyingSideMenuCollapsedLangAsInSettingsLingua_17-58-48 - [verifyingSideMenuCollapsedLangAsInSettingsLingua_17-58-48] Found 4 ready elements (attempt 1): By.xpath: //ytd-mini-guide-renderer[@class='style-scope ytd-app']//ytd-mini-guide-entry-renderer
17:59:15 [TestNG-test-Yt Master Tests-1] INFO  verifyingSideMenuCollapsedLangAsInSettingsLingua_17-58-48 - 
========== LANGUAGE DETECTION ==========
Detected Language : ENGLISH
Input Text        : Beranda Shorts Subscription Anda
========================================
17:59:15 [TestNG-test-Yt Master Tests-1] INFO  verifyingSideMenuCollapsedLangAsInSettingsLingua_17-58-48 - text sent to lingua is       Beranda Shorts Subscription Anda
17:59:15 [TestNG-test-Yt Master Tests-1] INFO  verifyingSideMenuCollapsedLangAsInSettingsLingua_17-58-48 - getLangAttribute() - locating <html> and reading lang property
17:59:15 [TestNG-test-Yt Master Tests-1] INFO  verifyingSideMenuCollapsedLangAsInSettingsLingua_17-58-48 - Language attribute read: id-ID
17:59:15 [TestNG-test-Yt Master Tests-1] INFO  verifyingSideMenuCollapsedLangAsInSettingsLingua_17-58-48 - Clicking settings ellipses button...
17:59:15 [TestNG-test-Yt Master Tests-1] INFO  verifyingSideMenuCollapsedLangAsInSettingsLingua_17-58-48 - [verifyingSideMenuCollapsedLangAsInSettingsLingua_17-58-48] Trying to find element: By.xpath: //ytd-topbar-menu-button-renderer[@class='style-scope ytd-masthead style-default']
17:59:15 [TestNG-test-Yt Master Tests-1] INFO  verifyingSideMenuCollapsedLangAsInSettingsLingua_17-58-48 - [verifyingSideMenuCollapsedLangAsInSettingsLingua_17-58-48] Element found and ready (attempt 1): By.xpath: //ytd-topbar-menu-button-renderer[@class='style-scope ytd-masthead style-default']
17:59:16 [TestNG-test-Yt Master Tests-1] INFO  verifyingSideMenuCollapsedLangAsInSettingsLingua_17-58-48 - Clicking language dropdown...
17:59:16 [TestNG-test-Yt Master Tests-1] INFO  verifyingSideMenuCollapsedLangAsInSettingsLingua_17-58-48 - [verifyingSideMenuCollapsedLangAsInSettingsLingua_17-58-48] Trying to find element: By.xpath: (//div[@id='content-icon'])[2]
17:59:16 [TestNG-test-Yt Master Tests-1] INFO  verifyingSideMenuCollapsedLangAsInSettingsLingua_17-58-48 - [verifyingSideMenuCollapsedLangAsInSettingsLingua_17-58-48] Element found and ready (attempt 1): By.xpath: (//div[@id='content-icon'])[2]
17:59:16 [TestNG-test-Yt Master Tests-1] INFO  verifyingSideMenuCollapsedLangAsInSettingsLingua_17-58-48 - Looking for language element with name: Bosanski
17:59:16 [TestNG-test-Yt Master Tests-1] INFO  verifyingSideMenuCollapsedLangAsInSettingsLingua_17-58-48 - [verifyingSideMenuCollapsedLangAsInSettingsLingua_17-58-48] Trying to find element: By.xpath: //yt-multi-page-menu-section-renderer[@class='style-scope ytd-multi-page-menu-renderer']//yt-formatted-string[@id='label' and text()='Bosanski']
17:59:17 [TestNG-test-Yt Master Tests-1] INFO  verifyingSideMenuCollapsedLangAsInSettingsLingua_17-58-48 - [verifyingSideMenuCollapsedLangAsInSettingsLingua_17-58-48] Element found and ready (attempt 1): By.xpath: //yt-multi-page-menu-section-renderer[@class='style-scope ytd-multi-page-menu-renderer']//yt-formatted-string[@id='label' and text()='Bosanski']
17:59:17 [TestNG-test-Yt Master Tests-1] INFO  verifyingSideMenuCollapsedLangAsInSettingsLingua_17-58-48 - [verifyingSideMenuCollapsedLangAsInSettingsLingua_17-58-48] Trying to find element: By.xpath: //yt-multi-page-menu-section-renderer[@class='style-scope ytd-multi-page-menu-renderer']//yt-formatted-string[@id='label' and text()='Bosanski']
17:59:17 [TestNG-test-Yt Master Tests-1] INFO  verifyingSideMenuCollapsedLangAsInSettingsLingua_17-58-48 - [verifyingSideMenuCollapsedLangAsInSettingsLingua_17-58-48] Element found and ready (attempt 1): By.xpath: //yt-multi-page-menu-section-renderer[@class='style-scope ytd-multi-page-menu-renderer']//yt-formatted-string[@id='label' and text()='Bosanski']
17:59:18 [TestNG-test-Yt Master Tests-1] INFO  verifyingSideMenuCollapsedLangAsInSettingsLingua_17-58-48 - Clicking settings ellipses button...
17:59:19 [TestNG-test-Yt Master Tests-1] INFO  verifyingSideMenuCollapsedLangAsInSettingsLingua_17-58-48 - [verifyingSideMenuCollapsedLangAsInSettingsLingua_17-58-48] Trying to find element: By.xpath: //ytd-topbar-menu-button-renderer[@class='style-scope ytd-masthead style-default']
17:59:19 [TestNG-test-Yt Master Tests-1] INFO  verifyingSideMenuCollapsedLangAsInSettingsLingua_17-58-48 - [verifyingSideMenuCollapsedLangAsInSettingsLingua_17-58-48] Element found and ready (attempt 1): By.xpath: //ytd-topbar-menu-button-renderer[@class='style-scope ytd-masthead style-default']
17:59:19 [TestNG-test-Yt Master Tests-1] INFO  verifyingSideMenuCollapsedLangAsInSettingsLingua_17-58-48 - [verifyingSideMenuCollapsedLangAsInSettingsLingua_17-58-48] Waiting until element is visible in viewport
17:59:20 [TestNG-test-Yt Master Tests-1] INFO  verifyingSideMenuCollapsedLangAsInSettingsLingua_17-58-48 - Clicking settings ellipses button...
17:59:20 [TestNG-test-Yt Master Tests-1] INFO  verifyingSideMenuCollapsedLangAsInSettingsLingua_17-58-48 - [verifyingSideMenuCollapsedLangAsInSettingsLingua_17-58-48] Trying to find element: By.xpath: //ytd-topbar-menu-button-renderer[@class='style-scope ytd-masthead style-default']
17:59:20 [TestNG-test-Yt Master Tests-1] INFO  verifyingSideMenuCollapsedLangAsInSettingsLingua_17-58-48 - [verifyingSideMenuCollapsedLangAsInSettingsLingua_17-58-48] Element found and ready (attempt 1): By.xpath: //ytd-topbar-menu-button-renderer[@class='style-scope ytd-masthead style-default']
17:59:20 [TestNG-test-Yt Master Tests-1] INFO  verifyingSideMenuCollapsedLangAsInSettingsLingua_17-58-48 - getLangAttribute() - locating <html> and reading lang property
17:59:20 [TestNG-test-Yt Master Tests-1] INFO  verifyingSideMenuCollapsedLangAsInSettingsLingua_17-58-48 - Language attribute read: bs-Latn-BA
17:59:20 [TestNG-test-Yt Master Tests-1] INFO  verifyingSideMenuCollapsedLangAsInSettingsLingua_17-58-48 - Fetching the side menu in collapsed view
17:59:20 [TestNG-test-Yt Master Tests-1] INFO  verifyingSideMenuCollapsedLangAsInSettingsLingua_17-58-48 - [verifyingSideMenuCollapsedLangAsInSettingsLingua_17-58-48] Finding elements list: By.xpath: //ytd-mini-guide-renderer[@class='style-scope ytd-app']//ytd-mini-guide-entry-renderer
17:59:20 [TestNG-test-Yt Master Tests-1] INFO  verifyingSideMenuCollapsedLangAsInSettingsLingua_17-58-48 - [verifyingSideMenuCollapsedLangAsInSettingsLingua_17-58-48] Found 4 ready elements (attempt 1): By.xpath: //ytd-mini-guide-renderer[@class='style-scope ytd-app']//ytd-mini-guide-entry-renderer
17:59:20 [TestNG-test-Yt Master Tests-1] INFO  verifyingSideMenuCollapsedLangAsInSettingsLingua_17-58-48 - 
========== LANGUAGE DETECTION ==========
Detected Language : BOSNIAN
Input Text        : Početna stranica Shorts Pretplate Vi
========================================
17:59:20 [TestNG-test-Yt Master Tests-1] INFO  verifyingSideMenuCollapsedLangAsInSettingsLingua_17-58-48 - text sent to lingua is       Početna stranica Shorts Pretplate Vi
17:59:20 [TestNG-test-Yt Master Tests-1] INFO  verifyingSideMenuCollapsedLangAsInSettingsLingua_17-58-48 - getLangAttribute() - locating <html> and reading lang property
17:59:20 [TestNG-test-Yt Master Tests-1] INFO  verifyingSideMenuCollapsedLangAsInSettingsLingua_17-58-48 - Language attribute read: bs-Latn-BA
17:59:20 [TestNG-test-Yt Master Tests-1] INFO  verifyingSideMenuCollapsedLangAsInSettingsLingua_17-58-48 - Clicking settings ellipses button...
17:59:20 [TestNG-test-Yt Master Tests-1] INFO  verifyingSideMenuCollapsedLangAsInSettingsLingua_17-58-48 - [verifyingSideMenuCollapsedLangAsInSettingsLingua_17-58-48] Trying to find element: By.xpath: //ytd-topbar-menu-button-renderer[@class='style-scope ytd-masthead style-default']
17:59:20 [TestNG-test-Yt Master Tests-1] INFO  verifyingSideMenuCollapsedLangAsInSettingsLingua_17-58-48 - [verifyingSideMenuCollapsedLangAsInSettingsLingua_17-58-48] Element found and ready (attempt 1): By.xpath: //ytd-topbar-menu-button-renderer[@class='style-scope ytd-masthead style-default']
17:59:20 [TestNG-test-Yt Master Tests-1] INFO  verifyingSideMenuCollapsedLangAsInSettingsLingua_17-58-48 - Clicking language dropdown...
17:59:20 [TestNG-test-Yt Master Tests-1] INFO  verifyingSideMenuCollapsedLangAsInSettingsLingua_17-58-48 - [verifyingSideMenuCollapsedLangAsInSettingsLingua_17-58-48] Trying to find element: By.xpath: (//div[@id='content-icon'])[2]
17:59:21 [TestNG-test-Yt Master Tests-1] INFO  verifyingSideMenuCollapsedLangAsInSettingsLingua_17-58-48 - [verifyingSideMenuCollapsedLangAsInSettingsLingua_17-58-48] Element found and ready (attempt 1): By.xpath: (//div[@id='content-icon'])[2]
17:59:21 [TestNG-test-Yt Master Tests-1] INFO  verifyingSideMenuCollapsedLangAsInSettingsLingua_17-58-48 - Looking for language element with name: Català
17:59:21 [TestNG-test-Yt Master Tests-1] INFO  verifyingSideMenuCollapsedLangAsInSettingsLingua_17-58-48 - [verifyingSideMenuCollapsedLangAsInSettingsLingua_17-58-48] Trying to find element: By.xpath: //yt-multi-page-menu-section-renderer[@class='style-scope ytd-multi-page-menu-renderer']//yt-formatted-string[@id='label' and text()='Català']
17:59:21 [TestNG-test-Yt Master Tests-1] INFO  verifyingSideMenuCollapsedLangAsInSettingsLingua_17-58-48 - [verifyingSideMenuCollapsedLangAsInSettingsLingua_17-58-48] Element found and ready (attempt 1): By.xpath: //yt-multi-page-menu-section-renderer[@class='style-scope ytd-multi-page-menu-renderer']//yt-formatted-string[@id='label' and text()='Català']
17:59:21 [TestNG-test-Yt Master Tests-1] INFO  verifyingSideMenuCollapsedLangAsInSettingsLingua_17-58-48 - [verifyingSideMenuCollapsedLangAsInSettingsLingua_17-58-48] Trying to find element: By.xpath: //yt-multi-page-menu-section-renderer[@class='style-scope ytd-multi-page-menu-renderer']//yt-formatted-string[@id='label' and text()='Català']
17:59:21 [TestNG-test-Yt Master Tests-1] INFO  verifyingSideMenuCollapsedLangAsInSettingsLingua_17-58-48 - [verifyingSideMenuCollapsedLangAsInSettingsLingua_17-58-48] Element found and ready (attempt 1): By.xpath: //yt-multi-page-menu-section-renderer[@class='style-scope ytd-multi-page-menu-renderer']//yt-formatted-string[@id='label' and text()='Català']
17:59:23 [TestNG-test-Yt Master Tests-1] INFO  verifyingSideMenuCollapsedLangAsInSettingsLingua_17-58-48 - Clicking settings ellipses button...
17:59:23 [TestNG-test-Yt Master Tests-1] INFO  verifyingSideMenuCollapsedLangAsInSettingsLingua_17-58-48 - [verifyingSideMenuCollapsedLangAsInSettingsLingua_17-58-48] Trying to find element: By.xpath: //ytd-topbar-menu-button-renderer[@class='style-scope ytd-masthead style-default']
17:59:24 [TestNG-test-Yt Master Tests-1] INFO  verifyingSideMenuCollapsedLangAsInSettingsLingua_17-58-48 - [verifyingSideMenuCollapsedLangAsInSettingsLingua_17-58-48] Element found and ready (attempt 1): By.xpath: //ytd-topbar-menu-button-renderer[@class='style-scope ytd-masthead style-default']
17:59:24 [TestNG-test-Yt Master Tests-1] INFO  verifyingSideMenuCollapsedLangAsInSettingsLingua_17-58-48 - [verifyingSideMenuCollapsedLangAsInSettingsLingua_17-58-48] Waiting until element is visible in viewport
17:59:24 [TestNG-test-Yt Master Tests-1] INFO  verifyingSideMenuCollapsedLangAsInSettingsLingua_17-58-48 - Clicking settings ellipses button...
17:59:24 [TestNG-test-Yt Master Tests-1] INFO  verifyingSideMenuCollapsedLangAsInSettingsLingua_17-58-48 - [verifyingSideMenuCollapsedLangAsInSettingsLingua_17-58-48] Trying to find element: By.xpath: //ytd-topbar-menu-button-renderer[@class='style-scope ytd-masthead style-default']
17:59:24 [TestNG-test-Yt Master Tests-1] INFO  verifyingSideMenuCollapsedLangAsInSettingsLingua_17-58-48 - [verifyingSideMenuCollapsedLangAsInSettingsLingua_17-58-48] Element found and ready (attempt 1): By.xpath: //ytd-topbar-menu-button-renderer[@class='style-scope ytd-masthead style-default']
17:59:24 [TestNG-test-Yt Master Tests-1] INFO  verifyingSideMenuCollapsedLangAsInSettingsLingua_17-58-48 - getLangAttribute() - locating <html> and reading lang property
17:59:24 [TestNG-test-Yt Master Tests-1] INFO  verifyingSideMenuCollapsedLangAsInSettingsLingua_17-58-48 - Language attribute read: ca-ES
17:59:24 [TestNG-test-Yt Master Tests-1] INFO  verifyingSideMenuCollapsedLangAsInSettingsLingua_17-58-48 - Fetching the side menu in collapsed view
17:59:24 [TestNG-test-Yt Master Tests-1] INFO  verifyingSideMenuCollapsedLangAsInSettingsLingua_17-58-48 - [verifyingSideMenuCollapsedLangAsInSettingsLingua_17-58-48] Finding elements list: By.xpath: //ytd-mini-guide-renderer[@class='style-scope ytd-app']//ytd-mini-guide-entry-renderer
17:59:24 [TestNG-test-Yt Master Tests-1] INFO  verifyingSideMenuCollapsedLangAsInSettingsLingua_17-58-48 - [verifyingSideMenuCollapsedLangAsInSettingsLingua_17-58-48] Found 4 ready elements (attempt 1): By.xpath: //ytd-mini-guide-renderer[@class='style-scope ytd-app']//ytd-mini-guide-entry-renderer
17:59:25 [TestNG-test-Yt Master Tests-1] INFO  verifyingSideMenuCollapsedLangAsInSettingsLingua_17-58-48 - 
========== LANGUAGE DETECTION ==========
Detected Language : CATALAN
Input Text        : Inici YouTube Shorts Subscripcions Tu
========================================
17:59:25 [TestNG-test-Yt Master Tests-1] INFO  verifyingSideMenuCollapsedLangAsInSettingsLingua_17-58-48 - text sent to lingua is       Inici YouTube Shorts Subscripcions Tu
17:59:25 [TestNG-test-Yt Master Tests-1] INFO  verifyingSideMenuCollapsedLangAsInSettingsLingua_17-58-48 - getLangAttribute() - locating <html> and reading lang property
17:59:25 [TestNG-test-Yt Master Tests-1] INFO  verifyingSideMenuCollapsedLangAsInSettingsLingua_17-58-48 - Language attribute read: ca-ES
17:59:25 [TestNG-test-Yt Master Tests-1] INFO  verifyingSideMenuCollapsedLangAsInSettingsLingua_17-58-48 - Clicking settings ellipses button...
17:59:25 [TestNG-test-Yt Master Tests-1] INFO  verifyingSideMenuCollapsedLangAsInSettingsLingua_17-58-48 - [verifyingSideMenuCollapsedLangAsInSettingsLingua_17-58-48] Trying to find element: By.xpath: //ytd-topbar-menu-button-renderer[@class='style-scope ytd-masthead style-default']
17:59:25 [TestNG-test-Yt Master Tests-1] INFO  verifyingSideMenuCollapsedLangAsInSettingsLingua_17-58-48 - [verifyingSideMenuCollapsedLangAsInSettingsLingua_17-58-48] Element found and ready (attempt 1): By.xpath: //ytd-topbar-menu-button-renderer[@class='style-scope ytd-masthead style-default']
17:59:25 [TestNG-test-Yt Master Tests-1] INFO  verifyingSideMenuCollapsedLangAsInSettingsLingua_17-58-48 - Clicking language dropdown...
17:59:25 [TestNG-test-Yt Master Tests-1] INFO  verifyingSideMenuCollapsedLangAsInSettingsLingua_17-58-48 - [verifyingSideMenuCollapsedLangAsInSettingsLingua_17-58-48] Trying to find element: By.xpath: (//div[@id='content-icon'])[2]
17:59:25 [TestNG-test-Yt Master Tests-1] INFO  verifyingSideMenuCollapsedLangAsInSettingsLingua_17-58-48 - [verifyingSideMenuCollapsedLangAsInSettingsLingua_17-58-48] Element found and ready (attempt 1): By.xpath: (//div[@id='content-icon'])[2]
17:59:26 [TestNG-test-Yt Master Tests-1] INFO  verifyingSideMenuCollapsedLangAsInSettingsLingua_17-58-48 - Looking for language element with name: Dansk
17:59:26 [TestNG-test-Yt Master Tests-1] INFO  verifyingSideMenuCollapsedLangAsInSettingsLingua_17-58-48 - [verifyingSideMenuCollapsedLangAsInSettingsLingua_17-58-48] Trying to find element: By.xpath: //yt-multi-page-menu-section-renderer[@class='style-scope ytd-multi-page-menu-renderer']//yt-formatted-string[@id='label' and text()='Dansk']
17:59:26 [TestNG-test-Yt Master Tests-1] INFO  verifyingSideMenuCollapsedLangAsInSettingsLingua_17-58-48 - [verifyingSideMenuCollapsedLangAsInSettingsLingua_17-58-48] Element found and ready (attempt 1): By.xpath: //yt-multi-page-menu-section-renderer[@class='style-scope ytd-multi-page-menu-renderer']//yt-formatted-string[@id='label' and text()='Dansk']
17:59:26 [TestNG-test-Yt Master Tests-1] INFO  verifyingSideMenuCollapsedLangAsInSettingsLingua_17-58-48 - [verifyingSideMenuCollapsedLangAsInSettingsLingua_17-58-48] Trying to find element: By.xpath: //yt-multi-page-menu-section-renderer[@class='style-scope ytd-multi-page-menu-renderer']//yt-formatted-string[@id='label' and text()='Dansk']
17:59:26 [TestNG-test-Yt Master Tests-1] INFO  verifyingSideMenuCollapsedLangAsInSettingsLingua_17-58-48 - [verifyingSideMenuCollapsedLangAsInSettingsLingua_17-58-48] Element found and ready (attempt 1): By.xpath: //yt-multi-page-menu-section-renderer[@class='style-scope ytd-multi-page-menu-renderer']//yt-formatted-string[@id='label' and text()='Dansk']
17:59:28 [TestNG-test-Yt Master Tests-1] INFO  verifyingSideMenuCollapsedLangAsInSettingsLingua_17-58-48 - Clicking settings ellipses button...
17:59:28 [TestNG-test-Yt Master Tests-1] INFO  verifyingSideMenuCollapsedLangAsInSettingsLingua_17-58-48 - [verifyingSideMenuCollapsedLangAsInSettingsLingua_17-58-48] Trying to find element: By.xpath: //ytd-topbar-menu-button-renderer[@class='style-scope ytd-masthead style-default']
17:59:28 [TestNG-test-Yt Master Tests-1] INFO  verifyingSideMenuCollapsedLangAsInSettingsLingua_17-58-48 - [verifyingSideMenuCollapsedLangAsInSettingsLingua_17-58-48] Element found and ready (attempt 1): By.xpath: //ytd-topbar-menu-button-renderer[@class='style-scope ytd-masthead style-default']
17:59:28 [TestNG-test-Yt Master Tests-1] INFO  verifyingSideMenuCollapsedLangAsInSettingsLingua_17-58-48 - [verifyingSideMenuCollapsedLangAsInSettingsLingua_17-58-48] Waiting until element is visible in viewport
17:59:29 [TestNG-test-Yt Master Tests-1] INFO  verifyingSideMenuCollapsedLangAsInSettingsLingua_17-58-48 - Clicking settings ellipses button...
17:59:29 [TestNG-test-Yt Master Tests-1] INFO  verifyingSideMenuCollapsedLangAsInSettingsLingua_17-58-48 - [verifyingSideMenuCollapsedLangAsInSettingsLingua_17-58-48] Trying to find element: By.xpath: //ytd-topbar-menu-button-renderer[@class='style-scope ytd-masthead style-default']
17:59:29 [TestNG-test-Yt Master Tests-1] INFO  verifyingSideMenuCollapsedLangAsInSettingsLingua_17-58-48 - [verifyingSideMenuCollapsedLangAsInSettingsLingua_17-58-48] Element found and ready (attempt 1): By.xpath: //ytd-topbar-menu-button-renderer[@class='style-scope ytd-masthead style-default']
17:59:29 [TestNG-test-Yt Master Tests-1] INFO  verifyingSideMenuCollapsedLangAsInSettingsLingua_17-58-48 - getLangAttribute() - locating <html> and reading lang property
17:59:29 [TestNG-test-Yt Master Tests-1] INFO  verifyingSideMenuCollapsedLangAsInSettingsLingua_17-58-48 - Language attribute read: da-DK
17:59:29 [TestNG-test-Yt Master Tests-1] INFO  verifyingSideMenuCollapsedLangAsInSettingsLingua_17-58-48 - Fetching the side menu in collapsed view
17:59:29 [TestNG-test-Yt Master Tests-1] INFO  verifyingSideMenuCollapsedLangAsInSettingsLingua_17-58-48 - [verifyingSideMenuCollapsedLangAsInSettingsLingua_17-58-48] Finding elements list: By.xpath: //ytd-mini-guide-renderer[@class='style-scope ytd-app']//ytd-mini-guide-entry-renderer
17:59:29 [TestNG-test-Yt Master Tests-1] INFO  verifyingSideMenuCollapsedLangAsInSettingsLingua_17-58-48 - [verifyingSideMenuCollapsedLangAsInSettingsLingua_17-58-48] Found 4 ready elements (attempt 1): By.xpath: //ytd-mini-guide-renderer[@class='style-scope ytd-app']//ytd-mini-guide-entry-renderer
17:59:29 [TestNG-test-Yt Master Tests-1] INFO  verifyingSideMenuCollapsedLangAsInSettingsLingua_17-58-48 - 
========== LANGUAGE DETECTION ==========
Detected Language : DANISH
Input Text        : Start Shorts Abonnementer Dig
========================================
17:59:29 [TestNG-test-Yt Master Tests-1] INFO  verifyingSideMenuCollapsedLangAsInSettingsLingua_17-58-48 - text sent to lingua is       Start Shorts Abonnementer Dig
17:59:29 [TestNG-test-Yt Master Tests-1] INFO  verifyingSideMenuCollapsedLangAsInSettingsLingua_17-58-48 - getLangAttribute() - locating <html> and reading lang property
17:59:29 [TestNG-test-Yt Master Tests-1] INFO  verifyingSideMenuCollapsedLangAsInSettingsLingua_17-58-48 - Language attribute read: da-DK
17:59:29 [TestNG-test-Yt Master Tests-1] INFO  verifyingSideMenuCollapsedLangAsInSettingsLingua_17-58-48 - Clicking settings ellipses button...
17:59:29 [TestNG-test-Yt Master Tests-1] INFO  verifyingSideMenuCollapsedLangAsInSettingsLingua_17-58-48 - [verifyingSideMenuCollapsedLangAsInSettingsLingua_17-58-48] Trying to find element: By.xpath: //ytd-topbar-menu-button-renderer[@class='style-scope ytd-masthead style-default']
17:59:29 [TestNG-test-Yt Master Tests-1] INFO  verifyingSideMenuCollapsedLangAsInSettingsLingua_17-58-48 - [verifyingSideMenuCollapsedLangAsInSettingsLingua_17-58-48] Element found and ready (attempt 1): By.xpath: //ytd-topbar-menu-button-renderer[@class='style-scope ytd-masthead style-default']
17:59:29 [TestNG-test-Yt Master Tests-1] INFO  verifyingSideMenuCollapsedLangAsInSettingsLingua_17-58-48 - Clicking language dropdown...
17:59:29 [TestNG-test-Yt Master Tests-1] INFO  verifyingSideMenuCollapsedLangAsInSettingsLingua_17-58-48 - [verifyingSideMenuCollapsedLangAsInSettingsLingua_17-58-48] Trying to find element: By.xpath: (//div[@id='content-icon'])[2]
17:59:30 [TestNG-test-Yt Master Tests-1] INFO  verifyingSideMenuCollapsedLangAsInSettingsLingua_17-58-48 - [verifyingSideMenuCollapsedLangAsInSettingsLingua_17-58-48] Element found and ready (attempt 1): By.xpath: (//div[@id='content-icon'])[2]
17:59:30 [TestNG-test-Yt Master Tests-1] INFO  verifyingSideMenuCollapsedLangAsInSettingsLingua_17-58-48 - Looking for language element with name: Deutsch
17:59:30 [TestNG-test-Yt Master Tests-1] INFO  verifyingSideMenuCollapsedLangAsInSettingsLingua_17-58-48 - [verifyingSideMenuCollapsedLangAsInSettingsLingua_17-58-48] Trying to find element: By.xpath: //yt-multi-page-menu-section-renderer[@class='style-scope ytd-multi-page-menu-renderer']//yt-formatted-string[@id='label' and text()='Deutsch']
17:59:30 [TestNG-test-Yt Master Tests-1] INFO  verifyingSideMenuCollapsedLangAsInSettingsLingua_17-58-48 - [verifyingSideMenuCollapsedLangAsInSettingsLingua_17-58-48] Element found and ready (attempt 1): By.xpath: //yt-multi-page-menu-section-renderer[@class='style-scope ytd-multi-page-menu-renderer']//yt-formatted-string[@id='label' and text()='Deutsch']
17:59:30 [TestNG-test-Yt Master Tests-1] INFO  verifyingSideMenuCollapsedLangAsInSettingsLingua_17-58-48 - [verifyingSideMenuCollapsedLangAsInSettingsLingua_17-58-48] Trying to find element: By.xpath: //yt-multi-page-menu-section-renderer[@class='style-scope ytd-multi-page-menu-renderer']//yt-formatted-string[@id='label' and text()='Deutsch']
17:59:30 [TestNG-test-Yt Master Tests-1] INFO  verifyingSideMenuCollapsedLangAsInSettingsLingua_17-58-48 - [verifyingSideMenuCollapsedLangAsInSettingsLingua_17-58-48] Element found and ready (attempt 1): By.xpath: //yt-multi-page-menu-section-renderer[@class='style-scope ytd-multi-page-menu-renderer']//yt-formatted-string[@id='label' and text()='Deutsch']
17:59:32 [TestNG-test-Yt Master Tests-1] INFO  verifyingSideMenuCollapsedLangAsInSettingsLingua_17-58-48 - Clicking settings ellipses button...
17:59:32 [TestNG-test-Yt Master Tests-1] INFO  verifyingSideMenuCollapsedLangAsInSettingsLingua_17-58-48 - [verifyingSideMenuCollapsedLangAsInSettingsLingua_17-58-48] Trying to find element: By.xpath: //ytd-topbar-menu-button-renderer[@class='style-scope ytd-masthead style-default']
17:59:32 [TestNG-test-Yt Master Tests-1] INFO  verifyingSideMenuCollapsedLangAsInSettingsLingua_17-58-48 - [verifyingSideMenuCollapsedLangAsInSettingsLingua_17-58-48] Element found and ready (attempt 1): By.xpath: //ytd-topbar-menu-button-renderer[@class='style-scope ytd-masthead style-default']
17:59:33 [TestNG-test-Yt Master Tests-1] INFO  verifyingSideMenuCollapsedLangAsInSettingsLingua_17-58-48 - [verifyingSideMenuCollapsedLangAsInSettingsLingua_17-58-48] Waiting until element is visible in viewport
17:59:33 [TestNG-test-Yt Master Tests-1] INFO  verifyingSideMenuCollapsedLangAsInSettingsLingua_17-58-48 - Clicking settings ellipses button...
17:59:33 [TestNG-test-Yt Master Tests-1] INFO  verifyingSideMenuCollapsedLangAsInSettingsLingua_17-58-48 - [verifyingSideMenuCollapsedLangAsInSettingsLingua_17-58-48] Trying to find element: By.xpath: //ytd-topbar-menu-button-renderer[@class='style-scope ytd-masthead style-default']
17:59:33 [TestNG-test-Yt Master Tests-1] INFO  verifyingSideMenuCollapsedLangAsInSettingsLingua_17-58-48 - [verifyingSideMenuCollapsedLangAsInSettingsLingua_17-58-48] Element found and ready (attempt 1): By.xpath: //ytd-topbar-menu-button-renderer[@class='style-scope ytd-masthead style-default']
17:59:33 [TestNG-test-Yt Master Tests-1] INFO  verifyingSideMenuCollapsedLangAsInSettingsLingua_17-58-48 - getLangAttribute() - locating <html> and reading lang property
17:59:33 [TestNG-test-Yt Master Tests-1] INFO  verifyingSideMenuCollapsedLangAsInSettingsLingua_17-58-48 - Language attribute read: de-DE
17:59:33 [TestNG-test-Yt Master Tests-1] INFO  verifyingSideMenuCollapsedLangAsInSettingsLingua_17-58-48 - Fetching the side menu in collapsed view
17:59:33 [TestNG-test-Yt Master Tests-1] INFO  verifyingSideMenuCollapsedLangAsInSettingsLingua_17-58-48 - [verifyingSideMenuCollapsedLangAsInSettingsLingua_17-58-48] Finding elements list: By.xpath: //ytd-mini-guide-renderer[@class='style-scope ytd-app']//ytd-mini-guide-entry-renderer
17:59:34 [TestNG-test-Yt Master Tests-1] INFO  verifyingSideMenuCollapsedLangAsInSettingsLingua_17-58-48 - [verifyingSideMenuCollapsedLangAsInSettingsLingua_17-58-48] Found 4 ready elements (attempt 1): By.xpath: //ytd-mini-guide-renderer[@class='style-scope ytd-app']//ytd-mini-guide-entry-renderer
17:59:34 [TestNG-test-Yt Master Tests-1] INFO  verifyingSideMenuCollapsedLangAsInSettingsLingua_17-58-48 - 
========== LANGUAGE DETECTION ==========
Detected Language : GERMAN
Input Text        : Startseite Shorts Abos Mein YouTube
========================================
17:59:34 [TestNG-test-Yt Master Tests-1] INFO  verifyingSideMenuCollapsedLangAsInSettingsLingua_17-58-48 - text sent to lingua is       Startseite Shorts Abos Mein YouTube
17:59:34 [TestNG-test-Yt Master Tests-1] INFO  verifyingSideMenuCollapsedLangAsInSettingsLingua_17-58-48 - getLangAttribute() - locating <html> and reading lang property
17:59:34 [TestNG-test-Yt Master Tests-1] INFO  verifyingSideMenuCollapsedLangAsInSettingsLingua_17-58-48 - Language attribute read: de-DE
17:59:34 [TestNG-test-Yt Master Tests-1] INFO  verifyingSideMenuCollapsedLangAsInSettingsLingua_17-58-48 - Clicking settings ellipses button...
17:59:34 [TestNG-test-Yt Master Tests-1] INFO  verifyingSideMenuCollapsedLangAsInSettingsLingua_17-58-48 - [verifyingSideMenuCollapsedLangAsInSettingsLingua_17-58-48] Trying to find element: By.xpath: //ytd-topbar-menu-button-renderer[@class='style-scope ytd-masthead style-default']
17:59:34 [TestNG-test-Yt Master Tests-1] INFO  verifyingSideMenuCollapsedLangAsInSettingsLingua_17-58-48 - [verifyingSideMenuCollapsedLangAsInSettingsLingua_17-58-48] Element found and ready (attempt 1): By.xpath: //ytd-topbar-menu-button-renderer[@class='style-scope ytd-masthead style-default']
17:59:34 [TestNG-test-Yt Master Tests-1] INFO  verifyingSideMenuCollapsedLangAsInSettingsLingua_17-58-48 - Clicking language dropdown...
17:59:34 [TestNG-test-Yt Master Tests-1] INFO  verifyingSideMenuCollapsedLangAsInSettingsLingua_17-58-48 - [verifyingSideMenuCollapsedLangAsInSettingsLingua_17-58-48] Trying to find element: By.xpath: (//div[@id='content-icon'])[2]
17:59:35 [TestNG-test-Yt Master Tests-1] INFO  verifyingSideMenuCollapsedLangAsInSettingsLingua_17-58-48 - [verifyingSideMenuCollapsedLangAsInSettingsLingua_17-58-48] Element found and ready (attempt 1): By.xpath: (//div[@id='content-icon'])[2]
17:59:35 [TestNG-test-Yt Master Tests-1] INFO  verifyingSideMenuCollapsedLangAsInSettingsLingua_17-58-48 - Looking for language element with name: Eesti
17:59:35 [TestNG-test-Yt Master Tests-1] INFO  verifyingSideMenuCollapsedLangAsInSettingsLingua_17-58-48 - [verifyingSideMenuCollapsedLangAsInSettingsLingua_17-58-48] Trying to find element: By.xpath: //yt-multi-page-menu-section-renderer[@class='style-scope ytd-multi-page-menu-renderer']//yt-formatted-string[@id='label' and text()='Eesti']
17:59:35 [TestNG-test-Yt Master Tests-1] INFO  verifyingSideMenuCollapsedLangAsInSettingsLingua_17-58-48 - [verifyingSideMenuCollapsedLangAsInSettingsLingua_17-58-48] Element found and ready (attempt 1): By.xpath: //yt-multi-page-menu-section-renderer[@class='style-scope ytd-multi-page-menu-renderer']//yt-formatted-string[@id='label' and text()='Eesti']
17:59:35 [TestNG-test-Yt Master Tests-1] INFO  verifyingSideMenuCollapsedLangAsInSettingsLingua_17-58-48 - [verifyingSideMenuCollapsedLangAsInSettingsLingua_17-58-48] Trying to find element: By.xpath: //yt-multi-page-menu-section-renderer[@class='style-scope ytd-multi-page-menu-renderer']//yt-formatted-string[@id='label' and text()='Eesti']
17:59:35 [TestNG-test-Yt Master Tests-1] INFO  verifyingSideMenuCollapsedLangAsInSettingsLingua_17-58-48 - [verifyingSideMenuCollapsedLangAsInSettingsLingua_17-58-48] Element found and ready (attempt 1): By.xpath: //yt-multi-page-menu-section-renderer[@class='style-scope ytd-multi-page-menu-renderer']//yt-formatted-string[@id='label' and text()='Eesti']
17:59:36 [TestNG-test-Yt Master Tests-1] INFO  verifyingSideMenuCollapsedLangAsInSettingsLingua_17-58-48 - Clicking settings ellipses button...
17:59:37 [TestNG-test-Yt Master Tests-1] INFO  verifyingSideMenuCollapsedLangAsInSettingsLingua_17-58-48 - [verifyingSideMenuCollapsedLangAsInSettingsLingua_17-58-48] Trying to find element: By.xpath: //ytd-topbar-menu-button-renderer[@class='style-scope ytd-masthead style-default']
17:59:37 [TestNG-test-Yt Master Tests-1] INFO  verifyingSideMenuCollapsedLangAsInSettingsLingua_17-58-48 - [verifyingSideMenuCollapsedLangAsInSettingsLingua_17-58-48] Element found and ready (attempt 1): By.xpath: //ytd-topbar-menu-button-renderer[@class='style-scope ytd-masthead style-default']
17:59:37 [TestNG-test-Yt Master Tests-1] INFO  verifyingSideMenuCollapsedLangAsInSettingsLingua_17-58-48 - [verifyingSideMenuCollapsedLangAsInSettingsLingua_17-58-48] Waiting until element is visible in viewport
17:59:38 [TestNG-test-Yt Master Tests-1] INFO  verifyingSideMenuCollapsedLangAsInSettingsLingua_17-58-48 - Clicking settings ellipses button...
17:59:38 [TestNG-test-Yt Master Tests-1] INFO  verifyingSideMenuCollapsedLangAsInSettingsLingua_17-58-48 - [verifyingSideMenuCollapsedLangAsInSettingsLingua_17-58-48] Trying to find element: By.xpath: //ytd-topbar-menu-button-renderer[@class='style-scope ytd-masthead style-default']
17:59:38 [TestNG-test-Yt Master Tests-1] INFO  verifyingSideMenuCollapsedLangAsInSettingsLingua_17-58-48 - [verifyingSideMenuCollapsedLangAsInSettingsLingua_17-58-48] Element found and ready (attempt 1): By.xpath: //ytd-topbar-menu-button-renderer[@class='style-scope ytd-masthead style-default']
17:59:38 [TestNG-test-Yt Master Tests-1] INFO  verifyingSideMenuCollapsedLangAsInSettingsLingua_17-58-48 - getLangAttribute() - locating <html> and reading lang property
17:59:38 [TestNG-test-Yt Master Tests-1] INFO  verifyingSideMenuCollapsedLangAsInSettingsLingua_17-58-48 - Language attribute read: et-EE
17:59:38 [TestNG-test-Yt Master Tests-1] INFO  verifyingSideMenuCollapsedLangAsInSettingsLingua_17-58-48 - Fetching the side menu in collapsed view
17:59:38 [TestNG-test-Yt Master Tests-1] INFO  verifyingSideMenuCollapsedLangAsInSettingsLingua_17-58-48 - [verifyingSideMenuCollapsedLangAsInSettingsLingua_17-58-48] Finding elements list: By.xpath: //ytd-mini-guide-renderer[@class='style-scope ytd-app']//ytd-mini-guide-entry-renderer
17:59:38 [TestNG-test-Yt Master Tests-1] INFO  verifyingSideMenuCollapsedLangAsInSettingsLingua_17-58-48 - [verifyingSideMenuCollapsedLangAsInSettingsLingua_17-58-48] Found 4 ready elements (attempt 1): By.xpath: //ytd-mini-guide-renderer[@class='style-scope ytd-app']//ytd-mini-guide-entry-renderer
17:59:38 [TestNG-test-Yt Master Tests-1] INFO  verifyingSideMenuCollapsedLangAsInSettingsLingua_17-58-48 - 
========== LANGUAGE DETECTION ==========
Detected Language : ESTONIAN
Input Text        : Avaleht Shorts Tellimused Teie
========================================
17:59:38 [TestNG-test-Yt Master Tests-1] INFO  verifyingSideMenuCollapsedLangAsInSettingsLingua_17-58-48 - text sent to lingua is       Avaleht Shorts Tellimused Teie
17:59:38 [TestNG-test-Yt Master Tests-1] INFO  verifyingSideMenuCollapsedLangAsInSettingsLingua_17-58-48 - getLangAttribute() - locating <html> and reading lang property
17:59:38 [TestNG-test-Yt Master Tests-1] INFO  verifyingSideMenuCollapsedLangAsInSettingsLingua_17-58-48 - Language attribute read: et-EE
17:59:38 [TestNG-test-Yt Master Tests-1] INFO  verifyingSideMenuCollapsedLangAsInSettingsLingua_17-58-48 - Clicking settings ellipses button...
17:59:38 [TestNG-test-Yt Master Tests-1] INFO  verifyingSideMenuCollapsedLangAsInSettingsLingua_17-58-48 - [verifyingSideMenuCollapsedLangAsInSettingsLingua_17-58-48] Trying to find element: By.xpath: //ytd-topbar-menu-button-renderer[@class='style-scope ytd-masthead style-default']
17:59:38 [TestNG-test-Yt Master Tests-1] INFO  verifyingSideMenuCollapsedLangAsInSettingsLingua_17-58-48 - [verifyingSideMenuCollapsedLangAsInSettingsLingua_17-58-48] Element found and ready (attempt 1): By.xpath: //ytd-topbar-menu-button-renderer[@class='style-scope ytd-masthead style-default']
17:59:38 [TestNG-test-Yt Master Tests-1] INFO  verifyingSideMenuCollapsedLangAsInSettingsLingua_17-58-48 - Clicking language dropdown...
17:59:38 [TestNG-test-Yt Master Tests-1] INFO  verifyingSideMenuCollapsedLangAsInSettingsLingua_17-58-48 - [verifyingSideMenuCollapsedLangAsInSettingsLingua_17-58-48] Trying to find element: By.xpath: (//div[@id='content-icon'])[2]
17:59:39 [TestNG-test-Yt Master Tests-1] INFO  verifyingSideMenuCollapsedLangAsInSettingsLingua_17-58-48 - [verifyingSideMenuCollapsedLangAsInSettingsLingua_17-58-48] Element found and ready (attempt 1): By.xpath: (//div[@id='content-icon'])[2]
17:59:39 [TestNG-test-Yt Master Tests-1] INFO  verifyingSideMenuCollapsedLangAsInSettingsLingua_17-58-48 - Looking for language element with name: English (India)
17:59:39 [TestNG-test-Yt Master Tests-1] INFO  verifyingSideMenuCollapsedLangAsInSettingsLingua_17-58-48 - [verifyingSideMenuCollapsedLangAsInSettingsLingua_17-58-48] Trying to find element: By.xpath: //yt-multi-page-menu-section-renderer[@class='style-scope ytd-multi-page-menu-renderer']//yt-formatted-string[@id='label' and text()='English (India)']
17:59:40 [TestNG-test-Yt Master Tests-1] INFO  verifyingSideMenuCollapsedLangAsInSettingsLingua_17-58-48 - [verifyingSideMenuCollapsedLangAsInSettingsLingua_17-58-48] Element found and ready (attempt 1): By.xpath: //yt-multi-page-menu-section-renderer[@class='style-scope ytd-multi-page-menu-renderer']//yt-formatted-string[@id='label' and text()='English (India)']
17:59:40 [TestNG-test-Yt Master Tests-1] INFO  verifyingSideMenuCollapsedLangAsInSettingsLingua_17-58-48 - [verifyingSideMenuCollapsedLangAsInSettingsLingua_17-58-48] Trying to find element: By.xpath: //yt-multi-page-menu-section-renderer[@class='style-scope ytd-multi-page-menu-renderer']//yt-formatted-string[@id='label' and text()='English (India)']
17:59:40 [TestNG-test-Yt Master Tests-1] INFO  verifyingSideMenuCollapsedLangAsInSettingsLingua_17-58-48 - [verifyingSideMenuCollapsedLangAsInSettingsLingua_17-58-48] Element found and ready (attempt 1): By.xpath: //yt-multi-page-menu-section-renderer[@class='style-scope ytd-multi-page-menu-renderer']//yt-formatted-string[@id='label' and text()='English (India)']
17:59:41 [TestNG-test-Yt Master Tests-1] INFO  verifyingSideMenuCollapsedLangAsInSettingsLingua_17-58-48 - Clicking settings ellipses button...
17:59:41 [TestNG-test-Yt Master Tests-1] INFO  verifyingSideMenuCollapsedLangAsInSettingsLingua_17-58-48 - [verifyingSideMenuCollapsedLangAsInSettingsLingua_17-58-48] Trying to find element: By.xpath: //ytd-topbar-menu-button-renderer[@class='style-scope ytd-masthead style-default']
17:59:41 [TestNG-test-Yt Master Tests-1] INFO  verifyingSideMenuCollapsedLangAsInSettingsLingua_17-58-48 - [verifyingSideMenuCollapsedLangAsInSettingsLingua_17-58-48] Element found and ready (attempt 1): By.xpath: //ytd-topbar-menu-button-renderer[@class='style-scope ytd-masthead style-default']
17:59:41 [TestNG-test-Yt Master Tests-1] INFO  verifyingSideMenuCollapsedLangAsInSettingsLingua_17-58-48 - [verifyingSideMenuCollapsedLangAsInSettingsLingua_17-58-48] Waiting until element is visible in viewport
17:59:42 [TestNG-test-Yt Master Tests-1] INFO  verifyingSideMenuCollapsedLangAsInSettingsLingua_17-58-48 - Clicking settings ellipses button...
17:59:42 [TestNG-test-Yt Master Tests-1] INFO  verifyingSideMenuCollapsedLangAsInSettingsLingua_17-58-48 - [verifyingSideMenuCollapsedLangAsInSettingsLingua_17-58-48] Trying to find element: By.xpath: //ytd-topbar-menu-button-renderer[@class='style-scope ytd-masthead style-default']
17:59:42 [TestNG-test-Yt Master Tests-1] INFO  verifyingSideMenuCollapsedLangAsInSettingsLingua_17-58-48 - [verifyingSideMenuCollapsedLangAsInSettingsLingua_17-58-48] Element found and ready (attempt 1): By.xpath: //ytd-topbar-menu-button-renderer[@class='style-scope ytd-masthead style-default']
17:59:42 [TestNG-test-Yt Master Tests-1] INFO  verifyingSideMenuCollapsedLangAsInSettingsLingua_17-58-48 - getLangAttribute() - locating <html> and reading lang property
17:59:42 [TestNG-test-Yt Master Tests-1] INFO  verifyingSideMenuCollapsedLangAsInSettingsLingua_17-58-48 - Language attribute read: en-IN
17:59:42 [TestNG-test-Yt Master Tests-1] INFO  verifyingSideMenuCollapsedLangAsInSettingsLingua_17-58-48 - Fetching the side menu in collapsed view
17:59:42 [TestNG-test-Yt Master Tests-1] INFO  verifyingSideMenuCollapsedLangAsInSettingsLingua_17-58-48 - [verifyingSideMenuCollapsedLangAsInSettingsLingua_17-58-48] Finding elements list: By.xpath: //ytd-mini-guide-renderer[@class='style-scope ytd-app']//ytd-mini-guide-entry-renderer
17:59:42 [TestNG-test-Yt Master Tests-1] INFO  verifyingSideMenuCollapsedLangAsInSettingsLingua_17-58-48 - [verifyingSideMenuCollapsedLangAsInSettingsLingua_17-58-48] Found 4 ready elements (attempt 1): By.xpath: //ytd-mini-guide-renderer[@class='style-scope ytd-app']//ytd-mini-guide-entry-renderer
17:59:42 [TestNG-test-Yt Master Tests-1] INFO  verifyingSideMenuCollapsedLangAsInSettingsLingua_17-58-48 - 
========== LANGUAGE DETECTION ==========
Detected Language : ENGLISH
Input Text        : Home Shorts Subscriptions You
========================================
17:59:42 [TestNG-test-Yt Master Tests-1] INFO  verifyingSideMenuCollapsedLangAsInSettingsLingua_17-58-48 - text sent to lingua is       Home Shorts Subscriptions You
17:59:42 [TestNG-test-Yt Master Tests-1] INFO  verifyingSideMenuCollapsedLangAsInSettingsLingua_17-58-48 - getLangAttribute() - locating <html> and reading lang property
17:59:42 [TestNG-test-Yt Master Tests-1] INFO  verifyingSideMenuCollapsedLangAsInSettingsLingua_17-58-48 - Language attribute read: en-IN
17:59:42 [TestNG-test-Yt Master Tests-1] INFO  verifyingSideMenuCollapsedLangAsInSettingsLingua_17-58-48 - Clicking settings ellipses button...
17:59:42 [TestNG-test-Yt Master Tests-1] INFO  verifyingSideMenuCollapsedLangAsInSettingsLingua_17-58-48 - [verifyingSideMenuCollapsedLangAsInSettingsLingua_17-58-48] Trying to find element: By.xpath: //ytd-topbar-menu-button-renderer[@class='style-scope ytd-masthead style-default']
17:59:42 [TestNG-test-Yt Master Tests-1] INFO  verifyingSideMenuCollapsedLangAsInSettingsLingua_17-58-48 - [verifyingSideMenuCollapsedLangAsInSettingsLingua_17-58-48] Element found and ready (attempt 1): By.xpath: //ytd-topbar-menu-button-renderer[@class='style-scope ytd-masthead style-default']
17:59:42 [TestNG-test-Yt Master Tests-1] INFO  verifyingSideMenuCollapsedLangAsInSettingsLingua_17-58-48 - Clicking language dropdown...
17:59:42 [TestNG-test-Yt Master Tests-1] INFO  verifyingSideMenuCollapsedLangAsInSettingsLingua_17-58-48 - [verifyingSideMenuCollapsedLangAsInSettingsLingua_17-58-48] Trying to find element: By.xpath: (//div[@id='content-icon'])[2]
17:59:43 [TestNG-test-Yt Master Tests-1] INFO  verifyingSideMenuCollapsedLangAsInSettingsLingua_17-58-48 - [verifyingSideMenuCollapsedLangAsInSettingsLingua_17-58-48] Element found and ready (attempt 1): By.xpath: (//div[@id='content-icon'])[2]
17:59:43 [TestNG-test-Yt Master Tests-1] INFO  verifyingSideMenuCollapsedLangAsInSettingsLingua_17-58-48 - [verifyingSideMenuCollapsedLangAsInSettingsLingua_17-58-48] Not retrying test 'verifyingSideMenuCollapsedLangAsInSettingsLingua'. Retry count: 0, Cause: The following asserts failed:
	Language detection mismatch for language=Azərbaycan expected [AZERBAIJANI] but found [TURKISH],
	Language detection mismatch for language=Bahasa Indonesia expected [INDONESIAN] but found [ENGLISH],
	Language detection mismatch for language=Bosanski expected [CROATIAN] but found [BOSNIAN]
