17:01:14 [TestNG-test-Yt Master Tests-1] INFO  verifyingSideMenuCollapsedLangAsInSettingsLingua_17-01-14 - No existing WebDriver found for current thread. Initializing a new ChromeDriver...
17:01:14 [TestNG-test-Yt Master Tests-1] INFO  verifyingSideMenuCollapsedLangAsInSettingsLingua_17-01-14 - WebDriverManager: chromedriver setup OK
17:01:16 [TestNG-test-Yt Master Tests-1] INFO  verifyingSideMenuCollapsedLangAsInSettingsLingua_17-01-14 - ChromeDriver initialized successfully for thread: 34
17:01:16 [TestNG-test-Yt Master Tests-1] INFO  verifyingSideMenuCollapsedLangAsInSettingsLingua_17-01-14 - SafeActions initialized with driver ChromeDriver: chrome on windows (1b12df33aa5f3dcace8fecd856e3bdbf)
17:01:16 [TestNG-test-Yt Master Tests-1] INFO  verifyingSideMenuCollapsedLangAsInSettingsLingua_17-01-14 - Initialized YtLandingPage with driver: ChromeDriver: chrome on windows (1b12df33aa5f3dcace8fecd856e3bdbf)
17:01:16 [TestNG-test-Yt Master Tests-1] INFO  verifyingSideMenuCollapsedLangAsInSettingsLingua_17-01-14 - SafeActions initialized with driver ChromeDriver: chrome on windows (1b12df33aa5f3dcace8fecd856e3bdbf)
17:01:18 [TestNG-test-Yt Master Tests-1] INFO  verifyingSideMenuCollapsedLangAsInSettingsLingua_17-01-14 - Opened YouTube landing page.
17:01:18 [TestNG-test-Yt Master Tests-1] INFO  verifyingSideMenuCollapsedLangAsInSettingsLingua_17-01-14 - Clicking left ellipses in the landing page
17:01:18 [TestNG-test-Yt Master Tests-1] INFO  verifyingSideMenuCollapsedLangAsInSettingsLingua_17-01-14 - [verifyingSideMenuCollapsedLangAsInSettingsLingua_17-01-14] Trying to find element: By.xpath: //ytd-topbar-logo-renderer[@id='logo']/preceding-sibling::*[@id='guide-button']
17:01:19 [TestNG-test-Yt Master Tests-1] INFO  verifyingSideMenuCollapsedLangAsInSettingsLingua_17-01-14 - [verifyingSideMenuCollapsedLangAsInSettingsLingua_17-01-14] Element found and ready (attempt 1): By.xpath: //ytd-topbar-logo-renderer[@id='logo']/preceding-sibling::*[@id='guide-button']
17:01:19 [TestNG-test-Yt Master Tests-1] INFO  verifyingSideMenuCollapsedLangAsInSettingsLingua_17-01-14 - Clicking settings ellipses button...
17:01:19 [TestNG-test-Yt Master Tests-1] INFO  verifyingSideMenuCollapsedLangAsInSettingsLingua_17-01-14 - [verifyingSideMenuCollapsedLangAsInSettingsLingua_17-01-14] Trying to find element: By.xpath: //ytd-topbar-menu-button-renderer[@class='style-scope ytd-masthead style-default']
17:01:19 [TestNG-test-Yt Master Tests-1] INFO  verifyingSideMenuCollapsedLangAsInSettingsLingua_17-01-14 - [verifyingSideMenuCollapsedLangAsInSettingsLingua_17-01-14] Element found and ready (attempt 1): By.xpath: //ytd-topbar-menu-button-renderer[@class='style-scope ytd-masthead style-default']
17:01:20 [TestNG-test-Yt Master Tests-1] INFO  verifyingSideMenuCollapsedLangAsInSettingsLingua_17-01-14 - [verifyingSideMenuCollapsedLangAsInSettingsLingua_17-01-14] Not retrying test 'verifyingSideMenuCollapsedLangAsInSettingsLingua'. Retry count: 1, Cause: element click intercepted: Element <ytd-topbar-menu-button-renderer class="style-scope ytd-masthead style-default" use-keyboard-focused="" masthead-container="" is-icon-button="" has-no-text="">...</ytd-topbar-menu-button-renderer> is not clickable at point (864, 28). Other element would receive the click: <div id="scrim" class="style-scope tp-yt-app-drawer visible" style="transition-duration: 200ms;"></div>
  (Session info: chrome=152.0.7977.83)
Build info: version: '4.27.0', revision: 'd6e718d134'
System info: os.name: 'Windows Server 2025', os.arch: 'amd64', os.version: '10.0', java.version: '24.0.2'
Driver info: org.openqa.selenium.chrome.ChromeDriver
Command: [1b12df33aa5f3dcace8fecd856e3bdbf, clickElement {id=f.CCA1A0445845D37ECE86F8FDEEB0752C.d.8C4790BEF9CB9577D98B68D1AE01212C.e.17}]
Capabilities {acceptInsecureCerts: false, browserName: chrome, browserVersion: 152.0.7977.83, chrome: {chromedriverVersion: 152.0.7977.82 (d04cdb24d67b..., userDataDir: C:\Windows\SystemTemp\scope...}, fedcm:accounts: true, goog:chromeOptions: {debuggerAddress: localhost:58721}, goog:processID: 8508, networkConnectionEnabled: false, pageLoadStrategy: normal, platformName: windows, proxy: Proxy(), se:cdp: ws://localhost:58721/devtoo..., se:cdpVersion: 152.0.7977.83, setWindowRect: true, strictFileInteractability: false, timeouts: {implicit: 0, pageLoad: 300000, script: 30000}, unhandledPromptBehavior: dismiss and notify, webauthn:extension:credBlob: true, webauthn:extension:largeBlob: true, webauthn:extension:minPinLength: true, webauthn:extension:prf: true, webauthn:virtualAuthenticators: true}
Element: [[ChromeDriver: chrome on windows (1b12df33aa5f3dcace8fecd856e3bdbf)] -> xpath: //ytd-topbar-menu-button-renderer[@class='style-scope ytd-masthead style-default']]
Session ID: 1b12df33aa5f3dcace8fecd856e3bdbf
