18:51:46 [TestNG-test-Yt Master Tests-2] INFO  verifyingSideMenuCollapsedLangAsInSettings_18-51-46 - No existing WebDriver found for current thread. Initializing a new ChromeDriver...
18:51:47 [TestNG-test-Yt Master Tests-2] INFO  verifyingSideMenuCollapsedLangAsInSettings_18-51-46 - WebDriverManager: chromedriver setup OK
18:51:49 [TestNG-test-Yt Master Tests-2] INFO  verifyingSideMenuCollapsedLangAsInSettings_18-51-46 - ChromeDriver initialized successfully for thread: 35
18:51:49 [TestNG-test-Yt Master Tests-2] INFO  verifyingSideMenuCollapsedLangAsInSettings_18-51-46 - SafeActions initialized with driver ChromeDriver: chrome on windows (6a19984a017516637078940523eb594b)
18:51:49 [TestNG-test-Yt Master Tests-2] INFO  verifyingSideMenuCollapsedLangAsInSettings_18-51-46 - Initialized YtLandingPage with driver: ChromeDriver: chrome on windows (6a19984a017516637078940523eb594b)
18:51:49 [TestNG-test-Yt Master Tests-2] INFO  verifyingSideMenuCollapsedLangAsInSettings_18-51-46 - SafeActions initialized with driver ChromeDriver: chrome on windows (6a19984a017516637078940523eb594b)
18:51:54 [TestNG-test-Yt Master Tests-2] INFO  verifyingSideMenuCollapsedLangAsInSettings_18-51-46 - Opened YouTube landing page.
18:51:54 [TestNG-test-Yt Master Tests-2] INFO  verifyingSideMenuCollapsedLangAsInSettings_18-51-46 - Clicking left ellipses in the landing page
18:51:54 [TestNG-test-Yt Master Tests-2] INFO  verifyingSideMenuCollapsedLangAsInSettings_18-51-46 - [verifyingSideMenuCollapsedLangAsInSettings_18-51-46] Trying to find element: By.xpath: //ytd-topbar-logo-renderer[@id='logo']/preceding-sibling::*[@id='guide-button']
18:51:54 [TestNG-test-Yt Master Tests-2] INFO  verifyingSideMenuCollapsedLangAsInSettings_18-51-46 - [verifyingSideMenuCollapsedLangAsInSettings_18-51-46] Element found and ready (attempt 1): By.xpath: //ytd-topbar-logo-renderer[@id='logo']/preceding-sibling::*[@id='guide-button']
18:51:54 [TestNG-test-Yt Master Tests-2] INFO  verifyingSideMenuCollapsedLangAsInSettings_18-51-46 - Clicking settings ellipses button...
18:51:54 [TestNG-test-Yt Master Tests-2] INFO  verifyingSideMenuCollapsedLangAsInSettings_18-51-46 - [verifyingSideMenuCollapsedLangAsInSettings_18-51-46] Trying to find element: By.xpath: //ytd-topbar-menu-button-renderer[@class='style-scope ytd-masthead style-default']
18:51:55 [TestNG-test-Yt Master Tests-2] INFO  verifyingSideMenuCollapsedLangAsInSettings_18-51-46 - [verifyingSideMenuCollapsedLangAsInSettings_18-51-46] Element found and ready (attempt 1): By.xpath: //ytd-topbar-menu-button-renderer[@class='style-scope ytd-masthead style-default']
18:51:55 [TestNG-test-Yt Master Tests-2] INFO  verifyingSideMenuCollapsedLangAsInSettings_18-51-46 - Clicking language dropdown...
18:51:55 [TestNG-test-Yt Master Tests-2] INFO  verifyingSideMenuCollapsedLangAsInSettings_18-51-46 - [verifyingSideMenuCollapsedLangAsInSettings_18-51-46] Trying to find element: By.xpath: (//div[@id='content-icon'])[2]
18:51:55 [TestNG-test-Yt Master Tests-2] INFO  verifyingSideMenuCollapsedLangAsInSettings_18-51-46 - [verifyingSideMenuCollapsedLangAsInSettings_18-51-46] Element found and ready (attempt 1): By.xpath: (//div[@id='content-icon'])[2]
18:51:57 [TestNG-test-Yt Master Tests-2] INFO  verifyingSideMenuCollapsedLangAsInSettings_18-51-46 - [verifyingSideMenuCollapsedLangAsInSettings_18-51-46] Execution is scheduled type /CRON Job on CI Hence refering to CI keys from UtilData
18:51:57 [TestNG-test-Yt Master Tests-2] INFO  verifyingSideMenuCollapsedLangAsInSettings_18-51-46 - Looking for language element with name: Afrikaans
18:51:57 [TestNG-test-Yt Master Tests-2] INFO  verifyingSideMenuCollapsedLangAsInSettings_18-51-46 - [verifyingSideMenuCollapsedLangAsInSettings_18-51-46] Trying to find element: By.xpath: //yt-multi-page-menu-section-renderer[@class='style-scope ytd-multi-page-menu-renderer']//yt-formatted-string[@id='label' and text()='Afrikaans']
18:51:57 [TestNG-test-Yt Master Tests-2] INFO  verifyingSideMenuCollapsedLangAsInSettings_18-51-46 - [verifyingSideMenuCollapsedLangAsInSettings_18-51-46] Element found and ready (attempt 1): By.xpath: //yt-multi-page-menu-section-renderer[@class='style-scope ytd-multi-page-menu-renderer']//yt-formatted-string[@id='label' and text()='Afrikaans']
18:51:57 [TestNG-test-Yt Master Tests-2] INFO  verifyingSideMenuCollapsedLangAsInSettings_18-51-46 - [verifyingSideMenuCollapsedLangAsInSettings_18-51-46] Trying to find element: By.xpath: //yt-multi-page-menu-section-renderer[@class='style-scope ytd-multi-page-menu-renderer']//yt-formatted-string[@id='label' and text()='Afrikaans']
18:51:57 [TestNG-test-Yt Master Tests-2] INFO  verifyingSideMenuCollapsedLangAsInSettings_18-51-46 - [verifyingSideMenuCollapsedLangAsInSettings_18-51-46] Element found and ready (attempt 1): By.xpath: //yt-multi-page-menu-section-renderer[@class='style-scope ytd-multi-page-menu-renderer']//yt-formatted-string[@id='label' and text()='Afrikaans']
18:52:15 [TestNG-test-Yt Master Tests-2] WARN  verifyingSideMenuCollapsedLangAsInSettings_18-51-46 - [verifyingSideMenuCollapsedLangAsInSettings_18-51-46] Retrying test 'verifyingSideMenuCollapsedLangAsInSettings' (attempt 1) due to: Expected condition failed: waiting for presence of element located by: By.xpath: //ytd-mini-guide-renderer[@class='style-scope ytd-app']//ytd-mini-guide-entry-renderer (tried for 15 second(s) with 500 milliseconds interval)
