18:44:19 [TestNG-test-Yt Master Tests-2] INFO  verifyingGlobalFilterLandingPageLingua_18-44-19 - No existing WebDriver found for current thread. Initializing a new ChromeDriver...
18:44:19 [TestNG-test-Yt Master Tests-2] INFO  verifyingGlobalFilterLandingPageLingua_18-44-19 - WebDriverManager: chromedriver setup OK
18:44:21 [TestNG-test-Yt Master Tests-2] INFO  verifyingGlobalFilterLandingPageLingua_18-44-19 - ChromeDriver initialized successfully for thread: 35
18:44:21 [TestNG-test-Yt Master Tests-2] INFO  verifyingGlobalFilterLandingPageLingua_18-44-19 - SafeActions initialized with driver ChromeDriver: chrome on windows (405453cd3ad19739e821d4c0428f0509)
18:44:21 [TestNG-test-Yt Master Tests-2] INFO  verifyingGlobalFilterLandingPageLingua_18-44-19 - SafeActions initialized with driver ChromeDriver: chrome on windows (405453cd3ad19739e821d4c0428f0509)
18:44:21 [TestNG-test-Yt Master Tests-2] INFO  verifyingGlobalFilterLandingPageLingua_18-44-19 - Initialized YtLandingPage with driver: ChromeDriver: chrome on windows (405453cd3ad19739e821d4c0428f0509)
18:44:26 [TestNG-test-Yt Master Tests-2] INFO  verifyingGlobalFilterLandingPageLingua_18-44-19 - Opened YouTube landing page.
18:44:26 [TestNG-test-Yt Master Tests-2] INFO  verifyingGlobalFilterLandingPageLingua_18-44-19 - Giving input into the search bar with input as  = youtube
18:44:26 [TestNG-test-Yt Master Tests-2] INFO  verifyingGlobalFilterLandingPageLingua_18-44-19 - [verifyingGlobalFilterLandingPageLingua_18-44-19] Trying to click element: By.xpath: //input[@class='ytSearchboxComponentInput yt-searchbox-input title']
18:44:26 [TestNG-test-Yt Master Tests-2] INFO  verifyingGlobalFilterLandingPageLingua_18-44-19 - [verifyingGlobalFilterLandingPageLingua_18-44-19] Clicked successfully (attempt 1): By.xpath: //input[@class='ytSearchboxComponentInput yt-searchbox-input title']
18:44:26 [TestNG-test-Yt Master Tests-2] INFO  verifyingGlobalFilterLandingPageLingua_18-44-19 - [verifyingGlobalFilterLandingPageLingua_18-44-19] Trying to find element: By.xpath: //input[@class='ytSearchboxComponentInput yt-searchbox-input title']
18:44:26 [TestNG-test-Yt Master Tests-2] INFO  verifyingGlobalFilterLandingPageLingua_18-44-19 - [verifyingGlobalFilterLandingPageLingua_18-44-19] Element found and ready (attempt 1): By.xpath: //input[@class='ytSearchboxComponentInput yt-searchbox-input title']
18:44:26 [TestNG-test-Yt Master Tests-2] INFO  verifyingGlobalFilterLandingPageLingua_18-44-19 - clickEnter(By.xpath: //input[@class='ytSearchboxComponentInput yt-searchbox-input title'])
18:44:26 [TestNG-test-Yt Master Tests-2] INFO  verifyingGlobalFilterLandingPageLingua_18-44-19 - [verifyingGlobalFilterLandingPageLingua_18-44-19] Trying to find element: By.xpath: //input[@class='ytSearchboxComponentInput yt-searchbox-input title']
18:44:26 [TestNG-test-Yt Master Tests-2] INFO  verifyingGlobalFilterLandingPageLingua_18-44-19 - [verifyingGlobalFilterLandingPageLingua_18-44-19] Element found and ready (attempt 1): By.xpath: //input[@class='ytSearchboxComponentInput yt-searchbox-input title']
18:44:27 [TestNG-test-Yt Master Tests-2] INFO  verifyingGlobalFilterLandingPageLingua_18-44-19 - Sent ENTER to By.xpath: //input[@class='ytSearchboxComponentInput yt-searchbox-input title']
18:44:27 [TestNG-test-Yt Master Tests-2] INFO  verifyingGlobalFilterLandingPageLingua_18-44-19 - [verifyingGlobalFilterLandingPageLingua_18-44-19] Execution is scheduled type /CRON Job on CI Hence refering to CI keys from UtilData
18:44:27 [TestNG-test-Yt Master Tests-2] INFO  verifyingGlobalFilterLandingPageLingua_18-44-19 - Clicking settings ellipses button...
18:44:27 [TestNG-test-Yt Master Tests-2] INFO  verifyingGlobalFilterLandingPageLingua_18-44-19 - [verifyingGlobalFilterLandingPageLingua_18-44-19] Trying to find element: By.xpath: //ytd-topbar-menu-button-renderer[@class='style-scope ytd-masthead style-default']
18:44:27 [TestNG-test-Yt Master Tests-2] INFO  verifyingGlobalFilterLandingPageLingua_18-44-19 - [verifyingGlobalFilterLandingPageLingua_18-44-19] Element found and ready (attempt 1): By.xpath: //ytd-topbar-menu-button-renderer[@class='style-scope ytd-masthead style-default']
18:44:27 [TestNG-test-Yt Master Tests-2] INFO  verifyingGlobalFilterLandingPageLingua_18-44-19 - Clicking language dropdown...
18:44:27 [TestNG-test-Yt Master Tests-2] INFO  verifyingGlobalFilterLandingPageLingua_18-44-19 - [verifyingGlobalFilterLandingPageLingua_18-44-19] Trying to find element: By.xpath: (//div[@id='content-icon'])[2]
18:44:28 [TestNG-test-Yt Master Tests-2] INFO  verifyingGlobalFilterLandingPageLingua_18-44-19 - [verifyingGlobalFilterLandingPageLingua_18-44-19] Element found and ready (attempt 1): By.xpath: (//div[@id='content-icon'])[2]
18:44:28 [TestNG-test-Yt Master Tests-2] INFO  verifyingGlobalFilterLandingPageLingua_18-44-19 - Looking for language element with name: Afrikaans
18:44:28 [TestNG-test-Yt Master Tests-2] INFO  verifyingGlobalFilterLandingPageLingua_18-44-19 - [verifyingGlobalFilterLandingPageLingua_18-44-19] Trying to find element: By.xpath: //yt-multi-page-menu-section-renderer[@class='style-scope ytd-multi-page-menu-renderer']//yt-formatted-string[@id='label' and text()='Afrikaans']
18:44:29 [TestNG-test-Yt Master Tests-2] INFO  verifyingGlobalFilterLandingPageLingua_18-44-19 - [verifyingGlobalFilterLandingPageLingua_18-44-19] Element found and ready (attempt 1): By.xpath: //yt-multi-page-menu-section-renderer[@class='style-scope ytd-multi-page-menu-renderer']//yt-formatted-string[@id='label' and text()='Afrikaans']
18:44:29 [TestNG-test-Yt Master Tests-2] INFO  verifyingGlobalFilterLandingPageLingua_18-44-19 - [verifyingGlobalFilterLandingPageLingua_18-44-19] Trying to find element: By.xpath: //yt-multi-page-menu-section-renderer[@class='style-scope ytd-multi-page-menu-renderer']//yt-formatted-string[@id='label' and text()='Afrikaans']
18:44:29 [TestNG-test-Yt Master Tests-2] INFO  verifyingGlobalFilterLandingPageLingua_18-44-19 - [verifyingGlobalFilterLandingPageLingua_18-44-19] Element found and ready (attempt 1): By.xpath: //yt-multi-page-menu-section-renderer[@class='style-scope ytd-multi-page-menu-renderer']//yt-formatted-string[@id='label' and text()='Afrikaans']
18:44:29 [TestNG-test-Yt Master Tests-2] INFO  verifyingGlobalFilterLandingPageLingua_18-44-19 - Clicking settings ellipses button...
18:44:29 [TestNG-test-Yt Master Tests-2] INFO  verifyingGlobalFilterLandingPageLingua_18-44-19 - [verifyingGlobalFilterLandingPageLingua_18-44-19] Trying to find element: By.xpath: //ytd-topbar-menu-button-renderer[@class='style-scope ytd-masthead style-default']
18:44:30 [TestNG-test-Yt Master Tests-2] INFO  verifyingGlobalFilterLandingPageLingua_18-44-19 - [verifyingGlobalFilterLandingPageLingua_18-44-19] Element found and ready (attempt 1): By.xpath: //ytd-topbar-menu-button-renderer[@class='style-scope ytd-masthead style-default']
18:44:30 [TestNG-test-Yt Master Tests-2] INFO  verifyingGlobalFilterLandingPageLingua_18-44-19 - [verifyingGlobalFilterLandingPageLingua_18-44-19] Waiting until element is visible in viewport
18:44:40 [TestNG-test-Yt Master Tests-2] INFO  verifyingGlobalFilterLandingPageLingua_18-44-19 - Clicking settings ellipses button...
18:44:40 [TestNG-test-Yt Master Tests-2] INFO  verifyingGlobalFilterLandingPageLingua_18-44-19 - [verifyingGlobalFilterLandingPageLingua_18-44-19] Trying to find element: By.xpath: //ytd-topbar-menu-button-renderer[@class='style-scope ytd-masthead style-default']
18:44:40 [TestNG-test-Yt Master Tests-2] INFO  verifyingGlobalFilterLandingPageLingua_18-44-19 - [verifyingGlobalFilterLandingPageLingua_18-44-19] Element found and ready (attempt 1): By.xpath: //ytd-topbar-menu-button-renderer[@class='style-scope ytd-masthead style-default']
18:44:40 [TestNG-test-Yt Master Tests-2] INFO  verifyingGlobalFilterLandingPageLingua_18-44-19 - Clicking on global filter button in landing page..
18:44:40 [TestNG-test-Yt Master Tests-2] INFO  verifyingGlobalFilterLandingPageLingua_18-44-19 - [verifyingGlobalFilterLandingPageLingua_18-44-19] Trying to click element: By.xpath: //div[@id='filter-button']
18:44:41 [TestNG-test-Yt Master Tests-2] WARN  verifyingGlobalFilterLandingPageLingua_18-44-19 - [verifyingGlobalFilterLandingPageLingua_18-44-19] Native click failed (attempt 1): By.xpath: //div[@id='filter-button'] -> org.openqa.selenium.ElementClickInterceptedException: element click intercepted: Element <div id="filter-button" class="style-scope ytd-search-header-renderer">...</div> is not clickable at point (1641, 74). Other element would receive the click: <yt-formatted-string id="label" class="style-scope ytd-compact-link-renderer">...</yt-formatted-string>
  (Session info: chrome=146.0.7680.165)
Build info: version: '4.27.0', revision: 'd6e718d134'
System info: os.name: 'Windows Server 2025', os.arch: 'amd64', os.version: '10.0', java.version: '24.0.2'
Driver info: org.openqa.selenium.chrome.ChromeDriver
Command: [405453cd3ad19739e821d4c0428f0509, clickElement {id=f.D00267DF5E1A6FE086D22F83AC89DF8D.d.5B3D6DE4DFCE77178E863FA52FE9B7D2.e.47}]
Capabilities {acceptInsecureCerts: false, browserName: chrome, browserVersion: 146.0.7680.165, chrome: {chromedriverVersion: 146.0.7680.165 (4b989da09e1..., userDataDir: C:\Windows\SystemTemp\scope...}, fedcm:accounts: true, goog:chromeOptions: {debuggerAddress: localhost:56604}, goog:processID: 1140, networkConnectionEnabled: false, pageLoadStrategy: normal, platformName: windows, proxy: Proxy(), se:cdp: ws://localhost:56604/devtoo..., se:cdpVersion: 146.0.7680.165, setWindowRect: true, strictFileInteractability: false, timeouts: {implicit: 0, pageLoad: 300000, script: 30000}, unhandledPromptBehavior: dismiss and notify, webauthn:extension:credBlob: true, webauthn:extension:largeBlob: true, webauthn:extension:minPinLength: true, webauthn:extension:prf: true, webauthn:virtualAuthenticators: true}
Element: [[ChromeDriver: chrome on windows (405453cd3ad19739e821d4c0428f0509)] -> xpath: //div[@id='filter-button']]
Session ID: 405453cd3ad19739e821d4c0428f0509
18:44:41 [TestNG-test-Yt Master Tests-2] INFO  verifyingGlobalFilterLandingPageLingua_18-44-19 - [verifyingGlobalFilterLandingPageLingua_18-44-19] Trying JS click fallback for: By.xpath: //div[@id='filter-button']
18:44:41 [TestNG-test-Yt Master Tests-2] INFO  verifyingGlobalFilterLandingPageLingua_18-44-19 - [verifyingGlobalFilterLandingPageLingua_18-44-19] Waiting until element is visible in viewport
18:44:52 [TestNG-test-Yt Master Tests-2] INFO  verifyingGlobalFilterLandingPageLingua_18-44-19 - Fetching the data from the global filter in landing page
18:44:52 [TestNG-test-Yt Master Tests-2] INFO  verifyingGlobalFilterLandingPageLingua_18-44-19 - [verifyingGlobalFilterLandingPageLingua_18-44-19] Trying to find element: By.xpath: //ytd-search-filter-options-dialog-renderer[@class='style-scope ytd-popup-container']
18:45:02 [TestNG-test-Yt Master Tests-2] WARN  verifyingGlobalFilterLandingPageLingua_18-44-19 - [verifyingGlobalFilterLandingPageLingua_18-44-19] Timeout finding element (attempt 1): By.xpath: //ytd-search-filter-options-dialog-renderer[@class='style-scope ytd-popup-container']
18:45:12 [TestNG-test-Yt Master Tests-2] WARN  verifyingGlobalFilterLandingPageLingua_18-44-19 - [verifyingGlobalFilterLandingPageLingua_18-44-19] Timeout finding element (attempt 2): By.xpath: //ytd-search-filter-options-dialog-renderer[@class='style-scope ytd-popup-container']
18:45:12 [TestNG-test-Yt Master Tests-2] WARN  verifyingGlobalFilterLandingPageLingua_18-44-19 - [verifyingGlobalFilterLandingPageLingua_18-44-19] Attempt 2 failed — refreshing the page to recover...
18:45:12 [TestNG-test-Yt Master Tests-2] INFO  verifyingGlobalFilterLandingPageLingua_18-44-19 - [verifyingGlobalFilterLandingPageLingua_18-44-19] Current URL before refresh: https://www.youtube.com/results?search_query=youtube
18:45:16 [TestNG-test-Yt Master Tests-2] INFO  verifyingGlobalFilterLandingPageLingua_18-44-19 - [verifyingGlobalFilterLandingPageLingua_18-44-19] Page refreshed successfully.
18:45:17 [TestNG-test-Yt Master Tests-2] INFO  verifyingGlobalFilterLandingPageLingua_18-44-19 - [verifyingGlobalFilterLandingPageLingua_18-44-19] Page fully loaded after refresh.
18:45:27 [TestNG-test-Yt Master Tests-2] WARN  verifyingGlobalFilterLandingPageLingua_18-44-19 - [verifyingGlobalFilterLandingPageLingua_18-44-19] Timeout finding element (attempt 3): By.xpath: //ytd-search-filter-options-dialog-renderer[@class='style-scope ytd-popup-container']
18:45:27 [TestNG-test-Yt Master Tests-2] WARN  verifyingGlobalFilterLandingPageLingua_18-44-19 - [verifyingGlobalFilterLandingPageLingua_18-44-19] Attempt 3 failed — refreshing the page to recover...
18:45:27 [TestNG-test-Yt Master Tests-2] INFO  verifyingGlobalFilterLandingPageLingua_18-44-19 - [verifyingGlobalFilterLandingPageLingua_18-44-19] Current URL before refresh: https://www.youtube.com/results?search_query=youtube
18:45:27 [TestNG-test-Yt Master Tests-2] INFO  verifyingGlobalFilterLandingPageLingua_18-44-19 - [verifyingGlobalFilterLandingPageLingua_18-44-19] Page refreshed successfully.
18:45:32 [TestNG-test-Yt Master Tests-2] INFO  verifyingGlobalFilterLandingPageLingua_18-44-19 - [verifyingGlobalFilterLandingPageLingua_18-44-19] Page fully loaded after refresh.
18:45:32 [TestNG-test-Yt Master Tests-2] ERROR verifyingGlobalFilterLandingPageLingua_18-44-19 - [verifyingGlobalFilterLandingPageLingua_18-44-19] Element not found after 3 attempts: By.xpath: //ytd-search-filter-options-dialog-renderer[@class='style-scope ytd-popup-container']
18:45:32 [TestNG-test-Yt Master Tests-2] INFO  verifyingGlobalFilterLandingPageLingua_18-44-19 - [verifyingGlobalFilterLandingPageLingua_18-44-19] Not retrying test 'verifyingGlobalFilterLandingPageLingua'. Retry count: 1, Cause: Cannot invoke "org.openqa.selenium.WebElement.getText()" because the return value of "main.java.yt_multi_lang_ui_validator.safeActions.SafeActions.safeFindElement(org.openqa.selenium.By)" is null
