17:50:36 [TestNG-test-Yt Master Tests-2] INFO  verifyingGlobalFilterLandingPage_17-50-36 - No existing WebDriver found for current thread. Initializing a new ChromeDriver...
17:50:38 [TestNG-test-Yt Master Tests-2] INFO  verifyingGlobalFilterLandingPage_17-50-36 - WebDriverManager: chromedriver setup OK
17:50:46 [TestNG-test-Yt Master Tests-2] INFO  verifyingGlobalFilterLandingPage_17-50-36 - ChromeDriver initialized successfully for thread: 35
17:50:46 [TestNG-test-Yt Master Tests-2] INFO  verifyingGlobalFilterLandingPage_17-50-36 - SafeActions initialized with driver ChromeDriver: chrome on windows (549e4a73b72ecf324a74b23227f6ed14)
17:50:46 [TestNG-test-Yt Master Tests-2] INFO  verifyingGlobalFilterLandingPage_17-50-36 - SafeActions initialized with driver ChromeDriver: chrome on windows (549e4a73b72ecf324a74b23227f6ed14)
17:50:46 [TestNG-test-Yt Master Tests-2] INFO  verifyingGlobalFilterLandingPage_17-50-36 - Initialized YtLandingPage with driver: ChromeDriver: chrome on windows (549e4a73b72ecf324a74b23227f6ed14)
17:50:56 [TestNG-test-Yt Master Tests-2] INFO  verifyingGlobalFilterLandingPage_17-50-36 - Opened YouTube landing page.
17:50:56 [TestNG-test-Yt Master Tests-2] INFO  verifyingGlobalFilterLandingPage_17-50-36 - Giving input into the search bar with input as  = youtube
17:50:56 [TestNG-test-Yt Master Tests-2] INFO  verifyingGlobalFilterLandingPage_17-50-36 - [verifyingGlobalFilterLandingPage_17-50-36] Trying to click element: By.xpath: //input[@class='ytSearchboxComponentInput yt-searchbox-input title']
17:50:59 [TestNG-test-Yt Master Tests-2] INFO  verifyingGlobalFilterLandingPage_17-50-36 - [verifyingGlobalFilterLandingPage_17-50-36] Clicked successfully (attempt 1): By.xpath: //input[@class='ytSearchboxComponentInput yt-searchbox-input title']
17:50:59 [TestNG-test-Yt Master Tests-2] INFO  verifyingGlobalFilterLandingPage_17-50-36 - [verifyingGlobalFilterLandingPage_17-50-36] Trying to find element: By.xpath: //input[@class='ytSearchboxComponentInput yt-searchbox-input title']
17:51:00 [TestNG-test-Yt Master Tests-2] INFO  verifyingGlobalFilterLandingPage_17-50-36 - [verifyingGlobalFilterLandingPage_17-50-36] Element found and ready (attempt 1): By.xpath: //input[@class='ytSearchboxComponentInput yt-searchbox-input title']
17:51:00 [TestNG-test-Yt Master Tests-2] INFO  verifyingGlobalFilterLandingPage_17-50-36 - clickEnter(By.xpath: //input[@class='ytSearchboxComponentInput yt-searchbox-input title'])
17:51:00 [TestNG-test-Yt Master Tests-2] INFO  verifyingGlobalFilterLandingPage_17-50-36 - [verifyingGlobalFilterLandingPage_17-50-36] Trying to find element: By.xpath: //input[@class='ytSearchboxComponentInput yt-searchbox-input title']
17:51:01 [TestNG-test-Yt Master Tests-2] INFO  verifyingGlobalFilterLandingPage_17-50-36 - [verifyingGlobalFilterLandingPage_17-50-36] Element found and ready (attempt 1): By.xpath: //input[@class='ytSearchboxComponentInput yt-searchbox-input title']
17:51:01 [TestNG-test-Yt Master Tests-2] INFO  verifyingGlobalFilterLandingPage_17-50-36 - Sent ENTER to By.xpath: //input[@class='ytSearchboxComponentInput yt-searchbox-input title']
17:51:01 [TestNG-test-Yt Master Tests-2] INFO  verifyingGlobalFilterLandingPage_17-50-36 - [verifyingGlobalFilterLandingPage_17-50-36] Execution is Not CRON Job Hence refering to normal keys from UtilData
17:51:01 [TestNG-test-Yt Master Tests-2] INFO  verifyingGlobalFilterLandingPage_17-50-36 - Clicking settings ellipses button...
17:51:01 [TestNG-test-Yt Master Tests-2] INFO  verifyingGlobalFilterLandingPage_17-50-36 - [verifyingGlobalFilterLandingPage_17-50-36] Trying to find element: By.xpath: //ytd-topbar-menu-button-renderer[@class='style-scope ytd-masthead style-default']
17:51:01 [TestNG-test-Yt Master Tests-2] INFO  verifyingGlobalFilterLandingPage_17-50-36 - [verifyingGlobalFilterLandingPage_17-50-36] Element found and ready (attempt 1): By.xpath: //ytd-topbar-menu-button-renderer[@class='style-scope ytd-masthead style-default']
17:51:01 [TestNG-test-Yt Master Tests-2] INFO  verifyingGlobalFilterLandingPage_17-50-36 - Clicking language dropdown...
17:51:01 [TestNG-test-Yt Master Tests-2] INFO  verifyingGlobalFilterLandingPage_17-50-36 - [verifyingGlobalFilterLandingPage_17-50-36] Trying to find element: By.xpath: (//div[@id='content-icon'])[2]
17:51:04 [TestNG-test-Yt Master Tests-2] INFO  verifyingGlobalFilterLandingPage_17-50-36 - [verifyingGlobalFilterLandingPage_17-50-36] Element found and ready (attempt 1): By.xpath: (//div[@id='content-icon'])[2]
17:51:05 [TestNG-test-Yt Master Tests-2] INFO  verifyingGlobalFilterLandingPage_17-50-36 - [verifyingGlobalFilterLandingPage_17-50-36] Trying to find element: By.xpath: //yt-multi-page-menu-section-renderer[@class='style-scope ytd-multi-page-menu-renderer']//yt-formatted-string[@id='label' and text()='Afrikaans']
17:51:06 [TestNG-test-Yt Master Tests-2] INFO  verifyingGlobalFilterLandingPage_17-50-36 - [verifyingGlobalFilterLandingPage_17-50-36] Element found and ready (attempt 1): By.xpath: //yt-multi-page-menu-section-renderer[@class='style-scope ytd-multi-page-menu-renderer']//yt-formatted-string[@id='label' and text()='Afrikaans']
17:51:06 [TestNG-test-Yt Master Tests-2] INFO  verifyingGlobalFilterLandingPage_17-50-36 - Looking for language element with name: Afrikaans
17:51:06 [TestNG-test-Yt Master Tests-2] INFO  verifyingGlobalFilterLandingPage_17-50-36 - [verifyingGlobalFilterLandingPage_17-50-36] Within smoothScrollToElement method
17:51:06 [TestNG-test-Yt Master Tests-2] INFO  verifyingGlobalFilterLandingPage_17-50-36 - SafeActions initialized with driver ChromeDriver: chrome on windows (549e4a73b72ecf324a74b23227f6ed14)
17:51:06 [TestNG-test-Yt Master Tests-2] INFO  verifyingGlobalFilterLandingPage_17-50-36 - [verifyingGlobalFilterLandingPage_17-50-36] Trying to find element: By.xpath: //yt-multi-page-menu-section-renderer[@class='style-scope ytd-multi-page-menu-renderer']//yt-formatted-string[@id='label' and text()='Afrikaans']
17:51:06 [TestNG-test-Yt Master Tests-2] INFO  verifyingGlobalFilterLandingPage_17-50-36 - [verifyingGlobalFilterLandingPage_17-50-36] Element found and ready (attempt 1): By.xpath: //yt-multi-page-menu-section-renderer[@class='style-scope ytd-multi-page-menu-renderer']//yt-formatted-string[@id='label' and text()='Afrikaans']
17:51:06 [TestNG-test-Yt Master Tests-2] INFO  verifyingGlobalFilterLandingPage_17-50-36 - [verifyingGlobalFilterLandingPage_17-50-36] Successfully scrolled to element: By.xpath: //yt-multi-page-menu-section-renderer[@class='style-scope ytd-multi-page-menu-renderer']//yt-formatted-string[@id='label' and text()='Afrikaans']
17:51:06 [TestNG-test-Yt Master Tests-2] INFO  verifyingGlobalFilterLandingPage_17-50-36 - Looking for language element with name: Afrikaans
17:51:06 [TestNG-test-Yt Master Tests-2] INFO  verifyingGlobalFilterLandingPage_17-50-36 - [verifyingGlobalFilterLandingPage_17-50-36] Trying to find element: By.xpath: //yt-multi-page-menu-section-renderer[@class='style-scope ytd-multi-page-menu-renderer']//yt-formatted-string[@id='label' and text()='Afrikaans']
17:51:06 [TestNG-test-Yt Master Tests-2] INFO  verifyingGlobalFilterLandingPage_17-50-36 - [verifyingGlobalFilterLandingPage_17-50-36] Element found and ready (attempt 1): By.xpath: //yt-multi-page-menu-section-renderer[@class='style-scope ytd-multi-page-menu-renderer']//yt-formatted-string[@id='label' and text()='Afrikaans']
17:51:06 [TestNG-test-Yt Master Tests-2] INFO  verifyingGlobalFilterLandingPage_17-50-36 - [verifyingGlobalFilterLandingPage_17-50-36] Trying to find element: By.xpath: //yt-multi-page-menu-section-renderer[@class='style-scope ytd-multi-page-menu-renderer']//yt-formatted-string[@id='label' and text()='Afrikaans']
17:51:06 [TestNG-test-Yt Master Tests-2] INFO  verifyingGlobalFilterLandingPage_17-50-36 - [verifyingGlobalFilterLandingPage_17-50-36] Element found and ready (attempt 1): By.xpath: //yt-multi-page-menu-section-renderer[@class='style-scope ytd-multi-page-menu-renderer']//yt-formatted-string[@id='label' and text()='Afrikaans']
17:51:10 [TestNG-test-Yt Master Tests-2] INFO  verifyingGlobalFilterLandingPage_17-50-36 - Clicking settings ellipses button...
17:51:11 [TestNG-test-Yt Master Tests-2] INFO  verifyingGlobalFilterLandingPage_17-50-36 - [verifyingGlobalFilterLandingPage_17-50-36] Trying to find element: By.xpath: //ytd-topbar-menu-button-renderer[@class='style-scope ytd-masthead style-default']
17:51:12 [TestNG-test-Yt Master Tests-2] INFO  verifyingGlobalFilterLandingPage_17-50-36 - [verifyingGlobalFilterLandingPage_17-50-36] Element found and ready (attempt 1): By.xpath: //ytd-topbar-menu-button-renderer[@class='style-scope ytd-masthead style-default']
17:51:13 [TestNG-test-Yt Master Tests-2] INFO  verifyingGlobalFilterLandingPage_17-50-36 - [verifyingGlobalFilterLandingPage_17-50-36] Waiting until element is visible in viewport
17:51:14 [TestNG-test-Yt Master Tests-2] INFO  verifyingGlobalFilterLandingPage_17-50-36 - Clicking settings ellipses button...
17:51:14 [TestNG-test-Yt Master Tests-2] INFO  verifyingGlobalFilterLandingPage_17-50-36 - [verifyingGlobalFilterLandingPage_17-50-36] Trying to find element: By.xpath: //ytd-topbar-menu-button-renderer[@class='style-scope ytd-masthead style-default']
17:51:14 [TestNG-test-Yt Master Tests-2] INFO  verifyingGlobalFilterLandingPage_17-50-36 - [verifyingGlobalFilterLandingPage_17-50-36] Element found and ready (attempt 1): By.xpath: //ytd-topbar-menu-button-renderer[@class='style-scope ytd-masthead style-default']
17:51:14 [TestNG-test-Yt Master Tests-2] INFO  verifyingGlobalFilterLandingPage_17-50-36 - Clicking on global filter button in landing page..
17:51:14 [TestNG-test-Yt Master Tests-2] INFO  verifyingGlobalFilterLandingPage_17-50-36 - [verifyingGlobalFilterLandingPage_17-50-36] Trying to click element: By.xpath: //div[@id='filter-button']
17:51:15 [TestNG-test-Yt Master Tests-2] INFO  verifyingGlobalFilterLandingPage_17-50-36 - [verifyingGlobalFilterLandingPage_17-50-36] Clicked successfully (attempt 1): By.xpath: //div[@id='filter-button']
17:51:15 [TestNG-test-Yt Master Tests-2] INFO  verifyingGlobalFilterLandingPage_17-50-36 - [verifyingGlobalFilterLandingPage_17-50-36] Waiting until element is visible in viewport
17:51:16 [TestNG-test-Yt Master Tests-2] INFO  verifyingGlobalFilterLandingPage_17-50-36 - Fetching the data from the global filter in landing page
17:51:16 [TestNG-test-Yt Master Tests-2] INFO  verifyingGlobalFilterLandingPage_17-50-36 - [verifyingGlobalFilterLandingPage_17-50-36] Trying to find element: By.xpath: //ytd-search-filter-options-dialog-renderer[@class='style-scope ytd-popup-container']
17:51:16 [TestNG-test-Yt Master Tests-2] INFO  verifyingGlobalFilterLandingPage_17-50-36 - [verifyingGlobalFilterLandingPage_17-50-36] Element found and ready (attempt 1): By.xpath: //ytd-search-filter-options-dialog-renderer[@class='style-scope ytd-popup-container']
17:51:16 [TestNG-test-Yt Master Tests-2] INFO  verifyingGlobalFilterLandingPage_17-50-36 - Closing the global filter pop-up in landing page..
17:51:16 [TestNG-test-Yt Master Tests-2] INFO  verifyingGlobalFilterLandingPage_17-50-36 - [verifyingGlobalFilterLandingPage_17-50-36] Trying to find element: By.xpath: //yt-icon[@icon='close']
17:51:16 [TestNG-test-Yt Master Tests-2] INFO  verifyingGlobalFilterLandingPage_17-50-36 - [verifyingGlobalFilterLandingPage_17-50-36] Element found and ready (attempt 1): By.xpath: //yt-icon[@icon='close']
17:51:16 [TestNG-test-Yt Master Tests-2] INFO  verifyingGlobalFilterLandingPage_17-50-36 - Clicking settings ellipses button...
17:51:17 [TestNG-test-Yt Master Tests-2] INFO  verifyingGlobalFilterLandingPage_17-50-36 - [verifyingGlobalFilterLandingPage_17-50-36] Trying to find element: By.xpath: //ytd-topbar-menu-button-renderer[@class='style-scope ytd-masthead style-default']
17:51:17 [TestNG-test-Yt Master Tests-2] INFO  verifyingGlobalFilterLandingPage_17-50-36 - [verifyingGlobalFilterLandingPage_17-50-36] Element found and ready (attempt 1): By.xpath: //ytd-topbar-menu-button-renderer[@class='style-scope ytd-masthead style-default']
17:51:17 [TestNG-test-Yt Master Tests-2] INFO  verifyingGlobalFilterLandingPage_17-50-36 - Clicking language dropdown...
17:51:17 [TestNG-test-Yt Master Tests-2] INFO  verifyingGlobalFilterLandingPage_17-50-36 - [verifyingGlobalFilterLandingPage_17-50-36] Trying to find element: By.xpath: (//div[@id='content-icon'])[2]
17:51:17 [TestNG-test-Yt Master Tests-2] INFO  verifyingGlobalFilterLandingPage_17-50-36 - [verifyingGlobalFilterLandingPage_17-50-36] Element found and ready (attempt 1): By.xpath: (//div[@id='content-icon'])[2]
17:51:18 [TestNG-test-Yt Master Tests-2] INFO  verifyingGlobalFilterLandingPage_17-50-36 - [verifyingGlobalFilterLandingPage_17-50-36] Trying to find element: By.xpath: //yt-multi-page-menu-section-renderer[@class='style-scope ytd-multi-page-menu-renderer']//yt-formatted-string[@id='label' and text()='Azərbaycan']
17:51:19 [TestNG-test-Yt Master Tests-2] INFO  verifyingGlobalFilterLandingPage_17-50-36 - [verifyingGlobalFilterLandingPage_17-50-36] Element found and ready (attempt 1): By.xpath: //yt-multi-page-menu-section-renderer[@class='style-scope ytd-multi-page-menu-renderer']//yt-formatted-string[@id='label' and text()='Azərbaycan']
17:51:19 [TestNG-test-Yt Master Tests-2] INFO  verifyingGlobalFilterLandingPage_17-50-36 - Looking for language element with name: Azərbaycan
17:51:19 [TestNG-test-Yt Master Tests-2] INFO  verifyingGlobalFilterLandingPage_17-50-36 - [verifyingGlobalFilterLandingPage_17-50-36] Within smoothScrollToElement method
17:51:19 [TestNG-test-Yt Master Tests-2] INFO  verifyingGlobalFilterLandingPage_17-50-36 - SafeActions initialized with driver ChromeDriver: chrome on windows (549e4a73b72ecf324a74b23227f6ed14)
17:51:19 [TestNG-test-Yt Master Tests-2] INFO  verifyingGlobalFilterLandingPage_17-50-36 - [verifyingGlobalFilterLandingPage_17-50-36] Trying to find element: By.xpath: //yt-multi-page-menu-section-renderer[@class='style-scope ytd-multi-page-menu-renderer']//yt-formatted-string[@id='label' and text()='Azərbaycan']
17:51:19 [TestNG-test-Yt Master Tests-2] INFO  verifyingGlobalFilterLandingPage_17-50-36 - [verifyingGlobalFilterLandingPage_17-50-36] Element found and ready (attempt 1): By.xpath: //yt-multi-page-menu-section-renderer[@class='style-scope ytd-multi-page-menu-renderer']//yt-formatted-string[@id='label' and text()='Azərbaycan']
17:51:19 [TestNG-test-Yt Master Tests-2] INFO  verifyingGlobalFilterLandingPage_17-50-36 - [verifyingGlobalFilterLandingPage_17-50-36] Successfully scrolled to element: By.xpath: //yt-multi-page-menu-section-renderer[@class='style-scope ytd-multi-page-menu-renderer']//yt-formatted-string[@id='label' and text()='Azərbaycan']
17:51:19 [TestNG-test-Yt Master Tests-2] INFO  verifyingGlobalFilterLandingPage_17-50-36 - Looking for language element with name: Azərbaycan
17:51:19 [TestNG-test-Yt Master Tests-2] INFO  verifyingGlobalFilterLandingPage_17-50-36 - [verifyingGlobalFilterLandingPage_17-50-36] Trying to find element: By.xpath: //yt-multi-page-menu-section-renderer[@class='style-scope ytd-multi-page-menu-renderer']//yt-formatted-string[@id='label' and text()='Azərbaycan']
17:51:19 [TestNG-test-Yt Master Tests-2] INFO  verifyingGlobalFilterLandingPage_17-50-36 - [verifyingGlobalFilterLandingPage_17-50-36] Element found and ready (attempt 1): By.xpath: //yt-multi-page-menu-section-renderer[@class='style-scope ytd-multi-page-menu-renderer']//yt-formatted-string[@id='label' and text()='Azərbaycan']
17:51:19 [TestNG-test-Yt Master Tests-2] INFO  verifyingGlobalFilterLandingPage_17-50-36 - [verifyingGlobalFilterLandingPage_17-50-36] Trying to find element: By.xpath: //yt-multi-page-menu-section-renderer[@class='style-scope ytd-multi-page-menu-renderer']//yt-formatted-string[@id='label' and text()='Azərbaycan']
17:51:19 [TestNG-test-Yt Master Tests-2] INFO  verifyingGlobalFilterLandingPage_17-50-36 - [verifyingGlobalFilterLandingPage_17-50-36] Element found and ready (attempt 1): By.xpath: //yt-multi-page-menu-section-renderer[@class='style-scope ytd-multi-page-menu-renderer']//yt-formatted-string[@id='label' and text()='Azərbaycan']
17:51:22 [TestNG-test-Yt Master Tests-2] INFO  verifyingGlobalFilterLandingPage_17-50-36 - Clicking settings ellipses button...
17:51:23 [TestNG-test-Yt Master Tests-2] INFO  verifyingGlobalFilterLandingPage_17-50-36 - [verifyingGlobalFilterLandingPage_17-50-36] Trying to find element: By.xpath: //ytd-topbar-menu-button-renderer[@class='style-scope ytd-masthead style-default']
17:51:24 [TestNG-test-Yt Master Tests-2] INFO  verifyingGlobalFilterLandingPage_17-50-36 - [verifyingGlobalFilterLandingPage_17-50-36] Element found and ready (attempt 1): By.xpath: //ytd-topbar-menu-button-renderer[@class='style-scope ytd-masthead style-default']
17:51:24 [TestNG-test-Yt Master Tests-2] INFO  verifyingGlobalFilterLandingPage_17-50-36 - [verifyingGlobalFilterLandingPage_17-50-36] Waiting until element is visible in viewport
17:51:25 [TestNG-test-Yt Master Tests-2] INFO  verifyingGlobalFilterLandingPage_17-50-36 - Clicking settings ellipses button...
17:51:25 [TestNG-test-Yt Master Tests-2] INFO  verifyingGlobalFilterLandingPage_17-50-36 - [verifyingGlobalFilterLandingPage_17-50-36] Trying to find element: By.xpath: //ytd-topbar-menu-button-renderer[@class='style-scope ytd-masthead style-default']
17:51:26 [TestNG-test-Yt Master Tests-2] INFO  verifyingGlobalFilterLandingPage_17-50-36 - [verifyingGlobalFilterLandingPage_17-50-36] Element found and ready (attempt 1): By.xpath: //ytd-topbar-menu-button-renderer[@class='style-scope ytd-masthead style-default']
17:51:26 [TestNG-test-Yt Master Tests-2] INFO  verifyingGlobalFilterLandingPage_17-50-36 - Clicking on global filter button in landing page..
17:51:26 [TestNG-test-Yt Master Tests-2] INFO  verifyingGlobalFilterLandingPage_17-50-36 - [verifyingGlobalFilterLandingPage_17-50-36] Trying to click element: By.xpath: //div[@id='filter-button']
17:51:26 [TestNG-test-Yt Master Tests-2] INFO  verifyingGlobalFilterLandingPage_17-50-36 - [verifyingGlobalFilterLandingPage_17-50-36] Clicked successfully (attempt 1): By.xpath: //div[@id='filter-button']
17:51:26 [TestNG-test-Yt Master Tests-2] INFO  verifyingGlobalFilterLandingPage_17-50-36 - [verifyingGlobalFilterLandingPage_17-50-36] Waiting until element is visible in viewport
17:51:27 [TestNG-test-Yt Master Tests-2] INFO  verifyingGlobalFilterLandingPage_17-50-36 - Fetching the data from the global filter in landing page
17:51:27 [TestNG-test-Yt Master Tests-2] INFO  verifyingGlobalFilterLandingPage_17-50-36 - [verifyingGlobalFilterLandingPage_17-50-36] Trying to find element: By.xpath: //ytd-search-filter-options-dialog-renderer[@class='style-scope ytd-popup-container']
17:51:27 [TestNG-test-Yt Master Tests-2] INFO  verifyingGlobalFilterLandingPage_17-50-36 - [verifyingGlobalFilterLandingPage_17-50-36] Element found and ready (attempt 1): By.xpath: //ytd-search-filter-options-dialog-renderer[@class='style-scope ytd-popup-container']
17:51:27 [TestNG-test-Yt Master Tests-2] INFO  verifyingGlobalFilterLandingPage_17-50-36 - Closing the global filter pop-up in landing page..
17:51:27 [TestNG-test-Yt Master Tests-2] INFO  verifyingGlobalFilterLandingPage_17-50-36 - [verifyingGlobalFilterLandingPage_17-50-36] Trying to find element: By.xpath: //yt-icon[@icon='close']
17:51:27 [TestNG-test-Yt Master Tests-2] INFO  verifyingGlobalFilterLandingPage_17-50-36 - [verifyingGlobalFilterLandingPage_17-50-36] Element found and ready (attempt 1): By.xpath: //yt-icon[@icon='close']
17:51:27 [TestNG-test-Yt Master Tests-2] INFO  verifyingGlobalFilterLandingPage_17-50-36 - Clicking settings ellipses button...
17:51:27 [TestNG-test-Yt Master Tests-2] INFO  verifyingGlobalFilterLandingPage_17-50-36 - [verifyingGlobalFilterLandingPage_17-50-36] Trying to find element: By.xpath: //ytd-topbar-menu-button-renderer[@class='style-scope ytd-masthead style-default']
17:51:28 [TestNG-test-Yt Master Tests-2] INFO  verifyingGlobalFilterLandingPage_17-50-36 - [verifyingGlobalFilterLandingPage_17-50-36] Element found and ready (attempt 1): By.xpath: //ytd-topbar-menu-button-renderer[@class='style-scope ytd-masthead style-default']
17:51:28 [TestNG-test-Yt Master Tests-2] INFO  verifyingGlobalFilterLandingPage_17-50-36 - Clicking language dropdown...
17:51:28 [TestNG-test-Yt Master Tests-2] INFO  verifyingGlobalFilterLandingPage_17-50-36 - [verifyingGlobalFilterLandingPage_17-50-36] Trying to find element: By.xpath: (//div[@id='content-icon'])[2]
17:51:28 [TestNG-test-Yt Master Tests-2] INFO  verifyingGlobalFilterLandingPage_17-50-36 - [verifyingGlobalFilterLandingPage_17-50-36] Element found and ready (attempt 1): By.xpath: (//div[@id='content-icon'])[2]
17:51:29 [TestNG-test-Yt Master Tests-2] INFO  verifyingGlobalFilterLandingPage_17-50-36 - [verifyingGlobalFilterLandingPage_17-50-36] Trying to find element: By.xpath: //yt-multi-page-menu-section-renderer[@class='style-scope ytd-multi-page-menu-renderer']//yt-formatted-string[@id='label' and text()='Bahasa Indonesia']
17:51:29 [TestNG-test-Yt Master Tests-2] INFO  verifyingGlobalFilterLandingPage_17-50-36 - [verifyingGlobalFilterLandingPage_17-50-36] Element found and ready (attempt 1): By.xpath: //yt-multi-page-menu-section-renderer[@class='style-scope ytd-multi-page-menu-renderer']//yt-formatted-string[@id='label' and text()='Bahasa Indonesia']
17:51:29 [TestNG-test-Yt Master Tests-2] INFO  verifyingGlobalFilterLandingPage_17-50-36 - Looking for language element with name: Bahasa Indonesia
17:51:29 [TestNG-test-Yt Master Tests-2] INFO  verifyingGlobalFilterLandingPage_17-50-36 - [verifyingGlobalFilterLandingPage_17-50-36] Within smoothScrollToElement method
17:51:29 [TestNG-test-Yt Master Tests-2] INFO  verifyingGlobalFilterLandingPage_17-50-36 - SafeActions initialized with driver ChromeDriver: chrome on windows (549e4a73b72ecf324a74b23227f6ed14)
17:51:29 [TestNG-test-Yt Master Tests-2] INFO  verifyingGlobalFilterLandingPage_17-50-36 - [verifyingGlobalFilterLandingPage_17-50-36] Trying to find element: By.xpath: //yt-multi-page-menu-section-renderer[@class='style-scope ytd-multi-page-menu-renderer']//yt-formatted-string[@id='label' and text()='Bahasa Indonesia']
17:51:30 [TestNG-test-Yt Master Tests-2] INFO  verifyingGlobalFilterLandingPage_17-50-36 - [verifyingGlobalFilterLandingPage_17-50-36] Element found and ready (attempt 1): By.xpath: //yt-multi-page-menu-section-renderer[@class='style-scope ytd-multi-page-menu-renderer']//yt-formatted-string[@id='label' and text()='Bahasa Indonesia']
17:51:30 [TestNG-test-Yt Master Tests-2] INFO  verifyingGlobalFilterLandingPage_17-50-36 - [verifyingGlobalFilterLandingPage_17-50-36] Successfully scrolled to element: By.xpath: //yt-multi-page-menu-section-renderer[@class='style-scope ytd-multi-page-menu-renderer']//yt-formatted-string[@id='label' and text()='Bahasa Indonesia']
17:51:30 [TestNG-test-Yt Master Tests-2] INFO  verifyingGlobalFilterLandingPage_17-50-36 - Looking for language element with name: Bahasa Indonesia
17:51:30 [TestNG-test-Yt Master Tests-2] INFO  verifyingGlobalFilterLandingPage_17-50-36 - [verifyingGlobalFilterLandingPage_17-50-36] Trying to find element: By.xpath: //yt-multi-page-menu-section-renderer[@class='style-scope ytd-multi-page-menu-renderer']//yt-formatted-string[@id='label' and text()='Bahasa Indonesia']
17:51:30 [TestNG-test-Yt Master Tests-2] INFO  verifyingGlobalFilterLandingPage_17-50-36 - [verifyingGlobalFilterLandingPage_17-50-36] Element found and ready (attempt 1): By.xpath: //yt-multi-page-menu-section-renderer[@class='style-scope ytd-multi-page-menu-renderer']//yt-formatted-string[@id='label' and text()='Bahasa Indonesia']
17:51:30 [TestNG-test-Yt Master Tests-2] INFO  verifyingGlobalFilterLandingPage_17-50-36 - [verifyingGlobalFilterLandingPage_17-50-36] Trying to find element: By.xpath: //yt-multi-page-menu-section-renderer[@class='style-scope ytd-multi-page-menu-renderer']//yt-formatted-string[@id='label' and text()='Bahasa Indonesia']
17:51:30 [TestNG-test-Yt Master Tests-2] INFO  verifyingGlobalFilterLandingPage_17-50-36 - [verifyingGlobalFilterLandingPage_17-50-36] Element found and ready (attempt 1): By.xpath: //yt-multi-page-menu-section-renderer[@class='style-scope ytd-multi-page-menu-renderer']//yt-formatted-string[@id='label' and text()='Bahasa Indonesia']
17:51:34 [TestNG-test-Yt Master Tests-2] INFO  verifyingGlobalFilterLandingPage_17-50-36 - Clicking settings ellipses button...
17:51:35 [TestNG-test-Yt Master Tests-2] INFO  verifyingGlobalFilterLandingPage_17-50-36 - [verifyingGlobalFilterLandingPage_17-50-36] Trying to find element: By.xpath: //ytd-topbar-menu-button-renderer[@class='style-scope ytd-masthead style-default']
17:51:35 [TestNG-test-Yt Master Tests-2] INFO  verifyingGlobalFilterLandingPage_17-50-36 - [verifyingGlobalFilterLandingPage_17-50-36] Element found and ready (attempt 1): By.xpath: //ytd-topbar-menu-button-renderer[@class='style-scope ytd-masthead style-default']
17:51:35 [TestNG-test-Yt Master Tests-2] INFO  verifyingGlobalFilterLandingPage_17-50-36 - [verifyingGlobalFilterLandingPage_17-50-36] Waiting until element is visible in viewport
17:51:37 [TestNG-test-Yt Master Tests-2] INFO  verifyingGlobalFilterLandingPage_17-50-36 - Clicking settings ellipses button...
17:51:37 [TestNG-test-Yt Master Tests-2] INFO  verifyingGlobalFilterLandingPage_17-50-36 - [verifyingGlobalFilterLandingPage_17-50-36] Trying to find element: By.xpath: //ytd-topbar-menu-button-renderer[@class='style-scope ytd-masthead style-default']
17:51:37 [TestNG-test-Yt Master Tests-2] INFO  verifyingGlobalFilterLandingPage_17-50-36 - [verifyingGlobalFilterLandingPage_17-50-36] Element found and ready (attempt 1): By.xpath: //ytd-topbar-menu-button-renderer[@class='style-scope ytd-masthead style-default']
17:51:37 [TestNG-test-Yt Master Tests-2] INFO  verifyingGlobalFilterLandingPage_17-50-36 - Clicking on global filter button in landing page..
17:51:37 [TestNG-test-Yt Master Tests-2] INFO  verifyingGlobalFilterLandingPage_17-50-36 - [verifyingGlobalFilterLandingPage_17-50-36] Trying to click element: By.xpath: //div[@id='filter-button']
17:51:37 [TestNG-test-Yt Master Tests-2] INFO  verifyingGlobalFilterLandingPage_17-50-36 - [verifyingGlobalFilterLandingPage_17-50-36] Clicked successfully (attempt 1): By.xpath: //div[@id='filter-button']
17:51:37 [TestNG-test-Yt Master Tests-2] INFO  verifyingGlobalFilterLandingPage_17-50-36 - [verifyingGlobalFilterLandingPage_17-50-36] Waiting until element is visible in viewport
17:51:38 [TestNG-test-Yt Master Tests-2] INFO  verifyingGlobalFilterLandingPage_17-50-36 - Fetching the data from the global filter in landing page
17:51:38 [TestNG-test-Yt Master Tests-2] INFO  verifyingGlobalFilterLandingPage_17-50-36 - [verifyingGlobalFilterLandingPage_17-50-36] Trying to find element: By.xpath: //ytd-search-filter-options-dialog-renderer[@class='style-scope ytd-popup-container']
17:51:38 [TestNG-test-Yt Master Tests-2] INFO  verifyingGlobalFilterLandingPage_17-50-36 - [verifyingGlobalFilterLandingPage_17-50-36] Element found and ready (attempt 1): By.xpath: //ytd-search-filter-options-dialog-renderer[@class='style-scope ytd-popup-container']
17:51:38 [TestNG-test-Yt Master Tests-2] INFO  verifyingGlobalFilterLandingPage_17-50-36 - Closing the global filter pop-up in landing page..
17:51:38 [TestNG-test-Yt Master Tests-2] INFO  verifyingGlobalFilterLandingPage_17-50-36 - [verifyingGlobalFilterLandingPage_17-50-36] Trying to find element: By.xpath: //yt-icon[@icon='close']
17:51:38 [TestNG-test-Yt Master Tests-2] INFO  verifyingGlobalFilterLandingPage_17-50-36 - [verifyingGlobalFilterLandingPage_17-50-36] Element found and ready (attempt 1): By.xpath: //yt-icon[@icon='close']
17:51:38 [TestNG-test-Yt Master Tests-2] INFO  verifyingGlobalFilterLandingPage_17-50-36 - Clicking settings ellipses button...
17:51:38 [TestNG-test-Yt Master Tests-2] INFO  verifyingGlobalFilterLandingPage_17-50-36 - [verifyingGlobalFilterLandingPage_17-50-36] Trying to find element: By.xpath: //ytd-topbar-menu-button-renderer[@class='style-scope ytd-masthead style-default']
17:51:39 [TestNG-test-Yt Master Tests-2] INFO  verifyingGlobalFilterLandingPage_17-50-36 - [verifyingGlobalFilterLandingPage_17-50-36] Element found and ready (attempt 1): By.xpath: //ytd-topbar-menu-button-renderer[@class='style-scope ytd-masthead style-default']
17:51:39 [TestNG-test-Yt Master Tests-2] INFO  verifyingGlobalFilterLandingPage_17-50-36 - Clicking language dropdown...
17:51:39 [TestNG-test-Yt Master Tests-2] INFO  verifyingGlobalFilterLandingPage_17-50-36 - [verifyingGlobalFilterLandingPage_17-50-36] Trying to find element: By.xpath: (//div[@id='content-icon'])[2]
17:51:39 [TestNG-test-Yt Master Tests-2] INFO  verifyingGlobalFilterLandingPage_17-50-36 - [verifyingGlobalFilterLandingPage_17-50-36] Element found and ready (attempt 1): By.xpath: (//div[@id='content-icon'])[2]
17:51:40 [TestNG-test-Yt Master Tests-2] INFO  verifyingGlobalFilterLandingPage_17-50-36 - [verifyingGlobalFilterLandingPage_17-50-36] Trying to find element: By.xpath: //yt-multi-page-menu-section-renderer[@class='style-scope ytd-multi-page-menu-renderer']//yt-formatted-string[@id='label' and text()='Bosanski']
17:51:41 [TestNG-test-Yt Master Tests-2] INFO  verifyingGlobalFilterLandingPage_17-50-36 - [verifyingGlobalFilterLandingPage_17-50-36] Element found and ready (attempt 1): By.xpath: //yt-multi-page-menu-section-renderer[@class='style-scope ytd-multi-page-menu-renderer']//yt-formatted-string[@id='label' and text()='Bosanski']
17:51:41 [TestNG-test-Yt Master Tests-2] INFO  verifyingGlobalFilterLandingPage_17-50-36 - Looking for language element with name: Bosanski
17:51:41 [TestNG-test-Yt Master Tests-2] INFO  verifyingGlobalFilterLandingPage_17-50-36 - [verifyingGlobalFilterLandingPage_17-50-36] Within smoothScrollToElement method
17:51:41 [TestNG-test-Yt Master Tests-2] INFO  verifyingGlobalFilterLandingPage_17-50-36 - SafeActions initialized with driver ChromeDriver: chrome on windows (549e4a73b72ecf324a74b23227f6ed14)
17:51:41 [TestNG-test-Yt Master Tests-2] INFO  verifyingGlobalFilterLandingPage_17-50-36 - [verifyingGlobalFilterLandingPage_17-50-36] Trying to find element: By.xpath: //yt-multi-page-menu-section-renderer[@class='style-scope ytd-multi-page-menu-renderer']//yt-formatted-string[@id='label' and text()='Bosanski']
17:51:41 [TestNG-test-Yt Master Tests-2] INFO  verifyingGlobalFilterLandingPage_17-50-36 - [verifyingGlobalFilterLandingPage_17-50-36] Element found and ready (attempt 1): By.xpath: //yt-multi-page-menu-section-renderer[@class='style-scope ytd-multi-page-menu-renderer']//yt-formatted-string[@id='label' and text()='Bosanski']
17:51:41 [TestNG-test-Yt Master Tests-2] INFO  verifyingGlobalFilterLandingPage_17-50-36 - [verifyingGlobalFilterLandingPage_17-50-36] Successfully scrolled to element: By.xpath: //yt-multi-page-menu-section-renderer[@class='style-scope ytd-multi-page-menu-renderer']//yt-formatted-string[@id='label' and text()='Bosanski']
17:51:41 [TestNG-test-Yt Master Tests-2] INFO  verifyingGlobalFilterLandingPage_17-50-36 - Looking for language element with name: Bosanski
17:51:41 [TestNG-test-Yt Master Tests-2] INFO  verifyingGlobalFilterLandingPage_17-50-36 - [verifyingGlobalFilterLandingPage_17-50-36] Trying to find element: By.xpath: //yt-multi-page-menu-section-renderer[@class='style-scope ytd-multi-page-menu-renderer']//yt-formatted-string[@id='label' and text()='Bosanski']
17:51:41 [TestNG-test-Yt Master Tests-2] INFO  verifyingGlobalFilterLandingPage_17-50-36 - [verifyingGlobalFilterLandingPage_17-50-36] Element found and ready (attempt 1): By.xpath: //yt-multi-page-menu-section-renderer[@class='style-scope ytd-multi-page-menu-renderer']//yt-formatted-string[@id='label' and text()='Bosanski']
17:51:41 [TestNG-test-Yt Master Tests-2] INFO  verifyingGlobalFilterLandingPage_17-50-36 - [verifyingGlobalFilterLandingPage_17-50-36] Trying to find element: By.xpath: //yt-multi-page-menu-section-renderer[@class='style-scope ytd-multi-page-menu-renderer']//yt-formatted-string[@id='label' and text()='Bosanski']
17:51:41 [TestNG-test-Yt Master Tests-2] INFO  verifyingGlobalFilterLandingPage_17-50-36 - [verifyingGlobalFilterLandingPage_17-50-36] Element found and ready (attempt 1): By.xpath: //yt-multi-page-menu-section-renderer[@class='style-scope ytd-multi-page-menu-renderer']//yt-formatted-string[@id='label' and text()='Bosanski']
17:51:43 [TestNG-test-Yt Master Tests-2] INFO  verifyingGlobalFilterLandingPage_17-50-36 - Clicking settings ellipses button...
17:51:46 [TestNG-test-Yt Master Tests-2] INFO  verifyingGlobalFilterLandingPage_17-50-36 - [verifyingGlobalFilterLandingPage_17-50-36] Trying to find element: By.xpath: //ytd-topbar-menu-button-renderer[@class='style-scope ytd-masthead style-default']
17:51:46 [TestNG-test-Yt Master Tests-2] INFO  verifyingGlobalFilterLandingPage_17-50-36 - [verifyingGlobalFilterLandingPage_17-50-36] Element found and ready (attempt 1): By.xpath: //ytd-topbar-menu-button-renderer[@class='style-scope ytd-masthead style-default']
17:51:46 [TestNG-test-Yt Master Tests-2] INFO  verifyingGlobalFilterLandingPage_17-50-36 - [verifyingGlobalFilterLandingPage_17-50-36] Waiting until element is visible in viewport
17:51:47 [TestNG-test-Yt Master Tests-2] INFO  verifyingGlobalFilterLandingPage_17-50-36 - Clicking settings ellipses button...
17:51:48 [TestNG-test-Yt Master Tests-2] INFO  verifyingGlobalFilterLandingPage_17-50-36 - [verifyingGlobalFilterLandingPage_17-50-36] Trying to find element: By.xpath: //ytd-topbar-menu-button-renderer[@class='style-scope ytd-masthead style-default']
17:51:48 [TestNG-test-Yt Master Tests-2] INFO  verifyingGlobalFilterLandingPage_17-50-36 - [verifyingGlobalFilterLandingPage_17-50-36] Element found and ready (attempt 1): By.xpath: //ytd-topbar-menu-button-renderer[@class='style-scope ytd-masthead style-default']
17:51:48 [TestNG-test-Yt Master Tests-2] INFO  verifyingGlobalFilterLandingPage_17-50-36 - Clicking on global filter button in landing page..
17:51:48 [TestNG-test-Yt Master Tests-2] INFO  verifyingGlobalFilterLandingPage_17-50-36 - [verifyingGlobalFilterLandingPage_17-50-36] Trying to click element: By.xpath: //div[@id='filter-button']
17:51:48 [TestNG-test-Yt Master Tests-2] INFO  verifyingGlobalFilterLandingPage_17-50-36 - [verifyingGlobalFilterLandingPage_17-50-36] Clicked successfully (attempt 1): By.xpath: //div[@id='filter-button']
17:51:48 [TestNG-test-Yt Master Tests-2] INFO  verifyingGlobalFilterLandingPage_17-50-36 - [verifyingGlobalFilterLandingPage_17-50-36] Waiting until element is visible in viewport
17:51:49 [TestNG-test-Yt Master Tests-2] INFO  verifyingGlobalFilterLandingPage_17-50-36 - Fetching the data from the global filter in landing page
17:51:49 [TestNG-test-Yt Master Tests-2] INFO  verifyingGlobalFilterLandingPage_17-50-36 - [verifyingGlobalFilterLandingPage_17-50-36] Trying to find element: By.xpath: //ytd-search-filter-options-dialog-renderer[@class='style-scope ytd-popup-container']
17:51:49 [TestNG-test-Yt Master Tests-2] INFO  verifyingGlobalFilterLandingPage_17-50-36 - [verifyingGlobalFilterLandingPage_17-50-36] Element found and ready (attempt 1): By.xpath: //ytd-search-filter-options-dialog-renderer[@class='style-scope ytd-popup-container']
17:51:49 [TestNG-test-Yt Master Tests-2] INFO  verifyingGlobalFilterLandingPage_17-50-36 - Closing the global filter pop-up in landing page..
17:51:49 [TestNG-test-Yt Master Tests-2] INFO  verifyingGlobalFilterLandingPage_17-50-36 - [verifyingGlobalFilterLandingPage_17-50-36] Trying to find element: By.xpath: //yt-icon[@icon='close']
17:51:49 [TestNG-test-Yt Master Tests-2] INFO  verifyingGlobalFilterLandingPage_17-50-36 - [verifyingGlobalFilterLandingPage_17-50-36] Element found and ready (attempt 1): By.xpath: //yt-icon[@icon='close']
17:51:49 [TestNG-test-Yt Master Tests-2] INFO  verifyingGlobalFilterLandingPage_17-50-36 - Clicking settings ellipses button...
17:51:49 [TestNG-test-Yt Master Tests-2] INFO  verifyingGlobalFilterLandingPage_17-50-36 - [verifyingGlobalFilterLandingPage_17-50-36] Trying to find element: By.xpath: //ytd-topbar-menu-button-renderer[@class='style-scope ytd-masthead style-default']
17:51:49 [TestNG-test-Yt Master Tests-2] INFO  verifyingGlobalFilterLandingPage_17-50-36 - [verifyingGlobalFilterLandingPage_17-50-36] Element found and ready (attempt 1): By.xpath: //ytd-topbar-menu-button-renderer[@class='style-scope ytd-masthead style-default']
17:51:50 [TestNG-test-Yt Master Tests-2] INFO  verifyingGlobalFilterLandingPage_17-50-36 - Clicking language dropdown...
17:51:50 [TestNG-test-Yt Master Tests-2] INFO  verifyingGlobalFilterLandingPage_17-50-36 - [verifyingGlobalFilterLandingPage_17-50-36] Trying to find element: By.xpath: (//div[@id='content-icon'])[2]
17:51:50 [TestNG-test-Yt Master Tests-2] INFO  verifyingGlobalFilterLandingPage_17-50-36 - [verifyingGlobalFilterLandingPage_17-50-36] Element found and ready (attempt 1): By.xpath: (//div[@id='content-icon'])[2]
17:51:51 [TestNG-test-Yt Master Tests-2] INFO  verifyingGlobalFilterLandingPage_17-50-36 - [verifyingGlobalFilterLandingPage_17-50-36] Trying to find element: By.xpath: //yt-multi-page-menu-section-renderer[@class='style-scope ytd-multi-page-menu-renderer']//yt-formatted-string[@id='label' and text()='Català']
17:51:51 [TestNG-test-Yt Master Tests-2] INFO  verifyingGlobalFilterLandingPage_17-50-36 - [verifyingGlobalFilterLandingPage_17-50-36] Element found and ready (attempt 1): By.xpath: //yt-multi-page-menu-section-renderer[@class='style-scope ytd-multi-page-menu-renderer']//yt-formatted-string[@id='label' and text()='Català']
17:51:51 [TestNG-test-Yt Master Tests-2] INFO  verifyingGlobalFilterLandingPage_17-50-36 - Looking for language element with name: Català
17:51:51 [TestNG-test-Yt Master Tests-2] INFO  verifyingGlobalFilterLandingPage_17-50-36 - [verifyingGlobalFilterLandingPage_17-50-36] Within smoothScrollToElement method
17:51:51 [TestNG-test-Yt Master Tests-2] INFO  verifyingGlobalFilterLandingPage_17-50-36 - SafeActions initialized with driver ChromeDriver: chrome on windows (549e4a73b72ecf324a74b23227f6ed14)
17:51:51 [TestNG-test-Yt Master Tests-2] INFO  verifyingGlobalFilterLandingPage_17-50-36 - [verifyingGlobalFilterLandingPage_17-50-36] Trying to find element: By.xpath: //yt-multi-page-menu-section-renderer[@class='style-scope ytd-multi-page-menu-renderer']//yt-formatted-string[@id='label' and text()='Català']
17:51:52 [TestNG-test-Yt Master Tests-2] INFO  verifyingGlobalFilterLandingPage_17-50-36 - [verifyingGlobalFilterLandingPage_17-50-36] Element found and ready (attempt 1): By.xpath: //yt-multi-page-menu-section-renderer[@class='style-scope ytd-multi-page-menu-renderer']//yt-formatted-string[@id='label' and text()='Català']
17:51:52 [TestNG-test-Yt Master Tests-2] INFO  verifyingGlobalFilterLandingPage_17-50-36 - [verifyingGlobalFilterLandingPage_17-50-36] Successfully scrolled to element: By.xpath: //yt-multi-page-menu-section-renderer[@class='style-scope ytd-multi-page-menu-renderer']//yt-formatted-string[@id='label' and text()='Català']
17:51:52 [TestNG-test-Yt Master Tests-2] INFO  verifyingGlobalFilterLandingPage_17-50-36 - Looking for language element with name: Català
17:51:52 [TestNG-test-Yt Master Tests-2] INFO  verifyingGlobalFilterLandingPage_17-50-36 - [verifyingGlobalFilterLandingPage_17-50-36] Trying to find element: By.xpath: //yt-multi-page-menu-section-renderer[@class='style-scope ytd-multi-page-menu-renderer']//yt-formatted-string[@id='label' and text()='Català']
17:51:52 [TestNG-test-Yt Master Tests-2] INFO  verifyingGlobalFilterLandingPage_17-50-36 - [verifyingGlobalFilterLandingPage_17-50-36] Element found and ready (attempt 1): By.xpath: //yt-multi-page-menu-section-renderer[@class='style-scope ytd-multi-page-menu-renderer']//yt-formatted-string[@id='label' and text()='Català']
17:51:52 [TestNG-test-Yt Master Tests-2] INFO  verifyingGlobalFilterLandingPage_17-50-36 - [verifyingGlobalFilterLandingPage_17-50-36] Trying to find element: By.xpath: //yt-multi-page-menu-section-renderer[@class='style-scope ytd-multi-page-menu-renderer']//yt-formatted-string[@id='label' and text()='Català']
17:51:52 [TestNG-test-Yt Master Tests-2] INFO  verifyingGlobalFilterLandingPage_17-50-36 - [verifyingGlobalFilterLandingPage_17-50-36] Element found and ready (attempt 1): By.xpath: //yt-multi-page-menu-section-renderer[@class='style-scope ytd-multi-page-menu-renderer']//yt-formatted-string[@id='label' and text()='Català']
17:51:56 [TestNG-test-Yt Master Tests-2] INFO  verifyingGlobalFilterLandingPage_17-50-36 - Clicking settings ellipses button...
17:51:57 [TestNG-test-Yt Master Tests-2] INFO  verifyingGlobalFilterLandingPage_17-50-36 - [verifyingGlobalFilterLandingPage_17-50-36] Trying to find element: By.xpath: //ytd-topbar-menu-button-renderer[@class='style-scope ytd-masthead style-default']
17:51:57 [TestNG-test-Yt Master Tests-2] INFO  verifyingGlobalFilterLandingPage_17-50-36 - [verifyingGlobalFilterLandingPage_17-50-36] Element found and ready (attempt 1): By.xpath: //ytd-topbar-menu-button-renderer[@class='style-scope ytd-masthead style-default']
17:51:57 [TestNG-test-Yt Master Tests-2] INFO  verifyingGlobalFilterLandingPage_17-50-36 - [verifyingGlobalFilterLandingPage_17-50-36] Waiting until element is visible in viewport
17:51:59 [TestNG-test-Yt Master Tests-2] INFO  verifyingGlobalFilterLandingPage_17-50-36 - Clicking settings ellipses button...
17:51:59 [TestNG-test-Yt Master Tests-2] INFO  verifyingGlobalFilterLandingPage_17-50-36 - [verifyingGlobalFilterLandingPage_17-50-36] Trying to find element: By.xpath: //ytd-topbar-menu-button-renderer[@class='style-scope ytd-masthead style-default']
17:51:59 [TestNG-test-Yt Master Tests-2] INFO  verifyingGlobalFilterLandingPage_17-50-36 - [verifyingGlobalFilterLandingPage_17-50-36] Element found and ready (attempt 1): By.xpath: //ytd-topbar-menu-button-renderer[@class='style-scope ytd-masthead style-default']
17:51:59 [TestNG-test-Yt Master Tests-2] INFO  verifyingGlobalFilterLandingPage_17-50-36 - Clicking on global filter button in landing page..
17:51:59 [TestNG-test-Yt Master Tests-2] INFO  verifyingGlobalFilterLandingPage_17-50-36 - [verifyingGlobalFilterLandingPage_17-50-36] Trying to click element: By.xpath: //div[@id='filter-button']
17:52:00 [TestNG-test-Yt Master Tests-2] INFO  verifyingGlobalFilterLandingPage_17-50-36 - [verifyingGlobalFilterLandingPage_17-50-36] Clicked successfully (attempt 1): By.xpath: //div[@id='filter-button']
17:52:00 [TestNG-test-Yt Master Tests-2] INFO  verifyingGlobalFilterLandingPage_17-50-36 - [verifyingGlobalFilterLandingPage_17-50-36] Waiting until element is visible in viewport
17:52:00 [TestNG-test-Yt Master Tests-2] INFO  verifyingGlobalFilterLandingPage_17-50-36 - Fetching the data from the global filter in landing page
17:52:00 [TestNG-test-Yt Master Tests-2] INFO  verifyingGlobalFilterLandingPage_17-50-36 - [verifyingGlobalFilterLandingPage_17-50-36] Trying to find element: By.xpath: //ytd-search-filter-options-dialog-renderer[@class='style-scope ytd-popup-container']
17:52:00 [TestNG-test-Yt Master Tests-2] INFO  verifyingGlobalFilterLandingPage_17-50-36 - [verifyingGlobalFilterLandingPage_17-50-36] Element found and ready (attempt 1): By.xpath: //ytd-search-filter-options-dialog-renderer[@class='style-scope ytd-popup-container']
17:52:00 [TestNG-test-Yt Master Tests-2] INFO  verifyingGlobalFilterLandingPage_17-50-36 - Closing the global filter pop-up in landing page..
17:52:00 [TestNG-test-Yt Master Tests-2] INFO  verifyingGlobalFilterLandingPage_17-50-36 - [verifyingGlobalFilterLandingPage_17-50-36] Trying to find element: By.xpath: //yt-icon[@icon='close']
17:52:00 [TestNG-test-Yt Master Tests-2] INFO  verifyingGlobalFilterLandingPage_17-50-36 - [verifyingGlobalFilterLandingPage_17-50-36] Element found and ready (attempt 1): By.xpath: //yt-icon[@icon='close']
17:52:01 [TestNG-test-Yt Master Tests-2] INFO  verifyingGlobalFilterLandingPage_17-50-36 - Clicking settings ellipses button...
17:52:01 [TestNG-test-Yt Master Tests-2] INFO  verifyingGlobalFilterLandingPage_17-50-36 - [verifyingGlobalFilterLandingPage_17-50-36] Trying to find element: By.xpath: //ytd-topbar-menu-button-renderer[@class='style-scope ytd-masthead style-default']
17:52:01 [TestNG-test-Yt Master Tests-2] INFO  verifyingGlobalFilterLandingPage_17-50-36 - [verifyingGlobalFilterLandingPage_17-50-36] Element found and ready (attempt 1): By.xpath: //ytd-topbar-menu-button-renderer[@class='style-scope ytd-masthead style-default']
17:52:01 [TestNG-test-Yt Master Tests-2] INFO  verifyingGlobalFilterLandingPage_17-50-36 - Clicking language dropdown...
17:52:01 [TestNG-test-Yt Master Tests-2] INFO  verifyingGlobalFilterLandingPage_17-50-36 - [verifyingGlobalFilterLandingPage_17-50-36] Trying to find element: By.xpath: (//div[@id='content-icon'])[2]
17:52:02 [TestNG-test-Yt Master Tests-2] INFO  verifyingGlobalFilterLandingPage_17-50-36 - [verifyingGlobalFilterLandingPage_17-50-36] Element found and ready (attempt 1): By.xpath: (//div[@id='content-icon'])[2]
17:52:02 [TestNG-test-Yt Master Tests-2] INFO  verifyingGlobalFilterLandingPage_17-50-36 - [verifyingGlobalFilterLandingPage_17-50-36] Trying to find element: By.xpath: //yt-multi-page-menu-section-renderer[@class='style-scope ytd-multi-page-menu-renderer']//yt-formatted-string[@id='label' and text()='Dansk']
17:52:03 [TestNG-test-Yt Master Tests-2] INFO  verifyingGlobalFilterLandingPage_17-50-36 - [verifyingGlobalFilterLandingPage_17-50-36] Element found and ready (attempt 1): By.xpath: //yt-multi-page-menu-section-renderer[@class='style-scope ytd-multi-page-menu-renderer']//yt-formatted-string[@id='label' and text()='Dansk']
17:52:03 [TestNG-test-Yt Master Tests-2] INFO  verifyingGlobalFilterLandingPage_17-50-36 - Looking for language element with name: Dansk
17:52:03 [TestNG-test-Yt Master Tests-2] INFO  verifyingGlobalFilterLandingPage_17-50-36 - [verifyingGlobalFilterLandingPage_17-50-36] Within smoothScrollToElement method
17:52:03 [TestNG-test-Yt Master Tests-2] INFO  verifyingGlobalFilterLandingPage_17-50-36 - SafeActions initialized with driver ChromeDriver: chrome on windows (549e4a73b72ecf324a74b23227f6ed14)
17:52:03 [TestNG-test-Yt Master Tests-2] INFO  verifyingGlobalFilterLandingPage_17-50-36 - [verifyingGlobalFilterLandingPage_17-50-36] Trying to find element: By.xpath: //yt-multi-page-menu-section-renderer[@class='style-scope ytd-multi-page-menu-renderer']//yt-formatted-string[@id='label' and text()='Dansk']
17:52:03 [TestNG-test-Yt Master Tests-2] INFO  verifyingGlobalFilterLandingPage_17-50-36 - [verifyingGlobalFilterLandingPage_17-50-36] Element found and ready (attempt 1): By.xpath: //yt-multi-page-menu-section-renderer[@class='style-scope ytd-multi-page-menu-renderer']//yt-formatted-string[@id='label' and text()='Dansk']
17:52:03 [TestNG-test-Yt Master Tests-2] INFO  verifyingGlobalFilterLandingPage_17-50-36 - [verifyingGlobalFilterLandingPage_17-50-36] Successfully scrolled to element: By.xpath: //yt-multi-page-menu-section-renderer[@class='style-scope ytd-multi-page-menu-renderer']//yt-formatted-string[@id='label' and text()='Dansk']
17:52:03 [TestNG-test-Yt Master Tests-2] INFO  verifyingGlobalFilterLandingPage_17-50-36 - Looking for language element with name: Dansk
17:52:03 [TestNG-test-Yt Master Tests-2] INFO  verifyingGlobalFilterLandingPage_17-50-36 - [verifyingGlobalFilterLandingPage_17-50-36] Trying to find element: By.xpath: //yt-multi-page-menu-section-renderer[@class='style-scope ytd-multi-page-menu-renderer']//yt-formatted-string[@id='label' and text()='Dansk']
17:52:03 [TestNG-test-Yt Master Tests-2] INFO  verifyingGlobalFilterLandingPage_17-50-36 - [verifyingGlobalFilterLandingPage_17-50-36] Element found and ready (attempt 1): By.xpath: //yt-multi-page-menu-section-renderer[@class='style-scope ytd-multi-page-menu-renderer']//yt-formatted-string[@id='label' and text()='Dansk']
17:52:03 [TestNG-test-Yt Master Tests-2] INFO  verifyingGlobalFilterLandingPage_17-50-36 - [verifyingGlobalFilterLandingPage_17-50-36] Trying to find element: By.xpath: //yt-multi-page-menu-section-renderer[@class='style-scope ytd-multi-page-menu-renderer']//yt-formatted-string[@id='label' and text()='Dansk']
17:52:03 [TestNG-test-Yt Master Tests-2] INFO  verifyingGlobalFilterLandingPage_17-50-36 - [verifyingGlobalFilterLandingPage_17-50-36] Element found and ready (attempt 1): By.xpath: //yt-multi-page-menu-section-renderer[@class='style-scope ytd-multi-page-menu-renderer']//yt-formatted-string[@id='label' and text()='Dansk']
17:52:08 [TestNG-test-Yt Master Tests-2] INFO  verifyingGlobalFilterLandingPage_17-50-36 - Clicking settings ellipses button...
17:52:08 [TestNG-test-Yt Master Tests-2] INFO  verifyingGlobalFilterLandingPage_17-50-36 - [verifyingGlobalFilterLandingPage_17-50-36] Trying to find element: By.xpath: //ytd-topbar-menu-button-renderer[@class='style-scope ytd-masthead style-default']
17:52:09 [TestNG-test-Yt Master Tests-2] INFO  verifyingGlobalFilterLandingPage_17-50-36 - [verifyingGlobalFilterLandingPage_17-50-36] Element found and ready (attempt 1): By.xpath: //ytd-topbar-menu-button-renderer[@class='style-scope ytd-masthead style-default']
17:52:09 [TestNG-test-Yt Master Tests-2] INFO  verifyingGlobalFilterLandingPage_17-50-36 - [verifyingGlobalFilterLandingPage_17-50-36] Waiting until element is visible in viewport
17:52:10 [TestNG-test-Yt Master Tests-2] INFO  verifyingGlobalFilterLandingPage_17-50-36 - Clicking settings ellipses button...
17:52:10 [TestNG-test-Yt Master Tests-2] INFO  verifyingGlobalFilterLandingPage_17-50-36 - [verifyingGlobalFilterLandingPage_17-50-36] Trying to find element: By.xpath: //ytd-topbar-menu-button-renderer[@class='style-scope ytd-masthead style-default']
17:52:10 [TestNG-test-Yt Master Tests-2] INFO  verifyingGlobalFilterLandingPage_17-50-36 - [verifyingGlobalFilterLandingPage_17-50-36] Element found and ready (attempt 1): By.xpath: //ytd-topbar-menu-button-renderer[@class='style-scope ytd-masthead style-default']
17:52:11 [TestNG-test-Yt Master Tests-2] INFO  verifyingGlobalFilterLandingPage_17-50-36 - Clicking on global filter button in landing page..
17:52:11 [TestNG-test-Yt Master Tests-2] INFO  verifyingGlobalFilterLandingPage_17-50-36 - [verifyingGlobalFilterLandingPage_17-50-36] Trying to click element: By.xpath: //div[@id='filter-button']
17:52:11 [TestNG-test-Yt Master Tests-2] INFO  verifyingGlobalFilterLandingPage_17-50-36 - [verifyingGlobalFilterLandingPage_17-50-36] Clicked successfully (attempt 1): By.xpath: //div[@id='filter-button']
17:52:11 [TestNG-test-Yt Master Tests-2] INFO  verifyingGlobalFilterLandingPage_17-50-36 - [verifyingGlobalFilterLandingPage_17-50-36] Waiting until element is visible in viewport
17:52:12 [TestNG-test-Yt Master Tests-2] INFO  verifyingGlobalFilterLandingPage_17-50-36 - Fetching the data from the global filter in landing page
17:52:12 [TestNG-test-Yt Master Tests-2] INFO  verifyingGlobalFilterLandingPage_17-50-36 - [verifyingGlobalFilterLandingPage_17-50-36] Trying to find element: By.xpath: //ytd-search-filter-options-dialog-renderer[@class='style-scope ytd-popup-container']
17:52:12 [TestNG-test-Yt Master Tests-2] INFO  verifyingGlobalFilterLandingPage_17-50-36 - [verifyingGlobalFilterLandingPage_17-50-36] Element found and ready (attempt 1): By.xpath: //ytd-search-filter-options-dialog-renderer[@class='style-scope ytd-popup-container']
17:52:12 [TestNG-test-Yt Master Tests-2] INFO  verifyingGlobalFilterLandingPage_17-50-36 - Closing the global filter pop-up in landing page..
17:52:12 [TestNG-test-Yt Master Tests-2] INFO  verifyingGlobalFilterLandingPage_17-50-36 - [verifyingGlobalFilterLandingPage_17-50-36] Trying to find element: By.xpath: //yt-icon[@icon='close']
17:52:12 [TestNG-test-Yt Master Tests-2] INFO  verifyingGlobalFilterLandingPage_17-50-36 - [verifyingGlobalFilterLandingPage_17-50-36] Element found and ready (attempt 1): By.xpath: //yt-icon[@icon='close']
17:52:12 [TestNG-test-Yt Master Tests-2] INFO  verifyingGlobalFilterLandingPage_17-50-36 - Clicking settings ellipses button...
17:52:12 [TestNG-test-Yt Master Tests-2] INFO  verifyingGlobalFilterLandingPage_17-50-36 - [verifyingGlobalFilterLandingPage_17-50-36] Trying to find element: By.xpath: //ytd-topbar-menu-button-renderer[@class='style-scope ytd-masthead style-default']
17:52:12 [TestNG-test-Yt Master Tests-2] INFO  verifyingGlobalFilterLandingPage_17-50-36 - [verifyingGlobalFilterLandingPage_17-50-36] Element found and ready (attempt 1): By.xpath: //ytd-topbar-menu-button-renderer[@class='style-scope ytd-masthead style-default']
17:52:12 [TestNG-test-Yt Master Tests-2] INFO  verifyingGlobalFilterLandingPage_17-50-36 - Clicking language dropdown...
17:52:12 [TestNG-test-Yt Master Tests-2] INFO  verifyingGlobalFilterLandingPage_17-50-36 - [verifyingGlobalFilterLandingPage_17-50-36] Trying to find element: By.xpath: (//div[@id='content-icon'])[2]
17:52:13 [TestNG-test-Yt Master Tests-2] INFO  verifyingGlobalFilterLandingPage_17-50-36 - [verifyingGlobalFilterLandingPage_17-50-36] Element found and ready (attempt 1): By.xpath: (//div[@id='content-icon'])[2]
17:52:14 [TestNG-test-Yt Master Tests-2] INFO  verifyingGlobalFilterLandingPage_17-50-36 - [verifyingGlobalFilterLandingPage_17-50-36] Trying to find element: By.xpath: //yt-multi-page-menu-section-renderer[@class='style-scope ytd-multi-page-menu-renderer']//yt-formatted-string[@id='label' and text()='Deutsch']
17:52:14 [TestNG-test-Yt Master Tests-2] INFO  verifyingGlobalFilterLandingPage_17-50-36 - [verifyingGlobalFilterLandingPage_17-50-36] Element found and ready (attempt 1): By.xpath: //yt-multi-page-menu-section-renderer[@class='style-scope ytd-multi-page-menu-renderer']//yt-formatted-string[@id='label' and text()='Deutsch']
17:52:14 [TestNG-test-Yt Master Tests-2] INFO  verifyingGlobalFilterLandingPage_17-50-36 - Looking for language element with name: Deutsch
17:52:14 [TestNG-test-Yt Master Tests-2] INFO  verifyingGlobalFilterLandingPage_17-50-36 - [verifyingGlobalFilterLandingPage_17-50-36] Within smoothScrollToElement method
17:52:14 [TestNG-test-Yt Master Tests-2] INFO  verifyingGlobalFilterLandingPage_17-50-36 - SafeActions initialized with driver ChromeDriver: chrome on windows (549e4a73b72ecf324a74b23227f6ed14)
17:52:14 [TestNG-test-Yt Master Tests-2] INFO  verifyingGlobalFilterLandingPage_17-50-36 - [verifyingGlobalFilterLandingPage_17-50-36] Trying to find element: By.xpath: //yt-multi-page-menu-section-renderer[@class='style-scope ytd-multi-page-menu-renderer']//yt-formatted-string[@id='label' and text()='Deutsch']
17:52:15 [TestNG-test-Yt Master Tests-2] INFO  verifyingGlobalFilterLandingPage_17-50-36 - [verifyingGlobalFilterLandingPage_17-50-36] Element found and ready (attempt 1): By.xpath: //yt-multi-page-menu-section-renderer[@class='style-scope ytd-multi-page-menu-renderer']//yt-formatted-string[@id='label' and text()='Deutsch']
17:52:15 [TestNG-test-Yt Master Tests-2] INFO  verifyingGlobalFilterLandingPage_17-50-36 - [verifyingGlobalFilterLandingPage_17-50-36] Successfully scrolled to element: By.xpath: //yt-multi-page-menu-section-renderer[@class='style-scope ytd-multi-page-menu-renderer']//yt-formatted-string[@id='label' and text()='Deutsch']
17:52:15 [TestNG-test-Yt Master Tests-2] INFO  verifyingGlobalFilterLandingPage_17-50-36 - Looking for language element with name: Deutsch
17:52:15 [TestNG-test-Yt Master Tests-2] INFO  verifyingGlobalFilterLandingPage_17-50-36 - [verifyingGlobalFilterLandingPage_17-50-36] Trying to find element: By.xpath: //yt-multi-page-menu-section-renderer[@class='style-scope ytd-multi-page-menu-renderer']//yt-formatted-string[@id='label' and text()='Deutsch']
17:52:15 [TestNG-test-Yt Master Tests-2] INFO  verifyingGlobalFilterLandingPage_17-50-36 - [verifyingGlobalFilterLandingPage_17-50-36] Element found and ready (attempt 1): By.xpath: //yt-multi-page-menu-section-renderer[@class='style-scope ytd-multi-page-menu-renderer']//yt-formatted-string[@id='label' and text()='Deutsch']
17:52:15 [TestNG-test-Yt Master Tests-2] INFO  verifyingGlobalFilterLandingPage_17-50-36 - [verifyingGlobalFilterLandingPage_17-50-36] Trying to find element: By.xpath: //yt-multi-page-menu-section-renderer[@class='style-scope ytd-multi-page-menu-renderer']//yt-formatted-string[@id='label' and text()='Deutsch']
17:52:15 [TestNG-test-Yt Master Tests-2] INFO  verifyingGlobalFilterLandingPage_17-50-36 - [verifyingGlobalFilterLandingPage_17-50-36] Element found and ready (attempt 1): By.xpath: //yt-multi-page-menu-section-renderer[@class='style-scope ytd-multi-page-menu-renderer']//yt-formatted-string[@id='label' and text()='Deutsch']
17:52:19 [TestNG-test-Yt Master Tests-2] INFO  verifyingGlobalFilterLandingPage_17-50-36 - Clicking settings ellipses button...
17:52:20 [TestNG-test-Yt Master Tests-2] INFO  verifyingGlobalFilterLandingPage_17-50-36 - [verifyingGlobalFilterLandingPage_17-50-36] Trying to find element: By.xpath: //ytd-topbar-menu-button-renderer[@class='style-scope ytd-masthead style-default']
17:52:21 [TestNG-test-Yt Master Tests-2] INFO  verifyingGlobalFilterLandingPage_17-50-36 - [verifyingGlobalFilterLandingPage_17-50-36] Element found and ready (attempt 1): By.xpath: //ytd-topbar-menu-button-renderer[@class='style-scope ytd-masthead style-default']
17:52:21 [TestNG-test-Yt Master Tests-2] INFO  verifyingGlobalFilterLandingPage_17-50-36 - [verifyingGlobalFilterLandingPage_17-50-36] Waiting until element is visible in viewport
17:52:24 [TestNG-test-Yt Master Tests-2] INFO  verifyingGlobalFilterLandingPage_17-50-36 - Clicking settings ellipses button...
17:52:24 [TestNG-test-Yt Master Tests-2] INFO  verifyingGlobalFilterLandingPage_17-50-36 - [verifyingGlobalFilterLandingPage_17-50-36] Trying to find element: By.xpath: //ytd-topbar-menu-button-renderer[@class='style-scope ytd-masthead style-default']
17:52:24 [TestNG-test-Yt Master Tests-2] INFO  verifyingGlobalFilterLandingPage_17-50-36 - [verifyingGlobalFilterLandingPage_17-50-36] Element found and ready (attempt 1): By.xpath: //ytd-topbar-menu-button-renderer[@class='style-scope ytd-masthead style-default']
17:52:24 [TestNG-test-Yt Master Tests-2] INFO  verifyingGlobalFilterLandingPage_17-50-36 - Clicking on global filter button in landing page..
17:52:24 [TestNG-test-Yt Master Tests-2] INFO  verifyingGlobalFilterLandingPage_17-50-36 - [verifyingGlobalFilterLandingPage_17-50-36] Trying to click element: By.xpath: //div[@id='filter-button']
17:52:25 [TestNG-test-Yt Master Tests-2] INFO  verifyingGlobalFilterLandingPage_17-50-36 - [verifyingGlobalFilterLandingPage_17-50-36] Clicked successfully (attempt 1): By.xpath: //div[@id='filter-button']
17:52:25 [TestNG-test-Yt Master Tests-2] INFO  verifyingGlobalFilterLandingPage_17-50-36 - [verifyingGlobalFilterLandingPage_17-50-36] Waiting until element is visible in viewport
17:52:27 [TestNG-test-Yt Master Tests-2] INFO  verifyingGlobalFilterLandingPage_17-50-36 - Fetching the data from the global filter in landing page
17:52:27 [TestNG-test-Yt Master Tests-2] INFO  verifyingGlobalFilterLandingPage_17-50-36 - [verifyingGlobalFilterLandingPage_17-50-36] Trying to find element: By.xpath: //ytd-search-filter-options-dialog-renderer[@class='style-scope ytd-popup-container']
17:52:27 [TestNG-test-Yt Master Tests-2] INFO  verifyingGlobalFilterLandingPage_17-50-36 - [verifyingGlobalFilterLandingPage_17-50-36] Element found and ready (attempt 1): By.xpath: //ytd-search-filter-options-dialog-renderer[@class='style-scope ytd-popup-container']
17:52:27 [TestNG-test-Yt Master Tests-2] INFO  verifyingGlobalFilterLandingPage_17-50-36 - Closing the global filter pop-up in landing page..
17:52:27 [TestNG-test-Yt Master Tests-2] INFO  verifyingGlobalFilterLandingPage_17-50-36 - [verifyingGlobalFilterLandingPage_17-50-36] Trying to find element: By.xpath: //yt-icon[@icon='close']
17:52:27 [TestNG-test-Yt Master Tests-2] INFO  verifyingGlobalFilterLandingPage_17-50-36 - [verifyingGlobalFilterLandingPage_17-50-36] Element found and ready (attempt 1): By.xpath: //yt-icon[@icon='close']
17:52:27 [TestNG-test-Yt Master Tests-2] INFO  verifyingGlobalFilterLandingPage_17-50-36 - Clicking settings ellipses button...
17:52:27 [TestNG-test-Yt Master Tests-2] INFO  verifyingGlobalFilterLandingPage_17-50-36 - [verifyingGlobalFilterLandingPage_17-50-36] Trying to find element: By.xpath: //ytd-topbar-menu-button-renderer[@class='style-scope ytd-masthead style-default']
17:52:28 [TestNG-test-Yt Master Tests-2] INFO  verifyingGlobalFilterLandingPage_17-50-36 - [verifyingGlobalFilterLandingPage_17-50-36] Element found and ready (attempt 1): By.xpath: //ytd-topbar-menu-button-renderer[@class='style-scope ytd-masthead style-default']
17:52:28 [TestNG-test-Yt Master Tests-2] INFO  verifyingGlobalFilterLandingPage_17-50-36 - Clicking language dropdown...
17:52:28 [TestNG-test-Yt Master Tests-2] INFO  verifyingGlobalFilterLandingPage_17-50-36 - [verifyingGlobalFilterLandingPage_17-50-36] Trying to find element: By.xpath: (//div[@id='content-icon'])[2]
17:52:29 [TestNG-test-Yt Master Tests-2] INFO  verifyingGlobalFilterLandingPage_17-50-36 - [verifyingGlobalFilterLandingPage_17-50-36] Element found and ready (attempt 1): By.xpath: (//div[@id='content-icon'])[2]
17:52:30 [TestNG-test-Yt Master Tests-2] INFO  verifyingGlobalFilterLandingPage_17-50-36 - [verifyingGlobalFilterLandingPage_17-50-36] Trying to find element: By.xpath: //yt-multi-page-menu-section-renderer[@class='style-scope ytd-multi-page-menu-renderer']//yt-formatted-string[@id='label' and text()='Eesti']
17:52:30 [TestNG-test-Yt Master Tests-2] INFO  verifyingGlobalFilterLandingPage_17-50-36 - [verifyingGlobalFilterLandingPage_17-50-36] Element found and ready (attempt 1): By.xpath: //yt-multi-page-menu-section-renderer[@class='style-scope ytd-multi-page-menu-renderer']//yt-formatted-string[@id='label' and text()='Eesti']
17:52:30 [TestNG-test-Yt Master Tests-2] INFO  verifyingGlobalFilterLandingPage_17-50-36 - Looking for language element with name: Eesti
17:52:30 [TestNG-test-Yt Master Tests-2] INFO  verifyingGlobalFilterLandingPage_17-50-36 - [verifyingGlobalFilterLandingPage_17-50-36] Within smoothScrollToElement method
17:52:30 [TestNG-test-Yt Master Tests-2] INFO  verifyingGlobalFilterLandingPage_17-50-36 - SafeActions initialized with driver ChromeDriver: chrome on windows (549e4a73b72ecf324a74b23227f6ed14)
17:52:30 [TestNG-test-Yt Master Tests-2] INFO  verifyingGlobalFilterLandingPage_17-50-36 - [verifyingGlobalFilterLandingPage_17-50-36] Trying to find element: By.xpath: //yt-multi-page-menu-section-renderer[@class='style-scope ytd-multi-page-menu-renderer']//yt-formatted-string[@id='label' and text()='Eesti']
17:52:30 [TestNG-test-Yt Master Tests-2] INFO  verifyingGlobalFilterLandingPage_17-50-36 - [verifyingGlobalFilterLandingPage_17-50-36] Element found and ready (attempt 1): By.xpath: //yt-multi-page-menu-section-renderer[@class='style-scope ytd-multi-page-menu-renderer']//yt-formatted-string[@id='label' and text()='Eesti']
17:52:31 [TestNG-test-Yt Master Tests-2] INFO  verifyingGlobalFilterLandingPage_17-50-36 - [verifyingGlobalFilterLandingPage_17-50-36] Successfully scrolled to element: By.xpath: //yt-multi-page-menu-section-renderer[@class='style-scope ytd-multi-page-menu-renderer']//yt-formatted-string[@id='label' and text()='Eesti']
17:52:31 [TestNG-test-Yt Master Tests-2] INFO  verifyingGlobalFilterLandingPage_17-50-36 - Looking for language element with name: Eesti
17:52:31 [TestNG-test-Yt Master Tests-2] INFO  verifyingGlobalFilterLandingPage_17-50-36 - [verifyingGlobalFilterLandingPage_17-50-36] Trying to find element: By.xpath: //yt-multi-page-menu-section-renderer[@class='style-scope ytd-multi-page-menu-renderer']//yt-formatted-string[@id='label' and text()='Eesti']
17:52:31 [TestNG-test-Yt Master Tests-2] INFO  verifyingGlobalFilterLandingPage_17-50-36 - [verifyingGlobalFilterLandingPage_17-50-36] Element found and ready (attempt 1): By.xpath: //yt-multi-page-menu-section-renderer[@class='style-scope ytd-multi-page-menu-renderer']//yt-formatted-string[@id='label' and text()='Eesti']
17:52:31 [TestNG-test-Yt Master Tests-2] INFO  verifyingGlobalFilterLandingPage_17-50-36 - [verifyingGlobalFilterLandingPage_17-50-36] Trying to find element: By.xpath: //yt-multi-page-menu-section-renderer[@class='style-scope ytd-multi-page-menu-renderer']//yt-formatted-string[@id='label' and text()='Eesti']
17:52:31 [TestNG-test-Yt Master Tests-2] INFO  verifyingGlobalFilterLandingPage_17-50-36 - [verifyingGlobalFilterLandingPage_17-50-36] Element found and ready (attempt 1): By.xpath: //yt-multi-page-menu-section-renderer[@class='style-scope ytd-multi-page-menu-renderer']//yt-formatted-string[@id='label' and text()='Eesti']
17:52:37 [TestNG-test-Yt Master Tests-2] INFO  verifyingGlobalFilterLandingPage_17-50-36 - Clicking settings ellipses button...
17:52:38 [TestNG-test-Yt Master Tests-2] INFO  verifyingGlobalFilterLandingPage_17-50-36 - [verifyingGlobalFilterLandingPage_17-50-36] Trying to find element: By.xpath: //ytd-topbar-menu-button-renderer[@class='style-scope ytd-masthead style-default']
17:52:39 [TestNG-test-Yt Master Tests-2] INFO  verifyingGlobalFilterLandingPage_17-50-36 - [verifyingGlobalFilterLandingPage_17-50-36] Element found and ready (attempt 1): By.xpath: //ytd-topbar-menu-button-renderer[@class='style-scope ytd-masthead style-default']
17:52:39 [TestNG-test-Yt Master Tests-2] INFO  verifyingGlobalFilterLandingPage_17-50-36 - [verifyingGlobalFilterLandingPage_17-50-36] Waiting until element is visible in viewport
17:52:40 [TestNG-test-Yt Master Tests-2] INFO  verifyingGlobalFilterLandingPage_17-50-36 - Clicking settings ellipses button...
17:52:40 [TestNG-test-Yt Master Tests-2] INFO  verifyingGlobalFilterLandingPage_17-50-36 - [verifyingGlobalFilterLandingPage_17-50-36] Trying to find element: By.xpath: //ytd-topbar-menu-button-renderer[@class='style-scope ytd-masthead style-default']
17:52:40 [TestNG-test-Yt Master Tests-2] INFO  verifyingGlobalFilterLandingPage_17-50-36 - [verifyingGlobalFilterLandingPage_17-50-36] Element found and ready (attempt 1): By.xpath: //ytd-topbar-menu-button-renderer[@class='style-scope ytd-masthead style-default']
17:52:41 [TestNG-test-Yt Master Tests-2] INFO  verifyingGlobalFilterLandingPage_17-50-36 - Clicking on global filter button in landing page..
17:52:41 [TestNG-test-Yt Master Tests-2] INFO  verifyingGlobalFilterLandingPage_17-50-36 - [verifyingGlobalFilterLandingPage_17-50-36] Trying to click element: By.xpath: //div[@id='filter-button']
17:52:41 [TestNG-test-Yt Master Tests-2] INFO  verifyingGlobalFilterLandingPage_17-50-36 - [verifyingGlobalFilterLandingPage_17-50-36] Clicked successfully (attempt 1): By.xpath: //div[@id='filter-button']
17:52:41 [TestNG-test-Yt Master Tests-2] INFO  verifyingGlobalFilterLandingPage_17-50-36 - [verifyingGlobalFilterLandingPage_17-50-36] Waiting until element is visible in viewport
17:52:42 [TestNG-test-Yt Master Tests-2] INFO  verifyingGlobalFilterLandingPage_17-50-36 - Fetching the data from the global filter in landing page
17:52:42 [TestNG-test-Yt Master Tests-2] INFO  verifyingGlobalFilterLandingPage_17-50-36 - [verifyingGlobalFilterLandingPage_17-50-36] Trying to find element: By.xpath: //ytd-search-filter-options-dialog-renderer[@class='style-scope ytd-popup-container']
17:52:42 [TestNG-test-Yt Master Tests-2] INFO  verifyingGlobalFilterLandingPage_17-50-36 - [verifyingGlobalFilterLandingPage_17-50-36] Element found and ready (attempt 1): By.xpath: //ytd-search-filter-options-dialog-renderer[@class='style-scope ytd-popup-container']
17:52:42 [TestNG-test-Yt Master Tests-2] INFO  verifyingGlobalFilterLandingPage_17-50-36 - Closing the global filter pop-up in landing page..
17:52:42 [TestNG-test-Yt Master Tests-2] INFO  verifyingGlobalFilterLandingPage_17-50-36 - [verifyingGlobalFilterLandingPage_17-50-36] Trying to find element: By.xpath: //yt-icon[@icon='close']
17:52:42 [TestNG-test-Yt Master Tests-2] INFO  verifyingGlobalFilterLandingPage_17-50-36 - [verifyingGlobalFilterLandingPage_17-50-36] Element found and ready (attempt 1): By.xpath: //yt-icon[@icon='close']
17:52:43 [TestNG-test-Yt Master Tests-2] INFO  verifyingGlobalFilterLandingPage_17-50-36 - Clicking settings ellipses button...
17:52:43 [TestNG-test-Yt Master Tests-2] INFO  verifyingGlobalFilterLandingPage_17-50-36 - [verifyingGlobalFilterLandingPage_17-50-36] Trying to find element: By.xpath: //ytd-topbar-menu-button-renderer[@class='style-scope ytd-masthead style-default']
17:52:43 [TestNG-test-Yt Master Tests-2] INFO  verifyingGlobalFilterLandingPage_17-50-36 - [verifyingGlobalFilterLandingPage_17-50-36] Element found and ready (attempt 1): By.xpath: //ytd-topbar-menu-button-renderer[@class='style-scope ytd-masthead style-default']
17:52:43 [TestNG-test-Yt Master Tests-2] INFO  verifyingGlobalFilterLandingPage_17-50-36 - Clicking language dropdown...
17:52:43 [TestNG-test-Yt Master Tests-2] INFO  verifyingGlobalFilterLandingPage_17-50-36 - [verifyingGlobalFilterLandingPage_17-50-36] Trying to find element: By.xpath: (//div[@id='content-icon'])[2]
17:52:44 [TestNG-test-Yt Master Tests-2] INFO  verifyingGlobalFilterLandingPage_17-50-36 - [verifyingGlobalFilterLandingPage_17-50-36] Element found and ready (attempt 1): By.xpath: (//div[@id='content-icon'])[2]
17:52:44 [TestNG-test-Yt Master Tests-2] INFO  verifyingGlobalFilterLandingPage_17-50-36 - [verifyingGlobalFilterLandingPage_17-50-36] Trying to find element: By.xpath: //yt-multi-page-menu-section-renderer[@class='style-scope ytd-multi-page-menu-renderer']//yt-formatted-string[@id='label' and text()='English (India)']
17:52:47 [TestNG-test-Yt Master Tests-2] INFO  verifyingGlobalFilterLandingPage_17-50-36 - [verifyingGlobalFilterLandingPage_17-50-36] Element found and ready (attempt 1): By.xpath: //yt-multi-page-menu-section-renderer[@class='style-scope ytd-multi-page-menu-renderer']//yt-formatted-string[@id='label' and text()='English (India)']
17:52:47 [TestNG-test-Yt Master Tests-2] INFO  verifyingGlobalFilterLandingPage_17-50-36 - Looking for language element with name: English (India)
17:52:47 [TestNG-test-Yt Master Tests-2] INFO  verifyingGlobalFilterLandingPage_17-50-36 - [verifyingGlobalFilterLandingPage_17-50-36] Within smoothScrollToElement method
17:52:47 [TestNG-test-Yt Master Tests-2] INFO  verifyingGlobalFilterLandingPage_17-50-36 - SafeActions initialized with driver ChromeDriver: chrome on windows (549e4a73b72ecf324a74b23227f6ed14)
17:52:47 [TestNG-test-Yt Master Tests-2] INFO  verifyingGlobalFilterLandingPage_17-50-36 - [verifyingGlobalFilterLandingPage_17-50-36] Trying to find element: By.xpath: //yt-multi-page-menu-section-renderer[@class='style-scope ytd-multi-page-menu-renderer']//yt-formatted-string[@id='label' and text()='English (India)']
17:52:48 [TestNG-test-Yt Master Tests-2] INFO  verifyingGlobalFilterLandingPage_17-50-36 - [verifyingGlobalFilterLandingPage_17-50-36] Element found and ready (attempt 1): By.xpath: //yt-multi-page-menu-section-renderer[@class='style-scope ytd-multi-page-menu-renderer']//yt-formatted-string[@id='label' and text()='English (India)']
17:52:48 [TestNG-test-Yt Master Tests-2] INFO  verifyingGlobalFilterLandingPage_17-50-36 - [verifyingGlobalFilterLandingPage_17-50-36] Successfully scrolled to element: By.xpath: //yt-multi-page-menu-section-renderer[@class='style-scope ytd-multi-page-menu-renderer']//yt-formatted-string[@id='label' and text()='English (India)']
17:52:48 [TestNG-test-Yt Master Tests-2] INFO  verifyingGlobalFilterLandingPage_17-50-36 - Looking for language element with name: English (India)
17:52:48 [TestNG-test-Yt Master Tests-2] INFO  verifyingGlobalFilterLandingPage_17-50-36 - [verifyingGlobalFilterLandingPage_17-50-36] Trying to find element: By.xpath: //yt-multi-page-menu-section-renderer[@class='style-scope ytd-multi-page-menu-renderer']//yt-formatted-string[@id='label' and text()='English (India)']
17:52:49 [TestNG-test-Yt Master Tests-2] INFO  verifyingGlobalFilterLandingPage_17-50-36 - [verifyingGlobalFilterLandingPage_17-50-36] Element found and ready (attempt 1): By.xpath: //yt-multi-page-menu-section-renderer[@class='style-scope ytd-multi-page-menu-renderer']//yt-formatted-string[@id='label' and text()='English (India)']
17:52:49 [TestNG-test-Yt Master Tests-2] INFO  verifyingGlobalFilterLandingPage_17-50-36 - [verifyingGlobalFilterLandingPage_17-50-36] Trying to find element: By.xpath: //yt-multi-page-menu-section-renderer[@class='style-scope ytd-multi-page-menu-renderer']//yt-formatted-string[@id='label' and text()='English (India)']
17:52:49 [TestNG-test-Yt Master Tests-2] INFO  verifyingGlobalFilterLandingPage_17-50-36 - [verifyingGlobalFilterLandingPage_17-50-36] Element found and ready (attempt 1): By.xpath: //yt-multi-page-menu-section-renderer[@class='style-scope ytd-multi-page-menu-renderer']//yt-formatted-string[@id='label' and text()='English (India)']
17:52:51 [TestNG-test-Yt Master Tests-2] INFO  verifyingGlobalFilterLandingPage_17-50-36 - Clicking settings ellipses button...
17:52:55 [TestNG-test-Yt Master Tests-2] INFO  verifyingGlobalFilterLandingPage_17-50-36 - [verifyingGlobalFilterLandingPage_17-50-36] Trying to find element: By.xpath: //ytd-topbar-menu-button-renderer[@class='style-scope ytd-masthead style-default']
17:52:55 [TestNG-test-Yt Master Tests-2] INFO  verifyingGlobalFilterLandingPage_17-50-36 - [verifyingGlobalFilterLandingPage_17-50-36] Element found and ready (attempt 1): By.xpath: //ytd-topbar-menu-button-renderer[@class='style-scope ytd-masthead style-default']
17:52:56 [TestNG-test-Yt Master Tests-2] INFO  verifyingGlobalFilterLandingPage_17-50-36 - [verifyingGlobalFilterLandingPage_17-50-36] Waiting until element is visible in viewport
17:52:57 [TestNG-test-Yt Master Tests-2] INFO  verifyingGlobalFilterLandingPage_17-50-36 - Clicking settings ellipses button...
17:52:57 [TestNG-test-Yt Master Tests-2] INFO  verifyingGlobalFilterLandingPage_17-50-36 - [verifyingGlobalFilterLandingPage_17-50-36] Trying to find element: By.xpath: //ytd-topbar-menu-button-renderer[@class='style-scope ytd-masthead style-default']
17:52:57 [TestNG-test-Yt Master Tests-2] INFO  verifyingGlobalFilterLandingPage_17-50-36 - [verifyingGlobalFilterLandingPage_17-50-36] Element found and ready (attempt 1): By.xpath: //ytd-topbar-menu-button-renderer[@class='style-scope ytd-masthead style-default']
17:52:57 [TestNG-test-Yt Master Tests-2] INFO  verifyingGlobalFilterLandingPage_17-50-36 - Clicking on global filter button in landing page..
17:52:57 [TestNG-test-Yt Master Tests-2] INFO  verifyingGlobalFilterLandingPage_17-50-36 - [verifyingGlobalFilterLandingPage_17-50-36] Trying to click element: By.xpath: //div[@id='filter-button']
17:52:57 [TestNG-test-Yt Master Tests-2] INFO  verifyingGlobalFilterLandingPage_17-50-36 - [verifyingGlobalFilterLandingPage_17-50-36] Clicked successfully (attempt 1): By.xpath: //div[@id='filter-button']
17:52:57 [TestNG-test-Yt Master Tests-2] INFO  verifyingGlobalFilterLandingPage_17-50-36 - [verifyingGlobalFilterLandingPage_17-50-36] Waiting until element is visible in viewport
17:52:58 [TestNG-test-Yt Master Tests-2] INFO  verifyingGlobalFilterLandingPage_17-50-36 - Fetching the data from the global filter in landing page
17:52:58 [TestNG-test-Yt Master Tests-2] INFO  verifyingGlobalFilterLandingPage_17-50-36 - [verifyingGlobalFilterLandingPage_17-50-36] Trying to find element: By.xpath: //ytd-search-filter-options-dialog-renderer[@class='style-scope ytd-popup-container']
17:52:58 [TestNG-test-Yt Master Tests-2] INFO  verifyingGlobalFilterLandingPage_17-50-36 - [verifyingGlobalFilterLandingPage_17-50-36] Element found and ready (attempt 1): By.xpath: //ytd-search-filter-options-dialog-renderer[@class='style-scope ytd-popup-container']
17:52:58 [TestNG-test-Yt Master Tests-2] INFO  verifyingGlobalFilterLandingPage_17-50-36 - Closing the global filter pop-up in landing page..
17:52:58 [TestNG-test-Yt Master Tests-2] INFO  verifyingGlobalFilterLandingPage_17-50-36 - [verifyingGlobalFilterLandingPage_17-50-36] Trying to find element: By.xpath: //yt-icon[@icon='close']
17:52:58 [TestNG-test-Yt Master Tests-2] INFO  verifyingGlobalFilterLandingPage_17-50-36 - [verifyingGlobalFilterLandingPage_17-50-36] Element found and ready (attempt 1): By.xpath: //yt-icon[@icon='close']
17:52:58 [TestNG-test-Yt Master Tests-2] INFO  verifyingGlobalFilterLandingPage_17-50-36 - [verifyingGlobalFilterLandingPage_17-50-36] Not retrying test 'verifyingGlobalFilterLandingPage'. Retry count: 0, Cause: The following asserts failed:
	Mismatch in the Expected and Actual Data for languageAfrikaans expected [Soekfilters
OPLAAIDATUM
Afgelope uur
Vandag
Vandeesweek
Vandeesmaand
Hierdie jaar
TIPE
Video
Kanaal
Snitlys
Fliek
TYDSDUUR
Korter as 4 minute
4–20 minute
Langer as 20 minute
KENMERKE
Regstreeks
4K
HD
Onderskrifte
Creative Commons
360°
VR180
3D
HDR
Ligging
Gekoop
RANGSKIK VOLGENS
Relevansie
Oplaaidatum
Kyktelling
Gradering] but found [Soekfilters
TIPE
Video’s
Kortvideo’s
Kanale
Snitlyste
Flieks
TYDSDUUR
Korter as 3 minute
3-20 minute
Langer as 20 minute
OPLAAIDATUM
Vandag
Vandeesweek
Vandeesmaand
Hierdie jaar
KENMERKE
Regstreeks
4K
HD
Onderskrifte
Creative Commons
360°
VR180
3D
HDR
Ligging
Gekoop
PRIORITISEER
Relevansie
Gewildheid],
	Mismatch in the Expected and Actual Data for languageAzərbaycan expected [Axtarış filtrləri
YÜKLƏMƏ TARIXI
Son saat
Bu gün
Bu həftə
Bu ay
Bu il
NÖV
Video
Kanal
Playlist
Kino
MÜDDƏT
4 dəqiqədən az
4-20 dəqiqə
20 dəqiqədən çox
FUNKSIYALAR
Canlı
4K
HD
Altyazılar/gizli altyazılar
Creative Commons lisenziyalı
360°
VR180
3D
HDR
Məkan
Satın alınmış
SIRALA
uyğunluq
Yükləmə tarixi
Baxış sayı
Reytinq] but found [Axtarış filtrləri
NÖV
Videolar
Shorts
Kanallar
Mahnı siyahıları
Filmlər
MÜDDƏT
3 dəqiqədən az
3 - 20 dəqiqə
20 dəqiqədən çox
YÜKLƏMƏ TARIXI
Bu gün
Bu həftə
Bu ay
Bu il
FUNKSIYALAR
Canlı
4K
HD
Altyazılar/gizli altyazılar
Creative Commons lisenziyalı
360°
VR180
3D
HDR
Məkan
Satın alınmış
PRIORITETLƏŞDIRIN
uyğunluq
Populyarlıq],
	Mismatch in the Expected and Actual Data for languageBahasa Indonesia expected [Filter penelusuran
TANGGAL UPLOAD
Sejam terakhir
Hari ini
Minggu ini
Bulan ini
Tahun ini
JENIS
Video
Channel
Playlist
Film
DURASI
Kurang dari 4 menit
4 - 20 menit
Lebih dari 20 menit
FITUR
Live
4K
HD
Subtitel/CC
Creative Commons
360°
VR180
3D
HDR
Lokasi
Dibeli
URUTKAN MENURUT
Relevansi
Tanggal upload
Jumlah tayangan
Rating] but found [Filter penelusuran
JENIS
Video
Shorts
Channel
Playlist
Film
DURASI
Kurang dari 3 menit
3—20 menit
Lebih dari 20 menit
TANGGAL UPLOAD
Hari ini
Minggu ini
Bulan ini
Tahun ini
FITUR
Live
4K
HD
Subtitel/CC
Creative Commons
360°
VR180
3D
HDR
Lokasi
Dibeli
PRIORITASKAN
Relevansi
Popularitas],
	Mismatch in the Expected and Actual Data for languageBosanski expected [Filteri pretraživanja
DATUM OTPREMANJA
Posljednji sat
Danas
Ova sedmica
Ovog mjeseca
Ove godine
VRSTA
Videozapis
Kanal
Plejlista
Film
TRAJANJE
Manje od 4 minute
4 - 20 minuta
Više od 20 minuta
FUNKCIJE
Uživo
4K
HD
Titlovi
Creative Commons
360°
VR180
3D
HDR
Lokacija
Kupljeno
POREDAJ PO:
Relevantnost
Datum otpremanja
Broj pregleda
Ocjena] but found [Filteri pretraživanja
VRSTA
Videozapisi
Shortsi
Kanali
Plejliste
Filmovi
TRAJANJE
Manje od 3 minute
3–20 minuta
Više od 20 minuta
DATUM OTPREMANJA
Danas
Ova sedmica
Ovog mjeseca
Ove godine
FUNKCIJE
Uživo
4K
HD
Titlovi
Creative Commons
360°
VR180
3D
HDR
Lokacija
Kupljeno
DAVANJE PRIORITETA
Relevantnost
Popularnost],
	Mismatch in the Expected and Actual Data for languageCatalà expected [Filtres de cerca
DATA DE PUJADA
Darrera hora
Avui
Aquesta setmana
Aquest mes
Aquest any
TIPUS
Vídeo
Canal
Llista de reproducció
Pel·lícula
DURADA
Menys de 4 minuts
4-20 minuts
Més de 20 minuts
FUNCIONS
En directe
4K
HD
Subtítols
Creative Commons
360°
VR180
3D
HDR
Ubicació
Comprat
ORDENA PER
Rellevància
Data de pujada
Visualitzacions
Puntuació] but found [Filtres de cerca
TIPUS
Vídeos
Curts
Canals
Llistes de reproducció
Pel·lícules
DURADA
Menys de 3 minuts
Entre 3 i 20 de minuts
Més de 20 minuts
DATA DE PUJADA
Avui
Aquesta setmana
Aquest mes
Aquest any
FUNCIONS
En directe
4K
HD
Subtítols
Creative Commons
360°
VR180
3D
HDR
Ubicació
Comprat
PRIORITZA
Rellevància
Popularitat],
	Mismatch in the Expected and Actual Data for languageDansk expected [Søgefiltre
DATO FOR UPLOAD
Seneste time
I dag
Denne uge
Denne måned
I år
TYPE
Video
Kanal
Playliste
Film
VARIGHED
Under 4 minutter
4-20 minutter
Over 20 minutter
EGENSKABER
Live
4K
HD
Undertekster
Creative Commons
360°
VR180
3D
HDR
Lokation
Købt
SORTER EFTER
Relevans
Dato for upload
Antal visninger
Bedømmelse] but found [Søgefiltre
TYPE
Videoer
Shorts
Kanaler
Playlister
Film
VARIGHED
Under 3 minutter
3-20 minutter
Over 20 minutter
DATO FOR UPLOAD
I dag
Denne uge
Denne måned
I år
EGENSKABER
Live
4K
HD
Undertekster
Creative Commons
360°
VR180
3D
HDR
Lokation
Købt
PRIORITER
Relevans
Popularitet],
	Mismatch in the Expected and Actual Data for languageDeutsch expected [Suchfilter
HOCHLADEDATUM
Letzte Stunde
Heute
Diese Woche
Dieser Monat
Dieses Jahr
TYP
Video
Kanal
Playlist
Film
DAUER
Kürzer als 4 Minuten
4–20 Minuten
Länger als 20 Minuten
EIGENSCHAFTEN
Live
4K
HD
Untertitel/CC
Creative Commons
360°
VR180
3D
HDR
Standort
Gekauft
SORTIEREN NACH
Relevanz
Upload-Datum
Anzahl der Aufrufe
Bewertung] but found [Suchfilter
TYP
Videos
Shorts
Kanäle
Playlists
Filme
DAUER
Kürzer als 3 Minuten
3–20 Minuten
Länger als 20 Minuten
HOCHLADEDATUM
Heute
Diese Woche
Dieser Monat
Dieses Jahr
EIGENSCHAFTEN
Live
4K
HD
Untertitel/CC
Creative Commons
360°
VR180
3D
HDR
Standort
Gekauft
PRIORISIEREN
Relevanz
Beliebtheit],
	Mismatch in the Expected and Actual Data for languageEesti expected [Otsingufiltrid
ÜLESLAADIMISE KUUPÄEV
Viimane tund
Täna
See nädal
See kuu
See aasta
TÜÜP
Video
Kanal
Esitusloend
Film
KESTUS
Alla 4 minuti
4–20 minutit
Üle 20 minuti
FUNKTSIOONID
Reaalajas
4K
HD
Subtiitrid
Creative Commons
360°
VR180
3D
HDR
Asukoht
Ostetud
SORDI LÄHTUDES
Asjakohasus
Üleslaadimiskuupäev
Vaatamiste arv
Hinnang] but found [Otsingufiltrid
TÜÜP
Videod
Lühivideod
Kanalid
Esitusloendid
Filmid
KESTUS
Alla 3 minuti
3–20 minutit
Üle 20 minuti
ÜLESLAADIMISE KUUPÄEV
Täna
See nädal
See kuu
See aasta
FUNKTSIOONID
Reaalajas
4K
HD
Subtiitrid
Creative Commons
360°
VR180
3D
HDR
Asukoht
Ostetud
PRIORITEETSUS
Asjakohasus
Populaarsus],
	Mismatch in the Expected and Actual Data for languageEnglish (India) expected [Search filters
UPLOAD DATE
Last hour
Today
This week
This month
This year
TYPE
Video
Channel
Playlist
Film
DURATION
Under 4 minutes
4–20 minutes
Over 20 minutes
FEATURES
Live
4K
HD
Subtitles/CC
Creative Commons
360°
VR180
3D
HDR
Location
Purchased
SORT BY
Relevance
Upload date
View count
Rating] but found [Search filters
TYPE
Videos
Shorts
Channels
Playlists
Movies
DURATION
Under 3 minutes
3–20 minutes
Over 20 minutes
UPLOAD DATE
Today
This week
This month
This year
FEATURES
Live
4K
HD
Subtitles/CC
Creative Commons
360°
VR180
3D
HDR
Location
Purchased
PRIORITISE
Relevance
Popularity]
