19:22:44 [TestNG-test-Yt Master Tests-2] INFO  verifyingSideMenuCollapsedLangAsInSettings_19-22-44 - No existing WebDriver found for current thread. Initializing a new ChromeDriver...
19:22:44 [TestNG-test-Yt Master Tests-2] INFO  verifyingSideMenuCollapsedLangAsInSettings_19-22-44 - WebDriverManager: chromedriver setup OK
19:22:46 [TestNG-test-Yt Master Tests-2] INFO  verifyingSideMenuCollapsedLangAsInSettings_19-22-44 - ChromeDriver initialized successfully for thread: 35
19:22:46 [TestNG-test-Yt Master Tests-2] INFO  verifyingSideMenuCollapsedLangAsInSettings_19-22-44 - SafeActions initialized with driver ChromeDriver: chrome on windows (996771b050da033a3fdc4575914cc500)
19:22:46 [TestNG-test-Yt Master Tests-2] INFO  verifyingSideMenuCollapsedLangAsInSettings_19-22-44 - Initialized YtLandingPage with driver: ChromeDriver: chrome on windows (996771b050da033a3fdc4575914cc500)
19:22:46 [TestNG-test-Yt Master Tests-2] INFO  verifyingSideMenuCollapsedLangAsInSettings_19-22-44 - SafeActions initialized with driver ChromeDriver: chrome on windows (996771b050da033a3fdc4575914cc500)
19:22:53 [TestNG-test-Yt Master Tests-2] INFO  verifyingSideMenuCollapsedLangAsInSettings_19-22-44 - Opened YouTube landing page.
19:22:53 [TestNG-test-Yt Master Tests-2] INFO  verifyingSideMenuCollapsedLangAsInSettings_19-22-44 - Clicking left ellipses in the landing page
19:22:53 [TestNG-test-Yt Master Tests-2] INFO  verifyingSideMenuCollapsedLangAsInSettings_19-22-44 - [verifyingSideMenuCollapsedLangAsInSettings_19-22-44] Trying to find element: By.xpath: //ytd-topbar-logo-renderer[@id='logo']/preceding-sibling::*[@id='guide-button']
19:22:53 [TestNG-test-Yt Master Tests-2] INFO  verifyingSideMenuCollapsedLangAsInSettings_19-22-44 - [verifyingSideMenuCollapsedLangAsInSettings_19-22-44] Element found and ready (attempt 1): By.xpath: //ytd-topbar-logo-renderer[@id='logo']/preceding-sibling::*[@id='guide-button']
19:22:53 [TestNG-test-Yt Master Tests-2] INFO  verifyingSideMenuCollapsedLangAsInSettings_19-22-44 - Clicking settings ellipses button...
19:22:53 [TestNG-test-Yt Master Tests-2] INFO  verifyingSideMenuCollapsedLangAsInSettings_19-22-44 - [verifyingSideMenuCollapsedLangAsInSettings_19-22-44] Trying to find element: By.xpath: //ytd-topbar-menu-button-renderer[@class='style-scope ytd-masthead style-default']
19:22:53 [TestNG-test-Yt Master Tests-2] INFO  verifyingSideMenuCollapsedLangAsInSettings_19-22-44 - [verifyingSideMenuCollapsedLangAsInSettings_19-22-44] Element found and ready (attempt 1): By.xpath: //ytd-topbar-menu-button-renderer[@class='style-scope ytd-masthead style-default']
19:22:53 [TestNG-test-Yt Master Tests-2] INFO  verifyingSideMenuCollapsedLangAsInSettings_19-22-44 - Clicking language dropdown...
19:22:53 [TestNG-test-Yt Master Tests-2] INFO  verifyingSideMenuCollapsedLangAsInSettings_19-22-44 - [verifyingSideMenuCollapsedLangAsInSettings_19-22-44] Trying to find element: By.xpath: (//div[@id='content-icon'])[2]
19:22:54 [TestNG-test-Yt Master Tests-2] INFO  verifyingSideMenuCollapsedLangAsInSettings_19-22-44 - [verifyingSideMenuCollapsedLangAsInSettings_19-22-44] Element found and ready (attempt 1): By.xpath: (//div[@id='content-icon'])[2]
19:22:55 [TestNG-test-Yt Master Tests-2] INFO  verifyingSideMenuCollapsedLangAsInSettings_19-22-44 - [verifyingSideMenuCollapsedLangAsInSettings_19-22-44] Execution is scheduled type /CRON Job on CI Hence refering to CI keys from UtilData
19:22:55 [TestNG-test-Yt Master Tests-2] INFO  verifyingSideMenuCollapsedLangAsInSettings_19-22-44 - Looking for language element with name: Afrikaans
19:22:55 [TestNG-test-Yt Master Tests-2] INFO  verifyingSideMenuCollapsedLangAsInSettings_19-22-44 - [verifyingSideMenuCollapsedLangAsInSettings_19-22-44] Trying to find element: By.xpath: //yt-multi-page-menu-section-renderer[@class='style-scope ytd-multi-page-menu-renderer']//yt-formatted-string[@id='label' and text()='Afrikaans']
19:22:55 [TestNG-test-Yt Master Tests-2] INFO  verifyingSideMenuCollapsedLangAsInSettings_19-22-44 - [verifyingSideMenuCollapsedLangAsInSettings_19-22-44] Element found and ready (attempt 1): By.xpath: //yt-multi-page-menu-section-renderer[@class='style-scope ytd-multi-page-menu-renderer']//yt-formatted-string[@id='label' and text()='Afrikaans']
19:22:55 [TestNG-test-Yt Master Tests-2] INFO  verifyingSideMenuCollapsedLangAsInSettings_19-22-44 - [verifyingSideMenuCollapsedLangAsInSettings_19-22-44] Trying to find element: By.xpath: //yt-multi-page-menu-section-renderer[@class='style-scope ytd-multi-page-menu-renderer']//yt-formatted-string[@id='label' and text()='Afrikaans']
19:22:55 [TestNG-test-Yt Master Tests-2] INFO  verifyingSideMenuCollapsedLangAsInSettings_19-22-44 - [verifyingSideMenuCollapsedLangAsInSettings_19-22-44] Element found and ready (attempt 1): By.xpath: //yt-multi-page-menu-section-renderer[@class='style-scope ytd-multi-page-menu-renderer']//yt-formatted-string[@id='label' and text()='Afrikaans']
19:23:14 [TestNG-test-Yt Master Tests-2] WARN  verifyingSideMenuCollapsedLangAsInSettings_19-22-44 - [verifyingSideMenuCollapsedLangAsInSettings_19-22-44] Retrying test 'verifyingSideMenuCollapsedLangAsInSettings' (attempt 1) due to: Expected condition failed: waiting for presence of element located by: By.xpath: //ytd-mini-guide-renderer[@class='style-scope ytd-app']//ytd-mini-guide-entry-renderer (tried for 15 second(s) with 500 milliseconds interval)
