17:46:41 [TestNG-test-Yt Master Tests-2] INFO  verifyingSideMenuCollapsedLangAsInSettings_17-46-41 - No existing WebDriver found for current thread. Initializing a new ChromeDriver...
17:46:41 [TestNG-test-Yt Master Tests-2] INFO  verifyingSideMenuCollapsedLangAsInSettings_17-46-41 - WebDriverManager: chromedriver setup OK
17:46:42 [TestNG-test-Yt Master Tests-2] INFO  verifyingSideMenuCollapsedLangAsInSettings_17-46-41 - ChromeDriver initialized successfully for thread: 35
17:46:42 [TestNG-test-Yt Master Tests-2] INFO  verifyingSideMenuCollapsedLangAsInSettings_17-46-41 - SafeActions initialized with driver ChromeDriver: chrome on windows (edd5af67601bcf59807cbd20e6e44c52)
17:46:42 [TestNG-test-Yt Master Tests-2] INFO  verifyingSideMenuCollapsedLangAsInSettings_17-46-41 - Initialized YtLandingPage with driver: ChromeDriver: chrome on windows (edd5af67601bcf59807cbd20e6e44c52)
17:46:42 [TestNG-test-Yt Master Tests-2] INFO  verifyingSideMenuCollapsedLangAsInSettings_17-46-41 - SafeActions initialized with driver ChromeDriver: chrome on windows (edd5af67601bcf59807cbd20e6e44c52)
17:46:45 [TestNG-test-Yt Master Tests-2] INFO  verifyingSideMenuCollapsedLangAsInSettings_17-46-41 - Opened YouTube landing page.
17:46:45 [TestNG-test-Yt Master Tests-2] INFO  verifyingSideMenuCollapsedLangAsInSettings_17-46-41 - Clicking left ellipses in the landing page
17:46:45 [TestNG-test-Yt Master Tests-2] INFO  verifyingSideMenuCollapsedLangAsInSettings_17-46-41 - [verifyingSideMenuCollapsedLangAsInSettings_17-46-41] Trying to find element: By.xpath: //ytd-topbar-logo-renderer[@id='logo']/preceding-sibling::*[@id='guide-button']
17:46:45 [TestNG-test-Yt Master Tests-2] INFO  verifyingSideMenuCollapsedLangAsInSettings_17-46-41 - [verifyingSideMenuCollapsedLangAsInSettings_17-46-41] Element found and ready (attempt 1): By.xpath: //ytd-topbar-logo-renderer[@id='logo']/preceding-sibling::*[@id='guide-button']
17:46:46 [TestNG-test-Yt Master Tests-2] INFO  verifyingSideMenuCollapsedLangAsInSettings_17-46-41 - Clicking settings ellipses button...
17:46:46 [TestNG-test-Yt Master Tests-2] INFO  verifyingSideMenuCollapsedLangAsInSettings_17-46-41 - [verifyingSideMenuCollapsedLangAsInSettings_17-46-41] Trying to find element: By.xpath: //ytd-topbar-menu-button-renderer[@class='style-scope ytd-masthead style-default']
17:46:46 [TestNG-test-Yt Master Tests-2] INFO  verifyingSideMenuCollapsedLangAsInSettings_17-46-41 - [verifyingSideMenuCollapsedLangAsInSettings_17-46-41] Element found and ready (attempt 1): By.xpath: //ytd-topbar-menu-button-renderer[@class='style-scope ytd-masthead style-default']
17:46:46 [TestNG-test-Yt Master Tests-2] INFO  verifyingSideMenuCollapsedLangAsInSettings_17-46-41 - Clicking language dropdown...
17:46:46 [TestNG-test-Yt Master Tests-2] INFO  verifyingSideMenuCollapsedLangAsInSettings_17-46-41 - [verifyingSideMenuCollapsedLangAsInSettings_17-46-41] Trying to find element: By.xpath: (//div[@id='content-icon'])[2]
17:46:47 [TestNG-test-Yt Master Tests-2] INFO  verifyingSideMenuCollapsedLangAsInSettings_17-46-41 - [verifyingSideMenuCollapsedLangAsInSettings_17-46-41] Element found and ready (attempt 1): By.xpath: (//div[@id='content-icon'])[2]
17:46:47 [TestNG-test-Yt Master Tests-2] INFO  verifyingSideMenuCollapsedLangAsInSettings_17-46-41 - [verifyingSideMenuCollapsedLangAsInSettings_17-46-41] Execution is Not CRON Job Hence refering to normal keys from UtilData
17:46:47 [TestNG-test-Yt Master Tests-2] INFO  verifyingSideMenuCollapsedLangAsInSettings_17-46-41 - Looking for language element with name: Afrikaans
17:46:47 [TestNG-test-Yt Master Tests-2] INFO  verifyingSideMenuCollapsedLangAsInSettings_17-46-41 - [verifyingSideMenuCollapsedLangAsInSettings_17-46-41] Trying to find element: By.xpath: //yt-multi-page-menu-section-renderer[@class='style-scope ytd-multi-page-menu-renderer']//yt-formatted-string[@id='label' and text()='Afrikaans']
17:46:47 [TestNG-test-Yt Master Tests-2] INFO  verifyingSideMenuCollapsedLangAsInSettings_17-46-41 - [verifyingSideMenuCollapsedLangAsInSettings_17-46-41] Element found and ready (attempt 1): By.xpath: //yt-multi-page-menu-section-renderer[@class='style-scope ytd-multi-page-menu-renderer']//yt-formatted-string[@id='label' and text()='Afrikaans']
17:46:47 [TestNG-test-Yt Master Tests-2] INFO  verifyingSideMenuCollapsedLangAsInSettings_17-46-41 - [verifyingSideMenuCollapsedLangAsInSettings_17-46-41] Trying to find element: By.xpath: //yt-multi-page-menu-section-renderer[@class='style-scope ytd-multi-page-menu-renderer']//yt-formatted-string[@id='label' and text()='Afrikaans']
17:46:47 [TestNG-test-Yt Master Tests-2] INFO  verifyingSideMenuCollapsedLangAsInSettings_17-46-41 - [verifyingSideMenuCollapsedLangAsInSettings_17-46-41] Element found and ready (attempt 1): By.xpath: //yt-multi-page-menu-section-renderer[@class='style-scope ytd-multi-page-menu-renderer']//yt-formatted-string[@id='label' and text()='Afrikaans']
17:46:50 [TestNG-test-Yt Master Tests-2] INFO  verifyingSideMenuCollapsedLangAsInSettings_17-46-41 - Clicking settings ellipses button...
17:46:50 [TestNG-test-Yt Master Tests-2] INFO  verifyingSideMenuCollapsedLangAsInSettings_17-46-41 - [verifyingSideMenuCollapsedLangAsInSettings_17-46-41] Trying to find element: By.xpath: //ytd-topbar-menu-button-renderer[@class='style-scope ytd-masthead style-default']
17:46:50 [TestNG-test-Yt Master Tests-2] INFO  verifyingSideMenuCollapsedLangAsInSettings_17-46-41 - [verifyingSideMenuCollapsedLangAsInSettings_17-46-41] Element found and ready (attempt 1): By.xpath: //ytd-topbar-menu-button-renderer[@class='style-scope ytd-masthead style-default']
17:46:50 [TestNG-test-Yt Master Tests-2] INFO  verifyingSideMenuCollapsedLangAsInSettings_17-46-41 - [verifyingSideMenuCollapsedLangAsInSettings_17-46-41] Waiting until element is visible in viewport
17:46:51 [TestNG-test-Yt Master Tests-2] INFO  verifyingSideMenuCollapsedLangAsInSettings_17-46-41 - Clicking settings ellipses button...
17:46:51 [TestNG-test-Yt Master Tests-2] INFO  verifyingSideMenuCollapsedLangAsInSettings_17-46-41 - [verifyingSideMenuCollapsedLangAsInSettings_17-46-41] Trying to find element: By.xpath: //ytd-topbar-menu-button-renderer[@class='style-scope ytd-masthead style-default']
17:46:51 [TestNG-test-Yt Master Tests-2] INFO  verifyingSideMenuCollapsedLangAsInSettings_17-46-41 - [verifyingSideMenuCollapsedLangAsInSettings_17-46-41] Element found and ready (attempt 1): By.xpath: //ytd-topbar-menu-button-renderer[@class='style-scope ytd-masthead style-default']
17:46:51 [TestNG-test-Yt Master Tests-2] INFO  verifyingSideMenuCollapsedLangAsInSettings_17-46-41 - getLangAttribute() - locating <html> and reading lang property
17:46:51 [TestNG-test-Yt Master Tests-2] INFO  verifyingSideMenuCollapsedLangAsInSettings_17-46-41 - Language attribute read: af-ZA
17:46:51 [TestNG-test-Yt Master Tests-2] INFO  verifyingSideMenuCollapsedLangAsInSettings_17-46-41 - Fetching the side menu in collapsed view
17:46:51 [TestNG-test-Yt Master Tests-2] INFO  verifyingSideMenuCollapsedLangAsInSettings_17-46-41 - [verifyingSideMenuCollapsedLangAsInSettings_17-46-41] Finding elements list: By.xpath: //ytd-mini-guide-renderer[@class='style-scope ytd-app']//ytd-mini-guide-entry-renderer
17:46:51 [TestNG-test-Yt Master Tests-2] INFO  verifyingSideMenuCollapsedLangAsInSettings_17-46-41 - [verifyingSideMenuCollapsedLangAsInSettings_17-46-41] Found 4 ready elements (attempt 1): By.xpath: //ytd-mini-guide-renderer[@class='style-scope ytd-app']//ytd-mini-guide-entry-renderer
17:46:51 [TestNG-test-Yt Master Tests-2] INFO  verifyingSideMenuCollapsedLangAsInSettings_17-46-41 - Clicking settings ellipses button...
17:46:51 [TestNG-test-Yt Master Tests-2] INFO  verifyingSideMenuCollapsedLangAsInSettings_17-46-41 - [verifyingSideMenuCollapsedLangAsInSettings_17-46-41] Trying to find element: By.xpath: //ytd-topbar-menu-button-renderer[@class='style-scope ytd-masthead style-default']
17:46:51 [TestNG-test-Yt Master Tests-2] INFO  verifyingSideMenuCollapsedLangAsInSettings_17-46-41 - [verifyingSideMenuCollapsedLangAsInSettings_17-46-41] Element found and ready (attempt 1): By.xpath: //ytd-topbar-menu-button-renderer[@class='style-scope ytd-masthead style-default']
17:46:51 [TestNG-test-Yt Master Tests-2] INFO  verifyingSideMenuCollapsedLangAsInSettings_17-46-41 - Clicking language dropdown...
17:46:51 [TestNG-test-Yt Master Tests-2] INFO  verifyingSideMenuCollapsedLangAsInSettings_17-46-41 - [verifyingSideMenuCollapsedLangAsInSettings_17-46-41] Trying to find element: By.xpath: (//div[@id='content-icon'])[2]
17:46:52 [TestNG-test-Yt Master Tests-2] INFO  verifyingSideMenuCollapsedLangAsInSettings_17-46-41 - [verifyingSideMenuCollapsedLangAsInSettings_17-46-41] Element found and ready (attempt 1): By.xpath: (//div[@id='content-icon'])[2]
17:46:52 [TestNG-test-Yt Master Tests-2] INFO  verifyingSideMenuCollapsedLangAsInSettings_17-46-41 - Looking for language element with name: Azərbaycan
17:46:52 [TestNG-test-Yt Master Tests-2] INFO  verifyingSideMenuCollapsedLangAsInSettings_17-46-41 - [verifyingSideMenuCollapsedLangAsInSettings_17-46-41] Trying to find element: By.xpath: //yt-multi-page-menu-section-renderer[@class='style-scope ytd-multi-page-menu-renderer']//yt-formatted-string[@id='label' and text()='Azərbaycan']
17:46:53 [TestNG-test-Yt Master Tests-2] INFO  verifyingSideMenuCollapsedLangAsInSettings_17-46-41 - [verifyingSideMenuCollapsedLangAsInSettings_17-46-41] Element found and ready (attempt 1): By.xpath: //yt-multi-page-menu-section-renderer[@class='style-scope ytd-multi-page-menu-renderer']//yt-formatted-string[@id='label' and text()='Azərbaycan']
17:46:53 [TestNG-test-Yt Master Tests-2] INFO  verifyingSideMenuCollapsedLangAsInSettings_17-46-41 - [verifyingSideMenuCollapsedLangAsInSettings_17-46-41] Trying to find element: By.xpath: //yt-multi-page-menu-section-renderer[@class='style-scope ytd-multi-page-menu-renderer']//yt-formatted-string[@id='label' and text()='Azərbaycan']
17:46:53 [TestNG-test-Yt Master Tests-2] INFO  verifyingSideMenuCollapsedLangAsInSettings_17-46-41 - [verifyingSideMenuCollapsedLangAsInSettings_17-46-41] Element found and ready (attempt 1): By.xpath: //yt-multi-page-menu-section-renderer[@class='style-scope ytd-multi-page-menu-renderer']//yt-formatted-string[@id='label' and text()='Azərbaycan']
17:46:54 [TestNG-test-Yt Master Tests-2] INFO  verifyingSideMenuCollapsedLangAsInSettings_17-46-41 - Clicking settings ellipses button...
17:46:54 [TestNG-test-Yt Master Tests-2] INFO  verifyingSideMenuCollapsedLangAsInSettings_17-46-41 - [verifyingSideMenuCollapsedLangAsInSettings_17-46-41] Trying to find element: By.xpath: //ytd-topbar-menu-button-renderer[@class='style-scope ytd-masthead style-default']
17:46:54 [TestNG-test-Yt Master Tests-2] INFO  verifyingSideMenuCollapsedLangAsInSettings_17-46-41 - [verifyingSideMenuCollapsedLangAsInSettings_17-46-41] Element found and ready (attempt 1): By.xpath: //ytd-topbar-menu-button-renderer[@class='style-scope ytd-masthead style-default']
17:46:54 [TestNG-test-Yt Master Tests-2] INFO  verifyingSideMenuCollapsedLangAsInSettings_17-46-41 - [verifyingSideMenuCollapsedLangAsInSettings_17-46-41] Waiting until element is visible in viewport
17:46:55 [TestNG-test-Yt Master Tests-2] INFO  verifyingSideMenuCollapsedLangAsInSettings_17-46-41 - Clicking settings ellipses button...
17:46:55 [TestNG-test-Yt Master Tests-2] INFO  verifyingSideMenuCollapsedLangAsInSettings_17-46-41 - [verifyingSideMenuCollapsedLangAsInSettings_17-46-41] Trying to find element: By.xpath: //ytd-topbar-menu-button-renderer[@class='style-scope ytd-masthead style-default']
17:46:55 [TestNG-test-Yt Master Tests-2] INFO  verifyingSideMenuCollapsedLangAsInSettings_17-46-41 - [verifyingSideMenuCollapsedLangAsInSettings_17-46-41] Element found and ready (attempt 1): By.xpath: //ytd-topbar-menu-button-renderer[@class='style-scope ytd-masthead style-default']
17:46:55 [TestNG-test-Yt Master Tests-2] INFO  verifyingSideMenuCollapsedLangAsInSettings_17-46-41 - getLangAttribute() - locating <html> and reading lang property
17:46:55 [TestNG-test-Yt Master Tests-2] INFO  verifyingSideMenuCollapsedLangAsInSettings_17-46-41 - Language attribute read: az-Latn-AZ
17:46:55 [TestNG-test-Yt Master Tests-2] INFO  verifyingSideMenuCollapsedLangAsInSettings_17-46-41 - Fetching the side menu in collapsed view
17:46:55 [TestNG-test-Yt Master Tests-2] INFO  verifyingSideMenuCollapsedLangAsInSettings_17-46-41 - [verifyingSideMenuCollapsedLangAsInSettings_17-46-41] Finding elements list: By.xpath: //ytd-mini-guide-renderer[@class='style-scope ytd-app']//ytd-mini-guide-entry-renderer
17:46:55 [TestNG-test-Yt Master Tests-2] INFO  verifyingSideMenuCollapsedLangAsInSettings_17-46-41 - [verifyingSideMenuCollapsedLangAsInSettings_17-46-41] Found 4 ready elements (attempt 1): By.xpath: //ytd-mini-guide-renderer[@class='style-scope ytd-app']//ytd-mini-guide-entry-renderer
17:46:55 [TestNG-test-Yt Master Tests-2] INFO  verifyingSideMenuCollapsedLangAsInSettings_17-46-41 - Clicking settings ellipses button...
17:46:55 [TestNG-test-Yt Master Tests-2] INFO  verifyingSideMenuCollapsedLangAsInSettings_17-46-41 - [verifyingSideMenuCollapsedLangAsInSettings_17-46-41] Trying to find element: By.xpath: //ytd-topbar-menu-button-renderer[@class='style-scope ytd-masthead style-default']
17:46:55 [TestNG-test-Yt Master Tests-2] INFO  verifyingSideMenuCollapsedLangAsInSettings_17-46-41 - [verifyingSideMenuCollapsedLangAsInSettings_17-46-41] Element found and ready (attempt 1): By.xpath: //ytd-topbar-menu-button-renderer[@class='style-scope ytd-masthead style-default']
17:46:55 [TestNG-test-Yt Master Tests-2] INFO  verifyingSideMenuCollapsedLangAsInSettings_17-46-41 - Clicking language dropdown...
17:46:55 [TestNG-test-Yt Master Tests-2] INFO  verifyingSideMenuCollapsedLangAsInSettings_17-46-41 - [verifyingSideMenuCollapsedLangAsInSettings_17-46-41] Trying to find element: By.xpath: (//div[@id='content-icon'])[2]
17:46:56 [TestNG-test-Yt Master Tests-2] INFO  verifyingSideMenuCollapsedLangAsInSettings_17-46-41 - [verifyingSideMenuCollapsedLangAsInSettings_17-46-41] Element found and ready (attempt 1): By.xpath: (//div[@id='content-icon'])[2]
17:46:56 [TestNG-test-Yt Master Tests-2] INFO  verifyingSideMenuCollapsedLangAsInSettings_17-46-41 - Looking for language element with name: Bahasa Indonesia
17:46:56 [TestNG-test-Yt Master Tests-2] INFO  verifyingSideMenuCollapsedLangAsInSettings_17-46-41 - [verifyingSideMenuCollapsedLangAsInSettings_17-46-41] Trying to find element: By.xpath: //yt-multi-page-menu-section-renderer[@class='style-scope ytd-multi-page-menu-renderer']//yt-formatted-string[@id='label' and text()='Bahasa Indonesia']
17:46:56 [TestNG-test-Yt Master Tests-2] INFO  verifyingSideMenuCollapsedLangAsInSettings_17-46-41 - [verifyingSideMenuCollapsedLangAsInSettings_17-46-41] Element found and ready (attempt 1): By.xpath: //yt-multi-page-menu-section-renderer[@class='style-scope ytd-multi-page-menu-renderer']//yt-formatted-string[@id='label' and text()='Bahasa Indonesia']
17:46:56 [TestNG-test-Yt Master Tests-2] INFO  verifyingSideMenuCollapsedLangAsInSettings_17-46-41 - [verifyingSideMenuCollapsedLangAsInSettings_17-46-41] Trying to find element: By.xpath: //yt-multi-page-menu-section-renderer[@class='style-scope ytd-multi-page-menu-renderer']//yt-formatted-string[@id='label' and text()='Bahasa Indonesia']
17:46:57 [TestNG-test-Yt Master Tests-2] INFO  verifyingSideMenuCollapsedLangAsInSettings_17-46-41 - [verifyingSideMenuCollapsedLangAsInSettings_17-46-41] Element found and ready (attempt 1): By.xpath: //yt-multi-page-menu-section-renderer[@class='style-scope ytd-multi-page-menu-renderer']//yt-formatted-string[@id='label' and text()='Bahasa Indonesia']
17:46:57 [TestNG-test-Yt Master Tests-2] INFO  verifyingSideMenuCollapsedLangAsInSettings_17-46-41 - Clicking settings ellipses button...
17:46:58 [TestNG-test-Yt Master Tests-2] INFO  verifyingSideMenuCollapsedLangAsInSettings_17-46-41 - [verifyingSideMenuCollapsedLangAsInSettings_17-46-41] Trying to find element: By.xpath: //ytd-topbar-menu-button-renderer[@class='style-scope ytd-masthead style-default']
17:46:58 [TestNG-test-Yt Master Tests-2] INFO  verifyingSideMenuCollapsedLangAsInSettings_17-46-41 - [verifyingSideMenuCollapsedLangAsInSettings_17-46-41] Element found and ready (attempt 1): By.xpath: //ytd-topbar-menu-button-renderer[@class='style-scope ytd-masthead style-default']
17:46:58 [TestNG-test-Yt Master Tests-2] INFO  verifyingSideMenuCollapsedLangAsInSettings_17-46-41 - [verifyingSideMenuCollapsedLangAsInSettings_17-46-41] Waiting until element is visible in viewport
17:46:58 [TestNG-test-Yt Master Tests-2] INFO  verifyingSideMenuCollapsedLangAsInSettings_17-46-41 - Clicking settings ellipses button...
17:46:58 [TestNG-test-Yt Master Tests-2] INFO  verifyingSideMenuCollapsedLangAsInSettings_17-46-41 - [verifyingSideMenuCollapsedLangAsInSettings_17-46-41] Trying to find element: By.xpath: //ytd-topbar-menu-button-renderer[@class='style-scope ytd-masthead style-default']
17:46:58 [TestNG-test-Yt Master Tests-2] INFO  verifyingSideMenuCollapsedLangAsInSettings_17-46-41 - [verifyingSideMenuCollapsedLangAsInSettings_17-46-41] Element found and ready (attempt 1): By.xpath: //ytd-topbar-menu-button-renderer[@class='style-scope ytd-masthead style-default']
17:46:59 [TestNG-test-Yt Master Tests-2] INFO  verifyingSideMenuCollapsedLangAsInSettings_17-46-41 - getLangAttribute() - locating <html> and reading lang property
17:46:59 [TestNG-test-Yt Master Tests-2] INFO  verifyingSideMenuCollapsedLangAsInSettings_17-46-41 - Language attribute read: id-ID
17:46:59 [TestNG-test-Yt Master Tests-2] INFO  verifyingSideMenuCollapsedLangAsInSettings_17-46-41 - Fetching the side menu in collapsed view
17:46:59 [TestNG-test-Yt Master Tests-2] INFO  verifyingSideMenuCollapsedLangAsInSettings_17-46-41 - [verifyingSideMenuCollapsedLangAsInSettings_17-46-41] Finding elements list: By.xpath: //ytd-mini-guide-renderer[@class='style-scope ytd-app']//ytd-mini-guide-entry-renderer
17:46:59 [TestNG-test-Yt Master Tests-2] INFO  verifyingSideMenuCollapsedLangAsInSettings_17-46-41 - [verifyingSideMenuCollapsedLangAsInSettings_17-46-41] Found 4 ready elements (attempt 1): By.xpath: //ytd-mini-guide-renderer[@class='style-scope ytd-app']//ytd-mini-guide-entry-renderer
17:46:59 [TestNG-test-Yt Master Tests-2] INFO  verifyingSideMenuCollapsedLangAsInSettings_17-46-41 - Clicking settings ellipses button...
17:46:59 [TestNG-test-Yt Master Tests-2] INFO  verifyingSideMenuCollapsedLangAsInSettings_17-46-41 - [verifyingSideMenuCollapsedLangAsInSettings_17-46-41] Trying to find element: By.xpath: //ytd-topbar-menu-button-renderer[@class='style-scope ytd-masthead style-default']
17:46:59 [TestNG-test-Yt Master Tests-2] INFO  verifyingSideMenuCollapsedLangAsInSettings_17-46-41 - [verifyingSideMenuCollapsedLangAsInSettings_17-46-41] Element found and ready (attempt 1): By.xpath: //ytd-topbar-menu-button-renderer[@class='style-scope ytd-masthead style-default']
17:46:59 [TestNG-test-Yt Master Tests-2] INFO  verifyingSideMenuCollapsedLangAsInSettings_17-46-41 - Clicking language dropdown...
17:46:59 [TestNG-test-Yt Master Tests-2] INFO  verifyingSideMenuCollapsedLangAsInSettings_17-46-41 - [verifyingSideMenuCollapsedLangAsInSettings_17-46-41] Trying to find element: By.xpath: (//div[@id='content-icon'])[2]
17:47:00 [TestNG-test-Yt Master Tests-2] INFO  verifyingSideMenuCollapsedLangAsInSettings_17-46-41 - [verifyingSideMenuCollapsedLangAsInSettings_17-46-41] Element found and ready (attempt 1): By.xpath: (//div[@id='content-icon'])[2]
17:47:00 [TestNG-test-Yt Master Tests-2] INFO  verifyingSideMenuCollapsedLangAsInSettings_17-46-41 - Looking for language element with name: Bosanski
17:47:00 [TestNG-test-Yt Master Tests-2] INFO  verifyingSideMenuCollapsedLangAsInSettings_17-46-41 - [verifyingSideMenuCollapsedLangAsInSettings_17-46-41] Trying to find element: By.xpath: //yt-multi-page-menu-section-renderer[@class='style-scope ytd-multi-page-menu-renderer']//yt-formatted-string[@id='label' and text()='Bosanski']
17:47:00 [TestNG-test-Yt Master Tests-2] INFO  verifyingSideMenuCollapsedLangAsInSettings_17-46-41 - [verifyingSideMenuCollapsedLangAsInSettings_17-46-41] Element found and ready (attempt 1): By.xpath: //yt-multi-page-menu-section-renderer[@class='style-scope ytd-multi-page-menu-renderer']//yt-formatted-string[@id='label' and text()='Bosanski']
17:47:00 [TestNG-test-Yt Master Tests-2] INFO  verifyingSideMenuCollapsedLangAsInSettings_17-46-41 - [verifyingSideMenuCollapsedLangAsInSettings_17-46-41] Trying to find element: By.xpath: //yt-multi-page-menu-section-renderer[@class='style-scope ytd-multi-page-menu-renderer']//yt-formatted-string[@id='label' and text()='Bosanski']
17:47:00 [TestNG-test-Yt Master Tests-2] INFO  verifyingSideMenuCollapsedLangAsInSettings_17-46-41 - [verifyingSideMenuCollapsedLangAsInSettings_17-46-41] Element found and ready (attempt 1): By.xpath: //yt-multi-page-menu-section-renderer[@class='style-scope ytd-multi-page-menu-renderer']//yt-formatted-string[@id='label' and text()='Bosanski']
17:47:01 [TestNG-test-Yt Master Tests-2] INFO  verifyingSideMenuCollapsedLangAsInSettings_17-46-41 - Clicking settings ellipses button...
17:47:01 [TestNG-test-Yt Master Tests-2] INFO  verifyingSideMenuCollapsedLangAsInSettings_17-46-41 - [verifyingSideMenuCollapsedLangAsInSettings_17-46-41] Trying to find element: By.xpath: //ytd-topbar-menu-button-renderer[@class='style-scope ytd-masthead style-default']
17:47:02 [TestNG-test-Yt Master Tests-2] INFO  verifyingSideMenuCollapsedLangAsInSettings_17-46-41 - [verifyingSideMenuCollapsedLangAsInSettings_17-46-41] Element found and ready (attempt 1): By.xpath: //ytd-topbar-menu-button-renderer[@class='style-scope ytd-masthead style-default']
17:47:02 [TestNG-test-Yt Master Tests-2] INFO  verifyingSideMenuCollapsedLangAsInSettings_17-46-41 - [verifyingSideMenuCollapsedLangAsInSettings_17-46-41] Waiting until element is visible in viewport
17:47:02 [TestNG-test-Yt Master Tests-2] INFO  verifyingSideMenuCollapsedLangAsInSettings_17-46-41 - Clicking settings ellipses button...
17:47:02 [TestNG-test-Yt Master Tests-2] INFO  verifyingSideMenuCollapsedLangAsInSettings_17-46-41 - [verifyingSideMenuCollapsedLangAsInSettings_17-46-41] Trying to find element: By.xpath: //ytd-topbar-menu-button-renderer[@class='style-scope ytd-masthead style-default']
17:47:02 [TestNG-test-Yt Master Tests-2] INFO  verifyingSideMenuCollapsedLangAsInSettings_17-46-41 - [verifyingSideMenuCollapsedLangAsInSettings_17-46-41] Element found and ready (attempt 1): By.xpath: //ytd-topbar-menu-button-renderer[@class='style-scope ytd-masthead style-default']
17:47:02 [TestNG-test-Yt Master Tests-2] INFO  verifyingSideMenuCollapsedLangAsInSettings_17-46-41 - getLangAttribute() - locating <html> and reading lang property
17:47:02 [TestNG-test-Yt Master Tests-2] INFO  verifyingSideMenuCollapsedLangAsInSettings_17-46-41 - Language attribute read: bs-Latn-BA
17:47:02 [TestNG-test-Yt Master Tests-2] INFO  verifyingSideMenuCollapsedLangAsInSettings_17-46-41 - Fetching the side menu in collapsed view
17:47:02 [TestNG-test-Yt Master Tests-2] INFO  verifyingSideMenuCollapsedLangAsInSettings_17-46-41 - [verifyingSideMenuCollapsedLangAsInSettings_17-46-41] Finding elements list: By.xpath: //ytd-mini-guide-renderer[@class='style-scope ytd-app']//ytd-mini-guide-entry-renderer
17:47:02 [TestNG-test-Yt Master Tests-2] INFO  verifyingSideMenuCollapsedLangAsInSettings_17-46-41 - [verifyingSideMenuCollapsedLangAsInSettings_17-46-41] Found 4 ready elements (attempt 1): By.xpath: //ytd-mini-guide-renderer[@class='style-scope ytd-app']//ytd-mini-guide-entry-renderer
17:47:03 [TestNG-test-Yt Master Tests-2] INFO  verifyingSideMenuCollapsedLangAsInSettings_17-46-41 - Clicking settings ellipses button...
17:47:03 [TestNG-test-Yt Master Tests-2] INFO  verifyingSideMenuCollapsedLangAsInSettings_17-46-41 - [verifyingSideMenuCollapsedLangAsInSettings_17-46-41] Trying to find element: By.xpath: //ytd-topbar-menu-button-renderer[@class='style-scope ytd-masthead style-default']
17:47:03 [TestNG-test-Yt Master Tests-2] INFO  verifyingSideMenuCollapsedLangAsInSettings_17-46-41 - [verifyingSideMenuCollapsedLangAsInSettings_17-46-41] Element found and ready (attempt 1): By.xpath: //ytd-topbar-menu-button-renderer[@class='style-scope ytd-masthead style-default']
17:47:03 [TestNG-test-Yt Master Tests-2] INFO  verifyingSideMenuCollapsedLangAsInSettings_17-46-41 - Clicking language dropdown...
17:47:03 [TestNG-test-Yt Master Tests-2] INFO  verifyingSideMenuCollapsedLangAsInSettings_17-46-41 - [verifyingSideMenuCollapsedLangAsInSettings_17-46-41] Trying to find element: By.xpath: (//div[@id='content-icon'])[2]
17:47:03 [TestNG-test-Yt Master Tests-2] INFO  verifyingSideMenuCollapsedLangAsInSettings_17-46-41 - [verifyingSideMenuCollapsedLangAsInSettings_17-46-41] Element found and ready (attempt 1): By.xpath: (//div[@id='content-icon'])[2]
17:47:04 [TestNG-test-Yt Master Tests-2] INFO  verifyingSideMenuCollapsedLangAsInSettings_17-46-41 - Looking for language element with name: Català
17:47:04 [TestNG-test-Yt Master Tests-2] INFO  verifyingSideMenuCollapsedLangAsInSettings_17-46-41 - [verifyingSideMenuCollapsedLangAsInSettings_17-46-41] Trying to find element: By.xpath: //yt-multi-page-menu-section-renderer[@class='style-scope ytd-multi-page-menu-renderer']//yt-formatted-string[@id='label' and text()='Català']
17:47:04 [TestNG-test-Yt Master Tests-2] INFO  verifyingSideMenuCollapsedLangAsInSettings_17-46-41 - [verifyingSideMenuCollapsedLangAsInSettings_17-46-41] Element found and ready (attempt 1): By.xpath: //yt-multi-page-menu-section-renderer[@class='style-scope ytd-multi-page-menu-renderer']//yt-formatted-string[@id='label' and text()='Català']
17:47:04 [TestNG-test-Yt Master Tests-2] INFO  verifyingSideMenuCollapsedLangAsInSettings_17-46-41 - [verifyingSideMenuCollapsedLangAsInSettings_17-46-41] Trying to find element: By.xpath: //yt-multi-page-menu-section-renderer[@class='style-scope ytd-multi-page-menu-renderer']//yt-formatted-string[@id='label' and text()='Català']
17:47:04 [TestNG-test-Yt Master Tests-2] INFO  verifyingSideMenuCollapsedLangAsInSettings_17-46-41 - [verifyingSideMenuCollapsedLangAsInSettings_17-46-41] Element found and ready (attempt 1): By.xpath: //yt-multi-page-menu-section-renderer[@class='style-scope ytd-multi-page-menu-renderer']//yt-formatted-string[@id='label' and text()='Català']
17:47:07 [TestNG-test-Yt Master Tests-2] INFO  verifyingSideMenuCollapsedLangAsInSettings_17-46-41 - Clicking settings ellipses button...
17:47:07 [TestNG-test-Yt Master Tests-2] INFO  verifyingSideMenuCollapsedLangAsInSettings_17-46-41 - [verifyingSideMenuCollapsedLangAsInSettings_17-46-41] Trying to find element: By.xpath: //ytd-topbar-menu-button-renderer[@class='style-scope ytd-masthead style-default']
17:47:07 [TestNG-test-Yt Master Tests-2] INFO  verifyingSideMenuCollapsedLangAsInSettings_17-46-41 - [verifyingSideMenuCollapsedLangAsInSettings_17-46-41] Element found and ready (attempt 1): By.xpath: //ytd-topbar-menu-button-renderer[@class='style-scope ytd-masthead style-default']
17:47:07 [TestNG-test-Yt Master Tests-2] INFO  verifyingSideMenuCollapsedLangAsInSettings_17-46-41 - [verifyingSideMenuCollapsedLangAsInSettings_17-46-41] Waiting until element is visible in viewport
17:47:08 [TestNG-test-Yt Master Tests-2] INFO  verifyingSideMenuCollapsedLangAsInSettings_17-46-41 - Clicking settings ellipses button...
17:47:08 [TestNG-test-Yt Master Tests-2] INFO  verifyingSideMenuCollapsedLangAsInSettings_17-46-41 - [verifyingSideMenuCollapsedLangAsInSettings_17-46-41] Trying to find element: By.xpath: //ytd-topbar-menu-button-renderer[@class='style-scope ytd-masthead style-default']
17:47:08 [TestNG-test-Yt Master Tests-2] INFO  verifyingSideMenuCollapsedLangAsInSettings_17-46-41 - [verifyingSideMenuCollapsedLangAsInSettings_17-46-41] Element found and ready (attempt 1): By.xpath: //ytd-topbar-menu-button-renderer[@class='style-scope ytd-masthead style-default']
17:47:08 [TestNG-test-Yt Master Tests-2] INFO  verifyingSideMenuCollapsedLangAsInSettings_17-46-41 - getLangAttribute() - locating <html> and reading lang property
17:47:08 [TestNG-test-Yt Master Tests-2] INFO  verifyingSideMenuCollapsedLangAsInSettings_17-46-41 - Language attribute read: ca-ES
17:47:08 [TestNG-test-Yt Master Tests-2] INFO  verifyingSideMenuCollapsedLangAsInSettings_17-46-41 - Fetching the side menu in collapsed view
17:47:08 [TestNG-test-Yt Master Tests-2] INFO  verifyingSideMenuCollapsedLangAsInSettings_17-46-41 - [verifyingSideMenuCollapsedLangAsInSettings_17-46-41] Finding elements list: By.xpath: //ytd-mini-guide-renderer[@class='style-scope ytd-app']//ytd-mini-guide-entry-renderer
17:47:08 [TestNG-test-Yt Master Tests-2] INFO  verifyingSideMenuCollapsedLangAsInSettings_17-46-41 - [verifyingSideMenuCollapsedLangAsInSettings_17-46-41] Found 4 ready elements (attempt 1): By.xpath: //ytd-mini-guide-renderer[@class='style-scope ytd-app']//ytd-mini-guide-entry-renderer
17:47:08 [TestNG-test-Yt Master Tests-2] INFO  verifyingSideMenuCollapsedLangAsInSettings_17-46-41 - Clicking settings ellipses button...
17:47:08 [TestNG-test-Yt Master Tests-2] INFO  verifyingSideMenuCollapsedLangAsInSettings_17-46-41 - [verifyingSideMenuCollapsedLangAsInSettings_17-46-41] Trying to find element: By.xpath: //ytd-topbar-menu-button-renderer[@class='style-scope ytd-masthead style-default']
17:47:08 [TestNG-test-Yt Master Tests-2] INFO  verifyingSideMenuCollapsedLangAsInSettings_17-46-41 - [verifyingSideMenuCollapsedLangAsInSettings_17-46-41] Element found and ready (attempt 1): By.xpath: //ytd-topbar-menu-button-renderer[@class='style-scope ytd-masthead style-default']
17:47:09 [TestNG-test-Yt Master Tests-2] INFO  verifyingSideMenuCollapsedLangAsInSettings_17-46-41 - Clicking language dropdown...
17:47:09 [TestNG-test-Yt Master Tests-2] INFO  verifyingSideMenuCollapsedLangAsInSettings_17-46-41 - [verifyingSideMenuCollapsedLangAsInSettings_17-46-41] Trying to find element: By.xpath: (//div[@id='content-icon'])[2]
17:47:09 [TestNG-test-Yt Master Tests-2] INFO  verifyingSideMenuCollapsedLangAsInSettings_17-46-41 - [verifyingSideMenuCollapsedLangAsInSettings_17-46-41] Element found and ready (attempt 1): By.xpath: (//div[@id='content-icon'])[2]
17:47:09 [TestNG-test-Yt Master Tests-2] INFO  verifyingSideMenuCollapsedLangAsInSettings_17-46-41 - Looking for language element with name: Dansk
17:47:09 [TestNG-test-Yt Master Tests-2] INFO  verifyingSideMenuCollapsedLangAsInSettings_17-46-41 - [verifyingSideMenuCollapsedLangAsInSettings_17-46-41] Trying to find element: By.xpath: //yt-multi-page-menu-section-renderer[@class='style-scope ytd-multi-page-menu-renderer']//yt-formatted-string[@id='label' and text()='Dansk']
17:47:09 [TestNG-test-Yt Master Tests-2] INFO  verifyingSideMenuCollapsedLangAsInSettings_17-46-41 - [verifyingSideMenuCollapsedLangAsInSettings_17-46-41] Element found and ready (attempt 1): By.xpath: //yt-multi-page-menu-section-renderer[@class='style-scope ytd-multi-page-menu-renderer']//yt-formatted-string[@id='label' and text()='Dansk']
17:47:09 [TestNG-test-Yt Master Tests-2] INFO  verifyingSideMenuCollapsedLangAsInSettings_17-46-41 - [verifyingSideMenuCollapsedLangAsInSettings_17-46-41] Trying to find element: By.xpath: //yt-multi-page-menu-section-renderer[@class='style-scope ytd-multi-page-menu-renderer']//yt-formatted-string[@id='label' and text()='Dansk']
17:47:10 [TestNG-test-Yt Master Tests-2] INFO  verifyingSideMenuCollapsedLangAsInSettings_17-46-41 - [verifyingSideMenuCollapsedLangAsInSettings_17-46-41] Element found and ready (attempt 1): By.xpath: //yt-multi-page-menu-section-renderer[@class='style-scope ytd-multi-page-menu-renderer']//yt-formatted-string[@id='label' and text()='Dansk']
17:47:11 [TestNG-test-Yt Master Tests-2] INFO  verifyingSideMenuCollapsedLangAsInSettings_17-46-41 - Clicking settings ellipses button...
17:47:11 [TestNG-test-Yt Master Tests-2] INFO  verifyingSideMenuCollapsedLangAsInSettings_17-46-41 - [verifyingSideMenuCollapsedLangAsInSettings_17-46-41] Trying to find element: By.xpath: //ytd-topbar-menu-button-renderer[@class='style-scope ytd-masthead style-default']
17:47:11 [TestNG-test-Yt Master Tests-2] INFO  verifyingSideMenuCollapsedLangAsInSettings_17-46-41 - [verifyingSideMenuCollapsedLangAsInSettings_17-46-41] Element found and ready (attempt 1): By.xpath: //ytd-topbar-menu-button-renderer[@class='style-scope ytd-masthead style-default']
17:47:12 [TestNG-test-Yt Master Tests-2] INFO  verifyingSideMenuCollapsedLangAsInSettings_17-46-41 - [verifyingSideMenuCollapsedLangAsInSettings_17-46-41] Waiting until element is visible in viewport
17:47:12 [TestNG-test-Yt Master Tests-2] INFO  verifyingSideMenuCollapsedLangAsInSettings_17-46-41 - Clicking settings ellipses button...
17:47:12 [TestNG-test-Yt Master Tests-2] INFO  verifyingSideMenuCollapsedLangAsInSettings_17-46-41 - [verifyingSideMenuCollapsedLangAsInSettings_17-46-41] Trying to find element: By.xpath: //ytd-topbar-menu-button-renderer[@class='style-scope ytd-masthead style-default']
17:47:13 [TestNG-test-Yt Master Tests-2] INFO  verifyingSideMenuCollapsedLangAsInSettings_17-46-41 - [verifyingSideMenuCollapsedLangAsInSettings_17-46-41] Element found and ready (attempt 1): By.xpath: //ytd-topbar-menu-button-renderer[@class='style-scope ytd-masthead style-default']
17:47:13 [TestNG-test-Yt Master Tests-2] INFO  verifyingSideMenuCollapsedLangAsInSettings_17-46-41 - getLangAttribute() - locating <html> and reading lang property
17:47:13 [TestNG-test-Yt Master Tests-2] INFO  verifyingSideMenuCollapsedLangAsInSettings_17-46-41 - Language attribute read: da-DK
17:47:13 [TestNG-test-Yt Master Tests-2] INFO  verifyingSideMenuCollapsedLangAsInSettings_17-46-41 - Fetching the side menu in collapsed view
17:47:13 [TestNG-test-Yt Master Tests-2] INFO  verifyingSideMenuCollapsedLangAsInSettings_17-46-41 - [verifyingSideMenuCollapsedLangAsInSettings_17-46-41] Finding elements list: By.xpath: //ytd-mini-guide-renderer[@class='style-scope ytd-app']//ytd-mini-guide-entry-renderer
17:47:14 [TestNG-test-Yt Master Tests-2] INFO  verifyingSideMenuCollapsedLangAsInSettings_17-46-41 - [verifyingSideMenuCollapsedLangAsInSettings_17-46-41] Found 4 ready elements (attempt 1): By.xpath: //ytd-mini-guide-renderer[@class='style-scope ytd-app']//ytd-mini-guide-entry-renderer
17:47:14 [TestNG-test-Yt Master Tests-2] INFO  verifyingSideMenuCollapsedLangAsInSettings_17-46-41 - Clicking settings ellipses button...
17:47:14 [TestNG-test-Yt Master Tests-2] INFO  verifyingSideMenuCollapsedLangAsInSettings_17-46-41 - [verifyingSideMenuCollapsedLangAsInSettings_17-46-41] Trying to find element: By.xpath: //ytd-topbar-menu-button-renderer[@class='style-scope ytd-masthead style-default']
17:47:14 [TestNG-test-Yt Master Tests-2] INFO  verifyingSideMenuCollapsedLangAsInSettings_17-46-41 - [verifyingSideMenuCollapsedLangAsInSettings_17-46-41] Element found and ready (attempt 1): By.xpath: //ytd-topbar-menu-button-renderer[@class='style-scope ytd-masthead style-default']
17:47:14 [TestNG-test-Yt Master Tests-2] INFO  verifyingSideMenuCollapsedLangAsInSettings_17-46-41 - Clicking language dropdown...
17:47:14 [TestNG-test-Yt Master Tests-2] INFO  verifyingSideMenuCollapsedLangAsInSettings_17-46-41 - [verifyingSideMenuCollapsedLangAsInSettings_17-46-41] Trying to find element: By.xpath: (//div[@id='content-icon'])[2]
17:47:14 [TestNG-test-Yt Master Tests-2] INFO  verifyingSideMenuCollapsedLangAsInSettings_17-46-41 - [verifyingSideMenuCollapsedLangAsInSettings_17-46-41] Element found and ready (attempt 1): By.xpath: (//div[@id='content-icon'])[2]
17:47:15 [TestNG-test-Yt Master Tests-2] INFO  verifyingSideMenuCollapsedLangAsInSettings_17-46-41 - Looking for language element with name: Deutsch
17:47:15 [TestNG-test-Yt Master Tests-2] INFO  verifyingSideMenuCollapsedLangAsInSettings_17-46-41 - [verifyingSideMenuCollapsedLangAsInSettings_17-46-41] Trying to find element: By.xpath: //yt-multi-page-menu-section-renderer[@class='style-scope ytd-multi-page-menu-renderer']//yt-formatted-string[@id='label' and text()='Deutsch']
17:47:15 [TestNG-test-Yt Master Tests-2] INFO  verifyingSideMenuCollapsedLangAsInSettings_17-46-41 - [verifyingSideMenuCollapsedLangAsInSettings_17-46-41] Element found and ready (attempt 1): By.xpath: //yt-multi-page-menu-section-renderer[@class='style-scope ytd-multi-page-menu-renderer']//yt-formatted-string[@id='label' and text()='Deutsch']
17:47:15 [TestNG-test-Yt Master Tests-2] INFO  verifyingSideMenuCollapsedLangAsInSettings_17-46-41 - [verifyingSideMenuCollapsedLangAsInSettings_17-46-41] Trying to find element: By.xpath: //yt-multi-page-menu-section-renderer[@class='style-scope ytd-multi-page-menu-renderer']//yt-formatted-string[@id='label' and text()='Deutsch']
17:47:15 [TestNG-test-Yt Master Tests-2] INFO  verifyingSideMenuCollapsedLangAsInSettings_17-46-41 - [verifyingSideMenuCollapsedLangAsInSettings_17-46-41] Element found and ready (attempt 1): By.xpath: //yt-multi-page-menu-section-renderer[@class='style-scope ytd-multi-page-menu-renderer']//yt-formatted-string[@id='label' and text()='Deutsch']
17:47:16 [TestNG-test-Yt Master Tests-2] INFO  verifyingSideMenuCollapsedLangAsInSettings_17-46-41 - Clicking settings ellipses button...
17:47:17 [TestNG-test-Yt Master Tests-2] INFO  verifyingSideMenuCollapsedLangAsInSettings_17-46-41 - [verifyingSideMenuCollapsedLangAsInSettings_17-46-41] Trying to find element: By.xpath: //ytd-topbar-menu-button-renderer[@class='style-scope ytd-masthead style-default']
17:47:17 [TestNG-test-Yt Master Tests-2] INFO  verifyingSideMenuCollapsedLangAsInSettings_17-46-41 - [verifyingSideMenuCollapsedLangAsInSettings_17-46-41] Element found and ready (attempt 1): By.xpath: //ytd-topbar-menu-button-renderer[@class='style-scope ytd-masthead style-default']
17:47:17 [TestNG-test-Yt Master Tests-2] INFO  verifyingSideMenuCollapsedLangAsInSettings_17-46-41 - [verifyingSideMenuCollapsedLangAsInSettings_17-46-41] Waiting until element is visible in viewport
17:47:17 [TestNG-test-Yt Master Tests-2] INFO  verifyingSideMenuCollapsedLangAsInSettings_17-46-41 - Clicking settings ellipses button...
17:47:17 [TestNG-test-Yt Master Tests-2] INFO  verifyingSideMenuCollapsedLangAsInSettings_17-46-41 - [verifyingSideMenuCollapsedLangAsInSettings_17-46-41] Trying to find element: By.xpath: //ytd-topbar-menu-button-renderer[@class='style-scope ytd-masthead style-default']
17:47:17 [TestNG-test-Yt Master Tests-2] INFO  verifyingSideMenuCollapsedLangAsInSettings_17-46-41 - [verifyingSideMenuCollapsedLangAsInSettings_17-46-41] Element found and ready (attempt 1): By.xpath: //ytd-topbar-menu-button-renderer[@class='style-scope ytd-masthead style-default']
17:47:17 [TestNG-test-Yt Master Tests-2] INFO  verifyingSideMenuCollapsedLangAsInSettings_17-46-41 - getLangAttribute() - locating <html> and reading lang property
17:47:17 [TestNG-test-Yt Master Tests-2] INFO  verifyingSideMenuCollapsedLangAsInSettings_17-46-41 - Language attribute read: de-DE
17:47:17 [TestNG-test-Yt Master Tests-2] INFO  verifyingSideMenuCollapsedLangAsInSettings_17-46-41 - Fetching the side menu in collapsed view
17:47:17 [TestNG-test-Yt Master Tests-2] INFO  verifyingSideMenuCollapsedLangAsInSettings_17-46-41 - [verifyingSideMenuCollapsedLangAsInSettings_17-46-41] Finding elements list: By.xpath: //ytd-mini-guide-renderer[@class='style-scope ytd-app']//ytd-mini-guide-entry-renderer
17:47:17 [TestNG-test-Yt Master Tests-2] INFO  verifyingSideMenuCollapsedLangAsInSettings_17-46-41 - [verifyingSideMenuCollapsedLangAsInSettings_17-46-41] Found 4 ready elements (attempt 1): By.xpath: //ytd-mini-guide-renderer[@class='style-scope ytd-app']//ytd-mini-guide-entry-renderer
17:47:18 [TestNG-test-Yt Master Tests-2] INFO  verifyingSideMenuCollapsedLangAsInSettings_17-46-41 - Clicking settings ellipses button...
17:47:18 [TestNG-test-Yt Master Tests-2] INFO  verifyingSideMenuCollapsedLangAsInSettings_17-46-41 - [verifyingSideMenuCollapsedLangAsInSettings_17-46-41] Trying to find element: By.xpath: //ytd-topbar-menu-button-renderer[@class='style-scope ytd-masthead style-default']
17:47:18 [TestNG-test-Yt Master Tests-2] INFO  verifyingSideMenuCollapsedLangAsInSettings_17-46-41 - [verifyingSideMenuCollapsedLangAsInSettings_17-46-41] Element found and ready (attempt 1): By.xpath: //ytd-topbar-menu-button-renderer[@class='style-scope ytd-masthead style-default']
17:47:18 [TestNG-test-Yt Master Tests-2] INFO  verifyingSideMenuCollapsedLangAsInSettings_17-46-41 - Clicking language dropdown...
17:47:18 [TestNG-test-Yt Master Tests-2] INFO  verifyingSideMenuCollapsedLangAsInSettings_17-46-41 - [verifyingSideMenuCollapsedLangAsInSettings_17-46-41] Trying to find element: By.xpath: (//div[@id='content-icon'])[2]
17:47:18 [TestNG-test-Yt Master Tests-2] INFO  verifyingSideMenuCollapsedLangAsInSettings_17-46-41 - [verifyingSideMenuCollapsedLangAsInSettings_17-46-41] Element found and ready (attempt 1): By.xpath: (//div[@id='content-icon'])[2]
17:47:19 [TestNG-test-Yt Master Tests-2] INFO  verifyingSideMenuCollapsedLangAsInSettings_17-46-41 - Looking for language element with name: Eesti
17:47:19 [TestNG-test-Yt Master Tests-2] INFO  verifyingSideMenuCollapsedLangAsInSettings_17-46-41 - [verifyingSideMenuCollapsedLangAsInSettings_17-46-41] Trying to find element: By.xpath: //yt-multi-page-menu-section-renderer[@class='style-scope ytd-multi-page-menu-renderer']//yt-formatted-string[@id='label' and text()='Eesti']
17:47:19 [TestNG-test-Yt Master Tests-2] INFO  verifyingSideMenuCollapsedLangAsInSettings_17-46-41 - [verifyingSideMenuCollapsedLangAsInSettings_17-46-41] Element found and ready (attempt 1): By.xpath: //yt-multi-page-menu-section-renderer[@class='style-scope ytd-multi-page-menu-renderer']//yt-formatted-string[@id='label' and text()='Eesti']
17:47:19 [TestNG-test-Yt Master Tests-2] INFO  verifyingSideMenuCollapsedLangAsInSettings_17-46-41 - [verifyingSideMenuCollapsedLangAsInSettings_17-46-41] Trying to find element: By.xpath: //yt-multi-page-menu-section-renderer[@class='style-scope ytd-multi-page-menu-renderer']//yt-formatted-string[@id='label' and text()='Eesti']
17:47:19 [TestNG-test-Yt Master Tests-2] INFO  verifyingSideMenuCollapsedLangAsInSettings_17-46-41 - [verifyingSideMenuCollapsedLangAsInSettings_17-46-41] Element found and ready (attempt 1): By.xpath: //yt-multi-page-menu-section-renderer[@class='style-scope ytd-multi-page-menu-renderer']//yt-formatted-string[@id='label' and text()='Eesti']
17:47:21 [TestNG-test-Yt Master Tests-2] INFO  verifyingSideMenuCollapsedLangAsInSettings_17-46-41 - Clicking settings ellipses button...
17:47:21 [TestNG-test-Yt Master Tests-2] INFO  verifyingSideMenuCollapsedLangAsInSettings_17-46-41 - [verifyingSideMenuCollapsedLangAsInSettings_17-46-41] Trying to find element: By.xpath: //ytd-topbar-menu-button-renderer[@class='style-scope ytd-masthead style-default']
17:47:21 [TestNG-test-Yt Master Tests-2] INFO  verifyingSideMenuCollapsedLangAsInSettings_17-46-41 - [verifyingSideMenuCollapsedLangAsInSettings_17-46-41] Element found and ready (attempt 1): By.xpath: //ytd-topbar-menu-button-renderer[@class='style-scope ytd-masthead style-default']
17:47:22 [TestNG-test-Yt Master Tests-2] INFO  verifyingSideMenuCollapsedLangAsInSettings_17-46-41 - [verifyingSideMenuCollapsedLangAsInSettings_17-46-41] Waiting until element is visible in viewport
17:47:22 [TestNG-test-Yt Master Tests-2] INFO  verifyingSideMenuCollapsedLangAsInSettings_17-46-41 - Clicking settings ellipses button...
17:47:22 [TestNG-test-Yt Master Tests-2] INFO  verifyingSideMenuCollapsedLangAsInSettings_17-46-41 - [verifyingSideMenuCollapsedLangAsInSettings_17-46-41] Trying to find element: By.xpath: //ytd-topbar-menu-button-renderer[@class='style-scope ytd-masthead style-default']
17:47:22 [TestNG-test-Yt Master Tests-2] INFO  verifyingSideMenuCollapsedLangAsInSettings_17-46-41 - [verifyingSideMenuCollapsedLangAsInSettings_17-46-41] Element found and ready (attempt 1): By.xpath: //ytd-topbar-menu-button-renderer[@class='style-scope ytd-masthead style-default']
17:47:22 [TestNG-test-Yt Master Tests-2] INFO  verifyingSideMenuCollapsedLangAsInSettings_17-46-41 - getLangAttribute() - locating <html> and reading lang property
17:47:22 [TestNG-test-Yt Master Tests-2] INFO  verifyingSideMenuCollapsedLangAsInSettings_17-46-41 - Language attribute read: et-EE
17:47:22 [TestNG-test-Yt Master Tests-2] INFO  verifyingSideMenuCollapsedLangAsInSettings_17-46-41 - Fetching the side menu in collapsed view
17:47:22 [TestNG-test-Yt Master Tests-2] INFO  verifyingSideMenuCollapsedLangAsInSettings_17-46-41 - [verifyingSideMenuCollapsedLangAsInSettings_17-46-41] Finding elements list: By.xpath: //ytd-mini-guide-renderer[@class='style-scope ytd-app']//ytd-mini-guide-entry-renderer
17:47:22 [TestNG-test-Yt Master Tests-2] INFO  verifyingSideMenuCollapsedLangAsInSettings_17-46-41 - [verifyingSideMenuCollapsedLangAsInSettings_17-46-41] Found 4 ready elements (attempt 1): By.xpath: //ytd-mini-guide-renderer[@class='style-scope ytd-app']//ytd-mini-guide-entry-renderer
17:47:22 [TestNG-test-Yt Master Tests-2] INFO  verifyingSideMenuCollapsedLangAsInSettings_17-46-41 - Clicking settings ellipses button...
17:47:22 [TestNG-test-Yt Master Tests-2] INFO  verifyingSideMenuCollapsedLangAsInSettings_17-46-41 - [verifyingSideMenuCollapsedLangAsInSettings_17-46-41] Trying to find element: By.xpath: //ytd-topbar-menu-button-renderer[@class='style-scope ytd-masthead style-default']
17:47:22 [TestNG-test-Yt Master Tests-2] INFO  verifyingSideMenuCollapsedLangAsInSettings_17-46-41 - [verifyingSideMenuCollapsedLangAsInSettings_17-46-41] Element found and ready (attempt 1): By.xpath: //ytd-topbar-menu-button-renderer[@class='style-scope ytd-masthead style-default']
17:47:23 [TestNG-test-Yt Master Tests-2] INFO  verifyingSideMenuCollapsedLangAsInSettings_17-46-41 - Clicking language dropdown...
17:47:23 [TestNG-test-Yt Master Tests-2] INFO  verifyingSideMenuCollapsedLangAsInSettings_17-46-41 - [verifyingSideMenuCollapsedLangAsInSettings_17-46-41] Trying to find element: By.xpath: (//div[@id='content-icon'])[2]
17:47:23 [TestNG-test-Yt Master Tests-2] INFO  verifyingSideMenuCollapsedLangAsInSettings_17-46-41 - [verifyingSideMenuCollapsedLangAsInSettings_17-46-41] Element found and ready (attempt 1): By.xpath: (//div[@id='content-icon'])[2]
17:47:23 [TestNG-test-Yt Master Tests-2] INFO  verifyingSideMenuCollapsedLangAsInSettings_17-46-41 - Looking for language element with name: English (India)
17:47:23 [TestNG-test-Yt Master Tests-2] INFO  verifyingSideMenuCollapsedLangAsInSettings_17-46-41 - [verifyingSideMenuCollapsedLangAsInSettings_17-46-41] Trying to find element: By.xpath: //yt-multi-page-menu-section-renderer[@class='style-scope ytd-multi-page-menu-renderer']//yt-formatted-string[@id='label' and text()='English (India)']
17:47:23 [TestNG-test-Yt Master Tests-2] INFO  verifyingSideMenuCollapsedLangAsInSettings_17-46-41 - [verifyingSideMenuCollapsedLangAsInSettings_17-46-41] Element found and ready (attempt 1): By.xpath: //yt-multi-page-menu-section-renderer[@class='style-scope ytd-multi-page-menu-renderer']//yt-formatted-string[@id='label' and text()='English (India)']
17:47:23 [TestNG-test-Yt Master Tests-2] INFO  verifyingSideMenuCollapsedLangAsInSettings_17-46-41 - [verifyingSideMenuCollapsedLangAsInSettings_17-46-41] Trying to find element: By.xpath: //yt-multi-page-menu-section-renderer[@class='style-scope ytd-multi-page-menu-renderer']//yt-formatted-string[@id='label' and text()='English (India)']
17:47:24 [TestNG-test-Yt Master Tests-2] INFO  verifyingSideMenuCollapsedLangAsInSettings_17-46-41 - [verifyingSideMenuCollapsedLangAsInSettings_17-46-41] Element found and ready (attempt 1): By.xpath: //yt-multi-page-menu-section-renderer[@class='style-scope ytd-multi-page-menu-renderer']//yt-formatted-string[@id='label' and text()='English (India)']
17:47:26 [TestNG-test-Yt Master Tests-2] INFO  verifyingSideMenuCollapsedLangAsInSettings_17-46-41 - Clicking settings ellipses button...
17:47:26 [TestNG-test-Yt Master Tests-2] INFO  verifyingSideMenuCollapsedLangAsInSettings_17-46-41 - [verifyingSideMenuCollapsedLangAsInSettings_17-46-41] Trying to find element: By.xpath: //ytd-topbar-menu-button-renderer[@class='style-scope ytd-masthead style-default']
17:47:26 [TestNG-test-Yt Master Tests-2] INFO  verifyingSideMenuCollapsedLangAsInSettings_17-46-41 - [verifyingSideMenuCollapsedLangAsInSettings_17-46-41] Element found and ready (attempt 1): By.xpath: //ytd-topbar-menu-button-renderer[@class='style-scope ytd-masthead style-default']
17:47:26 [TestNG-test-Yt Master Tests-2] INFO  verifyingSideMenuCollapsedLangAsInSettings_17-46-41 - [verifyingSideMenuCollapsedLangAsInSettings_17-46-41] Waiting until element is visible in viewport
17:47:27 [TestNG-test-Yt Master Tests-2] INFO  verifyingSideMenuCollapsedLangAsInSettings_17-46-41 - Clicking settings ellipses button...
17:47:27 [TestNG-test-Yt Master Tests-2] INFO  verifyingSideMenuCollapsedLangAsInSettings_17-46-41 - [verifyingSideMenuCollapsedLangAsInSettings_17-46-41] Trying to find element: By.xpath: //ytd-topbar-menu-button-renderer[@class='style-scope ytd-masthead style-default']
17:47:27 [TestNG-test-Yt Master Tests-2] INFO  verifyingSideMenuCollapsedLangAsInSettings_17-46-41 - [verifyingSideMenuCollapsedLangAsInSettings_17-46-41] Element found and ready (attempt 1): By.xpath: //ytd-topbar-menu-button-renderer[@class='style-scope ytd-masthead style-default']
17:47:27 [TestNG-test-Yt Master Tests-2] INFO  verifyingSideMenuCollapsedLangAsInSettings_17-46-41 - getLangAttribute() - locating <html> and reading lang property
17:47:27 [TestNG-test-Yt Master Tests-2] INFO  verifyingSideMenuCollapsedLangAsInSettings_17-46-41 - Language attribute read: en-IN
17:47:27 [TestNG-test-Yt Master Tests-2] INFO  verifyingSideMenuCollapsedLangAsInSettings_17-46-41 - Fetching the side menu in collapsed view
17:47:27 [TestNG-test-Yt Master Tests-2] INFO  verifyingSideMenuCollapsedLangAsInSettings_17-46-41 - [verifyingSideMenuCollapsedLangAsInSettings_17-46-41] Finding elements list: By.xpath: //ytd-mini-guide-renderer[@class='style-scope ytd-app']//ytd-mini-guide-entry-renderer
17:47:27 [TestNG-test-Yt Master Tests-2] INFO  verifyingSideMenuCollapsedLangAsInSettings_17-46-41 - [verifyingSideMenuCollapsedLangAsInSettings_17-46-41] Found 4 ready elements (attempt 1): By.xpath: //ytd-mini-guide-renderer[@class='style-scope ytd-app']//ytd-mini-guide-entry-renderer
17:47:27 [TestNG-test-Yt Master Tests-2] INFO  verifyingSideMenuCollapsedLangAsInSettings_17-46-41 - Clicking settings ellipses button...
17:47:27 [TestNG-test-Yt Master Tests-2] INFO  verifyingSideMenuCollapsedLangAsInSettings_17-46-41 - [verifyingSideMenuCollapsedLangAsInSettings_17-46-41] Trying to find element: By.xpath: //ytd-topbar-menu-button-renderer[@class='style-scope ytd-masthead style-default']
17:47:28 [TestNG-test-Yt Master Tests-2] INFO  verifyingSideMenuCollapsedLangAsInSettings_17-46-41 - [verifyingSideMenuCollapsedLangAsInSettings_17-46-41] Element found and ready (attempt 1): By.xpath: //ytd-topbar-menu-button-renderer[@class='style-scope ytd-masthead style-default']
17:47:28 [TestNG-test-Yt Master Tests-2] INFO  verifyingSideMenuCollapsedLangAsInSettings_17-46-41 - Clicking language dropdown...
17:47:28 [TestNG-test-Yt Master Tests-2] INFO  verifyingSideMenuCollapsedLangAsInSettings_17-46-41 - [verifyingSideMenuCollapsedLangAsInSettings_17-46-41] Trying to find element: By.xpath: (//div[@id='content-icon'])[2]
17:47:28 [TestNG-test-Yt Master Tests-2] INFO  verifyingSideMenuCollapsedLangAsInSettings_17-46-41 - [verifyingSideMenuCollapsedLangAsInSettings_17-46-41] Element found and ready (attempt 1): By.xpath: (//div[@id='content-icon'])[2]
