2026-03-03 13:01:39.200 [TestNG-test-Yt Master Tests-1] INFO  [verifyingSideMenuLanguageAsInSettings] ===== STARTING TEST: verifyingSideMenuLanguageAsInSettings  | Thread: 33 =====
2026-03-03 13:01:39.227 [TestNG-test-Yt Master Tests-1] INFO  [verifyingSideMenuLanguageAsInSettings] No existing WebDriver found for current thread. Initializing a new ChromeDriver...
2026-03-03 13:01:39.229 [TestNG-test-Yt Master Tests-1] INFO  [verifyingSideMenuLanguageAsInSettings] Loaded config from classpath: masterdata.properties
2026-03-03 13:01:41.307 [TestNG-test-Yt Master Tests-1] INFO  [verifyingSideMenuLanguageAsInSettings] WebDriverManager: chromedriver setup OK
2026-03-03 13:02:00.756 [TestNG-test-Yt Master Tests-1] INFO  [verifyingSideMenuLanguageAsInSettings] ChromeDriver initialized successfully for thread: 33
2026-03-03 13:02:00.756 [TestNG-test-Yt Master Tests-1] INFO  [verifyingSideMenuLanguageAsInSettings] Driver initialized successfully for test: verifyingSideMenuLanguageAsInSettings
2026-03-03 13:02:00.925 [TestNG-test-Yt Master Tests-1] INFO  [verifyingSideMenuLanguageAsInSettings] SafeActions initialized with driver ChromeDriver: chrome on windows (d9a77a8d9f2a23c9f9b09fd2fd35878e)
2026-03-03 13:02:00.925 [TestNG-test-Yt Master Tests-1] INFO  [verifyingSideMenuLanguageAsInSettings] Initialized YtLandingPage with driver: ChromeDriver: chrome on windows (d9a77a8d9f2a23c9f9b09fd2fd35878e)
2026-03-03 13:02:00.930 [TestNG-test-Yt Master Tests-1] INFO  [verifyingSideMenuLanguageAsInSettings] SafeActions initialized with driver ChromeDriver: chrome on windows (d9a77a8d9f2a23c9f9b09fd2fd35878e)
2026-03-03 13:02:12.202 [TestNG-test-Yt Master Tests-1] INFO  [verifyingSideMenuLanguageAsInSettings] Opened YouTube landing page.
2026-03-03 13:02:12.203 [TestNG-test-Yt Master Tests-1] INFO  [verifyingSideMenuLanguageAsInSettings] Clicking left ellipses in the landing page
2026-03-03 13:02:12.203 [TestNG-test-Yt Master Tests-1] INFO  [verifyingSideMenuLanguageAsInSettings] [verifyingSideMenuLanguageAsInSettings] Trying to find element: By.xpath: //ytd-topbar-logo-renderer[@id='logo']/preceding-sibling::*[@id='guide-button']
2026-03-03 13:02:12.802 [TestNG-test-Yt Master Tests-1] INFO  [verifyingSideMenuLanguageAsInSettings] [verifyingSideMenuLanguageAsInSettings] Element found and ready (attempt 1): By.xpath: //ytd-topbar-logo-renderer[@id='logo']/preceding-sibling::*[@id='guide-button']
2026-03-03 13:02:13.141 [TestNG-test-Yt Master Tests-1] INFO  [verifyingSideMenuLanguageAsInSettings] Clicking settings ellipses button...
2026-03-03 13:02:13.141 [TestNG-test-Yt Master Tests-1] INFO  [verifyingSideMenuLanguageAsInSettings] [verifyingSideMenuLanguageAsInSettings] Trying to find element: By.xpath: //ytd-topbar-menu-button-renderer[@class='style-scope ytd-masthead style-default']
2026-03-03 13:02:13.594 [TestNG-test-Yt Master Tests-1] INFO  [verifyingSideMenuLanguageAsInSettings] [verifyingSideMenuLanguageAsInSettings] Element found and ready (attempt 1): By.xpath: //ytd-topbar-menu-button-renderer[@class='style-scope ytd-masthead style-default']
2026-03-03 13:02:14.657 [TestNG-test-Yt Master Tests-1] WARN  [verifyingSideMenuLanguageAsInSettings] [verifyingSideMenuLanguageAsInSettings] Retrying test 'verifyingSideMenuLanguageAsInSettings' (attempt 1) due to: element click intercepted: Element <ytd-topbar-menu-button-renderer class="style-scope ytd-masthead style-default" use-keyboard-focused="" is-icon-button="" has-no-text="">...</ytd-topbar-menu-button-renderer> is not clickable at point (626, 28). Other element would receive the click: <div id="scrim" class="style-scope tp-yt-app-drawer visible" style="transition-duration: 200ms;"></div>
  (Session info: chrome=145.0.7632.117)
Build info: version: '4.27.0', revision: 'd6e718d134'
System info: os.name: 'Windows Server 2025', os.arch: 'amd64', os.version: '10.0', java.version: '24.0.2'
Driver info: org.openqa.selenium.chrome.ChromeDriver
Command: [d9a77a8d9f2a23c9f9b09fd2fd35878e, clickElement {id=f.92CC3063FBC64E3E3EB28EC8A0926249.d.A06DAEA56987201B485327C4E7841918.e.19}]
Capabilities {acceptInsecureCerts: false, browserName: chrome, browserVersion: 145.0.7632.117, chrome: {chromedriverVersion: 145.0.7632.117 (de4e5d6e13b..., userDataDir: C:\Windows\SystemTemp\scope...}, fedcm:accounts: true, goog:chromeOptions: {debuggerAddress: localhost:63030}, goog:processID: 8360, networkConnectionEnabled: false, pageLoadStrategy: normal, platformName: windows, proxy: Proxy(), se:cdp: ws://localhost:63030/devtoo..., se:cdpVersion: 145.0.7632.117, setWindowRect: true, strictFileInteractability: false, timeouts: {implicit: 0, pageLoad: 300000, script: 30000}, unhandledPromptBehavior: dismiss and notify, webauthn:extension:credBlob: true, webauthn:extension:largeBlob: true, webauthn:extension:minPinLength: true, webauthn:extension:prf: true, webauthn:virtualAuthenticators: true}
Element: [[ChromeDriver: chrome on windows (d9a77a8d9f2a23c9f9b09fd2fd35878e)] -> xpath: //ytd-topbar-menu-button-renderer[@class='style-scope ytd-masthead style-default']]
Session ID: d9a77a8d9f2a23c9f9b09fd2fd35878e
2026-03-03 13:02:14.665 [TestNG-test-Yt Master Tests-1] WARN  [verifyingSideMenuLanguageAsInSettings] Test SKIPPED: verifyingSideMenuLanguageAsInSettings
2026-03-03 13:02:14.665 [TestNG-test-Yt Master Tests-1] INFO  [verifyingSideMenuLanguageAsInSettings] Closing WebDriver for thread: 33
2026-03-03 13:02:15.060 [TestNG-test-Yt Master Tests-1] INFO  [verifyingSideMenuLanguageAsInSettings] WebDriver instance removed from ThreadLocal for thread: 33
2026-03-03 13:02:15.060 [TestNG-test-Yt Master Tests-1] INFO  [verifyingSideMenuLanguageAsInSettings] Driver closed for test: verifyingSideMenuLanguageAsInSettings
2026-03-03 13:02:15.066 [TestNG-test-Yt Master Tests-1] INFO  [verifyingSideMenuLanguageAsInSettings] ===== STARTING TEST: verifyingSideMenuLanguageAsInSettings  | Thread: 33 =====
2026-03-03 13:02:15.066 [TestNG-test-Yt Master Tests-1] INFO  [verifyingSideMenuLanguageAsInSettings] No existing WebDriver found for current thread. Initializing a new ChromeDriver...
2026-03-03 13:02:15.261 [TestNG-test-Yt Master Tests-1] INFO  [verifyingSideMenuLanguageAsInSettings] WebDriverManager: chromedriver setup OK
2026-03-03 13:02:16.810 [TestNG-test-Yt Master Tests-1] INFO  [verifyingSideMenuLanguageAsInSettings] ChromeDriver initialized successfully for thread: 33
2026-03-03 13:02:16.810 [TestNG-test-Yt Master Tests-1] INFO  [verifyingSideMenuLanguageAsInSettings] Driver initialized successfully for test: verifyingSideMenuLanguageAsInSettings
2026-03-03 13:02:16.812 [TestNG-test-Yt Master Tests-1] INFO  [verifyingSideMenuLanguageAsInSettings] SafeActions initialized with driver ChromeDriver: chrome on windows (346d19c2d9a59bfd2a2d11ea23266475)
2026-03-03 13:02:16.812 [TestNG-test-Yt Master Tests-1] INFO  [verifyingSideMenuLanguageAsInSettings] Initialized YtLandingPage with driver: ChromeDriver: chrome on windows (346d19c2d9a59bfd2a2d11ea23266475)
2026-03-03 13:02:16.812 [TestNG-test-Yt Master Tests-1] INFO  [verifyingSideMenuLanguageAsInSettings] SafeActions initialized with driver ChromeDriver: chrome on windows (346d19c2d9a59bfd2a2d11ea23266475)
2026-03-03 13:02:19.187 [TestNG-test-Yt Master Tests-1] INFO  [verifyingSideMenuLanguageAsInSettings] Opened YouTube landing page.
2026-03-03 13:02:19.187 [TestNG-test-Yt Master Tests-1] INFO  [verifyingSideMenuLanguageAsInSettings] Clicking left ellipses in the landing page
2026-03-03 13:02:19.188 [TestNG-test-Yt Master Tests-1] INFO  [verifyingSideMenuLanguageAsInSettings] [verifyingSideMenuLanguageAsInSettings] Trying to find element: By.xpath: //ytd-topbar-logo-renderer[@id='logo']/preceding-sibling::*[@id='guide-button']
2026-03-03 13:02:19.505 [TestNG-test-Yt Master Tests-1] INFO  [verifyingSideMenuLanguageAsInSettings] [verifyingSideMenuLanguageAsInSettings] Element found and ready (attempt 1): By.xpath: //ytd-topbar-logo-renderer[@id='logo']/preceding-sibling::*[@id='guide-button']
2026-03-03 13:02:19.750 [TestNG-test-Yt Master Tests-1] INFO  [verifyingSideMenuLanguageAsInSettings] Clicking settings ellipses button...
2026-03-03 13:02:19.750 [TestNG-test-Yt Master Tests-1] INFO  [verifyingSideMenuLanguageAsInSettings] [verifyingSideMenuLanguageAsInSettings] Trying to find element: By.xpath: //ytd-topbar-menu-button-renderer[@class='style-scope ytd-masthead style-default']
2026-03-03 13:02:20.077 [TestNG-test-Yt Master Tests-1] INFO  [verifyingSideMenuLanguageAsInSettings] [verifyingSideMenuLanguageAsInSettings] Element found and ready (attempt 1): By.xpath: //ytd-topbar-menu-button-renderer[@class='style-scope ytd-masthead style-default']
2026-03-03 13:02:21.187 [TestNG-test-Yt Master Tests-1] INFO  [verifyingSideMenuLanguageAsInSettings] [verifyingSideMenuLanguageAsInSettings] Not retrying test 'verifyingSideMenuLanguageAsInSettings'. Retry count: 1, Cause: element click intercepted: Element <ytd-topbar-menu-button-renderer class="style-scope ytd-masthead style-default" use-keyboard-focused="" is-icon-button="" has-no-text="">...</ytd-topbar-menu-button-renderer> is not clickable at point (626, 28). Other element would receive the click: <div id="scrim" class="style-scope tp-yt-app-drawer visible" style="transition-duration: 200ms;"></div>
  (Session info: chrome=145.0.7632.117)
Build info: version: '4.27.0', revision: 'd6e718d134'
System info: os.name: 'Windows Server 2025', os.arch: 'amd64', os.version: '10.0', java.version: '24.0.2'
Driver info: org.openqa.selenium.chrome.ChromeDriver
Command: [346d19c2d9a59bfd2a2d11ea23266475, clickElement {id=f.7D5DC9B21F913D23D5804EBBD82BB4B6.d.29D90D0CC420BA47CE8A6760771FBEBB.e.20}]
Capabilities {acceptInsecureCerts: false, browserName: chrome, browserVersion: 145.0.7632.117, chrome: {chromedriverVersion: 145.0.7632.117 (de4e5d6e13b..., userDataDir: C:\Windows\SystemTemp\scope...}, fedcm:accounts: true, goog:chromeOptions: {debuggerAddress: localhost:60858}, goog:processID: 6844, networkConnectionEnabled: false, pageLoadStrategy: normal, platformName: windows, proxy: Proxy(), se:cdp: ws://localhost:60858/devtoo..., se:cdpVersion: 145.0.7632.117, setWindowRect: true, strictFileInteractability: false, timeouts: {implicit: 0, pageLoad: 300000, script: 30000}, unhandledPromptBehavior: dismiss and notify, webauthn:extension:credBlob: true, webauthn:extension:largeBlob: true, webauthn:extension:minPinLength: true, webauthn:extension:prf: true, webauthn:virtualAuthenticators: true}
Element: [[ChromeDriver: chrome on windows (346d19c2d9a59bfd2a2d11ea23266475)] -> xpath: //ytd-topbar-menu-button-renderer[@class='style-scope ytd-masthead style-default']]
Session ID: 346d19c2d9a59bfd2a2d11ea23266475
2026-03-03 13:02:21.192 [TestNG-test-Yt Master Tests-1] ERROR [verifyingSideMenuLanguageAsInSettings] Test FAILED: verifyingSideMenuLanguageAsInSettings - org.openqa.selenium.ElementClickInterceptedException: element click intercepted: Element <ytd-topbar-menu-button-renderer class="style-scope ytd-masthead style-default" use-keyboard-focused="" is-icon-button="" has-no-text="">...</ytd-topbar-menu-button-renderer> is not clickable at point (626, 28). Other element would receive the click: <div id="scrim" class="style-scope tp-yt-app-drawer visible" style="transition-duration: 200ms;"></div>
  (Session info: chrome=145.0.7632.117)
Build info: version: '4.27.0', revision: 'd6e718d134'
System info: os.name: 'Windows Server 2025', os.arch: 'amd64', os.version: '10.0', java.version: '24.0.2'
Driver info: org.openqa.selenium.chrome.ChromeDriver
Command: [346d19c2d9a59bfd2a2d11ea23266475, clickElement {id=f.7D5DC9B21F913D23D5804EBBD82BB4B6.d.29D90D0CC420BA47CE8A6760771FBEBB.e.20}]
Capabilities {acceptInsecureCerts: false, browserName: chrome, browserVersion: 145.0.7632.117, chrome: {chromedriverVersion: 145.0.7632.117 (de4e5d6e13b..., userDataDir: C:\Windows\SystemTemp\scope...}, fedcm:accounts: true, goog:chromeOptions: {debuggerAddress: localhost:60858}, goog:processID: 6844, networkConnectionEnabled: false, pageLoadStrategy: normal, platformName: windows, proxy: Proxy(), se:cdp: ws://localhost:60858/devtoo..., se:cdpVersion: 145.0.7632.117, setWindowRect: true, strictFileInteractability: false, timeouts: {implicit: 0, pageLoad: 300000, script: 30000}, unhandledPromptBehavior: dismiss and notify, webauthn:extension:credBlob: true, webauthn:extension:largeBlob: true, webauthn:extension:minPinLength: true, webauthn:extension:prf: true, webauthn:virtualAuthenticators: true}
Element: [[ChromeDriver: chrome on windows (346d19c2d9a59bfd2a2d11ea23266475)] -> xpath: //ytd-topbar-menu-button-renderer[@class='style-scope ytd-masthead style-default']]
Session ID: 346d19c2d9a59bfd2a2d11ea23266475
2026-03-03 13:02:21.192 [TestNG-test-Yt Master Tests-1] INFO  [verifyingSideMenuLanguageAsInSettings] Closing WebDriver for thread: 33
2026-03-03 13:02:21.381 [TestNG-test-Yt Master Tests-1] INFO  [verifyingSideMenuLanguageAsInSettings] WebDriver instance removed from ThreadLocal for thread: 33
2026-03-03 13:02:21.381 [TestNG-test-Yt Master Tests-1] INFO  [verifyingSideMenuLanguageAsInSettings] Driver closed for test: verifyingSideMenuLanguageAsInSettings
