20:14:35 [TestNG-test-Yt Master Tests-3] INFO  verifyingSideMenuCollapsedLangAsInSettings_20-14-35 - No existing WebDriver found for current thread. Initializing a new ChromeDriver...
20:14:35 [TestNG-test-Yt Master Tests-3] INFO  verifyingSideMenuCollapsedLangAsInSettings_20-14-35 - WebDriverManager: chromedriver setup OK
20:14:39 [TestNG-test-Yt Master Tests-3] INFO  verifyingSideMenuCollapsedLangAsInSettings_20-14-35 - ChromeDriver initialized successfully for thread: 36
20:14:39 [TestNG-test-Yt Master Tests-3] INFO  verifyingSideMenuCollapsedLangAsInSettings_20-14-35 - SafeActions initialized with driver ChromeDriver: chrome on windows (61e083a51426949f6bb966b0bc71fae8)
20:14:39 [TestNG-test-Yt Master Tests-3] INFO  verifyingSideMenuCollapsedLangAsInSettings_20-14-35 - Initialized YtLandingPage with driver: ChromeDriver: chrome on windows (61e083a51426949f6bb966b0bc71fae8)
20:14:39 [TestNG-test-Yt Master Tests-3] INFO  verifyingSideMenuCollapsedLangAsInSettings_20-14-35 - SafeActions initialized with driver ChromeDriver: chrome on windows (61e083a51426949f6bb966b0bc71fae8)
20:14:47 [TestNG-test-Yt Master Tests-3] INFO  verifyingSideMenuCollapsedLangAsInSettings_20-14-35 - Opened YouTube landing page.
20:14:47 [TestNG-test-Yt Master Tests-3] INFO  verifyingSideMenuCollapsedLangAsInSettings_20-14-35 - Clicking left ellipses in the landing page
20:14:47 [TestNG-test-Yt Master Tests-3] INFO  verifyingSideMenuCollapsedLangAsInSettings_20-14-35 - [verifyingSideMenuCollapsedLangAsInSettings_20-14-35] Trying to find element: By.xpath: //ytd-topbar-logo-renderer[@id='logo']/preceding-sibling::*[@id='guide-button']
20:14:47 [TestNG-test-Yt Master Tests-3] INFO  verifyingSideMenuCollapsedLangAsInSettings_20-14-35 - [verifyingSideMenuCollapsedLangAsInSettings_20-14-35] Element found and ready (attempt 1): By.xpath: //ytd-topbar-logo-renderer[@id='logo']/preceding-sibling::*[@id='guide-button']
20:14:47 [TestNG-test-Yt Master Tests-3] INFO  verifyingSideMenuCollapsedLangAsInSettings_20-14-35 - Clicking settings ellipses button...
20:14:47 [TestNG-test-Yt Master Tests-3] INFO  verifyingSideMenuCollapsedLangAsInSettings_20-14-35 - [verifyingSideMenuCollapsedLangAsInSettings_20-14-35] Trying to find element: By.xpath: //ytd-topbar-menu-button-renderer[@class='style-scope ytd-masthead style-default']
20:14:47 [TestNG-test-Yt Master Tests-3] INFO  verifyingSideMenuCollapsedLangAsInSettings_20-14-35 - [verifyingSideMenuCollapsedLangAsInSettings_20-14-35] Element found and ready (attempt 1): By.xpath: //ytd-topbar-menu-button-renderer[@class='style-scope ytd-masthead style-default']
20:14:47 [TestNG-test-Yt Master Tests-3] INFO  verifyingSideMenuCollapsedLangAsInSettings_20-14-35 - Clicking language dropdown...
20:14:47 [TestNG-test-Yt Master Tests-3] INFO  verifyingSideMenuCollapsedLangAsInSettings_20-14-35 - [verifyingSideMenuCollapsedLangAsInSettings_20-14-35] Trying to find element: By.xpath: (//div[@id='content-icon'])[2]
20:14:48 [TestNG-test-Yt Master Tests-3] INFO  verifyingSideMenuCollapsedLangAsInSettings_20-14-35 - [verifyingSideMenuCollapsedLangAsInSettings_20-14-35] Element found and ready (attempt 1): By.xpath: (//div[@id='content-icon'])[2]
20:14:48 [TestNG-test-Yt Master Tests-3] INFO  verifyingSideMenuCollapsedLangAsInSettings_20-14-35 - [verifyingSideMenuCollapsedLangAsInSettings_20-14-35] Execution is scheduled type /CRON Job on CI Hence refering to CI keys from UtilData
20:14:48 [TestNG-test-Yt Master Tests-3] INFO  verifyingSideMenuCollapsedLangAsInSettings_20-14-35 - Looking for language element with name: Afrikaans
20:14:48 [TestNG-test-Yt Master Tests-3] INFO  verifyingSideMenuCollapsedLangAsInSettings_20-14-35 - [verifyingSideMenuCollapsedLangAsInSettings_20-14-35] Trying to find element: By.xpath: //yt-multi-page-menu-section-renderer[@class='style-scope ytd-multi-page-menu-renderer']//yt-formatted-string[@id='label' and text()='Afrikaans']
20:14:49 [TestNG-test-Yt Master Tests-3] INFO  verifyingSideMenuCollapsedLangAsInSettings_20-14-35 - [verifyingSideMenuCollapsedLangAsInSettings_20-14-35] Element found and ready (attempt 1): By.xpath: //yt-multi-page-menu-section-renderer[@class='style-scope ytd-multi-page-menu-renderer']//yt-formatted-string[@id='label' and text()='Afrikaans']
20:14:49 [TestNG-test-Yt Master Tests-3] INFO  verifyingSideMenuCollapsedLangAsInSettings_20-14-35 - [verifyingSideMenuCollapsedLangAsInSettings_20-14-35] Trying to find element: By.xpath: //yt-multi-page-menu-section-renderer[@class='style-scope ytd-multi-page-menu-renderer']//yt-formatted-string[@id='label' and text()='Afrikaans']
20:14:49 [TestNG-test-Yt Master Tests-3] INFO  verifyingSideMenuCollapsedLangAsInSettings_20-14-35 - [verifyingSideMenuCollapsedLangAsInSettings_20-14-35] Element found and ready (attempt 1): By.xpath: //yt-multi-page-menu-section-renderer[@class='style-scope ytd-multi-page-menu-renderer']//yt-formatted-string[@id='label' and text()='Afrikaans']
20:14:53 [TestNG-test-Yt Master Tests-3] INFO  verifyingSideMenuCollapsedLangAsInSettings_20-14-35 - Clicking settings ellipses button...
20:14:53 [TestNG-test-Yt Master Tests-3] INFO  verifyingSideMenuCollapsedLangAsInSettings_20-14-35 - [verifyingSideMenuCollapsedLangAsInSettings_20-14-35] Trying to find element: By.xpath: //ytd-topbar-menu-button-renderer[@class='style-scope ytd-masthead style-default']
20:14:53 [TestNG-test-Yt Master Tests-3] INFO  verifyingSideMenuCollapsedLangAsInSettings_20-14-35 - [verifyingSideMenuCollapsedLangAsInSettings_20-14-35] Element found and ready (attempt 1): By.xpath: //ytd-topbar-menu-button-renderer[@class='style-scope ytd-masthead style-default']
20:14:53 [TestNG-test-Yt Master Tests-3] INFO  verifyingSideMenuCollapsedLangAsInSettings_20-14-35 - [verifyingSideMenuCollapsedLangAsInSettings_20-14-35] Waiting until element is visible in viewport
20:14:54 [TestNG-test-Yt Master Tests-3] INFO  verifyingSideMenuCollapsedLangAsInSettings_20-14-35 - Clicking settings ellipses button...
20:14:54 [TestNG-test-Yt Master Tests-3] INFO  verifyingSideMenuCollapsedLangAsInSettings_20-14-35 - [verifyingSideMenuCollapsedLangAsInSettings_20-14-35] Trying to find element: By.xpath: //ytd-topbar-menu-button-renderer[@class='style-scope ytd-masthead style-default']
20:14:54 [TestNG-test-Yt Master Tests-3] INFO  verifyingSideMenuCollapsedLangAsInSettings_20-14-35 - [verifyingSideMenuCollapsedLangAsInSettings_20-14-35] Element found and ready (attempt 1): By.xpath: //ytd-topbar-menu-button-renderer[@class='style-scope ytd-masthead style-default']
20:14:54 [TestNG-test-Yt Master Tests-3] INFO  verifyingSideMenuCollapsedLangAsInSettings_20-14-35 - getLangAttribute() - locating <html> and reading lang property
20:14:54 [TestNG-test-Yt Master Tests-3] INFO  verifyingSideMenuCollapsedLangAsInSettings_20-14-35 - Language attribute read: af-ZA
20:14:54 [TestNG-test-Yt Master Tests-3] INFO  verifyingSideMenuCollapsedLangAsInSettings_20-14-35 - Fetching the side menu in collapsed view
20:14:54 [TestNG-test-Yt Master Tests-3] INFO  verifyingSideMenuCollapsedLangAsInSettings_20-14-35 - [verifyingSideMenuCollapsedLangAsInSettings_20-14-35] Finding elements list: By.xpath: //ytd-mini-guide-renderer[@class='style-scope ytd-app']//ytd-mini-guide-entry-renderer
20:14:55 [TestNG-test-Yt Master Tests-3] INFO  verifyingSideMenuCollapsedLangAsInSettings_20-14-35 - [verifyingSideMenuCollapsedLangAsInSettings_20-14-35] Found 4 ready elements (attempt 1): By.xpath: //ytd-mini-guide-renderer[@class='style-scope ytd-app']//ytd-mini-guide-entry-renderer
20:14:55 [TestNG-test-Yt Master Tests-3] INFO  verifyingSideMenuCollapsedLangAsInSettings_20-14-35 - Clicking settings ellipses button...
20:14:55 [TestNG-test-Yt Master Tests-3] INFO  verifyingSideMenuCollapsedLangAsInSettings_20-14-35 - [verifyingSideMenuCollapsedLangAsInSettings_20-14-35] Trying to find element: By.xpath: //ytd-topbar-menu-button-renderer[@class='style-scope ytd-masthead style-default']
20:14:55 [TestNG-test-Yt Master Tests-3] INFO  verifyingSideMenuCollapsedLangAsInSettings_20-14-35 - [verifyingSideMenuCollapsedLangAsInSettings_20-14-35] Element found and ready (attempt 1): By.xpath: //ytd-topbar-menu-button-renderer[@class='style-scope ytd-masthead style-default']
20:14:55 [TestNG-test-Yt Master Tests-3] INFO  verifyingSideMenuCollapsedLangAsInSettings_20-14-35 - Clicking language dropdown...
20:14:55 [TestNG-test-Yt Master Tests-3] INFO  verifyingSideMenuCollapsedLangAsInSettings_20-14-35 - [verifyingSideMenuCollapsedLangAsInSettings_20-14-35] Trying to find element: By.xpath: (//div[@id='content-icon'])[2]
20:14:56 [TestNG-test-Yt Master Tests-3] INFO  verifyingSideMenuCollapsedLangAsInSettings_20-14-35 - [verifyingSideMenuCollapsedLangAsInSettings_20-14-35] Element found and ready (attempt 1): By.xpath: (//div[@id='content-icon'])[2]
20:14:57 [TestNG-test-Yt Master Tests-3] INFO  verifyingSideMenuCollapsedLangAsInSettings_20-14-35 - Looking for language element with name: Azərbaycan
20:14:57 [TestNG-test-Yt Master Tests-3] INFO  verifyingSideMenuCollapsedLangAsInSettings_20-14-35 - [verifyingSideMenuCollapsedLangAsInSettings_20-14-35] Trying to find element: By.xpath: //yt-multi-page-menu-section-renderer[@class='style-scope ytd-multi-page-menu-renderer']//yt-formatted-string[@id='label' and text()='Azərbaycan']
20:14:57 [TestNG-test-Yt Master Tests-3] INFO  verifyingSideMenuCollapsedLangAsInSettings_20-14-35 - [verifyingSideMenuCollapsedLangAsInSettings_20-14-35] Element found and ready (attempt 1): By.xpath: //yt-multi-page-menu-section-renderer[@class='style-scope ytd-multi-page-menu-renderer']//yt-formatted-string[@id='label' and text()='Azərbaycan']
20:14:57 [TestNG-test-Yt Master Tests-3] INFO  verifyingSideMenuCollapsedLangAsInSettings_20-14-35 - [verifyingSideMenuCollapsedLangAsInSettings_20-14-35] Trying to find element: By.xpath: //yt-multi-page-menu-section-renderer[@class='style-scope ytd-multi-page-menu-renderer']//yt-formatted-string[@id='label' and text()='Azərbaycan']
20:14:57 [TestNG-test-Yt Master Tests-3] INFO  verifyingSideMenuCollapsedLangAsInSettings_20-14-35 - [verifyingSideMenuCollapsedLangAsInSettings_20-14-35] Element found and ready (attempt 1): By.xpath: //yt-multi-page-menu-section-renderer[@class='style-scope ytd-multi-page-menu-renderer']//yt-formatted-string[@id='label' and text()='Azərbaycan']
20:14:59 [TestNG-test-Yt Master Tests-3] INFO  verifyingSideMenuCollapsedLangAsInSettings_20-14-35 - Clicking settings ellipses button...
20:14:59 [TestNG-test-Yt Master Tests-3] INFO  verifyingSideMenuCollapsedLangAsInSettings_20-14-35 - [verifyingSideMenuCollapsedLangAsInSettings_20-14-35] Trying to find element: By.xpath: //ytd-topbar-menu-button-renderer[@class='style-scope ytd-masthead style-default']
20:14:59 [TestNG-test-Yt Master Tests-3] INFO  verifyingSideMenuCollapsedLangAsInSettings_20-14-35 - [verifyingSideMenuCollapsedLangAsInSettings_20-14-35] Element found and ready (attempt 1): By.xpath: //ytd-topbar-menu-button-renderer[@class='style-scope ytd-masthead style-default']
20:14:59 [TestNG-test-Yt Master Tests-3] INFO  verifyingSideMenuCollapsedLangAsInSettings_20-14-35 - [verifyingSideMenuCollapsedLangAsInSettings_20-14-35] Waiting until element is visible in viewport
20:15:00 [TestNG-test-Yt Master Tests-3] INFO  verifyingSideMenuCollapsedLangAsInSettings_20-14-35 - Clicking settings ellipses button...
20:15:00 [TestNG-test-Yt Master Tests-3] INFO  verifyingSideMenuCollapsedLangAsInSettings_20-14-35 - [verifyingSideMenuCollapsedLangAsInSettings_20-14-35] Trying to find element: By.xpath: //ytd-topbar-menu-button-renderer[@class='style-scope ytd-masthead style-default']
20:15:00 [TestNG-test-Yt Master Tests-3] INFO  verifyingSideMenuCollapsedLangAsInSettings_20-14-35 - [verifyingSideMenuCollapsedLangAsInSettings_20-14-35] Element found and ready (attempt 1): By.xpath: //ytd-topbar-menu-button-renderer[@class='style-scope ytd-masthead style-default']
20:15:00 [TestNG-test-Yt Master Tests-3] INFO  verifyingSideMenuCollapsedLangAsInSettings_20-14-35 - getLangAttribute() - locating <html> and reading lang property
20:15:00 [TestNG-test-Yt Master Tests-3] INFO  verifyingSideMenuCollapsedLangAsInSettings_20-14-35 - Language attribute read: az-Latn-AZ
20:15:00 [TestNG-test-Yt Master Tests-3] INFO  verifyingSideMenuCollapsedLangAsInSettings_20-14-35 - Fetching the side menu in collapsed view
20:15:00 [TestNG-test-Yt Master Tests-3] INFO  verifyingSideMenuCollapsedLangAsInSettings_20-14-35 - [verifyingSideMenuCollapsedLangAsInSettings_20-14-35] Finding elements list: By.xpath: //ytd-mini-guide-renderer[@class='style-scope ytd-app']//ytd-mini-guide-entry-renderer
20:15:00 [TestNG-test-Yt Master Tests-3] INFO  verifyingSideMenuCollapsedLangAsInSettings_20-14-35 - [verifyingSideMenuCollapsedLangAsInSettings_20-14-35] Found 4 ready elements (attempt 1): By.xpath: //ytd-mini-guide-renderer[@class='style-scope ytd-app']//ytd-mini-guide-entry-renderer
20:15:00 [TestNG-test-Yt Master Tests-3] INFO  verifyingSideMenuCollapsedLangAsInSettings_20-14-35 - Clicking settings ellipses button...
20:15:00 [TestNG-test-Yt Master Tests-3] INFO  verifyingSideMenuCollapsedLangAsInSettings_20-14-35 - [verifyingSideMenuCollapsedLangAsInSettings_20-14-35] Trying to find element: By.xpath: //ytd-topbar-menu-button-renderer[@class='style-scope ytd-masthead style-default']
20:15:00 [TestNG-test-Yt Master Tests-3] INFO  verifyingSideMenuCollapsedLangAsInSettings_20-14-35 - [verifyingSideMenuCollapsedLangAsInSettings_20-14-35] Element found and ready (attempt 1): By.xpath: //ytd-topbar-menu-button-renderer[@class='style-scope ytd-masthead style-default']
20:15:00 [TestNG-test-Yt Master Tests-3] INFO  verifyingSideMenuCollapsedLangAsInSettings_20-14-35 - Clicking language dropdown...
20:15:00 [TestNG-test-Yt Master Tests-3] INFO  verifyingSideMenuCollapsedLangAsInSettings_20-14-35 - [verifyingSideMenuCollapsedLangAsInSettings_20-14-35] Trying to find element: By.xpath: (//div[@id='content-icon'])[2]
20:15:01 [TestNG-test-Yt Master Tests-3] INFO  verifyingSideMenuCollapsedLangAsInSettings_20-14-35 - [verifyingSideMenuCollapsedLangAsInSettings_20-14-35] Element found and ready (attempt 1): By.xpath: (//div[@id='content-icon'])[2]
20:15:01 [TestNG-test-Yt Master Tests-3] INFO  verifyingSideMenuCollapsedLangAsInSettings_20-14-35 - Looking for language element with name: Bahasa Indonesia
20:15:01 [TestNG-test-Yt Master Tests-3] INFO  verifyingSideMenuCollapsedLangAsInSettings_20-14-35 - [verifyingSideMenuCollapsedLangAsInSettings_20-14-35] Trying to find element: By.xpath: //yt-multi-page-menu-section-renderer[@class='style-scope ytd-multi-page-menu-renderer']//yt-formatted-string[@id='label' and text()='Bahasa Indonesia']
20:15:01 [TestNG-test-Yt Master Tests-3] INFO  verifyingSideMenuCollapsedLangAsInSettings_20-14-35 - [verifyingSideMenuCollapsedLangAsInSettings_20-14-35] Element found and ready (attempt 1): By.xpath: //yt-multi-page-menu-section-renderer[@class='style-scope ytd-multi-page-menu-renderer']//yt-formatted-string[@id='label' and text()='Bahasa Indonesia']
20:15:01 [TestNG-test-Yt Master Tests-3] INFO  verifyingSideMenuCollapsedLangAsInSettings_20-14-35 - [verifyingSideMenuCollapsedLangAsInSettings_20-14-35] Trying to find element: By.xpath: //yt-multi-page-menu-section-renderer[@class='style-scope ytd-multi-page-menu-renderer']//yt-formatted-string[@id='label' and text()='Bahasa Indonesia']
20:15:02 [TestNG-test-Yt Master Tests-3] INFO  verifyingSideMenuCollapsedLangAsInSettings_20-14-35 - [verifyingSideMenuCollapsedLangAsInSettings_20-14-35] Element found and ready (attempt 1): By.xpath: //yt-multi-page-menu-section-renderer[@class='style-scope ytd-multi-page-menu-renderer']//yt-formatted-string[@id='label' and text()='Bahasa Indonesia']
20:15:04 [TestNG-test-Yt Master Tests-3] INFO  verifyingSideMenuCollapsedLangAsInSettings_20-14-35 - Clicking settings ellipses button...
20:15:04 [TestNG-test-Yt Master Tests-3] INFO  verifyingSideMenuCollapsedLangAsInSettings_20-14-35 - [verifyingSideMenuCollapsedLangAsInSettings_20-14-35] Trying to find element: By.xpath: //ytd-topbar-menu-button-renderer[@class='style-scope ytd-masthead style-default']
20:15:04 [TestNG-test-Yt Master Tests-3] INFO  verifyingSideMenuCollapsedLangAsInSettings_20-14-35 - [verifyingSideMenuCollapsedLangAsInSettings_20-14-35] Element found and ready (attempt 1): By.xpath: //ytd-topbar-menu-button-renderer[@class='style-scope ytd-masthead style-default']
20:15:04 [TestNG-test-Yt Master Tests-3] INFO  verifyingSideMenuCollapsedLangAsInSettings_20-14-35 - [verifyingSideMenuCollapsedLangAsInSettings_20-14-35] Waiting until element is visible in viewport
20:15:05 [TestNG-test-Yt Master Tests-3] INFO  verifyingSideMenuCollapsedLangAsInSettings_20-14-35 - Clicking settings ellipses button...
20:15:05 [TestNG-test-Yt Master Tests-3] INFO  verifyingSideMenuCollapsedLangAsInSettings_20-14-35 - [verifyingSideMenuCollapsedLangAsInSettings_20-14-35] Trying to find element: By.xpath: //ytd-topbar-menu-button-renderer[@class='style-scope ytd-masthead style-default']
20:15:05 [TestNG-test-Yt Master Tests-3] INFO  verifyingSideMenuCollapsedLangAsInSettings_20-14-35 - [verifyingSideMenuCollapsedLangAsInSettings_20-14-35] Element found and ready (attempt 1): By.xpath: //ytd-topbar-menu-button-renderer[@class='style-scope ytd-masthead style-default']
20:15:05 [TestNG-test-Yt Master Tests-3] INFO  verifyingSideMenuCollapsedLangAsInSettings_20-14-35 - getLangAttribute() - locating <html> and reading lang property
20:15:05 [TestNG-test-Yt Master Tests-3] INFO  verifyingSideMenuCollapsedLangAsInSettings_20-14-35 - Language attribute read: id-ID
20:15:05 [TestNG-test-Yt Master Tests-3] INFO  verifyingSideMenuCollapsedLangAsInSettings_20-14-35 - Fetching the side menu in collapsed view
20:15:05 [TestNG-test-Yt Master Tests-3] INFO  verifyingSideMenuCollapsedLangAsInSettings_20-14-35 - [verifyingSideMenuCollapsedLangAsInSettings_20-14-35] Finding elements list: By.xpath: //ytd-mini-guide-renderer[@class='style-scope ytd-app']//ytd-mini-guide-entry-renderer
20:15:06 [TestNG-test-Yt Master Tests-3] INFO  verifyingSideMenuCollapsedLangAsInSettings_20-14-35 - [verifyingSideMenuCollapsedLangAsInSettings_20-14-35] Found 4 ready elements (attempt 1): By.xpath: //ytd-mini-guide-renderer[@class='style-scope ytd-app']//ytd-mini-guide-entry-renderer
20:15:06 [TestNG-test-Yt Master Tests-3] INFO  verifyingSideMenuCollapsedLangAsInSettings_20-14-35 - Clicking settings ellipses button...
20:15:06 [TestNG-test-Yt Master Tests-3] INFO  verifyingSideMenuCollapsedLangAsInSettings_20-14-35 - [verifyingSideMenuCollapsedLangAsInSettings_20-14-35] Trying to find element: By.xpath: //ytd-topbar-menu-button-renderer[@class='style-scope ytd-masthead style-default']
20:15:06 [TestNG-test-Yt Master Tests-3] INFO  verifyingSideMenuCollapsedLangAsInSettings_20-14-35 - [verifyingSideMenuCollapsedLangAsInSettings_20-14-35] Element found and ready (attempt 1): By.xpath: //ytd-topbar-menu-button-renderer[@class='style-scope ytd-masthead style-default']
20:15:06 [TestNG-test-Yt Master Tests-3] INFO  verifyingSideMenuCollapsedLangAsInSettings_20-14-35 - Clicking language dropdown...
20:15:06 [TestNG-test-Yt Master Tests-3] INFO  verifyingSideMenuCollapsedLangAsInSettings_20-14-35 - [verifyingSideMenuCollapsedLangAsInSettings_20-14-35] Trying to find element: By.xpath: (//div[@id='content-icon'])[2]
20:15:06 [TestNG-test-Yt Master Tests-3] INFO  verifyingSideMenuCollapsedLangAsInSettings_20-14-35 - [verifyingSideMenuCollapsedLangAsInSettings_20-14-35] Element found and ready (attempt 1): By.xpath: (//div[@id='content-icon'])[2]
20:15:07 [TestNG-test-Yt Master Tests-3] INFO  verifyingSideMenuCollapsedLangAsInSettings_20-14-35 - Looking for language element with name: Bosanski
20:15:07 [TestNG-test-Yt Master Tests-3] INFO  verifyingSideMenuCollapsedLangAsInSettings_20-14-35 - [verifyingSideMenuCollapsedLangAsInSettings_20-14-35] Trying to find element: By.xpath: //yt-multi-page-menu-section-renderer[@class='style-scope ytd-multi-page-menu-renderer']//yt-formatted-string[@id='label' and text()='Bosanski']
20:15:07 [TestNG-test-Yt Master Tests-3] INFO  verifyingSideMenuCollapsedLangAsInSettings_20-14-35 - [verifyingSideMenuCollapsedLangAsInSettings_20-14-35] Element found and ready (attempt 1): By.xpath: //yt-multi-page-menu-section-renderer[@class='style-scope ytd-multi-page-menu-renderer']//yt-formatted-string[@id='label' and text()='Bosanski']
20:15:07 [TestNG-test-Yt Master Tests-3] INFO  verifyingSideMenuCollapsedLangAsInSettings_20-14-35 - [verifyingSideMenuCollapsedLangAsInSettings_20-14-35] Trying to find element: By.xpath: //yt-multi-page-menu-section-renderer[@class='style-scope ytd-multi-page-menu-renderer']//yt-formatted-string[@id='label' and text()='Bosanski']
20:15:07 [TestNG-test-Yt Master Tests-3] INFO  verifyingSideMenuCollapsedLangAsInSettings_20-14-35 - [verifyingSideMenuCollapsedLangAsInSettings_20-14-35] Element found and ready (attempt 1): By.xpath: //yt-multi-page-menu-section-renderer[@class='style-scope ytd-multi-page-menu-renderer']//yt-formatted-string[@id='label' and text()='Bosanski']
20:15:09 [TestNG-test-Yt Master Tests-3] INFO  verifyingSideMenuCollapsedLangAsInSettings_20-14-35 - Clicking settings ellipses button...
20:15:09 [TestNG-test-Yt Master Tests-3] INFO  verifyingSideMenuCollapsedLangAsInSettings_20-14-35 - [verifyingSideMenuCollapsedLangAsInSettings_20-14-35] Trying to find element: By.xpath: //ytd-topbar-menu-button-renderer[@class='style-scope ytd-masthead style-default']
20:15:09 [TestNG-test-Yt Master Tests-3] INFO  verifyingSideMenuCollapsedLangAsInSettings_20-14-35 - [verifyingSideMenuCollapsedLangAsInSettings_20-14-35] Element found and ready (attempt 1): By.xpath: //ytd-topbar-menu-button-renderer[@class='style-scope ytd-masthead style-default']
20:15:09 [TestNG-test-Yt Master Tests-3] INFO  verifyingSideMenuCollapsedLangAsInSettings_20-14-35 - [verifyingSideMenuCollapsedLangAsInSettings_20-14-35] Waiting until element is visible in viewport
20:15:09 [TestNG-test-Yt Master Tests-3] INFO  verifyingSideMenuCollapsedLangAsInSettings_20-14-35 - Clicking settings ellipses button...
20:15:09 [TestNG-test-Yt Master Tests-3] INFO  verifyingSideMenuCollapsedLangAsInSettings_20-14-35 - [verifyingSideMenuCollapsedLangAsInSettings_20-14-35] Trying to find element: By.xpath: //ytd-topbar-menu-button-renderer[@class='style-scope ytd-masthead style-default']
20:15:10 [TestNG-test-Yt Master Tests-3] INFO  verifyingSideMenuCollapsedLangAsInSettings_20-14-35 - [verifyingSideMenuCollapsedLangAsInSettings_20-14-35] Element found and ready (attempt 1): By.xpath: //ytd-topbar-menu-button-renderer[@class='style-scope ytd-masthead style-default']
20:15:10 [TestNG-test-Yt Master Tests-3] INFO  verifyingSideMenuCollapsedLangAsInSettings_20-14-35 - getLangAttribute() - locating <html> and reading lang property
20:15:10 [TestNG-test-Yt Master Tests-3] INFO  verifyingSideMenuCollapsedLangAsInSettings_20-14-35 - Language attribute read: bs-Latn-BA
20:15:10 [TestNG-test-Yt Master Tests-3] INFO  verifyingSideMenuCollapsedLangAsInSettings_20-14-35 - Fetching the side menu in collapsed view
20:15:10 [TestNG-test-Yt Master Tests-3] INFO  verifyingSideMenuCollapsedLangAsInSettings_20-14-35 - [verifyingSideMenuCollapsedLangAsInSettings_20-14-35] Finding elements list: By.xpath: //ytd-mini-guide-renderer[@class='style-scope ytd-app']//ytd-mini-guide-entry-renderer
20:15:10 [TestNG-test-Yt Master Tests-3] INFO  verifyingSideMenuCollapsedLangAsInSettings_20-14-35 - [verifyingSideMenuCollapsedLangAsInSettings_20-14-35] Found 4 ready elements (attempt 1): By.xpath: //ytd-mini-guide-renderer[@class='style-scope ytd-app']//ytd-mini-guide-entry-renderer
20:15:10 [TestNG-test-Yt Master Tests-3] INFO  verifyingSideMenuCollapsedLangAsInSettings_20-14-35 - Clicking settings ellipses button...
20:15:10 [TestNG-test-Yt Master Tests-3] INFO  verifyingSideMenuCollapsedLangAsInSettings_20-14-35 - [verifyingSideMenuCollapsedLangAsInSettings_20-14-35] Trying to find element: By.xpath: //ytd-topbar-menu-button-renderer[@class='style-scope ytd-masthead style-default']
20:15:10 [TestNG-test-Yt Master Tests-3] INFO  verifyingSideMenuCollapsedLangAsInSettings_20-14-35 - [verifyingSideMenuCollapsedLangAsInSettings_20-14-35] Element found and ready (attempt 1): By.xpath: //ytd-topbar-menu-button-renderer[@class='style-scope ytd-masthead style-default']
20:15:10 [TestNG-test-Yt Master Tests-3] INFO  verifyingSideMenuCollapsedLangAsInSettings_20-14-35 - Clicking language dropdown...
20:15:10 [TestNG-test-Yt Master Tests-3] INFO  verifyingSideMenuCollapsedLangAsInSettings_20-14-35 - [verifyingSideMenuCollapsedLangAsInSettings_20-14-35] Trying to find element: By.xpath: (//div[@id='content-icon'])[2]
20:15:11 [TestNG-test-Yt Master Tests-3] INFO  verifyingSideMenuCollapsedLangAsInSettings_20-14-35 - [verifyingSideMenuCollapsedLangAsInSettings_20-14-35] Element found and ready (attempt 1): By.xpath: (//div[@id='content-icon'])[2]
20:15:11 [TestNG-test-Yt Master Tests-3] INFO  verifyingSideMenuCollapsedLangAsInSettings_20-14-35 - Looking for language element with name: Català
20:15:11 [TestNG-test-Yt Master Tests-3] INFO  verifyingSideMenuCollapsedLangAsInSettings_20-14-35 - [verifyingSideMenuCollapsedLangAsInSettings_20-14-35] Trying to find element: By.xpath: //yt-multi-page-menu-section-renderer[@class='style-scope ytd-multi-page-menu-renderer']//yt-formatted-string[@id='label' and text()='Català']
20:15:11 [TestNG-test-Yt Master Tests-3] INFO  verifyingSideMenuCollapsedLangAsInSettings_20-14-35 - [verifyingSideMenuCollapsedLangAsInSettings_20-14-35] Element found and ready (attempt 1): By.xpath: //yt-multi-page-menu-section-renderer[@class='style-scope ytd-multi-page-menu-renderer']//yt-formatted-string[@id='label' and text()='Català']
20:15:11 [TestNG-test-Yt Master Tests-3] INFO  verifyingSideMenuCollapsedLangAsInSettings_20-14-35 - [verifyingSideMenuCollapsedLangAsInSettings_20-14-35] Trying to find element: By.xpath: //yt-multi-page-menu-section-renderer[@class='style-scope ytd-multi-page-menu-renderer']//yt-formatted-string[@id='label' and text()='Català']
20:15:11 [TestNG-test-Yt Master Tests-3] INFO  verifyingSideMenuCollapsedLangAsInSettings_20-14-35 - [verifyingSideMenuCollapsedLangAsInSettings_20-14-35] Element found and ready (attempt 1): By.xpath: //yt-multi-page-menu-section-renderer[@class='style-scope ytd-multi-page-menu-renderer']//yt-formatted-string[@id='label' and text()='Català']
20:15:13 [TestNG-test-Yt Master Tests-3] INFO  verifyingSideMenuCollapsedLangAsInSettings_20-14-35 - Clicking settings ellipses button...
20:15:13 [TestNG-test-Yt Master Tests-3] INFO  verifyingSideMenuCollapsedLangAsInSettings_20-14-35 - [verifyingSideMenuCollapsedLangAsInSettings_20-14-35] Trying to find element: By.xpath: //ytd-topbar-menu-button-renderer[@class='style-scope ytd-masthead style-default']
20:15:13 [TestNG-test-Yt Master Tests-3] INFO  verifyingSideMenuCollapsedLangAsInSettings_20-14-35 - [verifyingSideMenuCollapsedLangAsInSettings_20-14-35] Element found and ready (attempt 1): By.xpath: //ytd-topbar-menu-button-renderer[@class='style-scope ytd-masthead style-default']
20:15:13 [TestNG-test-Yt Master Tests-3] INFO  verifyingSideMenuCollapsedLangAsInSettings_20-14-35 - [verifyingSideMenuCollapsedLangAsInSettings_20-14-35] Waiting until element is visible in viewport
20:15:14 [TestNG-test-Yt Master Tests-3] INFO  verifyingSideMenuCollapsedLangAsInSettings_20-14-35 - Clicking settings ellipses button...
20:15:14 [TestNG-test-Yt Master Tests-3] INFO  verifyingSideMenuCollapsedLangAsInSettings_20-14-35 - [verifyingSideMenuCollapsedLangAsInSettings_20-14-35] Trying to find element: By.xpath: //ytd-topbar-menu-button-renderer[@class='style-scope ytd-masthead style-default']
20:15:14 [TestNG-test-Yt Master Tests-3] INFO  verifyingSideMenuCollapsedLangAsInSettings_20-14-35 - [verifyingSideMenuCollapsedLangAsInSettings_20-14-35] Element found and ready (attempt 1): By.xpath: //ytd-topbar-menu-button-renderer[@class='style-scope ytd-masthead style-default']
20:15:14 [TestNG-test-Yt Master Tests-3] INFO  verifyingSideMenuCollapsedLangAsInSettings_20-14-35 - getLangAttribute() - locating <html> and reading lang property
20:15:14 [TestNG-test-Yt Master Tests-3] INFO  verifyingSideMenuCollapsedLangAsInSettings_20-14-35 - Language attribute read: ca-ES
20:15:14 [TestNG-test-Yt Master Tests-3] INFO  verifyingSideMenuCollapsedLangAsInSettings_20-14-35 - Fetching the side menu in collapsed view
20:15:14 [TestNG-test-Yt Master Tests-3] INFO  verifyingSideMenuCollapsedLangAsInSettings_20-14-35 - [verifyingSideMenuCollapsedLangAsInSettings_20-14-35] Finding elements list: By.xpath: //ytd-mini-guide-renderer[@class='style-scope ytd-app']//ytd-mini-guide-entry-renderer
20:15:15 [TestNG-test-Yt Master Tests-3] INFO  verifyingSideMenuCollapsedLangAsInSettings_20-14-35 - [verifyingSideMenuCollapsedLangAsInSettings_20-14-35] Found 4 ready elements (attempt 1): By.xpath: //ytd-mini-guide-renderer[@class='style-scope ytd-app']//ytd-mini-guide-entry-renderer
20:15:15 [TestNG-test-Yt Master Tests-3] INFO  verifyingSideMenuCollapsedLangAsInSettings_20-14-35 - Clicking settings ellipses button...
20:15:15 [TestNG-test-Yt Master Tests-3] INFO  verifyingSideMenuCollapsedLangAsInSettings_20-14-35 - [verifyingSideMenuCollapsedLangAsInSettings_20-14-35] Trying to find element: By.xpath: //ytd-topbar-menu-button-renderer[@class='style-scope ytd-masthead style-default']
20:15:15 [TestNG-test-Yt Master Tests-3] INFO  verifyingSideMenuCollapsedLangAsInSettings_20-14-35 - [verifyingSideMenuCollapsedLangAsInSettings_20-14-35] Element found and ready (attempt 1): By.xpath: //ytd-topbar-menu-button-renderer[@class='style-scope ytd-masthead style-default']
20:15:15 [TestNG-test-Yt Master Tests-3] INFO  verifyingSideMenuCollapsedLangAsInSettings_20-14-35 - Clicking language dropdown...
20:15:15 [TestNG-test-Yt Master Tests-3] INFO  verifyingSideMenuCollapsedLangAsInSettings_20-14-35 - [verifyingSideMenuCollapsedLangAsInSettings_20-14-35] Trying to find element: By.xpath: (//div[@id='content-icon'])[2]
20:15:15 [TestNG-test-Yt Master Tests-3] INFO  verifyingSideMenuCollapsedLangAsInSettings_20-14-35 - [verifyingSideMenuCollapsedLangAsInSettings_20-14-35] Element found and ready (attempt 1): By.xpath: (//div[@id='content-icon'])[2]
20:15:16 [TestNG-test-Yt Master Tests-3] INFO  verifyingSideMenuCollapsedLangAsInSettings_20-14-35 - Looking for language element with name: Dansk
20:15:16 [TestNG-test-Yt Master Tests-3] INFO  verifyingSideMenuCollapsedLangAsInSettings_20-14-35 - [verifyingSideMenuCollapsedLangAsInSettings_20-14-35] Trying to find element: By.xpath: //yt-multi-page-menu-section-renderer[@class='style-scope ytd-multi-page-menu-renderer']//yt-formatted-string[@id='label' and text()='Dansk']
20:15:16 [TestNG-test-Yt Master Tests-3] INFO  verifyingSideMenuCollapsedLangAsInSettings_20-14-35 - [verifyingSideMenuCollapsedLangAsInSettings_20-14-35] Element found and ready (attempt 1): By.xpath: //yt-multi-page-menu-section-renderer[@class='style-scope ytd-multi-page-menu-renderer']//yt-formatted-string[@id='label' and text()='Dansk']
20:15:16 [TestNG-test-Yt Master Tests-3] INFO  verifyingSideMenuCollapsedLangAsInSettings_20-14-35 - [verifyingSideMenuCollapsedLangAsInSettings_20-14-35] Trying to find element: By.xpath: //yt-multi-page-menu-section-renderer[@class='style-scope ytd-multi-page-menu-renderer']//yt-formatted-string[@id='label' and text()='Dansk']
20:15:16 [TestNG-test-Yt Master Tests-3] INFO  verifyingSideMenuCollapsedLangAsInSettings_20-14-35 - [verifyingSideMenuCollapsedLangAsInSettings_20-14-35] Element found and ready (attempt 1): By.xpath: //yt-multi-page-menu-section-renderer[@class='style-scope ytd-multi-page-menu-renderer']//yt-formatted-string[@id='label' and text()='Dansk']
20:15:18 [TestNG-test-Yt Master Tests-3] INFO  verifyingSideMenuCollapsedLangAsInSettings_20-14-35 - Clicking settings ellipses button...
20:15:18 [TestNG-test-Yt Master Tests-3] INFO  verifyingSideMenuCollapsedLangAsInSettings_20-14-35 - [verifyingSideMenuCollapsedLangAsInSettings_20-14-35] Trying to find element: By.xpath: //ytd-topbar-menu-button-renderer[@class='style-scope ytd-masthead style-default']
20:15:18 [TestNG-test-Yt Master Tests-3] INFO  verifyingSideMenuCollapsedLangAsInSettings_20-14-35 - [verifyingSideMenuCollapsedLangAsInSettings_20-14-35] Element found and ready (attempt 1): By.xpath: //ytd-topbar-menu-button-renderer[@class='style-scope ytd-masthead style-default']
20:15:18 [TestNG-test-Yt Master Tests-3] INFO  verifyingSideMenuCollapsedLangAsInSettings_20-14-35 - [verifyingSideMenuCollapsedLangAsInSettings_20-14-35] Waiting until element is visible in viewport
20:15:19 [TestNG-test-Yt Master Tests-3] INFO  verifyingSideMenuCollapsedLangAsInSettings_20-14-35 - Clicking settings ellipses button...
20:15:19 [TestNG-test-Yt Master Tests-3] INFO  verifyingSideMenuCollapsedLangAsInSettings_20-14-35 - [verifyingSideMenuCollapsedLangAsInSettings_20-14-35] Trying to find element: By.xpath: //ytd-topbar-menu-button-renderer[@class='style-scope ytd-masthead style-default']
20:15:19 [TestNG-test-Yt Master Tests-3] INFO  verifyingSideMenuCollapsedLangAsInSettings_20-14-35 - [verifyingSideMenuCollapsedLangAsInSettings_20-14-35] Element found and ready (attempt 1): By.xpath: //ytd-topbar-menu-button-renderer[@class='style-scope ytd-masthead style-default']
20:15:19 [TestNG-test-Yt Master Tests-3] INFO  verifyingSideMenuCollapsedLangAsInSettings_20-14-35 - getLangAttribute() - locating <html> and reading lang property
20:15:19 [TestNG-test-Yt Master Tests-3] INFO  verifyingSideMenuCollapsedLangAsInSettings_20-14-35 - Language attribute read: da-DK
20:15:19 [TestNG-test-Yt Master Tests-3] INFO  verifyingSideMenuCollapsedLangAsInSettings_20-14-35 - Fetching the side menu in collapsed view
20:15:19 [TestNG-test-Yt Master Tests-3] INFO  verifyingSideMenuCollapsedLangAsInSettings_20-14-35 - [verifyingSideMenuCollapsedLangAsInSettings_20-14-35] Finding elements list: By.xpath: //ytd-mini-guide-renderer[@class='style-scope ytd-app']//ytd-mini-guide-entry-renderer
20:15:19 [TestNG-test-Yt Master Tests-3] INFO  verifyingSideMenuCollapsedLangAsInSettings_20-14-35 - [verifyingSideMenuCollapsedLangAsInSettings_20-14-35] Found 4 ready elements (attempt 1): By.xpath: //ytd-mini-guide-renderer[@class='style-scope ytd-app']//ytd-mini-guide-entry-renderer
20:15:19 [TestNG-test-Yt Master Tests-3] INFO  verifyingSideMenuCollapsedLangAsInSettings_20-14-35 - Clicking settings ellipses button...
20:15:19 [TestNG-test-Yt Master Tests-3] INFO  verifyingSideMenuCollapsedLangAsInSettings_20-14-35 - [verifyingSideMenuCollapsedLangAsInSettings_20-14-35] Trying to find element: By.xpath: //ytd-topbar-menu-button-renderer[@class='style-scope ytd-masthead style-default']
20:15:19 [TestNG-test-Yt Master Tests-3] INFO  verifyingSideMenuCollapsedLangAsInSettings_20-14-35 - [verifyingSideMenuCollapsedLangAsInSettings_20-14-35] Element found and ready (attempt 1): By.xpath: //ytd-topbar-menu-button-renderer[@class='style-scope ytd-masthead style-default']
20:15:19 [TestNG-test-Yt Master Tests-3] INFO  verifyingSideMenuCollapsedLangAsInSettings_20-14-35 - Clicking language dropdown...
20:15:19 [TestNG-test-Yt Master Tests-3] INFO  verifyingSideMenuCollapsedLangAsInSettings_20-14-35 - [verifyingSideMenuCollapsedLangAsInSettings_20-14-35] Trying to find element: By.xpath: (//div[@id='content-icon'])[2]
20:15:20 [TestNG-test-Yt Master Tests-3] INFO  verifyingSideMenuCollapsedLangAsInSettings_20-14-35 - [verifyingSideMenuCollapsedLangAsInSettings_20-14-35] Element found and ready (attempt 1): By.xpath: (//div[@id='content-icon'])[2]
20:15:21 [TestNG-test-Yt Master Tests-3] INFO  verifyingSideMenuCollapsedLangAsInSettings_20-14-35 - Looking for language element with name: Deutsch
20:15:21 [TestNG-test-Yt Master Tests-3] INFO  verifyingSideMenuCollapsedLangAsInSettings_20-14-35 - [verifyingSideMenuCollapsedLangAsInSettings_20-14-35] Trying to find element: By.xpath: //yt-multi-page-menu-section-renderer[@class='style-scope ytd-multi-page-menu-renderer']//yt-formatted-string[@id='label' and text()='Deutsch']
20:15:21 [TestNG-test-Yt Master Tests-3] INFO  verifyingSideMenuCollapsedLangAsInSettings_20-14-35 - [verifyingSideMenuCollapsedLangAsInSettings_20-14-35] Element found and ready (attempt 1): By.xpath: //yt-multi-page-menu-section-renderer[@class='style-scope ytd-multi-page-menu-renderer']//yt-formatted-string[@id='label' and text()='Deutsch']
20:15:21 [TestNG-test-Yt Master Tests-3] INFO  verifyingSideMenuCollapsedLangAsInSettings_20-14-35 - [verifyingSideMenuCollapsedLangAsInSettings_20-14-35] Trying to find element: By.xpath: //yt-multi-page-menu-section-renderer[@class='style-scope ytd-multi-page-menu-renderer']//yt-formatted-string[@id='label' and text()='Deutsch']
20:15:21 [TestNG-test-Yt Master Tests-3] INFO  verifyingSideMenuCollapsedLangAsInSettings_20-14-35 - [verifyingSideMenuCollapsedLangAsInSettings_20-14-35] Element found and ready (attempt 1): By.xpath: //yt-multi-page-menu-section-renderer[@class='style-scope ytd-multi-page-menu-renderer']//yt-formatted-string[@id='label' and text()='Deutsch']
20:15:23 [TestNG-test-Yt Master Tests-3] INFO  verifyingSideMenuCollapsedLangAsInSettings_20-14-35 - Clicking settings ellipses button...
20:15:23 [TestNG-test-Yt Master Tests-3] INFO  verifyingSideMenuCollapsedLangAsInSettings_20-14-35 - [verifyingSideMenuCollapsedLangAsInSettings_20-14-35] Trying to find element: By.xpath: //ytd-topbar-menu-button-renderer[@class='style-scope ytd-masthead style-default']
20:15:23 [TestNG-test-Yt Master Tests-3] INFO  verifyingSideMenuCollapsedLangAsInSettings_20-14-35 - [verifyingSideMenuCollapsedLangAsInSettings_20-14-35] Element found and ready (attempt 1): By.xpath: //ytd-topbar-menu-button-renderer[@class='style-scope ytd-masthead style-default']
20:15:23 [TestNG-test-Yt Master Tests-3] INFO  verifyingSideMenuCollapsedLangAsInSettings_20-14-35 - [verifyingSideMenuCollapsedLangAsInSettings_20-14-35] Waiting until element is visible in viewport
20:15:24 [TestNG-test-Yt Master Tests-3] INFO  verifyingSideMenuCollapsedLangAsInSettings_20-14-35 - Clicking settings ellipses button...
20:15:24 [TestNG-test-Yt Master Tests-3] INFO  verifyingSideMenuCollapsedLangAsInSettings_20-14-35 - [verifyingSideMenuCollapsedLangAsInSettings_20-14-35] Trying to find element: By.xpath: //ytd-topbar-menu-button-renderer[@class='style-scope ytd-masthead style-default']
20:15:24 [TestNG-test-Yt Master Tests-3] INFO  verifyingSideMenuCollapsedLangAsInSettings_20-14-35 - [verifyingSideMenuCollapsedLangAsInSettings_20-14-35] Element found and ready (attempt 1): By.xpath: //ytd-topbar-menu-button-renderer[@class='style-scope ytd-masthead style-default']
20:15:24 [TestNG-test-Yt Master Tests-3] INFO  verifyingSideMenuCollapsedLangAsInSettings_20-14-35 - getLangAttribute() - locating <html> and reading lang property
20:15:24 [TestNG-test-Yt Master Tests-3] INFO  verifyingSideMenuCollapsedLangAsInSettings_20-14-35 - Language attribute read: de-DE
20:15:24 [TestNG-test-Yt Master Tests-3] INFO  verifyingSideMenuCollapsedLangAsInSettings_20-14-35 - Fetching the side menu in collapsed view
20:15:24 [TestNG-test-Yt Master Tests-3] INFO  verifyingSideMenuCollapsedLangAsInSettings_20-14-35 - [verifyingSideMenuCollapsedLangAsInSettings_20-14-35] Finding elements list: By.xpath: //ytd-mini-guide-renderer[@class='style-scope ytd-app']//ytd-mini-guide-entry-renderer
20:15:24 [TestNG-test-Yt Master Tests-3] INFO  verifyingSideMenuCollapsedLangAsInSettings_20-14-35 - [verifyingSideMenuCollapsedLangAsInSettings_20-14-35] Found 4 ready elements (attempt 1): By.xpath: //ytd-mini-guide-renderer[@class='style-scope ytd-app']//ytd-mini-guide-entry-renderer
20:15:24 [TestNG-test-Yt Master Tests-3] INFO  verifyingSideMenuCollapsedLangAsInSettings_20-14-35 - Clicking settings ellipses button...
20:15:24 [TestNG-test-Yt Master Tests-3] INFO  verifyingSideMenuCollapsedLangAsInSettings_20-14-35 - [verifyingSideMenuCollapsedLangAsInSettings_20-14-35] Trying to find element: By.xpath: //ytd-topbar-menu-button-renderer[@class='style-scope ytd-masthead style-default']
20:15:24 [TestNG-test-Yt Master Tests-3] INFO  verifyingSideMenuCollapsedLangAsInSettings_20-14-35 - [verifyingSideMenuCollapsedLangAsInSettings_20-14-35] Element found and ready (attempt 1): By.xpath: //ytd-topbar-menu-button-renderer[@class='style-scope ytd-masthead style-default']
20:15:24 [TestNG-test-Yt Master Tests-3] INFO  verifyingSideMenuCollapsedLangAsInSettings_20-14-35 - Clicking language dropdown...
20:15:24 [TestNG-test-Yt Master Tests-3] INFO  verifyingSideMenuCollapsedLangAsInSettings_20-14-35 - [verifyingSideMenuCollapsedLangAsInSettings_20-14-35] Trying to find element: By.xpath: (//div[@id='content-icon'])[2]
20:15:25 [TestNG-test-Yt Master Tests-3] INFO  verifyingSideMenuCollapsedLangAsInSettings_20-14-35 - [verifyingSideMenuCollapsedLangAsInSettings_20-14-35] Element found and ready (attempt 1): By.xpath: (//div[@id='content-icon'])[2]
20:15:25 [TestNG-test-Yt Master Tests-3] INFO  verifyingSideMenuCollapsedLangAsInSettings_20-14-35 - Looking for language element with name: Eesti
20:15:25 [TestNG-test-Yt Master Tests-3] INFO  verifyingSideMenuCollapsedLangAsInSettings_20-14-35 - [verifyingSideMenuCollapsedLangAsInSettings_20-14-35] Trying to find element: By.xpath: //yt-multi-page-menu-section-renderer[@class='style-scope ytd-multi-page-menu-renderer']//yt-formatted-string[@id='label' and text()='Eesti']
20:15:26 [TestNG-test-Yt Master Tests-3] INFO  verifyingSideMenuCollapsedLangAsInSettings_20-14-35 - [verifyingSideMenuCollapsedLangAsInSettings_20-14-35] Element found and ready (attempt 1): By.xpath: //yt-multi-page-menu-section-renderer[@class='style-scope ytd-multi-page-menu-renderer']//yt-formatted-string[@id='label' and text()='Eesti']
20:15:26 [TestNG-test-Yt Master Tests-3] INFO  verifyingSideMenuCollapsedLangAsInSettings_20-14-35 - [verifyingSideMenuCollapsedLangAsInSettings_20-14-35] Trying to find element: By.xpath: //yt-multi-page-menu-section-renderer[@class='style-scope ytd-multi-page-menu-renderer']//yt-formatted-string[@id='label' and text()='Eesti']
20:15:26 [TestNG-test-Yt Master Tests-3] INFO  verifyingSideMenuCollapsedLangAsInSettings_20-14-35 - [verifyingSideMenuCollapsedLangAsInSettings_20-14-35] Element found and ready (attempt 1): By.xpath: //yt-multi-page-menu-section-renderer[@class='style-scope ytd-multi-page-menu-renderer']//yt-formatted-string[@id='label' and text()='Eesti']
20:15:28 [TestNG-test-Yt Master Tests-3] INFO  verifyingSideMenuCollapsedLangAsInSettings_20-14-35 - Clicking settings ellipses button...
20:15:28 [TestNG-test-Yt Master Tests-3] INFO  verifyingSideMenuCollapsedLangAsInSettings_20-14-35 - [verifyingSideMenuCollapsedLangAsInSettings_20-14-35] Trying to find element: By.xpath: //ytd-topbar-menu-button-renderer[@class='style-scope ytd-masthead style-default']
20:15:28 [TestNG-test-Yt Master Tests-3] INFO  verifyingSideMenuCollapsedLangAsInSettings_20-14-35 - [verifyingSideMenuCollapsedLangAsInSettings_20-14-35] Element found and ready (attempt 1): By.xpath: //ytd-topbar-menu-button-renderer[@class='style-scope ytd-masthead style-default']
20:15:28 [TestNG-test-Yt Master Tests-3] INFO  verifyingSideMenuCollapsedLangAsInSettings_20-14-35 - [verifyingSideMenuCollapsedLangAsInSettings_20-14-35] Waiting until element is visible in viewport
20:15:29 [TestNG-test-Yt Master Tests-3] INFO  verifyingSideMenuCollapsedLangAsInSettings_20-14-35 - Clicking settings ellipses button...
20:15:29 [TestNG-test-Yt Master Tests-3] INFO  verifyingSideMenuCollapsedLangAsInSettings_20-14-35 - [verifyingSideMenuCollapsedLangAsInSettings_20-14-35] Trying to find element: By.xpath: //ytd-topbar-menu-button-renderer[@class='style-scope ytd-masthead style-default']
20:15:29 [TestNG-test-Yt Master Tests-3] INFO  verifyingSideMenuCollapsedLangAsInSettings_20-14-35 - [verifyingSideMenuCollapsedLangAsInSettings_20-14-35] Element found and ready (attempt 1): By.xpath: //ytd-topbar-menu-button-renderer[@class='style-scope ytd-masthead style-default']
20:15:29 [TestNG-test-Yt Master Tests-3] INFO  verifyingSideMenuCollapsedLangAsInSettings_20-14-35 - getLangAttribute() - locating <html> and reading lang property
20:15:29 [TestNG-test-Yt Master Tests-3] INFO  verifyingSideMenuCollapsedLangAsInSettings_20-14-35 - Language attribute read: et-EE
20:15:29 [TestNG-test-Yt Master Tests-3] INFO  verifyingSideMenuCollapsedLangAsInSettings_20-14-35 - Fetching the side menu in collapsed view
20:15:29 [TestNG-test-Yt Master Tests-3] INFO  verifyingSideMenuCollapsedLangAsInSettings_20-14-35 - [verifyingSideMenuCollapsedLangAsInSettings_20-14-35] Finding elements list: By.xpath: //ytd-mini-guide-renderer[@class='style-scope ytd-app']//ytd-mini-guide-entry-renderer
20:15:29 [TestNG-test-Yt Master Tests-3] INFO  verifyingSideMenuCollapsedLangAsInSettings_20-14-35 - [verifyingSideMenuCollapsedLangAsInSettings_20-14-35] Found 4 ready elements (attempt 1): By.xpath: //ytd-mini-guide-renderer[@class='style-scope ytd-app']//ytd-mini-guide-entry-renderer
20:15:29 [TestNG-test-Yt Master Tests-3] INFO  verifyingSideMenuCollapsedLangAsInSettings_20-14-35 - Clicking settings ellipses button...
20:15:29 [TestNG-test-Yt Master Tests-3] INFO  verifyingSideMenuCollapsedLangAsInSettings_20-14-35 - [verifyingSideMenuCollapsedLangAsInSettings_20-14-35] Trying to find element: By.xpath: //ytd-topbar-menu-button-renderer[@class='style-scope ytd-masthead style-default']
20:15:29 [TestNG-test-Yt Master Tests-3] INFO  verifyingSideMenuCollapsedLangAsInSettings_20-14-35 - [verifyingSideMenuCollapsedLangAsInSettings_20-14-35] Element found and ready (attempt 1): By.xpath: //ytd-topbar-menu-button-renderer[@class='style-scope ytd-masthead style-default']
20:15:30 [TestNG-test-Yt Master Tests-3] INFO  verifyingSideMenuCollapsedLangAsInSettings_20-14-35 - Clicking language dropdown...
20:15:30 [TestNG-test-Yt Master Tests-3] INFO  verifyingSideMenuCollapsedLangAsInSettings_20-14-35 - [verifyingSideMenuCollapsedLangAsInSettings_20-14-35] Trying to find element: By.xpath: (//div[@id='content-icon'])[2]
20:15:30 [TestNG-test-Yt Master Tests-3] INFO  verifyingSideMenuCollapsedLangAsInSettings_20-14-35 - [verifyingSideMenuCollapsedLangAsInSettings_20-14-35] Element found and ready (attempt 1): By.xpath: (//div[@id='content-icon'])[2]
20:15:31 [TestNG-test-Yt Master Tests-3] INFO  verifyingSideMenuCollapsedLangAsInSettings_20-14-35 - Looking for language element with name: English (India)
20:15:31 [TestNG-test-Yt Master Tests-3] INFO  verifyingSideMenuCollapsedLangAsInSettings_20-14-35 - [verifyingSideMenuCollapsedLangAsInSettings_20-14-35] Trying to find element: By.xpath: //yt-multi-page-menu-section-renderer[@class='style-scope ytd-multi-page-menu-renderer']//yt-formatted-string[@id='label' and text()='English (India)']
20:15:31 [TestNG-test-Yt Master Tests-3] INFO  verifyingSideMenuCollapsedLangAsInSettings_20-14-35 - [verifyingSideMenuCollapsedLangAsInSettings_20-14-35] Element found and ready (attempt 1): By.xpath: //yt-multi-page-menu-section-renderer[@class='style-scope ytd-multi-page-menu-renderer']//yt-formatted-string[@id='label' and text()='English (India)']
20:15:31 [TestNG-test-Yt Master Tests-3] INFO  verifyingSideMenuCollapsedLangAsInSettings_20-14-35 - [verifyingSideMenuCollapsedLangAsInSettings_20-14-35] Trying to find element: By.xpath: //yt-multi-page-menu-section-renderer[@class='style-scope ytd-multi-page-menu-renderer']//yt-formatted-string[@id='label' and text()='English (India)']
20:15:31 [TestNG-test-Yt Master Tests-3] INFO  verifyingSideMenuCollapsedLangAsInSettings_20-14-35 - [verifyingSideMenuCollapsedLangAsInSettings_20-14-35] Element found and ready (attempt 1): By.xpath: //yt-multi-page-menu-section-renderer[@class='style-scope ytd-multi-page-menu-renderer']//yt-formatted-string[@id='label' and text()='English (India)']
20:15:33 [TestNG-test-Yt Master Tests-3] INFO  verifyingSideMenuCollapsedLangAsInSettings_20-14-35 - Clicking settings ellipses button...
20:15:43 [TestNG-test-Yt Master Tests-3] WARN  verifyingSideMenuCollapsedLangAsInSettings_20-14-35 - [verifyingSideMenuCollapsedLangAsInSettings_20-14-35] Retrying test 'verifyingSideMenuCollapsedLangAsInSettings' (attempt 1) due to: Expected condition failed: waiting for element to be clickable: By.xpath: //ytd-topbar-menu-button-renderer[@class='style-scope ytd-masthead style-default'] (tried for 10 second(s) with 500 milliseconds interval)
Build info: version: '4.27.0', revision: 'd6e718d134'
System info: os.name: 'Windows Server 2025', os.arch: 'amd64', os.version: '10.0', java.version: '24.0.2'
Driver info: org.openqa.selenium.chrome.ChromeDriver
Capabilities {acceptInsecureCerts: false, browserName: chrome, browserVersion: 152.0.7977.83, chrome: {chromedriverVersion: 152.0.7977.82 (d04cdb24d67b..., userDataDir: C:\Windows\SystemTemp\scope...}, fedcm:accounts: true, goog:chromeOptions: {debuggerAddress: localhost:55864}, goog:processID: 7584, networkConnectionEnabled: false, pageLoadStrategy: normal, platformName: windows, proxy: Proxy(), se:cdp: ws://localhost:55864/devtoo..., se:cdpVersion: 152.0.7977.83, setWindowRect: true, strictFileInteractability: false, timeouts: {implicit: 0, pageLoad: 300000, script: 30000}, unhandledPromptBehavior: dismiss and notify, webauthn:extension:credBlob: true, webauthn:extension:largeBlob: true, webauthn:extension:minPinLength: true, webauthn:extension:prf: true, webauthn:virtualAuthenticators: true}
Session ID: 61e083a51426949f6bb966b0bc71fae8
