2026-03-04 09:25:50.683 [TestNG-test-Yt Master Tests-1] INFO  [verifyingGlobalFilterLandingPageLingua] ===== STARTING TEST: verifyingGlobalFilterLandingPageLingua  | Thread: 34 =====
2026-03-04 09:25:50.687 [TestNG-test-Yt Master Tests-1] INFO  [verifyingGlobalFilterLandingPageLingua] No existing WebDriver found for current thread. Initializing a new ChromeDriver...
2026-03-04 09:25:50.703 [TestNG-test-Yt Master Tests-1] INFO  [verifyingGlobalFilterLandingPageLingua] WebDriverManager: chromedriver setup OK
2026-03-04 09:25:52.106 [TestNG-test-Yt Master Tests-1] INFO  [verifyingGlobalFilterLandingPageLingua] ChromeDriver initialized successfully for thread: 34
2026-03-04 09:25:52.107 [TestNG-test-Yt Master Tests-1] INFO  [verifyingGlobalFilterLandingPageLingua] Driver initialized successfully for test: verifyingGlobalFilterLandingPageLingua
2026-03-04 09:25:52.109 [TestNG-test-Yt Master Tests-1] INFO  [verifyingGlobalFilterLandingPageLingua] SafeActions initialized with driver ChromeDriver: chrome on windows (e698c8f49d5d82856aeeb83e2b9a33df)
2026-03-04 09:25:52.109 [TestNG-test-Yt Master Tests-1] INFO  [verifyingGlobalFilterLandingPageLingua] SafeActions initialized with driver ChromeDriver: chrome on windows (e698c8f49d5d82856aeeb83e2b9a33df)
2026-03-04 09:25:52.109 [TestNG-test-Yt Master Tests-1] INFO  [verifyingGlobalFilterLandingPageLingua] Initialized YtLandingPage with driver: ChromeDriver: chrome on windows (e698c8f49d5d82856aeeb83e2b9a33df)
2026-03-04 09:25:57.191 [TestNG-test-Yt Master Tests-1] INFO  [verifyingGlobalFilterLandingPageLingua] Opened YouTube landing page.
2026-03-04 09:25:57.191 [TestNG-test-Yt Master Tests-1] INFO  [verifyingGlobalFilterLandingPageLingua] Giving input into the search bar with input as  = youtube
2026-03-04 09:25:57.191 [TestNG-test-Yt Master Tests-1] INFO  [verifyingGlobalFilterLandingPageLingua] [verifyingGlobalFilterLandingPageLingua] Trying to click element: By.xpath: //input[@class='ytSearchboxComponentInput yt-searchbox-input title']
2026-03-04 09:25:57.563 [TestNG-test-Yt Master Tests-1] INFO  [verifyingGlobalFilterLandingPageLingua] [verifyingGlobalFilterLandingPageLingua] Clicked successfully (attempt 1): By.xpath: //input[@class='ytSearchboxComponentInput yt-searchbox-input title']
2026-03-04 09:25:57.563 [TestNG-test-Yt Master Tests-1] INFO  [verifyingGlobalFilterLandingPageLingua] [verifyingGlobalFilterLandingPageLingua] Trying to find element: By.xpath: //input[@class='ytSearchboxComponentInput yt-searchbox-input title']
2026-03-04 09:25:57.631 [TestNG-test-Yt Master Tests-1] INFO  [verifyingGlobalFilterLandingPageLingua] [verifyingGlobalFilterLandingPageLingua] Element found and ready (attempt 1): By.xpath: //input[@class='ytSearchboxComponentInput yt-searchbox-input title']
2026-03-04 09:25:57.681 [TestNG-test-Yt Master Tests-1] INFO  [verifyingGlobalFilterLandingPageLingua] clickEnter(By.xpath: //input[@class='ytSearchboxComponentInput yt-searchbox-input title'])
2026-03-04 09:25:57.681 [TestNG-test-Yt Master Tests-1] INFO  [verifyingGlobalFilterLandingPageLingua] [verifyingGlobalFilterLandingPageLingua] Trying to find element: By.xpath: //input[@class='ytSearchboxComponentInput yt-searchbox-input title']
2026-03-04 09:25:57.754 [TestNG-test-Yt Master Tests-1] INFO  [verifyingGlobalFilterLandingPageLingua] [verifyingGlobalFilterLandingPageLingua] Element found and ready (attempt 1): By.xpath: //input[@class='ytSearchboxComponentInput yt-searchbox-input title']
2026-03-04 09:25:57.958 [TestNG-test-Yt Master Tests-1] INFO  [verifyingGlobalFilterLandingPageLingua] Sent ENTER to By.xpath: //input[@class='ytSearchboxComponentInput yt-searchbox-input title']
2026-03-04 09:25:57.958 [TestNG-test-Yt Master Tests-1] INFO  [verifyingGlobalFilterLandingPageLingua] [verifyingGlobalFilterLandingPageLingua] Execution is Not CRON Job Hence refering to normal keys from UtilData
2026-03-04 09:25:57.959 [TestNG-test-Yt Master Tests-1] INFO  [verifyingGlobalFilterLandingPageLingua] Clicking settings ellipses button...
2026-03-04 09:25:57.997 [TestNG-test-Yt Master Tests-1] INFO  [verifyingGlobalFilterLandingPageLingua] [verifyingGlobalFilterLandingPageLingua] Trying to find element: By.xpath: //ytd-topbar-menu-button-renderer[@class='style-scope ytd-masthead style-default']
2026-03-04 09:25:58.094 [TestNG-test-Yt Master Tests-1] INFO  [verifyingGlobalFilterLandingPageLingua] [verifyingGlobalFilterLandingPageLingua] Element found and ready (attempt 1): By.xpath: //ytd-topbar-menu-button-renderer[@class='style-scope ytd-masthead style-default']
2026-03-04 09:25:58.324 [TestNG-test-Yt Master Tests-1] INFO  [verifyingGlobalFilterLandingPageLingua] Clicking language dropdown...
2026-03-04 09:25:58.324 [TestNG-test-Yt Master Tests-1] INFO  [verifyingGlobalFilterLandingPageLingua] [verifyingGlobalFilterLandingPageLingua] Trying to find element: By.xpath: (//div[@id='content-icon'])[2]
2026-03-04 09:26:00.545 [TestNG-test-Yt Master Tests-1] INFO  [verifyingGlobalFilterLandingPageLingua] [verifyingGlobalFilterLandingPageLingua] Element found and ready (attempt 1): By.xpath: (//div[@id='content-icon'])[2]
2026-03-04 09:26:00.946 [TestNG-test-Yt Master Tests-1] INFO  [verifyingGlobalFilterLandingPageLingua] Looking for language element with name: Afrikaans
2026-03-04 09:26:00.948 [TestNG-test-Yt Master Tests-1] INFO  [verifyingGlobalFilterLandingPageLingua] [verifyingGlobalFilterLandingPageLingua] Trying to find element: By.xpath: //yt-multi-page-menu-section-renderer[@class='style-scope ytd-multi-page-menu-renderer']//yt-formatted-string[@id='label' and text()='Afrikaans']
2026-03-04 09:26:01.468 [TestNG-test-Yt Master Tests-1] INFO  [verifyingGlobalFilterLandingPageLingua] [verifyingGlobalFilterLandingPageLingua] Element found and ready (attempt 1): By.xpath: //yt-multi-page-menu-section-renderer[@class='style-scope ytd-multi-page-menu-renderer']//yt-formatted-string[@id='label' and text()='Afrikaans']
2026-03-04 09:26:01.468 [TestNG-test-Yt Master Tests-1] INFO  [verifyingGlobalFilterLandingPageLingua] [verifyingGlobalFilterLandingPageLingua] Trying to find element: By.xpath: //yt-multi-page-menu-section-renderer[@class='style-scope ytd-multi-page-menu-renderer']//yt-formatted-string[@id='label' and text()='Afrikaans']
2026-03-04 09:26:01.556 [TestNG-test-Yt Master Tests-1] INFO  [verifyingGlobalFilterLandingPageLingua] [verifyingGlobalFilterLandingPageLingua] Element found and ready (attempt 1): By.xpath: //yt-multi-page-menu-section-renderer[@class='style-scope ytd-multi-page-menu-renderer']//yt-formatted-string[@id='label' and text()='Afrikaans']
2026-03-04 09:26:05.938 [TestNG-test-Yt Master Tests-1] INFO  [verifyingGlobalFilterLandingPageLingua] Clicking settings ellipses button...
2026-03-04 09:26:06.917 [TestNG-test-Yt Master Tests-1] INFO  [verifyingGlobalFilterLandingPageLingua] [verifyingGlobalFilterLandingPageLingua] Trying to find element: By.xpath: //ytd-topbar-menu-button-renderer[@class='style-scope ytd-masthead style-default']
2026-03-04 09:26:07.457 [TestNG-test-Yt Master Tests-1] INFO  [verifyingGlobalFilterLandingPageLingua] [verifyingGlobalFilterLandingPageLingua] Element found and ready (attempt 1): By.xpath: //ytd-topbar-menu-button-renderer[@class='style-scope ytd-masthead style-default']
2026-03-04 09:26:07.576 [TestNG-test-Yt Master Tests-1] INFO  [verifyingGlobalFilterLandingPageLingua] [verifyingGlobalFilterLandingPageLingua] Waiting until element is visible in viewport
2026-03-04 09:26:08.189 [TestNG-test-Yt Master Tests-1] INFO  [verifyingGlobalFilterLandingPageLingua] [verifyingGlobalFilterLandingPageLingua] Capturing screenshot: Filter Applied is Afrikaans__2026-03-04_092608.jpg
2026-03-04 09:26:08.659 [TestNG-test-Yt Master Tests-1] INFO  [verifyingGlobalFilterLandingPageLingua] [verifyingGlobalFilterLandingPageLingua] Screenshot saved at: test-output/screenshots/Run_2026-03-04_09-24-01/verifyingGlobalFilterLandingPageLingua/Filter Applied is Afrikaans__2026-03-04_092608.jpg
2026-03-04 09:26:08.660 [TestNG-test-Yt Master Tests-1] INFO  [verifyingGlobalFilterLandingPageLingua] Clicking settings ellipses button...
2026-03-04 09:26:08.688 [TestNG-test-Yt Master Tests-1] INFO  [verifyingGlobalFilterLandingPageLingua] [verifyingGlobalFilterLandingPageLingua] Trying to find element: By.xpath: //ytd-topbar-menu-button-renderer[@class='style-scope ytd-masthead style-default']
2026-03-04 09:26:08.746 [TestNG-test-Yt Master Tests-1] INFO  [verifyingGlobalFilterLandingPageLingua] [verifyingGlobalFilterLandingPageLingua] Element found and ready (attempt 1): By.xpath: //ytd-topbar-menu-button-renderer[@class='style-scope ytd-masthead style-default']
2026-03-04 09:26:08.803 [TestNG-test-Yt Master Tests-1] INFO  [verifyingGlobalFilterLandingPageLingua] Clicking on global filter button in landing page..
2026-03-04 09:26:08.803 [TestNG-test-Yt Master Tests-1] INFO  [verifyingGlobalFilterLandingPageLingua] [verifyingGlobalFilterLandingPageLingua] Trying to click element: By.xpath: //div[@id='filter-button']
2026-03-04 09:26:09.042 [TestNG-test-Yt Master Tests-1] INFO  [verifyingGlobalFilterLandingPageLingua] [verifyingGlobalFilterLandingPageLingua] Clicked successfully (attempt 1): By.xpath: //div[@id='filter-button']
2026-03-04 09:26:09.042 [TestNG-test-Yt Master Tests-1] INFO  [verifyingGlobalFilterLandingPageLingua] [verifyingGlobalFilterLandingPageLingua] Waiting until element is visible in viewport
2026-03-04 09:26:09.076 [TestNG-test-Yt Master Tests-1] INFO  [verifyingGlobalFilterLandingPageLingua] [verifyingGlobalFilterLandingPageLingua] Capturing screenshot: Filter Applied is Afrikaans__2026-03-04_092609.jpg
2026-03-04 09:26:10.097 [TestNG-test-Yt Master Tests-1] INFO  [verifyingGlobalFilterLandingPageLingua] [verifyingGlobalFilterLandingPageLingua] Screenshot saved at: test-output/screenshots/Run_2026-03-04_09-24-01/verifyingGlobalFilterLandingPageLingua/Filter Applied is Afrikaans__2026-03-04_092609.jpg
2026-03-04 09:26:10.098 [TestNG-test-Yt Master Tests-1] INFO  [verifyingGlobalFilterLandingPageLingua] Fetching the data from the global filter in landing page
2026-03-04 09:26:10.098 [TestNG-test-Yt Master Tests-1] INFO  [verifyingGlobalFilterLandingPageLingua] [verifyingGlobalFilterLandingPageLingua] Trying to find element: By.xpath: //ytd-search-filter-options-dialog-renderer[@class='style-scope ytd-popup-container']
2026-03-04 09:26:10.162 [TestNG-test-Yt Master Tests-1] INFO  [verifyingGlobalFilterLandingPageLingua] [verifyingGlobalFilterLandingPageLingua] Element found and ready (attempt 1): By.xpath: //ytd-search-filter-options-dialog-renderer[@class='style-scope ytd-popup-container']
2026-03-04 09:26:10.189 [TestNG-test-Yt Master Tests-1] INFO  [verifyingGlobalFilterLandingPageLingua] Closing the global filter pop-up in landing page..
2026-03-04 09:26:10.189 [TestNG-test-Yt Master Tests-1] INFO  [verifyingGlobalFilterLandingPageLingua] [verifyingGlobalFilterLandingPageLingua] Trying to find element: By.xpath: //yt-icon[@icon='close']
2026-03-04 09:26:10.251 [TestNG-test-Yt Master Tests-1] INFO  [verifyingGlobalFilterLandingPageLingua] [verifyingGlobalFilterLandingPageLingua] Element found and ready (attempt 1): By.xpath: //yt-icon[@icon='close']
2026-03-04 09:26:11.049 [TestNG-test-Yt Master Tests-1] INFO  [verifyingGlobalFilterLandingPageLingua] 
========== LANGUAGE DETECTION ==========
Detected Language : AFRIKAANS
Input Text        : Soekfilters
TIPE
Video’s
Kortvideo’s
Kanale
Snitlyste
Flieks
TYDSDUUR
Korter as 3 minute
3-20 minute
Langer as 20 minute
OPLAAIDATUM
Vandag
Vandeesweek
Vandeesmaand
Hierdie jaar
KENMERKE
Regstreeks
4K
HD
Onderskrifte
Creative Commons
360°
VR180
3D
HDR
Ligging
Gekoop
PRIORITISEER
Relevansie
Gewildheid
========================================
2026-03-04 09:26:11.053 [TestNG-test-Yt Master Tests-1] INFO  [verifyingGlobalFilterLandingPageLingua] getLangAttribute() - locating <html> and reading lang property
2026-03-04 09:26:11.089 [TestNG-test-Yt Master Tests-1] INFO  [verifyingGlobalFilterLandingPageLingua] Language attribute read: af-ZA
2026-03-04 09:26:11.091 [TestNG-test-Yt Master Tests-1] INFO  [verifyingGlobalFilterLandingPageLingua] Clicking settings ellipses button...
2026-03-04 09:26:11.117 [TestNG-test-Yt Master Tests-1] INFO  [verifyingGlobalFilterLandingPageLingua] [verifyingGlobalFilterLandingPageLingua] Trying to find element: By.xpath: //ytd-topbar-menu-button-renderer[@class='style-scope ytd-masthead style-default']
2026-03-04 09:26:11.199 [TestNG-test-Yt Master Tests-1] INFO  [verifyingGlobalFilterLandingPageLingua] [verifyingGlobalFilterLandingPageLingua] Element found and ready (attempt 1): By.xpath: //ytd-topbar-menu-button-renderer[@class='style-scope ytd-masthead style-default']
2026-03-04 09:26:11.275 [TestNG-test-Yt Master Tests-1] INFO  [verifyingGlobalFilterLandingPageLingua] Clicking language dropdown...
2026-03-04 09:26:11.276 [TestNG-test-Yt Master Tests-1] INFO  [verifyingGlobalFilterLandingPageLingua] [verifyingGlobalFilterLandingPageLingua] Trying to find element: By.xpath: (//div[@id='content-icon'])[2]
2026-03-04 09:26:11.883 [TestNG-test-Yt Master Tests-1] INFO  [verifyingGlobalFilterLandingPageLingua] [verifyingGlobalFilterLandingPageLingua] Element found and ready (attempt 1): By.xpath: (//div[@id='content-icon'])[2]
2026-03-04 09:26:12.305 [TestNG-test-Yt Master Tests-1] INFO  [verifyingGlobalFilterLandingPageLingua] Looking for language element with name: Azərbaycan
2026-03-04 09:26:12.305 [TestNG-test-Yt Master Tests-1] INFO  [verifyingGlobalFilterLandingPageLingua] [verifyingGlobalFilterLandingPageLingua] Trying to find element: By.xpath: //yt-multi-page-menu-section-renderer[@class='style-scope ytd-multi-page-menu-renderer']//yt-formatted-string[@id='label' and text()='Azərbaycan']
2026-03-04 09:26:12.499 [TestNG-test-Yt Master Tests-1] INFO  [verifyingGlobalFilterLandingPageLingua] [verifyingGlobalFilterLandingPageLingua] Element found and ready (attempt 1): By.xpath: //yt-multi-page-menu-section-renderer[@class='style-scope ytd-multi-page-menu-renderer']//yt-formatted-string[@id='label' and text()='Azərbaycan']
2026-03-04 09:26:12.499 [TestNG-test-Yt Master Tests-1] INFO  [verifyingGlobalFilterLandingPageLingua] [verifyingGlobalFilterLandingPageLingua] Trying to find element: By.xpath: //yt-multi-page-menu-section-renderer[@class='style-scope ytd-multi-page-menu-renderer']//yt-formatted-string[@id='label' and text()='Azərbaycan']
2026-03-04 09:26:12.574 [TestNG-test-Yt Master Tests-1] INFO  [verifyingGlobalFilterLandingPageLingua] [verifyingGlobalFilterLandingPageLingua] Element found and ready (attempt 1): By.xpath: //yt-multi-page-menu-section-renderer[@class='style-scope ytd-multi-page-menu-renderer']//yt-formatted-string[@id='label' and text()='Azərbaycan']
2026-03-04 09:26:15.106 [TestNG-test-Yt Master Tests-1] INFO  [verifyingGlobalFilterLandingPageLingua] Clicking settings ellipses button...
2026-03-04 09:26:17.249 [TestNG-test-Yt Master Tests-1] INFO  [verifyingGlobalFilterLandingPageLingua] [verifyingGlobalFilterLandingPageLingua] Trying to find element: By.xpath: //ytd-topbar-menu-button-renderer[@class='style-scope ytd-masthead style-default']
2026-03-04 09:26:17.802 [TestNG-test-Yt Master Tests-1] INFO  [verifyingGlobalFilterLandingPageLingua] [verifyingGlobalFilterLandingPageLingua] Element found and ready (attempt 1): By.xpath: //ytd-topbar-menu-button-renderer[@class='style-scope ytd-masthead style-default']
2026-03-04 09:26:18.006 [TestNG-test-Yt Master Tests-1] INFO  [verifyingGlobalFilterLandingPageLingua] [verifyingGlobalFilterLandingPageLingua] Waiting until element is visible in viewport
2026-03-04 09:26:18.096 [TestNG-test-Yt Master Tests-1] INFO  [verifyingGlobalFilterLandingPageLingua] [verifyingGlobalFilterLandingPageLingua] Capturing screenshot: Filter Applied is Azərbaycan__2026-03-04_092618.jpg
2026-03-04 09:26:18.598 [TestNG-test-Yt Master Tests-1] INFO  [verifyingGlobalFilterLandingPageLingua] [verifyingGlobalFilterLandingPageLingua] Screenshot saved at: test-output/screenshots/Run_2026-03-04_09-24-01/verifyingGlobalFilterLandingPageLingua/Filter Applied is Azərbaycan__2026-03-04_092618.jpg
2026-03-04 09:26:18.600 [TestNG-test-Yt Master Tests-1] INFO  [verifyingGlobalFilterLandingPageLingua] Clicking settings ellipses button...
2026-03-04 09:26:18.629 [TestNG-test-Yt Master Tests-1] INFO  [verifyingGlobalFilterLandingPageLingua] [verifyingGlobalFilterLandingPageLingua] Trying to find element: By.xpath: //ytd-topbar-menu-button-renderer[@class='style-scope ytd-masthead style-default']
2026-03-04 09:26:18.712 [TestNG-test-Yt Master Tests-1] INFO  [verifyingGlobalFilterLandingPageLingua] [verifyingGlobalFilterLandingPageLingua] Element found and ready (attempt 1): By.xpath: //ytd-topbar-menu-button-renderer[@class='style-scope ytd-masthead style-default']
2026-03-04 09:26:18.775 [TestNG-test-Yt Master Tests-1] INFO  [verifyingGlobalFilterLandingPageLingua] Clicking on global filter button in landing page..
2026-03-04 09:26:18.775 [TestNG-test-Yt Master Tests-1] INFO  [verifyingGlobalFilterLandingPageLingua] [verifyingGlobalFilterLandingPageLingua] Trying to click element: By.xpath: //div[@id='filter-button']
2026-03-04 09:26:19.024 [TestNG-test-Yt Master Tests-1] INFO  [verifyingGlobalFilterLandingPageLingua] [verifyingGlobalFilterLandingPageLingua] Clicked successfully (attempt 1): By.xpath: //div[@id='filter-button']
2026-03-04 09:26:19.024 [TestNG-test-Yt Master Tests-1] INFO  [verifyingGlobalFilterLandingPageLingua] [verifyingGlobalFilterLandingPageLingua] Waiting until element is visible in viewport
2026-03-04 09:26:19.087 [TestNG-test-Yt Master Tests-1] INFO  [verifyingGlobalFilterLandingPageLingua] [verifyingGlobalFilterLandingPageLingua] Capturing screenshot: Filter Applied is Azərbaycan__2026-03-04_092619.jpg
2026-03-04 09:26:19.595 [TestNG-test-Yt Master Tests-1] INFO  [verifyingGlobalFilterLandingPageLingua] [verifyingGlobalFilterLandingPageLingua] Screenshot saved at: test-output/screenshots/Run_2026-03-04_09-24-01/verifyingGlobalFilterLandingPageLingua/Filter Applied is Azərbaycan__2026-03-04_092619.jpg
2026-03-04 09:26:19.595 [TestNG-test-Yt Master Tests-1] INFO  [verifyingGlobalFilterLandingPageLingua] Fetching the data from the global filter in landing page
2026-03-04 09:26:19.595 [TestNG-test-Yt Master Tests-1] INFO  [verifyingGlobalFilterLandingPageLingua] [verifyingGlobalFilterLandingPageLingua] Trying to find element: By.xpath: //ytd-search-filter-options-dialog-renderer[@class='style-scope ytd-popup-container']
2026-03-04 09:26:19.683 [TestNG-test-Yt Master Tests-1] INFO  [verifyingGlobalFilterLandingPageLingua] [verifyingGlobalFilterLandingPageLingua] Element found and ready (attempt 1): By.xpath: //ytd-search-filter-options-dialog-renderer[@class='style-scope ytd-popup-container']
2026-03-04 09:26:19.722 [TestNG-test-Yt Master Tests-1] INFO  [verifyingGlobalFilterLandingPageLingua] Closing the global filter pop-up in landing page..
2026-03-04 09:26:19.722 [TestNG-test-Yt Master Tests-1] INFO  [verifyingGlobalFilterLandingPageLingua] [verifyingGlobalFilterLandingPageLingua] Trying to find element: By.xpath: //yt-icon[@icon='close']
2026-03-04 09:26:19.816 [TestNG-test-Yt Master Tests-1] INFO  [verifyingGlobalFilterLandingPageLingua] [verifyingGlobalFilterLandingPageLingua] Element found and ready (attempt 1): By.xpath: //yt-icon[@icon='close']
2026-03-04 09:26:20.286 [TestNG-test-Yt Master Tests-1] INFO  [verifyingGlobalFilterLandingPageLingua] 
========== LANGUAGE DETECTION ==========
Detected Language : AZERBAIJANI
Input Text        : Axtarış filtrləri
NÖV
Videolar
Shorts
Kanallar
Mahnı siyahıları
Filmlər
MÜDDƏT
3 dəqiqədən az
3 - 20 dəqiqə
20 dəqiqədən çox
YÜKLƏMƏ TARIXI
Bu gün
Bu həftə
Bu ay
Bu il
FUNKSIYALAR
Canlı
4K
HD
Altyazılar/gizli altyazılar
Creative Commons lisenziyalı
360°
VR180
3D
HDR
Məkan
Satın alınmış
PRIORITETLƏŞDIRIN
uyğunluq
Populyarlıq
========================================
2026-03-04 09:26:20.289 [TestNG-test-Yt Master Tests-1] INFO  [verifyingGlobalFilterLandingPageLingua] getLangAttribute() - locating <html> and reading lang property
2026-03-04 09:26:20.356 [TestNG-test-Yt Master Tests-1] INFO  [verifyingGlobalFilterLandingPageLingua] Language attribute read: az-Latn-AZ
2026-03-04 09:26:20.356 [TestNG-test-Yt Master Tests-1] INFO  [verifyingGlobalFilterLandingPageLingua] Clicking settings ellipses button...
2026-03-04 09:26:20.433 [TestNG-test-Yt Master Tests-1] INFO  [verifyingGlobalFilterLandingPageLingua] [verifyingGlobalFilterLandingPageLingua] Trying to find element: By.xpath: //ytd-topbar-menu-button-renderer[@class='style-scope ytd-masthead style-default']
2026-03-04 09:26:20.517 [TestNG-test-Yt Master Tests-1] INFO  [verifyingGlobalFilterLandingPageLingua] [verifyingGlobalFilterLandingPageLingua] Element found and ready (attempt 1): By.xpath: //ytd-topbar-menu-button-renderer[@class='style-scope ytd-masthead style-default']
2026-03-04 09:26:20.656 [TestNG-test-Yt Master Tests-1] INFO  [verifyingGlobalFilterLandingPageLingua] Clicking language dropdown...
2026-03-04 09:26:20.656 [TestNG-test-Yt Master Tests-1] INFO  [verifyingGlobalFilterLandingPageLingua] [verifyingGlobalFilterLandingPageLingua] Trying to find element: By.xpath: (//div[@id='content-icon'])[2]
2026-03-04 09:26:21.264 [TestNG-test-Yt Master Tests-1] INFO  [verifyingGlobalFilterLandingPageLingua] [verifyingGlobalFilterLandingPageLingua] Element found and ready (attempt 1): By.xpath: (//div[@id='content-icon'])[2]
2026-03-04 09:26:21.889 [TestNG-test-Yt Master Tests-1] INFO  [verifyingGlobalFilterLandingPageLingua] Looking for language element with name: Bahasa Indonesia
2026-03-04 09:26:21.889 [TestNG-test-Yt Master Tests-1] INFO  [verifyingGlobalFilterLandingPageLingua] [verifyingGlobalFilterLandingPageLingua] Trying to find element: By.xpath: //yt-multi-page-menu-section-renderer[@class='style-scope ytd-multi-page-menu-renderer']//yt-formatted-string[@id='label' and text()='Bahasa Indonesia']
2026-03-04 09:26:22.172 [TestNG-test-Yt Master Tests-1] INFO  [verifyingGlobalFilterLandingPageLingua] [verifyingGlobalFilterLandingPageLingua] Element found and ready (attempt 1): By.xpath: //yt-multi-page-menu-section-renderer[@class='style-scope ytd-multi-page-menu-renderer']//yt-formatted-string[@id='label' and text()='Bahasa Indonesia']
2026-03-04 09:26:22.172 [TestNG-test-Yt Master Tests-1] INFO  [verifyingGlobalFilterLandingPageLingua] [verifyingGlobalFilterLandingPageLingua] Trying to find element: By.xpath: //yt-multi-page-menu-section-renderer[@class='style-scope ytd-multi-page-menu-renderer']//yt-formatted-string[@id='label' and text()='Bahasa Indonesia']
2026-03-04 09:26:22.318 [TestNG-test-Yt Master Tests-1] INFO  [verifyingGlobalFilterLandingPageLingua] [verifyingGlobalFilterLandingPageLingua] Element found and ready (attempt 1): By.xpath: //yt-multi-page-menu-section-renderer[@class='style-scope ytd-multi-page-menu-renderer']//yt-formatted-string[@id='label' and text()='Bahasa Indonesia']
2026-03-04 09:26:24.915 [TestNG-test-Yt Master Tests-1] INFO  [verifyingGlobalFilterLandingPageLingua] Clicking settings ellipses button...
2026-03-04 09:26:26.416 [TestNG-test-Yt Master Tests-1] INFO  [verifyingGlobalFilterLandingPageLingua] [verifyingGlobalFilterLandingPageLingua] Trying to find element: By.xpath: //ytd-topbar-menu-button-renderer[@class='style-scope ytd-masthead style-default']
2026-03-04 09:26:27.470 [TestNG-test-Yt Master Tests-1] INFO  [verifyingGlobalFilterLandingPageLingua] [verifyingGlobalFilterLandingPageLingua] Element found and ready (attempt 1): By.xpath: //ytd-topbar-menu-button-renderer[@class='style-scope ytd-masthead style-default']
2026-03-04 09:26:27.631 [TestNG-test-Yt Master Tests-1] INFO  [verifyingGlobalFilterLandingPageLingua] [verifyingGlobalFilterLandingPageLingua] Waiting until element is visible in viewport
2026-03-04 09:26:28.252 [TestNG-test-Yt Master Tests-1] INFO  [verifyingGlobalFilterLandingPageLingua] [verifyingGlobalFilterLandingPageLingua] Capturing screenshot: Filter Applied is Bahasa Indonesia__2026-03-04_092628.jpg
2026-03-04 09:26:28.647 [TestNG-test-Yt Master Tests-1] INFO  [verifyingGlobalFilterLandingPageLingua] [verifyingGlobalFilterLandingPageLingua] Screenshot saved at: test-output/screenshots/Run_2026-03-04_09-24-01/verifyingGlobalFilterLandingPageLingua/Filter Applied is Bahasa Indonesia__2026-03-04_092628.jpg
2026-03-04 09:26:28.647 [TestNG-test-Yt Master Tests-1] INFO  [verifyingGlobalFilterLandingPageLingua] Clicking settings ellipses button...
2026-03-04 09:26:28.674 [TestNG-test-Yt Master Tests-1] INFO  [verifyingGlobalFilterLandingPageLingua] [verifyingGlobalFilterLandingPageLingua] Trying to find element: By.xpath: //ytd-topbar-menu-button-renderer[@class='style-scope ytd-masthead style-default']
2026-03-04 09:26:28.739 [TestNG-test-Yt Master Tests-1] INFO  [verifyingGlobalFilterLandingPageLingua] [verifyingGlobalFilterLandingPageLingua] Element found and ready (attempt 1): By.xpath: //ytd-topbar-menu-button-renderer[@class='style-scope ytd-masthead style-default']
2026-03-04 09:26:28.801 [TestNG-test-Yt Master Tests-1] INFO  [verifyingGlobalFilterLandingPageLingua] Clicking on global filter button in landing page..
2026-03-04 09:26:28.801 [TestNG-test-Yt Master Tests-1] INFO  [verifyingGlobalFilterLandingPageLingua] [verifyingGlobalFilterLandingPageLingua] Trying to click element: By.xpath: //div[@id='filter-button']
2026-03-04 09:26:29.102 [TestNG-test-Yt Master Tests-1] INFO  [verifyingGlobalFilterLandingPageLingua] [verifyingGlobalFilterLandingPageLingua] Clicked successfully (attempt 1): By.xpath: //div[@id='filter-button']
2026-03-04 09:26:29.103 [TestNG-test-Yt Master Tests-1] INFO  [verifyingGlobalFilterLandingPageLingua] [verifyingGlobalFilterLandingPageLingua] Waiting until element is visible in viewport
2026-03-04 09:26:29.137 [TestNG-test-Yt Master Tests-1] INFO  [verifyingGlobalFilterLandingPageLingua] [verifyingGlobalFilterLandingPageLingua] Capturing screenshot: Filter Applied is Bahasa Indonesia__2026-03-04_092629.jpg
2026-03-04 09:26:29.767 [TestNG-test-Yt Master Tests-1] INFO  [verifyingGlobalFilterLandingPageLingua] [verifyingGlobalFilterLandingPageLingua] Screenshot saved at: test-output/screenshots/Run_2026-03-04_09-24-01/verifyingGlobalFilterLandingPageLingua/Filter Applied is Bahasa Indonesia__2026-03-04_092629.jpg
2026-03-04 09:26:29.767 [TestNG-test-Yt Master Tests-1] INFO  [verifyingGlobalFilterLandingPageLingua] Fetching the data from the global filter in landing page
2026-03-04 09:26:29.767 [TestNG-test-Yt Master Tests-1] INFO  [verifyingGlobalFilterLandingPageLingua] [verifyingGlobalFilterLandingPageLingua] Trying to find element: By.xpath: //ytd-search-filter-options-dialog-renderer[@class='style-scope ytd-popup-container']
2026-03-04 09:26:29.877 [TestNG-test-Yt Master Tests-1] INFO  [verifyingGlobalFilterLandingPageLingua] [verifyingGlobalFilterLandingPageLingua] Element found and ready (attempt 1): By.xpath: //ytd-search-filter-options-dialog-renderer[@class='style-scope ytd-popup-container']
2026-03-04 09:26:29.912 [TestNG-test-Yt Master Tests-1] INFO  [verifyingGlobalFilterLandingPageLingua] Closing the global filter pop-up in landing page..
2026-03-04 09:26:29.913 [TestNG-test-Yt Master Tests-1] INFO  [verifyingGlobalFilterLandingPageLingua] [verifyingGlobalFilterLandingPageLingua] Trying to find element: By.xpath: //yt-icon[@icon='close']
2026-03-04 09:26:30.002 [TestNG-test-Yt Master Tests-1] INFO  [verifyingGlobalFilterLandingPageLingua] [verifyingGlobalFilterLandingPageLingua] Element found and ready (attempt 1): By.xpath: //yt-icon[@icon='close']
2026-03-04 09:26:30.083 [TestNG-test-Yt Master Tests-1] INFO  [verifyingGlobalFilterLandingPageLingua] 
========== LANGUAGE DETECTION ==========
Detected Language : INDONESIAN
Input Text        : Filter penelusuran
JENIS
Video
Shorts
Channel
Playlist
Film
DURASI
Kurang dari 3 menit
3—20 menit
Lebih dari 20 menit
TANGGAL UPLOAD
Hari ini
Minggu ini
Bulan ini
Tahun ini
FITUR
Live
4K
HD
Subtitel/CC
Creative Commons
360°
VR180
3D
HDR
Lokasi
Dibeli
PRIORITASKAN
Relevansi
Popularitas
========================================
2026-03-04 09:26:30.084 [TestNG-test-Yt Master Tests-1] INFO  [verifyingGlobalFilterLandingPageLingua] getLangAttribute() - locating <html> and reading lang property
2026-03-04 09:26:30.104 [TestNG-test-Yt Master Tests-1] INFO  [verifyingGlobalFilterLandingPageLingua] Language attribute read: id-ID
2026-03-04 09:26:30.104 [TestNG-test-Yt Master Tests-1] INFO  [verifyingGlobalFilterLandingPageLingua] Clicking settings ellipses button...
2026-03-04 09:26:30.130 [TestNG-test-Yt Master Tests-1] INFO  [verifyingGlobalFilterLandingPageLingua] [verifyingGlobalFilterLandingPageLingua] Trying to find element: By.xpath: //ytd-topbar-menu-button-renderer[@class='style-scope ytd-masthead style-default']
2026-03-04 09:26:30.201 [TestNG-test-Yt Master Tests-1] INFO  [verifyingGlobalFilterLandingPageLingua] [verifyingGlobalFilterLandingPageLingua] Element found and ready (attempt 1): By.xpath: //ytd-topbar-menu-button-renderer[@class='style-scope ytd-masthead style-default']
2026-03-04 09:26:30.294 [TestNG-test-Yt Master Tests-1] INFO  [verifyingGlobalFilterLandingPageLingua] Clicking language dropdown...
2026-03-04 09:26:30.295 [TestNG-test-Yt Master Tests-1] INFO  [verifyingGlobalFilterLandingPageLingua] [verifyingGlobalFilterLandingPageLingua] Trying to find element: By.xpath: (//div[@id='content-icon'])[2]
2026-03-04 09:26:30.908 [TestNG-test-Yt Master Tests-1] INFO  [verifyingGlobalFilterLandingPageLingua] [verifyingGlobalFilterLandingPageLingua] Element found and ready (attempt 1): By.xpath: (//div[@id='content-icon'])[2]
2026-03-04 09:26:31.367 [TestNG-test-Yt Master Tests-1] INFO  [verifyingGlobalFilterLandingPageLingua] Looking for language element with name: Bosanski
2026-03-04 09:26:31.367 [TestNG-test-Yt Master Tests-1] INFO  [verifyingGlobalFilterLandingPageLingua] [verifyingGlobalFilterLandingPageLingua] Trying to find element: By.xpath: //yt-multi-page-menu-section-renderer[@class='style-scope ytd-multi-page-menu-renderer']//yt-formatted-string[@id='label' and text()='Bosanski']
2026-03-04 09:26:31.582 [TestNG-test-Yt Master Tests-1] INFO  [verifyingGlobalFilterLandingPageLingua] [verifyingGlobalFilterLandingPageLingua] Element found and ready (attempt 1): By.xpath: //yt-multi-page-menu-section-renderer[@class='style-scope ytd-multi-page-menu-renderer']//yt-formatted-string[@id='label' and text()='Bosanski']
2026-03-04 09:26:31.583 [TestNG-test-Yt Master Tests-1] INFO  [verifyingGlobalFilterLandingPageLingua] [verifyingGlobalFilterLandingPageLingua] Trying to find element: By.xpath: //yt-multi-page-menu-section-renderer[@class='style-scope ytd-multi-page-menu-renderer']//yt-formatted-string[@id='label' and text()='Bosanski']
2026-03-04 09:26:31.657 [TestNG-test-Yt Master Tests-1] INFO  [verifyingGlobalFilterLandingPageLingua] [verifyingGlobalFilterLandingPageLingua] Element found and ready (attempt 1): By.xpath: //yt-multi-page-menu-section-renderer[@class='style-scope ytd-multi-page-menu-renderer']//yt-formatted-string[@id='label' and text()='Bosanski']
2026-03-04 09:26:35.202 [TestNG-test-Yt Master Tests-1] INFO  [verifyingGlobalFilterLandingPageLingua] Clicking settings ellipses button...
2026-03-04 09:26:36.641 [TestNG-test-Yt Master Tests-1] INFO  [verifyingGlobalFilterLandingPageLingua] [verifyingGlobalFilterLandingPageLingua] Trying to find element: By.xpath: //ytd-topbar-menu-button-renderer[@class='style-scope ytd-masthead style-default']
2026-03-04 09:26:37.158 [TestNG-test-Yt Master Tests-1] INFO  [verifyingGlobalFilterLandingPageLingua] [verifyingGlobalFilterLandingPageLingua] Element found and ready (attempt 1): By.xpath: //ytd-topbar-menu-button-renderer[@class='style-scope ytd-masthead style-default']
2026-03-04 09:26:37.266 [TestNG-test-Yt Master Tests-1] INFO  [verifyingGlobalFilterLandingPageLingua] [verifyingGlobalFilterLandingPageLingua] Waiting until element is visible in viewport
2026-03-04 09:26:37.809 [TestNG-test-Yt Master Tests-1] INFO  [verifyingGlobalFilterLandingPageLingua] [verifyingGlobalFilterLandingPageLingua] Capturing screenshot: Filter Applied is Bosanski__2026-03-04_092637.jpg
2026-03-04 09:26:38.208 [TestNG-test-Yt Master Tests-1] INFO  [verifyingGlobalFilterLandingPageLingua] [verifyingGlobalFilterLandingPageLingua] Screenshot saved at: test-output/screenshots/Run_2026-03-04_09-24-01/verifyingGlobalFilterLandingPageLingua/Filter Applied is Bosanski__2026-03-04_092637.jpg
2026-03-04 09:26:38.208 [TestNG-test-Yt Master Tests-1] INFO  [verifyingGlobalFilterLandingPageLingua] Clicking settings ellipses button...
2026-03-04 09:26:38.235 [TestNG-test-Yt Master Tests-1] INFO  [verifyingGlobalFilterLandingPageLingua] [verifyingGlobalFilterLandingPageLingua] Trying to find element: By.xpath: //ytd-topbar-menu-button-renderer[@class='style-scope ytd-masthead style-default']
2026-03-04 09:26:38.308 [TestNG-test-Yt Master Tests-1] INFO  [verifyingGlobalFilterLandingPageLingua] [verifyingGlobalFilterLandingPageLingua] Element found and ready (attempt 1): By.xpath: //ytd-topbar-menu-button-renderer[@class='style-scope ytd-masthead style-default']
2026-03-04 09:26:38.373 [TestNG-test-Yt Master Tests-1] INFO  [verifyingGlobalFilterLandingPageLingua] Clicking on global filter button in landing page..
2026-03-04 09:26:38.374 [TestNG-test-Yt Master Tests-1] INFO  [verifyingGlobalFilterLandingPageLingua] [verifyingGlobalFilterLandingPageLingua] Trying to click element: By.xpath: //div[@id='filter-button']
2026-03-04 09:26:38.630 [TestNG-test-Yt Master Tests-1] INFO  [verifyingGlobalFilterLandingPageLingua] [verifyingGlobalFilterLandingPageLingua] Clicked successfully (attempt 1): By.xpath: //div[@id='filter-button']
2026-03-04 09:26:38.630 [TestNG-test-Yt Master Tests-1] INFO  [verifyingGlobalFilterLandingPageLingua] [verifyingGlobalFilterLandingPageLingua] Waiting until element is visible in viewport
2026-03-04 09:26:38.662 [TestNG-test-Yt Master Tests-1] INFO  [verifyingGlobalFilterLandingPageLingua] [verifyingGlobalFilterLandingPageLingua] Capturing screenshot: Filter Applied is Bosanski__2026-03-04_092638.jpg
2026-03-04 09:26:39.344 [TestNG-test-Yt Master Tests-1] INFO  [verifyingGlobalFilterLandingPageLingua] [verifyingGlobalFilterLandingPageLingua] Screenshot saved at: test-output/screenshots/Run_2026-03-04_09-24-01/verifyingGlobalFilterLandingPageLingua/Filter Applied is Bosanski__2026-03-04_092638.jpg
2026-03-04 09:26:39.344 [TestNG-test-Yt Master Tests-1] INFO  [verifyingGlobalFilterLandingPageLingua] Fetching the data from the global filter in landing page
2026-03-04 09:26:39.344 [TestNG-test-Yt Master Tests-1] INFO  [verifyingGlobalFilterLandingPageLingua] [verifyingGlobalFilterLandingPageLingua] Trying to find element: By.xpath: //ytd-search-filter-options-dialog-renderer[@class='style-scope ytd-popup-container']
2026-03-04 09:26:39.435 [TestNG-test-Yt Master Tests-1] INFO  [verifyingGlobalFilterLandingPageLingua] [verifyingGlobalFilterLandingPageLingua] Element found and ready (attempt 1): By.xpath: //ytd-search-filter-options-dialog-renderer[@class='style-scope ytd-popup-container']
2026-03-04 09:26:39.482 [TestNG-test-Yt Master Tests-1] INFO  [verifyingGlobalFilterLandingPageLingua] Closing the global filter pop-up in landing page..
2026-03-04 09:26:39.482 [TestNG-test-Yt Master Tests-1] INFO  [verifyingGlobalFilterLandingPageLingua] [verifyingGlobalFilterLandingPageLingua] Trying to find element: By.xpath: //yt-icon[@icon='close']
2026-03-04 09:26:39.558 [TestNG-test-Yt Master Tests-1] INFO  [verifyingGlobalFilterLandingPageLingua] [verifyingGlobalFilterLandingPageLingua] Element found and ready (attempt 1): By.xpath: //yt-icon[@icon='close']
2026-03-04 09:26:39.671 [TestNG-test-Yt Master Tests-1] INFO  [verifyingGlobalFilterLandingPageLingua] 
========== LANGUAGE DETECTION ==========
Detected Language : BOSNIAN
Input Text        : Filteri pretraživanja
VRSTA
Videozapisi
Shortsi
Kanali
Plejliste
Filmovi
TRAJANJE
Manje od 3 minute
3–20 minuta
Više od 20 minuta
DATUM OTPREMANJA
Danas
Ova sedmica
Ovog mjeseca
Ove godine
FUNKCIJE
Uživo
4K
HD
Titlovi
Creative Commons
360°
VR180
3D
HDR
Lokacija
Kupljeno
DAVANJE PRIORITETA
Relevantnost
Popularnost
========================================
2026-03-04 09:26:39.672 [TestNG-test-Yt Master Tests-1] INFO  [verifyingGlobalFilterLandingPageLingua] getLangAttribute() - locating <html> and reading lang property
2026-03-04 09:26:39.693 [TestNG-test-Yt Master Tests-1] INFO  [verifyingGlobalFilterLandingPageLingua] Language attribute read: bs-Latn-BA
2026-03-04 09:26:39.693 [TestNG-test-Yt Master Tests-1] INFO  [verifyingGlobalFilterLandingPageLingua] Clicking settings ellipses button...
2026-03-04 09:26:39.721 [TestNG-test-Yt Master Tests-1] INFO  [verifyingGlobalFilterLandingPageLingua] [verifyingGlobalFilterLandingPageLingua] Trying to find element: By.xpath: //ytd-topbar-menu-button-renderer[@class='style-scope ytd-masthead style-default']
2026-03-04 09:26:39.795 [TestNG-test-Yt Master Tests-1] INFO  [verifyingGlobalFilterLandingPageLingua] [verifyingGlobalFilterLandingPageLingua] Element found and ready (attempt 1): By.xpath: //ytd-topbar-menu-button-renderer[@class='style-scope ytd-masthead style-default']
2026-03-04 09:26:39.930 [TestNG-test-Yt Master Tests-1] INFO  [verifyingGlobalFilterLandingPageLingua] Clicking language dropdown...
2026-03-04 09:26:39.930 [TestNG-test-Yt Master Tests-1] INFO  [verifyingGlobalFilterLandingPageLingua] [verifyingGlobalFilterLandingPageLingua] Trying to find element: By.xpath: (//div[@id='content-icon'])[2]
2026-03-04 09:26:40.604 [TestNG-test-Yt Master Tests-1] INFO  [verifyingGlobalFilterLandingPageLingua] [verifyingGlobalFilterLandingPageLingua] Element found and ready (attempt 1): By.xpath: (//div[@id='content-icon'])[2]
2026-03-04 09:26:41.168 [TestNG-test-Yt Master Tests-1] INFO  [verifyingGlobalFilterLandingPageLingua] Looking for language element with name: Català
2026-03-04 09:26:41.168 [TestNG-test-Yt Master Tests-1] INFO  [verifyingGlobalFilterLandingPageLingua] [verifyingGlobalFilterLandingPageLingua] Trying to find element: By.xpath: //yt-multi-page-menu-section-renderer[@class='style-scope ytd-multi-page-menu-renderer']//yt-formatted-string[@id='label' and text()='Català']
2026-03-04 09:26:41.321 [TestNG-test-Yt Master Tests-1] INFO  [verifyingGlobalFilterLandingPageLingua] [verifyingGlobalFilterLandingPageLingua] Element found and ready (attempt 1): By.xpath: //yt-multi-page-menu-section-renderer[@class='style-scope ytd-multi-page-menu-renderer']//yt-formatted-string[@id='label' and text()='Català']
2026-03-04 09:26:41.321 [TestNG-test-Yt Master Tests-1] INFO  [verifyingGlobalFilterLandingPageLingua] [verifyingGlobalFilterLandingPageLingua] Trying to find element: By.xpath: //yt-multi-page-menu-section-renderer[@class='style-scope ytd-multi-page-menu-renderer']//yt-formatted-string[@id='label' and text()='Català']
2026-03-04 09:26:41.403 [TestNG-test-Yt Master Tests-1] INFO  [verifyingGlobalFilterLandingPageLingua] [verifyingGlobalFilterLandingPageLingua] Element found and ready (attempt 1): By.xpath: //yt-multi-page-menu-section-renderer[@class='style-scope ytd-multi-page-menu-renderer']//yt-formatted-string[@id='label' and text()='Català']
2026-03-04 09:26:44.223 [TestNG-test-Yt Master Tests-1] INFO  [verifyingGlobalFilterLandingPageLingua] Clicking settings ellipses button...
2026-03-04 09:26:45.937 [TestNG-test-Yt Master Tests-1] INFO  [verifyingGlobalFilterLandingPageLingua] [verifyingGlobalFilterLandingPageLingua] Trying to find element: By.xpath: //ytd-topbar-menu-button-renderer[@class='style-scope ytd-masthead style-default']
2026-03-04 09:26:46.495 [TestNG-test-Yt Master Tests-1] INFO  [verifyingGlobalFilterLandingPageLingua] [verifyingGlobalFilterLandingPageLingua] Element found and ready (attempt 1): By.xpath: //ytd-topbar-menu-button-renderer[@class='style-scope ytd-masthead style-default']
2026-03-04 09:26:46.602 [TestNG-test-Yt Master Tests-1] INFO  [verifyingGlobalFilterLandingPageLingua] [verifyingGlobalFilterLandingPageLingua] Waiting until element is visible in viewport
2026-03-04 09:26:47.163 [TestNG-test-Yt Master Tests-1] INFO  [verifyingGlobalFilterLandingPageLingua] [verifyingGlobalFilterLandingPageLingua] Capturing screenshot: Filter Applied is Català__2026-03-04_092647.jpg
2026-03-04 09:26:47.592 [TestNG-test-Yt Master Tests-1] INFO  [verifyingGlobalFilterLandingPageLingua] [verifyingGlobalFilterLandingPageLingua] Screenshot saved at: test-output/screenshots/Run_2026-03-04_09-24-01/verifyingGlobalFilterLandingPageLingua/Filter Applied is Català__2026-03-04_092647.jpg
2026-03-04 09:26:47.592 [TestNG-test-Yt Master Tests-1] INFO  [verifyingGlobalFilterLandingPageLingua] Clicking settings ellipses button...
2026-03-04 09:26:47.617 [TestNG-test-Yt Master Tests-1] INFO  [verifyingGlobalFilterLandingPageLingua] [verifyingGlobalFilterLandingPageLingua] Trying to find element: By.xpath: //ytd-topbar-menu-button-renderer[@class='style-scope ytd-masthead style-default']
2026-03-04 09:26:47.677 [TestNG-test-Yt Master Tests-1] INFO  [verifyingGlobalFilterLandingPageLingua] [verifyingGlobalFilterLandingPageLingua] Element found and ready (attempt 1): By.xpath: //ytd-topbar-menu-button-renderer[@class='style-scope ytd-masthead style-default']
2026-03-04 09:26:47.736 [TestNG-test-Yt Master Tests-1] INFO  [verifyingGlobalFilterLandingPageLingua] Clicking on global filter button in landing page..
2026-03-04 09:26:47.737 [TestNG-test-Yt Master Tests-1] INFO  [verifyingGlobalFilterLandingPageLingua] [verifyingGlobalFilterLandingPageLingua] Trying to click element: By.xpath: //div[@id='filter-button']
2026-03-04 09:26:47.976 [TestNG-test-Yt Master Tests-1] INFO  [verifyingGlobalFilterLandingPageLingua] [verifyingGlobalFilterLandingPageLingua] Clicked successfully (attempt 1): By.xpath: //div[@id='filter-button']
2026-03-04 09:26:47.976 [TestNG-test-Yt Master Tests-1] INFO  [verifyingGlobalFilterLandingPageLingua] [verifyingGlobalFilterLandingPageLingua] Waiting until element is visible in viewport
2026-03-04 09:26:48.007 [TestNG-test-Yt Master Tests-1] INFO  [verifyingGlobalFilterLandingPageLingua] [verifyingGlobalFilterLandingPageLingua] Capturing screenshot: Filter Applied is Català__2026-03-04_092648.jpg
2026-03-04 09:26:48.544 [TestNG-test-Yt Master Tests-1] INFO  [verifyingGlobalFilterLandingPageLingua] [verifyingGlobalFilterLandingPageLingua] Screenshot saved at: test-output/screenshots/Run_2026-03-04_09-24-01/verifyingGlobalFilterLandingPageLingua/Filter Applied is Català__2026-03-04_092648.jpg
2026-03-04 09:26:48.544 [TestNG-test-Yt Master Tests-1] INFO  [verifyingGlobalFilterLandingPageLingua] Fetching the data from the global filter in landing page
2026-03-04 09:26:48.544 [TestNG-test-Yt Master Tests-1] INFO  [verifyingGlobalFilterLandingPageLingua] [verifyingGlobalFilterLandingPageLingua] Trying to find element: By.xpath: //ytd-search-filter-options-dialog-renderer[@class='style-scope ytd-popup-container']
2026-03-04 09:26:48.612 [TestNG-test-Yt Master Tests-1] INFO  [verifyingGlobalFilterLandingPageLingua] [verifyingGlobalFilterLandingPageLingua] Element found and ready (attempt 1): By.xpath: //ytd-search-filter-options-dialog-renderer[@class='style-scope ytd-popup-container']
2026-03-04 09:26:48.636 [TestNG-test-Yt Master Tests-1] INFO  [verifyingGlobalFilterLandingPageLingua] Closing the global filter pop-up in landing page..
2026-03-04 09:26:48.636 [TestNG-test-Yt Master Tests-1] INFO  [verifyingGlobalFilterLandingPageLingua] [verifyingGlobalFilterLandingPageLingua] Trying to find element: By.xpath: //yt-icon[@icon='close']
2026-03-04 09:26:48.713 [TestNG-test-Yt Master Tests-1] INFO  [verifyingGlobalFilterLandingPageLingua] [verifyingGlobalFilterLandingPageLingua] Element found and ready (attempt 1): By.xpath: //yt-icon[@icon='close']
2026-03-04 09:26:48.776 [TestNG-test-Yt Master Tests-1] INFO  [verifyingGlobalFilterLandingPageLingua] 
========== LANGUAGE DETECTION ==========
Detected Language : CATALAN
Input Text        : Filtres de cerca
TIPUS
Vídeos
Curts
Canals
Llistes de reproducció
Pel·lícules
DURADA
Menys de 3 minuts
Entre 3 i 20 de minuts
Més de 20 minuts
DATA DE PUJADA
Avui
Aquesta setmana
Aquest mes
Aquest any
FUNCIONS
En directe
4K
HD
Subtítols
Creative Commons
360°
VR180
3D
HDR
Ubicació
Comprat
PRIORITZA
Rellevància
Popularitat
========================================
2026-03-04 09:26:48.777 [TestNG-test-Yt Master Tests-1] INFO  [verifyingGlobalFilterLandingPageLingua] getLangAttribute() - locating <html> and reading lang property
2026-03-04 09:26:48.837 [TestNG-test-Yt Master Tests-1] INFO  [verifyingGlobalFilterLandingPageLingua] Language attribute read: ca-ES
2026-03-04 09:26:48.837 [TestNG-test-Yt Master Tests-1] INFO  [verifyingGlobalFilterLandingPageLingua] Clicking settings ellipses button...
2026-03-04 09:26:48.875 [TestNG-test-Yt Master Tests-1] INFO  [verifyingGlobalFilterLandingPageLingua] [verifyingGlobalFilterLandingPageLingua] Trying to find element: By.xpath: //ytd-topbar-menu-button-renderer[@class='style-scope ytd-masthead style-default']
2026-03-04 09:26:49.091 [TestNG-test-Yt Master Tests-1] INFO  [verifyingGlobalFilterLandingPageLingua] [verifyingGlobalFilterLandingPageLingua] Element found and ready (attempt 1): By.xpath: //ytd-topbar-menu-button-renderer[@class='style-scope ytd-masthead style-default']
2026-03-04 09:26:49.175 [TestNG-test-Yt Master Tests-1] INFO  [verifyingGlobalFilterLandingPageLingua] Clicking language dropdown...
2026-03-04 09:26:49.175 [TestNG-test-Yt Master Tests-1] INFO  [verifyingGlobalFilterLandingPageLingua] [verifyingGlobalFilterLandingPageLingua] Trying to find element: By.xpath: (//div[@id='content-icon'])[2]
2026-03-04 09:26:49.829 [TestNG-test-Yt Master Tests-1] INFO  [verifyingGlobalFilterLandingPageLingua] [verifyingGlobalFilterLandingPageLingua] Element found and ready (attempt 1): By.xpath: (//div[@id='content-icon'])[2]
2026-03-04 09:26:50.435 [TestNG-test-Yt Master Tests-1] INFO  [verifyingGlobalFilterLandingPageLingua] Looking for language element with name: Dansk
2026-03-04 09:26:50.435 [TestNG-test-Yt Master Tests-1] INFO  [verifyingGlobalFilterLandingPageLingua] [verifyingGlobalFilterLandingPageLingua] Trying to find element: By.xpath: //yt-multi-page-menu-section-renderer[@class='style-scope ytd-multi-page-menu-renderer']//yt-formatted-string[@id='label' and text()='Dansk']
2026-03-04 09:26:50.737 [TestNG-test-Yt Master Tests-1] INFO  [verifyingGlobalFilterLandingPageLingua] [verifyingGlobalFilterLandingPageLingua] Element found and ready (attempt 1): By.xpath: //yt-multi-page-menu-section-renderer[@class='style-scope ytd-multi-page-menu-renderer']//yt-formatted-string[@id='label' and text()='Dansk']
2026-03-04 09:26:50.737 [TestNG-test-Yt Master Tests-1] INFO  [verifyingGlobalFilterLandingPageLingua] [verifyingGlobalFilterLandingPageLingua] Trying to find element: By.xpath: //yt-multi-page-menu-section-renderer[@class='style-scope ytd-multi-page-menu-renderer']//yt-formatted-string[@id='label' and text()='Dansk']
2026-03-04 09:26:50.801 [TestNG-test-Yt Master Tests-1] INFO  [verifyingGlobalFilterLandingPageLingua] [verifyingGlobalFilterLandingPageLingua] Element found and ready (attempt 1): By.xpath: //yt-multi-page-menu-section-renderer[@class='style-scope ytd-multi-page-menu-renderer']//yt-formatted-string[@id='label' and text()='Dansk']
2026-03-04 09:26:53.894 [TestNG-test-Yt Master Tests-1] INFO  [verifyingGlobalFilterLandingPageLingua] Clicking settings ellipses button...
2026-03-04 09:26:56.389 [TestNG-test-Yt Master Tests-1] INFO  [verifyingGlobalFilterLandingPageLingua] [verifyingGlobalFilterLandingPageLingua] Trying to find element: By.xpath: //ytd-topbar-menu-button-renderer[@class='style-scope ytd-masthead style-default']
2026-03-04 09:26:56.641 [TestNG-test-Yt Master Tests-1] INFO  [verifyingGlobalFilterLandingPageLingua] [verifyingGlobalFilterLandingPageLingua] Element found and ready (attempt 1): By.xpath: //ytd-topbar-menu-button-renderer[@class='style-scope ytd-masthead style-default']
2026-03-04 09:26:56.773 [TestNG-test-Yt Master Tests-1] INFO  [verifyingGlobalFilterLandingPageLingua] [verifyingGlobalFilterLandingPageLingua] Waiting until element is visible in viewport
2026-03-04 09:26:57.352 [TestNG-test-Yt Master Tests-1] INFO  [verifyingGlobalFilterLandingPageLingua] [verifyingGlobalFilterLandingPageLingua] Capturing screenshot: Filter Applied is Dansk__2026-03-04_092657.jpg
2026-03-04 09:26:57.822 [TestNG-test-Yt Master Tests-1] INFO  [verifyingGlobalFilterLandingPageLingua] [verifyingGlobalFilterLandingPageLingua] Screenshot saved at: test-output/screenshots/Run_2026-03-04_09-24-01/verifyingGlobalFilterLandingPageLingua/Filter Applied is Dansk__2026-03-04_092657.jpg
2026-03-04 09:26:57.823 [TestNG-test-Yt Master Tests-1] INFO  [verifyingGlobalFilterLandingPageLingua] Clicking settings ellipses button...
2026-03-04 09:26:57.852 [TestNG-test-Yt Master Tests-1] INFO  [verifyingGlobalFilterLandingPageLingua] [verifyingGlobalFilterLandingPageLingua] Trying to find element: By.xpath: //ytd-topbar-menu-button-renderer[@class='style-scope ytd-masthead style-default']
2026-03-04 09:26:57.920 [TestNG-test-Yt Master Tests-1] INFO  [verifyingGlobalFilterLandingPageLingua] [verifyingGlobalFilterLandingPageLingua] Element found and ready (attempt 1): By.xpath: //ytd-topbar-menu-button-renderer[@class='style-scope ytd-masthead style-default']
2026-03-04 09:26:57.978 [TestNG-test-Yt Master Tests-1] INFO  [verifyingGlobalFilterLandingPageLingua] Clicking on global filter button in landing page..
2026-03-04 09:26:57.978 [TestNG-test-Yt Master Tests-1] INFO  [verifyingGlobalFilterLandingPageLingua] [verifyingGlobalFilterLandingPageLingua] Trying to click element: By.xpath: //div[@id='filter-button']
2026-03-04 09:26:58.225 [TestNG-test-Yt Master Tests-1] INFO  [verifyingGlobalFilterLandingPageLingua] [verifyingGlobalFilterLandingPageLingua] Clicked successfully (attempt 1): By.xpath: //div[@id='filter-button']
2026-03-04 09:26:58.225 [TestNG-test-Yt Master Tests-1] INFO  [verifyingGlobalFilterLandingPageLingua] [verifyingGlobalFilterLandingPageLingua] Waiting until element is visible in viewport
2026-03-04 09:26:58.254 [TestNG-test-Yt Master Tests-1] INFO  [verifyingGlobalFilterLandingPageLingua] [verifyingGlobalFilterLandingPageLingua] Capturing screenshot: Filter Applied is Dansk__2026-03-04_092658.jpg
2026-03-04 09:26:58.802 [TestNG-test-Yt Master Tests-1] INFO  [verifyingGlobalFilterLandingPageLingua] [verifyingGlobalFilterLandingPageLingua] Screenshot saved at: test-output/screenshots/Run_2026-03-04_09-24-01/verifyingGlobalFilterLandingPageLingua/Filter Applied is Dansk__2026-03-04_092658.jpg
2026-03-04 09:26:58.803 [TestNG-test-Yt Master Tests-1] INFO  [verifyingGlobalFilterLandingPageLingua] Fetching the data from the global filter in landing page
2026-03-04 09:26:58.803 [TestNG-test-Yt Master Tests-1] INFO  [verifyingGlobalFilterLandingPageLingua] [verifyingGlobalFilterLandingPageLingua] Trying to find element: By.xpath: //ytd-search-filter-options-dialog-renderer[@class='style-scope ytd-popup-container']
2026-03-04 09:26:58.896 [TestNG-test-Yt Master Tests-1] INFO  [verifyingGlobalFilterLandingPageLingua] [verifyingGlobalFilterLandingPageLingua] Element found and ready (attempt 1): By.xpath: //ytd-search-filter-options-dialog-renderer[@class='style-scope ytd-popup-container']
2026-03-04 09:26:58.927 [TestNG-test-Yt Master Tests-1] INFO  [verifyingGlobalFilterLandingPageLingua] Closing the global filter pop-up in landing page..
2026-03-04 09:26:58.927 [TestNG-test-Yt Master Tests-1] INFO  [verifyingGlobalFilterLandingPageLingua] [verifyingGlobalFilterLandingPageLingua] Trying to find element: By.xpath: //yt-icon[@icon='close']
2026-03-04 09:26:59.004 [TestNG-test-Yt Master Tests-1] INFO  [verifyingGlobalFilterLandingPageLingua] [verifyingGlobalFilterLandingPageLingua] Element found and ready (attempt 1): By.xpath: //yt-icon[@icon='close']
2026-03-04 09:26:59.096 [TestNG-test-Yt Master Tests-1] INFO  [verifyingGlobalFilterLandingPageLingua] 
========== LANGUAGE DETECTION ==========
Detected Language : DANISH
Input Text        : Søgefiltre
TYPE
Videoer
Shorts
Kanaler
Playlister
Film
VARIGHED
Under 3 minutter
3-20 minutter
Over 20 minutter
DATO FOR UPLOAD
I dag
Denne uge
Denne måned
I år
EGENSKABER
Live
4K
HD
Undertekster
Creative Commons
360°
VR180
3D
HDR
Lokation
Købt
PRIORITER
Relevans
Popularitet
========================================
2026-03-04 09:26:59.100 [TestNG-test-Yt Master Tests-1] INFO  [verifyingGlobalFilterLandingPageLingua] getLangAttribute() - locating <html> and reading lang property
2026-03-04 09:26:59.123 [TestNG-test-Yt Master Tests-1] INFO  [verifyingGlobalFilterLandingPageLingua] Language attribute read: da-DK
2026-03-04 09:26:59.123 [TestNG-test-Yt Master Tests-1] INFO  [verifyingGlobalFilterLandingPageLingua] Clicking settings ellipses button...
2026-03-04 09:26:59.155 [TestNG-test-Yt Master Tests-1] INFO  [verifyingGlobalFilterLandingPageLingua] [verifyingGlobalFilterLandingPageLingua] Trying to find element: By.xpath: //ytd-topbar-menu-button-renderer[@class='style-scope ytd-masthead style-default']
2026-03-04 09:26:59.243 [TestNG-test-Yt Master Tests-1] INFO  [verifyingGlobalFilterLandingPageLingua] [verifyingGlobalFilterLandingPageLingua] Element found and ready (attempt 1): By.xpath: //ytd-topbar-menu-button-renderer[@class='style-scope ytd-masthead style-default']
2026-03-04 09:26:59.326 [TestNG-test-Yt Master Tests-1] INFO  [verifyingGlobalFilterLandingPageLingua] Clicking language dropdown...
2026-03-04 09:26:59.326 [TestNG-test-Yt Master Tests-1] INFO  [verifyingGlobalFilterLandingPageLingua] [verifyingGlobalFilterLandingPageLingua] Trying to find element: By.xpath: (//div[@id='content-icon'])[2]
2026-03-04 09:27:00.034 [TestNG-test-Yt Master Tests-1] INFO  [verifyingGlobalFilterLandingPageLingua] [verifyingGlobalFilterLandingPageLingua] Element found and ready (attempt 1): By.xpath: (//div[@id='content-icon'])[2]
2026-03-04 09:27:00.483 [TestNG-test-Yt Master Tests-1] INFO  [verifyingGlobalFilterLandingPageLingua] Looking for language element with name: Deutsch
2026-03-04 09:27:00.483 [TestNG-test-Yt Master Tests-1] INFO  [verifyingGlobalFilterLandingPageLingua] [verifyingGlobalFilterLandingPageLingua] Trying to find element: By.xpath: //yt-multi-page-menu-section-renderer[@class='style-scope ytd-multi-page-menu-renderer']//yt-formatted-string[@id='label' and text()='Deutsch']
2026-03-04 09:27:00.667 [TestNG-test-Yt Master Tests-1] INFO  [verifyingGlobalFilterLandingPageLingua] [verifyingGlobalFilterLandingPageLingua] Element found and ready (attempt 1): By.xpath: //yt-multi-page-menu-section-renderer[@class='style-scope ytd-multi-page-menu-renderer']//yt-formatted-string[@id='label' and text()='Deutsch']
2026-03-04 09:27:00.667 [TestNG-test-Yt Master Tests-1] INFO  [verifyingGlobalFilterLandingPageLingua] [verifyingGlobalFilterLandingPageLingua] Trying to find element: By.xpath: //yt-multi-page-menu-section-renderer[@class='style-scope ytd-multi-page-menu-renderer']//yt-formatted-string[@id='label' and text()='Deutsch']
2026-03-04 09:27:00.757 [TestNG-test-Yt Master Tests-1] INFO  [verifyingGlobalFilterLandingPageLingua] [verifyingGlobalFilterLandingPageLingua] Element found and ready (attempt 1): By.xpath: //yt-multi-page-menu-section-renderer[@class='style-scope ytd-multi-page-menu-renderer']//yt-formatted-string[@id='label' and text()='Deutsch']
2026-03-04 09:27:04.076 [TestNG-test-Yt Master Tests-1] INFO  [verifyingGlobalFilterLandingPageLingua] Clicking settings ellipses button...
2026-03-04 09:27:05.814 [TestNG-test-Yt Master Tests-1] INFO  [verifyingGlobalFilterLandingPageLingua] [verifyingGlobalFilterLandingPageLingua] Trying to find element: By.xpath: //ytd-topbar-menu-button-renderer[@class='style-scope ytd-masthead style-default']
2026-03-04 09:27:06.201 [TestNG-test-Yt Master Tests-1] INFO  [verifyingGlobalFilterLandingPageLingua] [verifyingGlobalFilterLandingPageLingua] Element found and ready (attempt 1): By.xpath: //ytd-topbar-menu-button-renderer[@class='style-scope ytd-masthead style-default']
2026-03-04 09:27:06.332 [TestNG-test-Yt Master Tests-1] INFO  [verifyingGlobalFilterLandingPageLingua] [verifyingGlobalFilterLandingPageLingua] Waiting until element is visible in viewport
2026-03-04 09:27:06.540 [TestNG-test-Yt Master Tests-1] INFO  [verifyingGlobalFilterLandingPageLingua] [verifyingGlobalFilterLandingPageLingua] Capturing screenshot: Filter Applied is Deutsch__2026-03-04_092706.jpg
2026-03-04 09:27:07.201 [TestNG-test-Yt Master Tests-1] INFO  [verifyingGlobalFilterLandingPageLingua] [verifyingGlobalFilterLandingPageLingua] Screenshot saved at: test-output/screenshots/Run_2026-03-04_09-24-01/verifyingGlobalFilterLandingPageLingua/Filter Applied is Deutsch__2026-03-04_092706.jpg
2026-03-04 09:27:07.202 [TestNG-test-Yt Master Tests-1] INFO  [verifyingGlobalFilterLandingPageLingua] Clicking settings ellipses button...
2026-03-04 09:27:07.231 [TestNG-test-Yt Master Tests-1] INFO  [verifyingGlobalFilterLandingPageLingua] [verifyingGlobalFilterLandingPageLingua] Trying to find element: By.xpath: //ytd-topbar-menu-button-renderer[@class='style-scope ytd-masthead style-default']
2026-03-04 09:27:07.289 [TestNG-test-Yt Master Tests-1] INFO  [verifyingGlobalFilterLandingPageLingua] [verifyingGlobalFilterLandingPageLingua] Element found and ready (attempt 1): By.xpath: //ytd-topbar-menu-button-renderer[@class='style-scope ytd-masthead style-default']
2026-03-04 09:27:07.348 [TestNG-test-Yt Master Tests-1] INFO  [verifyingGlobalFilterLandingPageLingua] Clicking on global filter button in landing page..
2026-03-04 09:27:07.348 [TestNG-test-Yt Master Tests-1] INFO  [verifyingGlobalFilterLandingPageLingua] [verifyingGlobalFilterLandingPageLingua] Trying to click element: By.xpath: //div[@id='filter-button']
2026-03-04 09:27:07.597 [TestNG-test-Yt Master Tests-1] INFO  [verifyingGlobalFilterLandingPageLingua] [verifyingGlobalFilterLandingPageLingua] Clicked successfully (attempt 1): By.xpath: //div[@id='filter-button']
2026-03-04 09:27:07.597 [TestNG-test-Yt Master Tests-1] INFO  [verifyingGlobalFilterLandingPageLingua] [verifyingGlobalFilterLandingPageLingua] Waiting until element is visible in viewport
2026-03-04 09:27:07.622 [TestNG-test-Yt Master Tests-1] INFO  [verifyingGlobalFilterLandingPageLingua] [verifyingGlobalFilterLandingPageLingua] Capturing screenshot: Filter Applied is Deutsch__2026-03-04_092707.jpg
2026-03-04 09:27:08.069 [TestNG-test-Yt Master Tests-1] INFO  [verifyingGlobalFilterLandingPageLingua] [verifyingGlobalFilterLandingPageLingua] Screenshot saved at: test-output/screenshots/Run_2026-03-04_09-24-01/verifyingGlobalFilterLandingPageLingua/Filter Applied is Deutsch__2026-03-04_092707.jpg
2026-03-04 09:27:08.069 [TestNG-test-Yt Master Tests-1] INFO  [verifyingGlobalFilterLandingPageLingua] Fetching the data from the global filter in landing page
2026-03-04 09:27:08.069 [TestNG-test-Yt Master Tests-1] INFO  [verifyingGlobalFilterLandingPageLingua] [verifyingGlobalFilterLandingPageLingua] Trying to find element: By.xpath: //ytd-search-filter-options-dialog-renderer[@class='style-scope ytd-popup-container']
2026-03-04 09:27:08.137 [TestNG-test-Yt Master Tests-1] INFO  [verifyingGlobalFilterLandingPageLingua] [verifyingGlobalFilterLandingPageLingua] Element found and ready (attempt 1): By.xpath: //ytd-search-filter-options-dialog-renderer[@class='style-scope ytd-popup-container']
2026-03-04 09:27:08.162 [TestNG-test-Yt Master Tests-1] INFO  [verifyingGlobalFilterLandingPageLingua] Closing the global filter pop-up in landing page..
2026-03-04 09:27:08.162 [TestNG-test-Yt Master Tests-1] INFO  [verifyingGlobalFilterLandingPageLingua] [verifyingGlobalFilterLandingPageLingua] Trying to find element: By.xpath: //yt-icon[@icon='close']
2026-03-04 09:27:08.220 [TestNG-test-Yt Master Tests-1] INFO  [verifyingGlobalFilterLandingPageLingua] [verifyingGlobalFilterLandingPageLingua] Element found and ready (attempt 1): By.xpath: //yt-icon[@icon='close']
2026-03-04 09:27:08.325 [TestNG-test-Yt Master Tests-1] INFO  [verifyingGlobalFilterLandingPageLingua] 
========== LANGUAGE DETECTION ==========
Detected Language : GERMAN
Input Text        : Suchfilter
TYP
Videos
Shorts
Kanäle
Playlists
Filme
DAUER
Kürzer als 3 Minuten
3–20 Minuten
Länger als 20 Minuten
HOCHLADEDATUM
Heute
Diese Woche
Dieser Monat
Dieses Jahr
EIGENSCHAFTEN
Live
4K
HD
Untertitel/CC
Creative Commons
360°
VR180
3D
HDR
Standort
Gekauft
PRIORISIEREN
Relevanz
Beliebtheit
========================================
2026-03-04 09:27:08.328 [TestNG-test-Yt Master Tests-1] INFO  [verifyingGlobalFilterLandingPageLingua] getLangAttribute() - locating <html> and reading lang property
2026-03-04 09:27:08.377 [TestNG-test-Yt Master Tests-1] INFO  [verifyingGlobalFilterLandingPageLingua] Language attribute read: de-DE
2026-03-04 09:27:08.377 [TestNG-test-Yt Master Tests-1] INFO  [verifyingGlobalFilterLandingPageLingua] Clicking settings ellipses button...
2026-03-04 09:27:08.410 [TestNG-test-Yt Master Tests-1] INFO  [verifyingGlobalFilterLandingPageLingua] [verifyingGlobalFilterLandingPageLingua] Trying to find element: By.xpath: //ytd-topbar-menu-button-renderer[@class='style-scope ytd-masthead style-default']
2026-03-04 09:27:08.738 [TestNG-test-Yt Master Tests-1] INFO  [verifyingGlobalFilterLandingPageLingua] [verifyingGlobalFilterLandingPageLingua] Element found and ready (attempt 1): By.xpath: //ytd-topbar-menu-button-renderer[@class='style-scope ytd-masthead style-default']
2026-03-04 09:27:08.893 [TestNG-test-Yt Master Tests-1] INFO  [verifyingGlobalFilterLandingPageLingua] Clicking language dropdown...
2026-03-04 09:27:08.893 [TestNG-test-Yt Master Tests-1] INFO  [verifyingGlobalFilterLandingPageLingua] [verifyingGlobalFilterLandingPageLingua] Trying to find element: By.xpath: (//div[@id='content-icon'])[2]
2026-03-04 09:27:09.500 [TestNG-test-Yt Master Tests-1] INFO  [verifyingGlobalFilterLandingPageLingua] [verifyingGlobalFilterLandingPageLingua] Element found and ready (attempt 1): By.xpath: (//div[@id='content-icon'])[2]
2026-03-04 09:27:09.843 [TestNG-test-Yt Master Tests-1] INFO  [verifyingGlobalFilterLandingPageLingua] Looking for language element with name: Eesti
2026-03-04 09:27:09.843 [TestNG-test-Yt Master Tests-1] INFO  [verifyingGlobalFilterLandingPageLingua] [verifyingGlobalFilterLandingPageLingua] Trying to find element: By.xpath: //yt-multi-page-menu-section-renderer[@class='style-scope ytd-multi-page-menu-renderer']//yt-formatted-string[@id='label' and text()='Eesti']
2026-03-04 09:27:10.036 [TestNG-test-Yt Master Tests-1] INFO  [verifyingGlobalFilterLandingPageLingua] [verifyingGlobalFilterLandingPageLingua] Element found and ready (attempt 1): By.xpath: //yt-multi-page-menu-section-renderer[@class='style-scope ytd-multi-page-menu-renderer']//yt-formatted-string[@id='label' and text()='Eesti']
2026-03-04 09:27:10.036 [TestNG-test-Yt Master Tests-1] INFO  [verifyingGlobalFilterLandingPageLingua] [verifyingGlobalFilterLandingPageLingua] Trying to find element: By.xpath: //yt-multi-page-menu-section-renderer[@class='style-scope ytd-multi-page-menu-renderer']//yt-formatted-string[@id='label' and text()='Eesti']
2026-03-04 09:27:10.102 [TestNG-test-Yt Master Tests-1] INFO  [verifyingGlobalFilterLandingPageLingua] [verifyingGlobalFilterLandingPageLingua] Element found and ready (attempt 1): By.xpath: //yt-multi-page-menu-section-renderer[@class='style-scope ytd-multi-page-menu-renderer']//yt-formatted-string[@id='label' and text()='Eesti']
2026-03-04 09:27:12.920 [TestNG-test-Yt Master Tests-1] INFO  [verifyingGlobalFilterLandingPageLingua] Clicking settings ellipses button...
2026-03-04 09:27:14.384 [TestNG-test-Yt Master Tests-1] INFO  [verifyingGlobalFilterLandingPageLingua] [verifyingGlobalFilterLandingPageLingua] Trying to find element: By.xpath: //ytd-topbar-menu-button-renderer[@class='style-scope ytd-masthead style-default']
2026-03-04 09:27:14.969 [TestNG-test-Yt Master Tests-1] INFO  [verifyingGlobalFilterLandingPageLingua] [verifyingGlobalFilterLandingPageLingua] Element found and ready (attempt 1): By.xpath: //ytd-topbar-menu-button-renderer[@class='style-scope ytd-masthead style-default']
2026-03-04 09:27:15.055 [TestNG-test-Yt Master Tests-1] INFO  [verifyingGlobalFilterLandingPageLingua] [verifyingGlobalFilterLandingPageLingua] Waiting until element is visible in viewport
2026-03-04 09:27:15.598 [TestNG-test-Yt Master Tests-1] INFO  [verifyingGlobalFilterLandingPageLingua] [verifyingGlobalFilterLandingPageLingua] Capturing screenshot: Filter Applied is Eesti__2026-03-04_092715.jpg
2026-03-04 09:27:15.941 [TestNG-test-Yt Master Tests-1] INFO  [verifyingGlobalFilterLandingPageLingua] [verifyingGlobalFilterLandingPageLingua] Screenshot saved at: test-output/screenshots/Run_2026-03-04_09-24-01/verifyingGlobalFilterLandingPageLingua/Filter Applied is Eesti__2026-03-04_092715.jpg
2026-03-04 09:27:15.941 [TestNG-test-Yt Master Tests-1] INFO  [verifyingGlobalFilterLandingPageLingua] Clicking settings ellipses button...
2026-03-04 09:27:15.968 [TestNG-test-Yt Master Tests-1] INFO  [verifyingGlobalFilterLandingPageLingua] [verifyingGlobalFilterLandingPageLingua] Trying to find element: By.xpath: //ytd-topbar-menu-button-renderer[@class='style-scope ytd-masthead style-default']
2026-03-04 09:27:16.032 [TestNG-test-Yt Master Tests-1] INFO  [verifyingGlobalFilterLandingPageLingua] [verifyingGlobalFilterLandingPageLingua] Element found and ready (attempt 1): By.xpath: //ytd-topbar-menu-button-renderer[@class='style-scope ytd-masthead style-default']
2026-03-04 09:27:16.100 [TestNG-test-Yt Master Tests-1] INFO  [verifyingGlobalFilterLandingPageLingua] Clicking on global filter button in landing page..
2026-03-04 09:27:16.100 [TestNG-test-Yt Master Tests-1] INFO  [verifyingGlobalFilterLandingPageLingua] [verifyingGlobalFilterLandingPageLingua] Trying to click element: By.xpath: //div[@id='filter-button']
2026-03-04 09:27:16.395 [TestNG-test-Yt Master Tests-1] INFO  [verifyingGlobalFilterLandingPageLingua] [verifyingGlobalFilterLandingPageLingua] Clicked successfully (attempt 1): By.xpath: //div[@id='filter-button']
2026-03-04 09:27:16.395 [TestNG-test-Yt Master Tests-1] INFO  [verifyingGlobalFilterLandingPageLingua] [verifyingGlobalFilterLandingPageLingua] Waiting until element is visible in viewport
2026-03-04 09:27:16.638 [TestNG-test-Yt Master Tests-1] INFO  [verifyingGlobalFilterLandingPageLingua] [verifyingGlobalFilterLandingPageLingua] Capturing screenshot: Filter Applied is Eesti__2026-03-04_092716.jpg
2026-03-04 09:27:17.285 [TestNG-test-Yt Master Tests-1] INFO  [verifyingGlobalFilterLandingPageLingua] [verifyingGlobalFilterLandingPageLingua] Screenshot saved at: test-output/screenshots/Run_2026-03-04_09-24-01/verifyingGlobalFilterLandingPageLingua/Filter Applied is Eesti__2026-03-04_092716.jpg
2026-03-04 09:27:17.285 [TestNG-test-Yt Master Tests-1] INFO  [verifyingGlobalFilterLandingPageLingua] Fetching the data from the global filter in landing page
2026-03-04 09:27:17.285 [TestNG-test-Yt Master Tests-1] INFO  [verifyingGlobalFilterLandingPageLingua] [verifyingGlobalFilterLandingPageLingua] Trying to find element: By.xpath: //ytd-search-filter-options-dialog-renderer[@class='style-scope ytd-popup-container']
2026-03-04 09:27:17.402 [TestNG-test-Yt Master Tests-1] INFO  [verifyingGlobalFilterLandingPageLingua] [verifyingGlobalFilterLandingPageLingua] Element found and ready (attempt 1): By.xpath: //ytd-search-filter-options-dialog-renderer[@class='style-scope ytd-popup-container']
2026-03-04 09:27:17.437 [TestNG-test-Yt Master Tests-1] INFO  [verifyingGlobalFilterLandingPageLingua] Closing the global filter pop-up in landing page..
2026-03-04 09:27:17.437 [TestNG-test-Yt Master Tests-1] INFO  [verifyingGlobalFilterLandingPageLingua] [verifyingGlobalFilterLandingPageLingua] Trying to find element: By.xpath: //yt-icon[@icon='close']
2026-03-04 09:27:17.517 [TestNG-test-Yt Master Tests-1] INFO  [verifyingGlobalFilterLandingPageLingua] [verifyingGlobalFilterLandingPageLingua] Element found and ready (attempt 1): By.xpath: //yt-icon[@icon='close']
2026-03-04 09:27:17.628 [TestNG-test-Yt Master Tests-1] INFO  [verifyingGlobalFilterLandingPageLingua] 
========== LANGUAGE DETECTION ==========
Detected Language : ESTONIAN
Input Text        : Otsingufiltrid
TÜÜP
Videod
Lühivideod
Kanalid
Esitusloendid
Filmid
KESTUS
Alla 3 minuti
3–20 minutit
Üle 20 minuti
ÜLESLAADIMISE KUUPÄEV
Täna
See nädal
See kuu
See aasta
FUNKTSIOONID
Reaalajas
4K
HD
Subtiitrid
Creative Commons
360°
VR180
3D
HDR
Asukoht
Ostetud
PRIORITEETSUS
Asjakohasus
Populaarsus
========================================
2026-03-04 09:27:17.632 [TestNG-test-Yt Master Tests-1] INFO  [verifyingGlobalFilterLandingPageLingua] getLangAttribute() - locating <html> and reading lang property
2026-03-04 09:27:17.656 [TestNG-test-Yt Master Tests-1] INFO  [verifyingGlobalFilterLandingPageLingua] Language attribute read: et-EE
2026-03-04 09:27:17.656 [TestNG-test-Yt Master Tests-1] INFO  [verifyingGlobalFilterLandingPageLingua] Clicking settings ellipses button...
2026-03-04 09:27:17.705 [TestNG-test-Yt Master Tests-1] INFO  [verifyingGlobalFilterLandingPageLingua] [verifyingGlobalFilterLandingPageLingua] Trying to find element: By.xpath: //ytd-topbar-menu-button-renderer[@class='style-scope ytd-masthead style-default']
2026-03-04 09:27:17.813 [TestNG-test-Yt Master Tests-1] INFO  [verifyingGlobalFilterLandingPageLingua] [verifyingGlobalFilterLandingPageLingua] Element found and ready (attempt 1): By.xpath: //ytd-topbar-menu-button-renderer[@class='style-scope ytd-masthead style-default']
2026-03-04 09:27:17.956 [TestNG-test-Yt Master Tests-1] INFO  [verifyingGlobalFilterLandingPageLingua] Clicking language dropdown...
2026-03-04 09:27:17.956 [TestNG-test-Yt Master Tests-1] INFO  [verifyingGlobalFilterLandingPageLingua] [verifyingGlobalFilterLandingPageLingua] Trying to find element: By.xpath: (//div[@id='content-icon'])[2]
2026-03-04 09:27:18.128 [TestNG-test-Yt Master Tests-1] INFO  [verifyingGlobalFilterLandingPageLingua] [verifyingGlobalFilterLandingPageLingua] Element found and ready (attempt 1): By.xpath: (//div[@id='content-icon'])[2]
2026-03-04 09:27:18.604 [TestNG-test-Yt Master Tests-1] INFO  [verifyingGlobalFilterLandingPageLingua] Looking for language element with name: English (India)
2026-03-04 09:27:18.604 [TestNG-test-Yt Master Tests-1] INFO  [verifyingGlobalFilterLandingPageLingua] [verifyingGlobalFilterLandingPageLingua] Trying to find element: By.xpath: //yt-multi-page-menu-section-renderer[@class='style-scope ytd-multi-page-menu-renderer']//yt-formatted-string[@id='label' and text()='English (India)']
2026-03-04 09:27:18.798 [TestNG-test-Yt Master Tests-1] INFO  [verifyingGlobalFilterLandingPageLingua] [verifyingGlobalFilterLandingPageLingua] Element found and ready (attempt 1): By.xpath: //yt-multi-page-menu-section-renderer[@class='style-scope ytd-multi-page-menu-renderer']//yt-formatted-string[@id='label' and text()='English (India)']
2026-03-04 09:27:18.798 [TestNG-test-Yt Master Tests-1] INFO  [verifyingGlobalFilterLandingPageLingua] [verifyingGlobalFilterLandingPageLingua] Trying to find element: By.xpath: //yt-multi-page-menu-section-renderer[@class='style-scope ytd-multi-page-menu-renderer']//yt-formatted-string[@id='label' and text()='English (India)']
2026-03-04 09:27:18.880 [TestNG-test-Yt Master Tests-1] INFO  [verifyingGlobalFilterLandingPageLingua] [verifyingGlobalFilterLandingPageLingua] Element found and ready (attempt 1): By.xpath: //yt-multi-page-menu-section-renderer[@class='style-scope ytd-multi-page-menu-renderer']//yt-formatted-string[@id='label' and text()='English (India)']
2026-03-04 09:27:21.866 [TestNG-test-Yt Master Tests-1] INFO  [verifyingGlobalFilterLandingPageLingua] Clicking settings ellipses button...
2026-03-04 09:27:23.502 [TestNG-test-Yt Master Tests-1] INFO  [verifyingGlobalFilterLandingPageLingua] [verifyingGlobalFilterLandingPageLingua] Trying to find element: By.xpath: //ytd-topbar-menu-button-renderer[@class='style-scope ytd-masthead style-default']
2026-03-04 09:27:24.119 [TestNG-test-Yt Master Tests-1] INFO  [verifyingGlobalFilterLandingPageLingua] [verifyingGlobalFilterLandingPageLingua] Element found and ready (attempt 1): By.xpath: //ytd-topbar-menu-button-renderer[@class='style-scope ytd-masthead style-default']
2026-03-04 09:27:24.409 [TestNG-test-Yt Master Tests-1] INFO  [verifyingGlobalFilterLandingPageLingua] [verifyingGlobalFilterLandingPageLingua] Waiting until element is visible in viewport
2026-03-04 09:27:25.066 [TestNG-test-Yt Master Tests-1] INFO  [verifyingGlobalFilterLandingPageLingua] [verifyingGlobalFilterLandingPageLingua] Capturing screenshot: Filter Applied is English (India)__2026-03-04_092725.jpg
2026-03-04 09:27:25.543 [TestNG-test-Yt Master Tests-1] INFO  [verifyingGlobalFilterLandingPageLingua] [verifyingGlobalFilterLandingPageLingua] Screenshot saved at: test-output/screenshots/Run_2026-03-04_09-24-01/verifyingGlobalFilterLandingPageLingua/Filter Applied is English (India)__2026-03-04_092725.jpg
2026-03-04 09:27:25.543 [TestNG-test-Yt Master Tests-1] INFO  [verifyingGlobalFilterLandingPageLingua] Clicking settings ellipses button...
2026-03-04 09:27:25.568 [TestNG-test-Yt Master Tests-1] INFO  [verifyingGlobalFilterLandingPageLingua] [verifyingGlobalFilterLandingPageLingua] Trying to find element: By.xpath: //ytd-topbar-menu-button-renderer[@class='style-scope ytd-masthead style-default']
2026-03-04 09:27:25.632 [TestNG-test-Yt Master Tests-1] INFO  [verifyingGlobalFilterLandingPageLingua] [verifyingGlobalFilterLandingPageLingua] Element found and ready (attempt 1): By.xpath: //ytd-topbar-menu-button-renderer[@class='style-scope ytd-masthead style-default']
2026-03-04 09:27:25.708 [TestNG-test-Yt Master Tests-1] INFO  [verifyingGlobalFilterLandingPageLingua] Clicking on global filter button in landing page..
2026-03-04 09:27:25.708 [TestNG-test-Yt Master Tests-1] INFO  [verifyingGlobalFilterLandingPageLingua] [verifyingGlobalFilterLandingPageLingua] Trying to click element: By.xpath: //div[@id='filter-button']
2026-03-04 09:27:26.069 [TestNG-test-Yt Master Tests-1] INFO  [verifyingGlobalFilterLandingPageLingua] [verifyingGlobalFilterLandingPageLingua] Clicked successfully (attempt 1): By.xpath: //div[@id='filter-button']
2026-03-04 09:27:26.069 [TestNG-test-Yt Master Tests-1] INFO  [verifyingGlobalFilterLandingPageLingua] [verifyingGlobalFilterLandingPageLingua] Waiting until element is visible in viewport
2026-03-04 09:27:26.151 [TestNG-test-Yt Master Tests-1] INFO  [verifyingGlobalFilterLandingPageLingua] [verifyingGlobalFilterLandingPageLingua] Capturing screenshot: Filter Applied is English (India)__2026-03-04_092726.jpg
2026-03-04 09:27:26.763 [TestNG-test-Yt Master Tests-1] INFO  [verifyingGlobalFilterLandingPageLingua] [verifyingGlobalFilterLandingPageLingua] Screenshot saved at: test-output/screenshots/Run_2026-03-04_09-24-01/verifyingGlobalFilterLandingPageLingua/Filter Applied is English (India)__2026-03-04_092726.jpg
2026-03-04 09:27:26.763 [TestNG-test-Yt Master Tests-1] INFO  [verifyingGlobalFilterLandingPageLingua] Fetching the data from the global filter in landing page
2026-03-04 09:27:26.763 [TestNG-test-Yt Master Tests-1] INFO  [verifyingGlobalFilterLandingPageLingua] [verifyingGlobalFilterLandingPageLingua] Trying to find element: By.xpath: //ytd-search-filter-options-dialog-renderer[@class='style-scope ytd-popup-container']
2026-03-04 09:27:26.973 [TestNG-test-Yt Master Tests-1] INFO  [verifyingGlobalFilterLandingPageLingua] [verifyingGlobalFilterLandingPageLingua] Element found and ready (attempt 1): By.xpath: //ytd-search-filter-options-dialog-renderer[@class='style-scope ytd-popup-container']
2026-03-04 09:27:27.012 [TestNG-test-Yt Master Tests-1] INFO  [verifyingGlobalFilterLandingPageLingua] Closing the global filter pop-up in landing page..
2026-03-04 09:27:27.012 [TestNG-test-Yt Master Tests-1] INFO  [verifyingGlobalFilterLandingPageLingua] [verifyingGlobalFilterLandingPageLingua] Trying to find element: By.xpath: //yt-icon[@icon='close']
2026-03-04 09:27:27.084 [TestNG-test-Yt Master Tests-1] INFO  [verifyingGlobalFilterLandingPageLingua] [verifyingGlobalFilterLandingPageLingua] Element found and ready (attempt 1): By.xpath: //yt-icon[@icon='close']
2026-03-04 09:27:27.207 [TestNG-test-Yt Master Tests-1] INFO  [verifyingGlobalFilterLandingPageLingua] 
========== LANGUAGE DETECTION ==========
Detected Language : ENGLISH
Input Text        : Search filters
TYPE
Videos
Shorts
Channels
Playlists
Movies
DURATION
Under 3 minutes
3–20 minutes
Over 20 minutes
UPLOAD DATE
Today
This week
This month
This year
FEATURES
Live
4K
HD
Subtitles/CC
Creative Commons
360°
VR180
3D
HDR
Location
Purchased
PRIORITISE
Relevance
Popularity
========================================
2026-03-04 09:27:27.207 [TestNG-test-Yt Master Tests-1] INFO  [verifyingGlobalFilterLandingPageLingua] getLangAttribute() - locating <html> and reading lang property
2026-03-04 09:27:27.261 [TestNG-test-Yt Master Tests-1] INFO  [verifyingGlobalFilterLandingPageLingua] Language attribute read: en-IN
2026-03-04 09:27:27.262 [TestNG-test-Yt Master Tests-1] INFO  [verifyingGlobalFilterLandingPageLingua] [verifyingGlobalFilterLandingPageLingua] Not retrying test 'verifyingGlobalFilterLandingPageLingua'. Retry count: 0, Cause: The following asserts failed:
	Language detection mismatch for language=Bosanski expected [CROATIAN] but found [BOSNIAN]
2026-03-04 09:27:27.269 [TestNG-test-Yt Master Tests-1] ERROR [verifyingGlobalFilterLandingPageLingua] Test FAILED: verifyingGlobalFilterLandingPageLingua - java.lang.AssertionError: The following asserts failed:
	Language detection mismatch for language=Bosanski expected [CROATIAN] but found [BOSNIAN]
2026-03-04 09:27:27.269 [TestNG-test-Yt Master Tests-1] INFO  [verifyingGlobalFilterLandingPageLingua] Closing WebDriver for thread: 34
2026-03-04 09:27:28.913 [TestNG-test-Yt Master Tests-1] INFO  [verifyingGlobalFilterLandingPageLingua] WebDriver instance removed from ThreadLocal for thread: 34
2026-03-04 09:27:28.914 [TestNG-test-Yt Master Tests-1] INFO  [verifyingGlobalFilterLandingPageLingua] Driver closed for test: verifyingGlobalFilterLandingPageLingua
