2026-03-04 09:27:12.356 [TestNG-test-Yt Master Tests-2] INFO  [verifyingSideMenuCollapsedLangAsInSettings] ===== STARTING TEST: verifyingSideMenuCollapsedLangAsInSettings  | Thread: 35 =====
2026-03-04 09:27:12.361 [TestNG-test-Yt Master Tests-2] INFO  [verifyingSideMenuCollapsedLangAsInSettings] No existing WebDriver found for current thread. Initializing a new ChromeDriver...
2026-03-04 09:27:12.374 [TestNG-test-Yt Master Tests-2] INFO  [verifyingSideMenuCollapsedLangAsInSettings] WebDriverManager: chromedriver setup OK
2026-03-04 09:27:14.513 [TestNG-test-Yt Master Tests-2] INFO  [verifyingSideMenuCollapsedLangAsInSettings] ChromeDriver initialized successfully for thread: 35
2026-03-04 09:27:14.514 [TestNG-test-Yt Master Tests-2] INFO  [verifyingSideMenuCollapsedLangAsInSettings] Driver initialized successfully for test: verifyingSideMenuCollapsedLangAsInSettings
2026-03-04 09:27:14.516 [TestNG-test-Yt Master Tests-2] INFO  [verifyingSideMenuCollapsedLangAsInSettings] SafeActions initialized with driver ChromeDriver: chrome on windows (750720a5a82ba743258053114189bd4f)
2026-03-04 09:27:14.516 [TestNG-test-Yt Master Tests-2] INFO  [verifyingSideMenuCollapsedLangAsInSettings] Initialized YtLandingPage with driver: ChromeDriver: chrome on windows (750720a5a82ba743258053114189bd4f)
2026-03-04 09:27:14.516 [TestNG-test-Yt Master Tests-2] INFO  [verifyingSideMenuCollapsedLangAsInSettings] SafeActions initialized with driver ChromeDriver: chrome on windows (750720a5a82ba743258053114189bd4f)
2026-03-04 09:27:16.966 [TestNG-test-Yt Master Tests-2] INFO  [verifyingSideMenuCollapsedLangAsInSettings] Opened YouTube landing page.
2026-03-04 09:27:16.966 [TestNG-test-Yt Master Tests-2] INFO  [verifyingSideMenuCollapsedLangAsInSettings] Clicking left ellipses in the landing page
2026-03-04 09:27:16.966 [TestNG-test-Yt Master Tests-2] INFO  [verifyingSideMenuCollapsedLangAsInSettings] [verifyingSideMenuCollapsedLangAsInSettings] Trying to find element: By.xpath: //ytd-topbar-logo-renderer[@id='logo']/preceding-sibling::*[@id='guide-button']
2026-03-04 09:27:17.224 [TestNG-test-Yt Master Tests-2] INFO  [verifyingSideMenuCollapsedLangAsInSettings] [verifyingSideMenuCollapsedLangAsInSettings] Element found and ready (attempt 1): By.xpath: //ytd-topbar-logo-renderer[@id='logo']/preceding-sibling::*[@id='guide-button']
2026-03-04 09:27:17.389 [TestNG-test-Yt Master Tests-2] INFO  [verifyingSideMenuCollapsedLangAsInSettings] Clicking settings ellipses button...
2026-03-04 09:27:17.427 [TestNG-test-Yt Master Tests-2] INFO  [verifyingSideMenuCollapsedLangAsInSettings] [verifyingSideMenuCollapsedLangAsInSettings] Trying to find element: By.xpath: //ytd-topbar-menu-button-renderer[@class='style-scope ytd-masthead style-default']
2026-03-04 09:27:17.505 [TestNG-test-Yt Master Tests-2] INFO  [verifyingSideMenuCollapsedLangAsInSettings] [verifyingSideMenuCollapsedLangAsInSettings] Element found and ready (attempt 1): By.xpath: //ytd-topbar-menu-button-renderer[@class='style-scope ytd-masthead style-default']
2026-03-04 09:27:17.616 [TestNG-test-Yt Master Tests-2] INFO  [verifyingSideMenuCollapsedLangAsInSettings] Clicking language dropdown...
2026-03-04 09:27:17.617 [TestNG-test-Yt Master Tests-2] INFO  [verifyingSideMenuCollapsedLangAsInSettings] [verifyingSideMenuCollapsedLangAsInSettings] Trying to find element: By.xpath: (//div[@id='content-icon'])[2]
2026-03-04 09:27:18.263 [TestNG-test-Yt Master Tests-2] INFO  [verifyingSideMenuCollapsedLangAsInSettings] [verifyingSideMenuCollapsedLangAsInSettings] Element found and ready (attempt 1): By.xpath: (//div[@id='content-icon'])[2]
2026-03-04 09:27:18.813 [TestNG-test-Yt Master Tests-2] INFO  [verifyingSideMenuCollapsedLangAsInSettings] [verifyingSideMenuCollapsedLangAsInSettings] Execution is Not CRON Job Hence refering to normal keys from UtilData
2026-03-04 09:27:18.816 [TestNG-test-Yt Master Tests-2] INFO  [verifyingSideMenuCollapsedLangAsInSettings] Looking for language element with name: Afrikaans
2026-03-04 09:27:18.817 [TestNG-test-Yt Master Tests-2] INFO  [verifyingSideMenuCollapsedLangAsInSettings] [verifyingSideMenuCollapsedLangAsInSettings] Trying to find element: By.xpath: //yt-multi-page-menu-section-renderer[@class='style-scope ytd-multi-page-menu-renderer']//yt-formatted-string[@id='label' and text()='Afrikaans']
2026-03-04 09:27:18.903 [TestNG-test-Yt Master Tests-2] INFO  [verifyingSideMenuCollapsedLangAsInSettings] [verifyingSideMenuCollapsedLangAsInSettings] Element found and ready (attempt 1): By.xpath: //yt-multi-page-menu-section-renderer[@class='style-scope ytd-multi-page-menu-renderer']//yt-formatted-string[@id='label' and text()='Afrikaans']
2026-03-04 09:27:18.903 [TestNG-test-Yt Master Tests-2] INFO  [verifyingSideMenuCollapsedLangAsInSettings] [verifyingSideMenuCollapsedLangAsInSettings] Trying to find element: By.xpath: //yt-multi-page-menu-section-renderer[@class='style-scope ytd-multi-page-menu-renderer']//yt-formatted-string[@id='label' and text()='Afrikaans']
2026-03-04 09:27:18.961 [TestNG-test-Yt Master Tests-2] INFO  [verifyingSideMenuCollapsedLangAsInSettings] [verifyingSideMenuCollapsedLangAsInSettings] Element found and ready (attempt 1): By.xpath: //yt-multi-page-menu-section-renderer[@class='style-scope ytd-multi-page-menu-renderer']//yt-formatted-string[@id='label' and text()='Afrikaans']
2026-03-04 09:27:20.992 [TestNG-test-Yt Master Tests-2] INFO  [verifyingSideMenuCollapsedLangAsInSettings] Clicking settings ellipses button...
2026-03-04 09:27:21.094 [TestNG-test-Yt Master Tests-2] INFO  [verifyingSideMenuCollapsedLangAsInSettings] [verifyingSideMenuCollapsedLangAsInSettings] Trying to find element: By.xpath: //ytd-topbar-menu-button-renderer[@class='style-scope ytd-masthead style-default']
2026-03-04 09:27:21.290 [TestNG-test-Yt Master Tests-2] INFO  [verifyingSideMenuCollapsedLangAsInSettings] [verifyingSideMenuCollapsedLangAsInSettings] Element found and ready (attempt 1): By.xpath: //ytd-topbar-menu-button-renderer[@class='style-scope ytd-masthead style-default']
2026-03-04 09:27:21.409 [TestNG-test-Yt Master Tests-2] INFO  [verifyingSideMenuCollapsedLangAsInSettings] [verifyingSideMenuCollapsedLangAsInSettings] Waiting until element is visible in viewport
2026-03-04 09:27:22.040 [TestNG-test-Yt Master Tests-2] INFO  [verifyingSideMenuCollapsedLangAsInSettings] [verifyingSideMenuCollapsedLangAsInSettings] Capturing screenshot: Filter Applied is Afrikaans__2026-03-04_092722.jpg
2026-03-04 09:27:22.363 [TestNG-test-Yt Master Tests-2] INFO  [verifyingSideMenuCollapsedLangAsInSettings] [verifyingSideMenuCollapsedLangAsInSettings] Screenshot saved at: test-output/screenshots/Run_2026-03-04_09-24-01/verifyingSideMenuCollapsedLangAsInSettings/Filter Applied is Afrikaans__2026-03-04_092722.jpg
2026-03-04 09:27:22.364 [TestNG-test-Yt Master Tests-2] INFO  [verifyingSideMenuCollapsedLangAsInSettings] Clicking settings ellipses button...
2026-03-04 09:27:22.391 [TestNG-test-Yt Master Tests-2] INFO  [verifyingSideMenuCollapsedLangAsInSettings] [verifyingSideMenuCollapsedLangAsInSettings] Trying to find element: By.xpath: //ytd-topbar-menu-button-renderer[@class='style-scope ytd-masthead style-default']
2026-03-04 09:27:22.474 [TestNG-test-Yt Master Tests-2] INFO  [verifyingSideMenuCollapsedLangAsInSettings] [verifyingSideMenuCollapsedLangAsInSettings] Element found and ready (attempt 1): By.xpath: //ytd-topbar-menu-button-renderer[@class='style-scope ytd-masthead style-default']
2026-03-04 09:27:22.528 [TestNG-test-Yt Master Tests-2] INFO  [verifyingSideMenuCollapsedLangAsInSettings] getLangAttribute() - locating <html> and reading lang property
2026-03-04 09:27:22.555 [TestNG-test-Yt Master Tests-2] INFO  [verifyingSideMenuCollapsedLangAsInSettings] Language attribute read: af-ZA
2026-03-04 09:27:22.555 [TestNG-test-Yt Master Tests-2] INFO  [verifyingSideMenuCollapsedLangAsInSettings] Fetching the side menu in collapsed view
2026-03-04 09:27:22.555 [TestNG-test-Yt Master Tests-2] INFO  [verifyingSideMenuCollapsedLangAsInSettings] [verifyingSideMenuCollapsedLangAsInSettings] Finding elements list: By.xpath: //ytd-mini-guide-renderer[@class='style-scope ytd-app']//ytd-mini-guide-entry-renderer
2026-03-04 09:27:22.656 [TestNG-test-Yt Master Tests-2] INFO  [verifyingSideMenuCollapsedLangAsInSettings] [verifyingSideMenuCollapsedLangAsInSettings] Found 5 ready elements (attempt 1): By.xpath: //ytd-mini-guide-renderer[@class='style-scope ytd-app']//ytd-mini-guide-entry-renderer
2026-03-04 09:27:22.922 [TestNG-test-Yt Master Tests-2] INFO  [verifyingSideMenuCollapsedLangAsInSettings] Clicking settings ellipses button...
2026-03-04 09:27:22.964 [TestNG-test-Yt Master Tests-2] INFO  [verifyingSideMenuCollapsedLangAsInSettings] [verifyingSideMenuCollapsedLangAsInSettings] Trying to find element: By.xpath: //ytd-topbar-menu-button-renderer[@class='style-scope ytd-masthead style-default']
2026-03-04 09:27:23.015 [TestNG-test-Yt Master Tests-2] INFO  [verifyingSideMenuCollapsedLangAsInSettings] [verifyingSideMenuCollapsedLangAsInSettings] Element found and ready (attempt 1): By.xpath: //ytd-topbar-menu-button-renderer[@class='style-scope ytd-masthead style-default']
2026-03-04 09:27:23.086 [TestNG-test-Yt Master Tests-2] INFO  [verifyingSideMenuCollapsedLangAsInSettings] Clicking language dropdown...
2026-03-04 09:27:23.086 [TestNG-test-Yt Master Tests-2] INFO  [verifyingSideMenuCollapsedLangAsInSettings] [verifyingSideMenuCollapsedLangAsInSettings] Trying to find element: By.xpath: (//div[@id='content-icon'])[2]
2026-03-04 09:27:23.661 [TestNG-test-Yt Master Tests-2] INFO  [verifyingSideMenuCollapsedLangAsInSettings] [verifyingSideMenuCollapsedLangAsInSettings] Element found and ready (attempt 1): By.xpath: (//div[@id='content-icon'])[2]
2026-03-04 09:27:24.146 [TestNG-test-Yt Master Tests-2] INFO  [verifyingSideMenuCollapsedLangAsInSettings] Looking for language element with name: Azərbaycan
2026-03-04 09:27:24.151 [TestNG-test-Yt Master Tests-2] INFO  [verifyingSideMenuCollapsedLangAsInSettings] [verifyingSideMenuCollapsedLangAsInSettings] Trying to find element: By.xpath: //yt-multi-page-menu-section-renderer[@class='style-scope ytd-multi-page-menu-renderer']//yt-formatted-string[@id='label' and text()='Azərbaycan']
2026-03-04 09:27:24.289 [TestNG-test-Yt Master Tests-2] INFO  [verifyingSideMenuCollapsedLangAsInSettings] [verifyingSideMenuCollapsedLangAsInSettings] Element found and ready (attempt 1): By.xpath: //yt-multi-page-menu-section-renderer[@class='style-scope ytd-multi-page-menu-renderer']//yt-formatted-string[@id='label' and text()='Azərbaycan']
2026-03-04 09:27:24.289 [TestNG-test-Yt Master Tests-2] INFO  [verifyingSideMenuCollapsedLangAsInSettings] [verifyingSideMenuCollapsedLangAsInSettings] Trying to find element: By.xpath: //yt-multi-page-menu-section-renderer[@class='style-scope ytd-multi-page-menu-renderer']//yt-formatted-string[@id='label' and text()='Azərbaycan']
2026-03-04 09:27:24.368 [TestNG-test-Yt Master Tests-2] INFO  [verifyingSideMenuCollapsedLangAsInSettings] [verifyingSideMenuCollapsedLangAsInSettings] Element found and ready (attempt 1): By.xpath: //yt-multi-page-menu-section-renderer[@class='style-scope ytd-multi-page-menu-renderer']//yt-formatted-string[@id='label' and text()='Azərbaycan']
2026-03-04 09:27:26.521 [TestNG-test-Yt Master Tests-2] INFO  [verifyingSideMenuCollapsedLangAsInSettings] Clicking settings ellipses button...
2026-03-04 09:27:26.559 [TestNG-test-Yt Master Tests-2] INFO  [verifyingSideMenuCollapsedLangAsInSettings] [verifyingSideMenuCollapsedLangAsInSettings] Trying to find element: By.xpath: //ytd-topbar-menu-button-renderer[@class='style-scope ytd-masthead style-default']
2026-03-04 09:27:26.723 [TestNG-test-Yt Master Tests-2] INFO  [verifyingSideMenuCollapsedLangAsInSettings] [verifyingSideMenuCollapsedLangAsInSettings] Element found and ready (attempt 1): By.xpath: //ytd-topbar-menu-button-renderer[@class='style-scope ytd-masthead style-default']
2026-03-04 09:27:26.923 [TestNG-test-Yt Master Tests-2] INFO  [verifyingSideMenuCollapsedLangAsInSettings] [verifyingSideMenuCollapsedLangAsInSettings] Waiting until element is visible in viewport
2026-03-04 09:27:27.027 [TestNG-test-Yt Master Tests-2] INFO  [verifyingSideMenuCollapsedLangAsInSettings] [verifyingSideMenuCollapsedLangAsInSettings] Capturing screenshot: Filter Applied is Azərbaycan__2026-03-04_092727.jpg
2026-03-04 09:27:27.461 [TestNG-test-Yt Master Tests-2] INFO  [verifyingSideMenuCollapsedLangAsInSettings] [verifyingSideMenuCollapsedLangAsInSettings] Screenshot saved at: test-output/screenshots/Run_2026-03-04_09-24-01/verifyingSideMenuCollapsedLangAsInSettings/Filter Applied is Azərbaycan__2026-03-04_092727.jpg
2026-03-04 09:27:27.461 [TestNG-test-Yt Master Tests-2] INFO  [verifyingSideMenuCollapsedLangAsInSettings] Clicking settings ellipses button...
2026-03-04 09:27:27.487 [TestNG-test-Yt Master Tests-2] INFO  [verifyingSideMenuCollapsedLangAsInSettings] [verifyingSideMenuCollapsedLangAsInSettings] Trying to find element: By.xpath: //ytd-topbar-menu-button-renderer[@class='style-scope ytd-masthead style-default']
2026-03-04 09:27:27.573 [TestNG-test-Yt Master Tests-2] INFO  [verifyingSideMenuCollapsedLangAsInSettings] [verifyingSideMenuCollapsedLangAsInSettings] Element found and ready (attempt 1): By.xpath: //ytd-topbar-menu-button-renderer[@class='style-scope ytd-masthead style-default']
2026-03-04 09:27:27.651 [TestNG-test-Yt Master Tests-2] INFO  [verifyingSideMenuCollapsedLangAsInSettings] getLangAttribute() - locating <html> and reading lang property
2026-03-04 09:27:27.670 [TestNG-test-Yt Master Tests-2] INFO  [verifyingSideMenuCollapsedLangAsInSettings] Language attribute read: az-Latn-AZ
2026-03-04 09:27:27.670 [TestNG-test-Yt Master Tests-2] INFO  [verifyingSideMenuCollapsedLangAsInSettings] Fetching the side menu in collapsed view
2026-03-04 09:27:27.670 [TestNG-test-Yt Master Tests-2] INFO  [verifyingSideMenuCollapsedLangAsInSettings] [verifyingSideMenuCollapsedLangAsInSettings] Finding elements list: By.xpath: //ytd-mini-guide-renderer[@class='style-scope ytd-app']//ytd-mini-guide-entry-renderer
2026-03-04 09:27:27.769 [TestNG-test-Yt Master Tests-2] INFO  [verifyingSideMenuCollapsedLangAsInSettings] [verifyingSideMenuCollapsedLangAsInSettings] Found 5 ready elements (attempt 1): By.xpath: //ytd-mini-guide-renderer[@class='style-scope ytd-app']//ytd-mini-guide-entry-renderer
2026-03-04 09:27:27.968 [TestNG-test-Yt Master Tests-2] INFO  [verifyingSideMenuCollapsedLangAsInSettings] Clicking settings ellipses button...
2026-03-04 09:27:27.996 [TestNG-test-Yt Master Tests-2] INFO  [verifyingSideMenuCollapsedLangAsInSettings] [verifyingSideMenuCollapsedLangAsInSettings] Trying to find element: By.xpath: //ytd-topbar-menu-button-renderer[@class='style-scope ytd-masthead style-default']
2026-03-04 09:27:28.076 [TestNG-test-Yt Master Tests-2] INFO  [verifyingSideMenuCollapsedLangAsInSettings] [verifyingSideMenuCollapsedLangAsInSettings] Element found and ready (attempt 1): By.xpath: //ytd-topbar-menu-button-renderer[@class='style-scope ytd-masthead style-default']
2026-03-04 09:27:28.166 [TestNG-test-Yt Master Tests-2] INFO  [verifyingSideMenuCollapsedLangAsInSettings] Clicking language dropdown...
2026-03-04 09:27:28.166 [TestNG-test-Yt Master Tests-2] INFO  [verifyingSideMenuCollapsedLangAsInSettings] [verifyingSideMenuCollapsedLangAsInSettings] Trying to find element: By.xpath: (//div[@id='content-icon'])[2]
2026-03-04 09:27:28.796 [TestNG-test-Yt Master Tests-2] INFO  [verifyingSideMenuCollapsedLangAsInSettings] [verifyingSideMenuCollapsedLangAsInSettings] Element found and ready (attempt 1): By.xpath: (//div[@id='content-icon'])[2]
2026-03-04 09:27:29.204 [TestNG-test-Yt Master Tests-2] INFO  [verifyingSideMenuCollapsedLangAsInSettings] Looking for language element with name: Bahasa Indonesia
2026-03-04 09:27:29.204 [TestNG-test-Yt Master Tests-2] INFO  [verifyingSideMenuCollapsedLangAsInSettings] [verifyingSideMenuCollapsedLangAsInSettings] Trying to find element: By.xpath: //yt-multi-page-menu-section-renderer[@class='style-scope ytd-multi-page-menu-renderer']//yt-formatted-string[@id='label' and text()='Bahasa Indonesia']
2026-03-04 09:27:29.300 [TestNG-test-Yt Master Tests-2] INFO  [verifyingSideMenuCollapsedLangAsInSettings] [verifyingSideMenuCollapsedLangAsInSettings] Element found and ready (attempt 1): By.xpath: //yt-multi-page-menu-section-renderer[@class='style-scope ytd-multi-page-menu-renderer']//yt-formatted-string[@id='label' and text()='Bahasa Indonesia']
2026-03-04 09:27:29.300 [TestNG-test-Yt Master Tests-2] INFO  [verifyingSideMenuCollapsedLangAsInSettings] [verifyingSideMenuCollapsedLangAsInSettings] Trying to find element: By.xpath: //yt-multi-page-menu-section-renderer[@class='style-scope ytd-multi-page-menu-renderer']//yt-formatted-string[@id='label' and text()='Bahasa Indonesia']
2026-03-04 09:27:29.351 [TestNG-test-Yt Master Tests-2] INFO  [verifyingSideMenuCollapsedLangAsInSettings] [verifyingSideMenuCollapsedLangAsInSettings] Element found and ready (attempt 1): By.xpath: //yt-multi-page-menu-section-renderer[@class='style-scope ytd-multi-page-menu-renderer']//yt-formatted-string[@id='label' and text()='Bahasa Indonesia']
2026-03-04 09:27:46.424 [TestNG-test-Yt Master Tests-2] WARN  [verifyingSideMenuCollapsedLangAsInSettings] [verifyingSideMenuCollapsedLangAsInSettings] Retrying test 'verifyingSideMenuCollapsedLangAsInSettings' (attempt 1) due to: Expected condition failed: waiting for presence of element located by: By.xpath: //ytd-mini-guide-renderer[@class='style-scope ytd-app']//ytd-mini-guide-entry-renderer (tried for 15 second(s) with 500 milliseconds interval)
2026-03-04 09:27:46.427 [TestNG-test-Yt Master Tests-2] WARN  [verifyingSideMenuCollapsedLangAsInSettings] Test SKIPPED: verifyingSideMenuCollapsedLangAsInSettings
2026-03-04 09:27:46.427 [TestNG-test-Yt Master Tests-2] INFO  [verifyingSideMenuCollapsedLangAsInSettings] Closing WebDriver for thread: 35
2026-03-04 09:27:48.786 [TestNG-test-Yt Master Tests-2] INFO  [verifyingSideMenuCollapsedLangAsInSettings] WebDriver instance removed from ThreadLocal for thread: 35
2026-03-04 09:27:48.786 [TestNG-test-Yt Master Tests-2] INFO  [verifyingSideMenuCollapsedLangAsInSettings] Driver closed for test: verifyingSideMenuCollapsedLangAsInSettings
2026-03-04 09:27:48.787 [TestNG-test-Yt Master Tests-2] INFO  [verifyingSideMenuCollapsedLangAsInSettings] ===== STARTING TEST: verifyingSideMenuCollapsedLangAsInSettings  | Thread: 35 =====
2026-03-04 09:27:48.787 [TestNG-test-Yt Master Tests-2] INFO  [verifyingSideMenuCollapsedLangAsInSettings] No existing WebDriver found for current thread. Initializing a new ChromeDriver...
2026-03-04 09:27:48.795 [TestNG-test-Yt Master Tests-2] INFO  [verifyingSideMenuCollapsedLangAsInSettings] WebDriverManager: chromedriver setup OK
2026-03-04 09:27:56.281 [TestNG-test-Yt Master Tests-2] INFO  [verifyingSideMenuCollapsedLangAsInSettings] ChromeDriver initialized successfully for thread: 35
2026-03-04 09:27:56.281 [TestNG-test-Yt Master Tests-2] INFO  [verifyingSideMenuCollapsedLangAsInSettings] Driver initialized successfully for test: verifyingSideMenuCollapsedLangAsInSettings
2026-03-04 09:27:56.282 [TestNG-test-Yt Master Tests-2] INFO  [verifyingSideMenuCollapsedLangAsInSettings] SafeActions initialized with driver ChromeDriver: chrome on windows (640149a4712ae4a60e42db27660c92da)
2026-03-04 09:27:56.282 [TestNG-test-Yt Master Tests-2] INFO  [verifyingSideMenuCollapsedLangAsInSettings] Initialized YtLandingPage with driver: ChromeDriver: chrome on windows (640149a4712ae4a60e42db27660c92da)
2026-03-04 09:27:56.282 [TestNG-test-Yt Master Tests-2] INFO  [verifyingSideMenuCollapsedLangAsInSettings] SafeActions initialized with driver ChromeDriver: chrome on windows (640149a4712ae4a60e42db27660c92da)
2026-03-04 09:28:06.571 [TestNG-test-Yt Master Tests-2] INFO  [verifyingSideMenuCollapsedLangAsInSettings] Opened YouTube landing page.
2026-03-04 09:28:06.571 [TestNG-test-Yt Master Tests-2] INFO  [verifyingSideMenuCollapsedLangAsInSettings] Clicking left ellipses in the landing page
2026-03-04 09:28:06.571 [TestNG-test-Yt Master Tests-2] INFO  [verifyingSideMenuCollapsedLangAsInSettings] [verifyingSideMenuCollapsedLangAsInSettings] Trying to find element: By.xpath: //ytd-topbar-logo-renderer[@id='logo']/preceding-sibling::*[@id='guide-button']
2026-03-04 09:28:06.698 [TestNG-test-Yt Master Tests-2] INFO  [verifyingSideMenuCollapsedLangAsInSettings] [verifyingSideMenuCollapsedLangAsInSettings] Element found and ready (attempt 1): By.xpath: //ytd-topbar-logo-renderer[@id='logo']/preceding-sibling::*[@id='guide-button']
2026-03-04 09:28:06.794 [TestNG-test-Yt Master Tests-2] INFO  [verifyingSideMenuCollapsedLangAsInSettings] Clicking settings ellipses button...
2026-03-04 09:28:06.821 [TestNG-test-Yt Master Tests-2] INFO  [verifyingSideMenuCollapsedLangAsInSettings] [verifyingSideMenuCollapsedLangAsInSettings] Trying to find element: By.xpath: //ytd-topbar-menu-button-renderer[@class='style-scope ytd-masthead style-default']
2026-03-04 09:28:06.887 [TestNG-test-Yt Master Tests-2] INFO  [verifyingSideMenuCollapsedLangAsInSettings] [verifyingSideMenuCollapsedLangAsInSettings] Element found and ready (attempt 1): By.xpath: //ytd-topbar-menu-button-renderer[@class='style-scope ytd-masthead style-default']
2026-03-04 09:28:06.996 [TestNG-test-Yt Master Tests-2] INFO  [verifyingSideMenuCollapsedLangAsInSettings] Clicking language dropdown...
2026-03-04 09:28:06.997 [TestNG-test-Yt Master Tests-2] INFO  [verifyingSideMenuCollapsedLangAsInSettings] [verifyingSideMenuCollapsedLangAsInSettings] Trying to find element: By.xpath: (//div[@id='content-icon'])[2]
2026-03-04 09:28:07.575 [TestNG-test-Yt Master Tests-2] INFO  [verifyingSideMenuCollapsedLangAsInSettings] [verifyingSideMenuCollapsedLangAsInSettings] Element found and ready (attempt 1): By.xpath: (//div[@id='content-icon'])[2]
2026-03-04 09:28:07.996 [TestNG-test-Yt Master Tests-2] INFO  [verifyingSideMenuCollapsedLangAsInSettings] [verifyingSideMenuCollapsedLangAsInSettings] Execution is Not CRON Job Hence refering to normal keys from UtilData
2026-03-04 09:28:08.005 [TestNG-test-Yt Master Tests-2] INFO  [verifyingSideMenuCollapsedLangAsInSettings] Looking for language element with name: Afrikaans
2026-03-04 09:28:08.005 [TestNG-test-Yt Master Tests-2] INFO  [verifyingSideMenuCollapsedLangAsInSettings] [verifyingSideMenuCollapsedLangAsInSettings] Trying to find element: By.xpath: //yt-multi-page-menu-section-renderer[@class='style-scope ytd-multi-page-menu-renderer']//yt-formatted-string[@id='label' and text()='Afrikaans']
2026-03-04 09:28:08.274 [TestNG-test-Yt Master Tests-2] INFO  [verifyingSideMenuCollapsedLangAsInSettings] [verifyingSideMenuCollapsedLangAsInSettings] Element found and ready (attempt 1): By.xpath: //yt-multi-page-menu-section-renderer[@class='style-scope ytd-multi-page-menu-renderer']//yt-formatted-string[@id='label' and text()='Afrikaans']
2026-03-04 09:28:08.274 [TestNG-test-Yt Master Tests-2] INFO  [verifyingSideMenuCollapsedLangAsInSettings] [verifyingSideMenuCollapsedLangAsInSettings] Trying to find element: By.xpath: //yt-multi-page-menu-section-renderer[@class='style-scope ytd-multi-page-menu-renderer']//yt-formatted-string[@id='label' and text()='Afrikaans']
2026-03-04 09:28:08.342 [TestNG-test-Yt Master Tests-2] INFO  [verifyingSideMenuCollapsedLangAsInSettings] [verifyingSideMenuCollapsedLangAsInSettings] Element found and ready (attempt 1): By.xpath: //yt-multi-page-menu-section-renderer[@class='style-scope ytd-multi-page-menu-renderer']//yt-formatted-string[@id='label' and text()='Afrikaans']
2026-03-04 09:28:10.078 [TestNG-test-Yt Master Tests-2] INFO  [verifyingSideMenuCollapsedLangAsInSettings] Clicking settings ellipses button...
2026-03-04 09:28:10.380 [TestNG-test-Yt Master Tests-2] INFO  [verifyingSideMenuCollapsedLangAsInSettings] [verifyingSideMenuCollapsedLangAsInSettings] Trying to find element: By.xpath: //ytd-topbar-menu-button-renderer[@class='style-scope ytd-masthead style-default']
2026-03-04 09:28:10.575 [TestNG-test-Yt Master Tests-2] INFO  [verifyingSideMenuCollapsedLangAsInSettings] [verifyingSideMenuCollapsedLangAsInSettings] Element found and ready (attempt 1): By.xpath: //ytd-topbar-menu-button-renderer[@class='style-scope ytd-masthead style-default']
2026-03-04 09:28:10.740 [TestNG-test-Yt Master Tests-2] INFO  [verifyingSideMenuCollapsedLangAsInSettings] [verifyingSideMenuCollapsedLangAsInSettings] Waiting until element is visible in viewport
2026-03-04 09:28:10.845 [TestNG-test-Yt Master Tests-2] INFO  [verifyingSideMenuCollapsedLangAsInSettings] [verifyingSideMenuCollapsedLangAsInSettings] Capturing screenshot: Filter Applied is Afrikaans__2026-03-04_092810.jpg
2026-03-04 09:28:11.650 [TestNG-test-Yt Master Tests-2] INFO  [verifyingSideMenuCollapsedLangAsInSettings] [verifyingSideMenuCollapsedLangAsInSettings] Screenshot saved at: test-output/screenshots/Run_2026-03-04_09-24-01/verifyingSideMenuCollapsedLangAsInSettings/Filter Applied is Afrikaans__2026-03-04_092810.jpg
2026-03-04 09:28:11.650 [TestNG-test-Yt Master Tests-2] INFO  [verifyingSideMenuCollapsedLangAsInSettings] Clicking settings ellipses button...
2026-03-04 09:28:11.723 [TestNG-test-Yt Master Tests-2] INFO  [verifyingSideMenuCollapsedLangAsInSettings] [verifyingSideMenuCollapsedLangAsInSettings] Trying to find element: By.xpath: //ytd-topbar-menu-button-renderer[@class='style-scope ytd-masthead style-default']
2026-03-04 09:28:11.842 [TestNG-test-Yt Master Tests-2] INFO  [verifyingSideMenuCollapsedLangAsInSettings] [verifyingSideMenuCollapsedLangAsInSettings] Element found and ready (attempt 1): By.xpath: //ytd-topbar-menu-button-renderer[@class='style-scope ytd-masthead style-default']
2026-03-04 09:28:11.967 [TestNG-test-Yt Master Tests-2] INFO  [verifyingSideMenuCollapsedLangAsInSettings] getLangAttribute() - locating <html> and reading lang property
2026-03-04 09:28:12.035 [TestNG-test-Yt Master Tests-2] INFO  [verifyingSideMenuCollapsedLangAsInSettings] Language attribute read: af-ZA
2026-03-04 09:28:12.035 [TestNG-test-Yt Master Tests-2] INFO  [verifyingSideMenuCollapsedLangAsInSettings] Fetching the side menu in collapsed view
2026-03-04 09:28:12.035 [TestNG-test-Yt Master Tests-2] INFO  [verifyingSideMenuCollapsedLangAsInSettings] [verifyingSideMenuCollapsedLangAsInSettings] Finding elements list: By.xpath: //ytd-mini-guide-renderer[@class='style-scope ytd-app']//ytd-mini-guide-entry-renderer
2026-03-04 09:28:12.418 [TestNG-test-Yt Master Tests-2] INFO  [verifyingSideMenuCollapsedLangAsInSettings] [verifyingSideMenuCollapsedLangAsInSettings] Found 4 ready elements (attempt 1): By.xpath: //ytd-mini-guide-renderer[@class='style-scope ytd-app']//ytd-mini-guide-entry-renderer
2026-03-04 09:28:12.529 [TestNG-test-Yt Master Tests-2] INFO  [verifyingSideMenuCollapsedLangAsInSettings] Clicking settings ellipses button...
2026-03-04 09:28:12.604 [TestNG-test-Yt Master Tests-2] INFO  [verifyingSideMenuCollapsedLangAsInSettings] [verifyingSideMenuCollapsedLangAsInSettings] Trying to find element: By.xpath: //ytd-topbar-menu-button-renderer[@class='style-scope ytd-masthead style-default']
2026-03-04 09:28:12.907 [TestNG-test-Yt Master Tests-2] INFO  [verifyingSideMenuCollapsedLangAsInSettings] [verifyingSideMenuCollapsedLangAsInSettings] Element found and ready (attempt 1): By.xpath: //ytd-topbar-menu-button-renderer[@class='style-scope ytd-masthead style-default']
2026-03-04 09:28:13.368 [TestNG-test-Yt Master Tests-2] INFO  [verifyingSideMenuCollapsedLangAsInSettings] Clicking language dropdown...
2026-03-04 09:28:13.368 [TestNG-test-Yt Master Tests-2] INFO  [verifyingSideMenuCollapsedLangAsInSettings] [verifyingSideMenuCollapsedLangAsInSettings] Trying to find element: By.xpath: (//div[@id='content-icon'])[2]
2026-03-04 09:28:13.559 [TestNG-test-Yt Master Tests-2] INFO  [verifyingSideMenuCollapsedLangAsInSettings] [verifyingSideMenuCollapsedLangAsInSettings] Element found and ready (attempt 1): By.xpath: (//div[@id='content-icon'])[2]
2026-03-04 09:28:14.171 [TestNG-test-Yt Master Tests-2] INFO  [verifyingSideMenuCollapsedLangAsInSettings] Looking for language element with name: Azərbaycan
2026-03-04 09:28:14.172 [TestNG-test-Yt Master Tests-2] INFO  [verifyingSideMenuCollapsedLangAsInSettings] [verifyingSideMenuCollapsedLangAsInSettings] Trying to find element: By.xpath: //yt-multi-page-menu-section-renderer[@class='style-scope ytd-multi-page-menu-renderer']//yt-formatted-string[@id='label' and text()='Azərbaycan']
2026-03-04 09:28:14.333 [TestNG-test-Yt Master Tests-2] INFO  [verifyingSideMenuCollapsedLangAsInSettings] [verifyingSideMenuCollapsedLangAsInSettings] Element found and ready (attempt 1): By.xpath: //yt-multi-page-menu-section-renderer[@class='style-scope ytd-multi-page-menu-renderer']//yt-formatted-string[@id='label' and text()='Azərbaycan']
2026-03-04 09:28:14.333 [TestNG-test-Yt Master Tests-2] INFO  [verifyingSideMenuCollapsedLangAsInSettings] [verifyingSideMenuCollapsedLangAsInSettings] Trying to find element: By.xpath: //yt-multi-page-menu-section-renderer[@class='style-scope ytd-multi-page-menu-renderer']//yt-formatted-string[@id='label' and text()='Azərbaycan']
2026-03-04 09:28:14.413 [TestNG-test-Yt Master Tests-2] INFO  [verifyingSideMenuCollapsedLangAsInSettings] [verifyingSideMenuCollapsedLangAsInSettings] Element found and ready (attempt 1): By.xpath: //yt-multi-page-menu-section-renderer[@class='style-scope ytd-multi-page-menu-renderer']//yt-formatted-string[@id='label' and text()='Azərbaycan']
2026-03-04 09:28:17.352 [TestNG-test-Yt Master Tests-2] INFO  [verifyingSideMenuCollapsedLangAsInSettings] Clicking settings ellipses button...
2026-03-04 09:28:17.395 [TestNG-test-Yt Master Tests-2] INFO  [verifyingSideMenuCollapsedLangAsInSettings] [verifyingSideMenuCollapsedLangAsInSettings] Trying to find element: By.xpath: //ytd-topbar-menu-button-renderer[@class='style-scope ytd-masthead style-default']
2026-03-04 09:28:17.499 [TestNG-test-Yt Master Tests-2] INFO  [verifyingSideMenuCollapsedLangAsInSettings] [verifyingSideMenuCollapsedLangAsInSettings] Element found and ready (attempt 1): By.xpath: //ytd-topbar-menu-button-renderer[@class='style-scope ytd-masthead style-default']
2026-03-04 09:28:17.968 [TestNG-test-Yt Master Tests-2] INFO  [verifyingSideMenuCollapsedLangAsInSettings] [verifyingSideMenuCollapsedLangAsInSettings] Waiting until element is visible in viewport
2026-03-04 09:28:18.015 [TestNG-test-Yt Master Tests-2] INFO  [verifyingSideMenuCollapsedLangAsInSettings] [verifyingSideMenuCollapsedLangAsInSettings] Capturing screenshot: Filter Applied is Azərbaycan__2026-03-04_092818.jpg
2026-03-04 09:28:18.500 [TestNG-test-Yt Master Tests-2] INFO  [verifyingSideMenuCollapsedLangAsInSettings] [verifyingSideMenuCollapsedLangAsInSettings] Screenshot saved at: test-output/screenshots/Run_2026-03-04_09-24-01/verifyingSideMenuCollapsedLangAsInSettings/Filter Applied is Azərbaycan__2026-03-04_092818.jpg
2026-03-04 09:28:18.500 [TestNG-test-Yt Master Tests-2] INFO  [verifyingSideMenuCollapsedLangAsInSettings] Clicking settings ellipses button...
2026-03-04 09:28:18.523 [TestNG-test-Yt Master Tests-2] INFO  [verifyingSideMenuCollapsedLangAsInSettings] [verifyingSideMenuCollapsedLangAsInSettings] Trying to find element: By.xpath: //ytd-topbar-menu-button-renderer[@class='style-scope ytd-masthead style-default']
2026-03-04 09:28:18.591 [TestNG-test-Yt Master Tests-2] INFO  [verifyingSideMenuCollapsedLangAsInSettings] [verifyingSideMenuCollapsedLangAsInSettings] Element found and ready (attempt 1): By.xpath: //ytd-topbar-menu-button-renderer[@class='style-scope ytd-masthead style-default']
2026-03-04 09:28:18.651 [TestNG-test-Yt Master Tests-2] INFO  [verifyingSideMenuCollapsedLangAsInSettings] getLangAttribute() - locating <html> and reading lang property
2026-03-04 09:28:18.670 [TestNG-test-Yt Master Tests-2] INFO  [verifyingSideMenuCollapsedLangAsInSettings] Language attribute read: az-Latn-AZ
2026-03-04 09:28:18.671 [TestNG-test-Yt Master Tests-2] INFO  [verifyingSideMenuCollapsedLangAsInSettings] Fetching the side menu in collapsed view
2026-03-04 09:28:18.671 [TestNG-test-Yt Master Tests-2] INFO  [verifyingSideMenuCollapsedLangAsInSettings] [verifyingSideMenuCollapsedLangAsInSettings] Finding elements list: By.xpath: //ytd-mini-guide-renderer[@class='style-scope ytd-app']//ytd-mini-guide-entry-renderer
2026-03-04 09:28:18.764 [TestNG-test-Yt Master Tests-2] INFO  [verifyingSideMenuCollapsedLangAsInSettings] [verifyingSideMenuCollapsedLangAsInSettings] Found 4 ready elements (attempt 1): By.xpath: //ytd-mini-guide-renderer[@class='style-scope ytd-app']//ytd-mini-guide-entry-renderer
2026-03-04 09:28:18.868 [TestNG-test-Yt Master Tests-2] INFO  [verifyingSideMenuCollapsedLangAsInSettings] Clicking settings ellipses button...
2026-03-04 09:28:18.891 [TestNG-test-Yt Master Tests-2] INFO  [verifyingSideMenuCollapsedLangAsInSettings] [verifyingSideMenuCollapsedLangAsInSettings] Trying to find element: By.xpath: //ytd-topbar-menu-button-renderer[@class='style-scope ytd-masthead style-default']
2026-03-04 09:28:18.946 [TestNG-test-Yt Master Tests-2] INFO  [verifyingSideMenuCollapsedLangAsInSettings] [verifyingSideMenuCollapsedLangAsInSettings] Element found and ready (attempt 1): By.xpath: //ytd-topbar-menu-button-renderer[@class='style-scope ytd-masthead style-default']
2026-03-04 09:28:19.003 [TestNG-test-Yt Master Tests-2] INFO  [verifyingSideMenuCollapsedLangAsInSettings] Clicking language dropdown...
2026-03-04 09:28:19.003 [TestNG-test-Yt Master Tests-2] INFO  [verifyingSideMenuCollapsedLangAsInSettings] [verifyingSideMenuCollapsedLangAsInSettings] Trying to find element: By.xpath: (//div[@id='content-icon'])[2]
2026-03-04 09:28:19.581 [TestNG-test-Yt Master Tests-2] INFO  [verifyingSideMenuCollapsedLangAsInSettings] [verifyingSideMenuCollapsedLangAsInSettings] Element found and ready (attempt 1): By.xpath: (//div[@id='content-icon'])[2]
2026-03-04 09:28:19.950 [TestNG-test-Yt Master Tests-2] INFO  [verifyingSideMenuCollapsedLangAsInSettings] Looking for language element with name: Bahasa Indonesia
2026-03-04 09:28:19.951 [TestNG-test-Yt Master Tests-2] INFO  [verifyingSideMenuCollapsedLangAsInSettings] [verifyingSideMenuCollapsedLangAsInSettings] Trying to find element: By.xpath: //yt-multi-page-menu-section-renderer[@class='style-scope ytd-multi-page-menu-renderer']//yt-formatted-string[@id='label' and text()='Bahasa Indonesia']
2026-03-04 09:28:20.063 [TestNG-test-Yt Master Tests-2] INFO  [verifyingSideMenuCollapsedLangAsInSettings] [verifyingSideMenuCollapsedLangAsInSettings] Element found and ready (attempt 1): By.xpath: //yt-multi-page-menu-section-renderer[@class='style-scope ytd-multi-page-menu-renderer']//yt-formatted-string[@id='label' and text()='Bahasa Indonesia']
2026-03-04 09:28:20.063 [TestNG-test-Yt Master Tests-2] INFO  [verifyingSideMenuCollapsedLangAsInSettings] [verifyingSideMenuCollapsedLangAsInSettings] Trying to find element: By.xpath: //yt-multi-page-menu-section-renderer[@class='style-scope ytd-multi-page-menu-renderer']//yt-formatted-string[@id='label' and text()='Bahasa Indonesia']
2026-03-04 09:28:20.121 [TestNG-test-Yt Master Tests-2] INFO  [verifyingSideMenuCollapsedLangAsInSettings] [verifyingSideMenuCollapsedLangAsInSettings] Element found and ready (attempt 1): By.xpath: //yt-multi-page-menu-section-renderer[@class='style-scope ytd-multi-page-menu-renderer']//yt-formatted-string[@id='label' and text()='Bahasa Indonesia']
2026-03-04 09:28:22.398 [TestNG-test-Yt Master Tests-2] INFO  [verifyingSideMenuCollapsedLangAsInSettings] Clicking settings ellipses button...
2026-03-04 09:28:22.463 [TestNG-test-Yt Master Tests-2] INFO  [verifyingSideMenuCollapsedLangAsInSettings] [verifyingSideMenuCollapsedLangAsInSettings] Trying to find element: By.xpath: //ytd-topbar-menu-button-renderer[@class='style-scope ytd-masthead style-default']
2026-03-04 09:28:22.639 [TestNG-test-Yt Master Tests-2] INFO  [verifyingSideMenuCollapsedLangAsInSettings] [verifyingSideMenuCollapsedLangAsInSettings] Element found and ready (attempt 1): By.xpath: //ytd-topbar-menu-button-renderer[@class='style-scope ytd-masthead style-default']
2026-03-04 09:28:22.845 [TestNG-test-Yt Master Tests-2] INFO  [verifyingSideMenuCollapsedLangAsInSettings] [verifyingSideMenuCollapsedLangAsInSettings] Waiting until element is visible in viewport
2026-03-04 09:28:22.948 [TestNG-test-Yt Master Tests-2] INFO  [verifyingSideMenuCollapsedLangAsInSettings] [verifyingSideMenuCollapsedLangAsInSettings] Capturing screenshot: Filter Applied is Bahasa Indonesia__2026-03-04_092822.jpg
2026-03-04 09:28:23.294 [TestNG-test-Yt Master Tests-2] INFO  [verifyingSideMenuCollapsedLangAsInSettings] [verifyingSideMenuCollapsedLangAsInSettings] Screenshot saved at: test-output/screenshots/Run_2026-03-04_09-24-01/verifyingSideMenuCollapsedLangAsInSettings/Filter Applied is Bahasa Indonesia__2026-03-04_092822.jpg
2026-03-04 09:28:23.294 [TestNG-test-Yt Master Tests-2] INFO  [verifyingSideMenuCollapsedLangAsInSettings] Clicking settings ellipses button...
2026-03-04 09:28:23.314 [TestNG-test-Yt Master Tests-2] INFO  [verifyingSideMenuCollapsedLangAsInSettings] [verifyingSideMenuCollapsedLangAsInSettings] Trying to find element: By.xpath: //ytd-topbar-menu-button-renderer[@class='style-scope ytd-masthead style-default']
2026-03-04 09:28:23.364 [TestNG-test-Yt Master Tests-2] INFO  [verifyingSideMenuCollapsedLangAsInSettings] [verifyingSideMenuCollapsedLangAsInSettings] Element found and ready (attempt 1): By.xpath: //ytd-topbar-menu-button-renderer[@class='style-scope ytd-masthead style-default']
2026-03-04 09:28:23.416 [TestNG-test-Yt Master Tests-2] INFO  [verifyingSideMenuCollapsedLangAsInSettings] getLangAttribute() - locating <html> and reading lang property
2026-03-04 09:28:23.429 [TestNG-test-Yt Master Tests-2] INFO  [verifyingSideMenuCollapsedLangAsInSettings] Language attribute read: id-ID
2026-03-04 09:28:23.429 [TestNG-test-Yt Master Tests-2] INFO  [verifyingSideMenuCollapsedLangAsInSettings] Fetching the side menu in collapsed view
2026-03-04 09:28:23.430 [TestNG-test-Yt Master Tests-2] INFO  [verifyingSideMenuCollapsedLangAsInSettings] [verifyingSideMenuCollapsedLangAsInSettings] Finding elements list: By.xpath: //ytd-mini-guide-renderer[@class='style-scope ytd-app']//ytd-mini-guide-entry-renderer
2026-03-04 09:28:23.521 [TestNG-test-Yt Master Tests-2] INFO  [verifyingSideMenuCollapsedLangAsInSettings] [verifyingSideMenuCollapsedLangAsInSettings] Found 4 ready elements (attempt 1): By.xpath: //ytd-mini-guide-renderer[@class='style-scope ytd-app']//ytd-mini-guide-entry-renderer
2026-03-04 09:28:23.605 [TestNG-test-Yt Master Tests-2] INFO  [verifyingSideMenuCollapsedLangAsInSettings] Clicking settings ellipses button...
2026-03-04 09:28:23.627 [TestNG-test-Yt Master Tests-2] INFO  [verifyingSideMenuCollapsedLangAsInSettings] [verifyingSideMenuCollapsedLangAsInSettings] Trying to find element: By.xpath: //ytd-topbar-menu-button-renderer[@class='style-scope ytd-masthead style-default']
2026-03-04 09:28:23.694 [TestNG-test-Yt Master Tests-2] INFO  [verifyingSideMenuCollapsedLangAsInSettings] [verifyingSideMenuCollapsedLangAsInSettings] Element found and ready (attempt 1): By.xpath: //ytd-topbar-menu-button-renderer[@class='style-scope ytd-masthead style-default']
2026-03-04 09:28:23.752 [TestNG-test-Yt Master Tests-2] INFO  [verifyingSideMenuCollapsedLangAsInSettings] Clicking language dropdown...
2026-03-04 09:28:23.752 [TestNG-test-Yt Master Tests-2] INFO  [verifyingSideMenuCollapsedLangAsInSettings] [verifyingSideMenuCollapsedLangAsInSettings] Trying to find element: By.xpath: (//div[@id='content-icon'])[2]
2026-03-04 09:28:24.332 [TestNG-test-Yt Master Tests-2] INFO  [verifyingSideMenuCollapsedLangAsInSettings] [verifyingSideMenuCollapsedLangAsInSettings] Element found and ready (attempt 1): By.xpath: (//div[@id='content-icon'])[2]
2026-03-04 09:28:24.747 [TestNG-test-Yt Master Tests-2] INFO  [verifyingSideMenuCollapsedLangAsInSettings] Looking for language element with name: Bosanski
2026-03-04 09:28:24.747 [TestNG-test-Yt Master Tests-2] INFO  [verifyingSideMenuCollapsedLangAsInSettings] [verifyingSideMenuCollapsedLangAsInSettings] Trying to find element: By.xpath: //yt-multi-page-menu-section-renderer[@class='style-scope ytd-multi-page-menu-renderer']//yt-formatted-string[@id='label' and text()='Bosanski']
2026-03-04 09:28:24.887 [TestNG-test-Yt Master Tests-2] INFO  [verifyingSideMenuCollapsedLangAsInSettings] [verifyingSideMenuCollapsedLangAsInSettings] Element found and ready (attempt 1): By.xpath: //yt-multi-page-menu-section-renderer[@class='style-scope ytd-multi-page-menu-renderer']//yt-formatted-string[@id='label' and text()='Bosanski']
2026-03-04 09:28:24.888 [TestNG-test-Yt Master Tests-2] INFO  [verifyingSideMenuCollapsedLangAsInSettings] [verifyingSideMenuCollapsedLangAsInSettings] Trying to find element: By.xpath: //yt-multi-page-menu-section-renderer[@class='style-scope ytd-multi-page-menu-renderer']//yt-formatted-string[@id='label' and text()='Bosanski']
2026-03-04 09:28:24.947 [TestNG-test-Yt Master Tests-2] INFO  [verifyingSideMenuCollapsedLangAsInSettings] [verifyingSideMenuCollapsedLangAsInSettings] Element found and ready (attempt 1): By.xpath: //yt-multi-page-menu-section-renderer[@class='style-scope ytd-multi-page-menu-renderer']//yt-formatted-string[@id='label' and text()='Bosanski']
2026-03-04 09:28:27.948 [TestNG-test-Yt Master Tests-2] INFO  [verifyingSideMenuCollapsedLangAsInSettings] Clicking settings ellipses button...
2026-03-04 09:28:28.014 [TestNG-test-Yt Master Tests-2] INFO  [verifyingSideMenuCollapsedLangAsInSettings] [verifyingSideMenuCollapsedLangAsInSettings] Trying to find element: By.xpath: //ytd-topbar-menu-button-renderer[@class='style-scope ytd-masthead style-default']
2026-03-04 09:28:28.069 [TestNG-test-Yt Master Tests-2] INFO  [verifyingSideMenuCollapsedLangAsInSettings] [verifyingSideMenuCollapsedLangAsInSettings] Element found and ready (attempt 1): By.xpath: //ytd-topbar-menu-button-renderer[@class='style-scope ytd-masthead style-default']
2026-03-04 09:28:28.320 [TestNG-test-Yt Master Tests-2] INFO  [verifyingSideMenuCollapsedLangAsInSettings] [verifyingSideMenuCollapsedLangAsInSettings] Waiting until element is visible in viewport
2026-03-04 09:28:28.384 [TestNG-test-Yt Master Tests-2] INFO  [verifyingSideMenuCollapsedLangAsInSettings] [verifyingSideMenuCollapsedLangAsInSettings] Capturing screenshot: Filter Applied is Bosanski__2026-03-04_092828.jpg
2026-03-04 09:28:29.096 [TestNG-test-Yt Master Tests-2] INFO  [verifyingSideMenuCollapsedLangAsInSettings] [verifyingSideMenuCollapsedLangAsInSettings] Screenshot saved at: test-output/screenshots/Run_2026-03-04_09-24-01/verifyingSideMenuCollapsedLangAsInSettings/Filter Applied is Bosanski__2026-03-04_092828.jpg
2026-03-04 09:28:29.096 [TestNG-test-Yt Master Tests-2] INFO  [verifyingSideMenuCollapsedLangAsInSettings] Clicking settings ellipses button...
2026-03-04 09:28:29.116 [TestNG-test-Yt Master Tests-2] INFO  [verifyingSideMenuCollapsedLangAsInSettings] [verifyingSideMenuCollapsedLangAsInSettings] Trying to find element: By.xpath: //ytd-topbar-menu-button-renderer[@class='style-scope ytd-masthead style-default']
2026-03-04 09:28:29.166 [TestNG-test-Yt Master Tests-2] INFO  [verifyingSideMenuCollapsedLangAsInSettings] [verifyingSideMenuCollapsedLangAsInSettings] Element found and ready (attempt 1): By.xpath: //ytd-topbar-menu-button-renderer[@class='style-scope ytd-masthead style-default']
2026-03-04 09:28:29.217 [TestNG-test-Yt Master Tests-2] INFO  [verifyingSideMenuCollapsedLangAsInSettings] getLangAttribute() - locating <html> and reading lang property
2026-03-04 09:28:29.231 [TestNG-test-Yt Master Tests-2] INFO  [verifyingSideMenuCollapsedLangAsInSettings] Language attribute read: bs-Latn-BA
2026-03-04 09:28:29.231 [TestNG-test-Yt Master Tests-2] INFO  [verifyingSideMenuCollapsedLangAsInSettings] Fetching the side menu in collapsed view
2026-03-04 09:28:29.231 [TestNG-test-Yt Master Tests-2] INFO  [verifyingSideMenuCollapsedLangAsInSettings] [verifyingSideMenuCollapsedLangAsInSettings] Finding elements list: By.xpath: //ytd-mini-guide-renderer[@class='style-scope ytd-app']//ytd-mini-guide-entry-renderer
2026-03-04 09:28:29.297 [TestNG-test-Yt Master Tests-2] INFO  [verifyingSideMenuCollapsedLangAsInSettings] [verifyingSideMenuCollapsedLangAsInSettings] Found 4 ready elements (attempt 1): By.xpath: //ytd-mini-guide-renderer[@class='style-scope ytd-app']//ytd-mini-guide-entry-renderer
2026-03-04 09:28:29.379 [TestNG-test-Yt Master Tests-2] INFO  [verifyingSideMenuCollapsedLangAsInSettings] Clicking settings ellipses button...
2026-03-04 09:28:29.400 [TestNG-test-Yt Master Tests-2] INFO  [verifyingSideMenuCollapsedLangAsInSettings] [verifyingSideMenuCollapsedLangAsInSettings] Trying to find element: By.xpath: //ytd-topbar-menu-button-renderer[@class='style-scope ytd-masthead style-default']
2026-03-04 09:28:29.475 [TestNG-test-Yt Master Tests-2] INFO  [verifyingSideMenuCollapsedLangAsInSettings] [verifyingSideMenuCollapsedLangAsInSettings] Element found and ready (attempt 1): By.xpath: //ytd-topbar-menu-button-renderer[@class='style-scope ytd-masthead style-default']
2026-03-04 09:28:29.529 [TestNG-test-Yt Master Tests-2] INFO  [verifyingSideMenuCollapsedLangAsInSettings] Clicking language dropdown...
2026-03-04 09:28:29.529 [TestNG-test-Yt Master Tests-2] INFO  [verifyingSideMenuCollapsedLangAsInSettings] [verifyingSideMenuCollapsedLangAsInSettings] Trying to find element: By.xpath: (//div[@id='content-icon'])[2]
2026-03-04 09:28:30.111 [TestNG-test-Yt Master Tests-2] INFO  [verifyingSideMenuCollapsedLangAsInSettings] [verifyingSideMenuCollapsedLangAsInSettings] Element found and ready (attempt 1): By.xpath: (//div[@id='content-icon'])[2]
2026-03-04 09:28:30.502 [TestNG-test-Yt Master Tests-2] INFO  [verifyingSideMenuCollapsedLangAsInSettings] Looking for language element with name: Català
2026-03-04 09:28:30.502 [TestNG-test-Yt Master Tests-2] INFO  [verifyingSideMenuCollapsedLangAsInSettings] [verifyingSideMenuCollapsedLangAsInSettings] Trying to find element: By.xpath: //yt-multi-page-menu-section-renderer[@class='style-scope ytd-multi-page-menu-renderer']//yt-formatted-string[@id='label' and text()='Català']
2026-03-04 09:28:30.636 [TestNG-test-Yt Master Tests-2] INFO  [verifyingSideMenuCollapsedLangAsInSettings] [verifyingSideMenuCollapsedLangAsInSettings] Element found and ready (attempt 1): By.xpath: //yt-multi-page-menu-section-renderer[@class='style-scope ytd-multi-page-menu-renderer']//yt-formatted-string[@id='label' and text()='Català']
2026-03-04 09:28:30.636 [TestNG-test-Yt Master Tests-2] INFO  [verifyingSideMenuCollapsedLangAsInSettings] [verifyingSideMenuCollapsedLangAsInSettings] Trying to find element: By.xpath: //yt-multi-page-menu-section-renderer[@class='style-scope ytd-multi-page-menu-renderer']//yt-formatted-string[@id='label' and text()='Català']
2026-03-04 09:28:30.718 [TestNG-test-Yt Master Tests-2] INFO  [verifyingSideMenuCollapsedLangAsInSettings] [verifyingSideMenuCollapsedLangAsInSettings] Element found and ready (attempt 1): By.xpath: //yt-multi-page-menu-section-renderer[@class='style-scope ytd-multi-page-menu-renderer']//yt-formatted-string[@id='label' and text()='Català']
2026-03-04 09:28:32.500 [TestNG-test-Yt Master Tests-2] INFO  [verifyingSideMenuCollapsedLangAsInSettings] Clicking settings ellipses button...
2026-03-04 09:28:32.785 [TestNG-test-Yt Master Tests-2] INFO  [verifyingSideMenuCollapsedLangAsInSettings] [verifyingSideMenuCollapsedLangAsInSettings] Trying to find element: By.xpath: //ytd-topbar-menu-button-renderer[@class='style-scope ytd-masthead style-default']
2026-03-04 09:28:32.845 [TestNG-test-Yt Master Tests-2] INFO  [verifyingSideMenuCollapsedLangAsInSettings] [verifyingSideMenuCollapsedLangAsInSettings] Element found and ready (attempt 1): By.xpath: //ytd-topbar-menu-button-renderer[@class='style-scope ytd-masthead style-default']
2026-03-04 09:28:33.091 [TestNG-test-Yt Master Tests-2] INFO  [verifyingSideMenuCollapsedLangAsInSettings] [verifyingSideMenuCollapsedLangAsInSettings] Waiting until element is visible in viewport
2026-03-04 09:28:33.181 [TestNG-test-Yt Master Tests-2] INFO  [verifyingSideMenuCollapsedLangAsInSettings] [verifyingSideMenuCollapsedLangAsInSettings] Capturing screenshot: Filter Applied is Català__2026-03-04_092833.jpg
2026-03-04 09:28:33.607 [TestNG-test-Yt Master Tests-2] INFO  [verifyingSideMenuCollapsedLangAsInSettings] [verifyingSideMenuCollapsedLangAsInSettings] Screenshot saved at: test-output/screenshots/Run_2026-03-04_09-24-01/verifyingSideMenuCollapsedLangAsInSettings/Filter Applied is Català__2026-03-04_092833.jpg
2026-03-04 09:28:33.608 [TestNG-test-Yt Master Tests-2] INFO  [verifyingSideMenuCollapsedLangAsInSettings] Clicking settings ellipses button...
2026-03-04 09:28:33.632 [TestNG-test-Yt Master Tests-2] INFO  [verifyingSideMenuCollapsedLangAsInSettings] [verifyingSideMenuCollapsedLangAsInSettings] Trying to find element: By.xpath: //ytd-topbar-menu-button-renderer[@class='style-scope ytd-masthead style-default']
2026-03-04 09:28:33.706 [TestNG-test-Yt Master Tests-2] INFO  [verifyingSideMenuCollapsedLangAsInSettings] [verifyingSideMenuCollapsedLangAsInSettings] Element found and ready (attempt 1): By.xpath: //ytd-topbar-menu-button-renderer[@class='style-scope ytd-masthead style-default']
2026-03-04 09:28:33.873 [TestNG-test-Yt Master Tests-2] INFO  [verifyingSideMenuCollapsedLangAsInSettings] getLangAttribute() - locating <html> and reading lang property
2026-03-04 09:28:33.950 [TestNG-test-Yt Master Tests-2] INFO  [verifyingSideMenuCollapsedLangAsInSettings] Language attribute read: ca-ES
2026-03-04 09:28:33.950 [TestNG-test-Yt Master Tests-2] INFO  [verifyingSideMenuCollapsedLangAsInSettings] Fetching the side menu in collapsed view
2026-03-04 09:28:33.950 [TestNG-test-Yt Master Tests-2] INFO  [verifyingSideMenuCollapsedLangAsInSettings] [verifyingSideMenuCollapsedLangAsInSettings] Finding elements list: By.xpath: //ytd-mini-guide-renderer[@class='style-scope ytd-app']//ytd-mini-guide-entry-renderer
2026-03-04 09:28:34.090 [TestNG-test-Yt Master Tests-2] INFO  [verifyingSideMenuCollapsedLangAsInSettings] [verifyingSideMenuCollapsedLangAsInSettings] Found 4 ready elements (attempt 1): By.xpath: //ytd-mini-guide-renderer[@class='style-scope ytd-app']//ytd-mini-guide-entry-renderer
2026-03-04 09:28:34.230 [TestNG-test-Yt Master Tests-2] INFO  [verifyingSideMenuCollapsedLangAsInSettings] Clicking settings ellipses button...
2026-03-04 09:28:34.259 [TestNG-test-Yt Master Tests-2] INFO  [verifyingSideMenuCollapsedLangAsInSettings] [verifyingSideMenuCollapsedLangAsInSettings] Trying to find element: By.xpath: //ytd-topbar-menu-button-renderer[@class='style-scope ytd-masthead style-default']
2026-03-04 09:28:34.361 [TestNG-test-Yt Master Tests-2] INFO  [verifyingSideMenuCollapsedLangAsInSettings] [verifyingSideMenuCollapsedLangAsInSettings] Element found and ready (attempt 1): By.xpath: //ytd-topbar-menu-button-renderer[@class='style-scope ytd-masthead style-default']
2026-03-04 09:28:34.420 [TestNG-test-Yt Master Tests-2] INFO  [verifyingSideMenuCollapsedLangAsInSettings] Clicking language dropdown...
2026-03-04 09:28:34.420 [TestNG-test-Yt Master Tests-2] INFO  [verifyingSideMenuCollapsedLangAsInSettings] [verifyingSideMenuCollapsedLangAsInSettings] Trying to find element: By.xpath: (//div[@id='content-icon'])[2]
2026-03-04 09:28:35.004 [TestNG-test-Yt Master Tests-2] INFO  [verifyingSideMenuCollapsedLangAsInSettings] [verifyingSideMenuCollapsedLangAsInSettings] Element found and ready (attempt 1): By.xpath: (//div[@id='content-icon'])[2]
2026-03-04 09:28:35.415 [TestNG-test-Yt Master Tests-2] INFO  [verifyingSideMenuCollapsedLangAsInSettings] Looking for language element with name: Dansk
2026-03-04 09:28:35.415 [TestNG-test-Yt Master Tests-2] INFO  [verifyingSideMenuCollapsedLangAsInSettings] [verifyingSideMenuCollapsedLangAsInSettings] Trying to find element: By.xpath: //yt-multi-page-menu-section-renderer[@class='style-scope ytd-multi-page-menu-renderer']//yt-formatted-string[@id='label' and text()='Dansk']
2026-03-04 09:28:35.542 [TestNG-test-Yt Master Tests-2] INFO  [verifyingSideMenuCollapsedLangAsInSettings] [verifyingSideMenuCollapsedLangAsInSettings] Element found and ready (attempt 1): By.xpath: //yt-multi-page-menu-section-renderer[@class='style-scope ytd-multi-page-menu-renderer']//yt-formatted-string[@id='label' and text()='Dansk']
2026-03-04 09:28:35.542 [TestNG-test-Yt Master Tests-2] INFO  [verifyingSideMenuCollapsedLangAsInSettings] [verifyingSideMenuCollapsedLangAsInSettings] Trying to find element: By.xpath: //yt-multi-page-menu-section-renderer[@class='style-scope ytd-multi-page-menu-renderer']//yt-formatted-string[@id='label' and text()='Dansk']
2026-03-04 09:28:35.627 [TestNG-test-Yt Master Tests-2] INFO  [verifyingSideMenuCollapsedLangAsInSettings] [verifyingSideMenuCollapsedLangAsInSettings] Element found and ready (attempt 1): By.xpath: //yt-multi-page-menu-section-renderer[@class='style-scope ytd-multi-page-menu-renderer']//yt-formatted-string[@id='label' and text()='Dansk']
2026-03-04 09:28:38.104 [TestNG-test-Yt Master Tests-2] INFO  [verifyingSideMenuCollapsedLangAsInSettings] Clicking settings ellipses button...
2026-03-04 09:28:38.175 [TestNG-test-Yt Master Tests-2] INFO  [verifyingSideMenuCollapsedLangAsInSettings] [verifyingSideMenuCollapsedLangAsInSettings] Trying to find element: By.xpath: //ytd-topbar-menu-button-renderer[@class='style-scope ytd-masthead style-default']
2026-03-04 09:28:38.233 [TestNG-test-Yt Master Tests-2] INFO  [verifyingSideMenuCollapsedLangAsInSettings] [verifyingSideMenuCollapsedLangAsInSettings] Element found and ready (attempt 1): By.xpath: //ytd-topbar-menu-button-renderer[@class='style-scope ytd-masthead style-default']
2026-03-04 09:28:38.439 [TestNG-test-Yt Master Tests-2] INFO  [verifyingSideMenuCollapsedLangAsInSettings] [verifyingSideMenuCollapsedLangAsInSettings] Waiting until element is visible in viewport
2026-03-04 09:28:38.589 [TestNG-test-Yt Master Tests-2] INFO  [verifyingSideMenuCollapsedLangAsInSettings] [verifyingSideMenuCollapsedLangAsInSettings] Capturing screenshot: Filter Applied is Dansk__2026-03-04_092838.jpg
2026-03-04 09:28:39.157 [TestNG-test-Yt Master Tests-2] INFO  [verifyingSideMenuCollapsedLangAsInSettings] [verifyingSideMenuCollapsedLangAsInSettings] Screenshot saved at: test-output/screenshots/Run_2026-03-04_09-24-01/verifyingSideMenuCollapsedLangAsInSettings/Filter Applied is Dansk__2026-03-04_092838.jpg
2026-03-04 09:28:39.158 [TestNG-test-Yt Master Tests-2] INFO  [verifyingSideMenuCollapsedLangAsInSettings] Clicking settings ellipses button...
2026-03-04 09:28:39.184 [TestNG-test-Yt Master Tests-2] INFO  [verifyingSideMenuCollapsedLangAsInSettings] [verifyingSideMenuCollapsedLangAsInSettings] Trying to find element: By.xpath: //ytd-topbar-menu-button-renderer[@class='style-scope ytd-masthead style-default']
2026-03-04 09:28:39.247 [TestNG-test-Yt Master Tests-2] INFO  [verifyingSideMenuCollapsedLangAsInSettings] [verifyingSideMenuCollapsedLangAsInSettings] Element found and ready (attempt 1): By.xpath: //ytd-topbar-menu-button-renderer[@class='style-scope ytd-masthead style-default']
2026-03-04 09:28:39.321 [TestNG-test-Yt Master Tests-2] INFO  [verifyingSideMenuCollapsedLangAsInSettings] getLangAttribute() - locating <html> and reading lang property
2026-03-04 09:28:39.343 [TestNG-test-Yt Master Tests-2] INFO  [verifyingSideMenuCollapsedLangAsInSettings] Language attribute read: da-DK
2026-03-04 09:28:39.343 [TestNG-test-Yt Master Tests-2] INFO  [verifyingSideMenuCollapsedLangAsInSettings] Fetching the side menu in collapsed view
2026-03-04 09:28:39.343 [TestNG-test-Yt Master Tests-2] INFO  [verifyingSideMenuCollapsedLangAsInSettings] [verifyingSideMenuCollapsedLangAsInSettings] Finding elements list: By.xpath: //ytd-mini-guide-renderer[@class='style-scope ytd-app']//ytd-mini-guide-entry-renderer
2026-03-04 09:28:39.410 [TestNG-test-Yt Master Tests-2] INFO  [verifyingSideMenuCollapsedLangAsInSettings] [verifyingSideMenuCollapsedLangAsInSettings] Found 4 ready elements (attempt 1): By.xpath: //ytd-mini-guide-renderer[@class='style-scope ytd-app']//ytd-mini-guide-entry-renderer
2026-03-04 09:28:39.484 [TestNG-test-Yt Master Tests-2] INFO  [verifyingSideMenuCollapsedLangAsInSettings] Clicking settings ellipses button...
2026-03-04 09:28:39.507 [TestNG-test-Yt Master Tests-2] INFO  [verifyingSideMenuCollapsedLangAsInSettings] [verifyingSideMenuCollapsedLangAsInSettings] Trying to find element: By.xpath: //ytd-topbar-menu-button-renderer[@class='style-scope ytd-masthead style-default']
2026-03-04 09:28:39.563 [TestNG-test-Yt Master Tests-2] INFO  [verifyingSideMenuCollapsedLangAsInSettings] [verifyingSideMenuCollapsedLangAsInSettings] Element found and ready (attempt 1): By.xpath: //ytd-topbar-menu-button-renderer[@class='style-scope ytd-masthead style-default']
2026-03-04 09:28:39.629 [TestNG-test-Yt Master Tests-2] INFO  [verifyingSideMenuCollapsedLangAsInSettings] Clicking language dropdown...
2026-03-04 09:28:39.629 [TestNG-test-Yt Master Tests-2] INFO  [verifyingSideMenuCollapsedLangAsInSettings] [verifyingSideMenuCollapsedLangAsInSettings] Trying to find element: By.xpath: (//div[@id='content-icon'])[2]
2026-03-04 09:28:40.212 [TestNG-test-Yt Master Tests-2] INFO  [verifyingSideMenuCollapsedLangAsInSettings] [verifyingSideMenuCollapsedLangAsInSettings] Element found and ready (attempt 1): By.xpath: (//div[@id='content-icon'])[2]
2026-03-04 09:28:40.773 [TestNG-test-Yt Master Tests-2] INFO  [verifyingSideMenuCollapsedLangAsInSettings] Looking for language element with name: Deutsch
2026-03-04 09:28:40.774 [TestNG-test-Yt Master Tests-2] INFO  [verifyingSideMenuCollapsedLangAsInSettings] [verifyingSideMenuCollapsedLangAsInSettings] Trying to find element: By.xpath: //yt-multi-page-menu-section-renderer[@class='style-scope ytd-multi-page-menu-renderer']//yt-formatted-string[@id='label' and text()='Deutsch']
2026-03-04 09:28:40.851 [TestNG-test-Yt Master Tests-2] INFO  [verifyingSideMenuCollapsedLangAsInSettings] [verifyingSideMenuCollapsedLangAsInSettings] Element found and ready (attempt 1): By.xpath: //yt-multi-page-menu-section-renderer[@class='style-scope ytd-multi-page-menu-renderer']//yt-formatted-string[@id='label' and text()='Deutsch']
2026-03-04 09:28:40.851 [TestNG-test-Yt Master Tests-2] INFO  [verifyingSideMenuCollapsedLangAsInSettings] [verifyingSideMenuCollapsedLangAsInSettings] Trying to find element: By.xpath: //yt-multi-page-menu-section-renderer[@class='style-scope ytd-multi-page-menu-renderer']//yt-formatted-string[@id='label' and text()='Deutsch']
2026-03-04 09:28:40.939 [TestNG-test-Yt Master Tests-2] INFO  [verifyingSideMenuCollapsedLangAsInSettings] [verifyingSideMenuCollapsedLangAsInSettings] Element found and ready (attempt 1): By.xpath: //yt-multi-page-menu-section-renderer[@class='style-scope ytd-multi-page-menu-renderer']//yt-formatted-string[@id='label' and text()='Deutsch']
2026-03-04 09:28:43.100 [TestNG-test-Yt Master Tests-2] INFO  [verifyingSideMenuCollapsedLangAsInSettings] Clicking settings ellipses button...
2026-03-04 09:28:43.118 [TestNG-test-Yt Master Tests-2] INFO  [verifyingSideMenuCollapsedLangAsInSettings] [verifyingSideMenuCollapsedLangAsInSettings] Trying to find element: By.xpath: //ytd-topbar-menu-button-renderer[@class='style-scope ytd-masthead style-default']
2026-03-04 09:28:43.164 [TestNG-test-Yt Master Tests-2] INFO  [verifyingSideMenuCollapsedLangAsInSettings] [verifyingSideMenuCollapsedLangAsInSettings] Element found and ready (attempt 1): By.xpath: //ytd-topbar-menu-button-renderer[@class='style-scope ytd-masthead style-default']
2026-03-04 09:28:43.359 [TestNG-test-Yt Master Tests-2] INFO  [verifyingSideMenuCollapsedLangAsInSettings] [verifyingSideMenuCollapsedLangAsInSettings] Waiting until element is visible in viewport
2026-03-04 09:28:43.460 [TestNG-test-Yt Master Tests-2] INFO  [verifyingSideMenuCollapsedLangAsInSettings] [verifyingSideMenuCollapsedLangAsInSettings] Capturing screenshot: Filter Applied is Deutsch__2026-03-04_092843.jpg
2026-03-04 09:28:43.744 [TestNG-test-Yt Master Tests-2] INFO  [verifyingSideMenuCollapsedLangAsInSettings] [verifyingSideMenuCollapsedLangAsInSettings] Screenshot saved at: test-output/screenshots/Run_2026-03-04_09-24-01/verifyingSideMenuCollapsedLangAsInSettings/Filter Applied is Deutsch__2026-03-04_092843.jpg
2026-03-04 09:28:43.744 [TestNG-test-Yt Master Tests-2] INFO  [verifyingSideMenuCollapsedLangAsInSettings] Clicking settings ellipses button...
2026-03-04 09:28:43.763 [TestNG-test-Yt Master Tests-2] INFO  [verifyingSideMenuCollapsedLangAsInSettings] [verifyingSideMenuCollapsedLangAsInSettings] Trying to find element: By.xpath: //ytd-topbar-menu-button-renderer[@class='style-scope ytd-masthead style-default']
2026-03-04 09:28:43.810 [TestNG-test-Yt Master Tests-2] INFO  [verifyingSideMenuCollapsedLangAsInSettings] [verifyingSideMenuCollapsedLangAsInSettings] Element found and ready (attempt 1): By.xpath: //ytd-topbar-menu-button-renderer[@class='style-scope ytd-masthead style-default']
2026-03-04 09:28:43.856 [TestNG-test-Yt Master Tests-2] INFO  [verifyingSideMenuCollapsedLangAsInSettings] getLangAttribute() - locating <html> and reading lang property
2026-03-04 09:28:43.869 [TestNG-test-Yt Master Tests-2] INFO  [verifyingSideMenuCollapsedLangAsInSettings] Language attribute read: de-DE
2026-03-04 09:28:43.869 [TestNG-test-Yt Master Tests-2] INFO  [verifyingSideMenuCollapsedLangAsInSettings] Fetching the side menu in collapsed view
2026-03-04 09:28:43.869 [TestNG-test-Yt Master Tests-2] INFO  [verifyingSideMenuCollapsedLangAsInSettings] [verifyingSideMenuCollapsedLangAsInSettings] Finding elements list: By.xpath: //ytd-mini-guide-renderer[@class='style-scope ytd-app']//ytd-mini-guide-entry-renderer
2026-03-04 09:28:43.922 [TestNG-test-Yt Master Tests-2] INFO  [verifyingSideMenuCollapsedLangAsInSettings] [verifyingSideMenuCollapsedLangAsInSettings] Found 4 ready elements (attempt 1): By.xpath: //ytd-mini-guide-renderer[@class='style-scope ytd-app']//ytd-mini-guide-entry-renderer
2026-03-04 09:28:43.990 [TestNG-test-Yt Master Tests-2] INFO  [verifyingSideMenuCollapsedLangAsInSettings] Clicking settings ellipses button...
2026-03-04 09:28:44.027 [TestNG-test-Yt Master Tests-2] INFO  [verifyingSideMenuCollapsedLangAsInSettings] [verifyingSideMenuCollapsedLangAsInSettings] Trying to find element: By.xpath: //ytd-topbar-menu-button-renderer[@class='style-scope ytd-masthead style-default']
2026-03-04 09:28:44.079 [TestNG-test-Yt Master Tests-2] INFO  [verifyingSideMenuCollapsedLangAsInSettings] [verifyingSideMenuCollapsedLangAsInSettings] Element found and ready (attempt 1): By.xpath: //ytd-topbar-menu-button-renderer[@class='style-scope ytd-masthead style-default']
2026-03-04 09:28:44.129 [TestNG-test-Yt Master Tests-2] INFO  [verifyingSideMenuCollapsedLangAsInSettings] Clicking language dropdown...
2026-03-04 09:28:44.129 [TestNG-test-Yt Master Tests-2] INFO  [verifyingSideMenuCollapsedLangAsInSettings] [verifyingSideMenuCollapsedLangAsInSettings] Trying to find element: By.xpath: (//div[@id='content-icon'])[2]
2026-03-04 09:28:44.786 [TestNG-test-Yt Master Tests-2] INFO  [verifyingSideMenuCollapsedLangAsInSettings] [verifyingSideMenuCollapsedLangAsInSettings] Element found and ready (attempt 1): By.xpath: (//div[@id='content-icon'])[2]
2026-03-04 09:28:45.126 [TestNG-test-Yt Master Tests-2] INFO  [verifyingSideMenuCollapsedLangAsInSettings] Looking for language element with name: Eesti
2026-03-04 09:28:45.126 [TestNG-test-Yt Master Tests-2] INFO  [verifyingSideMenuCollapsedLangAsInSettings] [verifyingSideMenuCollapsedLangAsInSettings] Trying to find element: By.xpath: //yt-multi-page-menu-section-renderer[@class='style-scope ytd-multi-page-menu-renderer']//yt-formatted-string[@id='label' and text()='Eesti']
2026-03-04 09:28:45.213 [TestNG-test-Yt Master Tests-2] INFO  [verifyingSideMenuCollapsedLangAsInSettings] [verifyingSideMenuCollapsedLangAsInSettings] Element found and ready (attempt 1): By.xpath: //yt-multi-page-menu-section-renderer[@class='style-scope ytd-multi-page-menu-renderer']//yt-formatted-string[@id='label' and text()='Eesti']
2026-03-04 09:28:45.213 [TestNG-test-Yt Master Tests-2] INFO  [verifyingSideMenuCollapsedLangAsInSettings] [verifyingSideMenuCollapsedLangAsInSettings] Trying to find element: By.xpath: //yt-multi-page-menu-section-renderer[@class='style-scope ytd-multi-page-menu-renderer']//yt-formatted-string[@id='label' and text()='Eesti']
2026-03-04 09:28:45.264 [TestNG-test-Yt Master Tests-2] INFO  [verifyingSideMenuCollapsedLangAsInSettings] [verifyingSideMenuCollapsedLangAsInSettings] Element found and ready (attempt 1): By.xpath: //yt-multi-page-menu-section-renderer[@class='style-scope ytd-multi-page-menu-renderer']//yt-formatted-string[@id='label' and text()='Eesti']
2026-03-04 09:28:47.805 [TestNG-test-Yt Master Tests-2] INFO  [verifyingSideMenuCollapsedLangAsInSettings] Clicking settings ellipses button...
2026-03-04 09:28:47.828 [TestNG-test-Yt Master Tests-2] INFO  [verifyingSideMenuCollapsedLangAsInSettings] [verifyingSideMenuCollapsedLangAsInSettings] Trying to find element: By.xpath: //ytd-topbar-menu-button-renderer[@class='style-scope ytd-masthead style-default']
2026-03-04 09:28:47.880 [TestNG-test-Yt Master Tests-2] INFO  [verifyingSideMenuCollapsedLangAsInSettings] [verifyingSideMenuCollapsedLangAsInSettings] Element found and ready (attempt 1): By.xpath: //ytd-topbar-menu-button-renderer[@class='style-scope ytd-masthead style-default']
2026-03-04 09:28:48.065 [TestNG-test-Yt Master Tests-2] INFO  [verifyingSideMenuCollapsedLangAsInSettings] [verifyingSideMenuCollapsedLangAsInSettings] Waiting until element is visible in viewport
2026-03-04 09:28:48.190 [TestNG-test-Yt Master Tests-2] INFO  [verifyingSideMenuCollapsedLangAsInSettings] [verifyingSideMenuCollapsedLangAsInSettings] Capturing screenshot: Filter Applied is Eesti__2026-03-04_092848.jpg
2026-03-04 09:28:48.521 [TestNG-test-Yt Master Tests-2] INFO  [verifyingSideMenuCollapsedLangAsInSettings] [verifyingSideMenuCollapsedLangAsInSettings] Screenshot saved at: test-output/screenshots/Run_2026-03-04_09-24-01/verifyingSideMenuCollapsedLangAsInSettings/Filter Applied is Eesti__2026-03-04_092848.jpg
2026-03-04 09:28:48.521 [TestNG-test-Yt Master Tests-2] INFO  [verifyingSideMenuCollapsedLangAsInSettings] Clicking settings ellipses button...
2026-03-04 09:28:48.543 [TestNG-test-Yt Master Tests-2] INFO  [verifyingSideMenuCollapsedLangAsInSettings] [verifyingSideMenuCollapsedLangAsInSettings] Trying to find element: By.xpath: //ytd-topbar-menu-button-renderer[@class='style-scope ytd-masthead style-default']
2026-03-04 09:28:48.602 [TestNG-test-Yt Master Tests-2] INFO  [verifyingSideMenuCollapsedLangAsInSettings] [verifyingSideMenuCollapsedLangAsInSettings] Element found and ready (attempt 1): By.xpath: //ytd-topbar-menu-button-renderer[@class='style-scope ytd-masthead style-default']
2026-03-04 09:28:48.650 [TestNG-test-Yt Master Tests-2] INFO  [verifyingSideMenuCollapsedLangAsInSettings] getLangAttribute() - locating <html> and reading lang property
2026-03-04 09:28:48.665 [TestNG-test-Yt Master Tests-2] INFO  [verifyingSideMenuCollapsedLangAsInSettings] Language attribute read: et-EE
2026-03-04 09:28:48.665 [TestNG-test-Yt Master Tests-2] INFO  [verifyingSideMenuCollapsedLangAsInSettings] Fetching the side menu in collapsed view
2026-03-04 09:28:48.665 [TestNG-test-Yt Master Tests-2] INFO  [verifyingSideMenuCollapsedLangAsInSettings] [verifyingSideMenuCollapsedLangAsInSettings] Finding elements list: By.xpath: //ytd-mini-guide-renderer[@class='style-scope ytd-app']//ytd-mini-guide-entry-renderer
2026-03-04 09:28:48.727 [TestNG-test-Yt Master Tests-2] INFO  [verifyingSideMenuCollapsedLangAsInSettings] [verifyingSideMenuCollapsedLangAsInSettings] Found 4 ready elements (attempt 1): By.xpath: //ytd-mini-guide-renderer[@class='style-scope ytd-app']//ytd-mini-guide-entry-renderer
2026-03-04 09:28:48.812 [TestNG-test-Yt Master Tests-2] INFO  [verifyingSideMenuCollapsedLangAsInSettings] Clicking settings ellipses button...
2026-03-04 09:28:48.833 [TestNG-test-Yt Master Tests-2] INFO  [verifyingSideMenuCollapsedLangAsInSettings] [verifyingSideMenuCollapsedLangAsInSettings] Trying to find element: By.xpath: //ytd-topbar-menu-button-renderer[@class='style-scope ytd-masthead style-default']
2026-03-04 09:28:48.899 [TestNG-test-Yt Master Tests-2] INFO  [verifyingSideMenuCollapsedLangAsInSettings] [verifyingSideMenuCollapsedLangAsInSettings] Element found and ready (attempt 1): By.xpath: //ytd-topbar-menu-button-renderer[@class='style-scope ytd-masthead style-default']
2026-03-04 09:28:48.958 [TestNG-test-Yt Master Tests-2] INFO  [verifyingSideMenuCollapsedLangAsInSettings] Clicking language dropdown...
2026-03-04 09:28:48.958 [TestNG-test-Yt Master Tests-2] INFO  [verifyingSideMenuCollapsedLangAsInSettings] [verifyingSideMenuCollapsedLangAsInSettings] Trying to find element: By.xpath: (//div[@id='content-icon'])[2]
2026-03-04 09:28:49.541 [TestNG-test-Yt Master Tests-2] INFO  [verifyingSideMenuCollapsedLangAsInSettings] [verifyingSideMenuCollapsedLangAsInSettings] Element found and ready (attempt 1): By.xpath: (//div[@id='content-icon'])[2]
2026-03-04 09:28:49.881 [TestNG-test-Yt Master Tests-2] INFO  [verifyingSideMenuCollapsedLangAsInSettings] Looking for language element with name: English (India)
2026-03-04 09:28:49.881 [TestNG-test-Yt Master Tests-2] INFO  [verifyingSideMenuCollapsedLangAsInSettings] [verifyingSideMenuCollapsedLangAsInSettings] Trying to find element: By.xpath: //yt-multi-page-menu-section-renderer[@class='style-scope ytd-multi-page-menu-renderer']//yt-formatted-string[@id='label' and text()='English (India)']
2026-03-04 09:28:50.010 [TestNG-test-Yt Master Tests-2] INFO  [verifyingSideMenuCollapsedLangAsInSettings] [verifyingSideMenuCollapsedLangAsInSettings] Element found and ready (attempt 1): By.xpath: //yt-multi-page-menu-section-renderer[@class='style-scope ytd-multi-page-menu-renderer']//yt-formatted-string[@id='label' and text()='English (India)']
2026-03-04 09:28:50.011 [TestNG-test-Yt Master Tests-2] INFO  [verifyingSideMenuCollapsedLangAsInSettings] [verifyingSideMenuCollapsedLangAsInSettings] Trying to find element: By.xpath: //yt-multi-page-menu-section-renderer[@class='style-scope ytd-multi-page-menu-renderer']//yt-formatted-string[@id='label' and text()='English (India)']
2026-03-04 09:28:50.063 [TestNG-test-Yt Master Tests-2] INFO  [verifyingSideMenuCollapsedLangAsInSettings] [verifyingSideMenuCollapsedLangAsInSettings] Element found and ready (attempt 1): By.xpath: //yt-multi-page-menu-section-renderer[@class='style-scope ytd-multi-page-menu-renderer']//yt-formatted-string[@id='label' and text()='English (India)']
2026-03-04 09:28:53.248 [TestNG-test-Yt Master Tests-2] INFO  [verifyingSideMenuCollapsedLangAsInSettings] Clicking settings ellipses button...
2026-03-04 09:28:53.406 [TestNG-test-Yt Master Tests-2] INFO  [verifyingSideMenuCollapsedLangAsInSettings] [verifyingSideMenuCollapsedLangAsInSettings] Trying to find element: By.xpath: //ytd-topbar-menu-button-renderer[@class='style-scope ytd-masthead style-default']
2026-03-04 09:28:53.471 [TestNG-test-Yt Master Tests-2] INFO  [verifyingSideMenuCollapsedLangAsInSettings] [verifyingSideMenuCollapsedLangAsInSettings] Element found and ready (attempt 1): By.xpath: //ytd-topbar-menu-button-renderer[@class='style-scope ytd-masthead style-default']
2026-03-04 09:28:54.120 [TestNG-test-Yt Master Tests-2] INFO  [verifyingSideMenuCollapsedLangAsInSettings] [verifyingSideMenuCollapsedLangAsInSettings] Waiting until element is visible in viewport
2026-03-04 09:28:54.159 [TestNG-test-Yt Master Tests-2] INFO  [verifyingSideMenuCollapsedLangAsInSettings] [verifyingSideMenuCollapsedLangAsInSettings] Capturing screenshot: Filter Applied is English (India)__2026-03-04_092854.jpg
2026-03-04 09:28:54.427 [TestNG-test-Yt Master Tests-2] INFO  [verifyingSideMenuCollapsedLangAsInSettings] [verifyingSideMenuCollapsedLangAsInSettings] Screenshot saved at: test-output/screenshots/Run_2026-03-04_09-24-01/verifyingSideMenuCollapsedLangAsInSettings/Filter Applied is English (India)__2026-03-04_092854.jpg
2026-03-04 09:28:54.428 [TestNG-test-Yt Master Tests-2] INFO  [verifyingSideMenuCollapsedLangAsInSettings] Clicking settings ellipses button...
2026-03-04 09:28:54.451 [TestNG-test-Yt Master Tests-2] INFO  [verifyingSideMenuCollapsedLangAsInSettings] [verifyingSideMenuCollapsedLangAsInSettings] Trying to find element: By.xpath: //ytd-topbar-menu-button-renderer[@class='style-scope ytd-masthead style-default']
2026-03-04 09:28:54.503 [TestNG-test-Yt Master Tests-2] INFO  [verifyingSideMenuCollapsedLangAsInSettings] [verifyingSideMenuCollapsedLangAsInSettings] Element found and ready (attempt 1): By.xpath: //ytd-topbar-menu-button-renderer[@class='style-scope ytd-masthead style-default']
2026-03-04 09:28:54.644 [TestNG-test-Yt Master Tests-2] INFO  [verifyingSideMenuCollapsedLangAsInSettings] getLangAttribute() - locating <html> and reading lang property
2026-03-04 09:28:54.664 [TestNG-test-Yt Master Tests-2] INFO  [verifyingSideMenuCollapsedLangAsInSettings] Language attribute read: en-IN
2026-03-04 09:28:54.665 [TestNG-test-Yt Master Tests-2] INFO  [verifyingSideMenuCollapsedLangAsInSettings] Fetching the side menu in collapsed view
2026-03-04 09:28:54.665 [TestNG-test-Yt Master Tests-2] INFO  [verifyingSideMenuCollapsedLangAsInSettings] [verifyingSideMenuCollapsedLangAsInSettings] Finding elements list: By.xpath: //ytd-mini-guide-renderer[@class='style-scope ytd-app']//ytd-mini-guide-entry-renderer
2026-03-04 09:28:54.750 [TestNG-test-Yt Master Tests-2] INFO  [verifyingSideMenuCollapsedLangAsInSettings] [verifyingSideMenuCollapsedLangAsInSettings] Found 4 ready elements (attempt 1): By.xpath: //ytd-mini-guide-renderer[@class='style-scope ytd-app']//ytd-mini-guide-entry-renderer
2026-03-04 09:28:54.924 [TestNG-test-Yt Master Tests-2] INFO  [verifyingSideMenuCollapsedLangAsInSettings] Clicking settings ellipses button...
2026-03-04 09:28:55.006 [TestNG-test-Yt Master Tests-2] INFO  [verifyingSideMenuCollapsedLangAsInSettings] [verifyingSideMenuCollapsedLangAsInSettings] Trying to find element: By.xpath: //ytd-topbar-menu-button-renderer[@class='style-scope ytd-masthead style-default']
2026-03-04 09:28:55.227 [TestNG-test-Yt Master Tests-2] INFO  [verifyingSideMenuCollapsedLangAsInSettings] [verifyingSideMenuCollapsedLangAsInSettings] Element found and ready (attempt 1): By.xpath: //ytd-topbar-menu-button-renderer[@class='style-scope ytd-masthead style-default']
2026-03-04 09:28:55.439 [TestNG-test-Yt Master Tests-2] INFO  [verifyingSideMenuCollapsedLangAsInSettings] Clicking language dropdown...
2026-03-04 09:28:55.439 [TestNG-test-Yt Master Tests-2] INFO  [verifyingSideMenuCollapsedLangAsInSettings] [verifyingSideMenuCollapsedLangAsInSettings] Trying to find element: By.xpath: (//div[@id='content-icon'])[2]
2026-03-04 09:28:55.651 [TestNG-test-Yt Master Tests-2] INFO  [verifyingSideMenuCollapsedLangAsInSettings] [verifyingSideMenuCollapsedLangAsInSettings] Element found and ready (attempt 1): By.xpath: (//div[@id='content-icon'])[2]
2026-03-04 09:28:56.044 [TestNG-test-Yt Master Tests-2] INFO  [verifyingSideMenuCollapsedLangAsInSettings] Test PASSED: verifyingSideMenuCollapsedLangAsInSettings
2026-03-04 09:28:56.044 [TestNG-test-Yt Master Tests-2] INFO  [verifyingSideMenuCollapsedLangAsInSettings] Closing WebDriver for thread: 35
2026-03-04 09:28:56.517 [TestNG-test-Yt Master Tests-2] INFO  [verifyingSideMenuCollapsedLangAsInSettings] WebDriver instance removed from ThreadLocal for thread: 35
2026-03-04 09:28:56.518 [TestNG-test-Yt Master Tests-2] INFO  [verifyingSideMenuCollapsedLangAsInSettings] Driver closed for test: verifyingSideMenuCollapsedLangAsInSettings
