17:23:31 [TestNG-test-Yt Master Tests-1] INFO  verifyingSettingOptionsLang_17-23-31 - No existing WebDriver found for current thread. Initializing a new ChromeDriver...
17:23:32 [TestNG-test-Yt Master Tests-1] INFO  verifyingSettingOptionsLang_17-23-31 - WebDriverManager: chromedriver setup OK
17:23:35 [TestNG-test-Yt Master Tests-1] INFO  verifyingSettingOptionsLang_17-23-31 - ChromeDriver initialized successfully for thread: 34
17:23:35 [TestNG-test-Yt Master Tests-1] INFO  verifyingSettingOptionsLang_17-23-31 - SafeActions initialized with driver ChromeDriver: chrome on windows (69e45faad4ffb7e81b2efc98a278b6b2)
17:23:35 [TestNG-test-Yt Master Tests-1] INFO  verifyingSettingOptionsLang_17-23-31 - Initialized YtLandingPage with driver: ChromeDriver: chrome on windows (69e45faad4ffb7e81b2efc98a278b6b2)
17:23:35 [TestNG-test-Yt Master Tests-1] INFO  verifyingSettingOptionsLang_17-23-31 - SafeActions initialized with driver ChromeDriver: chrome on windows (69e45faad4ffb7e81b2efc98a278b6b2)
17:23:47 [TestNG-test-Yt Master Tests-1] INFO  verifyingSettingOptionsLang_17-23-31 - Opened YouTube landing page.
17:23:47 [TestNG-test-Yt Master Tests-1] INFO  verifyingSettingOptionsLang_17-23-31 - Clicking settings ellipses button...
17:23:47 [TestNG-test-Yt Master Tests-1] INFO  verifyingSettingOptionsLang_17-23-31 - [verifyingSettingOptionsLang_17-23-31] Trying to find element: By.xpath: //ytd-topbar-menu-button-renderer[@class='style-scope ytd-masthead style-default']
17:23:47 [TestNG-test-Yt Master Tests-1] INFO  verifyingSettingOptionsLang_17-23-31 - [verifyingSettingOptionsLang_17-23-31] Element found and ready (attempt 1): By.xpath: //ytd-topbar-menu-button-renderer[@class='style-scope ytd-masthead style-default']
17:23:47 [TestNG-test-Yt Master Tests-1] INFO  verifyingSettingOptionsLang_17-23-31 - Clicking language dropdown...
17:23:47 [TestNG-test-Yt Master Tests-1] INFO  verifyingSettingOptionsLang_17-23-31 - [verifyingSettingOptionsLang_17-23-31] Trying to find element: By.xpath: (//div[@id='content-icon'])[2]
17:23:48 [TestNG-test-Yt Master Tests-1] INFO  verifyingSettingOptionsLang_17-23-31 - [verifyingSettingOptionsLang_17-23-31] Element found and ready (attempt 1): By.xpath: (//div[@id='content-icon'])[2]
17:23:48 [TestNG-test-Yt Master Tests-1] INFO  verifyingSettingOptionsLang_17-23-31 - [verifyingSettingOptionsLang_17-23-31] Execution is Not CRON Job Hence referring to normal keys from UtilData
17:23:48 [TestNG-test-Yt Master Tests-1] INFO  verifyingSettingOptionsLang_17-23-31 - [verifyingSettingOptionsLang_17-23-31] Row count is == 10
17:23:48 [TestNG-test-Yt Master Tests-1] INFO  verifyingSettingOptionsLang_17-23-31 - Looking for language element with name: Afrikaans
17:23:48 [TestNG-test-Yt Master Tests-1] INFO  verifyingSettingOptionsLang_17-23-31 - [verifyingSettingOptionsLang_17-23-31] Trying to find element: By.xpath: //yt-multi-page-menu-section-renderer[@class='style-scope ytd-multi-page-menu-renderer']//yt-formatted-string[@id='label' and text()='Afrikaans']
17:23:48 [TestNG-test-Yt Master Tests-1] INFO  verifyingSettingOptionsLang_17-23-31 - [verifyingSettingOptionsLang_17-23-31] Element found and ready (attempt 1): By.xpath: //yt-multi-page-menu-section-renderer[@class='style-scope ytd-multi-page-menu-renderer']//yt-formatted-string[@id='label' and text()='Afrikaans']
17:23:48 [TestNG-test-Yt Master Tests-1] INFO  verifyingSettingOptionsLang_17-23-31 - [verifyingSettingOptionsLang_17-23-31] Trying to find element: By.xpath: //yt-multi-page-menu-section-renderer[@class='style-scope ytd-multi-page-menu-renderer']//yt-formatted-string[@id='label' and text()='Afrikaans']
17:23:48 [TestNG-test-Yt Master Tests-1] INFO  verifyingSettingOptionsLang_17-23-31 - [verifyingSettingOptionsLang_17-23-31] Element found and ready (attempt 1): By.xpath: //yt-multi-page-menu-section-renderer[@class='style-scope ytd-multi-page-menu-renderer']//yt-formatted-string[@id='label' and text()='Afrikaans']
17:23:53 [TestNG-test-Yt Master Tests-1] INFO  verifyingSettingOptionsLang_17-23-31 - Clicking settings ellipses button...
17:23:53 [TestNG-test-Yt Master Tests-1] INFO  verifyingSettingOptionsLang_17-23-31 - [verifyingSettingOptionsLang_17-23-31] Trying to find element: By.xpath: //ytd-topbar-menu-button-renderer[@class='style-scope ytd-masthead style-default']
17:23:53 [TestNG-test-Yt Master Tests-1] INFO  verifyingSettingOptionsLang_17-23-31 - [verifyingSettingOptionsLang_17-23-31] Element found and ready (attempt 1): By.xpath: //ytd-topbar-menu-button-renderer[@class='style-scope ytd-masthead style-default']
17:23:53 [TestNG-test-Yt Master Tests-1] INFO  verifyingSettingOptionsLang_17-23-31 - [verifyingSettingOptionsLang_17-23-31] Waiting until element is visible in viewport
17:23:54 [TestNG-test-Yt Master Tests-1] INFO  verifyingSettingOptionsLang_17-23-31 - Clicking settings ellipses button...
17:23:54 [TestNG-test-Yt Master Tests-1] INFO  verifyingSettingOptionsLang_17-23-31 - [verifyingSettingOptionsLang_17-23-31] Trying to find element: By.xpath: //ytd-topbar-menu-button-renderer[@class='style-scope ytd-masthead style-default']
17:23:54 [TestNG-test-Yt Master Tests-1] INFO  verifyingSettingOptionsLang_17-23-31 - [verifyingSettingOptionsLang_17-23-31] Element found and ready (attempt 1): By.xpath: //ytd-topbar-menu-button-renderer[@class='style-scope ytd-masthead style-default']
17:23:54 [TestNG-test-Yt Master Tests-1] INFO  verifyingSettingOptionsLang_17-23-31 - Clicking settings ellipses button...
17:23:54 [TestNG-test-Yt Master Tests-1] INFO  verifyingSettingOptionsLang_17-23-31 - [verifyingSettingOptionsLang_17-23-31] Trying to find element: By.xpath: //ytd-topbar-menu-button-renderer[@class='style-scope ytd-masthead style-default']
17:23:54 [TestNG-test-Yt Master Tests-1] INFO  verifyingSettingOptionsLang_17-23-31 - [verifyingSettingOptionsLang_17-23-31] Element found and ready (attempt 1): By.xpath: //ytd-topbar-menu-button-renderer[@class='style-scope ytd-masthead style-default']
17:23:54 [TestNG-test-Yt Master Tests-1] INFO  verifyingSettingOptionsLang_17-23-31 - Getting the setting ellipses options
17:23:54 [TestNG-test-Yt Master Tests-1] INFO  verifyingSettingOptionsLang_17-23-31 - [verifyingSettingOptionsLang_17-23-31] Trying to find element: By.xpath: //ytd-multi-page-menu-renderer
17:23:54 [TestNG-test-Yt Master Tests-1] INFO  verifyingSettingOptionsLang_17-23-31 - [verifyingSettingOptionsLang_17-23-31] Element found and ready (attempt 1): By.xpath: //ytd-multi-page-menu-renderer
17:23:54 [TestNG-test-Yt Master Tests-1] INFO  verifyingSettingOptionsLang_17-23-31 - Clicking settings ellipses button...
17:23:54 [TestNG-test-Yt Master Tests-1] INFO  verifyingSettingOptionsLang_17-23-31 - [verifyingSettingOptionsLang_17-23-31] Trying to find element: By.xpath: //ytd-topbar-menu-button-renderer[@class='style-scope ytd-masthead style-default']
17:23:55 [TestNG-test-Yt Master Tests-1] INFO  verifyingSettingOptionsLang_17-23-31 - [verifyingSettingOptionsLang_17-23-31] Element found and ready (attempt 1): By.xpath: //ytd-topbar-menu-button-renderer[@class='style-scope ytd-masthead style-default']
17:23:55 [TestNG-test-Yt Master Tests-1] INFO  verifyingSettingOptionsLang_17-23-31 - 
========== LANGUAGE DETECTION ==========
Detected Language : AFRIKAANS
Input Text        : Jou data in YouTube
Voorkoms: Lig
Vertoontaal:
Afrikaans
Beperkmodus: Af
Ligging:
Verenigde State
Kortpadsleutels
Instellings
Hulp
Stuur terugvoer
========================================
17:23:55 [TestNG-test-Yt Master Tests-1] INFO  verifyingSettingOptionsLang_17-23-31 - getLangAttribute() - locating <html> and reading lang property
17:23:55 [TestNG-test-Yt Master Tests-1] INFO  verifyingSettingOptionsLang_17-23-31 - Language attribute read: af-ZA
17:23:55 [TestNG-test-Yt Master Tests-1] INFO  verifyingSettingOptionsLang_17-23-31 - Clicking settings ellipses button...
17:23:55 [TestNG-test-Yt Master Tests-1] INFO  verifyingSettingOptionsLang_17-23-31 - [verifyingSettingOptionsLang_17-23-31] Trying to find element: By.xpath: //ytd-topbar-menu-button-renderer[@class='style-scope ytd-masthead style-default']
17:23:55 [TestNG-test-Yt Master Tests-1] INFO  verifyingSettingOptionsLang_17-23-31 - [verifyingSettingOptionsLang_17-23-31] Element found and ready (attempt 1): By.xpath: //ytd-topbar-menu-button-renderer[@class='style-scope ytd-masthead style-default']
17:23:55 [TestNG-test-Yt Master Tests-1] INFO  verifyingSettingOptionsLang_17-23-31 - Clicking language dropdown...
17:23:55 [TestNG-test-Yt Master Tests-1] INFO  verifyingSettingOptionsLang_17-23-31 - [verifyingSettingOptionsLang_17-23-31] Trying to find element: By.xpath: (//div[@id='content-icon'])[2]
17:23:57 [TestNG-test-Yt Master Tests-1] INFO  verifyingSettingOptionsLang_17-23-31 - [verifyingSettingOptionsLang_17-23-31] Element found and ready (attempt 1): By.xpath: (//div[@id='content-icon'])[2]
17:23:57 [TestNG-test-Yt Master Tests-1] INFO  verifyingSettingOptionsLang_17-23-31 - Looking for language element with name: Azərbaycan
17:23:57 [TestNG-test-Yt Master Tests-1] INFO  verifyingSettingOptionsLang_17-23-31 - [verifyingSettingOptionsLang_17-23-31] Trying to find element: By.xpath: //yt-multi-page-menu-section-renderer[@class='style-scope ytd-multi-page-menu-renderer']//yt-formatted-string[@id='label' and text()='Azərbaycan']
17:23:57 [TestNG-test-Yt Master Tests-1] INFO  verifyingSettingOptionsLang_17-23-31 - [verifyingSettingOptionsLang_17-23-31] Element found and ready (attempt 1): By.xpath: //yt-multi-page-menu-section-renderer[@class='style-scope ytd-multi-page-menu-renderer']//yt-formatted-string[@id='label' and text()='Azərbaycan']
17:23:57 [TestNG-test-Yt Master Tests-1] INFO  verifyingSettingOptionsLang_17-23-31 - [verifyingSettingOptionsLang_17-23-31] Trying to find element: By.xpath: //yt-multi-page-menu-section-renderer[@class='style-scope ytd-multi-page-menu-renderer']//yt-formatted-string[@id='label' and text()='Azərbaycan']
17:23:57 [TestNG-test-Yt Master Tests-1] INFO  verifyingSettingOptionsLang_17-23-31 - [verifyingSettingOptionsLang_17-23-31] Element found and ready (attempt 1): By.xpath: //yt-multi-page-menu-section-renderer[@class='style-scope ytd-multi-page-menu-renderer']//yt-formatted-string[@id='label' and text()='Azərbaycan']
17:23:59 [TestNG-test-Yt Master Tests-1] INFO  verifyingSettingOptionsLang_17-23-31 - Clicking settings ellipses button...
17:23:59 [TestNG-test-Yt Master Tests-1] INFO  verifyingSettingOptionsLang_17-23-31 - [verifyingSettingOptionsLang_17-23-31] Trying to find element: By.xpath: //ytd-topbar-menu-button-renderer[@class='style-scope ytd-masthead style-default']
17:23:59 [TestNG-test-Yt Master Tests-1] INFO  verifyingSettingOptionsLang_17-23-31 - [verifyingSettingOptionsLang_17-23-31] Element found and ready (attempt 1): By.xpath: //ytd-topbar-menu-button-renderer[@class='style-scope ytd-masthead style-default']
17:23:59 [TestNG-test-Yt Master Tests-1] INFO  verifyingSettingOptionsLang_17-23-31 - [verifyingSettingOptionsLang_17-23-31] Waiting until element is visible in viewport
17:24:00 [TestNG-test-Yt Master Tests-1] INFO  verifyingSettingOptionsLang_17-23-31 - Clicking settings ellipses button...
17:24:00 [TestNG-test-Yt Master Tests-1] INFO  verifyingSettingOptionsLang_17-23-31 - [verifyingSettingOptionsLang_17-23-31] Trying to find element: By.xpath: //ytd-topbar-menu-button-renderer[@class='style-scope ytd-masthead style-default']
17:24:00 [TestNG-test-Yt Master Tests-1] INFO  verifyingSettingOptionsLang_17-23-31 - [verifyingSettingOptionsLang_17-23-31] Element found and ready (attempt 1): By.xpath: //ytd-topbar-menu-button-renderer[@class='style-scope ytd-masthead style-default']
17:24:00 [TestNG-test-Yt Master Tests-1] INFO  verifyingSettingOptionsLang_17-23-31 - Clicking settings ellipses button...
17:24:00 [TestNG-test-Yt Master Tests-1] INFO  verifyingSettingOptionsLang_17-23-31 - [verifyingSettingOptionsLang_17-23-31] Trying to find element: By.xpath: //ytd-topbar-menu-button-renderer[@class='style-scope ytd-masthead style-default']
17:24:01 [TestNG-test-Yt Master Tests-1] INFO  verifyingSettingOptionsLang_17-23-31 - [verifyingSettingOptionsLang_17-23-31] Element found and ready (attempt 1): By.xpath: //ytd-topbar-menu-button-renderer[@class='style-scope ytd-masthead style-default']
17:24:01 [TestNG-test-Yt Master Tests-1] INFO  verifyingSettingOptionsLang_17-23-31 - Getting the setting ellipses options
17:24:01 [TestNG-test-Yt Master Tests-1] INFO  verifyingSettingOptionsLang_17-23-31 - [verifyingSettingOptionsLang_17-23-31] Trying to find element: By.xpath: //ytd-multi-page-menu-renderer
17:24:01 [TestNG-test-Yt Master Tests-1] INFO  verifyingSettingOptionsLang_17-23-31 - [verifyingSettingOptionsLang_17-23-31] Element found and ready (attempt 1): By.xpath: //ytd-multi-page-menu-renderer
17:24:01 [TestNG-test-Yt Master Tests-1] INFO  verifyingSettingOptionsLang_17-23-31 - Clicking settings ellipses button...
17:24:01 [TestNG-test-Yt Master Tests-1] INFO  verifyingSettingOptionsLang_17-23-31 - [verifyingSettingOptionsLang_17-23-31] Trying to find element: By.xpath: //ytd-topbar-menu-button-renderer[@class='style-scope ytd-masthead style-default']
17:24:01 [TestNG-test-Yt Master Tests-1] INFO  verifyingSettingOptionsLang_17-23-31 - [verifyingSettingOptionsLang_17-23-31] Element found and ready (attempt 1): By.xpath: //ytd-topbar-menu-button-renderer[@class='style-scope ytd-masthead style-default']
17:24:01 [TestNG-test-Yt Master Tests-1] INFO  verifyingSettingOptionsLang_17-23-31 - 
========== LANGUAGE DETECTION ==========
Detected Language : AZERBAIJANI
Input Text        : YouTube Datanız
Görünüş: Açıq
Displey dili:
azərbaycan
Limitli Rejim: Deaktiv
Məkan:
Amerika Birləşmiş Ştatları
Klaviatura qısayolları
Ayarlar
Yardım
Rəy göndərin
========================================
17:24:01 [TestNG-test-Yt Master Tests-1] INFO  verifyingSettingOptionsLang_17-23-31 - getLangAttribute() - locating <html> and reading lang property
17:24:01 [TestNG-test-Yt Master Tests-1] INFO  verifyingSettingOptionsLang_17-23-31 - Language attribute read: az-Latn-AZ
17:24:01 [TestNG-test-Yt Master Tests-1] INFO  verifyingSettingOptionsLang_17-23-31 - Clicking settings ellipses button...
17:24:01 [TestNG-test-Yt Master Tests-1] INFO  verifyingSettingOptionsLang_17-23-31 - [verifyingSettingOptionsLang_17-23-31] Trying to find element: By.xpath: //ytd-topbar-menu-button-renderer[@class='style-scope ytd-masthead style-default']
17:24:02 [TestNG-test-Yt Master Tests-1] INFO  verifyingSettingOptionsLang_17-23-31 - [verifyingSettingOptionsLang_17-23-31] Element found and ready (attempt 1): By.xpath: //ytd-topbar-menu-button-renderer[@class='style-scope ytd-masthead style-default']
17:24:02 [TestNG-test-Yt Master Tests-1] INFO  verifyingSettingOptionsLang_17-23-31 - Clicking language dropdown...
17:24:02 [TestNG-test-Yt Master Tests-1] INFO  verifyingSettingOptionsLang_17-23-31 - [verifyingSettingOptionsLang_17-23-31] Trying to find element: By.xpath: (//div[@id='content-icon'])[2]
17:24:02 [TestNG-test-Yt Master Tests-1] INFO  verifyingSettingOptionsLang_17-23-31 - [verifyingSettingOptionsLang_17-23-31] Element found and ready (attempt 1): By.xpath: (//div[@id='content-icon'])[2]
17:24:03 [TestNG-test-Yt Master Tests-1] INFO  verifyingSettingOptionsLang_17-23-31 - Looking for language element with name: Bahasa Indonesia
17:24:03 [TestNG-test-Yt Master Tests-1] INFO  verifyingSettingOptionsLang_17-23-31 - [verifyingSettingOptionsLang_17-23-31] Trying to find element: By.xpath: //yt-multi-page-menu-section-renderer[@class='style-scope ytd-multi-page-menu-renderer']//yt-formatted-string[@id='label' and text()='Bahasa Indonesia']
17:24:03 [TestNG-test-Yt Master Tests-1] INFO  verifyingSettingOptionsLang_17-23-31 - [verifyingSettingOptionsLang_17-23-31] Element found and ready (attempt 1): By.xpath: //yt-multi-page-menu-section-renderer[@class='style-scope ytd-multi-page-menu-renderer']//yt-formatted-string[@id='label' and text()='Bahasa Indonesia']
17:24:03 [TestNG-test-Yt Master Tests-1] INFO  verifyingSettingOptionsLang_17-23-31 - [verifyingSettingOptionsLang_17-23-31] Trying to find element: By.xpath: //yt-multi-page-menu-section-renderer[@class='style-scope ytd-multi-page-menu-renderer']//yt-formatted-string[@id='label' and text()='Bahasa Indonesia']
17:24:03 [TestNG-test-Yt Master Tests-1] INFO  verifyingSettingOptionsLang_17-23-31 - [verifyingSettingOptionsLang_17-23-31] Element found and ready (attempt 1): By.xpath: //yt-multi-page-menu-section-renderer[@class='style-scope ytd-multi-page-menu-renderer']//yt-formatted-string[@id='label' and text()='Bahasa Indonesia']
17:24:06 [TestNG-test-Yt Master Tests-1] INFO  verifyingSettingOptionsLang_17-23-31 - Clicking settings ellipses button...
17:24:06 [TestNG-test-Yt Master Tests-1] INFO  verifyingSettingOptionsLang_17-23-31 - [verifyingSettingOptionsLang_17-23-31] Trying to find element: By.xpath: //ytd-topbar-menu-button-renderer[@class='style-scope ytd-masthead style-default']
17:24:06 [TestNG-test-Yt Master Tests-1] INFO  verifyingSettingOptionsLang_17-23-31 - [verifyingSettingOptionsLang_17-23-31] Element found and ready (attempt 1): By.xpath: //ytd-topbar-menu-button-renderer[@class='style-scope ytd-masthead style-default']
17:24:06 [TestNG-test-Yt Master Tests-1] INFO  verifyingSettingOptionsLang_17-23-31 - [verifyingSettingOptionsLang_17-23-31] Waiting until element is visible in viewport
17:24:07 [TestNG-test-Yt Master Tests-1] INFO  verifyingSettingOptionsLang_17-23-31 - Clicking settings ellipses button...
17:24:07 [TestNG-test-Yt Master Tests-1] INFO  verifyingSettingOptionsLang_17-23-31 - [verifyingSettingOptionsLang_17-23-31] Trying to find element: By.xpath: //ytd-topbar-menu-button-renderer[@class='style-scope ytd-masthead style-default']
17:24:07 [TestNG-test-Yt Master Tests-1] INFO  verifyingSettingOptionsLang_17-23-31 - [verifyingSettingOptionsLang_17-23-31] Element found and ready (attempt 1): By.xpath: //ytd-topbar-menu-button-renderer[@class='style-scope ytd-masthead style-default']
17:24:07 [TestNG-test-Yt Master Tests-1] INFO  verifyingSettingOptionsLang_17-23-31 - Clicking settings ellipses button...
17:24:07 [TestNG-test-Yt Master Tests-1] INFO  verifyingSettingOptionsLang_17-23-31 - [verifyingSettingOptionsLang_17-23-31] Trying to find element: By.xpath: //ytd-topbar-menu-button-renderer[@class='style-scope ytd-masthead style-default']
17:24:08 [TestNG-test-Yt Master Tests-1] INFO  verifyingSettingOptionsLang_17-23-31 - [verifyingSettingOptionsLang_17-23-31] Element found and ready (attempt 1): By.xpath: //ytd-topbar-menu-button-renderer[@class='style-scope ytd-masthead style-default']
17:24:08 [TestNG-test-Yt Master Tests-1] INFO  verifyingSettingOptionsLang_17-23-31 - Getting the setting ellipses options
17:24:08 [TestNG-test-Yt Master Tests-1] INFO  verifyingSettingOptionsLang_17-23-31 - [verifyingSettingOptionsLang_17-23-31] Trying to find element: By.xpath: //ytd-multi-page-menu-renderer
17:24:08 [TestNG-test-Yt Master Tests-1] INFO  verifyingSettingOptionsLang_17-23-31 - [verifyingSettingOptionsLang_17-23-31] Element found and ready (attempt 1): By.xpath: //ytd-multi-page-menu-renderer
17:24:08 [TestNG-test-Yt Master Tests-1] INFO  verifyingSettingOptionsLang_17-23-31 - Clicking settings ellipses button...
17:24:08 [TestNG-test-Yt Master Tests-1] INFO  verifyingSettingOptionsLang_17-23-31 - [verifyingSettingOptionsLang_17-23-31] Trying to find element: By.xpath: //ytd-topbar-menu-button-renderer[@class='style-scope ytd-masthead style-default']
17:24:08 [TestNG-test-Yt Master Tests-1] INFO  verifyingSettingOptionsLang_17-23-31 - [verifyingSettingOptionsLang_17-23-31] Element found and ready (attempt 1): By.xpath: //ytd-topbar-menu-button-renderer[@class='style-scope ytd-masthead style-default']
17:24:08 [TestNG-test-Yt Master Tests-1] INFO  verifyingSettingOptionsLang_17-23-31 - 
========== LANGUAGE DETECTION ==========
Detected Language : INDONESIAN
Input Text        : Data Anda di YouTube
Tampilan: Terang
Bahasa tampilan:
Indonesia
Mode Terbatas: Nonaktif
Lokasi:
Amerika Serikat
Pintasan keyboard
Setelan
Bantuan
Kirim masukan
========================================
17:24:08 [TestNG-test-Yt Master Tests-1] INFO  verifyingSettingOptionsLang_17-23-31 - getLangAttribute() - locating <html> and reading lang property
17:24:08 [TestNG-test-Yt Master Tests-1] INFO  verifyingSettingOptionsLang_17-23-31 - Language attribute read: id-ID
17:24:08 [TestNG-test-Yt Master Tests-1] INFO  verifyingSettingOptionsLang_17-23-31 - Clicking settings ellipses button...
17:24:08 [TestNG-test-Yt Master Tests-1] INFO  verifyingSettingOptionsLang_17-23-31 - [verifyingSettingOptionsLang_17-23-31] Trying to find element: By.xpath: //ytd-topbar-menu-button-renderer[@class='style-scope ytd-masthead style-default']
17:24:08 [TestNG-test-Yt Master Tests-1] INFO  verifyingSettingOptionsLang_17-23-31 - [verifyingSettingOptionsLang_17-23-31] Element found and ready (attempt 1): By.xpath: //ytd-topbar-menu-button-renderer[@class='style-scope ytd-masthead style-default']
17:24:08 [TestNG-test-Yt Master Tests-1] INFO  verifyingSettingOptionsLang_17-23-31 - Clicking language dropdown...
17:24:08 [TestNG-test-Yt Master Tests-1] INFO  verifyingSettingOptionsLang_17-23-31 - [verifyingSettingOptionsLang_17-23-31] Trying to find element: By.xpath: (//div[@id='content-icon'])[2]
17:24:09 [TestNG-test-Yt Master Tests-1] INFO  verifyingSettingOptionsLang_17-23-31 - [verifyingSettingOptionsLang_17-23-31] Element found and ready (attempt 1): By.xpath: (//div[@id='content-icon'])[2]
17:24:09 [TestNG-test-Yt Master Tests-1] INFO  verifyingSettingOptionsLang_17-23-31 - Looking for language element with name: Bosanski
17:24:09 [TestNG-test-Yt Master Tests-1] INFO  verifyingSettingOptionsLang_17-23-31 - [verifyingSettingOptionsLang_17-23-31] Trying to find element: By.xpath: //yt-multi-page-menu-section-renderer[@class='style-scope ytd-multi-page-menu-renderer']//yt-formatted-string[@id='label' and text()='Bosanski']
17:24:09 [TestNG-test-Yt Master Tests-1] INFO  verifyingSettingOptionsLang_17-23-31 - [verifyingSettingOptionsLang_17-23-31] Element found and ready (attempt 1): By.xpath: //yt-multi-page-menu-section-renderer[@class='style-scope ytd-multi-page-menu-renderer']//yt-formatted-string[@id='label' and text()='Bosanski']
17:24:09 [TestNG-test-Yt Master Tests-1] INFO  verifyingSettingOptionsLang_17-23-31 - [verifyingSettingOptionsLang_17-23-31] Trying to find element: By.xpath: //yt-multi-page-menu-section-renderer[@class='style-scope ytd-multi-page-menu-renderer']//yt-formatted-string[@id='label' and text()='Bosanski']
17:24:09 [TestNG-test-Yt Master Tests-1] INFO  verifyingSettingOptionsLang_17-23-31 - [verifyingSettingOptionsLang_17-23-31] Element found and ready (attempt 1): By.xpath: //yt-multi-page-menu-section-renderer[@class='style-scope ytd-multi-page-menu-renderer']//yt-formatted-string[@id='label' and text()='Bosanski']
17:24:12 [TestNG-test-Yt Master Tests-1] INFO  verifyingSettingOptionsLang_17-23-31 - Clicking settings ellipses button...
17:24:12 [TestNG-test-Yt Master Tests-1] INFO  verifyingSettingOptionsLang_17-23-31 - [verifyingSettingOptionsLang_17-23-31] Trying to find element: By.xpath: //ytd-topbar-menu-button-renderer[@class='style-scope ytd-masthead style-default']
17:24:12 [TestNG-test-Yt Master Tests-1] INFO  verifyingSettingOptionsLang_17-23-31 - [verifyingSettingOptionsLang_17-23-31] Element found and ready (attempt 1): By.xpath: //ytd-topbar-menu-button-renderer[@class='style-scope ytd-masthead style-default']
17:24:13 [TestNG-test-Yt Master Tests-1] INFO  verifyingSettingOptionsLang_17-23-31 - [verifyingSettingOptionsLang_17-23-31] Waiting until element is visible in viewport
17:24:14 [TestNG-test-Yt Master Tests-1] INFO  verifyingSettingOptionsLang_17-23-31 - Clicking settings ellipses button...
17:24:14 [TestNG-test-Yt Master Tests-1] INFO  verifyingSettingOptionsLang_17-23-31 - [verifyingSettingOptionsLang_17-23-31] Trying to find element: By.xpath: //ytd-topbar-menu-button-renderer[@class='style-scope ytd-masthead style-default']
17:24:14 [TestNG-test-Yt Master Tests-1] INFO  verifyingSettingOptionsLang_17-23-31 - [verifyingSettingOptionsLang_17-23-31] Element found and ready (attempt 1): By.xpath: //ytd-topbar-menu-button-renderer[@class='style-scope ytd-masthead style-default']
17:24:14 [TestNG-test-Yt Master Tests-1] INFO  verifyingSettingOptionsLang_17-23-31 - Clicking settings ellipses button...
17:24:14 [TestNG-test-Yt Master Tests-1] INFO  verifyingSettingOptionsLang_17-23-31 - [verifyingSettingOptionsLang_17-23-31] Trying to find element: By.xpath: //ytd-topbar-menu-button-renderer[@class='style-scope ytd-masthead style-default']
17:24:14 [TestNG-test-Yt Master Tests-1] INFO  verifyingSettingOptionsLang_17-23-31 - [verifyingSettingOptionsLang_17-23-31] Element found and ready (attempt 1): By.xpath: //ytd-topbar-menu-button-renderer[@class='style-scope ytd-masthead style-default']
17:24:14 [TestNG-test-Yt Master Tests-1] INFO  verifyingSettingOptionsLang_17-23-31 - Getting the setting ellipses options
17:24:14 [TestNG-test-Yt Master Tests-1] INFO  verifyingSettingOptionsLang_17-23-31 - [verifyingSettingOptionsLang_17-23-31] Trying to find element: By.xpath: //ytd-multi-page-menu-renderer
17:24:14 [TestNG-test-Yt Master Tests-1] INFO  verifyingSettingOptionsLang_17-23-31 - [verifyingSettingOptionsLang_17-23-31] Element found and ready (attempt 1): By.xpath: //ytd-multi-page-menu-renderer
17:24:14 [TestNG-test-Yt Master Tests-1] INFO  verifyingSettingOptionsLang_17-23-31 - Clicking settings ellipses button...
17:24:14 [TestNG-test-Yt Master Tests-1] INFO  verifyingSettingOptionsLang_17-23-31 - [verifyingSettingOptionsLang_17-23-31] Trying to find element: By.xpath: //ytd-topbar-menu-button-renderer[@class='style-scope ytd-masthead style-default']
17:24:14 [TestNG-test-Yt Master Tests-1] INFO  verifyingSettingOptionsLang_17-23-31 - [verifyingSettingOptionsLang_17-23-31] Element found and ready (attempt 1): By.xpath: //ytd-topbar-menu-button-renderer[@class='style-scope ytd-masthead style-default']
17:24:14 [TestNG-test-Yt Master Tests-1] INFO  verifyingSettingOptionsLang_17-23-31 - 
========== LANGUAGE DETECTION ==========
Detected Language : BOSNIAN
Input Text        : Vaši podaci na YouTubeu
Izgled: svijetla tema
Jezik prikaza:
bosanski
Ograničeni način rada: isključeno
Lokacija:
Sjedinjene Američke Države
Prečice na tastaturi
Postavke
Pomoć
Pošaljite povratne informacije
========================================
17:24:14 [TestNG-test-Yt Master Tests-1] INFO  verifyingSettingOptionsLang_17-23-31 - getLangAttribute() - locating <html> and reading lang property
17:24:14 [TestNG-test-Yt Master Tests-1] INFO  verifyingSettingOptionsLang_17-23-31 - Language attribute read: bs-Latn-BA
17:24:14 [TestNG-test-Yt Master Tests-1] INFO  verifyingSettingOptionsLang_17-23-31 - Clicking settings ellipses button...
17:24:14 [TestNG-test-Yt Master Tests-1] INFO  verifyingSettingOptionsLang_17-23-31 - [verifyingSettingOptionsLang_17-23-31] Trying to find element: By.xpath: //ytd-topbar-menu-button-renderer[@class='style-scope ytd-masthead style-default']
17:24:14 [TestNG-test-Yt Master Tests-1] INFO  verifyingSettingOptionsLang_17-23-31 - [verifyingSettingOptionsLang_17-23-31] Element found and ready (attempt 1): By.xpath: //ytd-topbar-menu-button-renderer[@class='style-scope ytd-masthead style-default']
17:24:15 [TestNG-test-Yt Master Tests-1] INFO  verifyingSettingOptionsLang_17-23-31 - Clicking language dropdown...
17:24:15 [TestNG-test-Yt Master Tests-1] INFO  verifyingSettingOptionsLang_17-23-31 - [verifyingSettingOptionsLang_17-23-31] Trying to find element: By.xpath: (//div[@id='content-icon'])[2]
17:24:15 [TestNG-test-Yt Master Tests-1] INFO  verifyingSettingOptionsLang_17-23-31 - [verifyingSettingOptionsLang_17-23-31] Element found and ready (attempt 1): By.xpath: (//div[@id='content-icon'])[2]
17:24:16 [TestNG-test-Yt Master Tests-1] INFO  verifyingSettingOptionsLang_17-23-31 - Looking for language element with name: Català
17:24:16 [TestNG-test-Yt Master Tests-1] INFO  verifyingSettingOptionsLang_17-23-31 - [verifyingSettingOptionsLang_17-23-31] Trying to find element: By.xpath: //yt-multi-page-menu-section-renderer[@class='style-scope ytd-multi-page-menu-renderer']//yt-formatted-string[@id='label' and text()='Català']
17:24:16 [TestNG-test-Yt Master Tests-1] INFO  verifyingSettingOptionsLang_17-23-31 - [verifyingSettingOptionsLang_17-23-31] Element found and ready (attempt 1): By.xpath: //yt-multi-page-menu-section-renderer[@class='style-scope ytd-multi-page-menu-renderer']//yt-formatted-string[@id='label' and text()='Català']
17:24:16 [TestNG-test-Yt Master Tests-1] INFO  verifyingSettingOptionsLang_17-23-31 - [verifyingSettingOptionsLang_17-23-31] Trying to find element: By.xpath: //yt-multi-page-menu-section-renderer[@class='style-scope ytd-multi-page-menu-renderer']//yt-formatted-string[@id='label' and text()='Català']
17:24:16 [TestNG-test-Yt Master Tests-1] INFO  verifyingSettingOptionsLang_17-23-31 - [verifyingSettingOptionsLang_17-23-31] Element found and ready (attempt 1): By.xpath: //yt-multi-page-menu-section-renderer[@class='style-scope ytd-multi-page-menu-renderer']//yt-formatted-string[@id='label' and text()='Català']
17:24:17 [TestNG-test-Yt Master Tests-1] INFO  verifyingSettingOptionsLang_17-23-31 - Clicking settings ellipses button...
17:24:17 [TestNG-test-Yt Master Tests-1] INFO  verifyingSettingOptionsLang_17-23-31 - [verifyingSettingOptionsLang_17-23-31] Trying to find element: By.xpath: //ytd-topbar-menu-button-renderer[@class='style-scope ytd-masthead style-default']
17:24:18 [TestNG-test-Yt Master Tests-1] INFO  verifyingSettingOptionsLang_17-23-31 - [verifyingSettingOptionsLang_17-23-31] Element found and ready (attempt 1): By.xpath: //ytd-topbar-menu-button-renderer[@class='style-scope ytd-masthead style-default']
17:24:18 [TestNG-test-Yt Master Tests-1] INFO  verifyingSettingOptionsLang_17-23-31 - [verifyingSettingOptionsLang_17-23-31] Waiting until element is visible in viewport
17:24:19 [TestNG-test-Yt Master Tests-1] INFO  verifyingSettingOptionsLang_17-23-31 - Clicking settings ellipses button...
17:24:19 [TestNG-test-Yt Master Tests-1] INFO  verifyingSettingOptionsLang_17-23-31 - [verifyingSettingOptionsLang_17-23-31] Trying to find element: By.xpath: //ytd-topbar-menu-button-renderer[@class='style-scope ytd-masthead style-default']
17:24:19 [TestNG-test-Yt Master Tests-1] INFO  verifyingSettingOptionsLang_17-23-31 - [verifyingSettingOptionsLang_17-23-31] Element found and ready (attempt 1): By.xpath: //ytd-topbar-menu-button-renderer[@class='style-scope ytd-masthead style-default']
17:24:19 [TestNG-test-Yt Master Tests-1] INFO  verifyingSettingOptionsLang_17-23-31 - Clicking settings ellipses button...
17:24:19 [TestNG-test-Yt Master Tests-1] INFO  verifyingSettingOptionsLang_17-23-31 - [verifyingSettingOptionsLang_17-23-31] Trying to find element: By.xpath: //ytd-topbar-menu-button-renderer[@class='style-scope ytd-masthead style-default']
17:24:19 [TestNG-test-Yt Master Tests-1] INFO  verifyingSettingOptionsLang_17-23-31 - [verifyingSettingOptionsLang_17-23-31] Element found and ready (attempt 1): By.xpath: //ytd-topbar-menu-button-renderer[@class='style-scope ytd-masthead style-default']
17:24:19 [TestNG-test-Yt Master Tests-1] INFO  verifyingSettingOptionsLang_17-23-31 - Getting the setting ellipses options
17:24:19 [TestNG-test-Yt Master Tests-1] INFO  verifyingSettingOptionsLang_17-23-31 - [verifyingSettingOptionsLang_17-23-31] Trying to find element: By.xpath: //ytd-multi-page-menu-renderer
17:24:19 [TestNG-test-Yt Master Tests-1] INFO  verifyingSettingOptionsLang_17-23-31 - [verifyingSettingOptionsLang_17-23-31] Element found and ready (attempt 1): By.xpath: //ytd-multi-page-menu-renderer
17:24:19 [TestNG-test-Yt Master Tests-1] INFO  verifyingSettingOptionsLang_17-23-31 - Clicking settings ellipses button...
17:24:19 [TestNG-test-Yt Master Tests-1] INFO  verifyingSettingOptionsLang_17-23-31 - [verifyingSettingOptionsLang_17-23-31] Trying to find element: By.xpath: //ytd-topbar-menu-button-renderer[@class='style-scope ytd-masthead style-default']
17:24:20 [TestNG-test-Yt Master Tests-1] INFO  verifyingSettingOptionsLang_17-23-31 - [verifyingSettingOptionsLang_17-23-31] Element found and ready (attempt 1): By.xpath: //ytd-topbar-menu-button-renderer[@class='style-scope ytd-masthead style-default']
17:24:20 [TestNG-test-Yt Master Tests-1] INFO  verifyingSettingOptionsLang_17-23-31 - 
========== LANGUAGE DETECTION ==========
Detected Language : CATALAN
Input Text        : Les teves dades a YouTube
Aparença: clar
Idioma visible:
català
Mode restringit: desactivat
Ubicació:
Estats Units
Tecles de drecera
Configuració
Ajuda
Envia suggeriments
========================================
17:24:20 [TestNG-test-Yt Master Tests-1] INFO  verifyingSettingOptionsLang_17-23-31 - getLangAttribute() - locating <html> and reading lang property
17:24:20 [TestNG-test-Yt Master Tests-1] INFO  verifyingSettingOptionsLang_17-23-31 - Language attribute read: ca-ES
17:24:20 [TestNG-test-Yt Master Tests-1] INFO  verifyingSettingOptionsLang_17-23-31 - Clicking settings ellipses button...
17:24:20 [TestNG-test-Yt Master Tests-1] INFO  verifyingSettingOptionsLang_17-23-31 - [verifyingSettingOptionsLang_17-23-31] Trying to find element: By.xpath: //ytd-topbar-menu-button-renderer[@class='style-scope ytd-masthead style-default']
17:24:20 [TestNG-test-Yt Master Tests-1] INFO  verifyingSettingOptionsLang_17-23-31 - [verifyingSettingOptionsLang_17-23-31] Element found and ready (attempt 1): By.xpath: //ytd-topbar-menu-button-renderer[@class='style-scope ytd-masthead style-default']
17:24:20 [TestNG-test-Yt Master Tests-1] INFO  verifyingSettingOptionsLang_17-23-31 - Clicking language dropdown...
17:24:20 [TestNG-test-Yt Master Tests-1] INFO  verifyingSettingOptionsLang_17-23-31 - [verifyingSettingOptionsLang_17-23-31] Trying to find element: By.xpath: (//div[@id='content-icon'])[2]
17:24:21 [TestNG-test-Yt Master Tests-1] INFO  verifyingSettingOptionsLang_17-23-31 - [verifyingSettingOptionsLang_17-23-31] Element found and ready (attempt 1): By.xpath: (//div[@id='content-icon'])[2]
17:24:21 [TestNG-test-Yt Master Tests-1] INFO  verifyingSettingOptionsLang_17-23-31 - Looking for language element with name: Dansk
17:24:21 [TestNG-test-Yt Master Tests-1] INFO  verifyingSettingOptionsLang_17-23-31 - [verifyingSettingOptionsLang_17-23-31] Trying to find element: By.xpath: //yt-multi-page-menu-section-renderer[@class='style-scope ytd-multi-page-menu-renderer']//yt-formatted-string[@id='label' and text()='Dansk']
17:24:21 [TestNG-test-Yt Master Tests-1] INFO  verifyingSettingOptionsLang_17-23-31 - [verifyingSettingOptionsLang_17-23-31] Element found and ready (attempt 1): By.xpath: //yt-multi-page-menu-section-renderer[@class='style-scope ytd-multi-page-menu-renderer']//yt-formatted-string[@id='label' and text()='Dansk']
17:24:21 [TestNG-test-Yt Master Tests-1] INFO  verifyingSettingOptionsLang_17-23-31 - [verifyingSettingOptionsLang_17-23-31] Trying to find element: By.xpath: //yt-multi-page-menu-section-renderer[@class='style-scope ytd-multi-page-menu-renderer']//yt-formatted-string[@id='label' and text()='Dansk']
17:24:21 [TestNG-test-Yt Master Tests-1] INFO  verifyingSettingOptionsLang_17-23-31 - [verifyingSettingOptionsLang_17-23-31] Element found and ready (attempt 1): By.xpath: //yt-multi-page-menu-section-renderer[@class='style-scope ytd-multi-page-menu-renderer']//yt-formatted-string[@id='label' and text()='Dansk']
17:24:24 [TestNG-test-Yt Master Tests-1] INFO  verifyingSettingOptionsLang_17-23-31 - Clicking settings ellipses button...
17:24:24 [TestNG-test-Yt Master Tests-1] INFO  verifyingSettingOptionsLang_17-23-31 - [verifyingSettingOptionsLang_17-23-31] Trying to find element: By.xpath: //ytd-topbar-menu-button-renderer[@class='style-scope ytd-masthead style-default']
17:24:24 [TestNG-test-Yt Master Tests-1] INFO  verifyingSettingOptionsLang_17-23-31 - [verifyingSettingOptionsLang_17-23-31] Element found and ready (attempt 1): By.xpath: //ytd-topbar-menu-button-renderer[@class='style-scope ytd-masthead style-default']
17:24:24 [TestNG-test-Yt Master Tests-1] INFO  verifyingSettingOptionsLang_17-23-31 - [verifyingSettingOptionsLang_17-23-31] Waiting until element is visible in viewport
17:24:25 [TestNG-test-Yt Master Tests-1] INFO  verifyingSettingOptionsLang_17-23-31 - Clicking settings ellipses button...
17:24:25 [TestNG-test-Yt Master Tests-1] INFO  verifyingSettingOptionsLang_17-23-31 - [verifyingSettingOptionsLang_17-23-31] Trying to find element: By.xpath: //ytd-topbar-menu-button-renderer[@class='style-scope ytd-masthead style-default']
17:24:25 [TestNG-test-Yt Master Tests-1] INFO  verifyingSettingOptionsLang_17-23-31 - [verifyingSettingOptionsLang_17-23-31] Element found and ready (attempt 1): By.xpath: //ytd-topbar-menu-button-renderer[@class='style-scope ytd-masthead style-default']
17:24:25 [TestNG-test-Yt Master Tests-1] INFO  verifyingSettingOptionsLang_17-23-31 - Clicking settings ellipses button...
17:24:25 [TestNG-test-Yt Master Tests-1] INFO  verifyingSettingOptionsLang_17-23-31 - [verifyingSettingOptionsLang_17-23-31] Trying to find element: By.xpath: //ytd-topbar-menu-button-renderer[@class='style-scope ytd-masthead style-default']
17:24:25 [TestNG-test-Yt Master Tests-1] INFO  verifyingSettingOptionsLang_17-23-31 - [verifyingSettingOptionsLang_17-23-31] Element found and ready (attempt 1): By.xpath: //ytd-topbar-menu-button-renderer[@class='style-scope ytd-masthead style-default']
17:24:25 [TestNG-test-Yt Master Tests-1] INFO  verifyingSettingOptionsLang_17-23-31 - Getting the setting ellipses options
17:24:25 [TestNG-test-Yt Master Tests-1] INFO  verifyingSettingOptionsLang_17-23-31 - [verifyingSettingOptionsLang_17-23-31] Trying to find element: By.xpath: //ytd-multi-page-menu-renderer
17:24:25 [TestNG-test-Yt Master Tests-1] INFO  verifyingSettingOptionsLang_17-23-31 - [verifyingSettingOptionsLang_17-23-31] Element found and ready (attempt 1): By.xpath: //ytd-multi-page-menu-renderer
17:24:25 [TestNG-test-Yt Master Tests-1] INFO  verifyingSettingOptionsLang_17-23-31 - Clicking settings ellipses button...
17:24:25 [TestNG-test-Yt Master Tests-1] INFO  verifyingSettingOptionsLang_17-23-31 - [verifyingSettingOptionsLang_17-23-31] Trying to find element: By.xpath: //ytd-topbar-menu-button-renderer[@class='style-scope ytd-masthead style-default']
17:24:25 [TestNG-test-Yt Master Tests-1] INFO  verifyingSettingOptionsLang_17-23-31 - [verifyingSettingOptionsLang_17-23-31] Element found and ready (attempt 1): By.xpath: //ytd-topbar-menu-button-renderer[@class='style-scope ytd-masthead style-default']
17:24:25 [TestNG-test-Yt Master Tests-1] INFO  verifyingSettingOptionsLang_17-23-31 - 
========== LANGUAGE DETECTION ==========
Detected Language : DANISH
Input Text        : Dine data på YouTube
Udseende: Lyst
Visningssprog:
dansk
Begrænset tilstand: Fra
Lokation:
USA
Tastaturgenveje
Indstillinger
Hjælp
Send feedback
========================================
17:24:25 [TestNG-test-Yt Master Tests-1] INFO  verifyingSettingOptionsLang_17-23-31 - getLangAttribute() - locating <html> and reading lang property
17:24:25 [TestNG-test-Yt Master Tests-1] INFO  verifyingSettingOptionsLang_17-23-31 - Language attribute read: da-DK
17:24:25 [TestNG-test-Yt Master Tests-1] INFO  verifyingSettingOptionsLang_17-23-31 - Clicking settings ellipses button...
17:24:25 [TestNG-test-Yt Master Tests-1] INFO  verifyingSettingOptionsLang_17-23-31 - [verifyingSettingOptionsLang_17-23-31] Trying to find element: By.xpath: //ytd-topbar-menu-button-renderer[@class='style-scope ytd-masthead style-default']
17:24:26 [TestNG-test-Yt Master Tests-1] INFO  verifyingSettingOptionsLang_17-23-31 - [verifyingSettingOptionsLang_17-23-31] Element found and ready (attempt 1): By.xpath: //ytd-topbar-menu-button-renderer[@class='style-scope ytd-masthead style-default']
17:24:26 [TestNG-test-Yt Master Tests-1] INFO  verifyingSettingOptionsLang_17-23-31 - Clicking language dropdown...
17:24:26 [TestNG-test-Yt Master Tests-1] INFO  verifyingSettingOptionsLang_17-23-31 - [verifyingSettingOptionsLang_17-23-31] Trying to find element: By.xpath: (//div[@id='content-icon'])[2]
17:24:26 [TestNG-test-Yt Master Tests-1] INFO  verifyingSettingOptionsLang_17-23-31 - [verifyingSettingOptionsLang_17-23-31] Element found and ready (attempt 1): By.xpath: (//div[@id='content-icon'])[2]
17:24:27 [TestNG-test-Yt Master Tests-1] INFO  verifyingSettingOptionsLang_17-23-31 - Looking for language element with name: Deutsch
17:24:27 [TestNG-test-Yt Master Tests-1] INFO  verifyingSettingOptionsLang_17-23-31 - [verifyingSettingOptionsLang_17-23-31] Trying to find element: By.xpath: //yt-multi-page-menu-section-renderer[@class='style-scope ytd-multi-page-menu-renderer']//yt-formatted-string[@id='label' and text()='Deutsch']
17:24:27 [TestNG-test-Yt Master Tests-1] INFO  verifyingSettingOptionsLang_17-23-31 - [verifyingSettingOptionsLang_17-23-31] Element found and ready (attempt 1): By.xpath: //yt-multi-page-menu-section-renderer[@class='style-scope ytd-multi-page-menu-renderer']//yt-formatted-string[@id='label' and text()='Deutsch']
17:24:27 [TestNG-test-Yt Master Tests-1] INFO  verifyingSettingOptionsLang_17-23-31 - [verifyingSettingOptionsLang_17-23-31] Trying to find element: By.xpath: //yt-multi-page-menu-section-renderer[@class='style-scope ytd-multi-page-menu-renderer']//yt-formatted-string[@id='label' and text()='Deutsch']
17:24:27 [TestNG-test-Yt Master Tests-1] INFO  verifyingSettingOptionsLang_17-23-31 - [verifyingSettingOptionsLang_17-23-31] Element found and ready (attempt 1): By.xpath: //yt-multi-page-menu-section-renderer[@class='style-scope ytd-multi-page-menu-renderer']//yt-formatted-string[@id='label' and text()='Deutsch']
17:24:29 [TestNG-test-Yt Master Tests-1] INFO  verifyingSettingOptionsLang_17-23-31 - Clicking settings ellipses button...
17:24:29 [TestNG-test-Yt Master Tests-1] INFO  verifyingSettingOptionsLang_17-23-31 - [verifyingSettingOptionsLang_17-23-31] Trying to find element: By.xpath: //ytd-topbar-menu-button-renderer[@class='style-scope ytd-masthead style-default']
17:24:29 [TestNG-test-Yt Master Tests-1] INFO  verifyingSettingOptionsLang_17-23-31 - [verifyingSettingOptionsLang_17-23-31] Element found and ready (attempt 1): By.xpath: //ytd-topbar-menu-button-renderer[@class='style-scope ytd-masthead style-default']
17:24:30 [TestNG-test-Yt Master Tests-1] INFO  verifyingSettingOptionsLang_17-23-31 - [verifyingSettingOptionsLang_17-23-31] Waiting until element is visible in viewport
17:24:30 [TestNG-test-Yt Master Tests-1] INFO  verifyingSettingOptionsLang_17-23-31 - Clicking settings ellipses button...
17:24:30 [TestNG-test-Yt Master Tests-1] INFO  verifyingSettingOptionsLang_17-23-31 - [verifyingSettingOptionsLang_17-23-31] Trying to find element: By.xpath: //ytd-topbar-menu-button-renderer[@class='style-scope ytd-masthead style-default']
17:24:30 [TestNG-test-Yt Master Tests-1] INFO  verifyingSettingOptionsLang_17-23-31 - [verifyingSettingOptionsLang_17-23-31] Element found and ready (attempt 1): By.xpath: //ytd-topbar-menu-button-renderer[@class='style-scope ytd-masthead style-default']
17:24:30 [TestNG-test-Yt Master Tests-1] INFO  verifyingSettingOptionsLang_17-23-31 - Clicking settings ellipses button...
17:24:30 [TestNG-test-Yt Master Tests-1] INFO  verifyingSettingOptionsLang_17-23-31 - [verifyingSettingOptionsLang_17-23-31] Trying to find element: By.xpath: //ytd-topbar-menu-button-renderer[@class='style-scope ytd-masthead style-default']
17:24:30 [TestNG-test-Yt Master Tests-1] INFO  verifyingSettingOptionsLang_17-23-31 - [verifyingSettingOptionsLang_17-23-31] Element found and ready (attempt 1): By.xpath: //ytd-topbar-menu-button-renderer[@class='style-scope ytd-masthead style-default']
17:24:31 [TestNG-test-Yt Master Tests-1] INFO  verifyingSettingOptionsLang_17-23-31 - Getting the setting ellipses options
17:24:31 [TestNG-test-Yt Master Tests-1] INFO  verifyingSettingOptionsLang_17-23-31 - [verifyingSettingOptionsLang_17-23-31] Trying to find element: By.xpath: //ytd-multi-page-menu-renderer
17:24:31 [TestNG-test-Yt Master Tests-1] INFO  verifyingSettingOptionsLang_17-23-31 - [verifyingSettingOptionsLang_17-23-31] Element found and ready (attempt 1): By.xpath: //ytd-multi-page-menu-renderer
17:24:31 [TestNG-test-Yt Master Tests-1] INFO  verifyingSettingOptionsLang_17-23-31 - Clicking settings ellipses button...
17:24:31 [TestNG-test-Yt Master Tests-1] INFO  verifyingSettingOptionsLang_17-23-31 - [verifyingSettingOptionsLang_17-23-31] Trying to find element: By.xpath: //ytd-topbar-menu-button-renderer[@class='style-scope ytd-masthead style-default']
17:24:31 [TestNG-test-Yt Master Tests-1] INFO  verifyingSettingOptionsLang_17-23-31 - [verifyingSettingOptionsLang_17-23-31] Element found and ready (attempt 1): By.xpath: //ytd-topbar-menu-button-renderer[@class='style-scope ytd-masthead style-default']
17:24:31 [TestNG-test-Yt Master Tests-1] INFO  verifyingSettingOptionsLang_17-23-31 - 
========== LANGUAGE DETECTION ==========
Detected Language : GERMAN
Input Text        : Meine Daten auf YouTube
Darstellung: Hell
Anzeigesprache:
Deutsch
Eingeschränkter Modus: Deaktiviert
Ort:
USA
Tastenkombinationen
Einstellungen
Hilfe
Feedback senden
========================================
17:24:31 [TestNG-test-Yt Master Tests-1] INFO  verifyingSettingOptionsLang_17-23-31 - getLangAttribute() - locating <html> and reading lang property
17:24:31 [TestNG-test-Yt Master Tests-1] INFO  verifyingSettingOptionsLang_17-23-31 - Language attribute read: de-DE
17:24:31 [TestNG-test-Yt Master Tests-1] INFO  verifyingSettingOptionsLang_17-23-31 - Clicking settings ellipses button...
17:24:31 [TestNG-test-Yt Master Tests-1] INFO  verifyingSettingOptionsLang_17-23-31 - [verifyingSettingOptionsLang_17-23-31] Trying to find element: By.xpath: //ytd-topbar-menu-button-renderer[@class='style-scope ytd-masthead style-default']
17:24:31 [TestNG-test-Yt Master Tests-1] INFO  verifyingSettingOptionsLang_17-23-31 - [verifyingSettingOptionsLang_17-23-31] Element found and ready (attempt 1): By.xpath: //ytd-topbar-menu-button-renderer[@class='style-scope ytd-masthead style-default']
17:24:31 [TestNG-test-Yt Master Tests-1] INFO  verifyingSettingOptionsLang_17-23-31 - Clicking language dropdown...
17:24:31 [TestNG-test-Yt Master Tests-1] INFO  verifyingSettingOptionsLang_17-23-31 - [verifyingSettingOptionsLang_17-23-31] Trying to find element: By.xpath: (//div[@id='content-icon'])[2]
17:24:32 [TestNG-test-Yt Master Tests-1] INFO  verifyingSettingOptionsLang_17-23-31 - [verifyingSettingOptionsLang_17-23-31] Element found and ready (attempt 1): By.xpath: (//div[@id='content-icon'])[2]
17:24:32 [TestNG-test-Yt Master Tests-1] INFO  verifyingSettingOptionsLang_17-23-31 - Looking for language element with name: Eesti
17:24:32 [TestNG-test-Yt Master Tests-1] INFO  verifyingSettingOptionsLang_17-23-31 - [verifyingSettingOptionsLang_17-23-31] Trying to find element: By.xpath: //yt-multi-page-menu-section-renderer[@class='style-scope ytd-multi-page-menu-renderer']//yt-formatted-string[@id='label' and text()='Eesti']
17:24:32 [TestNG-test-Yt Master Tests-1] INFO  verifyingSettingOptionsLang_17-23-31 - [verifyingSettingOptionsLang_17-23-31] Element found and ready (attempt 1): By.xpath: //yt-multi-page-menu-section-renderer[@class='style-scope ytd-multi-page-menu-renderer']//yt-formatted-string[@id='label' and text()='Eesti']
17:24:32 [TestNG-test-Yt Master Tests-1] INFO  verifyingSettingOptionsLang_17-23-31 - [verifyingSettingOptionsLang_17-23-31] Trying to find element: By.xpath: //yt-multi-page-menu-section-renderer[@class='style-scope ytd-multi-page-menu-renderer']//yt-formatted-string[@id='label' and text()='Eesti']
17:24:32 [TestNG-test-Yt Master Tests-1] INFO  verifyingSettingOptionsLang_17-23-31 - [verifyingSettingOptionsLang_17-23-31] Element found and ready (attempt 1): By.xpath: //yt-multi-page-menu-section-renderer[@class='style-scope ytd-multi-page-menu-renderer']//yt-formatted-string[@id='label' and text()='Eesti']
17:24:34 [TestNG-test-Yt Master Tests-1] INFO  verifyingSettingOptionsLang_17-23-31 - Clicking settings ellipses button...
17:24:34 [TestNG-test-Yt Master Tests-1] INFO  verifyingSettingOptionsLang_17-23-31 - [verifyingSettingOptionsLang_17-23-31] Trying to find element: By.xpath: //ytd-topbar-menu-button-renderer[@class='style-scope ytd-masthead style-default']
17:24:34 [TestNG-test-Yt Master Tests-1] INFO  verifyingSettingOptionsLang_17-23-31 - [verifyingSettingOptionsLang_17-23-31] Element found and ready (attempt 1): By.xpath: //ytd-topbar-menu-button-renderer[@class='style-scope ytd-masthead style-default']
17:24:35 [TestNG-test-Yt Master Tests-1] INFO  verifyingSettingOptionsLang_17-23-31 - [verifyingSettingOptionsLang_17-23-31] Waiting until element is visible in viewport
17:24:35 [TestNG-test-Yt Master Tests-1] INFO  verifyingSettingOptionsLang_17-23-31 - Clicking settings ellipses button...
17:24:35 [TestNG-test-Yt Master Tests-1] INFO  verifyingSettingOptionsLang_17-23-31 - [verifyingSettingOptionsLang_17-23-31] Trying to find element: By.xpath: //ytd-topbar-menu-button-renderer[@class='style-scope ytd-masthead style-default']
17:24:35 [TestNG-test-Yt Master Tests-1] INFO  verifyingSettingOptionsLang_17-23-31 - [verifyingSettingOptionsLang_17-23-31] Element found and ready (attempt 1): By.xpath: //ytd-topbar-menu-button-renderer[@class='style-scope ytd-masthead style-default']
17:24:35 [TestNG-test-Yt Master Tests-1] INFO  verifyingSettingOptionsLang_17-23-31 - Clicking settings ellipses button...
17:24:35 [TestNG-test-Yt Master Tests-1] INFO  verifyingSettingOptionsLang_17-23-31 - [verifyingSettingOptionsLang_17-23-31] Trying to find element: By.xpath: //ytd-topbar-menu-button-renderer[@class='style-scope ytd-masthead style-default']
17:24:35 [TestNG-test-Yt Master Tests-1] INFO  verifyingSettingOptionsLang_17-23-31 - [verifyingSettingOptionsLang_17-23-31] Element found and ready (attempt 1): By.xpath: //ytd-topbar-menu-button-renderer[@class='style-scope ytd-masthead style-default']
17:24:35 [TestNG-test-Yt Master Tests-1] INFO  verifyingSettingOptionsLang_17-23-31 - Getting the setting ellipses options
17:24:35 [TestNG-test-Yt Master Tests-1] INFO  verifyingSettingOptionsLang_17-23-31 - [verifyingSettingOptionsLang_17-23-31] Trying to find element: By.xpath: //ytd-multi-page-menu-renderer
17:24:36 [TestNG-test-Yt Master Tests-1] INFO  verifyingSettingOptionsLang_17-23-31 - [verifyingSettingOptionsLang_17-23-31] Element found and ready (attempt 1): By.xpath: //ytd-multi-page-menu-renderer
17:24:36 [TestNG-test-Yt Master Tests-1] INFO  verifyingSettingOptionsLang_17-23-31 - Clicking settings ellipses button...
17:24:36 [TestNG-test-Yt Master Tests-1] INFO  verifyingSettingOptionsLang_17-23-31 - [verifyingSettingOptionsLang_17-23-31] Trying to find element: By.xpath: //ytd-topbar-menu-button-renderer[@class='style-scope ytd-masthead style-default']
17:24:36 [TestNG-test-Yt Master Tests-1] INFO  verifyingSettingOptionsLang_17-23-31 - [verifyingSettingOptionsLang_17-23-31] Element found and ready (attempt 1): By.xpath: //ytd-topbar-menu-button-renderer[@class='style-scope ytd-masthead style-default']
17:24:36 [TestNG-test-Yt Master Tests-1] INFO  verifyingSettingOptionsLang_17-23-31 - 
========== LANGUAGE DETECTION ==========
Detected Language : ESTONIAN
Input Text        : Teie andmed YouTube'is
Välimus: hele
Kuvamiskeel:
eesti
Piiratud režiim: väljas
Asukoht:
Ameerika Ühendriigid
Klaviatuuri otseteed
Seaded
Abi
Tagasiside saatmine
========================================
17:24:36 [TestNG-test-Yt Master Tests-1] INFO  verifyingSettingOptionsLang_17-23-31 - getLangAttribute() - locating <html> and reading lang property
17:24:36 [TestNG-test-Yt Master Tests-1] INFO  verifyingSettingOptionsLang_17-23-31 - Language attribute read: et-EE
17:24:36 [TestNG-test-Yt Master Tests-1] INFO  verifyingSettingOptionsLang_17-23-31 - Clicking settings ellipses button...
17:24:36 [TestNG-test-Yt Master Tests-1] INFO  verifyingSettingOptionsLang_17-23-31 - [verifyingSettingOptionsLang_17-23-31] Trying to find element: By.xpath: //ytd-topbar-menu-button-renderer[@class='style-scope ytd-masthead style-default']
17:24:36 [TestNG-test-Yt Master Tests-1] INFO  verifyingSettingOptionsLang_17-23-31 - [verifyingSettingOptionsLang_17-23-31] Element found and ready (attempt 1): By.xpath: //ytd-topbar-menu-button-renderer[@class='style-scope ytd-masthead style-default']
17:24:36 [TestNG-test-Yt Master Tests-1] INFO  verifyingSettingOptionsLang_17-23-31 - Clicking language dropdown...
17:24:36 [TestNG-test-Yt Master Tests-1] INFO  verifyingSettingOptionsLang_17-23-31 - [verifyingSettingOptionsLang_17-23-31] Trying to find element: By.xpath: (//div[@id='content-icon'])[2]
17:24:36 [TestNG-test-Yt Master Tests-1] INFO  verifyingSettingOptionsLang_17-23-31 - [verifyingSettingOptionsLang_17-23-31] Element found and ready (attempt 1): By.xpath: (//div[@id='content-icon'])[2]
17:24:37 [TestNG-test-Yt Master Tests-1] INFO  verifyingSettingOptionsLang_17-23-31 - Looking for language element with name: English (India)
17:24:37 [TestNG-test-Yt Master Tests-1] INFO  verifyingSettingOptionsLang_17-23-31 - [verifyingSettingOptionsLang_17-23-31] Trying to find element: By.xpath: //yt-multi-page-menu-section-renderer[@class='style-scope ytd-multi-page-menu-renderer']//yt-formatted-string[@id='label' and text()='English (India)']
17:24:37 [TestNG-test-Yt Master Tests-1] INFO  verifyingSettingOptionsLang_17-23-31 - [verifyingSettingOptionsLang_17-23-31] Element found and ready (attempt 1): By.xpath: //yt-multi-page-menu-section-renderer[@class='style-scope ytd-multi-page-menu-renderer']//yt-formatted-string[@id='label' and text()='English (India)']
17:24:37 [TestNG-test-Yt Master Tests-1] INFO  verifyingSettingOptionsLang_17-23-31 - [verifyingSettingOptionsLang_17-23-31] Trying to find element: By.xpath: //yt-multi-page-menu-section-renderer[@class='style-scope ytd-multi-page-menu-renderer']//yt-formatted-string[@id='label' and text()='English (India)']
17:24:37 [TestNG-test-Yt Master Tests-1] INFO  verifyingSettingOptionsLang_17-23-31 - [verifyingSettingOptionsLang_17-23-31] Element found and ready (attempt 1): By.xpath: //yt-multi-page-menu-section-renderer[@class='style-scope ytd-multi-page-menu-renderer']//yt-formatted-string[@id='label' and text()='English (India)']
17:24:40 [TestNG-test-Yt Master Tests-1] INFO  verifyingSettingOptionsLang_17-23-31 - Clicking settings ellipses button...
17:24:40 [TestNG-test-Yt Master Tests-1] INFO  verifyingSettingOptionsLang_17-23-31 - [verifyingSettingOptionsLang_17-23-31] Trying to find element: By.xpath: //ytd-topbar-menu-button-renderer[@class='style-scope ytd-masthead style-default']
17:24:40 [TestNG-test-Yt Master Tests-1] INFO  verifyingSettingOptionsLang_17-23-31 - [verifyingSettingOptionsLang_17-23-31] Element found and ready (attempt 1): By.xpath: //ytd-topbar-menu-button-renderer[@class='style-scope ytd-masthead style-default']
17:24:40 [TestNG-test-Yt Master Tests-1] INFO  verifyingSettingOptionsLang_17-23-31 - [verifyingSettingOptionsLang_17-23-31] Waiting until element is visible in viewport
17:24:41 [TestNG-test-Yt Master Tests-1] INFO  verifyingSettingOptionsLang_17-23-31 - Clicking settings ellipses button...
17:24:41 [TestNG-test-Yt Master Tests-1] INFO  verifyingSettingOptionsLang_17-23-31 - [verifyingSettingOptionsLang_17-23-31] Trying to find element: By.xpath: //ytd-topbar-menu-button-renderer[@class='style-scope ytd-masthead style-default']
17:24:41 [TestNG-test-Yt Master Tests-1] INFO  verifyingSettingOptionsLang_17-23-31 - [verifyingSettingOptionsLang_17-23-31] Element found and ready (attempt 1): By.xpath: //ytd-topbar-menu-button-renderer[@class='style-scope ytd-masthead style-default']
17:24:41 [TestNG-test-Yt Master Tests-1] INFO  verifyingSettingOptionsLang_17-23-31 - Clicking settings ellipses button...
17:24:41 [TestNG-test-Yt Master Tests-1] INFO  verifyingSettingOptionsLang_17-23-31 - [verifyingSettingOptionsLang_17-23-31] Trying to find element: By.xpath: //ytd-topbar-menu-button-renderer[@class='style-scope ytd-masthead style-default']
17:24:41 [TestNG-test-Yt Master Tests-1] INFO  verifyingSettingOptionsLang_17-23-31 - [verifyingSettingOptionsLang_17-23-31] Element found and ready (attempt 1): By.xpath: //ytd-topbar-menu-button-renderer[@class='style-scope ytd-masthead style-default']
17:24:42 [TestNG-test-Yt Master Tests-1] INFO  verifyingSettingOptionsLang_17-23-31 - Getting the setting ellipses options
17:24:42 [TestNG-test-Yt Master Tests-1] INFO  verifyingSettingOptionsLang_17-23-31 - [verifyingSettingOptionsLang_17-23-31] Trying to find element: By.xpath: //ytd-multi-page-menu-renderer
17:24:42 [TestNG-test-Yt Master Tests-1] INFO  verifyingSettingOptionsLang_17-23-31 - [verifyingSettingOptionsLang_17-23-31] Element found and ready (attempt 1): By.xpath: //ytd-multi-page-menu-renderer
17:24:42 [TestNG-test-Yt Master Tests-1] INFO  verifyingSettingOptionsLang_17-23-31 - Clicking settings ellipses button...
17:24:42 [TestNG-test-Yt Master Tests-1] INFO  verifyingSettingOptionsLang_17-23-31 - [verifyingSettingOptionsLang_17-23-31] Trying to find element: By.xpath: //ytd-topbar-menu-button-renderer[@class='style-scope ytd-masthead style-default']
17:24:42 [TestNG-test-Yt Master Tests-1] INFO  verifyingSettingOptionsLang_17-23-31 - [verifyingSettingOptionsLang_17-23-31] Element found and ready (attempt 1): By.xpath: //ytd-topbar-menu-button-renderer[@class='style-scope ytd-masthead style-default']
17:24:42 [TestNG-test-Yt Master Tests-1] INFO  verifyingSettingOptionsLang_17-23-31 - 
========== LANGUAGE DETECTION ==========
Detected Language : ENGLISH
Input Text        : Your data in YouTube
Appearance: Light
Display language:
English (India)
Restricted Mode: Off
Location:
United States
Keyboard shortcuts
Settings
Help
Send feedback
========================================
17:24:42 [TestNG-test-Yt Master Tests-1] INFO  verifyingSettingOptionsLang_17-23-31 - getLangAttribute() - locating <html> and reading lang property
17:24:42 [TestNG-test-Yt Master Tests-1] INFO  verifyingSettingOptionsLang_17-23-31 - Language attribute read: en-IN
17:24:42 [TestNG-test-Yt Master Tests-1] INFO  verifyingSettingOptionsLang_17-23-31 - Clicking settings ellipses button...
17:24:42 [TestNG-test-Yt Master Tests-1] INFO  verifyingSettingOptionsLang_17-23-31 - [verifyingSettingOptionsLang_17-23-31] Trying to find element: By.xpath: //ytd-topbar-menu-button-renderer[@class='style-scope ytd-masthead style-default']
17:24:42 [TestNG-test-Yt Master Tests-1] INFO  verifyingSettingOptionsLang_17-23-31 - [verifyingSettingOptionsLang_17-23-31] Element found and ready (attempt 1): By.xpath: //ytd-topbar-menu-button-renderer[@class='style-scope ytd-masthead style-default']
17:24:42 [TestNG-test-Yt Master Tests-1] INFO  verifyingSettingOptionsLang_17-23-31 - Clicking language dropdown...
17:24:42 [TestNG-test-Yt Master Tests-1] INFO  verifyingSettingOptionsLang_17-23-31 - [verifyingSettingOptionsLang_17-23-31] Trying to find element: By.xpath: (//div[@id='content-icon'])[2]
17:24:43 [TestNG-test-Yt Master Tests-1] INFO  verifyingSettingOptionsLang_17-23-31 - [verifyingSettingOptionsLang_17-23-31] Element found and ready (attempt 1): By.xpath: (//div[@id='content-icon'])[2]
17:24:43 [TestNG-test-Yt Master Tests-1] INFO  verifyingSettingOptionsLang_17-23-31 - [verifyingSettingOptionsLang_17-23-31] Not retrying test 'verifyingSettingOptionsLang'. Retry count: 0, Cause: The following asserts failed:
	Language detection mismatch for language=Bosanski expected [CROATIAN] but found [BOSNIAN]
