18:17:08 [TestNG-test-Yt Master Tests-2] INFO  verifyingSideMenuCollapsedLangAsInSettingsLingua_18-17-08 - No existing WebDriver found for current thread. Initializing a new ChromeDriver...
18:17:08 [TestNG-test-Yt Master Tests-2] INFO  verifyingSideMenuCollapsedLangAsInSettingsLingua_18-17-08 - WebDriverManager: chromedriver setup OK
18:17:10 [TestNG-test-Yt Master Tests-2] INFO  verifyingSideMenuCollapsedLangAsInSettingsLingua_18-17-08 - ChromeDriver initialized successfully for thread: 35
18:17:10 [TestNG-test-Yt Master Tests-2] INFO  verifyingSideMenuCollapsedLangAsInSettingsLingua_18-17-08 - SafeActions initialized with driver ChromeDriver: chrome on windows (16964619e48e67885c30fcb52e16f509)
18:17:10 [TestNG-test-Yt Master Tests-2] INFO  verifyingSideMenuCollapsedLangAsInSettingsLingua_18-17-08 - Initialized YtLandingPage with driver: ChromeDriver: chrome on windows (16964619e48e67885c30fcb52e16f509)
18:17:10 [TestNG-test-Yt Master Tests-2] INFO  verifyingSideMenuCollapsedLangAsInSettingsLingua_18-17-08 - SafeActions initialized with driver ChromeDriver: chrome on windows (16964619e48e67885c30fcb52e16f509)
18:17:12 [TestNG-test-Yt Master Tests-2] INFO  verifyingSideMenuCollapsedLangAsInSettingsLingua_18-17-08 - Opened YouTube landing page.
18:17:12 [TestNG-test-Yt Master Tests-2] INFO  verifyingSideMenuCollapsedLangAsInSettingsLingua_18-17-08 - Clicking left ellipses in the landing page
18:17:12 [TestNG-test-Yt Master Tests-2] INFO  verifyingSideMenuCollapsedLangAsInSettingsLingua_18-17-08 - [verifyingSideMenuCollapsedLangAsInSettingsLingua_18-17-08] Trying to find element: By.xpath: //ytd-topbar-logo-renderer[@id='logo']/preceding-sibling::*[@id='guide-button']
18:17:13 [TestNG-test-Yt Master Tests-2] INFO  verifyingSideMenuCollapsedLangAsInSettingsLingua_18-17-08 - [verifyingSideMenuCollapsedLangAsInSettingsLingua_18-17-08] Element found and ready (attempt 1): By.xpath: //ytd-topbar-logo-renderer[@id='logo']/preceding-sibling::*[@id='guide-button']
18:17:13 [TestNG-test-Yt Master Tests-2] INFO  verifyingSideMenuCollapsedLangAsInSettingsLingua_18-17-08 - Clicking settings ellipses button...
18:17:13 [TestNG-test-Yt Master Tests-2] INFO  verifyingSideMenuCollapsedLangAsInSettingsLingua_18-17-08 - [verifyingSideMenuCollapsedLangAsInSettingsLingua_18-17-08] Trying to find element: By.xpath: //ytd-topbar-menu-button-renderer[@class='style-scope ytd-masthead style-default']
18:17:13 [TestNG-test-Yt Master Tests-2] INFO  verifyingSideMenuCollapsedLangAsInSettingsLingua_18-17-08 - [verifyingSideMenuCollapsedLangAsInSettingsLingua_18-17-08] Element found and ready (attempt 1): By.xpath: //ytd-topbar-menu-button-renderer[@class='style-scope ytd-masthead style-default']
18:17:13 [TestNG-test-Yt Master Tests-2] INFO  verifyingSideMenuCollapsedLangAsInSettingsLingua_18-17-08 - Clicking language dropdown...
18:17:13 [TestNG-test-Yt Master Tests-2] INFO  verifyingSideMenuCollapsedLangAsInSettingsLingua_18-17-08 - [verifyingSideMenuCollapsedLangAsInSettingsLingua_18-17-08] Trying to find element: By.xpath: (//div[@id='content-icon'])[2]
18:17:14 [TestNG-test-Yt Master Tests-2] INFO  verifyingSideMenuCollapsedLangAsInSettingsLingua_18-17-08 - [verifyingSideMenuCollapsedLangAsInSettingsLingua_18-17-08] Element found and ready (attempt 1): By.xpath: (//div[@id='content-icon'])[2]
18:17:15 [TestNG-test-Yt Master Tests-2] INFO  verifyingSideMenuCollapsedLangAsInSettingsLingua_18-17-08 - [verifyingSideMenuCollapsedLangAsInSettingsLingua_18-17-08] Execution is Not CRON Job Hence refering to normal keys from UtilData
18:17:15 [TestNG-test-Yt Master Tests-2] INFO  verifyingSideMenuCollapsedLangAsInSettingsLingua_18-17-08 - Looking for language element with name: Afrikaans
18:17:15 [TestNG-test-Yt Master Tests-2] INFO  verifyingSideMenuCollapsedLangAsInSettingsLingua_18-17-08 - [verifyingSideMenuCollapsedLangAsInSettingsLingua_18-17-08] Trying to find element: By.xpath: //yt-multi-page-menu-section-renderer[@class='style-scope ytd-multi-page-menu-renderer']//yt-formatted-string[@id='label' and text()='Afrikaans']
18:17:15 [TestNG-test-Yt Master Tests-2] INFO  verifyingSideMenuCollapsedLangAsInSettingsLingua_18-17-08 - [verifyingSideMenuCollapsedLangAsInSettingsLingua_18-17-08] Element found and ready (attempt 1): By.xpath: //yt-multi-page-menu-section-renderer[@class='style-scope ytd-multi-page-menu-renderer']//yt-formatted-string[@id='label' and text()='Afrikaans']
18:17:15 [TestNG-test-Yt Master Tests-2] INFO  verifyingSideMenuCollapsedLangAsInSettingsLingua_18-17-08 - [verifyingSideMenuCollapsedLangAsInSettingsLingua_18-17-08] Trying to find element: By.xpath: //yt-multi-page-menu-section-renderer[@class='style-scope ytd-multi-page-menu-renderer']//yt-formatted-string[@id='label' and text()='Afrikaans']
18:17:15 [TestNG-test-Yt Master Tests-2] INFO  verifyingSideMenuCollapsedLangAsInSettingsLingua_18-17-08 - [verifyingSideMenuCollapsedLangAsInSettingsLingua_18-17-08] Element found and ready (attempt 1): By.xpath: //yt-multi-page-menu-section-renderer[@class='style-scope ytd-multi-page-menu-renderer']//yt-formatted-string[@id='label' and text()='Afrikaans']
18:17:17 [TestNG-test-Yt Master Tests-2] INFO  verifyingSideMenuCollapsedLangAsInSettingsLingua_18-17-08 - Clicking settings ellipses button...
18:17:17 [TestNG-test-Yt Master Tests-2] INFO  verifyingSideMenuCollapsedLangAsInSettingsLingua_18-17-08 - [verifyingSideMenuCollapsedLangAsInSettingsLingua_18-17-08] Trying to find element: By.xpath: //ytd-topbar-menu-button-renderer[@class='style-scope ytd-masthead style-default']
18:17:18 [TestNG-test-Yt Master Tests-2] INFO  verifyingSideMenuCollapsedLangAsInSettingsLingua_18-17-08 - [verifyingSideMenuCollapsedLangAsInSettingsLingua_18-17-08] Element found and ready (attempt 1): By.xpath: //ytd-topbar-menu-button-renderer[@class='style-scope ytd-masthead style-default']
18:17:18 [TestNG-test-Yt Master Tests-2] INFO  verifyingSideMenuCollapsedLangAsInSettingsLingua_18-17-08 - [verifyingSideMenuCollapsedLangAsInSettingsLingua_18-17-08] Waiting until element is visible in viewport
18:17:18 [TestNG-test-Yt Master Tests-2] INFO  verifyingSideMenuCollapsedLangAsInSettingsLingua_18-17-08 - Clicking settings ellipses button...
18:17:18 [TestNG-test-Yt Master Tests-2] INFO  verifyingSideMenuCollapsedLangAsInSettingsLingua_18-17-08 - [verifyingSideMenuCollapsedLangAsInSettingsLingua_18-17-08] Trying to find element: By.xpath: //ytd-topbar-menu-button-renderer[@class='style-scope ytd-masthead style-default']
18:17:18 [TestNG-test-Yt Master Tests-2] INFO  verifyingSideMenuCollapsedLangAsInSettingsLingua_18-17-08 - [verifyingSideMenuCollapsedLangAsInSettingsLingua_18-17-08] Element found and ready (attempt 1): By.xpath: //ytd-topbar-menu-button-renderer[@class='style-scope ytd-masthead style-default']
18:17:18 [TestNG-test-Yt Master Tests-2] INFO  verifyingSideMenuCollapsedLangAsInSettingsLingua_18-17-08 - getLangAttribute() - locating <html> and reading lang property
18:17:18 [TestNG-test-Yt Master Tests-2] INFO  verifyingSideMenuCollapsedLangAsInSettingsLingua_18-17-08 - Language attribute read: af-ZA
18:17:18 [TestNG-test-Yt Master Tests-2] INFO  verifyingSideMenuCollapsedLangAsInSettingsLingua_18-17-08 - Fetching the side menu in collapsed view
18:17:18 [TestNG-test-Yt Master Tests-2] INFO  verifyingSideMenuCollapsedLangAsInSettingsLingua_18-17-08 - [verifyingSideMenuCollapsedLangAsInSettingsLingua_18-17-08] Finding elements list: By.xpath: //ytd-mini-guide-renderer[@class='style-scope ytd-app']//ytd-mini-guide-entry-renderer
18:17:18 [TestNG-test-Yt Master Tests-2] INFO  verifyingSideMenuCollapsedLangAsInSettingsLingua_18-17-08 - [verifyingSideMenuCollapsedLangAsInSettingsLingua_18-17-08] Found 4 ready elements (attempt 1): By.xpath: //ytd-mini-guide-renderer[@class='style-scope ytd-app']//ytd-mini-guide-entry-renderer
18:17:24 [TestNG-test-Yt Master Tests-2] INFO  verifyingSideMenuCollapsedLangAsInSettingsLingua_18-17-08 - 
========== LANGUAGE DETECTION ==========
Detected Language : AFRIKAANS
Input Text        : Tuis Kortvideo's Intekeninge Myne
========================================
18:17:24 [TestNG-test-Yt Master Tests-2] INFO  verifyingSideMenuCollapsedLangAsInSettingsLingua_18-17-08 - text sent to lingua is       Tuis Kortvideo's Intekeninge Myne
18:17:24 [TestNG-test-Yt Master Tests-2] INFO  verifyingSideMenuCollapsedLangAsInSettingsLingua_18-17-08 - getLangAttribute() - locating <html> and reading lang property
18:17:24 [TestNG-test-Yt Master Tests-2] INFO  verifyingSideMenuCollapsedLangAsInSettingsLingua_18-17-08 - Language attribute read: af-ZA
18:17:24 [TestNG-test-Yt Master Tests-2] INFO  verifyingSideMenuCollapsedLangAsInSettingsLingua_18-17-08 - Clicking settings ellipses button...
18:17:24 [TestNG-test-Yt Master Tests-2] INFO  verifyingSideMenuCollapsedLangAsInSettingsLingua_18-17-08 - [verifyingSideMenuCollapsedLangAsInSettingsLingua_18-17-08] Trying to find element: By.xpath: //ytd-topbar-menu-button-renderer[@class='style-scope ytd-masthead style-default']
18:17:24 [TestNG-test-Yt Master Tests-2] INFO  verifyingSideMenuCollapsedLangAsInSettingsLingua_18-17-08 - [verifyingSideMenuCollapsedLangAsInSettingsLingua_18-17-08] Element found and ready (attempt 1): By.xpath: //ytd-topbar-menu-button-renderer[@class='style-scope ytd-masthead style-default']
18:17:25 [TestNG-test-Yt Master Tests-2] INFO  verifyingSideMenuCollapsedLangAsInSettingsLingua_18-17-08 - Clicking language dropdown...
18:17:25 [TestNG-test-Yt Master Tests-2] INFO  verifyingSideMenuCollapsedLangAsInSettingsLingua_18-17-08 - [verifyingSideMenuCollapsedLangAsInSettingsLingua_18-17-08] Trying to find element: By.xpath: (//div[@id='content-icon'])[2]
18:17:25 [TestNG-test-Yt Master Tests-2] INFO  verifyingSideMenuCollapsedLangAsInSettingsLingua_18-17-08 - [verifyingSideMenuCollapsedLangAsInSettingsLingua_18-17-08] Element found and ready (attempt 1): By.xpath: (//div[@id='content-icon'])[2]
18:17:26 [TestNG-test-Yt Master Tests-2] INFO  verifyingSideMenuCollapsedLangAsInSettingsLingua_18-17-08 - Looking for language element with name: Azərbaycan
18:17:26 [TestNG-test-Yt Master Tests-2] INFO  verifyingSideMenuCollapsedLangAsInSettingsLingua_18-17-08 - [verifyingSideMenuCollapsedLangAsInSettingsLingua_18-17-08] Trying to find element: By.xpath: //yt-multi-page-menu-section-renderer[@class='style-scope ytd-multi-page-menu-renderer']//yt-formatted-string[@id='label' and text()='Azərbaycan']
18:17:27 [TestNG-test-Yt Master Tests-2] INFO  verifyingSideMenuCollapsedLangAsInSettingsLingua_18-17-08 - [verifyingSideMenuCollapsedLangAsInSettingsLingua_18-17-08] Element found and ready (attempt 1): By.xpath: //yt-multi-page-menu-section-renderer[@class='style-scope ytd-multi-page-menu-renderer']//yt-formatted-string[@id='label' and text()='Azərbaycan']
18:17:27 [TestNG-test-Yt Master Tests-2] INFO  verifyingSideMenuCollapsedLangAsInSettingsLingua_18-17-08 - [verifyingSideMenuCollapsedLangAsInSettingsLingua_18-17-08] Trying to find element: By.xpath: //yt-multi-page-menu-section-renderer[@class='style-scope ytd-multi-page-menu-renderer']//yt-formatted-string[@id='label' and text()='Azərbaycan']
18:17:27 [TestNG-test-Yt Master Tests-2] INFO  verifyingSideMenuCollapsedLangAsInSettingsLingua_18-17-08 - [verifyingSideMenuCollapsedLangAsInSettingsLingua_18-17-08] Element found and ready (attempt 1): By.xpath: //yt-multi-page-menu-section-renderer[@class='style-scope ytd-multi-page-menu-renderer']//yt-formatted-string[@id='label' and text()='Azərbaycan']
18:17:28 [TestNG-test-Yt Master Tests-2] INFO  verifyingSideMenuCollapsedLangAsInSettingsLingua_18-17-08 - Clicking settings ellipses button...
18:17:28 [TestNG-test-Yt Master Tests-2] INFO  verifyingSideMenuCollapsedLangAsInSettingsLingua_18-17-08 - [verifyingSideMenuCollapsedLangAsInSettingsLingua_18-17-08] Trying to find element: By.xpath: //ytd-topbar-menu-button-renderer[@class='style-scope ytd-masthead style-default']
18:17:28 [TestNG-test-Yt Master Tests-2] INFO  verifyingSideMenuCollapsedLangAsInSettingsLingua_18-17-08 - [verifyingSideMenuCollapsedLangAsInSettingsLingua_18-17-08] Element found and ready (attempt 1): By.xpath: //ytd-topbar-menu-button-renderer[@class='style-scope ytd-masthead style-default']
18:17:29 [TestNG-test-Yt Master Tests-2] INFO  verifyingSideMenuCollapsedLangAsInSettingsLingua_18-17-08 - [verifyingSideMenuCollapsedLangAsInSettingsLingua_18-17-08] Waiting until element is visible in viewport
18:17:29 [TestNG-test-Yt Master Tests-2] INFO  verifyingSideMenuCollapsedLangAsInSettingsLingua_18-17-08 - Clicking settings ellipses button...
18:17:29 [TestNG-test-Yt Master Tests-2] INFO  verifyingSideMenuCollapsedLangAsInSettingsLingua_18-17-08 - [verifyingSideMenuCollapsedLangAsInSettingsLingua_18-17-08] Trying to find element: By.xpath: //ytd-topbar-menu-button-renderer[@class='style-scope ytd-masthead style-default']
18:17:30 [TestNG-test-Yt Master Tests-2] INFO  verifyingSideMenuCollapsedLangAsInSettingsLingua_18-17-08 - [verifyingSideMenuCollapsedLangAsInSettingsLingua_18-17-08] Element found and ready (attempt 1): By.xpath: //ytd-topbar-menu-button-renderer[@class='style-scope ytd-masthead style-default']
18:17:30 [TestNG-test-Yt Master Tests-2] INFO  verifyingSideMenuCollapsedLangAsInSettingsLingua_18-17-08 - getLangAttribute() - locating <html> and reading lang property
18:17:30 [TestNG-test-Yt Master Tests-2] INFO  verifyingSideMenuCollapsedLangAsInSettingsLingua_18-17-08 - Language attribute read: az-Latn-AZ
18:17:30 [TestNG-test-Yt Master Tests-2] INFO  verifyingSideMenuCollapsedLangAsInSettingsLingua_18-17-08 - Fetching the side menu in collapsed view
18:17:30 [TestNG-test-Yt Master Tests-2] INFO  verifyingSideMenuCollapsedLangAsInSettingsLingua_18-17-08 - [verifyingSideMenuCollapsedLangAsInSettingsLingua_18-17-08] Finding elements list: By.xpath: //ytd-mini-guide-renderer[@class='style-scope ytd-app']//ytd-mini-guide-entry-renderer
18:17:30 [TestNG-test-Yt Master Tests-2] INFO  verifyingSideMenuCollapsedLangAsInSettingsLingua_18-17-08 - [verifyingSideMenuCollapsedLangAsInSettingsLingua_18-17-08] Found 4 ready elements (attempt 1): By.xpath: //ytd-mini-guide-renderer[@class='style-scope ytd-app']//ytd-mini-guide-entry-renderer
18:17:30 [TestNG-test-Yt Master Tests-2] INFO  verifyingSideMenuCollapsedLangAsInSettingsLingua_18-17-08 - 
========== LANGUAGE DETECTION ==========
Detected Language : TURKISH
Input Text        : Ev Shorts Abunəliklər Siz
========================================
18:17:30 [TestNG-test-Yt Master Tests-2] INFO  verifyingSideMenuCollapsedLangAsInSettingsLingua_18-17-08 - text sent to lingua is       Ev Shorts Abunəliklər Siz
18:17:30 [TestNG-test-Yt Master Tests-2] INFO  verifyingSideMenuCollapsedLangAsInSettingsLingua_18-17-08 - getLangAttribute() - locating <html> and reading lang property
18:17:30 [TestNG-test-Yt Master Tests-2] INFO  verifyingSideMenuCollapsedLangAsInSettingsLingua_18-17-08 - Language attribute read: az-Latn-AZ
18:17:30 [TestNG-test-Yt Master Tests-2] INFO  verifyingSideMenuCollapsedLangAsInSettingsLingua_18-17-08 - Clicking settings ellipses button...
18:17:30 [TestNG-test-Yt Master Tests-2] INFO  verifyingSideMenuCollapsedLangAsInSettingsLingua_18-17-08 - [verifyingSideMenuCollapsedLangAsInSettingsLingua_18-17-08] Trying to find element: By.xpath: //ytd-topbar-menu-button-renderer[@class='style-scope ytd-masthead style-default']
18:17:31 [TestNG-test-Yt Master Tests-2] INFO  verifyingSideMenuCollapsedLangAsInSettingsLingua_18-17-08 - [verifyingSideMenuCollapsedLangAsInSettingsLingua_18-17-08] Element found and ready (attempt 1): By.xpath: //ytd-topbar-menu-button-renderer[@class='style-scope ytd-masthead style-default']
18:17:31 [TestNG-test-Yt Master Tests-2] INFO  verifyingSideMenuCollapsedLangAsInSettingsLingua_18-17-08 - Clicking language dropdown...
18:17:31 [TestNG-test-Yt Master Tests-2] INFO  verifyingSideMenuCollapsedLangAsInSettingsLingua_18-17-08 - [verifyingSideMenuCollapsedLangAsInSettingsLingua_18-17-08] Trying to find element: By.xpath: (//div[@id='content-icon'])[2]
18:17:31 [TestNG-test-Yt Master Tests-2] INFO  verifyingSideMenuCollapsedLangAsInSettingsLingua_18-17-08 - [verifyingSideMenuCollapsedLangAsInSettingsLingua_18-17-08] Element found and ready (attempt 1): By.xpath: (//div[@id='content-icon'])[2]
18:17:32 [TestNG-test-Yt Master Tests-2] INFO  verifyingSideMenuCollapsedLangAsInSettingsLingua_18-17-08 - Looking for language element with name: Bahasa Indonesia
18:17:32 [TestNG-test-Yt Master Tests-2] INFO  verifyingSideMenuCollapsedLangAsInSettingsLingua_18-17-08 - [verifyingSideMenuCollapsedLangAsInSettingsLingua_18-17-08] Trying to find element: By.xpath: //yt-multi-page-menu-section-renderer[@class='style-scope ytd-multi-page-menu-renderer']//yt-formatted-string[@id='label' and text()='Bahasa Indonesia']
18:17:32 [TestNG-test-Yt Master Tests-2] INFO  verifyingSideMenuCollapsedLangAsInSettingsLingua_18-17-08 - [verifyingSideMenuCollapsedLangAsInSettingsLingua_18-17-08] Element found and ready (attempt 1): By.xpath: //yt-multi-page-menu-section-renderer[@class='style-scope ytd-multi-page-menu-renderer']//yt-formatted-string[@id='label' and text()='Bahasa Indonesia']
18:17:32 [TestNG-test-Yt Master Tests-2] INFO  verifyingSideMenuCollapsedLangAsInSettingsLingua_18-17-08 - [verifyingSideMenuCollapsedLangAsInSettingsLingua_18-17-08] Trying to find element: By.xpath: //yt-multi-page-menu-section-renderer[@class='style-scope ytd-multi-page-menu-renderer']//yt-formatted-string[@id='label' and text()='Bahasa Indonesia']
18:17:32 [TestNG-test-Yt Master Tests-2] INFO  verifyingSideMenuCollapsedLangAsInSettingsLingua_18-17-08 - [verifyingSideMenuCollapsedLangAsInSettingsLingua_18-17-08] Element found and ready (attempt 1): By.xpath: //yt-multi-page-menu-section-renderer[@class='style-scope ytd-multi-page-menu-renderer']//yt-formatted-string[@id='label' and text()='Bahasa Indonesia']
18:17:33 [TestNG-test-Yt Master Tests-2] INFO  verifyingSideMenuCollapsedLangAsInSettingsLingua_18-17-08 - Clicking settings ellipses button...
18:17:33 [TestNG-test-Yt Master Tests-2] INFO  verifyingSideMenuCollapsedLangAsInSettingsLingua_18-17-08 - [verifyingSideMenuCollapsedLangAsInSettingsLingua_18-17-08] Trying to find element: By.xpath: //ytd-topbar-menu-button-renderer[@class='style-scope ytd-masthead style-default']
18:17:33 [TestNG-test-Yt Master Tests-2] INFO  verifyingSideMenuCollapsedLangAsInSettingsLingua_18-17-08 - [verifyingSideMenuCollapsedLangAsInSettingsLingua_18-17-08] Element found and ready (attempt 1): By.xpath: //ytd-topbar-menu-button-renderer[@class='style-scope ytd-masthead style-default']
18:17:34 [TestNG-test-Yt Master Tests-2] INFO  verifyingSideMenuCollapsedLangAsInSettingsLingua_18-17-08 - [verifyingSideMenuCollapsedLangAsInSettingsLingua_18-17-08] Waiting until element is visible in viewport
18:17:34 [TestNG-test-Yt Master Tests-2] INFO  verifyingSideMenuCollapsedLangAsInSettingsLingua_18-17-08 - Clicking settings ellipses button...
18:17:34 [TestNG-test-Yt Master Tests-2] INFO  verifyingSideMenuCollapsedLangAsInSettingsLingua_18-17-08 - [verifyingSideMenuCollapsedLangAsInSettingsLingua_18-17-08] Trying to find element: By.xpath: //ytd-topbar-menu-button-renderer[@class='style-scope ytd-masthead style-default']
18:17:34 [TestNG-test-Yt Master Tests-2] INFO  verifyingSideMenuCollapsedLangAsInSettingsLingua_18-17-08 - [verifyingSideMenuCollapsedLangAsInSettingsLingua_18-17-08] Element found and ready (attempt 1): By.xpath: //ytd-topbar-menu-button-renderer[@class='style-scope ytd-masthead style-default']
18:17:35 [TestNG-test-Yt Master Tests-2] INFO  verifyingSideMenuCollapsedLangAsInSettingsLingua_18-17-08 - getLangAttribute() - locating <html> and reading lang property
18:17:35 [TestNG-test-Yt Master Tests-2] INFO  verifyingSideMenuCollapsedLangAsInSettingsLingua_18-17-08 - Language attribute read: id-ID
18:17:35 [TestNG-test-Yt Master Tests-2] INFO  verifyingSideMenuCollapsedLangAsInSettingsLingua_18-17-08 - Fetching the side menu in collapsed view
18:17:35 [TestNG-test-Yt Master Tests-2] INFO  verifyingSideMenuCollapsedLangAsInSettingsLingua_18-17-08 - [verifyingSideMenuCollapsedLangAsInSettingsLingua_18-17-08] Finding elements list: By.xpath: //ytd-mini-guide-renderer[@class='style-scope ytd-app']//ytd-mini-guide-entry-renderer
18:17:35 [TestNG-test-Yt Master Tests-2] INFO  verifyingSideMenuCollapsedLangAsInSettingsLingua_18-17-08 - [verifyingSideMenuCollapsedLangAsInSettingsLingua_18-17-08] Found 4 ready elements (attempt 1): By.xpath: //ytd-mini-guide-renderer[@class='style-scope ytd-app']//ytd-mini-guide-entry-renderer
18:17:35 [TestNG-test-Yt Master Tests-2] INFO  verifyingSideMenuCollapsedLangAsInSettingsLingua_18-17-08 - 
========== LANGUAGE DETECTION ==========
Detected Language : ENGLISH
Input Text        : Beranda Shorts Subscription Anda
========================================
18:17:35 [TestNG-test-Yt Master Tests-2] INFO  verifyingSideMenuCollapsedLangAsInSettingsLingua_18-17-08 - text sent to lingua is       Beranda Shorts Subscription Anda
18:17:35 [TestNG-test-Yt Master Tests-2] INFO  verifyingSideMenuCollapsedLangAsInSettingsLingua_18-17-08 - getLangAttribute() - locating <html> and reading lang property
18:17:35 [TestNG-test-Yt Master Tests-2] INFO  verifyingSideMenuCollapsedLangAsInSettingsLingua_18-17-08 - Language attribute read: id-ID
18:17:35 [TestNG-test-Yt Master Tests-2] INFO  verifyingSideMenuCollapsedLangAsInSettingsLingua_18-17-08 - Clicking settings ellipses button...
18:17:35 [TestNG-test-Yt Master Tests-2] INFO  verifyingSideMenuCollapsedLangAsInSettingsLingua_18-17-08 - [verifyingSideMenuCollapsedLangAsInSettingsLingua_18-17-08] Trying to find element: By.xpath: //ytd-topbar-menu-button-renderer[@class='style-scope ytd-masthead style-default']
18:17:35 [TestNG-test-Yt Master Tests-2] INFO  verifyingSideMenuCollapsedLangAsInSettingsLingua_18-17-08 - [verifyingSideMenuCollapsedLangAsInSettingsLingua_18-17-08] Element found and ready (attempt 1): By.xpath: //ytd-topbar-menu-button-renderer[@class='style-scope ytd-masthead style-default']
18:17:35 [TestNG-test-Yt Master Tests-2] INFO  verifyingSideMenuCollapsedLangAsInSettingsLingua_18-17-08 - Clicking language dropdown...
18:17:35 [TestNG-test-Yt Master Tests-2] INFO  verifyingSideMenuCollapsedLangAsInSettingsLingua_18-17-08 - [verifyingSideMenuCollapsedLangAsInSettingsLingua_18-17-08] Trying to find element: By.xpath: (//div[@id='content-icon'])[2]
18:17:36 [TestNG-test-Yt Master Tests-2] INFO  verifyingSideMenuCollapsedLangAsInSettingsLingua_18-17-08 - [verifyingSideMenuCollapsedLangAsInSettingsLingua_18-17-08] Element found and ready (attempt 1): By.xpath: (//div[@id='content-icon'])[2]
18:17:36 [TestNG-test-Yt Master Tests-2] INFO  verifyingSideMenuCollapsedLangAsInSettingsLingua_18-17-08 - Looking for language element with name: Bosanski
18:17:36 [TestNG-test-Yt Master Tests-2] INFO  verifyingSideMenuCollapsedLangAsInSettingsLingua_18-17-08 - [verifyingSideMenuCollapsedLangAsInSettingsLingua_18-17-08] Trying to find element: By.xpath: //yt-multi-page-menu-section-renderer[@class='style-scope ytd-multi-page-menu-renderer']//yt-formatted-string[@id='label' and text()='Bosanski']
18:17:36 [TestNG-test-Yt Master Tests-2] INFO  verifyingSideMenuCollapsedLangAsInSettingsLingua_18-17-08 - [verifyingSideMenuCollapsedLangAsInSettingsLingua_18-17-08] Element found and ready (attempt 1): By.xpath: //yt-multi-page-menu-section-renderer[@class='style-scope ytd-multi-page-menu-renderer']//yt-formatted-string[@id='label' and text()='Bosanski']
18:17:36 [TestNG-test-Yt Master Tests-2] INFO  verifyingSideMenuCollapsedLangAsInSettingsLingua_18-17-08 - [verifyingSideMenuCollapsedLangAsInSettingsLingua_18-17-08] Trying to find element: By.xpath: //yt-multi-page-menu-section-renderer[@class='style-scope ytd-multi-page-menu-renderer']//yt-formatted-string[@id='label' and text()='Bosanski']
18:17:36 [TestNG-test-Yt Master Tests-2] INFO  verifyingSideMenuCollapsedLangAsInSettingsLingua_18-17-08 - [verifyingSideMenuCollapsedLangAsInSettingsLingua_18-17-08] Element found and ready (attempt 1): By.xpath: //yt-multi-page-menu-section-renderer[@class='style-scope ytd-multi-page-menu-renderer']//yt-formatted-string[@id='label' and text()='Bosanski']
18:17:37 [TestNG-test-Yt Master Tests-2] INFO  verifyingSideMenuCollapsedLangAsInSettingsLingua_18-17-08 - Clicking settings ellipses button...
18:17:38 [TestNG-test-Yt Master Tests-2] INFO  verifyingSideMenuCollapsedLangAsInSettingsLingua_18-17-08 - [verifyingSideMenuCollapsedLangAsInSettingsLingua_18-17-08] Trying to find element: By.xpath: //ytd-topbar-menu-button-renderer[@class='style-scope ytd-masthead style-default']
18:17:38 [TestNG-test-Yt Master Tests-2] INFO  verifyingSideMenuCollapsedLangAsInSettingsLingua_18-17-08 - [verifyingSideMenuCollapsedLangAsInSettingsLingua_18-17-08] Element found and ready (attempt 1): By.xpath: //ytd-topbar-menu-button-renderer[@class='style-scope ytd-masthead style-default']
18:17:38 [TestNG-test-Yt Master Tests-2] INFO  verifyingSideMenuCollapsedLangAsInSettingsLingua_18-17-08 - [verifyingSideMenuCollapsedLangAsInSettingsLingua_18-17-08] Waiting until element is visible in viewport
18:17:39 [TestNG-test-Yt Master Tests-2] INFO  verifyingSideMenuCollapsedLangAsInSettingsLingua_18-17-08 - Clicking settings ellipses button...
18:17:39 [TestNG-test-Yt Master Tests-2] INFO  verifyingSideMenuCollapsedLangAsInSettingsLingua_18-17-08 - [verifyingSideMenuCollapsedLangAsInSettingsLingua_18-17-08] Trying to find element: By.xpath: //ytd-topbar-menu-button-renderer[@class='style-scope ytd-masthead style-default']
18:17:39 [TestNG-test-Yt Master Tests-2] INFO  verifyingSideMenuCollapsedLangAsInSettingsLingua_18-17-08 - [verifyingSideMenuCollapsedLangAsInSettingsLingua_18-17-08] Element found and ready (attempt 1): By.xpath: //ytd-topbar-menu-button-renderer[@class='style-scope ytd-masthead style-default']
18:17:39 [TestNG-test-Yt Master Tests-2] INFO  verifyingSideMenuCollapsedLangAsInSettingsLingua_18-17-08 - getLangAttribute() - locating <html> and reading lang property
18:17:39 [TestNG-test-Yt Master Tests-2] INFO  verifyingSideMenuCollapsedLangAsInSettingsLingua_18-17-08 - Language attribute read: bs-Latn-BA
18:17:39 [TestNG-test-Yt Master Tests-2] INFO  verifyingSideMenuCollapsedLangAsInSettingsLingua_18-17-08 - Fetching the side menu in collapsed view
18:17:39 [TestNG-test-Yt Master Tests-2] INFO  verifyingSideMenuCollapsedLangAsInSettingsLingua_18-17-08 - [verifyingSideMenuCollapsedLangAsInSettingsLingua_18-17-08] Finding elements list: By.xpath: //ytd-mini-guide-renderer[@class='style-scope ytd-app']//ytd-mini-guide-entry-renderer
18:17:39 [TestNG-test-Yt Master Tests-2] INFO  verifyingSideMenuCollapsedLangAsInSettingsLingua_18-17-08 - [verifyingSideMenuCollapsedLangAsInSettingsLingua_18-17-08] Found 4 ready elements (attempt 1): By.xpath: //ytd-mini-guide-renderer[@class='style-scope ytd-app']//ytd-mini-guide-entry-renderer
18:17:39 [TestNG-test-Yt Master Tests-2] INFO  verifyingSideMenuCollapsedLangAsInSettingsLingua_18-17-08 - 
========== LANGUAGE DETECTION ==========
Detected Language : BOSNIAN
Input Text        : Početna stranica Shorts Pretplate Vi
========================================
18:17:39 [TestNG-test-Yt Master Tests-2] INFO  verifyingSideMenuCollapsedLangAsInSettingsLingua_18-17-08 - text sent to lingua is       Početna stranica Shorts Pretplate Vi
18:17:39 [TestNG-test-Yt Master Tests-2] INFO  verifyingSideMenuCollapsedLangAsInSettingsLingua_18-17-08 - getLangAttribute() - locating <html> and reading lang property
18:17:39 [TestNG-test-Yt Master Tests-2] INFO  verifyingSideMenuCollapsedLangAsInSettingsLingua_18-17-08 - Language attribute read: bs-Latn-BA
18:17:39 [TestNG-test-Yt Master Tests-2] INFO  verifyingSideMenuCollapsedLangAsInSettingsLingua_18-17-08 - Clicking settings ellipses button...
18:17:39 [TestNG-test-Yt Master Tests-2] INFO  verifyingSideMenuCollapsedLangAsInSettingsLingua_18-17-08 - [verifyingSideMenuCollapsedLangAsInSettingsLingua_18-17-08] Trying to find element: By.xpath: //ytd-topbar-menu-button-renderer[@class='style-scope ytd-masthead style-default']
18:17:39 [TestNG-test-Yt Master Tests-2] INFO  verifyingSideMenuCollapsedLangAsInSettingsLingua_18-17-08 - [verifyingSideMenuCollapsedLangAsInSettingsLingua_18-17-08] Element found and ready (attempt 1): By.xpath: //ytd-topbar-menu-button-renderer[@class='style-scope ytd-masthead style-default']
18:17:39 [TestNG-test-Yt Master Tests-2] INFO  verifyingSideMenuCollapsedLangAsInSettingsLingua_18-17-08 - Clicking language dropdown...
18:17:39 [TestNG-test-Yt Master Tests-2] INFO  verifyingSideMenuCollapsedLangAsInSettingsLingua_18-17-08 - [verifyingSideMenuCollapsedLangAsInSettingsLingua_18-17-08] Trying to find element: By.xpath: (//div[@id='content-icon'])[2]
18:17:40 [TestNG-test-Yt Master Tests-2] INFO  verifyingSideMenuCollapsedLangAsInSettingsLingua_18-17-08 - [verifyingSideMenuCollapsedLangAsInSettingsLingua_18-17-08] Element found and ready (attempt 1): By.xpath: (//div[@id='content-icon'])[2]
18:17:41 [TestNG-test-Yt Master Tests-2] INFO  verifyingSideMenuCollapsedLangAsInSettingsLingua_18-17-08 - Looking for language element with name: Català
18:17:41 [TestNG-test-Yt Master Tests-2] INFO  verifyingSideMenuCollapsedLangAsInSettingsLingua_18-17-08 - [verifyingSideMenuCollapsedLangAsInSettingsLingua_18-17-08] Trying to find element: By.xpath: //yt-multi-page-menu-section-renderer[@class='style-scope ytd-multi-page-menu-renderer']//yt-formatted-string[@id='label' and text()='Català']
18:17:41 [TestNG-test-Yt Master Tests-2] INFO  verifyingSideMenuCollapsedLangAsInSettingsLingua_18-17-08 - [verifyingSideMenuCollapsedLangAsInSettingsLingua_18-17-08] Element found and ready (attempt 1): By.xpath: //yt-multi-page-menu-section-renderer[@class='style-scope ytd-multi-page-menu-renderer']//yt-formatted-string[@id='label' and text()='Català']
18:17:41 [TestNG-test-Yt Master Tests-2] INFO  verifyingSideMenuCollapsedLangAsInSettingsLingua_18-17-08 - [verifyingSideMenuCollapsedLangAsInSettingsLingua_18-17-08] Trying to find element: By.xpath: //yt-multi-page-menu-section-renderer[@class='style-scope ytd-multi-page-menu-renderer']//yt-formatted-string[@id='label' and text()='Català']
18:17:41 [TestNG-test-Yt Master Tests-2] INFO  verifyingSideMenuCollapsedLangAsInSettingsLingua_18-17-08 - [verifyingSideMenuCollapsedLangAsInSettingsLingua_18-17-08] Element found and ready (attempt 1): By.xpath: //yt-multi-page-menu-section-renderer[@class='style-scope ytd-multi-page-menu-renderer']//yt-formatted-string[@id='label' and text()='Català']
18:17:42 [TestNG-test-Yt Master Tests-2] INFO  verifyingSideMenuCollapsedLangAsInSettingsLingua_18-17-08 - Clicking settings ellipses button...
18:17:42 [TestNG-test-Yt Master Tests-2] INFO  verifyingSideMenuCollapsedLangAsInSettingsLingua_18-17-08 - [verifyingSideMenuCollapsedLangAsInSettingsLingua_18-17-08] Trying to find element: By.xpath: //ytd-topbar-menu-button-renderer[@class='style-scope ytd-masthead style-default']
18:17:42 [TestNG-test-Yt Master Tests-2] INFO  verifyingSideMenuCollapsedLangAsInSettingsLingua_18-17-08 - [verifyingSideMenuCollapsedLangAsInSettingsLingua_18-17-08] Element found and ready (attempt 1): By.xpath: //ytd-topbar-menu-button-renderer[@class='style-scope ytd-masthead style-default']
18:17:43 [TestNG-test-Yt Master Tests-2] INFO  verifyingSideMenuCollapsedLangAsInSettingsLingua_18-17-08 - [verifyingSideMenuCollapsedLangAsInSettingsLingua_18-17-08] Waiting until element is visible in viewport
18:17:43 [TestNG-test-Yt Master Tests-2] INFO  verifyingSideMenuCollapsedLangAsInSettingsLingua_18-17-08 - Clicking settings ellipses button...
18:17:43 [TestNG-test-Yt Master Tests-2] INFO  verifyingSideMenuCollapsedLangAsInSettingsLingua_18-17-08 - [verifyingSideMenuCollapsedLangAsInSettingsLingua_18-17-08] Trying to find element: By.xpath: //ytd-topbar-menu-button-renderer[@class='style-scope ytd-masthead style-default']
18:17:43 [TestNG-test-Yt Master Tests-2] INFO  verifyingSideMenuCollapsedLangAsInSettingsLingua_18-17-08 - [verifyingSideMenuCollapsedLangAsInSettingsLingua_18-17-08] Element found and ready (attempt 1): By.xpath: //ytd-topbar-menu-button-renderer[@class='style-scope ytd-masthead style-default']
18:17:43 [TestNG-test-Yt Master Tests-2] INFO  verifyingSideMenuCollapsedLangAsInSettingsLingua_18-17-08 - getLangAttribute() - locating <html> and reading lang property
18:17:43 [TestNG-test-Yt Master Tests-2] INFO  verifyingSideMenuCollapsedLangAsInSettingsLingua_18-17-08 - Language attribute read: ca-ES
18:17:43 [TestNG-test-Yt Master Tests-2] INFO  verifyingSideMenuCollapsedLangAsInSettingsLingua_18-17-08 - Fetching the side menu in collapsed view
18:17:43 [TestNG-test-Yt Master Tests-2] INFO  verifyingSideMenuCollapsedLangAsInSettingsLingua_18-17-08 - [verifyingSideMenuCollapsedLangAsInSettingsLingua_18-17-08] Finding elements list: By.xpath: //ytd-mini-guide-renderer[@class='style-scope ytd-app']//ytd-mini-guide-entry-renderer
18:17:43 [TestNG-test-Yt Master Tests-2] INFO  verifyingSideMenuCollapsedLangAsInSettingsLingua_18-17-08 - [verifyingSideMenuCollapsedLangAsInSettingsLingua_18-17-08] Found 4 ready elements (attempt 1): By.xpath: //ytd-mini-guide-renderer[@class='style-scope ytd-app']//ytd-mini-guide-entry-renderer
18:17:43 [TestNG-test-Yt Master Tests-2] INFO  verifyingSideMenuCollapsedLangAsInSettingsLingua_18-17-08 - 
========== LANGUAGE DETECTION ==========
Detected Language : CATALAN
Input Text        : Inici YouTube Shorts Subscripcions Tu
========================================
18:17:43 [TestNG-test-Yt Master Tests-2] INFO  verifyingSideMenuCollapsedLangAsInSettingsLingua_18-17-08 - text sent to lingua is       Inici YouTube Shorts Subscripcions Tu
18:17:43 [TestNG-test-Yt Master Tests-2] INFO  verifyingSideMenuCollapsedLangAsInSettingsLingua_18-17-08 - getLangAttribute() - locating <html> and reading lang property
18:17:43 [TestNG-test-Yt Master Tests-2] INFO  verifyingSideMenuCollapsedLangAsInSettingsLingua_18-17-08 - Language attribute read: ca-ES
18:17:43 [TestNG-test-Yt Master Tests-2] INFO  verifyingSideMenuCollapsedLangAsInSettingsLingua_18-17-08 - Clicking settings ellipses button...
18:17:44 [TestNG-test-Yt Master Tests-2] INFO  verifyingSideMenuCollapsedLangAsInSettingsLingua_18-17-08 - [verifyingSideMenuCollapsedLangAsInSettingsLingua_18-17-08] Trying to find element: By.xpath: //ytd-topbar-menu-button-renderer[@class='style-scope ytd-masthead style-default']
18:17:44 [TestNG-test-Yt Master Tests-2] INFO  verifyingSideMenuCollapsedLangAsInSettingsLingua_18-17-08 - [verifyingSideMenuCollapsedLangAsInSettingsLingua_18-17-08] Element found and ready (attempt 1): By.xpath: //ytd-topbar-menu-button-renderer[@class='style-scope ytd-masthead style-default']
18:17:44 [TestNG-test-Yt Master Tests-2] INFO  verifyingSideMenuCollapsedLangAsInSettingsLingua_18-17-08 - Clicking language dropdown...
18:17:44 [TestNG-test-Yt Master Tests-2] INFO  verifyingSideMenuCollapsedLangAsInSettingsLingua_18-17-08 - [verifyingSideMenuCollapsedLangAsInSettingsLingua_18-17-08] Trying to find element: By.xpath: (//div[@id='content-icon'])[2]
18:17:44 [TestNG-test-Yt Master Tests-2] INFO  verifyingSideMenuCollapsedLangAsInSettingsLingua_18-17-08 - [verifyingSideMenuCollapsedLangAsInSettingsLingua_18-17-08] Element found and ready (attempt 1): By.xpath: (//div[@id='content-icon'])[2]
18:17:45 [TestNG-test-Yt Master Tests-2] INFO  verifyingSideMenuCollapsedLangAsInSettingsLingua_18-17-08 - Looking for language element with name: Dansk
18:17:45 [TestNG-test-Yt Master Tests-2] INFO  verifyingSideMenuCollapsedLangAsInSettingsLingua_18-17-08 - [verifyingSideMenuCollapsedLangAsInSettingsLingua_18-17-08] Trying to find element: By.xpath: //yt-multi-page-menu-section-renderer[@class='style-scope ytd-multi-page-menu-renderer']//yt-formatted-string[@id='label' and text()='Dansk']
18:17:45 [TestNG-test-Yt Master Tests-2] INFO  verifyingSideMenuCollapsedLangAsInSettingsLingua_18-17-08 - [verifyingSideMenuCollapsedLangAsInSettingsLingua_18-17-08] Element found and ready (attempt 1): By.xpath: //yt-multi-page-menu-section-renderer[@class='style-scope ytd-multi-page-menu-renderer']//yt-formatted-string[@id='label' and text()='Dansk']
18:17:45 [TestNG-test-Yt Master Tests-2] INFO  verifyingSideMenuCollapsedLangAsInSettingsLingua_18-17-08 - [verifyingSideMenuCollapsedLangAsInSettingsLingua_18-17-08] Trying to find element: By.xpath: //yt-multi-page-menu-section-renderer[@class='style-scope ytd-multi-page-menu-renderer']//yt-formatted-string[@id='label' and text()='Dansk']
18:17:45 [TestNG-test-Yt Master Tests-2] INFO  verifyingSideMenuCollapsedLangAsInSettingsLingua_18-17-08 - [verifyingSideMenuCollapsedLangAsInSettingsLingua_18-17-08] Element found and ready (attempt 1): By.xpath: //yt-multi-page-menu-section-renderer[@class='style-scope ytd-multi-page-menu-renderer']//yt-formatted-string[@id='label' and text()='Dansk']
18:17:47 [TestNG-test-Yt Master Tests-2] INFO  verifyingSideMenuCollapsedLangAsInSettingsLingua_18-17-08 - Clicking settings ellipses button...
18:17:47 [TestNG-test-Yt Master Tests-2] INFO  verifyingSideMenuCollapsedLangAsInSettingsLingua_18-17-08 - [verifyingSideMenuCollapsedLangAsInSettingsLingua_18-17-08] Trying to find element: By.xpath: //ytd-topbar-menu-button-renderer[@class='style-scope ytd-masthead style-default']
18:17:48 [TestNG-test-Yt Master Tests-2] INFO  verifyingSideMenuCollapsedLangAsInSettingsLingua_18-17-08 - [verifyingSideMenuCollapsedLangAsInSettingsLingua_18-17-08] Element found and ready (attempt 1): By.xpath: //ytd-topbar-menu-button-renderer[@class='style-scope ytd-masthead style-default']
18:17:48 [TestNG-test-Yt Master Tests-2] INFO  verifyingSideMenuCollapsedLangAsInSettingsLingua_18-17-08 - [verifyingSideMenuCollapsedLangAsInSettingsLingua_18-17-08] Waiting until element is visible in viewport
18:17:49 [TestNG-test-Yt Master Tests-2] INFO  verifyingSideMenuCollapsedLangAsInSettingsLingua_18-17-08 - Clicking settings ellipses button...
18:17:49 [TestNG-test-Yt Master Tests-2] INFO  verifyingSideMenuCollapsedLangAsInSettingsLingua_18-17-08 - [verifyingSideMenuCollapsedLangAsInSettingsLingua_18-17-08] Trying to find element: By.xpath: //ytd-topbar-menu-button-renderer[@class='style-scope ytd-masthead style-default']
18:17:49 [TestNG-test-Yt Master Tests-2] INFO  verifyingSideMenuCollapsedLangAsInSettingsLingua_18-17-08 - [verifyingSideMenuCollapsedLangAsInSettingsLingua_18-17-08] Element found and ready (attempt 1): By.xpath: //ytd-topbar-menu-button-renderer[@class='style-scope ytd-masthead style-default']
18:17:49 [TestNG-test-Yt Master Tests-2] INFO  verifyingSideMenuCollapsedLangAsInSettingsLingua_18-17-08 - getLangAttribute() - locating <html> and reading lang property
18:17:49 [TestNG-test-Yt Master Tests-2] INFO  verifyingSideMenuCollapsedLangAsInSettingsLingua_18-17-08 - Language attribute read: da-DK
18:17:49 [TestNG-test-Yt Master Tests-2] INFO  verifyingSideMenuCollapsedLangAsInSettingsLingua_18-17-08 - Fetching the side menu in collapsed view
18:17:49 [TestNG-test-Yt Master Tests-2] INFO  verifyingSideMenuCollapsedLangAsInSettingsLingua_18-17-08 - [verifyingSideMenuCollapsedLangAsInSettingsLingua_18-17-08] Finding elements list: By.xpath: //ytd-mini-guide-renderer[@class='style-scope ytd-app']//ytd-mini-guide-entry-renderer
18:17:49 [TestNG-test-Yt Master Tests-2] INFO  verifyingSideMenuCollapsedLangAsInSettingsLingua_18-17-08 - [verifyingSideMenuCollapsedLangAsInSettingsLingua_18-17-08] Found 4 ready elements (attempt 1): By.xpath: //ytd-mini-guide-renderer[@class='style-scope ytd-app']//ytd-mini-guide-entry-renderer
18:17:49 [TestNG-test-Yt Master Tests-2] INFO  verifyingSideMenuCollapsedLangAsInSettingsLingua_18-17-08 - 
========== LANGUAGE DETECTION ==========
Detected Language : DANISH
Input Text        : Start Shorts Abonnementer Dig
========================================
18:17:49 [TestNG-test-Yt Master Tests-2] INFO  verifyingSideMenuCollapsedLangAsInSettingsLingua_18-17-08 - text sent to lingua is       Start Shorts Abonnementer Dig
18:17:49 [TestNG-test-Yt Master Tests-2] INFO  verifyingSideMenuCollapsedLangAsInSettingsLingua_18-17-08 - getLangAttribute() - locating <html> and reading lang property
18:17:49 [TestNG-test-Yt Master Tests-2] INFO  verifyingSideMenuCollapsedLangAsInSettingsLingua_18-17-08 - Language attribute read: da-DK
18:17:49 [TestNG-test-Yt Master Tests-2] INFO  verifyingSideMenuCollapsedLangAsInSettingsLingua_18-17-08 - Clicking settings ellipses button...
18:17:50 [TestNG-test-Yt Master Tests-2] INFO  verifyingSideMenuCollapsedLangAsInSettingsLingua_18-17-08 - [verifyingSideMenuCollapsedLangAsInSettingsLingua_18-17-08] Trying to find element: By.xpath: //ytd-topbar-menu-button-renderer[@class='style-scope ytd-masthead style-default']
18:17:50 [TestNG-test-Yt Master Tests-2] INFO  verifyingSideMenuCollapsedLangAsInSettingsLingua_18-17-08 - [verifyingSideMenuCollapsedLangAsInSettingsLingua_18-17-08] Element found and ready (attempt 1): By.xpath: //ytd-topbar-menu-button-renderer[@class='style-scope ytd-masthead style-default']
18:17:50 [TestNG-test-Yt Master Tests-2] INFO  verifyingSideMenuCollapsedLangAsInSettingsLingua_18-17-08 - Clicking language dropdown...
18:17:50 [TestNG-test-Yt Master Tests-2] INFO  verifyingSideMenuCollapsedLangAsInSettingsLingua_18-17-08 - [verifyingSideMenuCollapsedLangAsInSettingsLingua_18-17-08] Trying to find element: By.xpath: (//div[@id='content-icon'])[2]
18:17:50 [TestNG-test-Yt Master Tests-2] INFO  verifyingSideMenuCollapsedLangAsInSettingsLingua_18-17-08 - [verifyingSideMenuCollapsedLangAsInSettingsLingua_18-17-08] Element found and ready (attempt 1): By.xpath: (//div[@id='content-icon'])[2]
18:17:51 [TestNG-test-Yt Master Tests-2] INFO  verifyingSideMenuCollapsedLangAsInSettingsLingua_18-17-08 - Looking for language element with name: Deutsch
18:17:51 [TestNG-test-Yt Master Tests-2] INFO  verifyingSideMenuCollapsedLangAsInSettingsLingua_18-17-08 - [verifyingSideMenuCollapsedLangAsInSettingsLingua_18-17-08] Trying to find element: By.xpath: //yt-multi-page-menu-section-renderer[@class='style-scope ytd-multi-page-menu-renderer']//yt-formatted-string[@id='label' and text()='Deutsch']
18:17:51 [TestNG-test-Yt Master Tests-2] INFO  verifyingSideMenuCollapsedLangAsInSettingsLingua_18-17-08 - [verifyingSideMenuCollapsedLangAsInSettingsLingua_18-17-08] Element found and ready (attempt 1): By.xpath: //yt-multi-page-menu-section-renderer[@class='style-scope ytd-multi-page-menu-renderer']//yt-formatted-string[@id='label' and text()='Deutsch']
18:17:51 [TestNG-test-Yt Master Tests-2] INFO  verifyingSideMenuCollapsedLangAsInSettingsLingua_18-17-08 - [verifyingSideMenuCollapsedLangAsInSettingsLingua_18-17-08] Trying to find element: By.xpath: //yt-multi-page-menu-section-renderer[@class='style-scope ytd-multi-page-menu-renderer']//yt-formatted-string[@id='label' and text()='Deutsch']
18:17:51 [TestNG-test-Yt Master Tests-2] INFO  verifyingSideMenuCollapsedLangAsInSettingsLingua_18-17-08 - [verifyingSideMenuCollapsedLangAsInSettingsLingua_18-17-08] Element found and ready (attempt 1): By.xpath: //yt-multi-page-menu-section-renderer[@class='style-scope ytd-multi-page-menu-renderer']//yt-formatted-string[@id='label' and text()='Deutsch']
18:17:52 [TestNG-test-Yt Master Tests-2] INFO  verifyingSideMenuCollapsedLangAsInSettingsLingua_18-17-08 - Clicking settings ellipses button...
18:17:52 [TestNG-test-Yt Master Tests-2] INFO  verifyingSideMenuCollapsedLangAsInSettingsLingua_18-17-08 - [verifyingSideMenuCollapsedLangAsInSettingsLingua_18-17-08] Trying to find element: By.xpath: //ytd-topbar-menu-button-renderer[@class='style-scope ytd-masthead style-default']
18:17:52 [TestNG-test-Yt Master Tests-2] INFO  verifyingSideMenuCollapsedLangAsInSettingsLingua_18-17-08 - [verifyingSideMenuCollapsedLangAsInSettingsLingua_18-17-08] Element found and ready (attempt 1): By.xpath: //ytd-topbar-menu-button-renderer[@class='style-scope ytd-masthead style-default']
18:17:53 [TestNG-test-Yt Master Tests-2] INFO  verifyingSideMenuCollapsedLangAsInSettingsLingua_18-17-08 - [verifyingSideMenuCollapsedLangAsInSettingsLingua_18-17-08] Waiting until element is visible in viewport
18:17:53 [TestNG-test-Yt Master Tests-2] INFO  verifyingSideMenuCollapsedLangAsInSettingsLingua_18-17-08 - Clicking settings ellipses button...
18:17:53 [TestNG-test-Yt Master Tests-2] INFO  verifyingSideMenuCollapsedLangAsInSettingsLingua_18-17-08 - [verifyingSideMenuCollapsedLangAsInSettingsLingua_18-17-08] Trying to find element: By.xpath: //ytd-topbar-menu-button-renderer[@class='style-scope ytd-masthead style-default']
18:17:54 [TestNG-test-Yt Master Tests-2] INFO  verifyingSideMenuCollapsedLangAsInSettingsLingua_18-17-08 - [verifyingSideMenuCollapsedLangAsInSettingsLingua_18-17-08] Element found and ready (attempt 1): By.xpath: //ytd-topbar-menu-button-renderer[@class='style-scope ytd-masthead style-default']
18:17:54 [TestNG-test-Yt Master Tests-2] INFO  verifyingSideMenuCollapsedLangAsInSettingsLingua_18-17-08 - getLangAttribute() - locating <html> and reading lang property
18:17:54 [TestNG-test-Yt Master Tests-2] INFO  verifyingSideMenuCollapsedLangAsInSettingsLingua_18-17-08 - Language attribute read: de-DE
18:17:54 [TestNG-test-Yt Master Tests-2] INFO  verifyingSideMenuCollapsedLangAsInSettingsLingua_18-17-08 - Fetching the side menu in collapsed view
18:17:54 [TestNG-test-Yt Master Tests-2] INFO  verifyingSideMenuCollapsedLangAsInSettingsLingua_18-17-08 - [verifyingSideMenuCollapsedLangAsInSettingsLingua_18-17-08] Finding elements list: By.xpath: //ytd-mini-guide-renderer[@class='style-scope ytd-app']//ytd-mini-guide-entry-renderer
18:17:54 [TestNG-test-Yt Master Tests-2] INFO  verifyingSideMenuCollapsedLangAsInSettingsLingua_18-17-08 - [verifyingSideMenuCollapsedLangAsInSettingsLingua_18-17-08] Found 4 ready elements (attempt 1): By.xpath: //ytd-mini-guide-renderer[@class='style-scope ytd-app']//ytd-mini-guide-entry-renderer
18:17:54 [TestNG-test-Yt Master Tests-2] INFO  verifyingSideMenuCollapsedLangAsInSettingsLingua_18-17-08 - 
========== LANGUAGE DETECTION ==========
Detected Language : GERMAN
Input Text        : Startseite Shorts Abos Mein YouTube
========================================
18:17:54 [TestNG-test-Yt Master Tests-2] INFO  verifyingSideMenuCollapsedLangAsInSettingsLingua_18-17-08 - text sent to lingua is       Startseite Shorts Abos Mein YouTube
18:17:54 [TestNG-test-Yt Master Tests-2] INFO  verifyingSideMenuCollapsedLangAsInSettingsLingua_18-17-08 - getLangAttribute() - locating <html> and reading lang property
18:17:54 [TestNG-test-Yt Master Tests-2] INFO  verifyingSideMenuCollapsedLangAsInSettingsLingua_18-17-08 - Language attribute read: de-DE
18:17:54 [TestNG-test-Yt Master Tests-2] INFO  verifyingSideMenuCollapsedLangAsInSettingsLingua_18-17-08 - Clicking settings ellipses button...
18:17:54 [TestNG-test-Yt Master Tests-2] INFO  verifyingSideMenuCollapsedLangAsInSettingsLingua_18-17-08 - [verifyingSideMenuCollapsedLangAsInSettingsLingua_18-17-08] Trying to find element: By.xpath: //ytd-topbar-menu-button-renderer[@class='style-scope ytd-masthead style-default']
18:17:54 [TestNG-test-Yt Master Tests-2] INFO  verifyingSideMenuCollapsedLangAsInSettingsLingua_18-17-08 - [verifyingSideMenuCollapsedLangAsInSettingsLingua_18-17-08] Element found and ready (attempt 1): By.xpath: //ytd-topbar-menu-button-renderer[@class='style-scope ytd-masthead style-default']
18:17:54 [TestNG-test-Yt Master Tests-2] INFO  verifyingSideMenuCollapsedLangAsInSettingsLingua_18-17-08 - Clicking language dropdown...
18:17:54 [TestNG-test-Yt Master Tests-2] INFO  verifyingSideMenuCollapsedLangAsInSettingsLingua_18-17-08 - [verifyingSideMenuCollapsedLangAsInSettingsLingua_18-17-08] Trying to find element: By.xpath: (//div[@id='content-icon'])[2]
18:17:55 [TestNG-test-Yt Master Tests-2] INFO  verifyingSideMenuCollapsedLangAsInSettingsLingua_18-17-08 - [verifyingSideMenuCollapsedLangAsInSettingsLingua_18-17-08] Element found and ready (attempt 1): By.xpath: (//div[@id='content-icon'])[2]
18:17:55 [TestNG-test-Yt Master Tests-2] INFO  verifyingSideMenuCollapsedLangAsInSettingsLingua_18-17-08 - Looking for language element with name: Eesti
18:17:55 [TestNG-test-Yt Master Tests-2] INFO  verifyingSideMenuCollapsedLangAsInSettingsLingua_18-17-08 - [verifyingSideMenuCollapsedLangAsInSettingsLingua_18-17-08] Trying to find element: By.xpath: //yt-multi-page-menu-section-renderer[@class='style-scope ytd-multi-page-menu-renderer']//yt-formatted-string[@id='label' and text()='Eesti']
18:17:55 [TestNG-test-Yt Master Tests-2] INFO  verifyingSideMenuCollapsedLangAsInSettingsLingua_18-17-08 - [verifyingSideMenuCollapsedLangAsInSettingsLingua_18-17-08] Element found and ready (attempt 1): By.xpath: //yt-multi-page-menu-section-renderer[@class='style-scope ytd-multi-page-menu-renderer']//yt-formatted-string[@id='label' and text()='Eesti']
18:17:55 [TestNG-test-Yt Master Tests-2] INFO  verifyingSideMenuCollapsedLangAsInSettingsLingua_18-17-08 - [verifyingSideMenuCollapsedLangAsInSettingsLingua_18-17-08] Trying to find element: By.xpath: //yt-multi-page-menu-section-renderer[@class='style-scope ytd-multi-page-menu-renderer']//yt-formatted-string[@id='label' and text()='Eesti']
18:17:55 [TestNG-test-Yt Master Tests-2] INFO  verifyingSideMenuCollapsedLangAsInSettingsLingua_18-17-08 - [verifyingSideMenuCollapsedLangAsInSettingsLingua_18-17-08] Element found and ready (attempt 1): By.xpath: //yt-multi-page-menu-section-renderer[@class='style-scope ytd-multi-page-menu-renderer']//yt-formatted-string[@id='label' and text()='Eesti']
18:17:56 [TestNG-test-Yt Master Tests-2] INFO  verifyingSideMenuCollapsedLangAsInSettingsLingua_18-17-08 - Clicking settings ellipses button...
18:17:57 [TestNG-test-Yt Master Tests-2] INFO  verifyingSideMenuCollapsedLangAsInSettingsLingua_18-17-08 - [verifyingSideMenuCollapsedLangAsInSettingsLingua_18-17-08] Trying to find element: By.xpath: //ytd-topbar-menu-button-renderer[@class='style-scope ytd-masthead style-default']
18:17:57 [TestNG-test-Yt Master Tests-2] INFO  verifyingSideMenuCollapsedLangAsInSettingsLingua_18-17-08 - [verifyingSideMenuCollapsedLangAsInSettingsLingua_18-17-08] Element found and ready (attempt 1): By.xpath: //ytd-topbar-menu-button-renderer[@class='style-scope ytd-masthead style-default']
18:17:57 [TestNG-test-Yt Master Tests-2] INFO  verifyingSideMenuCollapsedLangAsInSettingsLingua_18-17-08 - [verifyingSideMenuCollapsedLangAsInSettingsLingua_18-17-08] Waiting until element is visible in viewport
18:17:58 [TestNG-test-Yt Master Tests-2] INFO  verifyingSideMenuCollapsedLangAsInSettingsLingua_18-17-08 - Clicking settings ellipses button...
18:17:58 [TestNG-test-Yt Master Tests-2] INFO  verifyingSideMenuCollapsedLangAsInSettingsLingua_18-17-08 - [verifyingSideMenuCollapsedLangAsInSettingsLingua_18-17-08] Trying to find element: By.xpath: //ytd-topbar-menu-button-renderer[@class='style-scope ytd-masthead style-default']
18:17:58 [TestNG-test-Yt Master Tests-2] INFO  verifyingSideMenuCollapsedLangAsInSettingsLingua_18-17-08 - [verifyingSideMenuCollapsedLangAsInSettingsLingua_18-17-08] Element found and ready (attempt 1): By.xpath: //ytd-topbar-menu-button-renderer[@class='style-scope ytd-masthead style-default']
18:17:58 [TestNG-test-Yt Master Tests-2] INFO  verifyingSideMenuCollapsedLangAsInSettingsLingua_18-17-08 - getLangAttribute() - locating <html> and reading lang property
18:17:58 [TestNG-test-Yt Master Tests-2] INFO  verifyingSideMenuCollapsedLangAsInSettingsLingua_18-17-08 - Language attribute read: et-EE
18:17:58 [TestNG-test-Yt Master Tests-2] INFO  verifyingSideMenuCollapsedLangAsInSettingsLingua_18-17-08 - Fetching the side menu in collapsed view
18:17:58 [TestNG-test-Yt Master Tests-2] INFO  verifyingSideMenuCollapsedLangAsInSettingsLingua_18-17-08 - [verifyingSideMenuCollapsedLangAsInSettingsLingua_18-17-08] Finding elements list: By.xpath: //ytd-mini-guide-renderer[@class='style-scope ytd-app']//ytd-mini-guide-entry-renderer
18:17:58 [TestNG-test-Yt Master Tests-2] INFO  verifyingSideMenuCollapsedLangAsInSettingsLingua_18-17-08 - [verifyingSideMenuCollapsedLangAsInSettingsLingua_18-17-08] Found 4 ready elements (attempt 1): By.xpath: //ytd-mini-guide-renderer[@class='style-scope ytd-app']//ytd-mini-guide-entry-renderer
18:17:58 [TestNG-test-Yt Master Tests-2] INFO  verifyingSideMenuCollapsedLangAsInSettingsLingua_18-17-08 - 
========== LANGUAGE DETECTION ==========
Detected Language : ESTONIAN
Input Text        : Avaleht Shorts Tellimused Teie
========================================
18:17:58 [TestNG-test-Yt Master Tests-2] INFO  verifyingSideMenuCollapsedLangAsInSettingsLingua_18-17-08 - text sent to lingua is       Avaleht Shorts Tellimused Teie
18:17:58 [TestNG-test-Yt Master Tests-2] INFO  verifyingSideMenuCollapsedLangAsInSettingsLingua_18-17-08 - getLangAttribute() - locating <html> and reading lang property
18:17:58 [TestNG-test-Yt Master Tests-2] INFO  verifyingSideMenuCollapsedLangAsInSettingsLingua_18-17-08 - Language attribute read: et-EE
18:17:58 [TestNG-test-Yt Master Tests-2] INFO  verifyingSideMenuCollapsedLangAsInSettingsLingua_18-17-08 - Clicking settings ellipses button...
18:17:58 [TestNG-test-Yt Master Tests-2] INFO  verifyingSideMenuCollapsedLangAsInSettingsLingua_18-17-08 - [verifyingSideMenuCollapsedLangAsInSettingsLingua_18-17-08] Trying to find element: By.xpath: //ytd-topbar-menu-button-renderer[@class='style-scope ytd-masthead style-default']
18:17:58 [TestNG-test-Yt Master Tests-2] INFO  verifyingSideMenuCollapsedLangAsInSettingsLingua_18-17-08 - [verifyingSideMenuCollapsedLangAsInSettingsLingua_18-17-08] Element found and ready (attempt 1): By.xpath: //ytd-topbar-menu-button-renderer[@class='style-scope ytd-masthead style-default']
18:17:59 [TestNG-test-Yt Master Tests-2] INFO  verifyingSideMenuCollapsedLangAsInSettingsLingua_18-17-08 - Clicking language dropdown...
18:17:59 [TestNG-test-Yt Master Tests-2] INFO  verifyingSideMenuCollapsedLangAsInSettingsLingua_18-17-08 - [verifyingSideMenuCollapsedLangAsInSettingsLingua_18-17-08] Trying to find element: By.xpath: (//div[@id='content-icon'])[2]
18:17:59 [TestNG-test-Yt Master Tests-2] INFO  verifyingSideMenuCollapsedLangAsInSettingsLingua_18-17-08 - [verifyingSideMenuCollapsedLangAsInSettingsLingua_18-17-08] Element found and ready (attempt 1): By.xpath: (//div[@id='content-icon'])[2]
18:18:00 [TestNG-test-Yt Master Tests-2] INFO  verifyingSideMenuCollapsedLangAsInSettingsLingua_18-17-08 - Looking for language element with name: English (India)
18:18:00 [TestNG-test-Yt Master Tests-2] INFO  verifyingSideMenuCollapsedLangAsInSettingsLingua_18-17-08 - [verifyingSideMenuCollapsedLangAsInSettingsLingua_18-17-08] Trying to find element: By.xpath: //yt-multi-page-menu-section-renderer[@class='style-scope ytd-multi-page-menu-renderer']//yt-formatted-string[@id='label' and text()='English (India)']
18:18:00 [TestNG-test-Yt Master Tests-2] INFO  verifyingSideMenuCollapsedLangAsInSettingsLingua_18-17-08 - [verifyingSideMenuCollapsedLangAsInSettingsLingua_18-17-08] Element found and ready (attempt 1): By.xpath: //yt-multi-page-menu-section-renderer[@class='style-scope ytd-multi-page-menu-renderer']//yt-formatted-string[@id='label' and text()='English (India)']
18:18:00 [TestNG-test-Yt Master Tests-2] INFO  verifyingSideMenuCollapsedLangAsInSettingsLingua_18-17-08 - [verifyingSideMenuCollapsedLangAsInSettingsLingua_18-17-08] Trying to find element: By.xpath: //yt-multi-page-menu-section-renderer[@class='style-scope ytd-multi-page-menu-renderer']//yt-formatted-string[@id='label' and text()='English (India)']
18:18:00 [TestNG-test-Yt Master Tests-2] INFO  verifyingSideMenuCollapsedLangAsInSettingsLingua_18-17-08 - [verifyingSideMenuCollapsedLangAsInSettingsLingua_18-17-08] Element found and ready (attempt 1): By.xpath: //yt-multi-page-menu-section-renderer[@class='style-scope ytd-multi-page-menu-renderer']//yt-formatted-string[@id='label' and text()='English (India)']
18:18:01 [TestNG-test-Yt Master Tests-2] INFO  verifyingSideMenuCollapsedLangAsInSettingsLingua_18-17-08 - Clicking settings ellipses button...
18:18:01 [TestNG-test-Yt Master Tests-2] INFO  verifyingSideMenuCollapsedLangAsInSettingsLingua_18-17-08 - [verifyingSideMenuCollapsedLangAsInSettingsLingua_18-17-08] Trying to find element: By.xpath: //ytd-topbar-menu-button-renderer[@class='style-scope ytd-masthead style-default']
18:18:01 [TestNG-test-Yt Master Tests-2] INFO  verifyingSideMenuCollapsedLangAsInSettingsLingua_18-17-08 - [verifyingSideMenuCollapsedLangAsInSettingsLingua_18-17-08] Element found and ready (attempt 1): By.xpath: //ytd-topbar-menu-button-renderer[@class='style-scope ytd-masthead style-default']
18:18:01 [TestNG-test-Yt Master Tests-2] INFO  verifyingSideMenuCollapsedLangAsInSettingsLingua_18-17-08 - [verifyingSideMenuCollapsedLangAsInSettingsLingua_18-17-08] Waiting until element is visible in viewport
18:18:02 [TestNG-test-Yt Master Tests-2] INFO  verifyingSideMenuCollapsedLangAsInSettingsLingua_18-17-08 - Clicking settings ellipses button...
18:18:02 [TestNG-test-Yt Master Tests-2] INFO  verifyingSideMenuCollapsedLangAsInSettingsLingua_18-17-08 - [verifyingSideMenuCollapsedLangAsInSettingsLingua_18-17-08] Trying to find element: By.xpath: //ytd-topbar-menu-button-renderer[@class='style-scope ytd-masthead style-default']
18:18:02 [TestNG-test-Yt Master Tests-2] INFO  verifyingSideMenuCollapsedLangAsInSettingsLingua_18-17-08 - [verifyingSideMenuCollapsedLangAsInSettingsLingua_18-17-08] Element found and ready (attempt 1): By.xpath: //ytd-topbar-menu-button-renderer[@class='style-scope ytd-masthead style-default']
18:18:02 [TestNG-test-Yt Master Tests-2] INFO  verifyingSideMenuCollapsedLangAsInSettingsLingua_18-17-08 - getLangAttribute() - locating <html> and reading lang property
18:18:02 [TestNG-test-Yt Master Tests-2] INFO  verifyingSideMenuCollapsedLangAsInSettingsLingua_18-17-08 - Language attribute read: en-IN
18:18:02 [TestNG-test-Yt Master Tests-2] INFO  verifyingSideMenuCollapsedLangAsInSettingsLingua_18-17-08 - Fetching the side menu in collapsed view
18:18:02 [TestNG-test-Yt Master Tests-2] INFO  verifyingSideMenuCollapsedLangAsInSettingsLingua_18-17-08 - [verifyingSideMenuCollapsedLangAsInSettingsLingua_18-17-08] Finding elements list: By.xpath: //ytd-mini-guide-renderer[@class='style-scope ytd-app']//ytd-mini-guide-entry-renderer
18:18:02 [TestNG-test-Yt Master Tests-2] INFO  verifyingSideMenuCollapsedLangAsInSettingsLingua_18-17-08 - [verifyingSideMenuCollapsedLangAsInSettingsLingua_18-17-08] Found 4 ready elements (attempt 1): By.xpath: //ytd-mini-guide-renderer[@class='style-scope ytd-app']//ytd-mini-guide-entry-renderer
18:18:02 [TestNG-test-Yt Master Tests-2] INFO  verifyingSideMenuCollapsedLangAsInSettingsLingua_18-17-08 - 
========== LANGUAGE DETECTION ==========
Detected Language : ENGLISH
Input Text        : Home Shorts Subscriptions You
========================================
18:18:02 [TestNG-test-Yt Master Tests-2] INFO  verifyingSideMenuCollapsedLangAsInSettingsLingua_18-17-08 - text sent to lingua is       Home Shorts Subscriptions You
18:18:02 [TestNG-test-Yt Master Tests-2] INFO  verifyingSideMenuCollapsedLangAsInSettingsLingua_18-17-08 - getLangAttribute() - locating <html> and reading lang property
18:18:02 [TestNG-test-Yt Master Tests-2] INFO  verifyingSideMenuCollapsedLangAsInSettingsLingua_18-17-08 - Language attribute read: en-IN
18:18:02 [TestNG-test-Yt Master Tests-2] INFO  verifyingSideMenuCollapsedLangAsInSettingsLingua_18-17-08 - Clicking settings ellipses button...
18:18:02 [TestNG-test-Yt Master Tests-2] INFO  verifyingSideMenuCollapsedLangAsInSettingsLingua_18-17-08 - [verifyingSideMenuCollapsedLangAsInSettingsLingua_18-17-08] Trying to find element: By.xpath: //ytd-topbar-menu-button-renderer[@class='style-scope ytd-masthead style-default']
18:18:02 [TestNG-test-Yt Master Tests-2] INFO  verifyingSideMenuCollapsedLangAsInSettingsLingua_18-17-08 - [verifyingSideMenuCollapsedLangAsInSettingsLingua_18-17-08] Element found and ready (attempt 1): By.xpath: //ytd-topbar-menu-button-renderer[@class='style-scope ytd-masthead style-default']
18:18:02 [TestNG-test-Yt Master Tests-2] INFO  verifyingSideMenuCollapsedLangAsInSettingsLingua_18-17-08 - Clicking language dropdown...
18:18:02 [TestNG-test-Yt Master Tests-2] INFO  verifyingSideMenuCollapsedLangAsInSettingsLingua_18-17-08 - [verifyingSideMenuCollapsedLangAsInSettingsLingua_18-17-08] Trying to find element: By.xpath: (//div[@id='content-icon'])[2]
18:18:03 [TestNG-test-Yt Master Tests-2] INFO  verifyingSideMenuCollapsedLangAsInSettingsLingua_18-17-08 - [verifyingSideMenuCollapsedLangAsInSettingsLingua_18-17-08] Element found and ready (attempt 1): By.xpath: (//div[@id='content-icon'])[2]
18:18:04 [TestNG-test-Yt Master Tests-2] INFO  verifyingSideMenuCollapsedLangAsInSettingsLingua_18-17-08 - [verifyingSideMenuCollapsedLangAsInSettingsLingua_18-17-08] Not retrying test 'verifyingSideMenuCollapsedLangAsInSettingsLingua'. Retry count: 0, Cause: The following asserts failed:
	Language detection mismatch for language=Azərbaycan expected [AZERBAIJANI] but found [TURKISH],
	Language detection mismatch for language=Bahasa Indonesia expected [INDONESIAN] but found [ENGLISH],
	Language detection mismatch for language=Bosanski expected [CROATIAN] but found [BOSNIAN]
