16:58:08 [TestNG-test-Yt Master Tests-2] INFO  verifyingGlobalFilterLandingPage_16-58-08 - No existing WebDriver found for current thread. Initializing a new ChromeDriver...
16:58:12 [TestNG-test-Yt Master Tests-2] INFO  verifyingGlobalFilterLandingPage_16-58-08 - WebDriverManager: chromedriver setup OK
16:58:19 [TestNG-test-Yt Master Tests-2] INFO  verifyingGlobalFilterLandingPage_16-58-08 - ChromeDriver initialized successfully for thread: 35
16:58:19 [TestNG-test-Yt Master Tests-2] INFO  verifyingGlobalFilterLandingPage_16-58-08 - SafeActions initialized with driver ChromeDriver: chrome on windows (8ef5701e26ea002af2a4e305a1fc7215)
16:58:19 [TestNG-test-Yt Master Tests-2] INFO  verifyingGlobalFilterLandingPage_16-58-08 - SafeActions initialized with driver ChromeDriver: chrome on windows (8ef5701e26ea002af2a4e305a1fc7215)
16:58:19 [TestNG-test-Yt Master Tests-2] INFO  verifyingGlobalFilterLandingPage_16-58-08 - Initialized YtLandingPage with driver: ChromeDriver: chrome on windows (8ef5701e26ea002af2a4e305a1fc7215)
16:58:26 [TestNG-test-Yt Master Tests-2] INFO  verifyingGlobalFilterLandingPage_16-58-08 - Opened YouTube landing page.
16:58:26 [TestNG-test-Yt Master Tests-2] INFO  verifyingGlobalFilterLandingPage_16-58-08 - Giving input into the search bar with input as  = youtube
16:58:26 [TestNG-test-Yt Master Tests-2] INFO  verifyingGlobalFilterLandingPage_16-58-08 - [verifyingGlobalFilterLandingPage_16-58-08] Trying to click element: By.xpath: //input[@class='ytSearchboxComponentInput yt-searchbox-input title']
16:58:26 [TestNG-test-Yt Master Tests-2] INFO  verifyingGlobalFilterLandingPage_16-58-08 - [verifyingGlobalFilterLandingPage_16-58-08] Clicked successfully (attempt 1): By.xpath: //input[@class='ytSearchboxComponentInput yt-searchbox-input title']
16:58:26 [TestNG-test-Yt Master Tests-2] INFO  verifyingGlobalFilterLandingPage_16-58-08 - [verifyingGlobalFilterLandingPage_16-58-08] Trying to find element: By.xpath: //input[@class='ytSearchboxComponentInput yt-searchbox-input title']
16:58:27 [TestNG-test-Yt Master Tests-2] INFO  verifyingGlobalFilterLandingPage_16-58-08 - [verifyingGlobalFilterLandingPage_16-58-08] Element found and ready (attempt 1): By.xpath: //input[@class='ytSearchboxComponentInput yt-searchbox-input title']
16:58:27 [TestNG-test-Yt Master Tests-2] INFO  verifyingGlobalFilterLandingPage_16-58-08 - clickEnter(By.xpath: //input[@class='ytSearchboxComponentInput yt-searchbox-input title'])
16:58:27 [TestNG-test-Yt Master Tests-2] INFO  verifyingGlobalFilterLandingPage_16-58-08 - [verifyingGlobalFilterLandingPage_16-58-08] Trying to find element: By.xpath: //input[@class='ytSearchboxComponentInput yt-searchbox-input title']
16:58:28 [TestNG-test-Yt Master Tests-2] INFO  verifyingGlobalFilterLandingPage_16-58-08 - [verifyingGlobalFilterLandingPage_16-58-08] Element found and ready (attempt 1): By.xpath: //input[@class='ytSearchboxComponentInput yt-searchbox-input title']
16:58:28 [TestNG-test-Yt Master Tests-2] INFO  verifyingGlobalFilterLandingPage_16-58-08 - Sent ENTER to By.xpath: //input[@class='ytSearchboxComponentInput yt-searchbox-input title']
16:58:28 [TestNG-test-Yt Master Tests-2] INFO  verifyingGlobalFilterLandingPage_16-58-08 - [verifyingGlobalFilterLandingPage_16-58-08] Execution is Not CRON Job Hence refering to normal keys from UtilData
16:58:28 [TestNG-test-Yt Master Tests-2] INFO  verifyingGlobalFilterLandingPage_16-58-08 - Clicking settings ellipses button...
16:58:28 [TestNG-test-Yt Master Tests-2] INFO  verifyingGlobalFilterLandingPage_16-58-08 - [verifyingGlobalFilterLandingPage_16-58-08] Trying to find element: By.xpath: //ytd-topbar-menu-button-renderer[@class='style-scope ytd-masthead style-default']
16:58:28 [TestNG-test-Yt Master Tests-2] INFO  verifyingGlobalFilterLandingPage_16-58-08 - [verifyingGlobalFilterLandingPage_16-58-08] Element found and ready (attempt 1): By.xpath: //ytd-topbar-menu-button-renderer[@class='style-scope ytd-masthead style-default']
16:58:28 [TestNG-test-Yt Master Tests-2] INFO  verifyingGlobalFilterLandingPage_16-58-08 - Clicking language dropdown...
16:58:28 [TestNG-test-Yt Master Tests-2] INFO  verifyingGlobalFilterLandingPage_16-58-08 - [verifyingGlobalFilterLandingPage_16-58-08] Trying to find element: By.xpath: (//div[@id='content-icon'])[2]
16:58:28 [TestNG-test-Yt Master Tests-2] INFO  verifyingGlobalFilterLandingPage_16-58-08 - [verifyingGlobalFilterLandingPage_16-58-08] Element found and ready (attempt 1): By.xpath: (//div[@id='content-icon'])[2]
16:58:32 [TestNG-test-Yt Master Tests-2] INFO  verifyingGlobalFilterLandingPage_16-58-08 - [verifyingGlobalFilterLandingPage_16-58-08] Trying to find element: By.xpath: //yt-multi-page-menu-section-renderer[@class='style-scope ytd-multi-page-menu-renderer']//yt-formatted-string[@id='label' and text()='Afrikaans']
16:58:36 [TestNG-test-Yt Master Tests-2] INFO  verifyingGlobalFilterLandingPage_16-58-08 - [verifyingGlobalFilterLandingPage_16-58-08] Element found and ready (attempt 1): By.xpath: //yt-multi-page-menu-section-renderer[@class='style-scope ytd-multi-page-menu-renderer']//yt-formatted-string[@id='label' and text()='Afrikaans']
16:58:36 [TestNG-test-Yt Master Tests-2] INFO  verifyingGlobalFilterLandingPage_16-58-08 - Looking for language element with name: Afrikaans
16:58:36 [TestNG-test-Yt Master Tests-2] INFO  verifyingGlobalFilterLandingPage_16-58-08 - [verifyingGlobalFilterLandingPage_16-58-08] Within smoothScrollToElement method
16:58:36 [TestNG-test-Yt Master Tests-2] INFO  verifyingGlobalFilterLandingPage_16-58-08 - SafeActions initialized with driver ChromeDriver: chrome on windows (8ef5701e26ea002af2a4e305a1fc7215)
16:58:36 [TestNG-test-Yt Master Tests-2] INFO  verifyingGlobalFilterLandingPage_16-58-08 - [verifyingGlobalFilterLandingPage_16-58-08] Trying to find element: By.xpath: //yt-multi-page-menu-section-renderer[@class='style-scope ytd-multi-page-menu-renderer']//yt-formatted-string[@id='label' and text()='Afrikaans']
16:58:37 [TestNG-test-Yt Master Tests-2] INFO  verifyingGlobalFilterLandingPage_16-58-08 - [verifyingGlobalFilterLandingPage_16-58-08] Element found and ready (attempt 1): By.xpath: //yt-multi-page-menu-section-renderer[@class='style-scope ytd-multi-page-menu-renderer']//yt-formatted-string[@id='label' and text()='Afrikaans']
16:58:37 [TestNG-test-Yt Master Tests-2] INFO  verifyingGlobalFilterLandingPage_16-58-08 - [verifyingGlobalFilterLandingPage_16-58-08] Successfully scrolled to element: By.xpath: //yt-multi-page-menu-section-renderer[@class='style-scope ytd-multi-page-menu-renderer']//yt-formatted-string[@id='label' and text()='Afrikaans']
16:58:37 [TestNG-test-Yt Master Tests-2] INFO  verifyingGlobalFilterLandingPage_16-58-08 - Looking for language element with name: Afrikaans
16:58:37 [TestNG-test-Yt Master Tests-2] INFO  verifyingGlobalFilterLandingPage_16-58-08 - [verifyingGlobalFilterLandingPage_16-58-08] Trying to find element: By.xpath: //yt-multi-page-menu-section-renderer[@class='style-scope ytd-multi-page-menu-renderer']//yt-formatted-string[@id='label' and text()='Afrikaans']
16:58:37 [TestNG-test-Yt Master Tests-2] INFO  verifyingGlobalFilterLandingPage_16-58-08 - [verifyingGlobalFilterLandingPage_16-58-08] Element found and ready (attempt 1): By.xpath: //yt-multi-page-menu-section-renderer[@class='style-scope ytd-multi-page-menu-renderer']//yt-formatted-string[@id='label' and text()='Afrikaans']
16:58:37 [TestNG-test-Yt Master Tests-2] INFO  verifyingGlobalFilterLandingPage_16-58-08 - [verifyingGlobalFilterLandingPage_16-58-08] Trying to find element: By.xpath: //yt-multi-page-menu-section-renderer[@class='style-scope ytd-multi-page-menu-renderer']//yt-formatted-string[@id='label' and text()='Afrikaans']
16:58:37 [TestNG-test-Yt Master Tests-2] INFO  verifyingGlobalFilterLandingPage_16-58-08 - [verifyingGlobalFilterLandingPage_16-58-08] Element found and ready (attempt 1): By.xpath: //yt-multi-page-menu-section-renderer[@class='style-scope ytd-multi-page-menu-renderer']//yt-formatted-string[@id='label' and text()='Afrikaans']
16:58:40 [TestNG-test-Yt Master Tests-2] INFO  verifyingGlobalFilterLandingPage_16-58-08 - Clicking settings ellipses button...
16:58:42 [TestNG-test-Yt Master Tests-2] INFO  verifyingGlobalFilterLandingPage_16-58-08 - [verifyingGlobalFilterLandingPage_16-58-08] Trying to find element: By.xpath: //ytd-topbar-menu-button-renderer[@class='style-scope ytd-masthead style-default']
16:58:42 [TestNG-test-Yt Master Tests-2] INFO  verifyingGlobalFilterLandingPage_16-58-08 - [verifyingGlobalFilterLandingPage_16-58-08] Element found and ready (attempt 1): By.xpath: //ytd-topbar-menu-button-renderer[@class='style-scope ytd-masthead style-default']
16:58:43 [TestNG-test-Yt Master Tests-2] INFO  verifyingGlobalFilterLandingPage_16-58-08 - [verifyingGlobalFilterLandingPage_16-58-08] Waiting until element is visible in viewport
16:58:44 [TestNG-test-Yt Master Tests-2] INFO  verifyingGlobalFilterLandingPage_16-58-08 - Clicking settings ellipses button...
16:58:44 [TestNG-test-Yt Master Tests-2] INFO  verifyingGlobalFilterLandingPage_16-58-08 - [verifyingGlobalFilterLandingPage_16-58-08] Trying to find element: By.xpath: //ytd-topbar-menu-button-renderer[@class='style-scope ytd-masthead style-default']
16:58:44 [TestNG-test-Yt Master Tests-2] INFO  verifyingGlobalFilterLandingPage_16-58-08 - [verifyingGlobalFilterLandingPage_16-58-08] Element found and ready (attempt 1): By.xpath: //ytd-topbar-menu-button-renderer[@class='style-scope ytd-masthead style-default']
16:58:44 [TestNG-test-Yt Master Tests-2] INFO  verifyingGlobalFilterLandingPage_16-58-08 - Clicking on global filter button in landing page..
16:58:44 [TestNG-test-Yt Master Tests-2] INFO  verifyingGlobalFilterLandingPage_16-58-08 - [verifyingGlobalFilterLandingPage_16-58-08] Trying to click element: By.xpath: //div[@id='filter-button']
16:58:45 [TestNG-test-Yt Master Tests-2] INFO  verifyingGlobalFilterLandingPage_16-58-08 - [verifyingGlobalFilterLandingPage_16-58-08] Clicked successfully (attempt 1): By.xpath: //div[@id='filter-button']
16:58:45 [TestNG-test-Yt Master Tests-2] INFO  verifyingGlobalFilterLandingPage_16-58-08 - [verifyingGlobalFilterLandingPage_16-58-08] Waiting until element is visible in viewport
16:58:46 [TestNG-test-Yt Master Tests-2] INFO  verifyingGlobalFilterLandingPage_16-58-08 - Fetching the data from the global filter in landing page
16:58:46 [TestNG-test-Yt Master Tests-2] INFO  verifyingGlobalFilterLandingPage_16-58-08 - [verifyingGlobalFilterLandingPage_16-58-08] Trying to find element: By.xpath: //ytd-search-filter-options-dialog-renderer[@class='style-scope ytd-popup-container']
16:58:46 [TestNG-test-Yt Master Tests-2] INFO  verifyingGlobalFilterLandingPage_16-58-08 - [verifyingGlobalFilterLandingPage_16-58-08] Element found and ready (attempt 1): By.xpath: //ytd-search-filter-options-dialog-renderer[@class='style-scope ytd-popup-container']
16:58:46 [TestNG-test-Yt Master Tests-2] INFO  verifyingGlobalFilterLandingPage_16-58-08 - Closing the global filter pop-up in landing page..
16:58:46 [TestNG-test-Yt Master Tests-2] INFO  verifyingGlobalFilterLandingPage_16-58-08 - [verifyingGlobalFilterLandingPage_16-58-08] Trying to find element: By.xpath: //yt-icon[@icon='close']
16:58:46 [TestNG-test-Yt Master Tests-2] INFO  verifyingGlobalFilterLandingPage_16-58-08 - [verifyingGlobalFilterLandingPage_16-58-08] Element found and ready (attempt 1): By.xpath: //yt-icon[@icon='close']
16:58:46 [TestNG-test-Yt Master Tests-2] INFO  verifyingGlobalFilterLandingPage_16-58-08 - Clicking settings ellipses button...
16:58:46 [TestNG-test-Yt Master Tests-2] INFO  verifyingGlobalFilterLandingPage_16-58-08 - [verifyingGlobalFilterLandingPage_16-58-08] Trying to find element: By.xpath: //ytd-topbar-menu-button-renderer[@class='style-scope ytd-masthead style-default']
16:58:46 [TestNG-test-Yt Master Tests-2] INFO  verifyingGlobalFilterLandingPage_16-58-08 - [verifyingGlobalFilterLandingPage_16-58-08] Element found and ready (attempt 1): By.xpath: //ytd-topbar-menu-button-renderer[@class='style-scope ytd-masthead style-default']
16:58:47 [TestNG-test-Yt Master Tests-2] INFO  verifyingGlobalFilterLandingPage_16-58-08 - Clicking language dropdown...
16:58:47 [TestNG-test-Yt Master Tests-2] INFO  verifyingGlobalFilterLandingPage_16-58-08 - [verifyingGlobalFilterLandingPage_16-58-08] Trying to find element: By.xpath: (//div[@id='content-icon'])[2]
16:58:47 [TestNG-test-Yt Master Tests-2] INFO  verifyingGlobalFilterLandingPage_16-58-08 - [verifyingGlobalFilterLandingPage_16-58-08] Element found and ready (attempt 1): By.xpath: (//div[@id='content-icon'])[2]
16:58:48 [TestNG-test-Yt Master Tests-2] INFO  verifyingGlobalFilterLandingPage_16-58-08 - [verifyingGlobalFilterLandingPage_16-58-08] Trying to find element: By.xpath: //yt-multi-page-menu-section-renderer[@class='style-scope ytd-multi-page-menu-renderer']//yt-formatted-string[@id='label' and text()='Azərbaycan']
16:58:48 [TestNG-test-Yt Master Tests-2] INFO  verifyingGlobalFilterLandingPage_16-58-08 - [verifyingGlobalFilterLandingPage_16-58-08] Element found and ready (attempt 1): By.xpath: //yt-multi-page-menu-section-renderer[@class='style-scope ytd-multi-page-menu-renderer']//yt-formatted-string[@id='label' and text()='Azərbaycan']
16:58:48 [TestNG-test-Yt Master Tests-2] INFO  verifyingGlobalFilterLandingPage_16-58-08 - Looking for language element with name: Azərbaycan
16:58:48 [TestNG-test-Yt Master Tests-2] INFO  verifyingGlobalFilterLandingPage_16-58-08 - [verifyingGlobalFilterLandingPage_16-58-08] Within smoothScrollToElement method
16:58:48 [TestNG-test-Yt Master Tests-2] INFO  verifyingGlobalFilterLandingPage_16-58-08 - SafeActions initialized with driver ChromeDriver: chrome on windows (8ef5701e26ea002af2a4e305a1fc7215)
16:58:48 [TestNG-test-Yt Master Tests-2] INFO  verifyingGlobalFilterLandingPage_16-58-08 - [verifyingGlobalFilterLandingPage_16-58-08] Trying to find element: By.xpath: //yt-multi-page-menu-section-renderer[@class='style-scope ytd-multi-page-menu-renderer']//yt-formatted-string[@id='label' and text()='Azərbaycan']
16:58:48 [TestNG-test-Yt Master Tests-2] INFO  verifyingGlobalFilterLandingPage_16-58-08 - [verifyingGlobalFilterLandingPage_16-58-08] Element found and ready (attempt 1): By.xpath: //yt-multi-page-menu-section-renderer[@class='style-scope ytd-multi-page-menu-renderer']//yt-formatted-string[@id='label' and text()='Azərbaycan']
16:58:48 [TestNG-test-Yt Master Tests-2] INFO  verifyingGlobalFilterLandingPage_16-58-08 - [verifyingGlobalFilterLandingPage_16-58-08] Successfully scrolled to element: By.xpath: //yt-multi-page-menu-section-renderer[@class='style-scope ytd-multi-page-menu-renderer']//yt-formatted-string[@id='label' and text()='Azərbaycan']
16:58:48 [TestNG-test-Yt Master Tests-2] INFO  verifyingGlobalFilterLandingPage_16-58-08 - Looking for language element with name: Azərbaycan
16:58:48 [TestNG-test-Yt Master Tests-2] INFO  verifyingGlobalFilterLandingPage_16-58-08 - [verifyingGlobalFilterLandingPage_16-58-08] Trying to find element: By.xpath: //yt-multi-page-menu-section-renderer[@class='style-scope ytd-multi-page-menu-renderer']//yt-formatted-string[@id='label' and text()='Azərbaycan']
16:58:48 [TestNG-test-Yt Master Tests-2] INFO  verifyingGlobalFilterLandingPage_16-58-08 - [verifyingGlobalFilterLandingPage_16-58-08] Element found and ready (attempt 1): By.xpath: //yt-multi-page-menu-section-renderer[@class='style-scope ytd-multi-page-menu-renderer']//yt-formatted-string[@id='label' and text()='Azərbaycan']
16:58:48 [TestNG-test-Yt Master Tests-2] INFO  verifyingGlobalFilterLandingPage_16-58-08 - [verifyingGlobalFilterLandingPage_16-58-08] Trying to find element: By.xpath: //yt-multi-page-menu-section-renderer[@class='style-scope ytd-multi-page-menu-renderer']//yt-formatted-string[@id='label' and text()='Azərbaycan']
16:58:48 [TestNG-test-Yt Master Tests-2] INFO  verifyingGlobalFilterLandingPage_16-58-08 - [verifyingGlobalFilterLandingPage_16-58-08] Element found and ready (attempt 1): By.xpath: //yt-multi-page-menu-section-renderer[@class='style-scope ytd-multi-page-menu-renderer']//yt-formatted-string[@id='label' and text()='Azərbaycan']
16:58:54 [TestNG-test-Yt Master Tests-2] INFO  verifyingGlobalFilterLandingPage_16-58-08 - Clicking settings ellipses button...
16:58:56 [TestNG-test-Yt Master Tests-2] INFO  verifyingGlobalFilterLandingPage_16-58-08 - [verifyingGlobalFilterLandingPage_16-58-08] Trying to find element: By.xpath: //ytd-topbar-menu-button-renderer[@class='style-scope ytd-masthead style-default']
16:58:56 [TestNG-test-Yt Master Tests-2] INFO  verifyingGlobalFilterLandingPage_16-58-08 - [verifyingGlobalFilterLandingPage_16-58-08] Element found and ready (attempt 1): By.xpath: //ytd-topbar-menu-button-renderer[@class='style-scope ytd-masthead style-default']
16:58:56 [TestNG-test-Yt Master Tests-2] INFO  verifyingGlobalFilterLandingPage_16-58-08 - [verifyingGlobalFilterLandingPage_16-58-08] Waiting until element is visible in viewport
16:58:57 [TestNG-test-Yt Master Tests-2] INFO  verifyingGlobalFilterLandingPage_16-58-08 - Clicking settings ellipses button...
16:58:57 [TestNG-test-Yt Master Tests-2] INFO  verifyingGlobalFilterLandingPage_16-58-08 - [verifyingGlobalFilterLandingPage_16-58-08] Trying to find element: By.xpath: //ytd-topbar-menu-button-renderer[@class='style-scope ytd-masthead style-default']
16:58:57 [TestNG-test-Yt Master Tests-2] INFO  verifyingGlobalFilterLandingPage_16-58-08 - [verifyingGlobalFilterLandingPage_16-58-08] Element found and ready (attempt 1): By.xpath: //ytd-topbar-menu-button-renderer[@class='style-scope ytd-masthead style-default']
16:58:57 [TestNG-test-Yt Master Tests-2] INFO  verifyingGlobalFilterLandingPage_16-58-08 - Clicking on global filter button in landing page..
16:58:57 [TestNG-test-Yt Master Tests-2] INFO  verifyingGlobalFilterLandingPage_16-58-08 - [verifyingGlobalFilterLandingPage_16-58-08] Trying to click element: By.xpath: //div[@id='filter-button']
16:58:58 [TestNG-test-Yt Master Tests-2] INFO  verifyingGlobalFilterLandingPage_16-58-08 - [verifyingGlobalFilterLandingPage_16-58-08] Clicked successfully (attempt 1): By.xpath: //div[@id='filter-button']
16:58:58 [TestNG-test-Yt Master Tests-2] INFO  verifyingGlobalFilterLandingPage_16-58-08 - [verifyingGlobalFilterLandingPage_16-58-08] Waiting until element is visible in viewport
16:58:58 [TestNG-test-Yt Master Tests-2] INFO  verifyingGlobalFilterLandingPage_16-58-08 - Fetching the data from the global filter in landing page
16:58:58 [TestNG-test-Yt Master Tests-2] INFO  verifyingGlobalFilterLandingPage_16-58-08 - [verifyingGlobalFilterLandingPage_16-58-08] Trying to find element: By.xpath: //ytd-search-filter-options-dialog-renderer[@class='style-scope ytd-popup-container']
16:58:59 [TestNG-test-Yt Master Tests-2] INFO  verifyingGlobalFilterLandingPage_16-58-08 - [verifyingGlobalFilterLandingPage_16-58-08] Element found and ready (attempt 1): By.xpath: //ytd-search-filter-options-dialog-renderer[@class='style-scope ytd-popup-container']
16:58:59 [TestNG-test-Yt Master Tests-2] INFO  verifyingGlobalFilterLandingPage_16-58-08 - Closing the global filter pop-up in landing page..
16:58:59 [TestNG-test-Yt Master Tests-2] INFO  verifyingGlobalFilterLandingPage_16-58-08 - [verifyingGlobalFilterLandingPage_16-58-08] Trying to find element: By.xpath: //yt-icon[@icon='close']
16:58:59 [TestNG-test-Yt Master Tests-2] INFO  verifyingGlobalFilterLandingPage_16-58-08 - [verifyingGlobalFilterLandingPage_16-58-08] Element found and ready (attempt 1): By.xpath: //yt-icon[@icon='close']
16:58:59 [TestNG-test-Yt Master Tests-2] INFO  verifyingGlobalFilterLandingPage_16-58-08 - Clicking settings ellipses button...
16:58:59 [TestNG-test-Yt Master Tests-2] INFO  verifyingGlobalFilterLandingPage_16-58-08 - [verifyingGlobalFilterLandingPage_16-58-08] Trying to find element: By.xpath: //ytd-topbar-menu-button-renderer[@class='style-scope ytd-masthead style-default']
16:58:59 [TestNG-test-Yt Master Tests-2] INFO  verifyingGlobalFilterLandingPage_16-58-08 - [verifyingGlobalFilterLandingPage_16-58-08] Element found and ready (attempt 1): By.xpath: //ytd-topbar-menu-button-renderer[@class='style-scope ytd-masthead style-default']
16:58:59 [TestNG-test-Yt Master Tests-2] INFO  verifyingGlobalFilterLandingPage_16-58-08 - Clicking language dropdown...
16:58:59 [TestNG-test-Yt Master Tests-2] INFO  verifyingGlobalFilterLandingPage_16-58-08 - [verifyingGlobalFilterLandingPage_16-58-08] Trying to find element: By.xpath: (//div[@id='content-icon'])[2]
16:58:59 [TestNG-test-Yt Master Tests-2] INFO  verifyingGlobalFilterLandingPage_16-58-08 - [verifyingGlobalFilterLandingPage_16-58-08] Element found and ready (attempt 1): By.xpath: (//div[@id='content-icon'])[2]
16:59:00 [TestNG-test-Yt Master Tests-2] INFO  verifyingGlobalFilterLandingPage_16-58-08 - [verifyingGlobalFilterLandingPage_16-58-08] Trying to find element: By.xpath: //yt-multi-page-menu-section-renderer[@class='style-scope ytd-multi-page-menu-renderer']//yt-formatted-string[@id='label' and text()='Bahasa Indonesia']
16:59:00 [TestNG-test-Yt Master Tests-2] INFO  verifyingGlobalFilterLandingPage_16-58-08 - [verifyingGlobalFilterLandingPage_16-58-08] Element found and ready (attempt 1): By.xpath: //yt-multi-page-menu-section-renderer[@class='style-scope ytd-multi-page-menu-renderer']//yt-formatted-string[@id='label' and text()='Bahasa Indonesia']
16:59:00 [TestNG-test-Yt Master Tests-2] INFO  verifyingGlobalFilterLandingPage_16-58-08 - Looking for language element with name: Bahasa Indonesia
16:59:00 [TestNG-test-Yt Master Tests-2] INFO  verifyingGlobalFilterLandingPage_16-58-08 - [verifyingGlobalFilterLandingPage_16-58-08] Within smoothScrollToElement method
16:59:00 [TestNG-test-Yt Master Tests-2] INFO  verifyingGlobalFilterLandingPage_16-58-08 - SafeActions initialized with driver ChromeDriver: chrome on windows (8ef5701e26ea002af2a4e305a1fc7215)
16:59:00 [TestNG-test-Yt Master Tests-2] INFO  verifyingGlobalFilterLandingPage_16-58-08 - [verifyingGlobalFilterLandingPage_16-58-08] Trying to find element: By.xpath: //yt-multi-page-menu-section-renderer[@class='style-scope ytd-multi-page-menu-renderer']//yt-formatted-string[@id='label' and text()='Bahasa Indonesia']
16:59:00 [TestNG-test-Yt Master Tests-2] INFO  verifyingGlobalFilterLandingPage_16-58-08 - [verifyingGlobalFilterLandingPage_16-58-08] Element found and ready (attempt 1): By.xpath: //yt-multi-page-menu-section-renderer[@class='style-scope ytd-multi-page-menu-renderer']//yt-formatted-string[@id='label' and text()='Bahasa Indonesia']
16:59:01 [TestNG-test-Yt Master Tests-2] INFO  verifyingGlobalFilterLandingPage_16-58-08 - [verifyingGlobalFilterLandingPage_16-58-08] Successfully scrolled to element: By.xpath: //yt-multi-page-menu-section-renderer[@class='style-scope ytd-multi-page-menu-renderer']//yt-formatted-string[@id='label' and text()='Bahasa Indonesia']
16:59:01 [TestNG-test-Yt Master Tests-2] INFO  verifyingGlobalFilterLandingPage_16-58-08 - Looking for language element with name: Bahasa Indonesia
16:59:01 [TestNG-test-Yt Master Tests-2] INFO  verifyingGlobalFilterLandingPage_16-58-08 - [verifyingGlobalFilterLandingPage_16-58-08] Trying to find element: By.xpath: //yt-multi-page-menu-section-renderer[@class='style-scope ytd-multi-page-menu-renderer']//yt-formatted-string[@id='label' and text()='Bahasa Indonesia']
16:59:01 [TestNG-test-Yt Master Tests-2] INFO  verifyingGlobalFilterLandingPage_16-58-08 - [verifyingGlobalFilterLandingPage_16-58-08] Element found and ready (attempt 1): By.xpath: //yt-multi-page-menu-section-renderer[@class='style-scope ytd-multi-page-menu-renderer']//yt-formatted-string[@id='label' and text()='Bahasa Indonesia']
16:59:01 [TestNG-test-Yt Master Tests-2] INFO  verifyingGlobalFilterLandingPage_16-58-08 - [verifyingGlobalFilterLandingPage_16-58-08] Trying to find element: By.xpath: //yt-multi-page-menu-section-renderer[@class='style-scope ytd-multi-page-menu-renderer']//yt-formatted-string[@id='label' and text()='Bahasa Indonesia']
16:59:01 [TestNG-test-Yt Master Tests-2] INFO  verifyingGlobalFilterLandingPage_16-58-08 - [verifyingGlobalFilterLandingPage_16-58-08] Element found and ready (attempt 1): By.xpath: //yt-multi-page-menu-section-renderer[@class='style-scope ytd-multi-page-menu-renderer']//yt-formatted-string[@id='label' and text()='Bahasa Indonesia']
16:59:04 [TestNG-test-Yt Master Tests-2] INFO  verifyingGlobalFilterLandingPage_16-58-08 - Clicking settings ellipses button...
16:59:07 [TestNG-test-Yt Master Tests-2] INFO  verifyingGlobalFilterLandingPage_16-58-08 - [verifyingGlobalFilterLandingPage_16-58-08] Trying to find element: By.xpath: //ytd-topbar-menu-button-renderer[@class='style-scope ytd-masthead style-default']
16:59:07 [TestNG-test-Yt Master Tests-2] INFO  verifyingGlobalFilterLandingPage_16-58-08 - [verifyingGlobalFilterLandingPage_16-58-08] Element found and ready (attempt 1): By.xpath: //ytd-topbar-menu-button-renderer[@class='style-scope ytd-masthead style-default']
16:59:07 [TestNG-test-Yt Master Tests-2] INFO  verifyingGlobalFilterLandingPage_16-58-08 - [verifyingGlobalFilterLandingPage_16-58-08] Waiting until element is visible in viewport
16:59:08 [TestNG-test-Yt Master Tests-2] INFO  verifyingGlobalFilterLandingPage_16-58-08 - Clicking settings ellipses button...
16:59:08 [TestNG-test-Yt Master Tests-2] INFO  verifyingGlobalFilterLandingPage_16-58-08 - [verifyingGlobalFilterLandingPage_16-58-08] Trying to find element: By.xpath: //ytd-topbar-menu-button-renderer[@class='style-scope ytd-masthead style-default']
16:59:08 [TestNG-test-Yt Master Tests-2] INFO  verifyingGlobalFilterLandingPage_16-58-08 - [verifyingGlobalFilterLandingPage_16-58-08] Element found and ready (attempt 1): By.xpath: //ytd-topbar-menu-button-renderer[@class='style-scope ytd-masthead style-default']
16:59:08 [TestNG-test-Yt Master Tests-2] INFO  verifyingGlobalFilterLandingPage_16-58-08 - Clicking on global filter button in landing page..
16:59:08 [TestNG-test-Yt Master Tests-2] INFO  verifyingGlobalFilterLandingPage_16-58-08 - [verifyingGlobalFilterLandingPage_16-58-08] Trying to click element: By.xpath: //div[@id='filter-button']
16:59:09 [TestNG-test-Yt Master Tests-2] INFO  verifyingGlobalFilterLandingPage_16-58-08 - [verifyingGlobalFilterLandingPage_16-58-08] Clicked successfully (attempt 1): By.xpath: //div[@id='filter-button']
16:59:09 [TestNG-test-Yt Master Tests-2] INFO  verifyingGlobalFilterLandingPage_16-58-08 - [verifyingGlobalFilterLandingPage_16-58-08] Waiting until element is visible in viewport
16:59:10 [TestNG-test-Yt Master Tests-2] INFO  verifyingGlobalFilterLandingPage_16-58-08 - Fetching the data from the global filter in landing page
16:59:10 [TestNG-test-Yt Master Tests-2] INFO  verifyingGlobalFilterLandingPage_16-58-08 - [verifyingGlobalFilterLandingPage_16-58-08] Trying to find element: By.xpath: //ytd-search-filter-options-dialog-renderer[@class='style-scope ytd-popup-container']
16:59:10 [TestNG-test-Yt Master Tests-2] INFO  verifyingGlobalFilterLandingPage_16-58-08 - [verifyingGlobalFilterLandingPage_16-58-08] Element found and ready (attempt 1): By.xpath: //ytd-search-filter-options-dialog-renderer[@class='style-scope ytd-popup-container']
16:59:10 [TestNG-test-Yt Master Tests-2] INFO  verifyingGlobalFilterLandingPage_16-58-08 - Closing the global filter pop-up in landing page..
16:59:10 [TestNG-test-Yt Master Tests-2] INFO  verifyingGlobalFilterLandingPage_16-58-08 - [verifyingGlobalFilterLandingPage_16-58-08] Trying to find element: By.xpath: //yt-icon[@icon='close']
16:59:10 [TestNG-test-Yt Master Tests-2] INFO  verifyingGlobalFilterLandingPage_16-58-08 - [verifyingGlobalFilterLandingPage_16-58-08] Element found and ready (attempt 1): By.xpath: //yt-icon[@icon='close']
16:59:10 [TestNG-test-Yt Master Tests-2] INFO  verifyingGlobalFilterLandingPage_16-58-08 - Clicking settings ellipses button...
16:59:10 [TestNG-test-Yt Master Tests-2] INFO  verifyingGlobalFilterLandingPage_16-58-08 - [verifyingGlobalFilterLandingPage_16-58-08] Trying to find element: By.xpath: //ytd-topbar-menu-button-renderer[@class='style-scope ytd-masthead style-default']
16:59:10 [TestNG-test-Yt Master Tests-2] INFO  verifyingGlobalFilterLandingPage_16-58-08 - [verifyingGlobalFilterLandingPage_16-58-08] Element found and ready (attempt 1): By.xpath: //ytd-topbar-menu-button-renderer[@class='style-scope ytd-masthead style-default']
16:59:10 [TestNG-test-Yt Master Tests-2] INFO  verifyingGlobalFilterLandingPage_16-58-08 - Clicking language dropdown...
16:59:10 [TestNG-test-Yt Master Tests-2] INFO  verifyingGlobalFilterLandingPage_16-58-08 - [verifyingGlobalFilterLandingPage_16-58-08] Trying to find element: By.xpath: (//div[@id='content-icon'])[2]
16:59:11 [TestNG-test-Yt Master Tests-2] INFO  verifyingGlobalFilterLandingPage_16-58-08 - [verifyingGlobalFilterLandingPage_16-58-08] Element found and ready (attempt 1): By.xpath: (//div[@id='content-icon'])[2]
16:59:12 [TestNG-test-Yt Master Tests-2] INFO  verifyingGlobalFilterLandingPage_16-58-08 - [verifyingGlobalFilterLandingPage_16-58-08] Trying to find element: By.xpath: //yt-multi-page-menu-section-renderer[@class='style-scope ytd-multi-page-menu-renderer']//yt-formatted-string[@id='label' and text()='Bosanski']
16:59:12 [TestNG-test-Yt Master Tests-2] INFO  verifyingGlobalFilterLandingPage_16-58-08 - [verifyingGlobalFilterLandingPage_16-58-08] Element found and ready (attempt 1): By.xpath: //yt-multi-page-menu-section-renderer[@class='style-scope ytd-multi-page-menu-renderer']//yt-formatted-string[@id='label' and text()='Bosanski']
16:59:12 [TestNG-test-Yt Master Tests-2] INFO  verifyingGlobalFilterLandingPage_16-58-08 - Looking for language element with name: Bosanski
16:59:12 [TestNG-test-Yt Master Tests-2] INFO  verifyingGlobalFilterLandingPage_16-58-08 - [verifyingGlobalFilterLandingPage_16-58-08] Within smoothScrollToElement method
16:59:12 [TestNG-test-Yt Master Tests-2] INFO  verifyingGlobalFilterLandingPage_16-58-08 - SafeActions initialized with driver ChromeDriver: chrome on windows (8ef5701e26ea002af2a4e305a1fc7215)
16:59:12 [TestNG-test-Yt Master Tests-2] INFO  verifyingGlobalFilterLandingPage_16-58-08 - [verifyingGlobalFilterLandingPage_16-58-08] Trying to find element: By.xpath: //yt-multi-page-menu-section-renderer[@class='style-scope ytd-multi-page-menu-renderer']//yt-formatted-string[@id='label' and text()='Bosanski']
16:59:12 [TestNG-test-Yt Master Tests-2] INFO  verifyingGlobalFilterLandingPage_16-58-08 - [verifyingGlobalFilterLandingPage_16-58-08] Element found and ready (attempt 1): By.xpath: //yt-multi-page-menu-section-renderer[@class='style-scope ytd-multi-page-menu-renderer']//yt-formatted-string[@id='label' and text()='Bosanski']
16:59:12 [TestNG-test-Yt Master Tests-2] INFO  verifyingGlobalFilterLandingPage_16-58-08 - [verifyingGlobalFilterLandingPage_16-58-08] Successfully scrolled to element: By.xpath: //yt-multi-page-menu-section-renderer[@class='style-scope ytd-multi-page-menu-renderer']//yt-formatted-string[@id='label' and text()='Bosanski']
16:59:12 [TestNG-test-Yt Master Tests-2] INFO  verifyingGlobalFilterLandingPage_16-58-08 - Looking for language element with name: Bosanski
16:59:12 [TestNG-test-Yt Master Tests-2] INFO  verifyingGlobalFilterLandingPage_16-58-08 - [verifyingGlobalFilterLandingPage_16-58-08] Trying to find element: By.xpath: //yt-multi-page-menu-section-renderer[@class='style-scope ytd-multi-page-menu-renderer']//yt-formatted-string[@id='label' and text()='Bosanski']
16:59:12 [TestNG-test-Yt Master Tests-2] INFO  verifyingGlobalFilterLandingPage_16-58-08 - [verifyingGlobalFilterLandingPage_16-58-08] Element found and ready (attempt 1): By.xpath: //yt-multi-page-menu-section-renderer[@class='style-scope ytd-multi-page-menu-renderer']//yt-formatted-string[@id='label' and text()='Bosanski']
16:59:12 [TestNG-test-Yt Master Tests-2] INFO  verifyingGlobalFilterLandingPage_16-58-08 - [verifyingGlobalFilterLandingPage_16-58-08] Trying to find element: By.xpath: //yt-multi-page-menu-section-renderer[@class='style-scope ytd-multi-page-menu-renderer']//yt-formatted-string[@id='label' and text()='Bosanski']
16:59:12 [TestNG-test-Yt Master Tests-2] INFO  verifyingGlobalFilterLandingPage_16-58-08 - [verifyingGlobalFilterLandingPage_16-58-08] Element found and ready (attempt 1): By.xpath: //yt-multi-page-menu-section-renderer[@class='style-scope ytd-multi-page-menu-renderer']//yt-formatted-string[@id='label' and text()='Bosanski']
16:59:15 [TestNG-test-Yt Master Tests-2] INFO  verifyingGlobalFilterLandingPage_16-58-08 - Clicking settings ellipses button...
16:59:17 [TestNG-test-Yt Master Tests-2] INFO  verifyingGlobalFilterLandingPage_16-58-08 - [verifyingGlobalFilterLandingPage_16-58-08] Trying to find element: By.xpath: //ytd-topbar-menu-button-renderer[@class='style-scope ytd-masthead style-default']
16:59:18 [TestNG-test-Yt Master Tests-2] INFO  verifyingGlobalFilterLandingPage_16-58-08 - [verifyingGlobalFilterLandingPage_16-58-08] Element found and ready (attempt 1): By.xpath: //ytd-topbar-menu-button-renderer[@class='style-scope ytd-masthead style-default']
16:59:18 [TestNG-test-Yt Master Tests-2] INFO  verifyingGlobalFilterLandingPage_16-58-08 - [verifyingGlobalFilterLandingPage_16-58-08] Waiting until element is visible in viewport
16:59:19 [TestNG-test-Yt Master Tests-2] INFO  verifyingGlobalFilterLandingPage_16-58-08 - Clicking settings ellipses button...
16:59:20 [TestNG-test-Yt Master Tests-2] INFO  verifyingGlobalFilterLandingPage_16-58-08 - [verifyingGlobalFilterLandingPage_16-58-08] Trying to find element: By.xpath: //ytd-topbar-menu-button-renderer[@class='style-scope ytd-masthead style-default']
16:59:20 [TestNG-test-Yt Master Tests-2] INFO  verifyingGlobalFilterLandingPage_16-58-08 - [verifyingGlobalFilterLandingPage_16-58-08] Element found and ready (attempt 1): By.xpath: //ytd-topbar-menu-button-renderer[@class='style-scope ytd-masthead style-default']
16:59:20 [TestNG-test-Yt Master Tests-2] INFO  verifyingGlobalFilterLandingPage_16-58-08 - Clicking on global filter button in landing page..
16:59:20 [TestNG-test-Yt Master Tests-2] INFO  verifyingGlobalFilterLandingPage_16-58-08 - [verifyingGlobalFilterLandingPage_16-58-08] Trying to click element: By.xpath: //div[@id='filter-button']
16:59:21 [TestNG-test-Yt Master Tests-2] INFO  verifyingGlobalFilterLandingPage_16-58-08 - [verifyingGlobalFilterLandingPage_16-58-08] Clicked successfully (attempt 1): By.xpath: //div[@id='filter-button']
16:59:21 [TestNG-test-Yt Master Tests-2] INFO  verifyingGlobalFilterLandingPage_16-58-08 - [verifyingGlobalFilterLandingPage_16-58-08] Waiting until element is visible in viewport
16:59:21 [TestNG-test-Yt Master Tests-2] INFO  verifyingGlobalFilterLandingPage_16-58-08 - Fetching the data from the global filter in landing page
16:59:21 [TestNG-test-Yt Master Tests-2] INFO  verifyingGlobalFilterLandingPage_16-58-08 - [verifyingGlobalFilterLandingPage_16-58-08] Trying to find element: By.xpath: //ytd-search-filter-options-dialog-renderer[@class='style-scope ytd-popup-container']
16:59:21 [TestNG-test-Yt Master Tests-2] INFO  verifyingGlobalFilterLandingPage_16-58-08 - [verifyingGlobalFilterLandingPage_16-58-08] Element found and ready (attempt 1): By.xpath: //ytd-search-filter-options-dialog-renderer[@class='style-scope ytd-popup-container']
16:59:21 [TestNG-test-Yt Master Tests-2] INFO  verifyingGlobalFilterLandingPage_16-58-08 - Closing the global filter pop-up in landing page..
16:59:21 [TestNG-test-Yt Master Tests-2] INFO  verifyingGlobalFilterLandingPage_16-58-08 - [verifyingGlobalFilterLandingPage_16-58-08] Trying to find element: By.xpath: //yt-icon[@icon='close']
16:59:21 [TestNG-test-Yt Master Tests-2] INFO  verifyingGlobalFilterLandingPage_16-58-08 - [verifyingGlobalFilterLandingPage_16-58-08] Element found and ready (attempt 1): By.xpath: //yt-icon[@icon='close']
16:59:22 [TestNG-test-Yt Master Tests-2] INFO  verifyingGlobalFilterLandingPage_16-58-08 - Clicking settings ellipses button...
16:59:22 [TestNG-test-Yt Master Tests-2] INFO  verifyingGlobalFilterLandingPage_16-58-08 - [verifyingGlobalFilterLandingPage_16-58-08] Trying to find element: By.xpath: //ytd-topbar-menu-button-renderer[@class='style-scope ytd-masthead style-default']
16:59:22 [TestNG-test-Yt Master Tests-2] INFO  verifyingGlobalFilterLandingPage_16-58-08 - [verifyingGlobalFilterLandingPage_16-58-08] Element found and ready (attempt 1): By.xpath: //ytd-topbar-menu-button-renderer[@class='style-scope ytd-masthead style-default']
16:59:22 [TestNG-test-Yt Master Tests-2] INFO  verifyingGlobalFilterLandingPage_16-58-08 - Clicking language dropdown...
16:59:22 [TestNG-test-Yt Master Tests-2] INFO  verifyingGlobalFilterLandingPage_16-58-08 - [verifyingGlobalFilterLandingPage_16-58-08] Trying to find element: By.xpath: (//div[@id='content-icon'])[2]
16:59:23 [TestNG-test-Yt Master Tests-2] INFO  verifyingGlobalFilterLandingPage_16-58-08 - [verifyingGlobalFilterLandingPage_16-58-08] Element found and ready (attempt 1): By.xpath: (//div[@id='content-icon'])[2]
16:59:23 [TestNG-test-Yt Master Tests-2] INFO  verifyingGlobalFilterLandingPage_16-58-08 - [verifyingGlobalFilterLandingPage_16-58-08] Trying to find element: By.xpath: //yt-multi-page-menu-section-renderer[@class='style-scope ytd-multi-page-menu-renderer']//yt-formatted-string[@id='label' and text()='Català']
16:59:23 [TestNG-test-Yt Master Tests-2] INFO  verifyingGlobalFilterLandingPage_16-58-08 - [verifyingGlobalFilterLandingPage_16-58-08] Element found and ready (attempt 1): By.xpath: //yt-multi-page-menu-section-renderer[@class='style-scope ytd-multi-page-menu-renderer']//yt-formatted-string[@id='label' and text()='Català']
16:59:23 [TestNG-test-Yt Master Tests-2] INFO  verifyingGlobalFilterLandingPage_16-58-08 - Looking for language element with name: Català
16:59:23 [TestNG-test-Yt Master Tests-2] INFO  verifyingGlobalFilterLandingPage_16-58-08 - [verifyingGlobalFilterLandingPage_16-58-08] Within smoothScrollToElement method
16:59:23 [TestNG-test-Yt Master Tests-2] INFO  verifyingGlobalFilterLandingPage_16-58-08 - SafeActions initialized with driver ChromeDriver: chrome on windows (8ef5701e26ea002af2a4e305a1fc7215)
16:59:23 [TestNG-test-Yt Master Tests-2] INFO  verifyingGlobalFilterLandingPage_16-58-08 - [verifyingGlobalFilterLandingPage_16-58-08] Trying to find element: By.xpath: //yt-multi-page-menu-section-renderer[@class='style-scope ytd-multi-page-menu-renderer']//yt-formatted-string[@id='label' and text()='Català']
16:59:23 [TestNG-test-Yt Master Tests-2] INFO  verifyingGlobalFilterLandingPage_16-58-08 - [verifyingGlobalFilterLandingPage_16-58-08] Element found and ready (attempt 1): By.xpath: //yt-multi-page-menu-section-renderer[@class='style-scope ytd-multi-page-menu-renderer']//yt-formatted-string[@id='label' and text()='Català']
16:59:23 [TestNG-test-Yt Master Tests-2] INFO  verifyingGlobalFilterLandingPage_16-58-08 - [verifyingGlobalFilterLandingPage_16-58-08] Successfully scrolled to element: By.xpath: //yt-multi-page-menu-section-renderer[@class='style-scope ytd-multi-page-menu-renderer']//yt-formatted-string[@id='label' and text()='Català']
16:59:23 [TestNG-test-Yt Master Tests-2] INFO  verifyingGlobalFilterLandingPage_16-58-08 - Looking for language element with name: Català
16:59:23 [TestNG-test-Yt Master Tests-2] INFO  verifyingGlobalFilterLandingPage_16-58-08 - [verifyingGlobalFilterLandingPage_16-58-08] Trying to find element: By.xpath: //yt-multi-page-menu-section-renderer[@class='style-scope ytd-multi-page-menu-renderer']//yt-formatted-string[@id='label' and text()='Català']
16:59:24 [TestNG-test-Yt Master Tests-2] INFO  verifyingGlobalFilterLandingPage_16-58-08 - [verifyingGlobalFilterLandingPage_16-58-08] Element found and ready (attempt 1): By.xpath: //yt-multi-page-menu-section-renderer[@class='style-scope ytd-multi-page-menu-renderer']//yt-formatted-string[@id='label' and text()='Català']
16:59:24 [TestNG-test-Yt Master Tests-2] INFO  verifyingGlobalFilterLandingPage_16-58-08 - [verifyingGlobalFilterLandingPage_16-58-08] Trying to find element: By.xpath: //yt-multi-page-menu-section-renderer[@class='style-scope ytd-multi-page-menu-renderer']//yt-formatted-string[@id='label' and text()='Català']
16:59:24 [TestNG-test-Yt Master Tests-2] INFO  verifyingGlobalFilterLandingPage_16-58-08 - [verifyingGlobalFilterLandingPage_16-58-08] Element found and ready (attempt 1): By.xpath: //yt-multi-page-menu-section-renderer[@class='style-scope ytd-multi-page-menu-renderer']//yt-formatted-string[@id='label' and text()='Català']
16:59:27 [TestNG-test-Yt Master Tests-2] INFO  verifyingGlobalFilterLandingPage_16-58-08 - Clicking settings ellipses button...
16:59:28 [TestNG-test-Yt Master Tests-2] INFO  verifyingGlobalFilterLandingPage_16-58-08 - [verifyingGlobalFilterLandingPage_16-58-08] Trying to find element: By.xpath: //ytd-topbar-menu-button-renderer[@class='style-scope ytd-masthead style-default']
16:59:29 [TestNG-test-Yt Master Tests-2] INFO  verifyingGlobalFilterLandingPage_16-58-08 - [verifyingGlobalFilterLandingPage_16-58-08] Element found and ready (attempt 1): By.xpath: //ytd-topbar-menu-button-renderer[@class='style-scope ytd-masthead style-default']
16:59:29 [TestNG-test-Yt Master Tests-2] INFO  verifyingGlobalFilterLandingPage_16-58-08 - [verifyingGlobalFilterLandingPage_16-58-08] Waiting until element is visible in viewport
16:59:30 [TestNG-test-Yt Master Tests-2] INFO  verifyingGlobalFilterLandingPage_16-58-08 - Clicking settings ellipses button...
16:59:30 [TestNG-test-Yt Master Tests-2] INFO  verifyingGlobalFilterLandingPage_16-58-08 - [verifyingGlobalFilterLandingPage_16-58-08] Trying to find element: By.xpath: //ytd-topbar-menu-button-renderer[@class='style-scope ytd-masthead style-default']
16:59:30 [TestNG-test-Yt Master Tests-2] INFO  verifyingGlobalFilterLandingPage_16-58-08 - [verifyingGlobalFilterLandingPage_16-58-08] Element found and ready (attempt 1): By.xpath: //ytd-topbar-menu-button-renderer[@class='style-scope ytd-masthead style-default']
16:59:31 [TestNG-test-Yt Master Tests-2] INFO  verifyingGlobalFilterLandingPage_16-58-08 - Clicking on global filter button in landing page..
16:59:31 [TestNG-test-Yt Master Tests-2] INFO  verifyingGlobalFilterLandingPage_16-58-08 - [verifyingGlobalFilterLandingPage_16-58-08] Trying to click element: By.xpath: //div[@id='filter-button']
16:59:31 [TestNG-test-Yt Master Tests-2] INFO  verifyingGlobalFilterLandingPage_16-58-08 - [verifyingGlobalFilterLandingPage_16-58-08] Clicked successfully (attempt 1): By.xpath: //div[@id='filter-button']
16:59:31 [TestNG-test-Yt Master Tests-2] INFO  verifyingGlobalFilterLandingPage_16-58-08 - [verifyingGlobalFilterLandingPage_16-58-08] Waiting until element is visible in viewport
16:59:32 [TestNG-test-Yt Master Tests-2] INFO  verifyingGlobalFilterLandingPage_16-58-08 - Fetching the data from the global filter in landing page
16:59:32 [TestNG-test-Yt Master Tests-2] INFO  verifyingGlobalFilterLandingPage_16-58-08 - [verifyingGlobalFilterLandingPage_16-58-08] Trying to find element: By.xpath: //ytd-search-filter-options-dialog-renderer[@class='style-scope ytd-popup-container']
16:59:32 [TestNG-test-Yt Master Tests-2] INFO  verifyingGlobalFilterLandingPage_16-58-08 - [verifyingGlobalFilterLandingPage_16-58-08] Element found and ready (attempt 1): By.xpath: //ytd-search-filter-options-dialog-renderer[@class='style-scope ytd-popup-container']
16:59:32 [TestNG-test-Yt Master Tests-2] INFO  verifyingGlobalFilterLandingPage_16-58-08 - Closing the global filter pop-up in landing page..
16:59:32 [TestNG-test-Yt Master Tests-2] INFO  verifyingGlobalFilterLandingPage_16-58-08 - [verifyingGlobalFilterLandingPage_16-58-08] Trying to find element: By.xpath: //yt-icon[@icon='close']
16:59:32 [TestNG-test-Yt Master Tests-2] INFO  verifyingGlobalFilterLandingPage_16-58-08 - [verifyingGlobalFilterLandingPage_16-58-08] Element found and ready (attempt 1): By.xpath: //yt-icon[@icon='close']
16:59:33 [TestNG-test-Yt Master Tests-2] INFO  verifyingGlobalFilterLandingPage_16-58-08 - Clicking settings ellipses button...
16:59:33 [TestNG-test-Yt Master Tests-2] INFO  verifyingGlobalFilterLandingPage_16-58-08 - [verifyingGlobalFilterLandingPage_16-58-08] Trying to find element: By.xpath: //ytd-topbar-menu-button-renderer[@class='style-scope ytd-masthead style-default']
16:59:33 [TestNG-test-Yt Master Tests-2] INFO  verifyingGlobalFilterLandingPage_16-58-08 - [verifyingGlobalFilterLandingPage_16-58-08] Element found and ready (attempt 1): By.xpath: //ytd-topbar-menu-button-renderer[@class='style-scope ytd-masthead style-default']
16:59:33 [TestNG-test-Yt Master Tests-2] INFO  verifyingGlobalFilterLandingPage_16-58-08 - Clicking language dropdown...
16:59:33 [TestNG-test-Yt Master Tests-2] INFO  verifyingGlobalFilterLandingPage_16-58-08 - [verifyingGlobalFilterLandingPage_16-58-08] Trying to find element: By.xpath: (//div[@id='content-icon'])[2]
16:59:33 [TestNG-test-Yt Master Tests-2] INFO  verifyingGlobalFilterLandingPage_16-58-08 - [verifyingGlobalFilterLandingPage_16-58-08] Element found and ready (attempt 1): By.xpath: (//div[@id='content-icon'])[2]
16:59:34 [TestNG-test-Yt Master Tests-2] INFO  verifyingGlobalFilterLandingPage_16-58-08 - [verifyingGlobalFilterLandingPage_16-58-08] Trying to find element: By.xpath: //yt-multi-page-menu-section-renderer[@class='style-scope ytd-multi-page-menu-renderer']//yt-formatted-string[@id='label' and text()='Dansk']
16:59:34 [TestNG-test-Yt Master Tests-2] INFO  verifyingGlobalFilterLandingPage_16-58-08 - [verifyingGlobalFilterLandingPage_16-58-08] Element found and ready (attempt 1): By.xpath: //yt-multi-page-menu-section-renderer[@class='style-scope ytd-multi-page-menu-renderer']//yt-formatted-string[@id='label' and text()='Dansk']
16:59:34 [TestNG-test-Yt Master Tests-2] INFO  verifyingGlobalFilterLandingPage_16-58-08 - Looking for language element with name: Dansk
16:59:34 [TestNG-test-Yt Master Tests-2] INFO  verifyingGlobalFilterLandingPage_16-58-08 - [verifyingGlobalFilterLandingPage_16-58-08] Within smoothScrollToElement method
16:59:34 [TestNG-test-Yt Master Tests-2] INFO  verifyingGlobalFilterLandingPage_16-58-08 - SafeActions initialized with driver ChromeDriver: chrome on windows (8ef5701e26ea002af2a4e305a1fc7215)
16:59:34 [TestNG-test-Yt Master Tests-2] INFO  verifyingGlobalFilterLandingPage_16-58-08 - [verifyingGlobalFilterLandingPage_16-58-08] Trying to find element: By.xpath: //yt-multi-page-menu-section-renderer[@class='style-scope ytd-multi-page-menu-renderer']//yt-formatted-string[@id='label' and text()='Dansk']
16:59:34 [TestNG-test-Yt Master Tests-2] INFO  verifyingGlobalFilterLandingPage_16-58-08 - [verifyingGlobalFilterLandingPage_16-58-08] Element found and ready (attempt 1): By.xpath: //yt-multi-page-menu-section-renderer[@class='style-scope ytd-multi-page-menu-renderer']//yt-formatted-string[@id='label' and text()='Dansk']
16:59:34 [TestNG-test-Yt Master Tests-2] INFO  verifyingGlobalFilterLandingPage_16-58-08 - [verifyingGlobalFilterLandingPage_16-58-08] Successfully scrolled to element: By.xpath: //yt-multi-page-menu-section-renderer[@class='style-scope ytd-multi-page-menu-renderer']//yt-formatted-string[@id='label' and text()='Dansk']
16:59:34 [TestNG-test-Yt Master Tests-2] INFO  verifyingGlobalFilterLandingPage_16-58-08 - Looking for language element with name: Dansk
16:59:34 [TestNG-test-Yt Master Tests-2] INFO  verifyingGlobalFilterLandingPage_16-58-08 - [verifyingGlobalFilterLandingPage_16-58-08] Trying to find element: By.xpath: //yt-multi-page-menu-section-renderer[@class='style-scope ytd-multi-page-menu-renderer']//yt-formatted-string[@id='label' and text()='Dansk']
16:59:34 [TestNG-test-Yt Master Tests-2] INFO  verifyingGlobalFilterLandingPage_16-58-08 - [verifyingGlobalFilterLandingPage_16-58-08] Element found and ready (attempt 1): By.xpath: //yt-multi-page-menu-section-renderer[@class='style-scope ytd-multi-page-menu-renderer']//yt-formatted-string[@id='label' and text()='Dansk']
16:59:34 [TestNG-test-Yt Master Tests-2] INFO  verifyingGlobalFilterLandingPage_16-58-08 - [verifyingGlobalFilterLandingPage_16-58-08] Trying to find element: By.xpath: //yt-multi-page-menu-section-renderer[@class='style-scope ytd-multi-page-menu-renderer']//yt-formatted-string[@id='label' and text()='Dansk']
16:59:35 [TestNG-test-Yt Master Tests-2] INFO  verifyingGlobalFilterLandingPage_16-58-08 - [verifyingGlobalFilterLandingPage_16-58-08] Element found and ready (attempt 1): By.xpath: //yt-multi-page-menu-section-renderer[@class='style-scope ytd-multi-page-menu-renderer']//yt-formatted-string[@id='label' and text()='Dansk']
16:59:38 [TestNG-test-Yt Master Tests-2] INFO  verifyingGlobalFilterLandingPage_16-58-08 - Clicking settings ellipses button...
16:59:39 [TestNG-test-Yt Master Tests-2] INFO  verifyingGlobalFilterLandingPage_16-58-08 - [verifyingGlobalFilterLandingPage_16-58-08] Trying to find element: By.xpath: //ytd-topbar-menu-button-renderer[@class='style-scope ytd-masthead style-default']
16:59:39 [TestNG-test-Yt Master Tests-2] INFO  verifyingGlobalFilterLandingPage_16-58-08 - [verifyingGlobalFilterLandingPage_16-58-08] Element found and ready (attempt 1): By.xpath: //ytd-topbar-menu-button-renderer[@class='style-scope ytd-masthead style-default']
16:59:40 [TestNG-test-Yt Master Tests-2] INFO  verifyingGlobalFilterLandingPage_16-58-08 - [verifyingGlobalFilterLandingPage_16-58-08] Waiting until element is visible in viewport
16:59:40 [TestNG-test-Yt Master Tests-2] INFO  verifyingGlobalFilterLandingPage_16-58-08 - Clicking settings ellipses button...
16:59:40 [TestNG-test-Yt Master Tests-2] INFO  verifyingGlobalFilterLandingPage_16-58-08 - [verifyingGlobalFilterLandingPage_16-58-08] Trying to find element: By.xpath: //ytd-topbar-menu-button-renderer[@class='style-scope ytd-masthead style-default']
16:59:40 [TestNG-test-Yt Master Tests-2] INFO  verifyingGlobalFilterLandingPage_16-58-08 - [verifyingGlobalFilterLandingPage_16-58-08] Element found and ready (attempt 1): By.xpath: //ytd-topbar-menu-button-renderer[@class='style-scope ytd-masthead style-default']
16:59:41 [TestNG-test-Yt Master Tests-2] INFO  verifyingGlobalFilterLandingPage_16-58-08 - Clicking on global filter button in landing page..
16:59:41 [TestNG-test-Yt Master Tests-2] INFO  verifyingGlobalFilterLandingPage_16-58-08 - [verifyingGlobalFilterLandingPage_16-58-08] Trying to click element: By.xpath: //div[@id='filter-button']
16:59:41 [TestNG-test-Yt Master Tests-2] INFO  verifyingGlobalFilterLandingPage_16-58-08 - [verifyingGlobalFilterLandingPage_16-58-08] Clicked successfully (attempt 1): By.xpath: //div[@id='filter-button']
16:59:41 [TestNG-test-Yt Master Tests-2] INFO  verifyingGlobalFilterLandingPage_16-58-08 - [verifyingGlobalFilterLandingPage_16-58-08] Waiting until element is visible in viewport
16:59:41 [TestNG-test-Yt Master Tests-2] INFO  verifyingGlobalFilterLandingPage_16-58-08 - Fetching the data from the global filter in landing page
16:59:41 [TestNG-test-Yt Master Tests-2] INFO  verifyingGlobalFilterLandingPage_16-58-08 - [verifyingGlobalFilterLandingPage_16-58-08] Trying to find element: By.xpath: //ytd-search-filter-options-dialog-renderer[@class='style-scope ytd-popup-container']
16:59:41 [TestNG-test-Yt Master Tests-2] INFO  verifyingGlobalFilterLandingPage_16-58-08 - [verifyingGlobalFilterLandingPage_16-58-08] Element found and ready (attempt 1): By.xpath: //ytd-search-filter-options-dialog-renderer[@class='style-scope ytd-popup-container']
16:59:41 [TestNG-test-Yt Master Tests-2] INFO  verifyingGlobalFilterLandingPage_16-58-08 - Closing the global filter pop-up in landing page..
16:59:41 [TestNG-test-Yt Master Tests-2] INFO  verifyingGlobalFilterLandingPage_16-58-08 - [verifyingGlobalFilterLandingPage_16-58-08] Trying to find element: By.xpath: //yt-icon[@icon='close']
16:59:41 [TestNG-test-Yt Master Tests-2] INFO  verifyingGlobalFilterLandingPage_16-58-08 - [verifyingGlobalFilterLandingPage_16-58-08] Element found and ready (attempt 1): By.xpath: //yt-icon[@icon='close']
16:59:42 [TestNG-test-Yt Master Tests-2] INFO  verifyingGlobalFilterLandingPage_16-58-08 - Clicking settings ellipses button...
16:59:42 [TestNG-test-Yt Master Tests-2] INFO  verifyingGlobalFilterLandingPage_16-58-08 - [verifyingGlobalFilterLandingPage_16-58-08] Trying to find element: By.xpath: //ytd-topbar-menu-button-renderer[@class='style-scope ytd-masthead style-default']
16:59:42 [TestNG-test-Yt Master Tests-2] INFO  verifyingGlobalFilterLandingPage_16-58-08 - [verifyingGlobalFilterLandingPage_16-58-08] Element found and ready (attempt 1): By.xpath: //ytd-topbar-menu-button-renderer[@class='style-scope ytd-masthead style-default']
16:59:42 [TestNG-test-Yt Master Tests-2] INFO  verifyingGlobalFilterLandingPage_16-58-08 - Clicking language dropdown...
16:59:42 [TestNG-test-Yt Master Tests-2] INFO  verifyingGlobalFilterLandingPage_16-58-08 - [verifyingGlobalFilterLandingPage_16-58-08] Trying to find element: By.xpath: (//div[@id='content-icon'])[2]
16:59:42 [TestNG-test-Yt Master Tests-2] INFO  verifyingGlobalFilterLandingPage_16-58-08 - [verifyingGlobalFilterLandingPage_16-58-08] Element found and ready (attempt 1): By.xpath: (//div[@id='content-icon'])[2]
16:59:43 [TestNG-test-Yt Master Tests-2] INFO  verifyingGlobalFilterLandingPage_16-58-08 - [verifyingGlobalFilterLandingPage_16-58-08] Trying to find element: By.xpath: //yt-multi-page-menu-section-renderer[@class='style-scope ytd-multi-page-menu-renderer']//yt-formatted-string[@id='label' and text()='Deutsch']
16:59:43 [TestNG-test-Yt Master Tests-2] INFO  verifyingGlobalFilterLandingPage_16-58-08 - [verifyingGlobalFilterLandingPage_16-58-08] Element found and ready (attempt 1): By.xpath: //yt-multi-page-menu-section-renderer[@class='style-scope ytd-multi-page-menu-renderer']//yt-formatted-string[@id='label' and text()='Deutsch']
16:59:43 [TestNG-test-Yt Master Tests-2] INFO  verifyingGlobalFilterLandingPage_16-58-08 - Looking for language element with name: Deutsch
16:59:43 [TestNG-test-Yt Master Tests-2] INFO  verifyingGlobalFilterLandingPage_16-58-08 - [verifyingGlobalFilterLandingPage_16-58-08] Within smoothScrollToElement method
16:59:43 [TestNG-test-Yt Master Tests-2] INFO  verifyingGlobalFilterLandingPage_16-58-08 - SafeActions initialized with driver ChromeDriver: chrome on windows (8ef5701e26ea002af2a4e305a1fc7215)
16:59:43 [TestNG-test-Yt Master Tests-2] INFO  verifyingGlobalFilterLandingPage_16-58-08 - [verifyingGlobalFilterLandingPage_16-58-08] Trying to find element: By.xpath: //yt-multi-page-menu-section-renderer[@class='style-scope ytd-multi-page-menu-renderer']//yt-formatted-string[@id='label' and text()='Deutsch']
16:59:44 [TestNG-test-Yt Master Tests-2] INFO  verifyingGlobalFilterLandingPage_16-58-08 - [verifyingGlobalFilterLandingPage_16-58-08] Element found and ready (attempt 1): By.xpath: //yt-multi-page-menu-section-renderer[@class='style-scope ytd-multi-page-menu-renderer']//yt-formatted-string[@id='label' and text()='Deutsch']
16:59:44 [TestNG-test-Yt Master Tests-2] INFO  verifyingGlobalFilterLandingPage_16-58-08 - [verifyingGlobalFilterLandingPage_16-58-08] Successfully scrolled to element: By.xpath: //yt-multi-page-menu-section-renderer[@class='style-scope ytd-multi-page-menu-renderer']//yt-formatted-string[@id='label' and text()='Deutsch']
16:59:44 [TestNG-test-Yt Master Tests-2] INFO  verifyingGlobalFilterLandingPage_16-58-08 - Looking for language element with name: Deutsch
16:59:44 [TestNG-test-Yt Master Tests-2] INFO  verifyingGlobalFilterLandingPage_16-58-08 - [verifyingGlobalFilterLandingPage_16-58-08] Trying to find element: By.xpath: //yt-multi-page-menu-section-renderer[@class='style-scope ytd-multi-page-menu-renderer']//yt-formatted-string[@id='label' and text()='Deutsch']
16:59:44 [TestNG-test-Yt Master Tests-2] INFO  verifyingGlobalFilterLandingPage_16-58-08 - [verifyingGlobalFilterLandingPage_16-58-08] Element found and ready (attempt 1): By.xpath: //yt-multi-page-menu-section-renderer[@class='style-scope ytd-multi-page-menu-renderer']//yt-formatted-string[@id='label' and text()='Deutsch']
16:59:44 [TestNG-test-Yt Master Tests-2] INFO  verifyingGlobalFilterLandingPage_16-58-08 - [verifyingGlobalFilterLandingPage_16-58-08] Trying to find element: By.xpath: //yt-multi-page-menu-section-renderer[@class='style-scope ytd-multi-page-menu-renderer']//yt-formatted-string[@id='label' and text()='Deutsch']
16:59:44 [TestNG-test-Yt Master Tests-2] INFO  verifyingGlobalFilterLandingPage_16-58-08 - [verifyingGlobalFilterLandingPage_16-58-08] Element found and ready (attempt 1): By.xpath: //yt-multi-page-menu-section-renderer[@class='style-scope ytd-multi-page-menu-renderer']//yt-formatted-string[@id='label' and text()='Deutsch']
16:59:51 [TestNG-test-Yt Master Tests-2] INFO  verifyingGlobalFilterLandingPage_16-58-08 - Clicking settings ellipses button...
16:59:51 [TestNG-test-Yt Master Tests-2] INFO  verifyingGlobalFilterLandingPage_16-58-08 - [verifyingGlobalFilterLandingPage_16-58-08] Trying to find element: By.xpath: //ytd-topbar-menu-button-renderer[@class='style-scope ytd-masthead style-default']
16:59:51 [TestNG-test-Yt Master Tests-2] INFO  verifyingGlobalFilterLandingPage_16-58-08 - [verifyingGlobalFilterLandingPage_16-58-08] Element found and ready (attempt 1): By.xpath: //ytd-topbar-menu-button-renderer[@class='style-scope ytd-masthead style-default']
16:59:52 [TestNG-test-Yt Master Tests-2] INFO  verifyingGlobalFilterLandingPage_16-58-08 - [verifyingGlobalFilterLandingPage_16-58-08] Waiting until element is visible in viewport
16:59:52 [TestNG-test-Yt Master Tests-2] INFO  verifyingGlobalFilterLandingPage_16-58-08 - Clicking settings ellipses button...
16:59:52 [TestNG-test-Yt Master Tests-2] INFO  verifyingGlobalFilterLandingPage_16-58-08 - [verifyingGlobalFilterLandingPage_16-58-08] Trying to find element: By.xpath: //ytd-topbar-menu-button-renderer[@class='style-scope ytd-masthead style-default']
16:59:53 [TestNG-test-Yt Master Tests-2] INFO  verifyingGlobalFilterLandingPage_16-58-08 - [verifyingGlobalFilterLandingPage_16-58-08] Element found and ready (attempt 1): By.xpath: //ytd-topbar-menu-button-renderer[@class='style-scope ytd-masthead style-default']
16:59:53 [TestNG-test-Yt Master Tests-2] INFO  verifyingGlobalFilterLandingPage_16-58-08 - Clicking on global filter button in landing page..
16:59:53 [TestNG-test-Yt Master Tests-2] INFO  verifyingGlobalFilterLandingPage_16-58-08 - [verifyingGlobalFilterLandingPage_16-58-08] Trying to click element: By.xpath: //div[@id='filter-button']
16:59:53 [TestNG-test-Yt Master Tests-2] INFO  verifyingGlobalFilterLandingPage_16-58-08 - [verifyingGlobalFilterLandingPage_16-58-08] Clicked successfully (attempt 1): By.xpath: //div[@id='filter-button']
16:59:53 [TestNG-test-Yt Master Tests-2] INFO  verifyingGlobalFilterLandingPage_16-58-08 - [verifyingGlobalFilterLandingPage_16-58-08] Waiting until element is visible in viewport
16:59:54 [TestNG-test-Yt Master Tests-2] INFO  verifyingGlobalFilterLandingPage_16-58-08 - Fetching the data from the global filter in landing page
16:59:54 [TestNG-test-Yt Master Tests-2] INFO  verifyingGlobalFilterLandingPage_16-58-08 - [verifyingGlobalFilterLandingPage_16-58-08] Trying to find element: By.xpath: //ytd-search-filter-options-dialog-renderer[@class='style-scope ytd-popup-container']
16:59:54 [TestNG-test-Yt Master Tests-2] INFO  verifyingGlobalFilterLandingPage_16-58-08 - [verifyingGlobalFilterLandingPage_16-58-08] Element found and ready (attempt 1): By.xpath: //ytd-search-filter-options-dialog-renderer[@class='style-scope ytd-popup-container']
16:59:54 [TestNG-test-Yt Master Tests-2] INFO  verifyingGlobalFilterLandingPage_16-58-08 - Closing the global filter pop-up in landing page..
16:59:54 [TestNG-test-Yt Master Tests-2] INFO  verifyingGlobalFilterLandingPage_16-58-08 - [verifyingGlobalFilterLandingPage_16-58-08] Trying to find element: By.xpath: //yt-icon[@icon='close']
16:59:54 [TestNG-test-Yt Master Tests-2] INFO  verifyingGlobalFilterLandingPage_16-58-08 - [verifyingGlobalFilterLandingPage_16-58-08] Element found and ready (attempt 1): By.xpath: //yt-icon[@icon='close']
16:59:55 [TestNG-test-Yt Master Tests-2] INFO  verifyingGlobalFilterLandingPage_16-58-08 - Clicking settings ellipses button...
16:59:55 [TestNG-test-Yt Master Tests-2] INFO  verifyingGlobalFilterLandingPage_16-58-08 - [verifyingGlobalFilterLandingPage_16-58-08] Trying to find element: By.xpath: //ytd-topbar-menu-button-renderer[@class='style-scope ytd-masthead style-default']
16:59:55 [TestNG-test-Yt Master Tests-2] INFO  verifyingGlobalFilterLandingPage_16-58-08 - [verifyingGlobalFilterLandingPage_16-58-08] Element found and ready (attempt 1): By.xpath: //ytd-topbar-menu-button-renderer[@class='style-scope ytd-masthead style-default']
16:59:55 [TestNG-test-Yt Master Tests-2] INFO  verifyingGlobalFilterLandingPage_16-58-08 - Clicking language dropdown...
16:59:55 [TestNG-test-Yt Master Tests-2] INFO  verifyingGlobalFilterLandingPage_16-58-08 - [verifyingGlobalFilterLandingPage_16-58-08] Trying to find element: By.xpath: (//div[@id='content-icon'])[2]
16:59:56 [TestNG-test-Yt Master Tests-2] INFO  verifyingGlobalFilterLandingPage_16-58-08 - [verifyingGlobalFilterLandingPage_16-58-08] Element found and ready (attempt 1): By.xpath: (//div[@id='content-icon'])[2]
16:59:56 [TestNG-test-Yt Master Tests-2] INFO  verifyingGlobalFilterLandingPage_16-58-08 - [verifyingGlobalFilterLandingPage_16-58-08] Trying to find element: By.xpath: //yt-multi-page-menu-section-renderer[@class='style-scope ytd-multi-page-menu-renderer']//yt-formatted-string[@id='label' and text()='Eesti']
16:59:56 [TestNG-test-Yt Master Tests-2] INFO  verifyingGlobalFilterLandingPage_16-58-08 - [verifyingGlobalFilterLandingPage_16-58-08] Element found and ready (attempt 1): By.xpath: //yt-multi-page-menu-section-renderer[@class='style-scope ytd-multi-page-menu-renderer']//yt-formatted-string[@id='label' and text()='Eesti']
16:59:56 [TestNG-test-Yt Master Tests-2] INFO  verifyingGlobalFilterLandingPage_16-58-08 - Looking for language element with name: Eesti
16:59:56 [TestNG-test-Yt Master Tests-2] INFO  verifyingGlobalFilterLandingPage_16-58-08 - [verifyingGlobalFilterLandingPage_16-58-08] Within smoothScrollToElement method
16:59:56 [TestNG-test-Yt Master Tests-2] INFO  verifyingGlobalFilterLandingPage_16-58-08 - SafeActions initialized with driver ChromeDriver: chrome on windows (8ef5701e26ea002af2a4e305a1fc7215)
16:59:56 [TestNG-test-Yt Master Tests-2] INFO  verifyingGlobalFilterLandingPage_16-58-08 - [verifyingGlobalFilterLandingPage_16-58-08] Trying to find element: By.xpath: //yt-multi-page-menu-section-renderer[@class='style-scope ytd-multi-page-menu-renderer']//yt-formatted-string[@id='label' and text()='Eesti']
16:59:57 [TestNG-test-Yt Master Tests-2] INFO  verifyingGlobalFilterLandingPage_16-58-08 - [verifyingGlobalFilterLandingPage_16-58-08] Element found and ready (attempt 1): By.xpath: //yt-multi-page-menu-section-renderer[@class='style-scope ytd-multi-page-menu-renderer']//yt-formatted-string[@id='label' and text()='Eesti']
16:59:57 [TestNG-test-Yt Master Tests-2] INFO  verifyingGlobalFilterLandingPage_16-58-08 - [verifyingGlobalFilterLandingPage_16-58-08] Successfully scrolled to element: By.xpath: //yt-multi-page-menu-section-renderer[@class='style-scope ytd-multi-page-menu-renderer']//yt-formatted-string[@id='label' and text()='Eesti']
16:59:57 [TestNG-test-Yt Master Tests-2] INFO  verifyingGlobalFilterLandingPage_16-58-08 - Looking for language element with name: Eesti
16:59:57 [TestNG-test-Yt Master Tests-2] INFO  verifyingGlobalFilterLandingPage_16-58-08 - [verifyingGlobalFilterLandingPage_16-58-08] Trying to find element: By.xpath: //yt-multi-page-menu-section-renderer[@class='style-scope ytd-multi-page-menu-renderer']//yt-formatted-string[@id='label' and text()='Eesti']
16:59:57 [TestNG-test-Yt Master Tests-2] INFO  verifyingGlobalFilterLandingPage_16-58-08 - [verifyingGlobalFilterLandingPage_16-58-08] Element found and ready (attempt 1): By.xpath: //yt-multi-page-menu-section-renderer[@class='style-scope ytd-multi-page-menu-renderer']//yt-formatted-string[@id='label' and text()='Eesti']
16:59:57 [TestNG-test-Yt Master Tests-2] INFO  verifyingGlobalFilterLandingPage_16-58-08 - [verifyingGlobalFilterLandingPage_16-58-08] Trying to find element: By.xpath: //yt-multi-page-menu-section-renderer[@class='style-scope ytd-multi-page-menu-renderer']//yt-formatted-string[@id='label' and text()='Eesti']
16:59:57 [TestNG-test-Yt Master Tests-2] INFO  verifyingGlobalFilterLandingPage_16-58-08 - [verifyingGlobalFilterLandingPage_16-58-08] Element found and ready (attempt 1): By.xpath: //yt-multi-page-menu-section-renderer[@class='style-scope ytd-multi-page-menu-renderer']//yt-formatted-string[@id='label' and text()='Eesti']
17:00:00 [TestNG-test-Yt Master Tests-2] INFO  verifyingGlobalFilterLandingPage_16-58-08 - Clicking settings ellipses button...
17:00:01 [TestNG-test-Yt Master Tests-2] INFO  verifyingGlobalFilterLandingPage_16-58-08 - [verifyingGlobalFilterLandingPage_16-58-08] Trying to find element: By.xpath: //ytd-topbar-menu-button-renderer[@class='style-scope ytd-masthead style-default']
17:00:03 [TestNG-test-Yt Master Tests-2] INFO  verifyingGlobalFilterLandingPage_16-58-08 - [verifyingGlobalFilterLandingPage_16-58-08] Element found and ready (attempt 1): By.xpath: //ytd-topbar-menu-button-renderer[@class='style-scope ytd-masthead style-default']
17:00:03 [TestNG-test-Yt Master Tests-2] INFO  verifyingGlobalFilterLandingPage_16-58-08 - [verifyingGlobalFilterLandingPage_16-58-08] Waiting until element is visible in viewport
17:00:04 [TestNG-test-Yt Master Tests-2] INFO  verifyingGlobalFilterLandingPage_16-58-08 - Clicking settings ellipses button...
17:00:04 [TestNG-test-Yt Master Tests-2] INFO  verifyingGlobalFilterLandingPage_16-58-08 - [verifyingGlobalFilterLandingPage_16-58-08] Trying to find element: By.xpath: //ytd-topbar-menu-button-renderer[@class='style-scope ytd-masthead style-default']
17:00:04 [TestNG-test-Yt Master Tests-2] INFO  verifyingGlobalFilterLandingPage_16-58-08 - [verifyingGlobalFilterLandingPage_16-58-08] Element found and ready (attempt 1): By.xpath: //ytd-topbar-menu-button-renderer[@class='style-scope ytd-masthead style-default']
17:00:05 [TestNG-test-Yt Master Tests-2] INFO  verifyingGlobalFilterLandingPage_16-58-08 - Clicking on global filter button in landing page..
17:00:05 [TestNG-test-Yt Master Tests-2] INFO  verifyingGlobalFilterLandingPage_16-58-08 - [verifyingGlobalFilterLandingPage_16-58-08] Trying to click element: By.xpath: //div[@id='filter-button']
17:00:05 [TestNG-test-Yt Master Tests-2] INFO  verifyingGlobalFilterLandingPage_16-58-08 - [verifyingGlobalFilterLandingPage_16-58-08] Clicked successfully (attempt 1): By.xpath: //div[@id='filter-button']
17:00:05 [TestNG-test-Yt Master Tests-2] INFO  verifyingGlobalFilterLandingPage_16-58-08 - [verifyingGlobalFilterLandingPage_16-58-08] Waiting until element is visible in viewport
17:00:06 [TestNG-test-Yt Master Tests-2] INFO  verifyingGlobalFilterLandingPage_16-58-08 - Fetching the data from the global filter in landing page
17:00:06 [TestNG-test-Yt Master Tests-2] INFO  verifyingGlobalFilterLandingPage_16-58-08 - [verifyingGlobalFilterLandingPage_16-58-08] Trying to find element: By.xpath: //ytd-search-filter-options-dialog-renderer[@class='style-scope ytd-popup-container']
17:00:06 [TestNG-test-Yt Master Tests-2] INFO  verifyingGlobalFilterLandingPage_16-58-08 - [verifyingGlobalFilterLandingPage_16-58-08] Element found and ready (attempt 1): By.xpath: //ytd-search-filter-options-dialog-renderer[@class='style-scope ytd-popup-container']
17:00:06 [TestNG-test-Yt Master Tests-2] INFO  verifyingGlobalFilterLandingPage_16-58-08 - Closing the global filter pop-up in landing page..
17:00:06 [TestNG-test-Yt Master Tests-2] INFO  verifyingGlobalFilterLandingPage_16-58-08 - [verifyingGlobalFilterLandingPage_16-58-08] Trying to find element: By.xpath: //yt-icon[@icon='close']
17:00:06 [TestNG-test-Yt Master Tests-2] INFO  verifyingGlobalFilterLandingPage_16-58-08 - [verifyingGlobalFilterLandingPage_16-58-08] Element found and ready (attempt 1): By.xpath: //yt-icon[@icon='close']
17:00:06 [TestNG-test-Yt Master Tests-2] INFO  verifyingGlobalFilterLandingPage_16-58-08 - Clicking settings ellipses button...
17:00:07 [TestNG-test-Yt Master Tests-2] INFO  verifyingGlobalFilterLandingPage_16-58-08 - [verifyingGlobalFilterLandingPage_16-58-08] Trying to find element: By.xpath: //ytd-topbar-menu-button-renderer[@class='style-scope ytd-masthead style-default']
17:00:07 [TestNG-test-Yt Master Tests-2] INFO  verifyingGlobalFilterLandingPage_16-58-08 - [verifyingGlobalFilterLandingPage_16-58-08] Element found and ready (attempt 1): By.xpath: //ytd-topbar-menu-button-renderer[@class='style-scope ytd-masthead style-default']
17:00:07 [TestNG-test-Yt Master Tests-2] INFO  verifyingGlobalFilterLandingPage_16-58-08 - Clicking language dropdown...
17:00:07 [TestNG-test-Yt Master Tests-2] INFO  verifyingGlobalFilterLandingPage_16-58-08 - [verifyingGlobalFilterLandingPage_16-58-08] Trying to find element: By.xpath: (//div[@id='content-icon'])[2]
17:00:08 [TestNG-test-Yt Master Tests-2] INFO  verifyingGlobalFilterLandingPage_16-58-08 - [verifyingGlobalFilterLandingPage_16-58-08] Element found and ready (attempt 1): By.xpath: (//div[@id='content-icon'])[2]
17:00:08 [TestNG-test-Yt Master Tests-2] INFO  verifyingGlobalFilterLandingPage_16-58-08 - [verifyingGlobalFilterLandingPage_16-58-08] Trying to find element: By.xpath: //yt-multi-page-menu-section-renderer[@class='style-scope ytd-multi-page-menu-renderer']//yt-formatted-string[@id='label' and text()='English (India)']
17:00:08 [TestNG-test-Yt Master Tests-2] INFO  verifyingGlobalFilterLandingPage_16-58-08 - [verifyingGlobalFilterLandingPage_16-58-08] Element found and ready (attempt 1): By.xpath: //yt-multi-page-menu-section-renderer[@class='style-scope ytd-multi-page-menu-renderer']//yt-formatted-string[@id='label' and text()='English (India)']
17:00:08 [TestNG-test-Yt Master Tests-2] INFO  verifyingGlobalFilterLandingPage_16-58-08 - Looking for language element with name: English (India)
17:00:08 [TestNG-test-Yt Master Tests-2] INFO  verifyingGlobalFilterLandingPage_16-58-08 - [verifyingGlobalFilterLandingPage_16-58-08] Within smoothScrollToElement method
17:00:08 [TestNG-test-Yt Master Tests-2] INFO  verifyingGlobalFilterLandingPage_16-58-08 - SafeActions initialized with driver ChromeDriver: chrome on windows (8ef5701e26ea002af2a4e305a1fc7215)
17:00:08 [TestNG-test-Yt Master Tests-2] INFO  verifyingGlobalFilterLandingPage_16-58-08 - [verifyingGlobalFilterLandingPage_16-58-08] Trying to find element: By.xpath: //yt-multi-page-menu-section-renderer[@class='style-scope ytd-multi-page-menu-renderer']//yt-formatted-string[@id='label' and text()='English (India)']
17:00:08 [TestNG-test-Yt Master Tests-2] INFO  verifyingGlobalFilterLandingPage_16-58-08 - [verifyingGlobalFilterLandingPage_16-58-08] Element found and ready (attempt 1): By.xpath: //yt-multi-page-menu-section-renderer[@class='style-scope ytd-multi-page-menu-renderer']//yt-formatted-string[@id='label' and text()='English (India)']
17:00:08 [TestNG-test-Yt Master Tests-2] INFO  verifyingGlobalFilterLandingPage_16-58-08 - [verifyingGlobalFilterLandingPage_16-58-08] Successfully scrolled to element: By.xpath: //yt-multi-page-menu-section-renderer[@class='style-scope ytd-multi-page-menu-renderer']//yt-formatted-string[@id='label' and text()='English (India)']
17:00:08 [TestNG-test-Yt Master Tests-2] INFO  verifyingGlobalFilterLandingPage_16-58-08 - Looking for language element with name: English (India)
17:00:08 [TestNG-test-Yt Master Tests-2] INFO  verifyingGlobalFilterLandingPage_16-58-08 - [verifyingGlobalFilterLandingPage_16-58-08] Trying to find element: By.xpath: //yt-multi-page-menu-section-renderer[@class='style-scope ytd-multi-page-menu-renderer']//yt-formatted-string[@id='label' and text()='English (India)']
17:00:09 [TestNG-test-Yt Master Tests-2] INFO  verifyingGlobalFilterLandingPage_16-58-08 - [verifyingGlobalFilterLandingPage_16-58-08] Element found and ready (attempt 1): By.xpath: //yt-multi-page-menu-section-renderer[@class='style-scope ytd-multi-page-menu-renderer']//yt-formatted-string[@id='label' and text()='English (India)']
17:00:09 [TestNG-test-Yt Master Tests-2] INFO  verifyingGlobalFilterLandingPage_16-58-08 - [verifyingGlobalFilterLandingPage_16-58-08] Trying to find element: By.xpath: //yt-multi-page-menu-section-renderer[@class='style-scope ytd-multi-page-menu-renderer']//yt-formatted-string[@id='label' and text()='English (India)']
17:00:09 [TestNG-test-Yt Master Tests-2] INFO  verifyingGlobalFilterLandingPage_16-58-08 - [verifyingGlobalFilterLandingPage_16-58-08] Element found and ready (attempt 1): By.xpath: //yt-multi-page-menu-section-renderer[@class='style-scope ytd-multi-page-menu-renderer']//yt-formatted-string[@id='label' and text()='English (India)']
17:00:11 [TestNG-test-Yt Master Tests-2] INFO  verifyingGlobalFilterLandingPage_16-58-08 - Clicking settings ellipses button...
17:00:13 [TestNG-test-Yt Master Tests-2] INFO  verifyingGlobalFilterLandingPage_16-58-08 - [verifyingGlobalFilterLandingPage_16-58-08] Trying to find element: By.xpath: //ytd-topbar-menu-button-renderer[@class='style-scope ytd-masthead style-default']
17:00:14 [TestNG-test-Yt Master Tests-2] INFO  verifyingGlobalFilterLandingPage_16-58-08 - [verifyingGlobalFilterLandingPage_16-58-08] Element found and ready (attempt 1): By.xpath: //ytd-topbar-menu-button-renderer[@class='style-scope ytd-masthead style-default']
17:00:14 [TestNG-test-Yt Master Tests-2] INFO  verifyingGlobalFilterLandingPage_16-58-08 - [verifyingGlobalFilterLandingPage_16-58-08] Waiting until element is visible in viewport
17:00:15 [TestNG-test-Yt Master Tests-2] INFO  verifyingGlobalFilterLandingPage_16-58-08 - Clicking settings ellipses button...
17:00:15 [TestNG-test-Yt Master Tests-2] INFO  verifyingGlobalFilterLandingPage_16-58-08 - [verifyingGlobalFilterLandingPage_16-58-08] Trying to find element: By.xpath: //ytd-topbar-menu-button-renderer[@class='style-scope ytd-masthead style-default']
17:00:15 [TestNG-test-Yt Master Tests-2] INFO  verifyingGlobalFilterLandingPage_16-58-08 - [verifyingGlobalFilterLandingPage_16-58-08] Element found and ready (attempt 1): By.xpath: //ytd-topbar-menu-button-renderer[@class='style-scope ytd-masthead style-default']
17:00:15 [TestNG-test-Yt Master Tests-2] INFO  verifyingGlobalFilterLandingPage_16-58-08 - Clicking on global filter button in landing page..
17:00:15 [TestNG-test-Yt Master Tests-2] INFO  verifyingGlobalFilterLandingPage_16-58-08 - [verifyingGlobalFilterLandingPage_16-58-08] Trying to click element: By.xpath: //div[@id='filter-button']
17:00:16 [TestNG-test-Yt Master Tests-2] INFO  verifyingGlobalFilterLandingPage_16-58-08 - [verifyingGlobalFilterLandingPage_16-58-08] Clicked successfully (attempt 1): By.xpath: //div[@id='filter-button']
17:00:16 [TestNG-test-Yt Master Tests-2] INFO  verifyingGlobalFilterLandingPage_16-58-08 - [verifyingGlobalFilterLandingPage_16-58-08] Waiting until element is visible in viewport
17:00:17 [TestNG-test-Yt Master Tests-2] INFO  verifyingGlobalFilterLandingPage_16-58-08 - Fetching the data from the global filter in landing page
17:00:17 [TestNG-test-Yt Master Tests-2] INFO  verifyingGlobalFilterLandingPage_16-58-08 - [verifyingGlobalFilterLandingPage_16-58-08] Trying to find element: By.xpath: //ytd-search-filter-options-dialog-renderer[@class='style-scope ytd-popup-container']
17:00:17 [TestNG-test-Yt Master Tests-2] INFO  verifyingGlobalFilterLandingPage_16-58-08 - [verifyingGlobalFilterLandingPage_16-58-08] Element found and ready (attempt 1): By.xpath: //ytd-search-filter-options-dialog-renderer[@class='style-scope ytd-popup-container']
17:00:17 [TestNG-test-Yt Master Tests-2] INFO  verifyingGlobalFilterLandingPage_16-58-08 - Closing the global filter pop-up in landing page..
17:00:17 [TestNG-test-Yt Master Tests-2] INFO  verifyingGlobalFilterLandingPage_16-58-08 - [verifyingGlobalFilterLandingPage_16-58-08] Trying to find element: By.xpath: //yt-icon[@icon='close']
17:00:18 [TestNG-test-Yt Master Tests-2] INFO  verifyingGlobalFilterLandingPage_16-58-08 - [verifyingGlobalFilterLandingPage_16-58-08] Element found and ready (attempt 1): By.xpath: //yt-icon[@icon='close']
17:00:18 [TestNG-test-Yt Master Tests-2] INFO  verifyingGlobalFilterLandingPage_16-58-08 - [verifyingGlobalFilterLandingPage_16-58-08] Not retrying test 'verifyingGlobalFilterLandingPage'. Retry count: 0, Cause: The following asserts failed:
	Mismatch in the Expected and Actual Data for languageAfrikaans expected [Soekfilters
OPLAAIDATUM
Afgelope uur
Vandag
Vandeesweek
Vandeesmaand
Hierdie jaar
TIPE
Video
Kanaal
Snitlys
Fliek
TYDSDUUR
Korter as 4 minute
4–20 minute
Langer as 20 minute
KENMERKE
Regstreeks
4K
HD
Onderskrifte
Creative Commons
360°
VR180
3D
HDR
Ligging
Gekoop
RANGSKIK VOLGENS
Relevansie
Oplaaidatum
Kyktelling
Gradering] but found [Soekfilters
TIPE
Video’s
Kortvideo’s
Kanale
Snitlyste
Flieks
TYDSDUUR
Korter as 3 minute
3-20 minute
Langer as 20 minute
OPLAAIDATUM
Vandag
Vandeesweek
Vandeesmaand
Hierdie jaar
KENMERKE
Regstreeks
4K
HD
Onderskrifte
Creative Commons
360°
VR180
3D
HDR
Ligging
Gekoop
PRIORITISEER
Relevansie
Gewildheid],
	Mismatch in the Expected and Actual Data for languageAzərbaycan expected [Axtarış filtrləri
YÜKLƏMƏ TARIXI
Son saat
Bu gün
Bu həftə
Bu ay
Bu il
NÖV
Video
Kanal
Playlist
Kino
MÜDDƏT
4 dəqiqədən az
4-20 dəqiqə
20 dəqiqədən çox
FUNKSIYALAR
Canlı
4K
HD
Altyazılar/gizli altyazılar
Creative Commons lisenziyalı
360°
VR180
3D
HDR
Məkan
Satın alınmış
SIRALA
uyğunluq
Yükləmə tarixi
Baxış sayı
Reytinq] but found [Axtarış filtrləri
NÖV
Videolar
Shorts
Kanallar
Mahnı siyahıları
Filmlər
MÜDDƏT
3 dəqiqədən az
3 - 20 dəqiqə
20 dəqiqədən çox
YÜKLƏMƏ TARIXI
Bu gün
Bu həftə
Bu ay
Bu il
FUNKSIYALAR
Canlı
4K
HD
Altyazılar/gizli altyazılar
Creative Commons lisenziyalı
360°
VR180
3D
HDR
Məkan
Satın alınmış
PRIORITETLƏŞDIRIN
uyğunluq
Populyarlıq],
	Mismatch in the Expected and Actual Data for languageBahasa Indonesia expected [Filter penelusuran
TANGGAL UPLOAD
Sejam terakhir
Hari ini
Minggu ini
Bulan ini
Tahun ini
JENIS
Video
Channel
Playlist
Film
DURASI
Kurang dari 4 menit
4 - 20 menit
Lebih dari 20 menit
FITUR
Live
4K
HD
Subtitel/CC
Creative Commons
360°
VR180
3D
HDR
Lokasi
Dibeli
URUTKAN MENURUT
Relevansi
Tanggal upload
Jumlah tayangan
Rating] but found [Filter penelusuran
JENIS
Video
Shorts
Channel
Playlist
Film
DURASI
Kurang dari 3 menit
3—20 menit
Lebih dari 20 menit
TANGGAL UPLOAD
Hari ini
Minggu ini
Bulan ini
Tahun ini
FITUR
Live
4K
HD
Subtitel/CC
Creative Commons
360°
VR180
3D
HDR
Lokasi
Dibeli
PRIORITASKAN
Relevansi
Popularitas],
	Mismatch in the Expected and Actual Data for languageBosanski expected [Filteri pretraživanja
DATUM OTPREMANJA
Posljednji sat
Danas
Ova sedmica
Ovog mjeseca
Ove godine
VRSTA
Videozapis
Kanal
Plejlista
Film
TRAJANJE
Manje od 4 minute
4 - 20 minuta
Više od 20 minuta
FUNKCIJE
Uživo
4K
HD
Titlovi
Creative Commons
360°
VR180
3D
HDR
Lokacija
Kupljeno
POREDAJ PO:
Relevantnost
Datum otpremanja
Broj pregleda
Ocjena] but found [Filteri pretraživanja
VRSTA
Videozapisi
Shortsi
Kanali
Plejliste
Filmovi
TRAJANJE
Manje od 3 minute
3–20 minuta
Više od 20 minuta
DATUM OTPREMANJA
Danas
Ova sedmica
Ovog mjeseca
Ove godine
FUNKCIJE
Uživo
4K
HD
Titlovi
Creative Commons
360°
VR180
3D
HDR
Lokacija
Kupljeno
DAVANJE PRIORITETA
Relevantnost
Popularnost],
	Mismatch in the Expected and Actual Data for languageCatalà expected [Filtres de cerca
DATA DE PUJADA
Darrera hora
Avui
Aquesta setmana
Aquest mes
Aquest any
TIPUS
Vídeo
Canal
Llista de reproducció
Pel·lícula
DURADA
Menys de 4 minuts
4-20 minuts
Més de 20 minuts
FUNCIONS
En directe
4K
HD
Subtítols
Creative Commons
360°
VR180
3D
HDR
Ubicació
Comprat
ORDENA PER
Rellevància
Data de pujada
Visualitzacions
Puntuació] but found [Filtres de cerca
TIPUS
Vídeos
Curts
Canals
Llistes de reproducció
Pel·lícules
DURADA
Menys de 3 minuts
Entre 3 i 20 de minuts
Més de 20 minuts
DATA DE PUJADA
Avui
Aquesta setmana
Aquest mes
Aquest any
FUNCIONS
En directe
4K
HD
Subtítols
Creative Commons
360°
VR180
3D
HDR
Ubicació
Comprat
PRIORITZA
Rellevància
Popularitat],
	Mismatch in the Expected and Actual Data for languageDansk expected [Søgefiltre
DATO FOR UPLOAD
Seneste time
I dag
Denne uge
Denne måned
I år
TYPE
Video
Kanal
Playliste
Film
VARIGHED
Under 4 minutter
4-20 minutter
Over 20 minutter
EGENSKABER
Live
4K
HD
Undertekster
Creative Commons
360°
VR180
3D
HDR
Lokation
Købt
SORTER EFTER
Relevans
Dato for upload
Antal visninger
Bedømmelse] but found [Søgefiltre
TYPE
Videoer
Shorts
Kanaler
Playlister
Film
VARIGHED
Under 3 minutter
3-20 minutter
Over 20 minutter
DATO FOR UPLOAD
I dag
Denne uge
Denne måned
I år
EGENSKABER
Live
4K
HD
Undertekster
Creative Commons
360°
VR180
3D
HDR
Lokation
Købt
PRIORITER
Relevans
Popularitet],
	Mismatch in the Expected and Actual Data for languageDeutsch expected [Suchfilter
HOCHLADEDATUM
Letzte Stunde
Heute
Diese Woche
Dieser Monat
Dieses Jahr
TYP
Video
Kanal
Playlist
Film
DAUER
Kürzer als 4 Minuten
4–20 Minuten
Länger als 20 Minuten
EIGENSCHAFTEN
Live
4K
HD
Untertitel/CC
Creative Commons
360°
VR180
3D
HDR
Standort
Gekauft
SORTIEREN NACH
Relevanz
Upload-Datum
Anzahl der Aufrufe
Bewertung] but found [Suchfilter
TYP
Videos
Shorts
Kanäle
Playlists
Filme
DAUER
Kürzer als 3 Minuten
3–20 Minuten
Länger als 20 Minuten
HOCHLADEDATUM
Heute
Diese Woche
Dieser Monat
Dieses Jahr
EIGENSCHAFTEN
Live
4K
HD
Untertitel/CC
Creative Commons
360°
VR180
3D
HDR
Standort
Gekauft
PRIORISIEREN
Relevanz
Beliebtheit],
	Mismatch in the Expected and Actual Data for languageEesti expected [Otsingufiltrid
ÜLESLAADIMISE KUUPÄEV
Viimane tund
Täna
See nädal
See kuu
See aasta
TÜÜP
Video
Kanal
Esitusloend
Film
KESTUS
Alla 4 minuti
4–20 minutit
Üle 20 minuti
FUNKTSIOONID
Reaalajas
4K
HD
Subtiitrid
Creative Commons
360°
VR180
3D
HDR
Asukoht
Ostetud
SORDI LÄHTUDES
Asjakohasus
Üleslaadimiskuupäev
Vaatamiste arv
Hinnang] but found [Otsingufiltrid
TÜÜP
Videod
Lühivideod
Kanalid
Esitusloendid
Filmid
KESTUS
Alla 3 minuti
3–20 minutit
Üle 20 minuti
ÜLESLAADIMISE KUUPÄEV
Täna
See nädal
See kuu
See aasta
FUNKTSIOONID
Reaalajas
4K
HD
Subtiitrid
Creative Commons
360°
VR180
3D
HDR
Asukoht
Ostetud
PRIORITEETSUS
Asjakohasus
Populaarsus],
	Mismatch in the Expected and Actual Data for languageEnglish (India) expected [Search filters
UPLOAD DATE
Last hour
Today
This week
This month
This year
TYPE
Video
Channel
Playlist
Film
DURATION
Under 4 minutes
4–20 minutes
Over 20 minutes
FEATURES
Live
4K
HD
Subtitles/CC
Creative Commons
360°
VR180
3D
HDR
Location
Purchased
SORT BY
Relevance
Upload date
View count
Rating] but found [Search filters
TYPE
Videos
Shorts
Channels
Playlists
Movies
DURATION
Under 3 minutes
3–20 minutes
Over 20 minutes
UPLOAD DATE
Today
This week
This month
This year
FEATURES
Live
4K
HD
Subtitles/CC
Creative Commons
360°
VR180
3D
HDR
Location
Purchased
PRIORITISE
Relevance
Popularity]
