20:03:35 [TestNG-test-Yt Master Tests-3] INFO  verifyingSideMenuCollapsedLangAsInSettings_20-03-35 - No existing WebDriver found for current thread. Initializing a new ChromeDriver...
20:03:35 [TestNG-test-Yt Master Tests-3] INFO  verifyingSideMenuCollapsedLangAsInSettings_20-03-35 - WebDriverManager: chromedriver setup OK
20:03:38 [TestNG-test-Yt Master Tests-3] INFO  verifyingSideMenuCollapsedLangAsInSettings_20-03-35 - ChromeDriver initialized successfully for thread: 36
20:03:38 [TestNG-test-Yt Master Tests-3] INFO  verifyingSideMenuCollapsedLangAsInSettings_20-03-35 - SafeActions initialized with driver ChromeDriver: chrome on windows (32f1f23cd364e75fe5444577e56592cf)
20:03:38 [TestNG-test-Yt Master Tests-3] INFO  verifyingSideMenuCollapsedLangAsInSettings_20-03-35 - Initialized YtLandingPage with driver: ChromeDriver: chrome on windows (32f1f23cd364e75fe5444577e56592cf)
20:03:38 [TestNG-test-Yt Master Tests-3] INFO  verifyingSideMenuCollapsedLangAsInSettings_20-03-35 - SafeActions initialized with driver ChromeDriver: chrome on windows (32f1f23cd364e75fe5444577e56592cf)
20:03:44 [TestNG-test-Yt Master Tests-3] INFO  verifyingSideMenuCollapsedLangAsInSettings_20-03-35 - Opened YouTube landing page.
20:03:44 [TestNG-test-Yt Master Tests-3] INFO  verifyingSideMenuCollapsedLangAsInSettings_20-03-35 - Clicking left ellipses in the landing page
20:03:44 [TestNG-test-Yt Master Tests-3] INFO  verifyingSideMenuCollapsedLangAsInSettings_20-03-35 - [verifyingSideMenuCollapsedLangAsInSettings_20-03-35] Trying to find element: By.xpath: //ytd-topbar-logo-renderer[@id='logo']/preceding-sibling::*[@id='guide-button']
20:03:44 [TestNG-test-Yt Master Tests-3] INFO  verifyingSideMenuCollapsedLangAsInSettings_20-03-35 - [verifyingSideMenuCollapsedLangAsInSettings_20-03-35] Element found and ready (attempt 1): By.xpath: //ytd-topbar-logo-renderer[@id='logo']/preceding-sibling::*[@id='guide-button']
20:03:44 [TestNG-test-Yt Master Tests-3] INFO  verifyingSideMenuCollapsedLangAsInSettings_20-03-35 - Clicking settings ellipses button...
20:03:45 [TestNG-test-Yt Master Tests-3] INFO  verifyingSideMenuCollapsedLangAsInSettings_20-03-35 - [verifyingSideMenuCollapsedLangAsInSettings_20-03-35] Trying to find element: By.xpath: //ytd-topbar-menu-button-renderer[@class='style-scope ytd-masthead style-default']
20:03:45 [TestNG-test-Yt Master Tests-3] INFO  verifyingSideMenuCollapsedLangAsInSettings_20-03-35 - [verifyingSideMenuCollapsedLangAsInSettings_20-03-35] Element found and ready (attempt 1): By.xpath: //ytd-topbar-menu-button-renderer[@class='style-scope ytd-masthead style-default']
20:03:45 [TestNG-test-Yt Master Tests-3] INFO  verifyingSideMenuCollapsedLangAsInSettings_20-03-35 - Clicking language dropdown...
20:03:45 [TestNG-test-Yt Master Tests-3] INFO  verifyingSideMenuCollapsedLangAsInSettings_20-03-35 - [verifyingSideMenuCollapsedLangAsInSettings_20-03-35] Trying to find element: By.xpath: (//div[@id='content-icon'])[2]
20:03:46 [TestNG-test-Yt Master Tests-3] INFO  verifyingSideMenuCollapsedLangAsInSettings_20-03-35 - [verifyingSideMenuCollapsedLangAsInSettings_20-03-35] Element found and ready (attempt 1): By.xpath: (//div[@id='content-icon'])[2]
20:03:46 [TestNG-test-Yt Master Tests-3] INFO  verifyingSideMenuCollapsedLangAsInSettings_20-03-35 - [verifyingSideMenuCollapsedLangAsInSettings_20-03-35] Execution is scheduled type /CRON Job on CI Hence refering to CI keys from UtilData
20:03:46 [TestNG-test-Yt Master Tests-3] INFO  verifyingSideMenuCollapsedLangAsInSettings_20-03-35 - Looking for language element with name: Afrikaans
20:03:46 [TestNG-test-Yt Master Tests-3] INFO  verifyingSideMenuCollapsedLangAsInSettings_20-03-35 - [verifyingSideMenuCollapsedLangAsInSettings_20-03-35] Trying to find element: By.xpath: //yt-multi-page-menu-section-renderer[@class='style-scope ytd-multi-page-menu-renderer']//yt-formatted-string[@id='label' and text()='Afrikaans']
20:03:47 [TestNG-test-Yt Master Tests-3] INFO  verifyingSideMenuCollapsedLangAsInSettings_20-03-35 - [verifyingSideMenuCollapsedLangAsInSettings_20-03-35] Element found and ready (attempt 1): By.xpath: //yt-multi-page-menu-section-renderer[@class='style-scope ytd-multi-page-menu-renderer']//yt-formatted-string[@id='label' and text()='Afrikaans']
20:03:47 [TestNG-test-Yt Master Tests-3] INFO  verifyingSideMenuCollapsedLangAsInSettings_20-03-35 - [verifyingSideMenuCollapsedLangAsInSettings_20-03-35] Trying to find element: By.xpath: //yt-multi-page-menu-section-renderer[@class='style-scope ytd-multi-page-menu-renderer']//yt-formatted-string[@id='label' and text()='Afrikaans']
20:03:47 [TestNG-test-Yt Master Tests-3] INFO  verifyingSideMenuCollapsedLangAsInSettings_20-03-35 - [verifyingSideMenuCollapsedLangAsInSettings_20-03-35] Element found and ready (attempt 1): By.xpath: //yt-multi-page-menu-section-renderer[@class='style-scope ytd-multi-page-menu-renderer']//yt-formatted-string[@id='label' and text()='Afrikaans']
20:04:06 [TestNG-test-Yt Master Tests-3] WARN  verifyingSideMenuCollapsedLangAsInSettings_20-03-35 - [verifyingSideMenuCollapsedLangAsInSettings_20-03-35] Retrying test 'verifyingSideMenuCollapsedLangAsInSettings' (attempt 1) due to: Expected condition failed: waiting for presence of element located by: By.xpath: //ytd-mini-guide-renderer[@class='style-scope ytd-app']//ytd-mini-guide-entry-renderer (tried for 15 second(s) with 500 milliseconds interval)
