16:47:50 [TestNG-test-Yt Master Tests-2] INFO  verifyingSideMenuCollapsedLangAsInSettings_16-47-50 - No existing WebDriver found for current thread. Initializing a new ChromeDriver...
16:47:50 [TestNG-test-Yt Master Tests-2] INFO  verifyingSideMenuCollapsedLangAsInSettings_16-47-50 - WebDriverManager: chromedriver setup OK
16:47:52 [TestNG-test-Yt Master Tests-2] INFO  verifyingSideMenuCollapsedLangAsInSettings_16-47-50 - ChromeDriver initialized successfully for thread: 35
16:47:52 [TestNG-test-Yt Master Tests-2] INFO  verifyingSideMenuCollapsedLangAsInSettings_16-47-50 - SafeActions initialized with driver ChromeDriver: chrome on windows (089d831694718d776996a8f1b3ab0b8c)
16:47:52 [TestNG-test-Yt Master Tests-2] INFO  verifyingSideMenuCollapsedLangAsInSettings_16-47-50 - Initialized YtLandingPage with driver: ChromeDriver: chrome on windows (089d831694718d776996a8f1b3ab0b8c)
16:47:52 [TestNG-test-Yt Master Tests-2] INFO  verifyingSideMenuCollapsedLangAsInSettings_16-47-50 - SafeActions initialized with driver ChromeDriver: chrome on windows (089d831694718d776996a8f1b3ab0b8c)
16:47:58 [TestNG-test-Yt Master Tests-2] INFO  verifyingSideMenuCollapsedLangAsInSettings_16-47-50 - Opened YouTube landing page.
16:47:58 [TestNG-test-Yt Master Tests-2] INFO  verifyingSideMenuCollapsedLangAsInSettings_16-47-50 - Clicking left ellipses in the landing page
16:47:58 [TestNG-test-Yt Master Tests-2] INFO  verifyingSideMenuCollapsedLangAsInSettings_16-47-50 - [verifyingSideMenuCollapsedLangAsInSettings_16-47-50] Trying to find element: By.xpath: //ytd-topbar-logo-renderer[@id='logo']/preceding-sibling::*[@id='guide-button']
16:47:58 [TestNG-test-Yt Master Tests-2] INFO  verifyingSideMenuCollapsedLangAsInSettings_16-47-50 - [verifyingSideMenuCollapsedLangAsInSettings_16-47-50] Element found and ready (attempt 1): By.xpath: //ytd-topbar-logo-renderer[@id='logo']/preceding-sibling::*[@id='guide-button']
16:47:59 [TestNG-test-Yt Master Tests-2] INFO  verifyingSideMenuCollapsedLangAsInSettings_16-47-50 - Clicking settings ellipses button...
16:47:59 [TestNG-test-Yt Master Tests-2] INFO  verifyingSideMenuCollapsedLangAsInSettings_16-47-50 - [verifyingSideMenuCollapsedLangAsInSettings_16-47-50] Trying to find element: By.xpath: //ytd-topbar-menu-button-renderer[@class='style-scope ytd-masthead style-default']
16:48:00 [TestNG-test-Yt Master Tests-2] INFO  verifyingSideMenuCollapsedLangAsInSettings_16-47-50 - [verifyingSideMenuCollapsedLangAsInSettings_16-47-50] Element found and ready (attempt 1): By.xpath: //ytd-topbar-menu-button-renderer[@class='style-scope ytd-masthead style-default']
16:48:01 [TestNG-test-Yt Master Tests-2] INFO  verifyingSideMenuCollapsedLangAsInSettings_16-47-50 - [verifyingSideMenuCollapsedLangAsInSettings_16-47-50] Not retrying test 'verifyingSideMenuCollapsedLangAsInSettings'. Retry count: 1, Cause: element click intercepted: Element <ytd-topbar-menu-button-renderer class="style-scope ytd-masthead style-default" use-keyboard-focused="" masthead-container="" is-icon-button="" has-no-text="">...</ytd-topbar-menu-button-renderer> is not clickable at point (864, 28). Other element would receive the click: <div id="scrim" class="style-scope tp-yt-app-drawer visible" style="transition-duration: 200ms;"></div>
  (Session info: chrome=152.0.7977.83)
Build info: version: '4.27.0', revision: 'd6e718d134'
System info: os.name: 'Windows Server 2025', os.arch: 'amd64', os.version: '10.0', java.version: '24.0.2'
Driver info: org.openqa.selenium.chrome.ChromeDriver
Command: [089d831694718d776996a8f1b3ab0b8c, clickElement {id=f.2A9EC47BF8D05D3424EBECC52EBE8EC7.d.6655941FE87BB74501020FA77B187A28.e.16}]
Capabilities {acceptInsecureCerts: false, browserName: chrome, browserVersion: 152.0.7977.83, chrome: {chromedriverVersion: 152.0.7977.82 (d04cdb24d67b..., userDataDir: C:\Windows\SystemTemp\scope...}, fedcm:accounts: true, goog:chromeOptions: {debuggerAddress: localhost:58204}, goog:processID: 10152, networkConnectionEnabled: false, pageLoadStrategy: normal, platformName: windows, proxy: Proxy(), se:cdp: ws://localhost:58204/devtoo..., se:cdpVersion: 152.0.7977.83, setWindowRect: true, strictFileInteractability: false, timeouts: {implicit: 0, pageLoad: 300000, script: 30000}, unhandledPromptBehavior: dismiss and notify, webauthn:extension:credBlob: true, webauthn:extension:largeBlob: true, webauthn:extension:minPinLength: true, webauthn:extension:prf: true, webauthn:virtualAuthenticators: true}
Element: [[ChromeDriver: chrome on windows (089d831694718d776996a8f1b3ab0b8c)] -> xpath: //ytd-topbar-menu-button-renderer[@class='style-scope ytd-masthead style-default']]
Session ID: 089d831694718d776996a8f1b3ab0b8c
