18:32:34 [TestNG-test-Yt Master Tests-2] INFO  verifyingSideMenuCollapsedLangAsInSettings_18-32-34 - No existing WebDriver found for current thread. Initializing a new ChromeDriver...
18:32:34 [TestNG-test-Yt Master Tests-2] INFO  verifyingSideMenuCollapsedLangAsInSettings_18-32-34 - WebDriverManager: chromedriver setup OK
18:32:39 [TestNG-test-Yt Master Tests-2] INFO  verifyingSideMenuCollapsedLangAsInSettings_18-32-34 - ChromeDriver initialized successfully for thread: 35
18:32:39 [TestNG-test-Yt Master Tests-2] INFO  verifyingSideMenuCollapsedLangAsInSettings_18-32-34 - SafeActions initialized with driver ChromeDriver: chrome on windows (8afd965891c29fa8025e19110d953fda)
18:32:39 [TestNG-test-Yt Master Tests-2] INFO  verifyingSideMenuCollapsedLangAsInSettings_18-32-34 - Initialized YtLandingPage with driver: ChromeDriver: chrome on windows (8afd965891c29fa8025e19110d953fda)
18:32:39 [TestNG-test-Yt Master Tests-2] INFO  verifyingSideMenuCollapsedLangAsInSettings_18-32-34 - SafeActions initialized with driver ChromeDriver: chrome on windows (8afd965891c29fa8025e19110d953fda)
18:33:00 [TestNG-test-Yt Master Tests-2] INFO  verifyingSideMenuCollapsedLangAsInSettings_18-32-34 - Opened YouTube landing page.
18:33:00 [TestNG-test-Yt Master Tests-2] INFO  verifyingSideMenuCollapsedLangAsInSettings_18-32-34 - Clicking left ellipses in the landing page
18:33:00 [TestNG-test-Yt Master Tests-2] INFO  verifyingSideMenuCollapsedLangAsInSettings_18-32-34 - [verifyingSideMenuCollapsedLangAsInSettings_18-32-34] Trying to find element: By.xpath: //ytd-topbar-logo-renderer[@id='logo']/preceding-sibling::*[@id='guide-button']
18:33:00 [TestNG-test-Yt Master Tests-2] INFO  verifyingSideMenuCollapsedLangAsInSettings_18-32-34 - [verifyingSideMenuCollapsedLangAsInSettings_18-32-34] Element found and ready (attempt 1): By.xpath: //ytd-topbar-logo-renderer[@id='logo']/preceding-sibling::*[@id='guide-button']
18:33:00 [TestNG-test-Yt Master Tests-2] INFO  verifyingSideMenuCollapsedLangAsInSettings_18-32-34 - Clicking settings ellipses button...
18:33:01 [TestNG-test-Yt Master Tests-2] INFO  verifyingSideMenuCollapsedLangAsInSettings_18-32-34 - [verifyingSideMenuCollapsedLangAsInSettings_18-32-34] Trying to find element: By.xpath: //ytd-topbar-menu-button-renderer[@class='style-scope ytd-masthead style-default']
18:33:01 [TestNG-test-Yt Master Tests-2] INFO  verifyingSideMenuCollapsedLangAsInSettings_18-32-34 - [verifyingSideMenuCollapsedLangAsInSettings_18-32-34] Element found and ready (attempt 1): By.xpath: //ytd-topbar-menu-button-renderer[@class='style-scope ytd-masthead style-default']
18:33:02 [TestNG-test-Yt Master Tests-2] INFO  verifyingSideMenuCollapsedLangAsInSettings_18-32-34 - Clicking language dropdown...
18:33:02 [TestNG-test-Yt Master Tests-2] INFO  verifyingSideMenuCollapsedLangAsInSettings_18-32-34 - [verifyingSideMenuCollapsedLangAsInSettings_18-32-34] Trying to find element: By.xpath: (//div[@id='content-icon'])[2]
18:33:02 [TestNG-test-Yt Master Tests-2] INFO  verifyingSideMenuCollapsedLangAsInSettings_18-32-34 - [verifyingSideMenuCollapsedLangAsInSettings_18-32-34] Element found and ready (attempt 1): By.xpath: (//div[@id='content-icon'])[2]
18:33:02 [TestNG-test-Yt Master Tests-2] INFO  verifyingSideMenuCollapsedLangAsInSettings_18-32-34 - [verifyingSideMenuCollapsedLangAsInSettings_18-32-34] Execution is scheduled type /CRON Job on CI Hence refering to CI keys from UtilData
18:33:02 [TestNG-test-Yt Master Tests-2] INFO  verifyingSideMenuCollapsedLangAsInSettings_18-32-34 - Looking for language element with name: Afrikaans
18:33:02 [TestNG-test-Yt Master Tests-2] INFO  verifyingSideMenuCollapsedLangAsInSettings_18-32-34 - [verifyingSideMenuCollapsedLangAsInSettings_18-32-34] Trying to find element: By.xpath: //yt-multi-page-menu-section-renderer[@class='style-scope ytd-multi-page-menu-renderer']//yt-formatted-string[@id='label' and text()='Afrikaans']
18:33:03 [TestNG-test-Yt Master Tests-2] INFO  verifyingSideMenuCollapsedLangAsInSettings_18-32-34 - [verifyingSideMenuCollapsedLangAsInSettings_18-32-34] Element found and ready (attempt 1): By.xpath: //yt-multi-page-menu-section-renderer[@class='style-scope ytd-multi-page-menu-renderer']//yt-formatted-string[@id='label' and text()='Afrikaans']
18:33:03 [TestNG-test-Yt Master Tests-2] INFO  verifyingSideMenuCollapsedLangAsInSettings_18-32-34 - [verifyingSideMenuCollapsedLangAsInSettings_18-32-34] Trying to find element: By.xpath: //yt-multi-page-menu-section-renderer[@class='style-scope ytd-multi-page-menu-renderer']//yt-formatted-string[@id='label' and text()='Afrikaans']
18:33:03 [TestNG-test-Yt Master Tests-2] INFO  verifyingSideMenuCollapsedLangAsInSettings_18-32-34 - [verifyingSideMenuCollapsedLangAsInSettings_18-32-34] Element found and ready (attempt 1): By.xpath: //yt-multi-page-menu-section-renderer[@class='style-scope ytd-multi-page-menu-renderer']//yt-formatted-string[@id='label' and text()='Afrikaans']
18:33:22 [TestNG-test-Yt Master Tests-2] WARN  verifyingSideMenuCollapsedLangAsInSettings_18-32-34 - [verifyingSideMenuCollapsedLangAsInSettings_18-32-34] Retrying test 'verifyingSideMenuCollapsedLangAsInSettings' (attempt 1) due to: Expected condition failed: waiting for presence of element located by: By.xpath: //ytd-mini-guide-renderer[@class='style-scope ytd-app']//ytd-mini-guide-entry-renderer (tried for 15 second(s) with 500 milliseconds interval)
