10:13:07 [TestNG-test-Yt Master Tests-2] INFO  verifyingSideMenuLanguageAsInSettings_10-13-07 - No existing WebDriver found for current thread. Initializing a new ChromeDriver...
10:13:07 [TestNG-test-Yt Master Tests-2] INFO  verifyingSideMenuLanguageAsInSettings_10-13-07 - WebDriverManager: chromedriver setup OK
10:13:08 [TestNG-test-Yt Master Tests-2] INFO  verifyingSideMenuLanguageAsInSettings_10-13-07 - ChromeDriver initialized successfully for thread: 35
10:13:08 [TestNG-test-Yt Master Tests-2] INFO  verifyingSideMenuLanguageAsInSettings_10-13-07 - SafeActions initialized with driver ChromeDriver: chrome on windows (ff41eadaac059006e6c9d0822b814a42)
10:13:08 [TestNG-test-Yt Master Tests-2] INFO  verifyingSideMenuLanguageAsInSettings_10-13-07 - Initialized YtLandingPage with driver: ChromeDriver: chrome on windows (ff41eadaac059006e6c9d0822b814a42)
10:13:08 [TestNG-test-Yt Master Tests-2] INFO  verifyingSideMenuLanguageAsInSettings_10-13-07 - SafeActions initialized with driver ChromeDriver: chrome on windows (ff41eadaac059006e6c9d0822b814a42)
10:13:11 [TestNG-test-Yt Master Tests-2] INFO  verifyingSideMenuLanguageAsInSettings_10-13-07 - Opened YouTube landing page.
10:13:11 [TestNG-test-Yt Master Tests-2] INFO  verifyingSideMenuLanguageAsInSettings_10-13-07 - Clicking settings ellipses button...
10:13:11 [TestNG-test-Yt Master Tests-2] INFO  verifyingSideMenuLanguageAsInSettings_10-13-07 - [verifyingSideMenuLanguageAsInSettings_10-13-07] Trying to find element: By.xpath: //ytd-topbar-menu-button-renderer[@class='style-scope ytd-masthead style-default']
10:13:11 [TestNG-test-Yt Master Tests-2] INFO  verifyingSideMenuLanguageAsInSettings_10-13-07 - [verifyingSideMenuLanguageAsInSettings_10-13-07] Element found and ready (attempt 1): By.xpath: //ytd-topbar-menu-button-renderer[@class='style-scope ytd-masthead style-default']
10:13:11 [TestNG-test-Yt Master Tests-2] INFO  verifyingSideMenuLanguageAsInSettings_10-13-07 - Clicking language dropdown...
10:13:11 [TestNG-test-Yt Master Tests-2] INFO  verifyingSideMenuLanguageAsInSettings_10-13-07 - [verifyingSideMenuLanguageAsInSettings_10-13-07] Trying to find element: By.xpath: (//div[@id='content-icon'])[2]
10:13:12 [TestNG-test-Yt Master Tests-2] INFO  verifyingSideMenuLanguageAsInSettings_10-13-07 - [verifyingSideMenuLanguageAsInSettings_10-13-07] Element found and ready (attempt 1): By.xpath: (//div[@id='content-icon'])[2]
10:13:12 [TestNG-test-Yt Master Tests-2] INFO  verifyingSideMenuLanguageAsInSettings_10-13-07 - [verifyingSideMenuLanguageAsInSettings_10-13-07] Execution is Not CRON Job Hence refering to normal keys from UtilData
10:13:13 [TestNG-test-Yt Master Tests-2] INFO  verifyingSideMenuLanguageAsInSettings_10-13-07 - Looking for language element with name: Afrikaans
10:13:13 [TestNG-test-Yt Master Tests-2] INFO  verifyingSideMenuLanguageAsInSettings_10-13-07 - [verifyingSideMenuLanguageAsInSettings_10-13-07] Trying to find element: By.xpath: //yt-multi-page-menu-section-renderer[@class='style-scope ytd-multi-page-menu-renderer']//yt-formatted-string[@id='label' and text()='Afrikaans']
10:13:13 [TestNG-test-Yt Master Tests-2] INFO  verifyingSideMenuLanguageAsInSettings_10-13-07 - [verifyingSideMenuLanguageAsInSettings_10-13-07] Element found and ready (attempt 1): By.xpath: //yt-multi-page-menu-section-renderer[@class='style-scope ytd-multi-page-menu-renderer']//yt-formatted-string[@id='label' and text()='Afrikaans']
10:13:13 [TestNG-test-Yt Master Tests-2] INFO  verifyingSideMenuLanguageAsInSettings_10-13-07 - [verifyingSideMenuLanguageAsInSettings_10-13-07] Trying to find element: By.xpath: //yt-multi-page-menu-section-renderer[@class='style-scope ytd-multi-page-menu-renderer']//yt-formatted-string[@id='label' and text()='Afrikaans']
10:13:13 [TestNG-test-Yt Master Tests-2] INFO  verifyingSideMenuLanguageAsInSettings_10-13-07 - [verifyingSideMenuLanguageAsInSettings_10-13-07] Element found and ready (attempt 1): By.xpath: //yt-multi-page-menu-section-renderer[@class='style-scope ytd-multi-page-menu-renderer']//yt-formatted-string[@id='label' and text()='Afrikaans']
10:13:15 [TestNG-test-Yt Master Tests-2] INFO  verifyingSideMenuLanguageAsInSettings_10-13-07 - Clicking settings ellipses button...
10:13:16 [TestNG-test-Yt Master Tests-2] INFO  verifyingSideMenuLanguageAsInSettings_10-13-07 - [verifyingSideMenuLanguageAsInSettings_10-13-07] Trying to find element: By.xpath: //ytd-topbar-menu-button-renderer[@class='style-scope ytd-masthead style-default']
10:13:16 [TestNG-test-Yt Master Tests-2] INFO  verifyingSideMenuLanguageAsInSettings_10-13-07 - [verifyingSideMenuLanguageAsInSettings_10-13-07] Element found and ready (attempt 1): By.xpath: //ytd-topbar-menu-button-renderer[@class='style-scope ytd-masthead style-default']
10:13:16 [TestNG-test-Yt Master Tests-2] INFO  verifyingSideMenuLanguageAsInSettings_10-13-07 - [verifyingSideMenuLanguageAsInSettings_10-13-07] Waiting until element is visible in viewport
10:13:16 [TestNG-test-Yt Master Tests-2] INFO  verifyingSideMenuLanguageAsInSettings_10-13-07 - Clicking settings ellipses button...
10:13:17 [TestNG-test-Yt Master Tests-2] INFO  verifyingSideMenuLanguageAsInSettings_10-13-07 - [verifyingSideMenuLanguageAsInSettings_10-13-07] Trying to find element: By.xpath: //ytd-topbar-menu-button-renderer[@class='style-scope ytd-masthead style-default']
10:13:17 [TestNG-test-Yt Master Tests-2] INFO  verifyingSideMenuLanguageAsInSettings_10-13-07 - [verifyingSideMenuLanguageAsInSettings_10-13-07] Element found and ready (attempt 1): By.xpath: //ytd-topbar-menu-button-renderer[@class='style-scope ytd-masthead style-default']
10:13:17 [TestNG-test-Yt Master Tests-2] INFO  verifyingSideMenuLanguageAsInSettings_10-13-07 - Fetching the side menu in expanded view
10:13:17 [TestNG-test-Yt Master Tests-2] INFO  verifyingSideMenuLanguageAsInSettings_10-13-07 - [verifyingSideMenuLanguageAsInSettings_10-13-07] Finding elements list: By.xpath: //ytd-guide-entry-renderer[@class='style-scope ytd-guide-section-renderer']
10:13:17 [TestNG-test-Yt Master Tests-2] INFO  verifyingSideMenuLanguageAsInSettings_10-13-07 - [verifyingSideMenuLanguageAsInSettings_10-13-07] Found 12 ready elements (attempt 1): By.xpath: //ytd-guide-entry-renderer[@class='style-scope ytd-guide-section-renderer']
10:13:18 [TestNG-test-Yt Master Tests-2] INFO  verifyingSideMenuLanguageAsInSettings_10-13-07 - Clicking settings ellipses button...
10:13:18 [TestNG-test-Yt Master Tests-2] INFO  verifyingSideMenuLanguageAsInSettings_10-13-07 - [verifyingSideMenuLanguageAsInSettings_10-13-07] Trying to find element: By.xpath: //ytd-topbar-menu-button-renderer[@class='style-scope ytd-masthead style-default']
10:13:18 [TestNG-test-Yt Master Tests-2] INFO  verifyingSideMenuLanguageAsInSettings_10-13-07 - [verifyingSideMenuLanguageAsInSettings_10-13-07] Element found and ready (attempt 1): By.xpath: //ytd-topbar-menu-button-renderer[@class='style-scope ytd-masthead style-default']
10:13:18 [TestNG-test-Yt Master Tests-2] INFO  verifyingSideMenuLanguageAsInSettings_10-13-07 - Clicking language dropdown...
10:13:18 [TestNG-test-Yt Master Tests-2] INFO  verifyingSideMenuLanguageAsInSettings_10-13-07 - [verifyingSideMenuLanguageAsInSettings_10-13-07] Trying to find element: By.xpath: (//div[@id='content-icon'])[2]
10:13:18 [TestNG-test-Yt Master Tests-2] INFO  verifyingSideMenuLanguageAsInSettings_10-13-07 - [verifyingSideMenuLanguageAsInSettings_10-13-07] Element found and ready (attempt 1): By.xpath: (//div[@id='content-icon'])[2]
10:13:19 [TestNG-test-Yt Master Tests-2] INFO  verifyingSideMenuLanguageAsInSettings_10-13-07 - Looking for language element with name: Azərbaycan
10:13:19 [TestNG-test-Yt Master Tests-2] INFO  verifyingSideMenuLanguageAsInSettings_10-13-07 - [verifyingSideMenuLanguageAsInSettings_10-13-07] Trying to find element: By.xpath: //yt-multi-page-menu-section-renderer[@class='style-scope ytd-multi-page-menu-renderer']//yt-formatted-string[@id='label' and text()='Azərbaycan']
10:13:19 [TestNG-test-Yt Master Tests-2] INFO  verifyingSideMenuLanguageAsInSettings_10-13-07 - [verifyingSideMenuLanguageAsInSettings_10-13-07] Element found and ready (attempt 1): By.xpath: //yt-multi-page-menu-section-renderer[@class='style-scope ytd-multi-page-menu-renderer']//yt-formatted-string[@id='label' and text()='Azərbaycan']
10:13:19 [TestNG-test-Yt Master Tests-2] INFO  verifyingSideMenuLanguageAsInSettings_10-13-07 - [verifyingSideMenuLanguageAsInSettings_10-13-07] Trying to find element: By.xpath: //yt-multi-page-menu-section-renderer[@class='style-scope ytd-multi-page-menu-renderer']//yt-formatted-string[@id='label' and text()='Azərbaycan']
10:13:20 [TestNG-test-Yt Master Tests-2] INFO  verifyingSideMenuLanguageAsInSettings_10-13-07 - [verifyingSideMenuLanguageAsInSettings_10-13-07] Element found and ready (attempt 1): By.xpath: //yt-multi-page-menu-section-renderer[@class='style-scope ytd-multi-page-menu-renderer']//yt-formatted-string[@id='label' and text()='Azərbaycan']
10:13:21 [TestNG-test-Yt Master Tests-2] INFO  verifyingSideMenuLanguageAsInSettings_10-13-07 - Clicking settings ellipses button...
10:13:21 [TestNG-test-Yt Master Tests-2] INFO  verifyingSideMenuLanguageAsInSettings_10-13-07 - [verifyingSideMenuLanguageAsInSettings_10-13-07] Trying to find element: By.xpath: //ytd-topbar-menu-button-renderer[@class='style-scope ytd-masthead style-default']
10:13:22 [TestNG-test-Yt Master Tests-2] INFO  verifyingSideMenuLanguageAsInSettings_10-13-07 - [verifyingSideMenuLanguageAsInSettings_10-13-07] Element found and ready (attempt 1): By.xpath: //ytd-topbar-menu-button-renderer[@class='style-scope ytd-masthead style-default']
10:13:22 [TestNG-test-Yt Master Tests-2] INFO  verifyingSideMenuLanguageAsInSettings_10-13-07 - [verifyingSideMenuLanguageAsInSettings_10-13-07] Waiting until element is visible in viewport
10:13:23 [TestNG-test-Yt Master Tests-2] INFO  verifyingSideMenuLanguageAsInSettings_10-13-07 - Clicking settings ellipses button...
10:13:23 [TestNG-test-Yt Master Tests-2] INFO  verifyingSideMenuLanguageAsInSettings_10-13-07 - [verifyingSideMenuLanguageAsInSettings_10-13-07] Trying to find element: By.xpath: //ytd-topbar-menu-button-renderer[@class='style-scope ytd-masthead style-default']
10:13:23 [TestNG-test-Yt Master Tests-2] INFO  verifyingSideMenuLanguageAsInSettings_10-13-07 - [verifyingSideMenuLanguageAsInSettings_10-13-07] Element found and ready (attempt 1): By.xpath: //ytd-topbar-menu-button-renderer[@class='style-scope ytd-masthead style-default']
10:13:23 [TestNG-test-Yt Master Tests-2] INFO  verifyingSideMenuLanguageAsInSettings_10-13-07 - Fetching the side menu in expanded view
10:13:23 [TestNG-test-Yt Master Tests-2] INFO  verifyingSideMenuLanguageAsInSettings_10-13-07 - [verifyingSideMenuLanguageAsInSettings_10-13-07] Finding elements list: By.xpath: //ytd-guide-entry-renderer[@class='style-scope ytd-guide-section-renderer']
10:13:24 [TestNG-test-Yt Master Tests-2] INFO  verifyingSideMenuLanguageAsInSettings_10-13-07 - [verifyingSideMenuLanguageAsInSettings_10-13-07] Found 12 ready elements (attempt 1): By.xpath: //ytd-guide-entry-renderer[@class='style-scope ytd-guide-section-renderer']
10:13:24 [TestNG-test-Yt Master Tests-2] INFO  verifyingSideMenuLanguageAsInSettings_10-13-07 - Clicking settings ellipses button...
10:13:24 [TestNG-test-Yt Master Tests-2] INFO  verifyingSideMenuLanguageAsInSettings_10-13-07 - [verifyingSideMenuLanguageAsInSettings_10-13-07] Trying to find element: By.xpath: //ytd-topbar-menu-button-renderer[@class='style-scope ytd-masthead style-default']
10:13:24 [TestNG-test-Yt Master Tests-2] INFO  verifyingSideMenuLanguageAsInSettings_10-13-07 - [verifyingSideMenuLanguageAsInSettings_10-13-07] Element found and ready (attempt 1): By.xpath: //ytd-topbar-menu-button-renderer[@class='style-scope ytd-masthead style-default']
10:13:24 [TestNG-test-Yt Master Tests-2] INFO  verifyingSideMenuLanguageAsInSettings_10-13-07 - Clicking language dropdown...
10:13:24 [TestNG-test-Yt Master Tests-2] INFO  verifyingSideMenuLanguageAsInSettings_10-13-07 - [verifyingSideMenuLanguageAsInSettings_10-13-07] Trying to find element: By.xpath: (//div[@id='content-icon'])[2]
10:13:25 [TestNG-test-Yt Master Tests-2] INFO  verifyingSideMenuLanguageAsInSettings_10-13-07 - [verifyingSideMenuLanguageAsInSettings_10-13-07] Element found and ready (attempt 1): By.xpath: (//div[@id='content-icon'])[2]
10:13:26 [TestNG-test-Yt Master Tests-2] INFO  verifyingSideMenuLanguageAsInSettings_10-13-07 - Looking for language element with name: Bahasa Indonesia
10:13:26 [TestNG-test-Yt Master Tests-2] INFO  verifyingSideMenuLanguageAsInSettings_10-13-07 - [verifyingSideMenuLanguageAsInSettings_10-13-07] Trying to find element: By.xpath: //yt-multi-page-menu-section-renderer[@class='style-scope ytd-multi-page-menu-renderer']//yt-formatted-string[@id='label' and text()='Bahasa Indonesia']
10:13:26 [TestNG-test-Yt Master Tests-2] INFO  verifyingSideMenuLanguageAsInSettings_10-13-07 - [verifyingSideMenuLanguageAsInSettings_10-13-07] Element found and ready (attempt 1): By.xpath: //yt-multi-page-menu-section-renderer[@class='style-scope ytd-multi-page-menu-renderer']//yt-formatted-string[@id='label' and text()='Bahasa Indonesia']
10:13:26 [TestNG-test-Yt Master Tests-2] INFO  verifyingSideMenuLanguageAsInSettings_10-13-07 - [verifyingSideMenuLanguageAsInSettings_10-13-07] Trying to find element: By.xpath: //yt-multi-page-menu-section-renderer[@class='style-scope ytd-multi-page-menu-renderer']//yt-formatted-string[@id='label' and text()='Bahasa Indonesia']
10:13:26 [TestNG-test-Yt Master Tests-2] INFO  verifyingSideMenuLanguageAsInSettings_10-13-07 - [verifyingSideMenuLanguageAsInSettings_10-13-07] Element found and ready (attempt 1): By.xpath: //yt-multi-page-menu-section-renderer[@class='style-scope ytd-multi-page-menu-renderer']//yt-formatted-string[@id='label' and text()='Bahasa Indonesia']
10:13:28 [TestNG-test-Yt Master Tests-2] INFO  verifyingSideMenuLanguageAsInSettings_10-13-07 - Clicking settings ellipses button...
10:13:28 [TestNG-test-Yt Master Tests-2] INFO  verifyingSideMenuLanguageAsInSettings_10-13-07 - [verifyingSideMenuLanguageAsInSettings_10-13-07] Trying to find element: By.xpath: //ytd-topbar-menu-button-renderer[@class='style-scope ytd-masthead style-default']
10:13:28 [TestNG-test-Yt Master Tests-2] INFO  verifyingSideMenuLanguageAsInSettings_10-13-07 - [verifyingSideMenuLanguageAsInSettings_10-13-07] Element found and ready (attempt 1): By.xpath: //ytd-topbar-menu-button-renderer[@class='style-scope ytd-masthead style-default']
10:13:28 [TestNG-test-Yt Master Tests-2] INFO  verifyingSideMenuLanguageAsInSettings_10-13-07 - [verifyingSideMenuLanguageAsInSettings_10-13-07] Waiting until element is visible in viewport
10:13:29 [TestNG-test-Yt Master Tests-2] INFO  verifyingSideMenuLanguageAsInSettings_10-13-07 - Clicking settings ellipses button...
10:13:29 [TestNG-test-Yt Master Tests-2] INFO  verifyingSideMenuLanguageAsInSettings_10-13-07 - [verifyingSideMenuLanguageAsInSettings_10-13-07] Trying to find element: By.xpath: //ytd-topbar-menu-button-renderer[@class='style-scope ytd-masthead style-default']
10:13:29 [TestNG-test-Yt Master Tests-2] INFO  verifyingSideMenuLanguageAsInSettings_10-13-07 - [verifyingSideMenuLanguageAsInSettings_10-13-07] Element found and ready (attempt 1): By.xpath: //ytd-topbar-menu-button-renderer[@class='style-scope ytd-masthead style-default']
10:13:29 [TestNG-test-Yt Master Tests-2] INFO  verifyingSideMenuLanguageAsInSettings_10-13-07 - Fetching the side menu in expanded view
10:13:29 [TestNG-test-Yt Master Tests-2] INFO  verifyingSideMenuLanguageAsInSettings_10-13-07 - [verifyingSideMenuLanguageAsInSettings_10-13-07] Finding elements list: By.xpath: //ytd-guide-entry-renderer[@class='style-scope ytd-guide-section-renderer']
10:13:29 [TestNG-test-Yt Master Tests-2] INFO  verifyingSideMenuLanguageAsInSettings_10-13-07 - [verifyingSideMenuLanguageAsInSettings_10-13-07] Found 12 ready elements (attempt 1): By.xpath: //ytd-guide-entry-renderer[@class='style-scope ytd-guide-section-renderer']
10:13:30 [TestNG-test-Yt Master Tests-2] INFO  verifyingSideMenuLanguageAsInSettings_10-13-07 - Clicking settings ellipses button...
10:13:30 [TestNG-test-Yt Master Tests-2] INFO  verifyingSideMenuLanguageAsInSettings_10-13-07 - [verifyingSideMenuLanguageAsInSettings_10-13-07] Trying to find element: By.xpath: //ytd-topbar-menu-button-renderer[@class='style-scope ytd-masthead style-default']
10:13:30 [TestNG-test-Yt Master Tests-2] INFO  verifyingSideMenuLanguageAsInSettings_10-13-07 - [verifyingSideMenuLanguageAsInSettings_10-13-07] Element found and ready (attempt 1): By.xpath: //ytd-topbar-menu-button-renderer[@class='style-scope ytd-masthead style-default']
10:13:30 [TestNG-test-Yt Master Tests-2] INFO  verifyingSideMenuLanguageAsInSettings_10-13-07 - Clicking language dropdown...
10:13:30 [TestNG-test-Yt Master Tests-2] INFO  verifyingSideMenuLanguageAsInSettings_10-13-07 - [verifyingSideMenuLanguageAsInSettings_10-13-07] Trying to find element: By.xpath: (//div[@id='content-icon'])[2]
10:13:31 [TestNG-test-Yt Master Tests-2] INFO  verifyingSideMenuLanguageAsInSettings_10-13-07 - [verifyingSideMenuLanguageAsInSettings_10-13-07] Element found and ready (attempt 1): By.xpath: (//div[@id='content-icon'])[2]
10:13:31 [TestNG-test-Yt Master Tests-2] INFO  verifyingSideMenuLanguageAsInSettings_10-13-07 - Looking for language element with name: Bosanski
10:13:31 [TestNG-test-Yt Master Tests-2] INFO  verifyingSideMenuLanguageAsInSettings_10-13-07 - [verifyingSideMenuLanguageAsInSettings_10-13-07] Trying to find element: By.xpath: //yt-multi-page-menu-section-renderer[@class='style-scope ytd-multi-page-menu-renderer']//yt-formatted-string[@id='label' and text()='Bosanski']
10:13:32 [TestNG-test-Yt Master Tests-2] INFO  verifyingSideMenuLanguageAsInSettings_10-13-07 - [verifyingSideMenuLanguageAsInSettings_10-13-07] Element found and ready (attempt 1): By.xpath: //yt-multi-page-menu-section-renderer[@class='style-scope ytd-multi-page-menu-renderer']//yt-formatted-string[@id='label' and text()='Bosanski']
10:13:32 [TestNG-test-Yt Master Tests-2] INFO  verifyingSideMenuLanguageAsInSettings_10-13-07 - [verifyingSideMenuLanguageAsInSettings_10-13-07] Trying to find element: By.xpath: //yt-multi-page-menu-section-renderer[@class='style-scope ytd-multi-page-menu-renderer']//yt-formatted-string[@id='label' and text()='Bosanski']
10:13:32 [TestNG-test-Yt Master Tests-2] INFO  verifyingSideMenuLanguageAsInSettings_10-13-07 - [verifyingSideMenuLanguageAsInSettings_10-13-07] Element found and ready (attempt 1): By.xpath: //yt-multi-page-menu-section-renderer[@class='style-scope ytd-multi-page-menu-renderer']//yt-formatted-string[@id='label' and text()='Bosanski']
10:13:33 [TestNG-test-Yt Master Tests-2] INFO  verifyingSideMenuLanguageAsInSettings_10-13-07 - Clicking settings ellipses button...
10:13:33 [TestNG-test-Yt Master Tests-2] INFO  verifyingSideMenuLanguageAsInSettings_10-13-07 - [verifyingSideMenuLanguageAsInSettings_10-13-07] Trying to find element: By.xpath: //ytd-topbar-menu-button-renderer[@class='style-scope ytd-masthead style-default']
10:13:34 [TestNG-test-Yt Master Tests-2] INFO  verifyingSideMenuLanguageAsInSettings_10-13-07 - [verifyingSideMenuLanguageAsInSettings_10-13-07] Element found and ready (attempt 1): By.xpath: //ytd-topbar-menu-button-renderer[@class='style-scope ytd-masthead style-default']
10:13:34 [TestNG-test-Yt Master Tests-2] INFO  verifyingSideMenuLanguageAsInSettings_10-13-07 - [verifyingSideMenuLanguageAsInSettings_10-13-07] Waiting until element is visible in viewport
10:13:34 [TestNG-test-Yt Master Tests-2] INFO  verifyingSideMenuLanguageAsInSettings_10-13-07 - Clicking settings ellipses button...
10:13:35 [TestNG-test-Yt Master Tests-2] INFO  verifyingSideMenuLanguageAsInSettings_10-13-07 - [verifyingSideMenuLanguageAsInSettings_10-13-07] Trying to find element: By.xpath: //ytd-topbar-menu-button-renderer[@class='style-scope ytd-masthead style-default']
10:13:35 [TestNG-test-Yt Master Tests-2] INFO  verifyingSideMenuLanguageAsInSettings_10-13-07 - [verifyingSideMenuLanguageAsInSettings_10-13-07] Element found and ready (attempt 1): By.xpath: //ytd-topbar-menu-button-renderer[@class='style-scope ytd-masthead style-default']
10:13:35 [TestNG-test-Yt Master Tests-2] INFO  verifyingSideMenuLanguageAsInSettings_10-13-07 - Fetching the side menu in expanded view
10:13:35 [TestNG-test-Yt Master Tests-2] INFO  verifyingSideMenuLanguageAsInSettings_10-13-07 - [verifyingSideMenuLanguageAsInSettings_10-13-07] Finding elements list: By.xpath: //ytd-guide-entry-renderer[@class='style-scope ytd-guide-section-renderer']
10:13:35 [TestNG-test-Yt Master Tests-2] INFO  verifyingSideMenuLanguageAsInSettings_10-13-07 - [verifyingSideMenuLanguageAsInSettings_10-13-07] Found 12 ready elements (attempt 1): By.xpath: //ytd-guide-entry-renderer[@class='style-scope ytd-guide-section-renderer']
10:13:35 [TestNG-test-Yt Master Tests-2] INFO  verifyingSideMenuLanguageAsInSettings_10-13-07 - Clicking settings ellipses button...
10:13:35 [TestNG-test-Yt Master Tests-2] INFO  verifyingSideMenuLanguageAsInSettings_10-13-07 - [verifyingSideMenuLanguageAsInSettings_10-13-07] Trying to find element: By.xpath: //ytd-topbar-menu-button-renderer[@class='style-scope ytd-masthead style-default']
10:13:35 [TestNG-test-Yt Master Tests-2] INFO  verifyingSideMenuLanguageAsInSettings_10-13-07 - [verifyingSideMenuLanguageAsInSettings_10-13-07] Element found and ready (attempt 1): By.xpath: //ytd-topbar-menu-button-renderer[@class='style-scope ytd-masthead style-default']
10:13:36 [TestNG-test-Yt Master Tests-2] INFO  verifyingSideMenuLanguageAsInSettings_10-13-07 - Clicking language dropdown...
10:13:36 [TestNG-test-Yt Master Tests-2] INFO  verifyingSideMenuLanguageAsInSettings_10-13-07 - [verifyingSideMenuLanguageAsInSettings_10-13-07] Trying to find element: By.xpath: (//div[@id='content-icon'])[2]
10:13:36 [TestNG-test-Yt Master Tests-2] INFO  verifyingSideMenuLanguageAsInSettings_10-13-07 - [verifyingSideMenuLanguageAsInSettings_10-13-07] Element found and ready (attempt 1): By.xpath: (//div[@id='content-icon'])[2]
10:13:37 [TestNG-test-Yt Master Tests-2] INFO  verifyingSideMenuLanguageAsInSettings_10-13-07 - Looking for language element with name: Català
10:13:37 [TestNG-test-Yt Master Tests-2] INFO  verifyingSideMenuLanguageAsInSettings_10-13-07 - [verifyingSideMenuLanguageAsInSettings_10-13-07] Trying to find element: By.xpath: //yt-multi-page-menu-section-renderer[@class='style-scope ytd-multi-page-menu-renderer']//yt-formatted-string[@id='label' and text()='Català']
10:13:37 [TestNG-test-Yt Master Tests-2] INFO  verifyingSideMenuLanguageAsInSettings_10-13-07 - [verifyingSideMenuLanguageAsInSettings_10-13-07] Element found and ready (attempt 1): By.xpath: //yt-multi-page-menu-section-renderer[@class='style-scope ytd-multi-page-menu-renderer']//yt-formatted-string[@id='label' and text()='Català']
10:13:37 [TestNG-test-Yt Master Tests-2] INFO  verifyingSideMenuLanguageAsInSettings_10-13-07 - [verifyingSideMenuLanguageAsInSettings_10-13-07] Trying to find element: By.xpath: //yt-multi-page-menu-section-renderer[@class='style-scope ytd-multi-page-menu-renderer']//yt-formatted-string[@id='label' and text()='Català']
10:13:37 [TestNG-test-Yt Master Tests-2] INFO  verifyingSideMenuLanguageAsInSettings_10-13-07 - [verifyingSideMenuLanguageAsInSettings_10-13-07] Element found and ready (attempt 1): By.xpath: //yt-multi-page-menu-section-renderer[@class='style-scope ytd-multi-page-menu-renderer']//yt-formatted-string[@id='label' and text()='Català']
10:13:38 [TestNG-test-Yt Master Tests-2] INFO  verifyingSideMenuLanguageAsInSettings_10-13-07 - Clicking settings ellipses button...
10:13:39 [TestNG-test-Yt Master Tests-2] INFO  verifyingSideMenuLanguageAsInSettings_10-13-07 - [verifyingSideMenuLanguageAsInSettings_10-13-07] Trying to find element: By.xpath: //ytd-topbar-menu-button-renderer[@class='style-scope ytd-masthead style-default']
10:13:39 [TestNG-test-Yt Master Tests-2] INFO  verifyingSideMenuLanguageAsInSettings_10-13-07 - [verifyingSideMenuLanguageAsInSettings_10-13-07] Element found and ready (attempt 1): By.xpath: //ytd-topbar-menu-button-renderer[@class='style-scope ytd-masthead style-default']
10:13:39 [TestNG-test-Yt Master Tests-2] INFO  verifyingSideMenuLanguageAsInSettings_10-13-07 - [verifyingSideMenuLanguageAsInSettings_10-13-07] Waiting until element is visible in viewport
10:13:40 [TestNG-test-Yt Master Tests-2] INFO  verifyingSideMenuLanguageAsInSettings_10-13-07 - Clicking settings ellipses button...
10:13:40 [TestNG-test-Yt Master Tests-2] INFO  verifyingSideMenuLanguageAsInSettings_10-13-07 - [verifyingSideMenuLanguageAsInSettings_10-13-07] Trying to find element: By.xpath: //ytd-topbar-menu-button-renderer[@class='style-scope ytd-masthead style-default']
10:13:40 [TestNG-test-Yt Master Tests-2] INFO  verifyingSideMenuLanguageAsInSettings_10-13-07 - [verifyingSideMenuLanguageAsInSettings_10-13-07] Element found and ready (attempt 1): By.xpath: //ytd-topbar-menu-button-renderer[@class='style-scope ytd-masthead style-default']
10:13:40 [TestNG-test-Yt Master Tests-2] INFO  verifyingSideMenuLanguageAsInSettings_10-13-07 - Fetching the side menu in expanded view
10:13:40 [TestNG-test-Yt Master Tests-2] INFO  verifyingSideMenuLanguageAsInSettings_10-13-07 - [verifyingSideMenuLanguageAsInSettings_10-13-07] Finding elements list: By.xpath: //ytd-guide-entry-renderer[@class='style-scope ytd-guide-section-renderer']
10:13:41 [TestNG-test-Yt Master Tests-2] INFO  verifyingSideMenuLanguageAsInSettings_10-13-07 - [verifyingSideMenuLanguageAsInSettings_10-13-07] Found 12 ready elements (attempt 1): By.xpath: //ytd-guide-entry-renderer[@class='style-scope ytd-guide-section-renderer']
10:13:41 [TestNG-test-Yt Master Tests-2] INFO  verifyingSideMenuLanguageAsInSettings_10-13-07 - Clicking settings ellipses button...
10:13:41 [TestNG-test-Yt Master Tests-2] INFO  verifyingSideMenuLanguageAsInSettings_10-13-07 - [verifyingSideMenuLanguageAsInSettings_10-13-07] Trying to find element: By.xpath: //ytd-topbar-menu-button-renderer[@class='style-scope ytd-masthead style-default']
10:13:41 [TestNG-test-Yt Master Tests-2] INFO  verifyingSideMenuLanguageAsInSettings_10-13-07 - [verifyingSideMenuLanguageAsInSettings_10-13-07] Element found and ready (attempt 1): By.xpath: //ytd-topbar-menu-button-renderer[@class='style-scope ytd-masthead style-default']
10:13:41 [TestNG-test-Yt Master Tests-2] INFO  verifyingSideMenuLanguageAsInSettings_10-13-07 - Clicking language dropdown...
10:13:41 [TestNG-test-Yt Master Tests-2] INFO  verifyingSideMenuLanguageAsInSettings_10-13-07 - [verifyingSideMenuLanguageAsInSettings_10-13-07] Trying to find element: By.xpath: (//div[@id='content-icon'])[2]
10:13:42 [TestNG-test-Yt Master Tests-2] INFO  verifyingSideMenuLanguageAsInSettings_10-13-07 - [verifyingSideMenuLanguageAsInSettings_10-13-07] Element found and ready (attempt 1): By.xpath: (//div[@id='content-icon'])[2]
10:13:43 [TestNG-test-Yt Master Tests-2] INFO  verifyingSideMenuLanguageAsInSettings_10-13-07 - Looking for language element with name: Dansk
10:13:43 [TestNG-test-Yt Master Tests-2] INFO  verifyingSideMenuLanguageAsInSettings_10-13-07 - [verifyingSideMenuLanguageAsInSettings_10-13-07] Trying to find element: By.xpath: //yt-multi-page-menu-section-renderer[@class='style-scope ytd-multi-page-menu-renderer']//yt-formatted-string[@id='label' and text()='Dansk']
10:13:43 [TestNG-test-Yt Master Tests-2] INFO  verifyingSideMenuLanguageAsInSettings_10-13-07 - [verifyingSideMenuLanguageAsInSettings_10-13-07] Element found and ready (attempt 1): By.xpath: //yt-multi-page-menu-section-renderer[@class='style-scope ytd-multi-page-menu-renderer']//yt-formatted-string[@id='label' and text()='Dansk']
10:13:43 [TestNG-test-Yt Master Tests-2] INFO  verifyingSideMenuLanguageAsInSettings_10-13-07 - [verifyingSideMenuLanguageAsInSettings_10-13-07] Trying to find element: By.xpath: //yt-multi-page-menu-section-renderer[@class='style-scope ytd-multi-page-menu-renderer']//yt-formatted-string[@id='label' and text()='Dansk']
10:13:43 [TestNG-test-Yt Master Tests-2] INFO  verifyingSideMenuLanguageAsInSettings_10-13-07 - [verifyingSideMenuLanguageAsInSettings_10-13-07] Element found and ready (attempt 1): By.xpath: //yt-multi-page-menu-section-renderer[@class='style-scope ytd-multi-page-menu-renderer']//yt-formatted-string[@id='label' and text()='Dansk']
10:13:44 [TestNG-test-Yt Master Tests-2] INFO  verifyingSideMenuLanguageAsInSettings_10-13-07 - Clicking settings ellipses button...
10:13:44 [TestNG-test-Yt Master Tests-2] INFO  verifyingSideMenuLanguageAsInSettings_10-13-07 - [verifyingSideMenuLanguageAsInSettings_10-13-07] Trying to find element: By.xpath: //ytd-topbar-menu-button-renderer[@class='style-scope ytd-masthead style-default']
10:13:45 [TestNG-test-Yt Master Tests-2] INFO  verifyingSideMenuLanguageAsInSettings_10-13-07 - [verifyingSideMenuLanguageAsInSettings_10-13-07] Element found and ready (attempt 1): By.xpath: //ytd-topbar-menu-button-renderer[@class='style-scope ytd-masthead style-default']
10:13:45 [TestNG-test-Yt Master Tests-2] INFO  verifyingSideMenuLanguageAsInSettings_10-13-07 - [verifyingSideMenuLanguageAsInSettings_10-13-07] Waiting until element is visible in viewport
10:13:46 [TestNG-test-Yt Master Tests-2] INFO  verifyingSideMenuLanguageAsInSettings_10-13-07 - Clicking settings ellipses button...
10:13:46 [TestNG-test-Yt Master Tests-2] INFO  verifyingSideMenuLanguageAsInSettings_10-13-07 - [verifyingSideMenuLanguageAsInSettings_10-13-07] Trying to find element: By.xpath: //ytd-topbar-menu-button-renderer[@class='style-scope ytd-masthead style-default']
10:13:46 [TestNG-test-Yt Master Tests-2] INFO  verifyingSideMenuLanguageAsInSettings_10-13-07 - [verifyingSideMenuLanguageAsInSettings_10-13-07] Element found and ready (attempt 1): By.xpath: //ytd-topbar-menu-button-renderer[@class='style-scope ytd-masthead style-default']
10:13:46 [TestNG-test-Yt Master Tests-2] INFO  verifyingSideMenuLanguageAsInSettings_10-13-07 - Fetching the side menu in expanded view
10:13:46 [TestNG-test-Yt Master Tests-2] INFO  verifyingSideMenuLanguageAsInSettings_10-13-07 - [verifyingSideMenuLanguageAsInSettings_10-13-07] Finding elements list: By.xpath: //ytd-guide-entry-renderer[@class='style-scope ytd-guide-section-renderer']
10:13:46 [TestNG-test-Yt Master Tests-2] INFO  verifyingSideMenuLanguageAsInSettings_10-13-07 - [verifyingSideMenuLanguageAsInSettings_10-13-07] Found 12 ready elements (attempt 1): By.xpath: //ytd-guide-entry-renderer[@class='style-scope ytd-guide-section-renderer']
10:13:46 [TestNG-test-Yt Master Tests-2] INFO  verifyingSideMenuLanguageAsInSettings_10-13-07 - Clicking settings ellipses button...
10:13:46 [TestNG-test-Yt Master Tests-2] INFO  verifyingSideMenuLanguageAsInSettings_10-13-07 - [verifyingSideMenuLanguageAsInSettings_10-13-07] Trying to find element: By.xpath: //ytd-topbar-menu-button-renderer[@class='style-scope ytd-masthead style-default']
10:13:47 [TestNG-test-Yt Master Tests-2] INFO  verifyingSideMenuLanguageAsInSettings_10-13-07 - [verifyingSideMenuLanguageAsInSettings_10-13-07] Element found and ready (attempt 1): By.xpath: //ytd-topbar-menu-button-renderer[@class='style-scope ytd-masthead style-default']
10:13:47 [TestNG-test-Yt Master Tests-2] INFO  verifyingSideMenuLanguageAsInSettings_10-13-07 - Clicking language dropdown...
10:13:47 [TestNG-test-Yt Master Tests-2] INFO  verifyingSideMenuLanguageAsInSettings_10-13-07 - [verifyingSideMenuLanguageAsInSettings_10-13-07] Trying to find element: By.xpath: (//div[@id='content-icon'])[2]
10:13:47 [TestNG-test-Yt Master Tests-2] INFO  verifyingSideMenuLanguageAsInSettings_10-13-07 - [verifyingSideMenuLanguageAsInSettings_10-13-07] Element found and ready (attempt 1): By.xpath: (//div[@id='content-icon'])[2]
10:13:48 [TestNG-test-Yt Master Tests-2] INFO  verifyingSideMenuLanguageAsInSettings_10-13-07 - Looking for language element with name: Deutsch
10:13:48 [TestNG-test-Yt Master Tests-2] INFO  verifyingSideMenuLanguageAsInSettings_10-13-07 - [verifyingSideMenuLanguageAsInSettings_10-13-07] Trying to find element: By.xpath: //yt-multi-page-menu-section-renderer[@class='style-scope ytd-multi-page-menu-renderer']//yt-formatted-string[@id='label' and text()='Deutsch']
10:13:48 [TestNG-test-Yt Master Tests-2] INFO  verifyingSideMenuLanguageAsInSettings_10-13-07 - [verifyingSideMenuLanguageAsInSettings_10-13-07] Element found and ready (attempt 1): By.xpath: //yt-multi-page-menu-section-renderer[@class='style-scope ytd-multi-page-menu-renderer']//yt-formatted-string[@id='label' and text()='Deutsch']
10:13:48 [TestNG-test-Yt Master Tests-2] INFO  verifyingSideMenuLanguageAsInSettings_10-13-07 - [verifyingSideMenuLanguageAsInSettings_10-13-07] Trying to find element: By.xpath: //yt-multi-page-menu-section-renderer[@class='style-scope ytd-multi-page-menu-renderer']//yt-formatted-string[@id='label' and text()='Deutsch']
10:13:48 [TestNG-test-Yt Master Tests-2] INFO  verifyingSideMenuLanguageAsInSettings_10-13-07 - [verifyingSideMenuLanguageAsInSettings_10-13-07] Element found and ready (attempt 1): By.xpath: //yt-multi-page-menu-section-renderer[@class='style-scope ytd-multi-page-menu-renderer']//yt-formatted-string[@id='label' and text()='Deutsch']
10:13:50 [TestNG-test-Yt Master Tests-2] INFO  verifyingSideMenuLanguageAsInSettings_10-13-07 - Clicking settings ellipses button...
10:13:50 [TestNG-test-Yt Master Tests-2] INFO  verifyingSideMenuLanguageAsInSettings_10-13-07 - [verifyingSideMenuLanguageAsInSettings_10-13-07] Trying to find element: By.xpath: //ytd-topbar-menu-button-renderer[@class='style-scope ytd-masthead style-default']
10:13:50 [TestNG-test-Yt Master Tests-2] INFO  verifyingSideMenuLanguageAsInSettings_10-13-07 - [verifyingSideMenuLanguageAsInSettings_10-13-07] Element found and ready (attempt 1): By.xpath: //ytd-topbar-menu-button-renderer[@class='style-scope ytd-masthead style-default']
10:13:50 [TestNG-test-Yt Master Tests-2] INFO  verifyingSideMenuLanguageAsInSettings_10-13-07 - [verifyingSideMenuLanguageAsInSettings_10-13-07] Waiting until element is visible in viewport
10:13:51 [TestNG-test-Yt Master Tests-2] INFO  verifyingSideMenuLanguageAsInSettings_10-13-07 - Clicking settings ellipses button...
10:13:51 [TestNG-test-Yt Master Tests-2] INFO  verifyingSideMenuLanguageAsInSettings_10-13-07 - [verifyingSideMenuLanguageAsInSettings_10-13-07] Trying to find element: By.xpath: //ytd-topbar-menu-button-renderer[@class='style-scope ytd-masthead style-default']
10:13:51 [TestNG-test-Yt Master Tests-2] INFO  verifyingSideMenuLanguageAsInSettings_10-13-07 - [verifyingSideMenuLanguageAsInSettings_10-13-07] Element found and ready (attempt 1): By.xpath: //ytd-topbar-menu-button-renderer[@class='style-scope ytd-masthead style-default']
10:13:51 [TestNG-test-Yt Master Tests-2] INFO  verifyingSideMenuLanguageAsInSettings_10-13-07 - Fetching the side menu in expanded view
10:13:51 [TestNG-test-Yt Master Tests-2] INFO  verifyingSideMenuLanguageAsInSettings_10-13-07 - [verifyingSideMenuLanguageAsInSettings_10-13-07] Finding elements list: By.xpath: //ytd-guide-entry-renderer[@class='style-scope ytd-guide-section-renderer']
10:13:52 [TestNG-test-Yt Master Tests-2] INFO  verifyingSideMenuLanguageAsInSettings_10-13-07 - [verifyingSideMenuLanguageAsInSettings_10-13-07] Found 12 ready elements (attempt 1): By.xpath: //ytd-guide-entry-renderer[@class='style-scope ytd-guide-section-renderer']
10:13:52 [TestNG-test-Yt Master Tests-2] INFO  verifyingSideMenuLanguageAsInSettings_10-13-07 - Clicking settings ellipses button...
10:13:52 [TestNG-test-Yt Master Tests-2] INFO  verifyingSideMenuLanguageAsInSettings_10-13-07 - [verifyingSideMenuLanguageAsInSettings_10-13-07] Trying to find element: By.xpath: //ytd-topbar-menu-button-renderer[@class='style-scope ytd-masthead style-default']
10:13:52 [TestNG-test-Yt Master Tests-2] INFO  verifyingSideMenuLanguageAsInSettings_10-13-07 - [verifyingSideMenuLanguageAsInSettings_10-13-07] Element found and ready (attempt 1): By.xpath: //ytd-topbar-menu-button-renderer[@class='style-scope ytd-masthead style-default']
10:13:52 [TestNG-test-Yt Master Tests-2] INFO  verifyingSideMenuLanguageAsInSettings_10-13-07 - Clicking language dropdown...
10:13:52 [TestNG-test-Yt Master Tests-2] INFO  verifyingSideMenuLanguageAsInSettings_10-13-07 - [verifyingSideMenuLanguageAsInSettings_10-13-07] Trying to find element: By.xpath: (//div[@id='content-icon'])[2]
10:13:53 [TestNG-test-Yt Master Tests-2] INFO  verifyingSideMenuLanguageAsInSettings_10-13-07 - [verifyingSideMenuLanguageAsInSettings_10-13-07] Element found and ready (attempt 1): By.xpath: (//div[@id='content-icon'])[2]
10:13:53 [TestNG-test-Yt Master Tests-2] INFO  verifyingSideMenuLanguageAsInSettings_10-13-07 - Looking for language element with name: Eesti
10:13:53 [TestNG-test-Yt Master Tests-2] INFO  verifyingSideMenuLanguageAsInSettings_10-13-07 - [verifyingSideMenuLanguageAsInSettings_10-13-07] Trying to find element: By.xpath: //yt-multi-page-menu-section-renderer[@class='style-scope ytd-multi-page-menu-renderer']//yt-formatted-string[@id='label' and text()='Eesti']
10:13:53 [TestNG-test-Yt Master Tests-2] INFO  verifyingSideMenuLanguageAsInSettings_10-13-07 - [verifyingSideMenuLanguageAsInSettings_10-13-07] Element found and ready (attempt 1): By.xpath: //yt-multi-page-menu-section-renderer[@class='style-scope ytd-multi-page-menu-renderer']//yt-formatted-string[@id='label' and text()='Eesti']
10:13:53 [TestNG-test-Yt Master Tests-2] INFO  verifyingSideMenuLanguageAsInSettings_10-13-07 - [verifyingSideMenuLanguageAsInSettings_10-13-07] Trying to find element: By.xpath: //yt-multi-page-menu-section-renderer[@class='style-scope ytd-multi-page-menu-renderer']//yt-formatted-string[@id='label' and text()='Eesti']
10:13:54 [TestNG-test-Yt Master Tests-2] INFO  verifyingSideMenuLanguageAsInSettings_10-13-07 - [verifyingSideMenuLanguageAsInSettings_10-13-07] Element found and ready (attempt 1): By.xpath: //yt-multi-page-menu-section-renderer[@class='style-scope ytd-multi-page-menu-renderer']//yt-formatted-string[@id='label' and text()='Eesti']
10:13:55 [TestNG-test-Yt Master Tests-2] INFO  verifyingSideMenuLanguageAsInSettings_10-13-07 - Clicking settings ellipses button...
10:13:55 [TestNG-test-Yt Master Tests-2] INFO  verifyingSideMenuLanguageAsInSettings_10-13-07 - [verifyingSideMenuLanguageAsInSettings_10-13-07] Trying to find element: By.xpath: //ytd-topbar-menu-button-renderer[@class='style-scope ytd-masthead style-default']
10:13:55 [TestNG-test-Yt Master Tests-2] INFO  verifyingSideMenuLanguageAsInSettings_10-13-07 - [verifyingSideMenuLanguageAsInSettings_10-13-07] Element found and ready (attempt 1): By.xpath: //ytd-topbar-menu-button-renderer[@class='style-scope ytd-masthead style-default']
10:13:56 [TestNG-test-Yt Master Tests-2] INFO  verifyingSideMenuLanguageAsInSettings_10-13-07 - [verifyingSideMenuLanguageAsInSettings_10-13-07] Waiting until element is visible in viewport
10:13:56 [TestNG-test-Yt Master Tests-2] INFO  verifyingSideMenuLanguageAsInSettings_10-13-07 - Clicking settings ellipses button...
10:13:56 [TestNG-test-Yt Master Tests-2] INFO  verifyingSideMenuLanguageAsInSettings_10-13-07 - [verifyingSideMenuLanguageAsInSettings_10-13-07] Trying to find element: By.xpath: //ytd-topbar-menu-button-renderer[@class='style-scope ytd-masthead style-default']
10:13:56 [TestNG-test-Yt Master Tests-2] INFO  verifyingSideMenuLanguageAsInSettings_10-13-07 - [verifyingSideMenuLanguageAsInSettings_10-13-07] Element found and ready (attempt 1): By.xpath: //ytd-topbar-menu-button-renderer[@class='style-scope ytd-masthead style-default']
10:13:57 [TestNG-test-Yt Master Tests-2] INFO  verifyingSideMenuLanguageAsInSettings_10-13-07 - Fetching the side menu in expanded view
10:13:57 [TestNG-test-Yt Master Tests-2] INFO  verifyingSideMenuLanguageAsInSettings_10-13-07 - [verifyingSideMenuLanguageAsInSettings_10-13-07] Finding elements list: By.xpath: //ytd-guide-entry-renderer[@class='style-scope ytd-guide-section-renderer']
10:13:57 [TestNG-test-Yt Master Tests-2] INFO  verifyingSideMenuLanguageAsInSettings_10-13-07 - [verifyingSideMenuLanguageAsInSettings_10-13-07] Found 12 ready elements (attempt 1): By.xpath: //ytd-guide-entry-renderer[@class='style-scope ytd-guide-section-renderer']
10:13:57 [TestNG-test-Yt Master Tests-2] INFO  verifyingSideMenuLanguageAsInSettings_10-13-07 - Clicking settings ellipses button...
10:13:57 [TestNG-test-Yt Master Tests-2] INFO  verifyingSideMenuLanguageAsInSettings_10-13-07 - [verifyingSideMenuLanguageAsInSettings_10-13-07] Trying to find element: By.xpath: //ytd-topbar-menu-button-renderer[@class='style-scope ytd-masthead style-default']
10:13:57 [TestNG-test-Yt Master Tests-2] INFO  verifyingSideMenuLanguageAsInSettings_10-13-07 - [verifyingSideMenuLanguageAsInSettings_10-13-07] Element found and ready (attempt 1): By.xpath: //ytd-topbar-menu-button-renderer[@class='style-scope ytd-masthead style-default']
10:13:57 [TestNG-test-Yt Master Tests-2] INFO  verifyingSideMenuLanguageAsInSettings_10-13-07 - Clicking language dropdown...
10:13:57 [TestNG-test-Yt Master Tests-2] INFO  verifyingSideMenuLanguageAsInSettings_10-13-07 - [verifyingSideMenuLanguageAsInSettings_10-13-07] Trying to find element: By.xpath: (//div[@id='content-icon'])[2]
10:13:58 [TestNG-test-Yt Master Tests-2] INFO  verifyingSideMenuLanguageAsInSettings_10-13-07 - [verifyingSideMenuLanguageAsInSettings_10-13-07] Element found and ready (attempt 1): By.xpath: (//div[@id='content-icon'])[2]
10:13:59 [TestNG-test-Yt Master Tests-2] INFO  verifyingSideMenuLanguageAsInSettings_10-13-07 - Looking for language element with name: English (India)
10:13:59 [TestNG-test-Yt Master Tests-2] INFO  verifyingSideMenuLanguageAsInSettings_10-13-07 - [verifyingSideMenuLanguageAsInSettings_10-13-07] Trying to find element: By.xpath: //yt-multi-page-menu-section-renderer[@class='style-scope ytd-multi-page-menu-renderer']//yt-formatted-string[@id='label' and text()='English (India)']
10:13:59 [TestNG-test-Yt Master Tests-2] INFO  verifyingSideMenuLanguageAsInSettings_10-13-07 - [verifyingSideMenuLanguageAsInSettings_10-13-07] Element found and ready (attempt 1): By.xpath: //yt-multi-page-menu-section-renderer[@class='style-scope ytd-multi-page-menu-renderer']//yt-formatted-string[@id='label' and text()='English (India)']
10:13:59 [TestNG-test-Yt Master Tests-2] INFO  verifyingSideMenuLanguageAsInSettings_10-13-07 - [verifyingSideMenuLanguageAsInSettings_10-13-07] Trying to find element: By.xpath: //yt-multi-page-menu-section-renderer[@class='style-scope ytd-multi-page-menu-renderer']//yt-formatted-string[@id='label' and text()='English (India)']
10:13:59 [TestNG-test-Yt Master Tests-2] INFO  verifyingSideMenuLanguageAsInSettings_10-13-07 - [verifyingSideMenuLanguageAsInSettings_10-13-07] Element found and ready (attempt 1): By.xpath: //yt-multi-page-menu-section-renderer[@class='style-scope ytd-multi-page-menu-renderer']//yt-formatted-string[@id='label' and text()='English (India)']
10:14:00 [TestNG-test-Yt Master Tests-2] INFO  verifyingSideMenuLanguageAsInSettings_10-13-07 - Clicking settings ellipses button...
10:14:00 [TestNG-test-Yt Master Tests-2] INFO  verifyingSideMenuLanguageAsInSettings_10-13-07 - [verifyingSideMenuLanguageAsInSettings_10-13-07] Trying to find element: By.xpath: //ytd-topbar-menu-button-renderer[@class='style-scope ytd-masthead style-default']
10:14:00 [TestNG-test-Yt Master Tests-2] INFO  verifyingSideMenuLanguageAsInSettings_10-13-07 - [verifyingSideMenuLanguageAsInSettings_10-13-07] Element found and ready (attempt 1): By.xpath: //ytd-topbar-menu-button-renderer[@class='style-scope ytd-masthead style-default']
10:14:00 [TestNG-test-Yt Master Tests-2] INFO  verifyingSideMenuLanguageAsInSettings_10-13-07 - [verifyingSideMenuLanguageAsInSettings_10-13-07] Waiting until element is visible in viewport
10:14:01 [TestNG-test-Yt Master Tests-2] INFO  verifyingSideMenuLanguageAsInSettings_10-13-07 - Clicking settings ellipses button...
10:14:01 [TestNG-test-Yt Master Tests-2] INFO  verifyingSideMenuLanguageAsInSettings_10-13-07 - [verifyingSideMenuLanguageAsInSettings_10-13-07] Trying to find element: By.xpath: //ytd-topbar-menu-button-renderer[@class='style-scope ytd-masthead style-default']
10:14:01 [TestNG-test-Yt Master Tests-2] INFO  verifyingSideMenuLanguageAsInSettings_10-13-07 - [verifyingSideMenuLanguageAsInSettings_10-13-07] Element found and ready (attempt 1): By.xpath: //ytd-topbar-menu-button-renderer[@class='style-scope ytd-masthead style-default']
10:14:01 [TestNG-test-Yt Master Tests-2] INFO  verifyingSideMenuLanguageAsInSettings_10-13-07 - Fetching the side menu in expanded view
10:14:01 [TestNG-test-Yt Master Tests-2] INFO  verifyingSideMenuLanguageAsInSettings_10-13-07 - [verifyingSideMenuLanguageAsInSettings_10-13-07] Finding elements list: By.xpath: //ytd-guide-entry-renderer[@class='style-scope ytd-guide-section-renderer']
10:14:02 [TestNG-test-Yt Master Tests-2] INFO  verifyingSideMenuLanguageAsInSettings_10-13-07 - [verifyingSideMenuLanguageAsInSettings_10-13-07] Found 12 ready elements (attempt 1): By.xpath: //ytd-guide-entry-renderer[@class='style-scope ytd-guide-section-renderer']
10:14:02 [TestNG-test-Yt Master Tests-2] INFO  verifyingSideMenuLanguageAsInSettings_10-13-07 - Clicking settings ellipses button...
10:14:02 [TestNG-test-Yt Master Tests-2] INFO  verifyingSideMenuLanguageAsInSettings_10-13-07 - [verifyingSideMenuLanguageAsInSettings_10-13-07] Trying to find element: By.xpath: //ytd-topbar-menu-button-renderer[@class='style-scope ytd-masthead style-default']
10:14:02 [TestNG-test-Yt Master Tests-2] INFO  verifyingSideMenuLanguageAsInSettings_10-13-07 - [verifyingSideMenuLanguageAsInSettings_10-13-07] Element found and ready (attempt 1): By.xpath: //ytd-topbar-menu-button-renderer[@class='style-scope ytd-masthead style-default']
10:14:02 [TestNG-test-Yt Master Tests-2] INFO  verifyingSideMenuLanguageAsInSettings_10-13-07 - Clicking language dropdown...
10:14:02 [TestNG-test-Yt Master Tests-2] INFO  verifyingSideMenuLanguageAsInSettings_10-13-07 - [verifyingSideMenuLanguageAsInSettings_10-13-07] Trying to find element: By.xpath: (//div[@id='content-icon'])[2]
10:14:03 [TestNG-test-Yt Master Tests-2] INFO  verifyingSideMenuLanguageAsInSettings_10-13-07 - [verifyingSideMenuLanguageAsInSettings_10-13-07] Element found and ready (attempt 1): By.xpath: (//div[@id='content-icon'])[2]
10:14:03 [TestNG-test-Yt Master Tests-2] INFO  verifyingSideMenuLanguageAsInSettings_10-13-07 - [verifyingSideMenuLanguageAsInSettings_10-13-07] Not retrying test 'verifyingSideMenuLanguageAsInSettings'. Retry count: 0, Cause: The following asserts failed:
	Mismatch in the Actual and Expected data for language=Afrikaans expected [Tuis Kortvideo's Intekeninge Myne Geskiedenis Musiek Flieks Regstreeks YouTube Premium YouTube Music YouTube Kids Instellings Aangeegeskiedenis Hulp Stuur terugvoer] but found [Tuis Kortvideo's Intekeninge Myne Geskiedenis Musiek Flieks en TV Regstreeks YouTube Premium YouTube TV YouTube Kids Aangeegeskiedenis],
	Mismatch in the Actual and Expected data for language=Azərbaycan expected [Ev Shorts Abunəliklər Siz Tarixçə Musiqi Filmlər Canlı YouTube Premium YouTube Music YouTube Kids Ayarlar Xəbər tarixçəsi Yardım Rəy göndərin] but found [Ev Shorts Abunəliklər Siz Tarixçə Musiqi Film və TV Canlı YouTube Premium YouTube TV YouTube Kids Xəbər tarixçəsi],
	Mismatch in the Actual and Expected data for language=Bahasa Indonesia expected [Beranda Shorts Subscription Anda Histori Musik Film Live YouTube Premium YouTube Music YouTube Kids Setelan Histori laporan Bantuan Kirim masukan] but found [Beranda Shorts Subscription Anda Histori Musik Film & TV Live YouTube Premium YouTube TV YouTube Kids Histori laporan],
	Mismatch in the Actual and Expected data for language=Bosanski expected [Početna stranica Shorts Pretplate Vi Hi‪storija Muzika Filmovi Uživo YouTube Premium YouTube Music YouTube Kids Postavke Historija prijava Pomoć Pošaljite povratne informacije] but found [Početna stranica Shorts Pretplate Vi Hi‪storija Muzika Filmovi i TV Uživo YouTube Premium YouTube TV YouTube Kids Historija prijava],
	Mismatch in the Actual and Expected data for language=Català expected [Inici YouTube Shorts Subscripcions Tu Historial Música Pel·lícules En directe YouTube Premium YouTube Music YouTube Kids Configuració Historial d'informes Ajuda Envia suggeriments] but found [Inici YouTube Shorts Subscripcions Tu Historial Música Pel·lícules i televisió En directe YouTube Premium YouTube TV YouTube Kids Historial d'informes],
	Mismatch in the Actual and Expected data for language=Dansk expected [Start Shorts Abonnementer Dig Historik Musik Film Live YouTube Premium YouTube Music YouTube Kids Indstillinger Rapporteringshistorik Hjælp Send feedback] but found [Start Shorts Abonnementer Dig Historik Musik Film og tv Live YouTube Premium YouTube TV YouTube Kids Rapporteringshistorik],
	Mismatch in the Actual and Expected data for language=Deutsch expected [Startseite Shorts Abos Mein YouTube Verlauf Musik Filme Live YouTube Premium YouTube Music YouTube Kids Einstellungen Meldeverlauf Hilfe Feedback senden] but found [Startseite Shorts Abos Mein YouTube Verlauf Musik Filme & Shows Live YouTube Premium YouTube TV YouTube Kids Meldeverlauf],
	Mismatch in the Actual and Expected data for language=Eesti expected [Avaleht Shorts Tellimused Teie Ajalugu Muusika Filmid Otse YouTube Premium YouTube Music YouTube Kids Seaded Teavituste ajalugu Abi Tagasiside saatmine] but found [Avaleht Shorts Tellimused Teie Ajalugu Muusika Filmid ja telesarjad Otse YouTube Premium YouTube TV YouTube Kids Teavituste ajalugu],
	Mismatch in the Actual and Expected data for language=English (India) expected [Home Shorts Subscriptions You History Shopping Music Films YouTube Premium YouTube Music YouTube Kids Settings Report history Help Send feedback] but found [Home Shorts Subscriptions You History Shopping Music Movies & TV YouTube Premium YouTube TV YouTube Kids Report history]
