10:40:48 [TestNG-test-Yt Master Tests-2] INFO  verifyingSideMenuCollapsedLangAsInSettingsLingua_10-40-48 - No existing WebDriver found for current thread. Initializing a new ChromeDriver...
10:40:54 [TestNG-test-Yt Master Tests-2] INFO  verifyingSideMenuCollapsedLangAsInSettingsLingua_10-40-48 - WebDriverManager: chromedriver setup OK
10:41:03 [TestNG-test-Yt Master Tests-2] INFO  verifyingSideMenuCollapsedLangAsInSettingsLingua_10-40-48 - ChromeDriver initialized successfully for thread: 34
10:41:03 [TestNG-test-Yt Master Tests-2] INFO  verifyingSideMenuCollapsedLangAsInSettingsLingua_10-40-48 - SafeActions initialized with driver ChromeDriver: chrome on windows (68034e0c334dbeb5b7444a92e2661c6d)
10:41:03 [TestNG-test-Yt Master Tests-2] INFO  verifyingSideMenuCollapsedLangAsInSettingsLingua_10-40-48 - Initialized YtLandingPage with driver: ChromeDriver: chrome on windows (68034e0c334dbeb5b7444a92e2661c6d)
10:41:03 [TestNG-test-Yt Master Tests-2] INFO  verifyingSideMenuCollapsedLangAsInSettingsLingua_10-40-48 - SafeActions initialized with driver ChromeDriver: chrome on windows (68034e0c334dbeb5b7444a92e2661c6d)
10:41:16 [TestNG-test-Yt Master Tests-2] INFO  verifyingSideMenuCollapsedLangAsInSettingsLingua_10-40-48 - Opened YouTube landing page.
10:41:17 [TestNG-test-Yt Master Tests-2] INFO  verifyingSideMenuCollapsedLangAsInSettingsLingua_10-40-48 - Clicking left ellipses in the landing page
10:41:17 [TestNG-test-Yt Master Tests-2] INFO  verifyingSideMenuCollapsedLangAsInSettingsLingua_10-40-48 - [verifyingSideMenuCollapsedLangAsInSettingsLingua_10-40-48] Trying to find element: By.xpath: //ytd-topbar-logo-renderer[@id='logo']/preceding-sibling::*[@id='guide-button']
10:41:18 [TestNG-test-Yt Master Tests-2] INFO  verifyingSideMenuCollapsedLangAsInSettingsLingua_10-40-48 - [verifyingSideMenuCollapsedLangAsInSettingsLingua_10-40-48] Element found and ready (attempt 1): By.xpath: //ytd-topbar-logo-renderer[@id='logo']/preceding-sibling::*[@id='guide-button']
10:41:19 [TestNG-test-Yt Master Tests-2] INFO  verifyingSideMenuCollapsedLangAsInSettingsLingua_10-40-48 - Clicking settings ellipses button...
10:41:19 [TestNG-test-Yt Master Tests-2] INFO  verifyingSideMenuCollapsedLangAsInSettingsLingua_10-40-48 - [verifyingSideMenuCollapsedLangAsInSettingsLingua_10-40-48] Trying to find element: By.xpath: //ytd-topbar-menu-button-renderer[@class='style-scope ytd-masthead style-default']
10:41:19 [TestNG-test-Yt Master Tests-2] INFO  verifyingSideMenuCollapsedLangAsInSettingsLingua_10-40-48 - [verifyingSideMenuCollapsedLangAsInSettingsLingua_10-40-48] Element found and ready (attempt 1): By.xpath: //ytd-topbar-menu-button-renderer[@class='style-scope ytd-masthead style-default']
10:41:19 [TestNG-test-Yt Master Tests-2] INFO  verifyingSideMenuCollapsedLangAsInSettingsLingua_10-40-48 - Clicking language dropdown...
10:41:19 [TestNG-test-Yt Master Tests-2] INFO  verifyingSideMenuCollapsedLangAsInSettingsLingua_10-40-48 - [verifyingSideMenuCollapsedLangAsInSettingsLingua_10-40-48] Trying to find element: By.xpath: (//div[@id='content-icon'])[2]
10:41:20 [TestNG-test-Yt Master Tests-2] INFO  verifyingSideMenuCollapsedLangAsInSettingsLingua_10-40-48 - [verifyingSideMenuCollapsedLangAsInSettingsLingua_10-40-48] Element found and ready (attempt 1): By.xpath: (//div[@id='content-icon'])[2]
10:41:21 [TestNG-test-Yt Master Tests-2] INFO  verifyingSideMenuCollapsedLangAsInSettingsLingua_10-40-48 - [verifyingSideMenuCollapsedLangAsInSettingsLingua_10-40-48] Execution is Not CRON Job Hence referring to normal keys from UtilData
10:41:21 [TestNG-test-Yt Master Tests-2] INFO  verifyingSideMenuCollapsedLangAsInSettingsLingua_10-40-48 - [verifyingSideMenuCollapsedLangAsInSettingsLingua_10-40-48] Row count is == 10
10:41:21 [TestNG-test-Yt Master Tests-2] INFO  verifyingSideMenuCollapsedLangAsInSettingsLingua_10-40-48 - Looking for language element with name: Afrikaans
10:41:21 [TestNG-test-Yt Master Tests-2] INFO  verifyingSideMenuCollapsedLangAsInSettingsLingua_10-40-48 - [verifyingSideMenuCollapsedLangAsInSettingsLingua_10-40-48] Trying to find element: By.xpath: //yt-multi-page-menu-section-renderer[@class='style-scope ytd-multi-page-menu-renderer']//yt-formatted-string[@id='label' and text()='Afrikaans']
10:41:21 [TestNG-test-Yt Master Tests-2] INFO  verifyingSideMenuCollapsedLangAsInSettingsLingua_10-40-48 - [verifyingSideMenuCollapsedLangAsInSettingsLingua_10-40-48] Element found and ready (attempt 1): By.xpath: //yt-multi-page-menu-section-renderer[@class='style-scope ytd-multi-page-menu-renderer']//yt-formatted-string[@id='label' and text()='Afrikaans']
10:41:21 [TestNG-test-Yt Master Tests-2] INFO  verifyingSideMenuCollapsedLangAsInSettingsLingua_10-40-48 - [verifyingSideMenuCollapsedLangAsInSettingsLingua_10-40-48] Trying to find element: By.xpath: //yt-multi-page-menu-section-renderer[@class='style-scope ytd-multi-page-menu-renderer']//yt-formatted-string[@id='label' and text()='Afrikaans']
10:41:22 [TestNG-test-Yt Master Tests-2] INFO  verifyingSideMenuCollapsedLangAsInSettingsLingua_10-40-48 - [verifyingSideMenuCollapsedLangAsInSettingsLingua_10-40-48] Element found and ready (attempt 1): By.xpath: //yt-multi-page-menu-section-renderer[@class='style-scope ytd-multi-page-menu-renderer']//yt-formatted-string[@id='label' and text()='Afrikaans']
10:41:25 [TestNG-test-Yt Master Tests-2] INFO  verifyingSideMenuCollapsedLangAsInSettingsLingua_10-40-48 - Clicking settings ellipses button...
10:41:25 [TestNG-test-Yt Master Tests-2] INFO  verifyingSideMenuCollapsedLangAsInSettingsLingua_10-40-48 - [verifyingSideMenuCollapsedLangAsInSettingsLingua_10-40-48] Trying to find element: By.xpath: //ytd-topbar-menu-button-renderer[@class='style-scope ytd-masthead style-default']
10:41:26 [TestNG-test-Yt Master Tests-2] INFO  verifyingSideMenuCollapsedLangAsInSettingsLingua_10-40-48 - [verifyingSideMenuCollapsedLangAsInSettingsLingua_10-40-48] Element found and ready (attempt 1): By.xpath: //ytd-topbar-menu-button-renderer[@class='style-scope ytd-masthead style-default']
10:41:26 [TestNG-test-Yt Master Tests-2] INFO  verifyingSideMenuCollapsedLangAsInSettingsLingua_10-40-48 - [verifyingSideMenuCollapsedLangAsInSettingsLingua_10-40-48] Waiting until element is visible in viewport
10:41:27 [TestNG-test-Yt Master Tests-2] INFO  verifyingSideMenuCollapsedLangAsInSettingsLingua_10-40-48 - Clicking settings ellipses button...
10:41:27 [TestNG-test-Yt Master Tests-2] INFO  verifyingSideMenuCollapsedLangAsInSettingsLingua_10-40-48 - [verifyingSideMenuCollapsedLangAsInSettingsLingua_10-40-48] Trying to find element: By.xpath: //ytd-topbar-menu-button-renderer[@class='style-scope ytd-masthead style-default']
10:41:27 [TestNG-test-Yt Master Tests-2] INFO  verifyingSideMenuCollapsedLangAsInSettingsLingua_10-40-48 - [verifyingSideMenuCollapsedLangAsInSettingsLingua_10-40-48] Element found and ready (attempt 1): By.xpath: //ytd-topbar-menu-button-renderer[@class='style-scope ytd-masthead style-default']
10:41:27 [TestNG-test-Yt Master Tests-2] INFO  verifyingSideMenuCollapsedLangAsInSettingsLingua_10-40-48 - getLangAttribute() - locating <html> and reading lang property
10:41:27 [TestNG-test-Yt Master Tests-2] INFO  verifyingSideMenuCollapsedLangAsInSettingsLingua_10-40-48 - Language attribute read: af-ZA
10:41:27 [TestNG-test-Yt Master Tests-2] INFO  verifyingSideMenuCollapsedLangAsInSettingsLingua_10-40-48 - Fetching the side menu in collapsed view
10:41:27 [TestNG-test-Yt Master Tests-2] INFO  verifyingSideMenuCollapsedLangAsInSettingsLingua_10-40-48 - [verifyingSideMenuCollapsedLangAsInSettingsLingua_10-40-48] Finding elements list: By.xpath: //ytd-mini-guide-renderer[@class='style-scope ytd-app']//ytd-mini-guide-entry-renderer
10:41:27 [TestNG-test-Yt Master Tests-2] INFO  verifyingSideMenuCollapsedLangAsInSettingsLingua_10-40-48 - [verifyingSideMenuCollapsedLangAsInSettingsLingua_10-40-48] Found 4 ready elements (attempt 1): By.xpath: //ytd-mini-guide-renderer[@class='style-scope ytd-app']//ytd-mini-guide-entry-renderer
10:41:34 [TestNG-test-Yt Master Tests-2] INFO  verifyingSideMenuCollapsedLangAsInSettingsLingua_10-40-48 - 
========== LANGUAGE DETECTION ==========
Detected Language : AFRIKAANS
Input Text        : Tuis Kortvideo's Intekeninge Myne
========================================
10:41:34 [TestNG-test-Yt Master Tests-2] INFO  verifyingSideMenuCollapsedLangAsInSettingsLingua_10-40-48 - text sent to lingua is       Tuis Kortvideo's Intekeninge Myne
10:41:34 [TestNG-test-Yt Master Tests-2] INFO  verifyingSideMenuCollapsedLangAsInSettingsLingua_10-40-48 - getLangAttribute() - locating <html> and reading lang property
10:41:34 [TestNG-test-Yt Master Tests-2] INFO  verifyingSideMenuCollapsedLangAsInSettingsLingua_10-40-48 - Language attribute read: af-ZA
10:41:34 [TestNG-test-Yt Master Tests-2] INFO  verifyingSideMenuCollapsedLangAsInSettingsLingua_10-40-48 - Clicking settings ellipses button...
10:41:34 [TestNG-test-Yt Master Tests-2] INFO  verifyingSideMenuCollapsedLangAsInSettingsLingua_10-40-48 - [verifyingSideMenuCollapsedLangAsInSettingsLingua_10-40-48] Trying to find element: By.xpath: //ytd-topbar-menu-button-renderer[@class='style-scope ytd-masthead style-default']
10:41:35 [TestNG-test-Yt Master Tests-2] INFO  verifyingSideMenuCollapsedLangAsInSettingsLingua_10-40-48 - [verifyingSideMenuCollapsedLangAsInSettingsLingua_10-40-48] Element found and ready (attempt 1): By.xpath: //ytd-topbar-menu-button-renderer[@class='style-scope ytd-masthead style-default']
10:41:35 [TestNG-test-Yt Master Tests-2] INFO  verifyingSideMenuCollapsedLangAsInSettingsLingua_10-40-48 - Clicking language dropdown...
10:41:35 [TestNG-test-Yt Master Tests-2] INFO  verifyingSideMenuCollapsedLangAsInSettingsLingua_10-40-48 - [verifyingSideMenuCollapsedLangAsInSettingsLingua_10-40-48] Trying to find element: By.xpath: (//div[@id='content-icon'])[2]
10:41:35 [TestNG-test-Yt Master Tests-2] INFO  verifyingSideMenuCollapsedLangAsInSettingsLingua_10-40-48 - [verifyingSideMenuCollapsedLangAsInSettingsLingua_10-40-48] Element found and ready (attempt 1): By.xpath: (//div[@id='content-icon'])[2]
10:41:36 [TestNG-test-Yt Master Tests-2] INFO  verifyingSideMenuCollapsedLangAsInSettingsLingua_10-40-48 - Looking for language element with name: Azərbaycan
10:41:36 [TestNG-test-Yt Master Tests-2] INFO  verifyingSideMenuCollapsedLangAsInSettingsLingua_10-40-48 - [verifyingSideMenuCollapsedLangAsInSettingsLingua_10-40-48] Trying to find element: By.xpath: //yt-multi-page-menu-section-renderer[@class='style-scope ytd-multi-page-menu-renderer']//yt-formatted-string[@id='label' and text()='Azərbaycan']
10:41:36 [TestNG-test-Yt Master Tests-2] INFO  verifyingSideMenuCollapsedLangAsInSettingsLingua_10-40-48 - [verifyingSideMenuCollapsedLangAsInSettingsLingua_10-40-48] Element found and ready (attempt 1): By.xpath: //yt-multi-page-menu-section-renderer[@class='style-scope ytd-multi-page-menu-renderer']//yt-formatted-string[@id='label' and text()='Azərbaycan']
10:41:36 [TestNG-test-Yt Master Tests-2] INFO  verifyingSideMenuCollapsedLangAsInSettingsLingua_10-40-48 - [verifyingSideMenuCollapsedLangAsInSettingsLingua_10-40-48] Trying to find element: By.xpath: //yt-multi-page-menu-section-renderer[@class='style-scope ytd-multi-page-menu-renderer']//yt-formatted-string[@id='label' and text()='Azərbaycan']
10:41:37 [TestNG-test-Yt Master Tests-2] INFO  verifyingSideMenuCollapsedLangAsInSettingsLingua_10-40-48 - [verifyingSideMenuCollapsedLangAsInSettingsLingua_10-40-48] Element found and ready (attempt 1): By.xpath: //yt-multi-page-menu-section-renderer[@class='style-scope ytd-multi-page-menu-renderer']//yt-formatted-string[@id='label' and text()='Azərbaycan']
10:41:39 [TestNG-test-Yt Master Tests-2] INFO  verifyingSideMenuCollapsedLangAsInSettingsLingua_10-40-48 - Clicking settings ellipses button...
10:41:39 [TestNG-test-Yt Master Tests-2] INFO  verifyingSideMenuCollapsedLangAsInSettingsLingua_10-40-48 - [verifyingSideMenuCollapsedLangAsInSettingsLingua_10-40-48] Trying to find element: By.xpath: //ytd-topbar-menu-button-renderer[@class='style-scope ytd-masthead style-default']
10:41:39 [TestNG-test-Yt Master Tests-2] INFO  verifyingSideMenuCollapsedLangAsInSettingsLingua_10-40-48 - [verifyingSideMenuCollapsedLangAsInSettingsLingua_10-40-48] Element found and ready (attempt 1): By.xpath: //ytd-topbar-menu-button-renderer[@class='style-scope ytd-masthead style-default']
10:41:39 [TestNG-test-Yt Master Tests-2] INFO  verifyingSideMenuCollapsedLangAsInSettingsLingua_10-40-48 - [verifyingSideMenuCollapsedLangAsInSettingsLingua_10-40-48] Waiting until element is visible in viewport
10:41:40 [TestNG-test-Yt Master Tests-2] INFO  verifyingSideMenuCollapsedLangAsInSettingsLingua_10-40-48 - Clicking settings ellipses button...
10:41:40 [TestNG-test-Yt Master Tests-2] INFO  verifyingSideMenuCollapsedLangAsInSettingsLingua_10-40-48 - [verifyingSideMenuCollapsedLangAsInSettingsLingua_10-40-48] Trying to find element: By.xpath: //ytd-topbar-menu-button-renderer[@class='style-scope ytd-masthead style-default']
10:41:40 [TestNG-test-Yt Master Tests-2] INFO  verifyingSideMenuCollapsedLangAsInSettingsLingua_10-40-48 - [verifyingSideMenuCollapsedLangAsInSettingsLingua_10-40-48] Element found and ready (attempt 1): By.xpath: //ytd-topbar-menu-button-renderer[@class='style-scope ytd-masthead style-default']
10:41:40 [TestNG-test-Yt Master Tests-2] INFO  verifyingSideMenuCollapsedLangAsInSettingsLingua_10-40-48 - getLangAttribute() - locating <html> and reading lang property
10:41:40 [TestNG-test-Yt Master Tests-2] INFO  verifyingSideMenuCollapsedLangAsInSettingsLingua_10-40-48 - Language attribute read: az-Latn-AZ
10:41:40 [TestNG-test-Yt Master Tests-2] INFO  verifyingSideMenuCollapsedLangAsInSettingsLingua_10-40-48 - Fetching the side menu in collapsed view
10:41:40 [TestNG-test-Yt Master Tests-2] INFO  verifyingSideMenuCollapsedLangAsInSettingsLingua_10-40-48 - [verifyingSideMenuCollapsedLangAsInSettingsLingua_10-40-48] Finding elements list: By.xpath: //ytd-mini-guide-renderer[@class='style-scope ytd-app']//ytd-mini-guide-entry-renderer
10:41:41 [TestNG-test-Yt Master Tests-2] INFO  verifyingSideMenuCollapsedLangAsInSettingsLingua_10-40-48 - [verifyingSideMenuCollapsedLangAsInSettingsLingua_10-40-48] Found 4 ready elements (attempt 1): By.xpath: //ytd-mini-guide-renderer[@class='style-scope ytd-app']//ytd-mini-guide-entry-renderer
10:41:41 [TestNG-test-Yt Master Tests-2] INFO  verifyingSideMenuCollapsedLangAsInSettingsLingua_10-40-48 - 
========== LANGUAGE DETECTION ==========
Detected Language : TURKISH
Input Text        : Ev Shorts Abunəliklər Siz
========================================
10:41:41 [TestNG-test-Yt Master Tests-2] INFO  verifyingSideMenuCollapsedLangAsInSettingsLingua_10-40-48 - text sent to lingua is       Ev Shorts Abunəliklər Siz
10:41:41 [TestNG-test-Yt Master Tests-2] INFO  verifyingSideMenuCollapsedLangAsInSettingsLingua_10-40-48 - getLangAttribute() - locating <html> and reading lang property
10:41:41 [TestNG-test-Yt Master Tests-2] INFO  verifyingSideMenuCollapsedLangAsInSettingsLingua_10-40-48 - Language attribute read: az-Latn-AZ
10:41:41 [TestNG-test-Yt Master Tests-2] INFO  verifyingSideMenuCollapsedLangAsInSettingsLingua_10-40-48 - Clicking settings ellipses button...
10:41:41 [TestNG-test-Yt Master Tests-2] INFO  verifyingSideMenuCollapsedLangAsInSettingsLingua_10-40-48 - [verifyingSideMenuCollapsedLangAsInSettingsLingua_10-40-48] Trying to find element: By.xpath: //ytd-topbar-menu-button-renderer[@class='style-scope ytd-masthead style-default']
10:41:41 [TestNG-test-Yt Master Tests-2] INFO  verifyingSideMenuCollapsedLangAsInSettingsLingua_10-40-48 - [verifyingSideMenuCollapsedLangAsInSettingsLingua_10-40-48] Element found and ready (attempt 1): By.xpath: //ytd-topbar-menu-button-renderer[@class='style-scope ytd-masthead style-default']
10:41:41 [TestNG-test-Yt Master Tests-2] INFO  verifyingSideMenuCollapsedLangAsInSettingsLingua_10-40-48 - Clicking language dropdown...
10:41:41 [TestNG-test-Yt Master Tests-2] INFO  verifyingSideMenuCollapsedLangAsInSettingsLingua_10-40-48 - [verifyingSideMenuCollapsedLangAsInSettingsLingua_10-40-48] Trying to find element: By.xpath: (//div[@id='content-icon'])[2]
10:41:41 [TestNG-test-Yt Master Tests-2] INFO  verifyingSideMenuCollapsedLangAsInSettingsLingua_10-40-48 - [verifyingSideMenuCollapsedLangAsInSettingsLingua_10-40-48] Element found and ready (attempt 1): By.xpath: (//div[@id='content-icon'])[2]
10:41:42 [TestNG-test-Yt Master Tests-2] INFO  verifyingSideMenuCollapsedLangAsInSettingsLingua_10-40-48 - Looking for language element with name: Bahasa Indonesia
10:41:42 [TestNG-test-Yt Master Tests-2] INFO  verifyingSideMenuCollapsedLangAsInSettingsLingua_10-40-48 - [verifyingSideMenuCollapsedLangAsInSettingsLingua_10-40-48] Trying to find element: By.xpath: //yt-multi-page-menu-section-renderer[@class='style-scope ytd-multi-page-menu-renderer']//yt-formatted-string[@id='label' and text()='Bahasa Indonesia']
10:41:42 [TestNG-test-Yt Master Tests-2] INFO  verifyingSideMenuCollapsedLangAsInSettingsLingua_10-40-48 - [verifyingSideMenuCollapsedLangAsInSettingsLingua_10-40-48] Element found and ready (attempt 1): By.xpath: //yt-multi-page-menu-section-renderer[@class='style-scope ytd-multi-page-menu-renderer']//yt-formatted-string[@id='label' and text()='Bahasa Indonesia']
10:41:42 [TestNG-test-Yt Master Tests-2] INFO  verifyingSideMenuCollapsedLangAsInSettingsLingua_10-40-48 - [verifyingSideMenuCollapsedLangAsInSettingsLingua_10-40-48] Trying to find element: By.xpath: //yt-multi-page-menu-section-renderer[@class='style-scope ytd-multi-page-menu-renderer']//yt-formatted-string[@id='label' and text()='Bahasa Indonesia']
10:41:42 [TestNG-test-Yt Master Tests-2] INFO  verifyingSideMenuCollapsedLangAsInSettingsLingua_10-40-48 - [verifyingSideMenuCollapsedLangAsInSettingsLingua_10-40-48] Element found and ready (attempt 1): By.xpath: //yt-multi-page-menu-section-renderer[@class='style-scope ytd-multi-page-menu-renderer']//yt-formatted-string[@id='label' and text()='Bahasa Indonesia']
10:41:44 [TestNG-test-Yt Master Tests-2] INFO  verifyingSideMenuCollapsedLangAsInSettingsLingua_10-40-48 - Clicking settings ellipses button...
10:41:44 [TestNG-test-Yt Master Tests-2] INFO  verifyingSideMenuCollapsedLangAsInSettingsLingua_10-40-48 - [verifyingSideMenuCollapsedLangAsInSettingsLingua_10-40-48] Trying to find element: By.xpath: //ytd-topbar-menu-button-renderer[@class='style-scope ytd-masthead style-default']
10:41:44 [TestNG-test-Yt Master Tests-2] INFO  verifyingSideMenuCollapsedLangAsInSettingsLingua_10-40-48 - [verifyingSideMenuCollapsedLangAsInSettingsLingua_10-40-48] Element found and ready (attempt 1): By.xpath: //ytd-topbar-menu-button-renderer[@class='style-scope ytd-masthead style-default']
10:41:45 [TestNG-test-Yt Master Tests-2] INFO  verifyingSideMenuCollapsedLangAsInSettingsLingua_10-40-48 - [verifyingSideMenuCollapsedLangAsInSettingsLingua_10-40-48] Waiting until element is visible in viewport
10:41:45 [TestNG-test-Yt Master Tests-2] INFO  verifyingSideMenuCollapsedLangAsInSettingsLingua_10-40-48 - Clicking settings ellipses button...
10:41:45 [TestNG-test-Yt Master Tests-2] INFO  verifyingSideMenuCollapsedLangAsInSettingsLingua_10-40-48 - [verifyingSideMenuCollapsedLangAsInSettingsLingua_10-40-48] Trying to find element: By.xpath: //ytd-topbar-menu-button-renderer[@class='style-scope ytd-masthead style-default']
10:41:46 [TestNG-test-Yt Master Tests-2] INFO  verifyingSideMenuCollapsedLangAsInSettingsLingua_10-40-48 - [verifyingSideMenuCollapsedLangAsInSettingsLingua_10-40-48] Element found and ready (attempt 1): By.xpath: //ytd-topbar-menu-button-renderer[@class='style-scope ytd-masthead style-default']
10:41:46 [TestNG-test-Yt Master Tests-2] INFO  verifyingSideMenuCollapsedLangAsInSettingsLingua_10-40-48 - getLangAttribute() - locating <html> and reading lang property
10:41:46 [TestNG-test-Yt Master Tests-2] INFO  verifyingSideMenuCollapsedLangAsInSettingsLingua_10-40-48 - Language attribute read: id-ID
10:41:46 [TestNG-test-Yt Master Tests-2] INFO  verifyingSideMenuCollapsedLangAsInSettingsLingua_10-40-48 - Fetching the side menu in collapsed view
10:41:46 [TestNG-test-Yt Master Tests-2] INFO  verifyingSideMenuCollapsedLangAsInSettingsLingua_10-40-48 - [verifyingSideMenuCollapsedLangAsInSettingsLingua_10-40-48] Finding elements list: By.xpath: //ytd-mini-guide-renderer[@class='style-scope ytd-app']//ytd-mini-guide-entry-renderer
10:41:47 [TestNG-test-Yt Master Tests-2] INFO  verifyingSideMenuCollapsedLangAsInSettingsLingua_10-40-48 - [verifyingSideMenuCollapsedLangAsInSettingsLingua_10-40-48] Found 4 ready elements (attempt 1): By.xpath: //ytd-mini-guide-renderer[@class='style-scope ytd-app']//ytd-mini-guide-entry-renderer
10:41:47 [TestNG-test-Yt Master Tests-2] INFO  verifyingSideMenuCollapsedLangAsInSettingsLingua_10-40-48 - 
========== LANGUAGE DETECTION ==========
Detected Language : ENGLISH
Input Text        : Beranda Shorts Subscription Anda
========================================
10:41:47 [TestNG-test-Yt Master Tests-2] INFO  verifyingSideMenuCollapsedLangAsInSettingsLingua_10-40-48 - text sent to lingua is       Beranda Shorts Subscription Anda
10:41:47 [TestNG-test-Yt Master Tests-2] INFO  verifyingSideMenuCollapsedLangAsInSettingsLingua_10-40-48 - getLangAttribute() - locating <html> and reading lang property
10:41:47 [TestNG-test-Yt Master Tests-2] INFO  verifyingSideMenuCollapsedLangAsInSettingsLingua_10-40-48 - Language attribute read: id-ID
10:41:47 [TestNG-test-Yt Master Tests-2] INFO  verifyingSideMenuCollapsedLangAsInSettingsLingua_10-40-48 - Clicking settings ellipses button...
10:41:47 [TestNG-test-Yt Master Tests-2] INFO  verifyingSideMenuCollapsedLangAsInSettingsLingua_10-40-48 - [verifyingSideMenuCollapsedLangAsInSettingsLingua_10-40-48] Trying to find element: By.xpath: //ytd-topbar-menu-button-renderer[@class='style-scope ytd-masthead style-default']
10:41:48 [TestNG-test-Yt Master Tests-2] INFO  verifyingSideMenuCollapsedLangAsInSettingsLingua_10-40-48 - [verifyingSideMenuCollapsedLangAsInSettingsLingua_10-40-48] Element found and ready (attempt 1): By.xpath: //ytd-topbar-menu-button-renderer[@class='style-scope ytd-masthead style-default']
10:41:48 [TestNG-test-Yt Master Tests-2] INFO  verifyingSideMenuCollapsedLangAsInSettingsLingua_10-40-48 - Clicking language dropdown...
10:41:48 [TestNG-test-Yt Master Tests-2] INFO  verifyingSideMenuCollapsedLangAsInSettingsLingua_10-40-48 - [verifyingSideMenuCollapsedLangAsInSettingsLingua_10-40-48] Trying to find element: By.xpath: (//div[@id='content-icon'])[2]
10:41:48 [TestNG-test-Yt Master Tests-2] INFO  verifyingSideMenuCollapsedLangAsInSettingsLingua_10-40-48 - [verifyingSideMenuCollapsedLangAsInSettingsLingua_10-40-48] Element found and ready (attempt 1): By.xpath: (//div[@id='content-icon'])[2]
10:41:49 [TestNG-test-Yt Master Tests-2] INFO  verifyingSideMenuCollapsedLangAsInSettingsLingua_10-40-48 - Looking for language element with name: Bosanski
10:41:49 [TestNG-test-Yt Master Tests-2] INFO  verifyingSideMenuCollapsedLangAsInSettingsLingua_10-40-48 - [verifyingSideMenuCollapsedLangAsInSettingsLingua_10-40-48] Trying to find element: By.xpath: //yt-multi-page-menu-section-renderer[@class='style-scope ytd-multi-page-menu-renderer']//yt-formatted-string[@id='label' and text()='Bosanski']
10:41:49 [TestNG-test-Yt Master Tests-2] INFO  verifyingSideMenuCollapsedLangAsInSettingsLingua_10-40-48 - [verifyingSideMenuCollapsedLangAsInSettingsLingua_10-40-48] Element found and ready (attempt 1): By.xpath: //yt-multi-page-menu-section-renderer[@class='style-scope ytd-multi-page-menu-renderer']//yt-formatted-string[@id='label' and text()='Bosanski']
10:41:49 [TestNG-test-Yt Master Tests-2] INFO  verifyingSideMenuCollapsedLangAsInSettingsLingua_10-40-48 - [verifyingSideMenuCollapsedLangAsInSettingsLingua_10-40-48] Trying to find element: By.xpath: //yt-multi-page-menu-section-renderer[@class='style-scope ytd-multi-page-menu-renderer']//yt-formatted-string[@id='label' and text()='Bosanski']
10:41:49 [TestNG-test-Yt Master Tests-2] INFO  verifyingSideMenuCollapsedLangAsInSettingsLingua_10-40-48 - [verifyingSideMenuCollapsedLangAsInSettingsLingua_10-40-48] Element found and ready (attempt 1): By.xpath: //yt-multi-page-menu-section-renderer[@class='style-scope ytd-multi-page-menu-renderer']//yt-formatted-string[@id='label' and text()='Bosanski']
10:41:50 [TestNG-test-Yt Master Tests-2] INFO  verifyingSideMenuCollapsedLangAsInSettingsLingua_10-40-48 - Clicking settings ellipses button...
10:41:50 [TestNG-test-Yt Master Tests-2] INFO  verifyingSideMenuCollapsedLangAsInSettingsLingua_10-40-48 - [verifyingSideMenuCollapsedLangAsInSettingsLingua_10-40-48] Trying to find element: By.xpath: //ytd-topbar-menu-button-renderer[@class='style-scope ytd-masthead style-default']
10:41:50 [TestNG-test-Yt Master Tests-2] INFO  verifyingSideMenuCollapsedLangAsInSettingsLingua_10-40-48 - [verifyingSideMenuCollapsedLangAsInSettingsLingua_10-40-48] Element found and ready (attempt 1): By.xpath: //ytd-topbar-menu-button-renderer[@class='style-scope ytd-masthead style-default']
10:41:51 [TestNG-test-Yt Master Tests-2] INFO  verifyingSideMenuCollapsedLangAsInSettingsLingua_10-40-48 - [verifyingSideMenuCollapsedLangAsInSettingsLingua_10-40-48] Waiting until element is visible in viewport
10:41:52 [TestNG-test-Yt Master Tests-2] INFO  verifyingSideMenuCollapsedLangAsInSettingsLingua_10-40-48 - Clicking settings ellipses button...
10:41:52 [TestNG-test-Yt Master Tests-2] INFO  verifyingSideMenuCollapsedLangAsInSettingsLingua_10-40-48 - [verifyingSideMenuCollapsedLangAsInSettingsLingua_10-40-48] Trying to find element: By.xpath: //ytd-topbar-menu-button-renderer[@class='style-scope ytd-masthead style-default']
10:41:52 [TestNG-test-Yt Master Tests-2] INFO  verifyingSideMenuCollapsedLangAsInSettingsLingua_10-40-48 - [verifyingSideMenuCollapsedLangAsInSettingsLingua_10-40-48] Element found and ready (attempt 1): By.xpath: //ytd-topbar-menu-button-renderer[@class='style-scope ytd-masthead style-default']
10:41:52 [TestNG-test-Yt Master Tests-2] INFO  verifyingSideMenuCollapsedLangAsInSettingsLingua_10-40-48 - getLangAttribute() - locating <html> and reading lang property
10:41:52 [TestNG-test-Yt Master Tests-2] INFO  verifyingSideMenuCollapsedLangAsInSettingsLingua_10-40-48 - Language attribute read: bs-Latn-BA
10:41:52 [TestNG-test-Yt Master Tests-2] INFO  verifyingSideMenuCollapsedLangAsInSettingsLingua_10-40-48 - Fetching the side menu in collapsed view
10:41:52 [TestNG-test-Yt Master Tests-2] INFO  verifyingSideMenuCollapsedLangAsInSettingsLingua_10-40-48 - [verifyingSideMenuCollapsedLangAsInSettingsLingua_10-40-48] Finding elements list: By.xpath: //ytd-mini-guide-renderer[@class='style-scope ytd-app']//ytd-mini-guide-entry-renderer
10:41:52 [TestNG-test-Yt Master Tests-2] INFO  verifyingSideMenuCollapsedLangAsInSettingsLingua_10-40-48 - [verifyingSideMenuCollapsedLangAsInSettingsLingua_10-40-48] Found 4 ready elements (attempt 1): By.xpath: //ytd-mini-guide-renderer[@class='style-scope ytd-app']//ytd-mini-guide-entry-renderer
10:41:52 [TestNG-test-Yt Master Tests-2] INFO  verifyingSideMenuCollapsedLangAsInSettingsLingua_10-40-48 - 
========== LANGUAGE DETECTION ==========
Detected Language : BOSNIAN
Input Text        : Početna stranica Shorts Pretplate Vi
========================================
10:41:52 [TestNG-test-Yt Master Tests-2] INFO  verifyingSideMenuCollapsedLangAsInSettingsLingua_10-40-48 - text sent to lingua is       Početna stranica Shorts Pretplate Vi
10:41:52 [TestNG-test-Yt Master Tests-2] INFO  verifyingSideMenuCollapsedLangAsInSettingsLingua_10-40-48 - getLangAttribute() - locating <html> and reading lang property
10:41:52 [TestNG-test-Yt Master Tests-2] INFO  verifyingSideMenuCollapsedLangAsInSettingsLingua_10-40-48 - Language attribute read: bs-Latn-BA
10:41:52 [TestNG-test-Yt Master Tests-2] INFO  verifyingSideMenuCollapsedLangAsInSettingsLingua_10-40-48 - Clicking settings ellipses button...
10:41:52 [TestNG-test-Yt Master Tests-2] INFO  verifyingSideMenuCollapsedLangAsInSettingsLingua_10-40-48 - [verifyingSideMenuCollapsedLangAsInSettingsLingua_10-40-48] Trying to find element: By.xpath: //ytd-topbar-menu-button-renderer[@class='style-scope ytd-masthead style-default']
10:41:52 [TestNG-test-Yt Master Tests-2] INFO  verifyingSideMenuCollapsedLangAsInSettingsLingua_10-40-48 - [verifyingSideMenuCollapsedLangAsInSettingsLingua_10-40-48] Element found and ready (attempt 1): By.xpath: //ytd-topbar-menu-button-renderer[@class='style-scope ytd-masthead style-default']
10:41:53 [TestNG-test-Yt Master Tests-2] INFO  verifyingSideMenuCollapsedLangAsInSettingsLingua_10-40-48 - Clicking language dropdown...
10:41:53 [TestNG-test-Yt Master Tests-2] INFO  verifyingSideMenuCollapsedLangAsInSettingsLingua_10-40-48 - [verifyingSideMenuCollapsedLangAsInSettingsLingua_10-40-48] Trying to find element: By.xpath: (//div[@id='content-icon'])[2]
10:41:53 [TestNG-test-Yt Master Tests-2] INFO  verifyingSideMenuCollapsedLangAsInSettingsLingua_10-40-48 - [verifyingSideMenuCollapsedLangAsInSettingsLingua_10-40-48] Element found and ready (attempt 1): By.xpath: (//div[@id='content-icon'])[2]
10:41:54 [TestNG-test-Yt Master Tests-2] INFO  verifyingSideMenuCollapsedLangAsInSettingsLingua_10-40-48 - Looking for language element with name: Català
10:41:54 [TestNG-test-Yt Master Tests-2] INFO  verifyingSideMenuCollapsedLangAsInSettingsLingua_10-40-48 - [verifyingSideMenuCollapsedLangAsInSettingsLingua_10-40-48] Trying to find element: By.xpath: //yt-multi-page-menu-section-renderer[@class='style-scope ytd-multi-page-menu-renderer']//yt-formatted-string[@id='label' and text()='Català']
10:41:54 [TestNG-test-Yt Master Tests-2] INFO  verifyingSideMenuCollapsedLangAsInSettingsLingua_10-40-48 - [verifyingSideMenuCollapsedLangAsInSettingsLingua_10-40-48] Element found and ready (attempt 1): By.xpath: //yt-multi-page-menu-section-renderer[@class='style-scope ytd-multi-page-menu-renderer']//yt-formatted-string[@id='label' and text()='Català']
10:41:54 [TestNG-test-Yt Master Tests-2] INFO  verifyingSideMenuCollapsedLangAsInSettingsLingua_10-40-48 - [verifyingSideMenuCollapsedLangAsInSettingsLingua_10-40-48] Trying to find element: By.xpath: //yt-multi-page-menu-section-renderer[@class='style-scope ytd-multi-page-menu-renderer']//yt-formatted-string[@id='label' and text()='Català']
10:41:54 [TestNG-test-Yt Master Tests-2] INFO  verifyingSideMenuCollapsedLangAsInSettingsLingua_10-40-48 - [verifyingSideMenuCollapsedLangAsInSettingsLingua_10-40-48] Element found and ready (attempt 1): By.xpath: //yt-multi-page-menu-section-renderer[@class='style-scope ytd-multi-page-menu-renderer']//yt-formatted-string[@id='label' and text()='Català']
10:41:55 [TestNG-test-Yt Master Tests-2] INFO  verifyingSideMenuCollapsedLangAsInSettingsLingua_10-40-48 - Clicking settings ellipses button...
10:41:55 [TestNG-test-Yt Master Tests-2] INFO  verifyingSideMenuCollapsedLangAsInSettingsLingua_10-40-48 - [verifyingSideMenuCollapsedLangAsInSettingsLingua_10-40-48] Trying to find element: By.xpath: //ytd-topbar-menu-button-renderer[@class='style-scope ytd-masthead style-default']
10:41:56 [TestNG-test-Yt Master Tests-2] INFO  verifyingSideMenuCollapsedLangAsInSettingsLingua_10-40-48 - [verifyingSideMenuCollapsedLangAsInSettingsLingua_10-40-48] Element found and ready (attempt 1): By.xpath: //ytd-topbar-menu-button-renderer[@class='style-scope ytd-masthead style-default']
10:41:56 [TestNG-test-Yt Master Tests-2] INFO  verifyingSideMenuCollapsedLangAsInSettingsLingua_10-40-48 - [verifyingSideMenuCollapsedLangAsInSettingsLingua_10-40-48] Waiting until element is visible in viewport
10:41:57 [TestNG-test-Yt Master Tests-2] INFO  verifyingSideMenuCollapsedLangAsInSettingsLingua_10-40-48 - Clicking settings ellipses button...
10:41:57 [TestNG-test-Yt Master Tests-2] INFO  verifyingSideMenuCollapsedLangAsInSettingsLingua_10-40-48 - [verifyingSideMenuCollapsedLangAsInSettingsLingua_10-40-48] Trying to find element: By.xpath: //ytd-topbar-menu-button-renderer[@class='style-scope ytd-masthead style-default']
10:41:57 [TestNG-test-Yt Master Tests-2] INFO  verifyingSideMenuCollapsedLangAsInSettingsLingua_10-40-48 - [verifyingSideMenuCollapsedLangAsInSettingsLingua_10-40-48] Element found and ready (attempt 1): By.xpath: //ytd-topbar-menu-button-renderer[@class='style-scope ytd-masthead style-default']
10:41:57 [TestNG-test-Yt Master Tests-2] INFO  verifyingSideMenuCollapsedLangAsInSettingsLingua_10-40-48 - getLangAttribute() - locating <html> and reading lang property
10:41:58 [TestNG-test-Yt Master Tests-2] INFO  verifyingSideMenuCollapsedLangAsInSettingsLingua_10-40-48 - Language attribute read: ca-ES
10:41:58 [TestNG-test-Yt Master Tests-2] INFO  verifyingSideMenuCollapsedLangAsInSettingsLingua_10-40-48 - Fetching the side menu in collapsed view
10:41:58 [TestNG-test-Yt Master Tests-2] INFO  verifyingSideMenuCollapsedLangAsInSettingsLingua_10-40-48 - [verifyingSideMenuCollapsedLangAsInSettingsLingua_10-40-48] Finding elements list: By.xpath: //ytd-mini-guide-renderer[@class='style-scope ytd-app']//ytd-mini-guide-entry-renderer
10:41:58 [TestNG-test-Yt Master Tests-2] INFO  verifyingSideMenuCollapsedLangAsInSettingsLingua_10-40-48 - [verifyingSideMenuCollapsedLangAsInSettingsLingua_10-40-48] Found 4 ready elements (attempt 1): By.xpath: //ytd-mini-guide-renderer[@class='style-scope ytd-app']//ytd-mini-guide-entry-renderer
10:41:58 [TestNG-test-Yt Master Tests-2] INFO  verifyingSideMenuCollapsedLangAsInSettingsLingua_10-40-48 - 
========== LANGUAGE DETECTION ==========
Detected Language : CATALAN
Input Text        : Inici Shorts Subscripcions Tu
========================================
10:41:58 [TestNG-test-Yt Master Tests-2] INFO  verifyingSideMenuCollapsedLangAsInSettingsLingua_10-40-48 - text sent to lingua is       Inici Shorts Subscripcions Tu
10:41:58 [TestNG-test-Yt Master Tests-2] INFO  verifyingSideMenuCollapsedLangAsInSettingsLingua_10-40-48 - getLangAttribute() - locating <html> and reading lang property
10:41:58 [TestNG-test-Yt Master Tests-2] INFO  verifyingSideMenuCollapsedLangAsInSettingsLingua_10-40-48 - Language attribute read: ca-ES
10:41:58 [TestNG-test-Yt Master Tests-2] INFO  verifyingSideMenuCollapsedLangAsInSettingsLingua_10-40-48 - Clicking settings ellipses button...
10:41:58 [TestNG-test-Yt Master Tests-2] INFO  verifyingSideMenuCollapsedLangAsInSettingsLingua_10-40-48 - [verifyingSideMenuCollapsedLangAsInSettingsLingua_10-40-48] Trying to find element: By.xpath: //ytd-topbar-menu-button-renderer[@class='style-scope ytd-masthead style-default']
10:41:58 [TestNG-test-Yt Master Tests-2] INFO  verifyingSideMenuCollapsedLangAsInSettingsLingua_10-40-48 - [verifyingSideMenuCollapsedLangAsInSettingsLingua_10-40-48] Element found and ready (attempt 1): By.xpath: //ytd-topbar-menu-button-renderer[@class='style-scope ytd-masthead style-default']
10:41:59 [TestNG-test-Yt Master Tests-2] INFO  verifyingSideMenuCollapsedLangAsInSettingsLingua_10-40-48 - Clicking language dropdown...
10:41:59 [TestNG-test-Yt Master Tests-2] INFO  verifyingSideMenuCollapsedLangAsInSettingsLingua_10-40-48 - [verifyingSideMenuCollapsedLangAsInSettingsLingua_10-40-48] Trying to find element: By.xpath: (//div[@id='content-icon'])[2]
10:41:59 [TestNG-test-Yt Master Tests-2] INFO  verifyingSideMenuCollapsedLangAsInSettingsLingua_10-40-48 - [verifyingSideMenuCollapsedLangAsInSettingsLingua_10-40-48] Element found and ready (attempt 1): By.xpath: (//div[@id='content-icon'])[2]
10:42:00 [TestNG-test-Yt Master Tests-2] INFO  verifyingSideMenuCollapsedLangAsInSettingsLingua_10-40-48 - Looking for language element with name: Dansk
10:42:00 [TestNG-test-Yt Master Tests-2] INFO  verifyingSideMenuCollapsedLangAsInSettingsLingua_10-40-48 - [verifyingSideMenuCollapsedLangAsInSettingsLingua_10-40-48] Trying to find element: By.xpath: //yt-multi-page-menu-section-renderer[@class='style-scope ytd-multi-page-menu-renderer']//yt-formatted-string[@id='label' and text()='Dansk']
10:42:00 [TestNG-test-Yt Master Tests-2] INFO  verifyingSideMenuCollapsedLangAsInSettingsLingua_10-40-48 - [verifyingSideMenuCollapsedLangAsInSettingsLingua_10-40-48] Element found and ready (attempt 1): By.xpath: //yt-multi-page-menu-section-renderer[@class='style-scope ytd-multi-page-menu-renderer']//yt-formatted-string[@id='label' and text()='Dansk']
10:42:00 [TestNG-test-Yt Master Tests-2] INFO  verifyingSideMenuCollapsedLangAsInSettingsLingua_10-40-48 - [verifyingSideMenuCollapsedLangAsInSettingsLingua_10-40-48] Trying to find element: By.xpath: //yt-multi-page-menu-section-renderer[@class='style-scope ytd-multi-page-menu-renderer']//yt-formatted-string[@id='label' and text()='Dansk']
10:42:00 [TestNG-test-Yt Master Tests-2] INFO  verifyingSideMenuCollapsedLangAsInSettingsLingua_10-40-48 - [verifyingSideMenuCollapsedLangAsInSettingsLingua_10-40-48] Element found and ready (attempt 1): By.xpath: //yt-multi-page-menu-section-renderer[@class='style-scope ytd-multi-page-menu-renderer']//yt-formatted-string[@id='label' and text()='Dansk']
10:42:02 [TestNG-test-Yt Master Tests-2] INFO  verifyingSideMenuCollapsedLangAsInSettingsLingua_10-40-48 - Clicking settings ellipses button...
10:42:02 [TestNG-test-Yt Master Tests-2] INFO  verifyingSideMenuCollapsedLangAsInSettingsLingua_10-40-48 - [verifyingSideMenuCollapsedLangAsInSettingsLingua_10-40-48] Trying to find element: By.xpath: //ytd-topbar-menu-button-renderer[@class='style-scope ytd-masthead style-default']
10:42:02 [TestNG-test-Yt Master Tests-2] INFO  verifyingSideMenuCollapsedLangAsInSettingsLingua_10-40-48 - [verifyingSideMenuCollapsedLangAsInSettingsLingua_10-40-48] Element found and ready (attempt 1): By.xpath: //ytd-topbar-menu-button-renderer[@class='style-scope ytd-masthead style-default']
10:42:03 [TestNG-test-Yt Master Tests-2] INFO  verifyingSideMenuCollapsedLangAsInSettingsLingua_10-40-48 - [verifyingSideMenuCollapsedLangAsInSettingsLingua_10-40-48] Waiting until element is visible in viewport
10:42:04 [TestNG-test-Yt Master Tests-2] INFO  verifyingSideMenuCollapsedLangAsInSettingsLingua_10-40-48 - Clicking settings ellipses button...
10:42:04 [TestNG-test-Yt Master Tests-2] INFO  verifyingSideMenuCollapsedLangAsInSettingsLingua_10-40-48 - [verifyingSideMenuCollapsedLangAsInSettingsLingua_10-40-48] Trying to find element: By.xpath: //ytd-topbar-menu-button-renderer[@class='style-scope ytd-masthead style-default']
10:42:04 [TestNG-test-Yt Master Tests-2] INFO  verifyingSideMenuCollapsedLangAsInSettingsLingua_10-40-48 - [verifyingSideMenuCollapsedLangAsInSettingsLingua_10-40-48] Element found and ready (attempt 1): By.xpath: //ytd-topbar-menu-button-renderer[@class='style-scope ytd-masthead style-default']
10:42:04 [TestNG-test-Yt Master Tests-2] INFO  verifyingSideMenuCollapsedLangAsInSettingsLingua_10-40-48 - getLangAttribute() - locating <html> and reading lang property
10:42:04 [TestNG-test-Yt Master Tests-2] INFO  verifyingSideMenuCollapsedLangAsInSettingsLingua_10-40-48 - Language attribute read: da-DK
10:42:04 [TestNG-test-Yt Master Tests-2] INFO  verifyingSideMenuCollapsedLangAsInSettingsLingua_10-40-48 - Fetching the side menu in collapsed view
10:42:04 [TestNG-test-Yt Master Tests-2] INFO  verifyingSideMenuCollapsedLangAsInSettingsLingua_10-40-48 - [verifyingSideMenuCollapsedLangAsInSettingsLingua_10-40-48] Finding elements list: By.xpath: //ytd-mini-guide-renderer[@class='style-scope ytd-app']//ytd-mini-guide-entry-renderer
10:42:04 [TestNG-test-Yt Master Tests-2] INFO  verifyingSideMenuCollapsedLangAsInSettingsLingua_10-40-48 - [verifyingSideMenuCollapsedLangAsInSettingsLingua_10-40-48] Found 4 ready elements (attempt 1): By.xpath: //ytd-mini-guide-renderer[@class='style-scope ytd-app']//ytd-mini-guide-entry-renderer
10:42:04 [TestNG-test-Yt Master Tests-2] INFO  verifyingSideMenuCollapsedLangAsInSettingsLingua_10-40-48 - 
========== LANGUAGE DETECTION ==========
Detected Language : DANISH
Input Text        : Start Shorts Abonnementer Dig
========================================
10:42:04 [TestNG-test-Yt Master Tests-2] INFO  verifyingSideMenuCollapsedLangAsInSettingsLingua_10-40-48 - text sent to lingua is       Start Shorts Abonnementer Dig
10:42:04 [TestNG-test-Yt Master Tests-2] INFO  verifyingSideMenuCollapsedLangAsInSettingsLingua_10-40-48 - getLangAttribute() - locating <html> and reading lang property
10:42:04 [TestNG-test-Yt Master Tests-2] INFO  verifyingSideMenuCollapsedLangAsInSettingsLingua_10-40-48 - Language attribute read: da-DK
10:42:04 [TestNG-test-Yt Master Tests-2] INFO  verifyingSideMenuCollapsedLangAsInSettingsLingua_10-40-48 - Clicking settings ellipses button...
10:42:04 [TestNG-test-Yt Master Tests-2] INFO  verifyingSideMenuCollapsedLangAsInSettingsLingua_10-40-48 - [verifyingSideMenuCollapsedLangAsInSettingsLingua_10-40-48] Trying to find element: By.xpath: //ytd-topbar-menu-button-renderer[@class='style-scope ytd-masthead style-default']
10:42:04 [TestNG-test-Yt Master Tests-2] INFO  verifyingSideMenuCollapsedLangAsInSettingsLingua_10-40-48 - [verifyingSideMenuCollapsedLangAsInSettingsLingua_10-40-48] Element found and ready (attempt 1): By.xpath: //ytd-topbar-menu-button-renderer[@class='style-scope ytd-masthead style-default']
10:42:05 [TestNG-test-Yt Master Tests-2] INFO  verifyingSideMenuCollapsedLangAsInSettingsLingua_10-40-48 - Clicking language dropdown...
10:42:05 [TestNG-test-Yt Master Tests-2] INFO  verifyingSideMenuCollapsedLangAsInSettingsLingua_10-40-48 - [verifyingSideMenuCollapsedLangAsInSettingsLingua_10-40-48] Trying to find element: By.xpath: (//div[@id='content-icon'])[2]
10:42:05 [TestNG-test-Yt Master Tests-2] INFO  verifyingSideMenuCollapsedLangAsInSettingsLingua_10-40-48 - [verifyingSideMenuCollapsedLangAsInSettingsLingua_10-40-48] Element found and ready (attempt 1): By.xpath: (//div[@id='content-icon'])[2]
10:42:06 [TestNG-test-Yt Master Tests-2] INFO  verifyingSideMenuCollapsedLangAsInSettingsLingua_10-40-48 - Looking for language element with name: Deutsch
10:42:06 [TestNG-test-Yt Master Tests-2] INFO  verifyingSideMenuCollapsedLangAsInSettingsLingua_10-40-48 - [verifyingSideMenuCollapsedLangAsInSettingsLingua_10-40-48] Trying to find element: By.xpath: //yt-multi-page-menu-section-renderer[@class='style-scope ytd-multi-page-menu-renderer']//yt-formatted-string[@id='label' and text()='Deutsch']
10:42:06 [TestNG-test-Yt Master Tests-2] INFO  verifyingSideMenuCollapsedLangAsInSettingsLingua_10-40-48 - [verifyingSideMenuCollapsedLangAsInSettingsLingua_10-40-48] Element found and ready (attempt 1): By.xpath: //yt-multi-page-menu-section-renderer[@class='style-scope ytd-multi-page-menu-renderer']//yt-formatted-string[@id='label' and text()='Deutsch']
10:42:06 [TestNG-test-Yt Master Tests-2] INFO  verifyingSideMenuCollapsedLangAsInSettingsLingua_10-40-48 - [verifyingSideMenuCollapsedLangAsInSettingsLingua_10-40-48] Trying to find element: By.xpath: //yt-multi-page-menu-section-renderer[@class='style-scope ytd-multi-page-menu-renderer']//yt-formatted-string[@id='label' and text()='Deutsch']
10:42:06 [TestNG-test-Yt Master Tests-2] INFO  verifyingSideMenuCollapsedLangAsInSettingsLingua_10-40-48 - [verifyingSideMenuCollapsedLangAsInSettingsLingua_10-40-48] Element found and ready (attempt 1): By.xpath: //yt-multi-page-menu-section-renderer[@class='style-scope ytd-multi-page-menu-renderer']//yt-formatted-string[@id='label' and text()='Deutsch']
10:42:09 [TestNG-test-Yt Master Tests-2] INFO  verifyingSideMenuCollapsedLangAsInSettingsLingua_10-40-48 - Clicking settings ellipses button...
10:42:09 [TestNG-test-Yt Master Tests-2] INFO  verifyingSideMenuCollapsedLangAsInSettingsLingua_10-40-48 - [verifyingSideMenuCollapsedLangAsInSettingsLingua_10-40-48] Trying to find element: By.xpath: //ytd-topbar-menu-button-renderer[@class='style-scope ytd-masthead style-default']
10:42:09 [TestNG-test-Yt Master Tests-2] INFO  verifyingSideMenuCollapsedLangAsInSettingsLingua_10-40-48 - [verifyingSideMenuCollapsedLangAsInSettingsLingua_10-40-48] Element found and ready (attempt 1): By.xpath: //ytd-topbar-menu-button-renderer[@class='style-scope ytd-masthead style-default']
10:42:09 [TestNG-test-Yt Master Tests-2] INFO  verifyingSideMenuCollapsedLangAsInSettingsLingua_10-40-48 - [verifyingSideMenuCollapsedLangAsInSettingsLingua_10-40-48] Waiting until element is visible in viewport
10:42:10 [TestNG-test-Yt Master Tests-2] INFO  verifyingSideMenuCollapsedLangAsInSettingsLingua_10-40-48 - Clicking settings ellipses button...
10:42:10 [TestNG-test-Yt Master Tests-2] INFO  verifyingSideMenuCollapsedLangAsInSettingsLingua_10-40-48 - [verifyingSideMenuCollapsedLangAsInSettingsLingua_10-40-48] Trying to find element: By.xpath: //ytd-topbar-menu-button-renderer[@class='style-scope ytd-masthead style-default']
10:42:10 [TestNG-test-Yt Master Tests-2] INFO  verifyingSideMenuCollapsedLangAsInSettingsLingua_10-40-48 - [verifyingSideMenuCollapsedLangAsInSettingsLingua_10-40-48] Element found and ready (attempt 1): By.xpath: //ytd-topbar-menu-button-renderer[@class='style-scope ytd-masthead style-default']
10:42:11 [TestNG-test-Yt Master Tests-2] INFO  verifyingSideMenuCollapsedLangAsInSettingsLingua_10-40-48 - getLangAttribute() - locating <html> and reading lang property
10:42:11 [TestNG-test-Yt Master Tests-2] INFO  verifyingSideMenuCollapsedLangAsInSettingsLingua_10-40-48 - Language attribute read: de-DE
10:42:11 [TestNG-test-Yt Master Tests-2] INFO  verifyingSideMenuCollapsedLangAsInSettingsLingua_10-40-48 - Fetching the side menu in collapsed view
10:42:11 [TestNG-test-Yt Master Tests-2] INFO  verifyingSideMenuCollapsedLangAsInSettingsLingua_10-40-48 - [verifyingSideMenuCollapsedLangAsInSettingsLingua_10-40-48] Finding elements list: By.xpath: //ytd-mini-guide-renderer[@class='style-scope ytd-app']//ytd-mini-guide-entry-renderer
10:42:11 [TestNG-test-Yt Master Tests-2] INFO  verifyingSideMenuCollapsedLangAsInSettingsLingua_10-40-48 - [verifyingSideMenuCollapsedLangAsInSettingsLingua_10-40-48] Found 4 ready elements (attempt 1): By.xpath: //ytd-mini-guide-renderer[@class='style-scope ytd-app']//ytd-mini-guide-entry-renderer
10:42:11 [TestNG-test-Yt Master Tests-2] INFO  verifyingSideMenuCollapsedLangAsInSettingsLingua_10-40-48 - 
========== LANGUAGE DETECTION ==========
Detected Language : GERMAN
Input Text        : Startseite Shorts Abos Mein YouTube
========================================
10:42:11 [TestNG-test-Yt Master Tests-2] INFO  verifyingSideMenuCollapsedLangAsInSettingsLingua_10-40-48 - text sent to lingua is       Startseite Shorts Abos Mein YouTube
10:42:11 [TestNG-test-Yt Master Tests-2] INFO  verifyingSideMenuCollapsedLangAsInSettingsLingua_10-40-48 - getLangAttribute() - locating <html> and reading lang property
10:42:11 [TestNG-test-Yt Master Tests-2] INFO  verifyingSideMenuCollapsedLangAsInSettingsLingua_10-40-48 - Language attribute read: de-DE
10:42:11 [TestNG-test-Yt Master Tests-2] INFO  verifyingSideMenuCollapsedLangAsInSettingsLingua_10-40-48 - Clicking settings ellipses button...
10:42:11 [TestNG-test-Yt Master Tests-2] INFO  verifyingSideMenuCollapsedLangAsInSettingsLingua_10-40-48 - [verifyingSideMenuCollapsedLangAsInSettingsLingua_10-40-48] Trying to find element: By.xpath: //ytd-topbar-menu-button-renderer[@class='style-scope ytd-masthead style-default']
10:42:11 [TestNG-test-Yt Master Tests-2] INFO  verifyingSideMenuCollapsedLangAsInSettingsLingua_10-40-48 - [verifyingSideMenuCollapsedLangAsInSettingsLingua_10-40-48] Element found and ready (attempt 1): By.xpath: //ytd-topbar-menu-button-renderer[@class='style-scope ytd-masthead style-default']
10:42:11 [TestNG-test-Yt Master Tests-2] INFO  verifyingSideMenuCollapsedLangAsInSettingsLingua_10-40-48 - Clicking language dropdown...
10:42:11 [TestNG-test-Yt Master Tests-2] INFO  verifyingSideMenuCollapsedLangAsInSettingsLingua_10-40-48 - [verifyingSideMenuCollapsedLangAsInSettingsLingua_10-40-48] Trying to find element: By.xpath: (//div[@id='content-icon'])[2]
10:42:12 [TestNG-test-Yt Master Tests-2] INFO  verifyingSideMenuCollapsedLangAsInSettingsLingua_10-40-48 - [verifyingSideMenuCollapsedLangAsInSettingsLingua_10-40-48] Element found and ready (attempt 1): By.xpath: (//div[@id='content-icon'])[2]
10:42:12 [TestNG-test-Yt Master Tests-2] INFO  verifyingSideMenuCollapsedLangAsInSettingsLingua_10-40-48 - Looking for language element with name: Eesti
10:42:12 [TestNG-test-Yt Master Tests-2] INFO  verifyingSideMenuCollapsedLangAsInSettingsLingua_10-40-48 - [verifyingSideMenuCollapsedLangAsInSettingsLingua_10-40-48] Trying to find element: By.xpath: //yt-multi-page-menu-section-renderer[@class='style-scope ytd-multi-page-menu-renderer']//yt-formatted-string[@id='label' and text()='Eesti']
10:42:12 [TestNG-test-Yt Master Tests-2] INFO  verifyingSideMenuCollapsedLangAsInSettingsLingua_10-40-48 - [verifyingSideMenuCollapsedLangAsInSettingsLingua_10-40-48] Element found and ready (attempt 1): By.xpath: //yt-multi-page-menu-section-renderer[@class='style-scope ytd-multi-page-menu-renderer']//yt-formatted-string[@id='label' and text()='Eesti']
10:42:12 [TestNG-test-Yt Master Tests-2] INFO  verifyingSideMenuCollapsedLangAsInSettingsLingua_10-40-48 - [verifyingSideMenuCollapsedLangAsInSettingsLingua_10-40-48] Trying to find element: By.xpath: //yt-multi-page-menu-section-renderer[@class='style-scope ytd-multi-page-menu-renderer']//yt-formatted-string[@id='label' and text()='Eesti']
10:42:12 [TestNG-test-Yt Master Tests-2] INFO  verifyingSideMenuCollapsedLangAsInSettingsLingua_10-40-48 - [verifyingSideMenuCollapsedLangAsInSettingsLingua_10-40-48] Element found and ready (attempt 1): By.xpath: //yt-multi-page-menu-section-renderer[@class='style-scope ytd-multi-page-menu-renderer']//yt-formatted-string[@id='label' and text()='Eesti']
10:42:15 [TestNG-test-Yt Master Tests-2] INFO  verifyingSideMenuCollapsedLangAsInSettingsLingua_10-40-48 - Clicking settings ellipses button...
10:42:15 [TestNG-test-Yt Master Tests-2] INFO  verifyingSideMenuCollapsedLangAsInSettingsLingua_10-40-48 - [verifyingSideMenuCollapsedLangAsInSettingsLingua_10-40-48] Trying to find element: By.xpath: //ytd-topbar-menu-button-renderer[@class='style-scope ytd-masthead style-default']
10:42:15 [TestNG-test-Yt Master Tests-2] INFO  verifyingSideMenuCollapsedLangAsInSettingsLingua_10-40-48 - [verifyingSideMenuCollapsedLangAsInSettingsLingua_10-40-48] Element found and ready (attempt 1): By.xpath: //ytd-topbar-menu-button-renderer[@class='style-scope ytd-masthead style-default']
10:42:15 [TestNG-test-Yt Master Tests-2] INFO  verifyingSideMenuCollapsedLangAsInSettingsLingua_10-40-48 - [verifyingSideMenuCollapsedLangAsInSettingsLingua_10-40-48] Waiting until element is visible in viewport
10:42:16 [TestNG-test-Yt Master Tests-2] INFO  verifyingSideMenuCollapsedLangAsInSettingsLingua_10-40-48 - Clicking settings ellipses button...
10:42:16 [TestNG-test-Yt Master Tests-2] INFO  verifyingSideMenuCollapsedLangAsInSettingsLingua_10-40-48 - [verifyingSideMenuCollapsedLangAsInSettingsLingua_10-40-48] Trying to find element: By.xpath: //ytd-topbar-menu-button-renderer[@class='style-scope ytd-masthead style-default']
10:42:16 [TestNG-test-Yt Master Tests-2] INFO  verifyingSideMenuCollapsedLangAsInSettingsLingua_10-40-48 - [verifyingSideMenuCollapsedLangAsInSettingsLingua_10-40-48] Element found and ready (attempt 1): By.xpath: //ytd-topbar-menu-button-renderer[@class='style-scope ytd-masthead style-default']
10:42:16 [TestNG-test-Yt Master Tests-2] INFO  verifyingSideMenuCollapsedLangAsInSettingsLingua_10-40-48 - getLangAttribute() - locating <html> and reading lang property
10:42:17 [TestNG-test-Yt Master Tests-2] INFO  verifyingSideMenuCollapsedLangAsInSettingsLingua_10-40-48 - Language attribute read: et-EE
10:42:17 [TestNG-test-Yt Master Tests-2] INFO  verifyingSideMenuCollapsedLangAsInSettingsLingua_10-40-48 - Fetching the side menu in collapsed view
10:42:17 [TestNG-test-Yt Master Tests-2] INFO  verifyingSideMenuCollapsedLangAsInSettingsLingua_10-40-48 - [verifyingSideMenuCollapsedLangAsInSettingsLingua_10-40-48] Finding elements list: By.xpath: //ytd-mini-guide-renderer[@class='style-scope ytd-app']//ytd-mini-guide-entry-renderer
10:42:17 [TestNG-test-Yt Master Tests-2] INFO  verifyingSideMenuCollapsedLangAsInSettingsLingua_10-40-48 - [verifyingSideMenuCollapsedLangAsInSettingsLingua_10-40-48] Found 4 ready elements (attempt 1): By.xpath: //ytd-mini-guide-renderer[@class='style-scope ytd-app']//ytd-mini-guide-entry-renderer
10:42:17 [TestNG-test-Yt Master Tests-2] INFO  verifyingSideMenuCollapsedLangAsInSettingsLingua_10-40-48 - 
========== LANGUAGE DETECTION ==========
Detected Language : ESTONIAN
Input Text        : Avaleht Shorts Tellimused Teie
========================================
10:42:17 [TestNG-test-Yt Master Tests-2] INFO  verifyingSideMenuCollapsedLangAsInSettingsLingua_10-40-48 - text sent to lingua is       Avaleht Shorts Tellimused Teie
10:42:17 [TestNG-test-Yt Master Tests-2] INFO  verifyingSideMenuCollapsedLangAsInSettingsLingua_10-40-48 - getLangAttribute() - locating <html> and reading lang property
10:42:17 [TestNG-test-Yt Master Tests-2] INFO  verifyingSideMenuCollapsedLangAsInSettingsLingua_10-40-48 - Language attribute read: et-EE
10:42:17 [TestNG-test-Yt Master Tests-2] INFO  verifyingSideMenuCollapsedLangAsInSettingsLingua_10-40-48 - Clicking settings ellipses button...
10:42:17 [TestNG-test-Yt Master Tests-2] INFO  verifyingSideMenuCollapsedLangAsInSettingsLingua_10-40-48 - [verifyingSideMenuCollapsedLangAsInSettingsLingua_10-40-48] Trying to find element: By.xpath: //ytd-topbar-menu-button-renderer[@class='style-scope ytd-masthead style-default']
10:42:17 [TestNG-test-Yt Master Tests-2] INFO  verifyingSideMenuCollapsedLangAsInSettingsLingua_10-40-48 - [verifyingSideMenuCollapsedLangAsInSettingsLingua_10-40-48] Element found and ready (attempt 1): By.xpath: //ytd-topbar-menu-button-renderer[@class='style-scope ytd-masthead style-default']
10:42:17 [TestNG-test-Yt Master Tests-2] INFO  verifyingSideMenuCollapsedLangAsInSettingsLingua_10-40-48 - Clicking language dropdown...
10:42:17 [TestNG-test-Yt Master Tests-2] INFO  verifyingSideMenuCollapsedLangAsInSettingsLingua_10-40-48 - [verifyingSideMenuCollapsedLangAsInSettingsLingua_10-40-48] Trying to find element: By.xpath: (//div[@id='content-icon'])[2]
10:42:18 [TestNG-test-Yt Master Tests-2] INFO  verifyingSideMenuCollapsedLangAsInSettingsLingua_10-40-48 - [verifyingSideMenuCollapsedLangAsInSettingsLingua_10-40-48] Element found and ready (attempt 1): By.xpath: (//div[@id='content-icon'])[2]
10:42:18 [TestNG-test-Yt Master Tests-2] INFO  verifyingSideMenuCollapsedLangAsInSettingsLingua_10-40-48 - Looking for language element with name: English (India)
10:42:18 [TestNG-test-Yt Master Tests-2] INFO  verifyingSideMenuCollapsedLangAsInSettingsLingua_10-40-48 - [verifyingSideMenuCollapsedLangAsInSettingsLingua_10-40-48] Trying to find element: By.xpath: //yt-multi-page-menu-section-renderer[@class='style-scope ytd-multi-page-menu-renderer']//yt-formatted-string[@id='label' and text()='English (India)']
10:42:19 [TestNG-test-Yt Master Tests-2] INFO  verifyingSideMenuCollapsedLangAsInSettingsLingua_10-40-48 - [verifyingSideMenuCollapsedLangAsInSettingsLingua_10-40-48] Element found and ready (attempt 1): By.xpath: //yt-multi-page-menu-section-renderer[@class='style-scope ytd-multi-page-menu-renderer']//yt-formatted-string[@id='label' and text()='English (India)']
10:42:19 [TestNG-test-Yt Master Tests-2] INFO  verifyingSideMenuCollapsedLangAsInSettingsLingua_10-40-48 - [verifyingSideMenuCollapsedLangAsInSettingsLingua_10-40-48] Trying to find element: By.xpath: //yt-multi-page-menu-section-renderer[@class='style-scope ytd-multi-page-menu-renderer']//yt-formatted-string[@id='label' and text()='English (India)']
10:42:19 [TestNG-test-Yt Master Tests-2] INFO  verifyingSideMenuCollapsedLangAsInSettingsLingua_10-40-48 - [verifyingSideMenuCollapsedLangAsInSettingsLingua_10-40-48] Element found and ready (attempt 1): By.xpath: //yt-multi-page-menu-section-renderer[@class='style-scope ytd-multi-page-menu-renderer']//yt-formatted-string[@id='label' and text()='English (India)']
10:42:21 [TestNG-test-Yt Master Tests-2] INFO  verifyingSideMenuCollapsedLangAsInSettingsLingua_10-40-48 - Clicking settings ellipses button...
10:42:21 [TestNG-test-Yt Master Tests-2] INFO  verifyingSideMenuCollapsedLangAsInSettingsLingua_10-40-48 - [verifyingSideMenuCollapsedLangAsInSettingsLingua_10-40-48] Trying to find element: By.xpath: //ytd-topbar-menu-button-renderer[@class='style-scope ytd-masthead style-default']
10:42:21 [TestNG-test-Yt Master Tests-2] INFO  verifyingSideMenuCollapsedLangAsInSettingsLingua_10-40-48 - [verifyingSideMenuCollapsedLangAsInSettingsLingua_10-40-48] Element found and ready (attempt 1): By.xpath: //ytd-topbar-menu-button-renderer[@class='style-scope ytd-masthead style-default']
10:42:22 [TestNG-test-Yt Master Tests-2] INFO  verifyingSideMenuCollapsedLangAsInSettingsLingua_10-40-48 - [verifyingSideMenuCollapsedLangAsInSettingsLingua_10-40-48] Waiting until element is visible in viewport
10:42:22 [TestNG-test-Yt Master Tests-2] INFO  verifyingSideMenuCollapsedLangAsInSettingsLingua_10-40-48 - Clicking settings ellipses button...
10:42:22 [TestNG-test-Yt Master Tests-2] INFO  verifyingSideMenuCollapsedLangAsInSettingsLingua_10-40-48 - [verifyingSideMenuCollapsedLangAsInSettingsLingua_10-40-48] Trying to find element: By.xpath: //ytd-topbar-menu-button-renderer[@class='style-scope ytd-masthead style-default']
10:42:22 [TestNG-test-Yt Master Tests-2] INFO  verifyingSideMenuCollapsedLangAsInSettingsLingua_10-40-48 - [verifyingSideMenuCollapsedLangAsInSettingsLingua_10-40-48] Element found and ready (attempt 1): By.xpath: //ytd-topbar-menu-button-renderer[@class='style-scope ytd-masthead style-default']
10:42:23 [TestNG-test-Yt Master Tests-2] INFO  verifyingSideMenuCollapsedLangAsInSettingsLingua_10-40-48 - getLangAttribute() - locating <html> and reading lang property
10:42:23 [TestNG-test-Yt Master Tests-2] INFO  verifyingSideMenuCollapsedLangAsInSettingsLingua_10-40-48 - Language attribute read: en-IN
10:42:23 [TestNG-test-Yt Master Tests-2] INFO  verifyingSideMenuCollapsedLangAsInSettingsLingua_10-40-48 - Fetching the side menu in collapsed view
10:42:23 [TestNG-test-Yt Master Tests-2] INFO  verifyingSideMenuCollapsedLangAsInSettingsLingua_10-40-48 - [verifyingSideMenuCollapsedLangAsInSettingsLingua_10-40-48] Finding elements list: By.xpath: //ytd-mini-guide-renderer[@class='style-scope ytd-app']//ytd-mini-guide-entry-renderer
10:42:23 [TestNG-test-Yt Master Tests-2] INFO  verifyingSideMenuCollapsedLangAsInSettingsLingua_10-40-48 - [verifyingSideMenuCollapsedLangAsInSettingsLingua_10-40-48] Found 4 ready elements (attempt 1): By.xpath: //ytd-mini-guide-renderer[@class='style-scope ytd-app']//ytd-mini-guide-entry-renderer
10:42:23 [TestNG-test-Yt Master Tests-2] INFO  verifyingSideMenuCollapsedLangAsInSettingsLingua_10-40-48 - 
========== LANGUAGE DETECTION ==========
Detected Language : ENGLISH
Input Text        : Home Shorts Subscriptions You
========================================
10:42:23 [TestNG-test-Yt Master Tests-2] INFO  verifyingSideMenuCollapsedLangAsInSettingsLingua_10-40-48 - text sent to lingua is       Home Shorts Subscriptions You
10:42:23 [TestNG-test-Yt Master Tests-2] INFO  verifyingSideMenuCollapsedLangAsInSettingsLingua_10-40-48 - getLangAttribute() - locating <html> and reading lang property
10:42:23 [TestNG-test-Yt Master Tests-2] INFO  verifyingSideMenuCollapsedLangAsInSettingsLingua_10-40-48 - Language attribute read: en-IN
10:42:23 [TestNG-test-Yt Master Tests-2] INFO  verifyingSideMenuCollapsedLangAsInSettingsLingua_10-40-48 - Clicking settings ellipses button...
10:42:23 [TestNG-test-Yt Master Tests-2] INFO  verifyingSideMenuCollapsedLangAsInSettingsLingua_10-40-48 - [verifyingSideMenuCollapsedLangAsInSettingsLingua_10-40-48] Trying to find element: By.xpath: //ytd-topbar-menu-button-renderer[@class='style-scope ytd-masthead style-default']
10:42:23 [TestNG-test-Yt Master Tests-2] INFO  verifyingSideMenuCollapsedLangAsInSettingsLingua_10-40-48 - [verifyingSideMenuCollapsedLangAsInSettingsLingua_10-40-48] Element found and ready (attempt 1): By.xpath: //ytd-topbar-menu-button-renderer[@class='style-scope ytd-masthead style-default']
10:42:23 [TestNG-test-Yt Master Tests-2] INFO  verifyingSideMenuCollapsedLangAsInSettingsLingua_10-40-48 - Clicking language dropdown...
10:42:23 [TestNG-test-Yt Master Tests-2] INFO  verifyingSideMenuCollapsedLangAsInSettingsLingua_10-40-48 - [verifyingSideMenuCollapsedLangAsInSettingsLingua_10-40-48] Trying to find element: By.xpath: (//div[@id='content-icon'])[2]
10:42:23 [TestNG-test-Yt Master Tests-2] INFO  verifyingSideMenuCollapsedLangAsInSettingsLingua_10-40-48 - [verifyingSideMenuCollapsedLangAsInSettingsLingua_10-40-48] Element found and ready (attempt 1): By.xpath: (//div[@id='content-icon'])[2]
10:42:24 [TestNG-test-Yt Master Tests-2] INFO  verifyingSideMenuCollapsedLangAsInSettingsLingua_10-40-48 - [verifyingSideMenuCollapsedLangAsInSettingsLingua_10-40-48] Not retrying test 'verifyingSideMenuCollapsedLangAsInSettingsLingua'. Retry count: 0, Cause: The following asserts failed:
	Language detection mismatch for language=Azərbaycan expected [AZERBAIJANI] but found [TURKISH],
	Language detection mismatch for language=Bahasa Indonesia expected [INDONESIAN] but found [ENGLISH],
	Language detection mismatch for language=Bosanski expected [CROATIAN] but found [BOSNIAN]
