19:43:10 [TestNG-test-Yt Master Tests-2] INFO  verifyingSideMenuCollapsedLangAsInSettings_19-43-10 - No existing WebDriver found for current thread. Initializing a new ChromeDriver...
19:43:10 [TestNG-test-Yt Master Tests-2] INFO  verifyingSideMenuCollapsedLangAsInSettings_19-43-10 - WebDriverManager: chromedriver setup OK
19:43:13 [TestNG-test-Yt Master Tests-2] INFO  verifyingSideMenuCollapsedLangAsInSettings_19-43-10 - ChromeDriver initialized successfully for thread: 35
19:43:13 [TestNG-test-Yt Master Tests-2] INFO  verifyingSideMenuCollapsedLangAsInSettings_19-43-10 - SafeActions initialized with driver ChromeDriver: chrome on windows (6a905da4fc056006d5205000f0829cfc)
19:43:13 [TestNG-test-Yt Master Tests-2] INFO  verifyingSideMenuCollapsedLangAsInSettings_19-43-10 - Initialized YtLandingPage with driver: ChromeDriver: chrome on windows (6a905da4fc056006d5205000f0829cfc)
19:43:13 [TestNG-test-Yt Master Tests-2] INFO  verifyingSideMenuCollapsedLangAsInSettings_19-43-10 - SafeActions initialized with driver ChromeDriver: chrome on windows (6a905da4fc056006d5205000f0829cfc)
19:43:19 [TestNG-test-Yt Master Tests-2] INFO  verifyingSideMenuCollapsedLangAsInSettings_19-43-10 - Opened YouTube landing page.
19:43:19 [TestNG-test-Yt Master Tests-2] INFO  verifyingSideMenuCollapsedLangAsInSettings_19-43-10 - Clicking left ellipses in the landing page
19:43:19 [TestNG-test-Yt Master Tests-2] INFO  verifyingSideMenuCollapsedLangAsInSettings_19-43-10 - [verifyingSideMenuCollapsedLangAsInSettings_19-43-10] Trying to find element: By.xpath: //ytd-topbar-logo-renderer[@id='logo']/preceding-sibling::*[@id='guide-button']
19:43:19 [TestNG-test-Yt Master Tests-2] INFO  verifyingSideMenuCollapsedLangAsInSettings_19-43-10 - [verifyingSideMenuCollapsedLangAsInSettings_19-43-10] Element found and ready (attempt 1): By.xpath: //ytd-topbar-logo-renderer[@id='logo']/preceding-sibling::*[@id='guide-button']
19:43:20 [TestNG-test-Yt Master Tests-2] INFO  verifyingSideMenuCollapsedLangAsInSettings_19-43-10 - Clicking settings ellipses button...
19:43:20 [TestNG-test-Yt Master Tests-2] INFO  verifyingSideMenuCollapsedLangAsInSettings_19-43-10 - [verifyingSideMenuCollapsedLangAsInSettings_19-43-10] Trying to find element: By.xpath: //ytd-topbar-menu-button-renderer[@class='style-scope ytd-masthead style-default']
19:43:20 [TestNG-test-Yt Master Tests-2] INFO  verifyingSideMenuCollapsedLangAsInSettings_19-43-10 - [verifyingSideMenuCollapsedLangAsInSettings_19-43-10] Element found and ready (attempt 1): By.xpath: //ytd-topbar-menu-button-renderer[@class='style-scope ytd-masthead style-default']
19:43:20 [TestNG-test-Yt Master Tests-2] INFO  verifyingSideMenuCollapsedLangAsInSettings_19-43-10 - Clicking language dropdown...
19:43:20 [TestNG-test-Yt Master Tests-2] INFO  verifyingSideMenuCollapsedLangAsInSettings_19-43-10 - [verifyingSideMenuCollapsedLangAsInSettings_19-43-10] Trying to find element: By.xpath: (//div[@id='content-icon'])[2]
19:43:21 [TestNG-test-Yt Master Tests-2] INFO  verifyingSideMenuCollapsedLangAsInSettings_19-43-10 - [verifyingSideMenuCollapsedLangAsInSettings_19-43-10] Element found and ready (attempt 1): By.xpath: (//div[@id='content-icon'])[2]
19:43:21 [TestNG-test-Yt Master Tests-2] INFO  verifyingSideMenuCollapsedLangAsInSettings_19-43-10 - [verifyingSideMenuCollapsedLangAsInSettings_19-43-10] Execution is scheduled type /CRON Job on CI Hence refering to CI keys from UtilData
19:43:21 [TestNG-test-Yt Master Tests-2] INFO  verifyingSideMenuCollapsedLangAsInSettings_19-43-10 - Looking for language element with name: Afrikaans
19:43:21 [TestNG-test-Yt Master Tests-2] INFO  verifyingSideMenuCollapsedLangAsInSettings_19-43-10 - [verifyingSideMenuCollapsedLangAsInSettings_19-43-10] Trying to find element: By.xpath: //yt-multi-page-menu-section-renderer[@class='style-scope ytd-multi-page-menu-renderer']//yt-formatted-string[@id='label' and text()='Afrikaans']
19:43:22 [TestNG-test-Yt Master Tests-2] INFO  verifyingSideMenuCollapsedLangAsInSettings_19-43-10 - [verifyingSideMenuCollapsedLangAsInSettings_19-43-10] Element found and ready (attempt 1): By.xpath: //yt-multi-page-menu-section-renderer[@class='style-scope ytd-multi-page-menu-renderer']//yt-formatted-string[@id='label' and text()='Afrikaans']
19:43:22 [TestNG-test-Yt Master Tests-2] INFO  verifyingSideMenuCollapsedLangAsInSettings_19-43-10 - [verifyingSideMenuCollapsedLangAsInSettings_19-43-10] Trying to find element: By.xpath: //yt-multi-page-menu-section-renderer[@class='style-scope ytd-multi-page-menu-renderer']//yt-formatted-string[@id='label' and text()='Afrikaans']
19:43:22 [TestNG-test-Yt Master Tests-2] INFO  verifyingSideMenuCollapsedLangAsInSettings_19-43-10 - [verifyingSideMenuCollapsedLangAsInSettings_19-43-10] Element found and ready (attempt 1): By.xpath: //yt-multi-page-menu-section-renderer[@class='style-scope ytd-multi-page-menu-renderer']//yt-formatted-string[@id='label' and text()='Afrikaans']
19:43:40 [TestNG-test-Yt Master Tests-2] WARN  verifyingSideMenuCollapsedLangAsInSettings_19-43-10 - [verifyingSideMenuCollapsedLangAsInSettings_19-43-10] Retrying test 'verifyingSideMenuCollapsedLangAsInSettings' (attempt 1) due to: Expected condition failed: waiting for presence of element located by: By.xpath: //ytd-mini-guide-renderer[@class='style-scope ytd-app']//ytd-mini-guide-entry-renderer (tried for 15 second(s) with 500 milliseconds interval)
