18:11:48 [TestNG-test-Yt Master Tests-3] INFO  verifyingSideMenuCollapsedLangAsInSettings_18-11-48 - No existing WebDriver found for current thread. Initializing a new ChromeDriver...
18:11:48 [TestNG-test-Yt Master Tests-3] INFO  verifyingSideMenuCollapsedLangAsInSettings_18-11-48 - WebDriverManager: chromedriver setup OK
18:11:50 [TestNG-test-Yt Master Tests-3] INFO  verifyingSideMenuCollapsedLangAsInSettings_18-11-48 - ChromeDriver initialized successfully for thread: 36
18:11:50 [TestNG-test-Yt Master Tests-3] INFO  verifyingSideMenuCollapsedLangAsInSettings_18-11-48 - SafeActions initialized with driver ChromeDriver: chrome on windows (2ffc3ff3ec2f44d2f2fb18bfc3325a02)
18:11:50 [TestNG-test-Yt Master Tests-3] INFO  verifyingSideMenuCollapsedLangAsInSettings_18-11-48 - Initialized YtLandingPage with driver: ChromeDriver: chrome on windows (2ffc3ff3ec2f44d2f2fb18bfc3325a02)
18:11:50 [TestNG-test-Yt Master Tests-3] INFO  verifyingSideMenuCollapsedLangAsInSettings_18-11-48 - SafeActions initialized with driver ChromeDriver: chrome on windows (2ffc3ff3ec2f44d2f2fb18bfc3325a02)
18:11:50 [TestNG-test-Yt Master Tests-3] INFO  verifyingSideMenuCollapsedLangAsInSettings_18-11-48 - Opened YouTube landing page.
18:11:50 [TestNG-test-Yt Master Tests-3] INFO  verifyingSideMenuCollapsedLangAsInSettings_18-11-48 - Clicking left ellipses in the landing page
18:11:50 [TestNG-test-Yt Master Tests-3] INFO  verifyingSideMenuCollapsedLangAsInSettings_18-11-48 - [verifyingSideMenuCollapsedLangAsInSettings_18-11-48] Trying to find element: By.xpath: //ytd-topbar-logo-renderer[@id='logo']/preceding-sibling::*[@id='guide-button']
18:11:55 [TestNG-test-Yt Master Tests-3] INFO  verifyingSideMenuCollapsedLangAsInSettings_18-11-48 - [verifyingSideMenuCollapsedLangAsInSettings_18-11-48] Element found and ready (attempt 1): By.xpath: //ytd-topbar-logo-renderer[@id='logo']/preceding-sibling::*[@id='guide-button']
18:11:55 [TestNG-test-Yt Master Tests-3] INFO  verifyingSideMenuCollapsedLangAsInSettings_18-11-48 - Clicking settings ellipses button...
18:11:56 [TestNG-test-Yt Master Tests-3] INFO  verifyingSideMenuCollapsedLangAsInSettings_18-11-48 - [verifyingSideMenuCollapsedLangAsInSettings_18-11-48] Trying to find element: By.xpath: //ytd-topbar-menu-button-renderer[@class='style-scope ytd-masthead style-default']
18:11:56 [TestNG-test-Yt Master Tests-3] INFO  verifyingSideMenuCollapsedLangAsInSettings_18-11-48 - [verifyingSideMenuCollapsedLangAsInSettings_18-11-48] Element found and ready (attempt 1): By.xpath: //ytd-topbar-menu-button-renderer[@class='style-scope ytd-masthead style-default']
18:11:56 [TestNG-test-Yt Master Tests-3] INFO  verifyingSideMenuCollapsedLangAsInSettings_18-11-48 - Clicking language dropdown...
18:11:56 [TestNG-test-Yt Master Tests-3] INFO  verifyingSideMenuCollapsedLangAsInSettings_18-11-48 - [verifyingSideMenuCollapsedLangAsInSettings_18-11-48] Trying to find element: By.xpath: (//div[@id='content-icon'])[2]
18:11:57 [TestNG-test-Yt Master Tests-3] INFO  verifyingSideMenuCollapsedLangAsInSettings_18-11-48 - [verifyingSideMenuCollapsedLangAsInSettings_18-11-48] Element found and ready (attempt 1): By.xpath: (//div[@id='content-icon'])[2]
18:11:57 [TestNG-test-Yt Master Tests-3] INFO  verifyingSideMenuCollapsedLangAsInSettings_18-11-48 - [verifyingSideMenuCollapsedLangAsInSettings_18-11-48] Execution is Not CRON Job Hence refering to normal keys from UtilData
18:11:57 [TestNG-test-Yt Master Tests-3] INFO  verifyingSideMenuCollapsedLangAsInSettings_18-11-48 - Looking for language element with name: Afrikaans
18:11:57 [TestNG-test-Yt Master Tests-3] INFO  verifyingSideMenuCollapsedLangAsInSettings_18-11-48 - [verifyingSideMenuCollapsedLangAsInSettings_18-11-48] Trying to find element: By.xpath: //yt-multi-page-menu-section-renderer[@class='style-scope ytd-multi-page-menu-renderer']//yt-formatted-string[@id='label' and text()='Afrikaans']
18:11:58 [TestNG-test-Yt Master Tests-3] INFO  verifyingSideMenuCollapsedLangAsInSettings_18-11-48 - [verifyingSideMenuCollapsedLangAsInSettings_18-11-48] Element found and ready (attempt 1): By.xpath: //yt-multi-page-menu-section-renderer[@class='style-scope ytd-multi-page-menu-renderer']//yt-formatted-string[@id='label' and text()='Afrikaans']
18:11:58 [TestNG-test-Yt Master Tests-3] INFO  verifyingSideMenuCollapsedLangAsInSettings_18-11-48 - [verifyingSideMenuCollapsedLangAsInSettings_18-11-48] Trying to find element: By.xpath: //yt-multi-page-menu-section-renderer[@class='style-scope ytd-multi-page-menu-renderer']//yt-formatted-string[@id='label' and text()='Afrikaans']
18:11:58 [TestNG-test-Yt Master Tests-3] INFO  verifyingSideMenuCollapsedLangAsInSettings_18-11-48 - [verifyingSideMenuCollapsedLangAsInSettings_18-11-48] Element found and ready (attempt 1): By.xpath: //yt-multi-page-menu-section-renderer[@class='style-scope ytd-multi-page-menu-renderer']//yt-formatted-string[@id='label' and text()='Afrikaans']
18:12:01 [TestNG-test-Yt Master Tests-3] INFO  verifyingSideMenuCollapsedLangAsInSettings_18-11-48 - Clicking settings ellipses button...
18:12:01 [TestNG-test-Yt Master Tests-3] INFO  verifyingSideMenuCollapsedLangAsInSettings_18-11-48 - [verifyingSideMenuCollapsedLangAsInSettings_18-11-48] Trying to find element: By.xpath: //ytd-topbar-menu-button-renderer[@class='style-scope ytd-masthead style-default']
18:12:02 [TestNG-test-Yt Master Tests-3] INFO  verifyingSideMenuCollapsedLangAsInSettings_18-11-48 - [verifyingSideMenuCollapsedLangAsInSettings_18-11-48] Element found and ready (attempt 1): By.xpath: //ytd-topbar-menu-button-renderer[@class='style-scope ytd-masthead style-default']
18:12:03 [TestNG-test-Yt Master Tests-3] INFO  verifyingSideMenuCollapsedLangAsInSettings_18-11-48 - [verifyingSideMenuCollapsedLangAsInSettings_18-11-48] Waiting until element is visible in viewport
18:12:04 [TestNG-test-Yt Master Tests-3] INFO  verifyingSideMenuCollapsedLangAsInSettings_18-11-48 - Clicking settings ellipses button...
18:12:04 [TestNG-test-Yt Master Tests-3] INFO  verifyingSideMenuCollapsedLangAsInSettings_18-11-48 - [verifyingSideMenuCollapsedLangAsInSettings_18-11-48] Trying to find element: By.xpath: //ytd-topbar-menu-button-renderer[@class='style-scope ytd-masthead style-default']
18:12:05 [TestNG-test-Yt Master Tests-3] INFO  verifyingSideMenuCollapsedLangAsInSettings_18-11-48 - [verifyingSideMenuCollapsedLangAsInSettings_18-11-48] Element found and ready (attempt 1): By.xpath: //ytd-topbar-menu-button-renderer[@class='style-scope ytd-masthead style-default']
18:12:05 [TestNG-test-Yt Master Tests-3] INFO  verifyingSideMenuCollapsedLangAsInSettings_18-11-48 - getLangAttribute() - locating <html> and reading lang property
18:12:05 [TestNG-test-Yt Master Tests-3] INFO  verifyingSideMenuCollapsedLangAsInSettings_18-11-48 - Language attribute read: af-ZA
18:12:05 [TestNG-test-Yt Master Tests-3] INFO  verifyingSideMenuCollapsedLangAsInSettings_18-11-48 - Fetching the side menu in collapsed view
18:12:05 [TestNG-test-Yt Master Tests-3] INFO  verifyingSideMenuCollapsedLangAsInSettings_18-11-48 - [verifyingSideMenuCollapsedLangAsInSettings_18-11-48] Finding elements list: By.xpath: //ytd-mini-guide-renderer[@class='style-scope ytd-app']//ytd-mini-guide-entry-renderer
18:12:05 [TestNG-test-Yt Master Tests-3] INFO  verifyingSideMenuCollapsedLangAsInSettings_18-11-48 - [verifyingSideMenuCollapsedLangAsInSettings_18-11-48] Found 4 ready elements (attempt 1): By.xpath: //ytd-mini-guide-renderer[@class='style-scope ytd-app']//ytd-mini-guide-entry-renderer
18:12:05 [TestNG-test-Yt Master Tests-3] INFO  verifyingSideMenuCollapsedLangAsInSettings_18-11-48 - Clicking settings ellipses button...
18:12:05 [TestNG-test-Yt Master Tests-3] INFO  verifyingSideMenuCollapsedLangAsInSettings_18-11-48 - [verifyingSideMenuCollapsedLangAsInSettings_18-11-48] Trying to find element: By.xpath: //ytd-topbar-menu-button-renderer[@class='style-scope ytd-masthead style-default']
18:12:06 [TestNG-test-Yt Master Tests-3] INFO  verifyingSideMenuCollapsedLangAsInSettings_18-11-48 - [verifyingSideMenuCollapsedLangAsInSettings_18-11-48] Element found and ready (attempt 1): By.xpath: //ytd-topbar-menu-button-renderer[@class='style-scope ytd-masthead style-default']
18:12:06 [TestNG-test-Yt Master Tests-3] INFO  verifyingSideMenuCollapsedLangAsInSettings_18-11-48 - Clicking language dropdown...
18:12:06 [TestNG-test-Yt Master Tests-3] INFO  verifyingSideMenuCollapsedLangAsInSettings_18-11-48 - [verifyingSideMenuCollapsedLangAsInSettings_18-11-48] Trying to find element: By.xpath: (//div[@id='content-icon'])[2]
18:12:06 [TestNG-test-Yt Master Tests-3] INFO  verifyingSideMenuCollapsedLangAsInSettings_18-11-48 - [verifyingSideMenuCollapsedLangAsInSettings_18-11-48] Element found and ready (attempt 1): By.xpath: (//div[@id='content-icon'])[2]
18:12:07 [TestNG-test-Yt Master Tests-3] INFO  verifyingSideMenuCollapsedLangAsInSettings_18-11-48 - Looking for language element with name: Azərbaycan
18:12:07 [TestNG-test-Yt Master Tests-3] INFO  verifyingSideMenuCollapsedLangAsInSettings_18-11-48 - [verifyingSideMenuCollapsedLangAsInSettings_18-11-48] Trying to find element: By.xpath: //yt-multi-page-menu-section-renderer[@class='style-scope ytd-multi-page-menu-renderer']//yt-formatted-string[@id='label' and text()='Azərbaycan']
18:12:07 [TestNG-test-Yt Master Tests-3] INFO  verifyingSideMenuCollapsedLangAsInSettings_18-11-48 - [verifyingSideMenuCollapsedLangAsInSettings_18-11-48] Element found and ready (attempt 1): By.xpath: //yt-multi-page-menu-section-renderer[@class='style-scope ytd-multi-page-menu-renderer']//yt-formatted-string[@id='label' and text()='Azərbaycan']
18:12:07 [TestNG-test-Yt Master Tests-3] INFO  verifyingSideMenuCollapsedLangAsInSettings_18-11-48 - [verifyingSideMenuCollapsedLangAsInSettings_18-11-48] Trying to find element: By.xpath: //yt-multi-page-menu-section-renderer[@class='style-scope ytd-multi-page-menu-renderer']//yt-formatted-string[@id='label' and text()='Azərbaycan']
18:12:07 [TestNG-test-Yt Master Tests-3] INFO  verifyingSideMenuCollapsedLangAsInSettings_18-11-48 - [verifyingSideMenuCollapsedLangAsInSettings_18-11-48] Element found and ready (attempt 1): By.xpath: //yt-multi-page-menu-section-renderer[@class='style-scope ytd-multi-page-menu-renderer']//yt-formatted-string[@id='label' and text()='Azərbaycan']
18:12:12 [TestNG-test-Yt Master Tests-3] INFO  verifyingSideMenuCollapsedLangAsInSettings_18-11-48 - Clicking settings ellipses button...
18:12:12 [TestNG-test-Yt Master Tests-3] INFO  verifyingSideMenuCollapsedLangAsInSettings_18-11-48 - [verifyingSideMenuCollapsedLangAsInSettings_18-11-48] Trying to find element: By.xpath: //ytd-topbar-menu-button-renderer[@class='style-scope ytd-masthead style-default']
18:12:13 [TestNG-test-Yt Master Tests-3] INFO  verifyingSideMenuCollapsedLangAsInSettings_18-11-48 - [verifyingSideMenuCollapsedLangAsInSettings_18-11-48] Element found and ready (attempt 1): By.xpath: //ytd-topbar-menu-button-renderer[@class='style-scope ytd-masthead style-default']
18:12:13 [TestNG-test-Yt Master Tests-3] INFO  verifyingSideMenuCollapsedLangAsInSettings_18-11-48 - [verifyingSideMenuCollapsedLangAsInSettings_18-11-48] Waiting until element is visible in viewport
18:12:14 [TestNG-test-Yt Master Tests-3] INFO  verifyingSideMenuCollapsedLangAsInSettings_18-11-48 - Clicking settings ellipses button...
18:12:14 [TestNG-test-Yt Master Tests-3] INFO  verifyingSideMenuCollapsedLangAsInSettings_18-11-48 - [verifyingSideMenuCollapsedLangAsInSettings_18-11-48] Trying to find element: By.xpath: //ytd-topbar-menu-button-renderer[@class='style-scope ytd-masthead style-default']
18:12:15 [TestNG-test-Yt Master Tests-3] INFO  verifyingSideMenuCollapsedLangAsInSettings_18-11-48 - [verifyingSideMenuCollapsedLangAsInSettings_18-11-48] Element found and ready (attempt 1): By.xpath: //ytd-topbar-menu-button-renderer[@class='style-scope ytd-masthead style-default']
18:12:15 [TestNG-test-Yt Master Tests-3] INFO  verifyingSideMenuCollapsedLangAsInSettings_18-11-48 - getLangAttribute() - locating <html> and reading lang property
18:12:15 [TestNG-test-Yt Master Tests-3] INFO  verifyingSideMenuCollapsedLangAsInSettings_18-11-48 - Language attribute read: az-Latn-AZ
18:12:15 [TestNG-test-Yt Master Tests-3] INFO  verifyingSideMenuCollapsedLangAsInSettings_18-11-48 - Fetching the side menu in collapsed view
18:12:15 [TestNG-test-Yt Master Tests-3] INFO  verifyingSideMenuCollapsedLangAsInSettings_18-11-48 - [verifyingSideMenuCollapsedLangAsInSettings_18-11-48] Finding elements list: By.xpath: //ytd-mini-guide-renderer[@class='style-scope ytd-app']//ytd-mini-guide-entry-renderer
18:12:16 [TestNG-test-Yt Master Tests-3] INFO  verifyingSideMenuCollapsedLangAsInSettings_18-11-48 - [verifyingSideMenuCollapsedLangAsInSettings_18-11-48] Found 4 ready elements (attempt 1): By.xpath: //ytd-mini-guide-renderer[@class='style-scope ytd-app']//ytd-mini-guide-entry-renderer
18:12:17 [TestNG-test-Yt Master Tests-3] INFO  verifyingSideMenuCollapsedLangAsInSettings_18-11-48 - Clicking settings ellipses button...
18:12:17 [TestNG-test-Yt Master Tests-3] INFO  verifyingSideMenuCollapsedLangAsInSettings_18-11-48 - [verifyingSideMenuCollapsedLangAsInSettings_18-11-48] Trying to find element: By.xpath: //ytd-topbar-menu-button-renderer[@class='style-scope ytd-masthead style-default']
18:12:17 [TestNG-test-Yt Master Tests-3] INFO  verifyingSideMenuCollapsedLangAsInSettings_18-11-48 - [verifyingSideMenuCollapsedLangAsInSettings_18-11-48] Element found and ready (attempt 1): By.xpath: //ytd-topbar-menu-button-renderer[@class='style-scope ytd-masthead style-default']
18:12:18 [TestNG-test-Yt Master Tests-3] INFO  verifyingSideMenuCollapsedLangAsInSettings_18-11-48 - Clicking language dropdown...
18:12:18 [TestNG-test-Yt Master Tests-3] INFO  verifyingSideMenuCollapsedLangAsInSettings_18-11-48 - [verifyingSideMenuCollapsedLangAsInSettings_18-11-48] Trying to find element: By.xpath: (//div[@id='content-icon'])[2]
18:12:18 [TestNG-test-Yt Master Tests-3] INFO  verifyingSideMenuCollapsedLangAsInSettings_18-11-48 - [verifyingSideMenuCollapsedLangAsInSettings_18-11-48] Element found and ready (attempt 1): By.xpath: (//div[@id='content-icon'])[2]
18:12:19 [TestNG-test-Yt Master Tests-3] INFO  verifyingSideMenuCollapsedLangAsInSettings_18-11-48 - Looking for language element with name: Bahasa Indonesia
18:12:19 [TestNG-test-Yt Master Tests-3] INFO  verifyingSideMenuCollapsedLangAsInSettings_18-11-48 - [verifyingSideMenuCollapsedLangAsInSettings_18-11-48] Trying to find element: By.xpath: //yt-multi-page-menu-section-renderer[@class='style-scope ytd-multi-page-menu-renderer']//yt-formatted-string[@id='label' and text()='Bahasa Indonesia']
18:12:19 [TestNG-test-Yt Master Tests-3] INFO  verifyingSideMenuCollapsedLangAsInSettings_18-11-48 - [verifyingSideMenuCollapsedLangAsInSettings_18-11-48] Element found and ready (attempt 1): By.xpath: //yt-multi-page-menu-section-renderer[@class='style-scope ytd-multi-page-menu-renderer']//yt-formatted-string[@id='label' and text()='Bahasa Indonesia']
18:12:19 [TestNG-test-Yt Master Tests-3] INFO  verifyingSideMenuCollapsedLangAsInSettings_18-11-48 - [verifyingSideMenuCollapsedLangAsInSettings_18-11-48] Trying to find element: By.xpath: //yt-multi-page-menu-section-renderer[@class='style-scope ytd-multi-page-menu-renderer']//yt-formatted-string[@id='label' and text()='Bahasa Indonesia']
18:12:19 [TestNG-test-Yt Master Tests-3] INFO  verifyingSideMenuCollapsedLangAsInSettings_18-11-48 - [verifyingSideMenuCollapsedLangAsInSettings_18-11-48] Element found and ready (attempt 1): By.xpath: //yt-multi-page-menu-section-renderer[@class='style-scope ytd-multi-page-menu-renderer']//yt-formatted-string[@id='label' and text()='Bahasa Indonesia']
18:12:21 [TestNG-test-Yt Master Tests-3] INFO  verifyingSideMenuCollapsedLangAsInSettings_18-11-48 - Clicking settings ellipses button...
18:12:21 [TestNG-test-Yt Master Tests-3] INFO  verifyingSideMenuCollapsedLangAsInSettings_18-11-48 - [verifyingSideMenuCollapsedLangAsInSettings_18-11-48] Trying to find element: By.xpath: //ytd-topbar-menu-button-renderer[@class='style-scope ytd-masthead style-default']
18:12:21 [TestNG-test-Yt Master Tests-3] INFO  verifyingSideMenuCollapsedLangAsInSettings_18-11-48 - [verifyingSideMenuCollapsedLangAsInSettings_18-11-48] Element found and ready (attempt 1): By.xpath: //ytd-topbar-menu-button-renderer[@class='style-scope ytd-masthead style-default']
18:12:21 [TestNG-test-Yt Master Tests-3] INFO  verifyingSideMenuCollapsedLangAsInSettings_18-11-48 - [verifyingSideMenuCollapsedLangAsInSettings_18-11-48] Waiting until element is visible in viewport
18:12:23 [TestNG-test-Yt Master Tests-3] INFO  verifyingSideMenuCollapsedLangAsInSettings_18-11-48 - Clicking settings ellipses button...
18:12:23 [TestNG-test-Yt Master Tests-3] INFO  verifyingSideMenuCollapsedLangAsInSettings_18-11-48 - [verifyingSideMenuCollapsedLangAsInSettings_18-11-48] Trying to find element: By.xpath: //ytd-topbar-menu-button-renderer[@class='style-scope ytd-masthead style-default']
18:12:24 [TestNG-test-Yt Master Tests-3] INFO  verifyingSideMenuCollapsedLangAsInSettings_18-11-48 - [verifyingSideMenuCollapsedLangAsInSettings_18-11-48] Element found and ready (attempt 1): By.xpath: //ytd-topbar-menu-button-renderer[@class='style-scope ytd-masthead style-default']
18:12:24 [TestNG-test-Yt Master Tests-3] INFO  verifyingSideMenuCollapsedLangAsInSettings_18-11-48 - getLangAttribute() - locating <html> and reading lang property
18:12:24 [TestNG-test-Yt Master Tests-3] INFO  verifyingSideMenuCollapsedLangAsInSettings_18-11-48 - Language attribute read: id-ID
18:12:24 [TestNG-test-Yt Master Tests-3] INFO  verifyingSideMenuCollapsedLangAsInSettings_18-11-48 - Fetching the side menu in collapsed view
18:12:24 [TestNG-test-Yt Master Tests-3] INFO  verifyingSideMenuCollapsedLangAsInSettings_18-11-48 - [verifyingSideMenuCollapsedLangAsInSettings_18-11-48] Finding elements list: By.xpath: //ytd-mini-guide-renderer[@class='style-scope ytd-app']//ytd-mini-guide-entry-renderer
18:12:24 [TestNG-test-Yt Master Tests-3] INFO  verifyingSideMenuCollapsedLangAsInSettings_18-11-48 - [verifyingSideMenuCollapsedLangAsInSettings_18-11-48] Found 4 ready elements (attempt 1): By.xpath: //ytd-mini-guide-renderer[@class='style-scope ytd-app']//ytd-mini-guide-entry-renderer
18:12:24 [TestNG-test-Yt Master Tests-3] INFO  verifyingSideMenuCollapsedLangAsInSettings_18-11-48 - Clicking settings ellipses button...
18:12:24 [TestNG-test-Yt Master Tests-3] INFO  verifyingSideMenuCollapsedLangAsInSettings_18-11-48 - [verifyingSideMenuCollapsedLangAsInSettings_18-11-48] Trying to find element: By.xpath: //ytd-topbar-menu-button-renderer[@class='style-scope ytd-masthead style-default']
18:12:25 [TestNG-test-Yt Master Tests-3] INFO  verifyingSideMenuCollapsedLangAsInSettings_18-11-48 - [verifyingSideMenuCollapsedLangAsInSettings_18-11-48] Element found and ready (attempt 1): By.xpath: //ytd-topbar-menu-button-renderer[@class='style-scope ytd-masthead style-default']
18:12:25 [TestNG-test-Yt Master Tests-3] INFO  verifyingSideMenuCollapsedLangAsInSettings_18-11-48 - Clicking language dropdown...
18:12:25 [TestNG-test-Yt Master Tests-3] INFO  verifyingSideMenuCollapsedLangAsInSettings_18-11-48 - [verifyingSideMenuCollapsedLangAsInSettings_18-11-48] Trying to find element: By.xpath: (//div[@id='content-icon'])[2]
18:12:26 [TestNG-test-Yt Master Tests-3] INFO  verifyingSideMenuCollapsedLangAsInSettings_18-11-48 - [verifyingSideMenuCollapsedLangAsInSettings_18-11-48] Element found and ready (attempt 1): By.xpath: (//div[@id='content-icon'])[2]
18:12:26 [TestNG-test-Yt Master Tests-3] INFO  verifyingSideMenuCollapsedLangAsInSettings_18-11-48 - Looking for language element with name: Bosanski
18:12:26 [TestNG-test-Yt Master Tests-3] INFO  verifyingSideMenuCollapsedLangAsInSettings_18-11-48 - [verifyingSideMenuCollapsedLangAsInSettings_18-11-48] Trying to find element: By.xpath: //yt-multi-page-menu-section-renderer[@class='style-scope ytd-multi-page-menu-renderer']//yt-formatted-string[@id='label' and text()='Bosanski']
18:12:26 [TestNG-test-Yt Master Tests-3] INFO  verifyingSideMenuCollapsedLangAsInSettings_18-11-48 - [verifyingSideMenuCollapsedLangAsInSettings_18-11-48] Element found and ready (attempt 1): By.xpath: //yt-multi-page-menu-section-renderer[@class='style-scope ytd-multi-page-menu-renderer']//yt-formatted-string[@id='label' and text()='Bosanski']
18:12:26 [TestNG-test-Yt Master Tests-3] INFO  verifyingSideMenuCollapsedLangAsInSettings_18-11-48 - [verifyingSideMenuCollapsedLangAsInSettings_18-11-48] Trying to find element: By.xpath: //yt-multi-page-menu-section-renderer[@class='style-scope ytd-multi-page-menu-renderer']//yt-formatted-string[@id='label' and text()='Bosanski']
18:12:27 [TestNG-test-Yt Master Tests-3] INFO  verifyingSideMenuCollapsedLangAsInSettings_18-11-48 - [verifyingSideMenuCollapsedLangAsInSettings_18-11-48] Element found and ready (attempt 1): By.xpath: //yt-multi-page-menu-section-renderer[@class='style-scope ytd-multi-page-menu-renderer']//yt-formatted-string[@id='label' and text()='Bosanski']
18:12:30 [TestNG-test-Yt Master Tests-3] INFO  verifyingSideMenuCollapsedLangAsInSettings_18-11-48 - Clicking settings ellipses button...
18:12:30 [TestNG-test-Yt Master Tests-3] INFO  verifyingSideMenuCollapsedLangAsInSettings_18-11-48 - [verifyingSideMenuCollapsedLangAsInSettings_18-11-48] Trying to find element: By.xpath: //ytd-topbar-menu-button-renderer[@class='style-scope ytd-masthead style-default']
18:12:30 [TestNG-test-Yt Master Tests-3] INFO  verifyingSideMenuCollapsedLangAsInSettings_18-11-48 - [verifyingSideMenuCollapsedLangAsInSettings_18-11-48] Element found and ready (attempt 1): By.xpath: //ytd-topbar-menu-button-renderer[@class='style-scope ytd-masthead style-default']
18:12:31 [TestNG-test-Yt Master Tests-3] INFO  verifyingSideMenuCollapsedLangAsInSettings_18-11-48 - [verifyingSideMenuCollapsedLangAsInSettings_18-11-48] Waiting until element is visible in viewport
18:12:32 [TestNG-test-Yt Master Tests-3] INFO  verifyingSideMenuCollapsedLangAsInSettings_18-11-48 - Clicking settings ellipses button...
18:12:32 [TestNG-test-Yt Master Tests-3] INFO  verifyingSideMenuCollapsedLangAsInSettings_18-11-48 - [verifyingSideMenuCollapsedLangAsInSettings_18-11-48] Trying to find element: By.xpath: //ytd-topbar-menu-button-renderer[@class='style-scope ytd-masthead style-default']
18:12:32 [TestNG-test-Yt Master Tests-3] INFO  verifyingSideMenuCollapsedLangAsInSettings_18-11-48 - [verifyingSideMenuCollapsedLangAsInSettings_18-11-48] Element found and ready (attempt 1): By.xpath: //ytd-topbar-menu-button-renderer[@class='style-scope ytd-masthead style-default']
18:12:32 [TestNG-test-Yt Master Tests-3] INFO  verifyingSideMenuCollapsedLangAsInSettings_18-11-48 - getLangAttribute() - locating <html> and reading lang property
18:12:32 [TestNG-test-Yt Master Tests-3] INFO  verifyingSideMenuCollapsedLangAsInSettings_18-11-48 - Language attribute read: bs-Latn-BA
18:12:32 [TestNG-test-Yt Master Tests-3] INFO  verifyingSideMenuCollapsedLangAsInSettings_18-11-48 - Fetching the side menu in collapsed view
18:12:32 [TestNG-test-Yt Master Tests-3] INFO  verifyingSideMenuCollapsedLangAsInSettings_18-11-48 - [verifyingSideMenuCollapsedLangAsInSettings_18-11-48] Finding elements list: By.xpath: //ytd-mini-guide-renderer[@class='style-scope ytd-app']//ytd-mini-guide-entry-renderer
18:12:32 [TestNG-test-Yt Master Tests-3] INFO  verifyingSideMenuCollapsedLangAsInSettings_18-11-48 - [verifyingSideMenuCollapsedLangAsInSettings_18-11-48] Found 4 ready elements (attempt 1): By.xpath: //ytd-mini-guide-renderer[@class='style-scope ytd-app']//ytd-mini-guide-entry-renderer
18:12:33 [TestNG-test-Yt Master Tests-3] INFO  verifyingSideMenuCollapsedLangAsInSettings_18-11-48 - Clicking settings ellipses button...
18:12:33 [TestNG-test-Yt Master Tests-3] INFO  verifyingSideMenuCollapsedLangAsInSettings_18-11-48 - [verifyingSideMenuCollapsedLangAsInSettings_18-11-48] Trying to find element: By.xpath: //ytd-topbar-menu-button-renderer[@class='style-scope ytd-masthead style-default']
18:12:33 [TestNG-test-Yt Master Tests-3] INFO  verifyingSideMenuCollapsedLangAsInSettings_18-11-48 - [verifyingSideMenuCollapsedLangAsInSettings_18-11-48] Element found and ready (attempt 1): By.xpath: //ytd-topbar-menu-button-renderer[@class='style-scope ytd-masthead style-default']
18:12:34 [TestNG-test-Yt Master Tests-3] INFO  verifyingSideMenuCollapsedLangAsInSettings_18-11-48 - Clicking language dropdown...
18:12:34 [TestNG-test-Yt Master Tests-3] INFO  verifyingSideMenuCollapsedLangAsInSettings_18-11-48 - [verifyingSideMenuCollapsedLangAsInSettings_18-11-48] Trying to find element: By.xpath: (//div[@id='content-icon'])[2]
18:12:34 [TestNG-test-Yt Master Tests-3] INFO  verifyingSideMenuCollapsedLangAsInSettings_18-11-48 - [verifyingSideMenuCollapsedLangAsInSettings_18-11-48] Element found and ready (attempt 1): By.xpath: (//div[@id='content-icon'])[2]
18:12:35 [TestNG-test-Yt Master Tests-3] INFO  verifyingSideMenuCollapsedLangAsInSettings_18-11-48 - Looking for language element with name: Català
18:12:35 [TestNG-test-Yt Master Tests-3] INFO  verifyingSideMenuCollapsedLangAsInSettings_18-11-48 - [verifyingSideMenuCollapsedLangAsInSettings_18-11-48] Trying to find element: By.xpath: //yt-multi-page-menu-section-renderer[@class='style-scope ytd-multi-page-menu-renderer']//yt-formatted-string[@id='label' and text()='Català']
18:12:36 [TestNG-test-Yt Master Tests-3] INFO  verifyingSideMenuCollapsedLangAsInSettings_18-11-48 - [verifyingSideMenuCollapsedLangAsInSettings_18-11-48] Element found and ready (attempt 1): By.xpath: //yt-multi-page-menu-section-renderer[@class='style-scope ytd-multi-page-menu-renderer']//yt-formatted-string[@id='label' and text()='Català']
18:12:36 [TestNG-test-Yt Master Tests-3] INFO  verifyingSideMenuCollapsedLangAsInSettings_18-11-48 - [verifyingSideMenuCollapsedLangAsInSettings_18-11-48] Trying to find element: By.xpath: //yt-multi-page-menu-section-renderer[@class='style-scope ytd-multi-page-menu-renderer']//yt-formatted-string[@id='label' and text()='Català']
18:12:36 [TestNG-test-Yt Master Tests-3] INFO  verifyingSideMenuCollapsedLangAsInSettings_18-11-48 - [verifyingSideMenuCollapsedLangAsInSettings_18-11-48] Element found and ready (attempt 1): By.xpath: //yt-multi-page-menu-section-renderer[@class='style-scope ytd-multi-page-menu-renderer']//yt-formatted-string[@id='label' and text()='Català']
18:12:37 [TestNG-test-Yt Master Tests-3] INFO  verifyingSideMenuCollapsedLangAsInSettings_18-11-48 - Clicking settings ellipses button...
18:12:37 [TestNG-test-Yt Master Tests-3] INFO  verifyingSideMenuCollapsedLangAsInSettings_18-11-48 - [verifyingSideMenuCollapsedLangAsInSettings_18-11-48] Trying to find element: By.xpath: //ytd-topbar-menu-button-renderer[@class='style-scope ytd-masthead style-default']
18:12:38 [TestNG-test-Yt Master Tests-3] INFO  verifyingSideMenuCollapsedLangAsInSettings_18-11-48 - [verifyingSideMenuCollapsedLangAsInSettings_18-11-48] Element found and ready (attempt 1): By.xpath: //ytd-topbar-menu-button-renderer[@class='style-scope ytd-masthead style-default']
18:12:38 [TestNG-test-Yt Master Tests-3] INFO  verifyingSideMenuCollapsedLangAsInSettings_18-11-48 - [verifyingSideMenuCollapsedLangAsInSettings_18-11-48] Waiting until element is visible in viewport
18:12:39 [TestNG-test-Yt Master Tests-3] INFO  verifyingSideMenuCollapsedLangAsInSettings_18-11-48 - Clicking settings ellipses button...
18:12:39 [TestNG-test-Yt Master Tests-3] INFO  verifyingSideMenuCollapsedLangAsInSettings_18-11-48 - [verifyingSideMenuCollapsedLangAsInSettings_18-11-48] Trying to find element: By.xpath: //ytd-topbar-menu-button-renderer[@class='style-scope ytd-masthead style-default']
18:12:39 [TestNG-test-Yt Master Tests-3] INFO  verifyingSideMenuCollapsedLangAsInSettings_18-11-48 - [verifyingSideMenuCollapsedLangAsInSettings_18-11-48] Element found and ready (attempt 1): By.xpath: //ytd-topbar-menu-button-renderer[@class='style-scope ytd-masthead style-default']
18:12:39 [TestNG-test-Yt Master Tests-3] INFO  verifyingSideMenuCollapsedLangAsInSettings_18-11-48 - getLangAttribute() - locating <html> and reading lang property
18:12:39 [TestNG-test-Yt Master Tests-3] INFO  verifyingSideMenuCollapsedLangAsInSettings_18-11-48 - Language attribute read: ca-ES
18:12:39 [TestNG-test-Yt Master Tests-3] INFO  verifyingSideMenuCollapsedLangAsInSettings_18-11-48 - Fetching the side menu in collapsed view
18:12:39 [TestNG-test-Yt Master Tests-3] INFO  verifyingSideMenuCollapsedLangAsInSettings_18-11-48 - [verifyingSideMenuCollapsedLangAsInSettings_18-11-48] Finding elements list: By.xpath: //ytd-mini-guide-renderer[@class='style-scope ytd-app']//ytd-mini-guide-entry-renderer
18:12:39 [TestNG-test-Yt Master Tests-3] INFO  verifyingSideMenuCollapsedLangAsInSettings_18-11-48 - [verifyingSideMenuCollapsedLangAsInSettings_18-11-48] Found 4 ready elements (attempt 1): By.xpath: //ytd-mini-guide-renderer[@class='style-scope ytd-app']//ytd-mini-guide-entry-renderer
18:12:39 [TestNG-test-Yt Master Tests-3] INFO  verifyingSideMenuCollapsedLangAsInSettings_18-11-48 - Clicking settings ellipses button...
18:12:39 [TestNG-test-Yt Master Tests-3] INFO  verifyingSideMenuCollapsedLangAsInSettings_18-11-48 - [verifyingSideMenuCollapsedLangAsInSettings_18-11-48] Trying to find element: By.xpath: //ytd-topbar-menu-button-renderer[@class='style-scope ytd-masthead style-default']
18:12:40 [TestNG-test-Yt Master Tests-3] INFO  verifyingSideMenuCollapsedLangAsInSettings_18-11-48 - [verifyingSideMenuCollapsedLangAsInSettings_18-11-48] Element found and ready (attempt 1): By.xpath: //ytd-topbar-menu-button-renderer[@class='style-scope ytd-masthead style-default']
18:12:40 [TestNG-test-Yt Master Tests-3] INFO  verifyingSideMenuCollapsedLangAsInSettings_18-11-48 - Clicking language dropdown...
18:12:40 [TestNG-test-Yt Master Tests-3] INFO  verifyingSideMenuCollapsedLangAsInSettings_18-11-48 - [verifyingSideMenuCollapsedLangAsInSettings_18-11-48] Trying to find element: By.xpath: (//div[@id='content-icon'])[2]
18:12:40 [TestNG-test-Yt Master Tests-3] INFO  verifyingSideMenuCollapsedLangAsInSettings_18-11-48 - [verifyingSideMenuCollapsedLangAsInSettings_18-11-48] Element found and ready (attempt 1): By.xpath: (//div[@id='content-icon'])[2]
18:12:41 [TestNG-test-Yt Master Tests-3] INFO  verifyingSideMenuCollapsedLangAsInSettings_18-11-48 - Looking for language element with name: Dansk
18:12:41 [TestNG-test-Yt Master Tests-3] INFO  verifyingSideMenuCollapsedLangAsInSettings_18-11-48 - [verifyingSideMenuCollapsedLangAsInSettings_18-11-48] Trying to find element: By.xpath: //yt-multi-page-menu-section-renderer[@class='style-scope ytd-multi-page-menu-renderer']//yt-formatted-string[@id='label' and text()='Dansk']
18:12:42 [TestNG-test-Yt Master Tests-3] INFO  verifyingSideMenuCollapsedLangAsInSettings_18-11-48 - [verifyingSideMenuCollapsedLangAsInSettings_18-11-48] Element found and ready (attempt 1): By.xpath: //yt-multi-page-menu-section-renderer[@class='style-scope ytd-multi-page-menu-renderer']//yt-formatted-string[@id='label' and text()='Dansk']
18:12:42 [TestNG-test-Yt Master Tests-3] INFO  verifyingSideMenuCollapsedLangAsInSettings_18-11-48 - [verifyingSideMenuCollapsedLangAsInSettings_18-11-48] Trying to find element: By.xpath: //yt-multi-page-menu-section-renderer[@class='style-scope ytd-multi-page-menu-renderer']//yt-formatted-string[@id='label' and text()='Dansk']
18:12:42 [TestNG-test-Yt Master Tests-3] INFO  verifyingSideMenuCollapsedLangAsInSettings_18-11-48 - [verifyingSideMenuCollapsedLangAsInSettings_18-11-48] Element found and ready (attempt 1): By.xpath: //yt-multi-page-menu-section-renderer[@class='style-scope ytd-multi-page-menu-renderer']//yt-formatted-string[@id='label' and text()='Dansk']
18:12:44 [TestNG-test-Yt Master Tests-3] INFO  verifyingSideMenuCollapsedLangAsInSettings_18-11-48 - Clicking settings ellipses button...
18:12:44 [TestNG-test-Yt Master Tests-3] INFO  verifyingSideMenuCollapsedLangAsInSettings_18-11-48 - [verifyingSideMenuCollapsedLangAsInSettings_18-11-48] Trying to find element: By.xpath: //ytd-topbar-menu-button-renderer[@class='style-scope ytd-masthead style-default']
18:12:45 [TestNG-test-Yt Master Tests-3] INFO  verifyingSideMenuCollapsedLangAsInSettings_18-11-48 - [verifyingSideMenuCollapsedLangAsInSettings_18-11-48] Element found and ready (attempt 1): By.xpath: //ytd-topbar-menu-button-renderer[@class='style-scope ytd-masthead style-default']
18:12:45 [TestNG-test-Yt Master Tests-3] INFO  verifyingSideMenuCollapsedLangAsInSettings_18-11-48 - [verifyingSideMenuCollapsedLangAsInSettings_18-11-48] Waiting until element is visible in viewport
18:12:45 [TestNG-test-Yt Master Tests-3] INFO  verifyingSideMenuCollapsedLangAsInSettings_18-11-48 - Clicking settings ellipses button...
18:12:46 [TestNG-test-Yt Master Tests-3] INFO  verifyingSideMenuCollapsedLangAsInSettings_18-11-48 - [verifyingSideMenuCollapsedLangAsInSettings_18-11-48] Trying to find element: By.xpath: //ytd-topbar-menu-button-renderer[@class='style-scope ytd-masthead style-default']
18:12:46 [TestNG-test-Yt Master Tests-3] INFO  verifyingSideMenuCollapsedLangAsInSettings_18-11-48 - [verifyingSideMenuCollapsedLangAsInSettings_18-11-48] Element found and ready (attempt 1): By.xpath: //ytd-topbar-menu-button-renderer[@class='style-scope ytd-masthead style-default']
18:12:46 [TestNG-test-Yt Master Tests-3] INFO  verifyingSideMenuCollapsedLangAsInSettings_18-11-48 - getLangAttribute() - locating <html> and reading lang property
18:12:46 [TestNG-test-Yt Master Tests-3] INFO  verifyingSideMenuCollapsedLangAsInSettings_18-11-48 - Language attribute read: da-DK
18:12:46 [TestNG-test-Yt Master Tests-3] INFO  verifyingSideMenuCollapsedLangAsInSettings_18-11-48 - Fetching the side menu in collapsed view
18:12:46 [TestNG-test-Yt Master Tests-3] INFO  verifyingSideMenuCollapsedLangAsInSettings_18-11-48 - [verifyingSideMenuCollapsedLangAsInSettings_18-11-48] Finding elements list: By.xpath: //ytd-mini-guide-renderer[@class='style-scope ytd-app']//ytd-mini-guide-entry-renderer
18:12:46 [TestNG-test-Yt Master Tests-3] INFO  verifyingSideMenuCollapsedLangAsInSettings_18-11-48 - [verifyingSideMenuCollapsedLangAsInSettings_18-11-48] Found 4 ready elements (attempt 1): By.xpath: //ytd-mini-guide-renderer[@class='style-scope ytd-app']//ytd-mini-guide-entry-renderer
18:12:47 [TestNG-test-Yt Master Tests-3] INFO  verifyingSideMenuCollapsedLangAsInSettings_18-11-48 - Clicking settings ellipses button...
18:12:47 [TestNG-test-Yt Master Tests-3] INFO  verifyingSideMenuCollapsedLangAsInSettings_18-11-48 - [verifyingSideMenuCollapsedLangAsInSettings_18-11-48] Trying to find element: By.xpath: //ytd-topbar-menu-button-renderer[@class='style-scope ytd-masthead style-default']
18:12:47 [TestNG-test-Yt Master Tests-3] INFO  verifyingSideMenuCollapsedLangAsInSettings_18-11-48 - [verifyingSideMenuCollapsedLangAsInSettings_18-11-48] Element found and ready (attempt 1): By.xpath: //ytd-topbar-menu-button-renderer[@class='style-scope ytd-masthead style-default']
18:12:47 [TestNG-test-Yt Master Tests-3] INFO  verifyingSideMenuCollapsedLangAsInSettings_18-11-48 - Clicking language dropdown...
18:12:47 [TestNG-test-Yt Master Tests-3] INFO  verifyingSideMenuCollapsedLangAsInSettings_18-11-48 - [verifyingSideMenuCollapsedLangAsInSettings_18-11-48] Trying to find element: By.xpath: (//div[@id='content-icon'])[2]
18:12:47 [TestNG-test-Yt Master Tests-3] INFO  verifyingSideMenuCollapsedLangAsInSettings_18-11-48 - [verifyingSideMenuCollapsedLangAsInSettings_18-11-48] Element found and ready (attempt 1): By.xpath: (//div[@id='content-icon'])[2]
18:12:48 [TestNG-test-Yt Master Tests-3] INFO  verifyingSideMenuCollapsedLangAsInSettings_18-11-48 - Looking for language element with name: Deutsch
18:12:48 [TestNG-test-Yt Master Tests-3] INFO  verifyingSideMenuCollapsedLangAsInSettings_18-11-48 - [verifyingSideMenuCollapsedLangAsInSettings_18-11-48] Trying to find element: By.xpath: //yt-multi-page-menu-section-renderer[@class='style-scope ytd-multi-page-menu-renderer']//yt-formatted-string[@id='label' and text()='Deutsch']
18:12:48 [TestNG-test-Yt Master Tests-3] INFO  verifyingSideMenuCollapsedLangAsInSettings_18-11-48 - [verifyingSideMenuCollapsedLangAsInSettings_18-11-48] Element found and ready (attempt 1): By.xpath: //yt-multi-page-menu-section-renderer[@class='style-scope ytd-multi-page-menu-renderer']//yt-formatted-string[@id='label' and text()='Deutsch']
18:12:48 [TestNG-test-Yt Master Tests-3] INFO  verifyingSideMenuCollapsedLangAsInSettings_18-11-48 - [verifyingSideMenuCollapsedLangAsInSettings_18-11-48] Trying to find element: By.xpath: //yt-multi-page-menu-section-renderer[@class='style-scope ytd-multi-page-menu-renderer']//yt-formatted-string[@id='label' and text()='Deutsch']
18:12:49 [TestNG-test-Yt Master Tests-3] INFO  verifyingSideMenuCollapsedLangAsInSettings_18-11-48 - [verifyingSideMenuCollapsedLangAsInSettings_18-11-48] Element found and ready (attempt 1): By.xpath: //yt-multi-page-menu-section-renderer[@class='style-scope ytd-multi-page-menu-renderer']//yt-formatted-string[@id='label' and text()='Deutsch']
18:12:52 [TestNG-test-Yt Master Tests-3] INFO  verifyingSideMenuCollapsedLangAsInSettings_18-11-48 - Clicking settings ellipses button...
18:12:52 [TestNG-test-Yt Master Tests-3] INFO  verifyingSideMenuCollapsedLangAsInSettings_18-11-48 - [verifyingSideMenuCollapsedLangAsInSettings_18-11-48] Trying to find element: By.xpath: //ytd-topbar-menu-button-renderer[@class='style-scope ytd-masthead style-default']
18:12:52 [TestNG-test-Yt Master Tests-3] INFO  verifyingSideMenuCollapsedLangAsInSettings_18-11-48 - [verifyingSideMenuCollapsedLangAsInSettings_18-11-48] Element found and ready (attempt 1): By.xpath: //ytd-topbar-menu-button-renderer[@class='style-scope ytd-masthead style-default']
18:12:52 [TestNG-test-Yt Master Tests-3] INFO  verifyingSideMenuCollapsedLangAsInSettings_18-11-48 - [verifyingSideMenuCollapsedLangAsInSettings_18-11-48] Waiting until element is visible in viewport
18:12:52 [TestNG-test-Yt Master Tests-3] INFO  verifyingSideMenuCollapsedLangAsInSettings_18-11-48 - Clicking settings ellipses button...
18:12:53 [TestNG-test-Yt Master Tests-3] INFO  verifyingSideMenuCollapsedLangAsInSettings_18-11-48 - [verifyingSideMenuCollapsedLangAsInSettings_18-11-48] Trying to find element: By.xpath: //ytd-topbar-menu-button-renderer[@class='style-scope ytd-masthead style-default']
18:12:53 [TestNG-test-Yt Master Tests-3] INFO  verifyingSideMenuCollapsedLangAsInSettings_18-11-48 - [verifyingSideMenuCollapsedLangAsInSettings_18-11-48] Element found and ready (attempt 1): By.xpath: //ytd-topbar-menu-button-renderer[@class='style-scope ytd-masthead style-default']
18:12:53 [TestNG-test-Yt Master Tests-3] INFO  verifyingSideMenuCollapsedLangAsInSettings_18-11-48 - getLangAttribute() - locating <html> and reading lang property
18:12:53 [TestNG-test-Yt Master Tests-3] INFO  verifyingSideMenuCollapsedLangAsInSettings_18-11-48 - Language attribute read: de-DE
18:12:53 [TestNG-test-Yt Master Tests-3] INFO  verifyingSideMenuCollapsedLangAsInSettings_18-11-48 - Fetching the side menu in collapsed view
18:12:53 [TestNG-test-Yt Master Tests-3] INFO  verifyingSideMenuCollapsedLangAsInSettings_18-11-48 - [verifyingSideMenuCollapsedLangAsInSettings_18-11-48] Finding elements list: By.xpath: //ytd-mini-guide-renderer[@class='style-scope ytd-app']//ytd-mini-guide-entry-renderer
18:12:53 [TestNG-test-Yt Master Tests-3] INFO  verifyingSideMenuCollapsedLangAsInSettings_18-11-48 - [verifyingSideMenuCollapsedLangAsInSettings_18-11-48] Found 4 ready elements (attempt 1): By.xpath: //ytd-mini-guide-renderer[@class='style-scope ytd-app']//ytd-mini-guide-entry-renderer
18:12:53 [TestNG-test-Yt Master Tests-3] INFO  verifyingSideMenuCollapsedLangAsInSettings_18-11-48 - Clicking settings ellipses button...
18:12:53 [TestNG-test-Yt Master Tests-3] INFO  verifyingSideMenuCollapsedLangAsInSettings_18-11-48 - [verifyingSideMenuCollapsedLangAsInSettings_18-11-48] Trying to find element: By.xpath: //ytd-topbar-menu-button-renderer[@class='style-scope ytd-masthead style-default']
18:12:53 [TestNG-test-Yt Master Tests-3] INFO  verifyingSideMenuCollapsedLangAsInSettings_18-11-48 - [verifyingSideMenuCollapsedLangAsInSettings_18-11-48] Element found and ready (attempt 1): By.xpath: //ytd-topbar-menu-button-renderer[@class='style-scope ytd-masthead style-default']
18:12:54 [TestNG-test-Yt Master Tests-3] INFO  verifyingSideMenuCollapsedLangAsInSettings_18-11-48 - Clicking language dropdown...
18:12:54 [TestNG-test-Yt Master Tests-3] INFO  verifyingSideMenuCollapsedLangAsInSettings_18-11-48 - [verifyingSideMenuCollapsedLangAsInSettings_18-11-48] Trying to find element: By.xpath: (//div[@id='content-icon'])[2]
18:12:54 [TestNG-test-Yt Master Tests-3] INFO  verifyingSideMenuCollapsedLangAsInSettings_18-11-48 - [verifyingSideMenuCollapsedLangAsInSettings_18-11-48] Element found and ready (attempt 1): By.xpath: (//div[@id='content-icon'])[2]
18:12:55 [TestNG-test-Yt Master Tests-3] INFO  verifyingSideMenuCollapsedLangAsInSettings_18-11-48 - Looking for language element with name: Eesti
18:12:55 [TestNG-test-Yt Master Tests-3] INFO  verifyingSideMenuCollapsedLangAsInSettings_18-11-48 - [verifyingSideMenuCollapsedLangAsInSettings_18-11-48] Trying to find element: By.xpath: //yt-multi-page-menu-section-renderer[@class='style-scope ytd-multi-page-menu-renderer']//yt-formatted-string[@id='label' and text()='Eesti']
18:12:55 [TestNG-test-Yt Master Tests-3] INFO  verifyingSideMenuCollapsedLangAsInSettings_18-11-48 - [verifyingSideMenuCollapsedLangAsInSettings_18-11-48] Element found and ready (attempt 1): By.xpath: //yt-multi-page-menu-section-renderer[@class='style-scope ytd-multi-page-menu-renderer']//yt-formatted-string[@id='label' and text()='Eesti']
18:12:55 [TestNG-test-Yt Master Tests-3] INFO  verifyingSideMenuCollapsedLangAsInSettings_18-11-48 - [verifyingSideMenuCollapsedLangAsInSettings_18-11-48] Trying to find element: By.xpath: //yt-multi-page-menu-section-renderer[@class='style-scope ytd-multi-page-menu-renderer']//yt-formatted-string[@id='label' and text()='Eesti']
18:12:55 [TestNG-test-Yt Master Tests-3] INFO  verifyingSideMenuCollapsedLangAsInSettings_18-11-48 - [verifyingSideMenuCollapsedLangAsInSettings_18-11-48] Element found and ready (attempt 1): By.xpath: //yt-multi-page-menu-section-renderer[@class='style-scope ytd-multi-page-menu-renderer']//yt-formatted-string[@id='label' and text()='Eesti']
18:12:57 [TestNG-test-Yt Master Tests-3] INFO  verifyingSideMenuCollapsedLangAsInSettings_18-11-48 - Clicking settings ellipses button...
18:12:57 [TestNG-test-Yt Master Tests-3] INFO  verifyingSideMenuCollapsedLangAsInSettings_18-11-48 - [verifyingSideMenuCollapsedLangAsInSettings_18-11-48] Trying to find element: By.xpath: //ytd-topbar-menu-button-renderer[@class='style-scope ytd-masthead style-default']
18:12:58 [TestNG-test-Yt Master Tests-3] INFO  verifyingSideMenuCollapsedLangAsInSettings_18-11-48 - [verifyingSideMenuCollapsedLangAsInSettings_18-11-48] Element found and ready (attempt 1): By.xpath: //ytd-topbar-menu-button-renderer[@class='style-scope ytd-masthead style-default']
18:12:58 [TestNG-test-Yt Master Tests-3] INFO  verifyingSideMenuCollapsedLangAsInSettings_18-11-48 - [verifyingSideMenuCollapsedLangAsInSettings_18-11-48] Waiting until element is visible in viewport
18:12:59 [TestNG-test-Yt Master Tests-3] INFO  verifyingSideMenuCollapsedLangAsInSettings_18-11-48 - Clicking settings ellipses button...
18:12:59 [TestNG-test-Yt Master Tests-3] INFO  verifyingSideMenuCollapsedLangAsInSettings_18-11-48 - [verifyingSideMenuCollapsedLangAsInSettings_18-11-48] Trying to find element: By.xpath: //ytd-topbar-menu-button-renderer[@class='style-scope ytd-masthead style-default']
18:12:59 [TestNG-test-Yt Master Tests-3] INFO  verifyingSideMenuCollapsedLangAsInSettings_18-11-48 - [verifyingSideMenuCollapsedLangAsInSettings_18-11-48] Element found and ready (attempt 1): By.xpath: //ytd-topbar-menu-button-renderer[@class='style-scope ytd-masthead style-default']
18:12:59 [TestNG-test-Yt Master Tests-3] INFO  verifyingSideMenuCollapsedLangAsInSettings_18-11-48 - getLangAttribute() - locating <html> and reading lang property
18:12:59 [TestNG-test-Yt Master Tests-3] INFO  verifyingSideMenuCollapsedLangAsInSettings_18-11-48 - Language attribute read: et-EE
18:12:59 [TestNG-test-Yt Master Tests-3] INFO  verifyingSideMenuCollapsedLangAsInSettings_18-11-48 - Fetching the side menu in collapsed view
18:12:59 [TestNG-test-Yt Master Tests-3] INFO  verifyingSideMenuCollapsedLangAsInSettings_18-11-48 - [verifyingSideMenuCollapsedLangAsInSettings_18-11-48] Finding elements list: By.xpath: //ytd-mini-guide-renderer[@class='style-scope ytd-app']//ytd-mini-guide-entry-renderer
18:12:59 [TestNG-test-Yt Master Tests-3] INFO  verifyingSideMenuCollapsedLangAsInSettings_18-11-48 - [verifyingSideMenuCollapsedLangAsInSettings_18-11-48] Found 4 ready elements (attempt 1): By.xpath: //ytd-mini-guide-renderer[@class='style-scope ytd-app']//ytd-mini-guide-entry-renderer
18:12:59 [TestNG-test-Yt Master Tests-3] INFO  verifyingSideMenuCollapsedLangAsInSettings_18-11-48 - Clicking settings ellipses button...
18:13:00 [TestNG-test-Yt Master Tests-3] INFO  verifyingSideMenuCollapsedLangAsInSettings_18-11-48 - [verifyingSideMenuCollapsedLangAsInSettings_18-11-48] Trying to find element: By.xpath: //ytd-topbar-menu-button-renderer[@class='style-scope ytd-masthead style-default']
18:13:00 [TestNG-test-Yt Master Tests-3] INFO  verifyingSideMenuCollapsedLangAsInSettings_18-11-48 - [verifyingSideMenuCollapsedLangAsInSettings_18-11-48] Element found and ready (attempt 1): By.xpath: //ytd-topbar-menu-button-renderer[@class='style-scope ytd-masthead style-default']
18:13:00 [TestNG-test-Yt Master Tests-3] INFO  verifyingSideMenuCollapsedLangAsInSettings_18-11-48 - Clicking language dropdown...
18:13:00 [TestNG-test-Yt Master Tests-3] INFO  verifyingSideMenuCollapsedLangAsInSettings_18-11-48 - [verifyingSideMenuCollapsedLangAsInSettings_18-11-48] Trying to find element: By.xpath: (//div[@id='content-icon'])[2]
18:13:00 [TestNG-test-Yt Master Tests-3] INFO  verifyingSideMenuCollapsedLangAsInSettings_18-11-48 - [verifyingSideMenuCollapsedLangAsInSettings_18-11-48] Element found and ready (attempt 1): By.xpath: (//div[@id='content-icon'])[2]
18:13:01 [TestNG-test-Yt Master Tests-3] INFO  verifyingSideMenuCollapsedLangAsInSettings_18-11-48 - Looking for language element with name: English (India)
18:13:01 [TestNG-test-Yt Master Tests-3] INFO  verifyingSideMenuCollapsedLangAsInSettings_18-11-48 - [verifyingSideMenuCollapsedLangAsInSettings_18-11-48] Trying to find element: By.xpath: //yt-multi-page-menu-section-renderer[@class='style-scope ytd-multi-page-menu-renderer']//yt-formatted-string[@id='label' and text()='English (India)']
18:13:01 [TestNG-test-Yt Master Tests-3] INFO  verifyingSideMenuCollapsedLangAsInSettings_18-11-48 - [verifyingSideMenuCollapsedLangAsInSettings_18-11-48] Element found and ready (attempt 1): By.xpath: //yt-multi-page-menu-section-renderer[@class='style-scope ytd-multi-page-menu-renderer']//yt-formatted-string[@id='label' and text()='English (India)']
18:13:01 [TestNG-test-Yt Master Tests-3] INFO  verifyingSideMenuCollapsedLangAsInSettings_18-11-48 - [verifyingSideMenuCollapsedLangAsInSettings_18-11-48] Trying to find element: By.xpath: //yt-multi-page-menu-section-renderer[@class='style-scope ytd-multi-page-menu-renderer']//yt-formatted-string[@id='label' and text()='English (India)']
18:13:01 [TestNG-test-Yt Master Tests-3] INFO  verifyingSideMenuCollapsedLangAsInSettings_18-11-48 - [verifyingSideMenuCollapsedLangAsInSettings_18-11-48] Element found and ready (attempt 1): By.xpath: //yt-multi-page-menu-section-renderer[@class='style-scope ytd-multi-page-menu-renderer']//yt-formatted-string[@id='label' and text()='English (India)']
18:13:04 [TestNG-test-Yt Master Tests-3] INFO  verifyingSideMenuCollapsedLangAsInSettings_18-11-48 - Clicking settings ellipses button...
18:13:04 [TestNG-test-Yt Master Tests-3] INFO  verifyingSideMenuCollapsedLangAsInSettings_18-11-48 - [verifyingSideMenuCollapsedLangAsInSettings_18-11-48] Trying to find element: By.xpath: //ytd-topbar-menu-button-renderer[@class='style-scope ytd-masthead style-default']
18:13:04 [TestNG-test-Yt Master Tests-3] INFO  verifyingSideMenuCollapsedLangAsInSettings_18-11-48 - [verifyingSideMenuCollapsedLangAsInSettings_18-11-48] Element found and ready (attempt 1): By.xpath: //ytd-topbar-menu-button-renderer[@class='style-scope ytd-masthead style-default']
18:13:04 [TestNG-test-Yt Master Tests-3] INFO  verifyingSideMenuCollapsedLangAsInSettings_18-11-48 - [verifyingSideMenuCollapsedLangAsInSettings_18-11-48] Waiting until element is visible in viewport
18:13:05 [TestNG-test-Yt Master Tests-3] INFO  verifyingSideMenuCollapsedLangAsInSettings_18-11-48 - Clicking settings ellipses button...
18:13:05 [TestNG-test-Yt Master Tests-3] INFO  verifyingSideMenuCollapsedLangAsInSettings_18-11-48 - [verifyingSideMenuCollapsedLangAsInSettings_18-11-48] Trying to find element: By.xpath: //ytd-topbar-menu-button-renderer[@class='style-scope ytd-masthead style-default']
18:13:05 [TestNG-test-Yt Master Tests-3] INFO  verifyingSideMenuCollapsedLangAsInSettings_18-11-48 - [verifyingSideMenuCollapsedLangAsInSettings_18-11-48] Element found and ready (attempt 1): By.xpath: //ytd-topbar-menu-button-renderer[@class='style-scope ytd-masthead style-default']
18:13:05 [TestNG-test-Yt Master Tests-3] INFO  verifyingSideMenuCollapsedLangAsInSettings_18-11-48 - getLangAttribute() - locating <html> and reading lang property
18:13:05 [TestNG-test-Yt Master Tests-3] INFO  verifyingSideMenuCollapsedLangAsInSettings_18-11-48 - Language attribute read: en-IN
18:13:05 [TestNG-test-Yt Master Tests-3] INFO  verifyingSideMenuCollapsedLangAsInSettings_18-11-48 - Fetching the side menu in collapsed view
18:13:05 [TestNG-test-Yt Master Tests-3] INFO  verifyingSideMenuCollapsedLangAsInSettings_18-11-48 - [verifyingSideMenuCollapsedLangAsInSettings_18-11-48] Finding elements list: By.xpath: //ytd-mini-guide-renderer[@class='style-scope ytd-app']//ytd-mini-guide-entry-renderer
18:13:06 [TestNG-test-Yt Master Tests-3] INFO  verifyingSideMenuCollapsedLangAsInSettings_18-11-48 - [verifyingSideMenuCollapsedLangAsInSettings_18-11-48] Found 4 ready elements (attempt 1): By.xpath: //ytd-mini-guide-renderer[@class='style-scope ytd-app']//ytd-mini-guide-entry-renderer
18:13:06 [TestNG-test-Yt Master Tests-3] INFO  verifyingSideMenuCollapsedLangAsInSettings_18-11-48 - Clicking settings ellipses button...
18:13:06 [TestNG-test-Yt Master Tests-3] INFO  verifyingSideMenuCollapsedLangAsInSettings_18-11-48 - [verifyingSideMenuCollapsedLangAsInSettings_18-11-48] Trying to find element: By.xpath: //ytd-topbar-menu-button-renderer[@class='style-scope ytd-masthead style-default']
18:13:06 [TestNG-test-Yt Master Tests-3] INFO  verifyingSideMenuCollapsedLangAsInSettings_18-11-48 - [verifyingSideMenuCollapsedLangAsInSettings_18-11-48] Element found and ready (attempt 1): By.xpath: //ytd-topbar-menu-button-renderer[@class='style-scope ytd-masthead style-default']
18:13:06 [TestNG-test-Yt Master Tests-3] INFO  verifyingSideMenuCollapsedLangAsInSettings_18-11-48 - Clicking language dropdown...
18:13:06 [TestNG-test-Yt Master Tests-3] INFO  verifyingSideMenuCollapsedLangAsInSettings_18-11-48 - [verifyingSideMenuCollapsedLangAsInSettings_18-11-48] Trying to find element: By.xpath: (//div[@id='content-icon'])[2]
18:13:07 [TestNG-test-Yt Master Tests-3] INFO  verifyingSideMenuCollapsedLangAsInSettings_18-11-48 - [verifyingSideMenuCollapsedLangAsInSettings_18-11-48] Element found and ready (attempt 1): By.xpath: (//div[@id='content-icon'])[2]
