17:57:20 [TestNG-test-Yt Master Tests-1] INFO  verifyingGlobalFilterLandingPageLingua_17-57-20 - No existing WebDriver found for current thread. Initializing a new ChromeDriver...
17:57:20 [TestNG-test-Yt Master Tests-1] INFO  verifyingGlobalFilterLandingPageLingua_17-57-20 - WebDriverManager: chromedriver setup OK
17:57:22 [TestNG-test-Yt Master Tests-1] INFO  verifyingGlobalFilterLandingPageLingua_17-57-20 - ChromeDriver initialized successfully for thread: 34
17:57:22 [TestNG-test-Yt Master Tests-1] INFO  verifyingGlobalFilterLandingPageLingua_17-57-20 - SafeActions initialized with driver ChromeDriver: chrome on windows (3cf63fc8b284e6edaaae8d032f207f9d)
17:57:22 [TestNG-test-Yt Master Tests-1] INFO  verifyingGlobalFilterLandingPageLingua_17-57-20 - SafeActions initialized with driver ChromeDriver: chrome on windows (3cf63fc8b284e6edaaae8d032f207f9d)
17:57:22 [TestNG-test-Yt Master Tests-1] INFO  verifyingGlobalFilterLandingPageLingua_17-57-20 - Initialized YtLandingPage with driver: ChromeDriver: chrome on windows (3cf63fc8b284e6edaaae8d032f207f9d)
17:57:28 [TestNG-test-Yt Master Tests-1] INFO  verifyingGlobalFilterLandingPageLingua_17-57-20 - Opened YouTube landing page.
17:57:28 [TestNG-test-Yt Master Tests-1] INFO  verifyingGlobalFilterLandingPageLingua_17-57-20 - Giving input into the search bar with input as  = youtube
17:57:28 [TestNG-test-Yt Master Tests-1] INFO  verifyingGlobalFilterLandingPageLingua_17-57-20 - [verifyingGlobalFilterLandingPageLingua_17-57-20] Trying to click element: By.xpath: //input[@class='ytSearchboxComponentInput yt-searchbox-input title']
17:57:28 [TestNG-test-Yt Master Tests-1] INFO  verifyingGlobalFilterLandingPageLingua_17-57-20 - [verifyingGlobalFilterLandingPageLingua_17-57-20] Clicked successfully (attempt 1): By.xpath: //input[@class='ytSearchboxComponentInput yt-searchbox-input title']
17:57:28 [TestNG-test-Yt Master Tests-1] INFO  verifyingGlobalFilterLandingPageLingua_17-57-20 - [verifyingGlobalFilterLandingPageLingua_17-57-20] Trying to find element: By.xpath: //input[@class='ytSearchboxComponentInput yt-searchbox-input title']
17:57:29 [TestNG-test-Yt Master Tests-1] INFO  verifyingGlobalFilterLandingPageLingua_17-57-20 - [verifyingGlobalFilterLandingPageLingua_17-57-20] Element found and ready (attempt 1): By.xpath: //input[@class='ytSearchboxComponentInput yt-searchbox-input title']
17:57:29 [TestNG-test-Yt Master Tests-1] INFO  verifyingGlobalFilterLandingPageLingua_17-57-20 - clickEnter(By.xpath: //input[@class='ytSearchboxComponentInput yt-searchbox-input title'])
17:57:29 [TestNG-test-Yt Master Tests-1] INFO  verifyingGlobalFilterLandingPageLingua_17-57-20 - [verifyingGlobalFilterLandingPageLingua_17-57-20] Trying to find element: By.xpath: //input[@class='ytSearchboxComponentInput yt-searchbox-input title']
17:57:29 [TestNG-test-Yt Master Tests-1] INFO  verifyingGlobalFilterLandingPageLingua_17-57-20 - [verifyingGlobalFilterLandingPageLingua_17-57-20] Element found and ready (attempt 1): By.xpath: //input[@class='ytSearchboxComponentInput yt-searchbox-input title']
17:57:29 [TestNG-test-Yt Master Tests-1] INFO  verifyingGlobalFilterLandingPageLingua_17-57-20 - Sent ENTER to By.xpath: //input[@class='ytSearchboxComponentInput yt-searchbox-input title']
17:57:29 [TestNG-test-Yt Master Tests-1] INFO  verifyingGlobalFilterLandingPageLingua_17-57-20 - [verifyingGlobalFilterLandingPageLingua_17-57-20] Execution is Not CRON Job Hence refering to normal keys from UtilData
17:57:29 [TestNG-test-Yt Master Tests-1] INFO  verifyingGlobalFilterLandingPageLingua_17-57-20 - Clicking settings ellipses button...
17:57:29 [TestNG-test-Yt Master Tests-1] INFO  verifyingGlobalFilterLandingPageLingua_17-57-20 - [verifyingGlobalFilterLandingPageLingua_17-57-20] Trying to find element: By.xpath: //ytd-topbar-menu-button-renderer[@class='style-scope ytd-masthead style-default']
17:57:29 [TestNG-test-Yt Master Tests-1] INFO  verifyingGlobalFilterLandingPageLingua_17-57-20 - [verifyingGlobalFilterLandingPageLingua_17-57-20] Element found and ready (attempt 1): By.xpath: //ytd-topbar-menu-button-renderer[@class='style-scope ytd-masthead style-default']
17:57:30 [TestNG-test-Yt Master Tests-1] INFO  verifyingGlobalFilterLandingPageLingua_17-57-20 - Clicking language dropdown...
17:57:30 [TestNG-test-Yt Master Tests-1] INFO  verifyingGlobalFilterLandingPageLingua_17-57-20 - [verifyingGlobalFilterLandingPageLingua_17-57-20] Trying to find element: By.xpath: (//div[@id='content-icon'])[2]
17:57:30 [TestNG-test-Yt Master Tests-1] INFO  verifyingGlobalFilterLandingPageLingua_17-57-20 - [verifyingGlobalFilterLandingPageLingua_17-57-20] Element found and ready (attempt 1): By.xpath: (//div[@id='content-icon'])[2]
17:57:30 [TestNG-test-Yt Master Tests-1] INFO  verifyingGlobalFilterLandingPageLingua_17-57-20 - Looking for language element with name: Afrikaans
17:57:30 [TestNG-test-Yt Master Tests-1] INFO  verifyingGlobalFilterLandingPageLingua_17-57-20 - [verifyingGlobalFilterLandingPageLingua_17-57-20] Trying to find element: By.xpath: //yt-multi-page-menu-section-renderer[@class='style-scope ytd-multi-page-menu-renderer']//yt-formatted-string[@id='label' and text()='Afrikaans']
17:57:32 [TestNG-test-Yt Master Tests-1] INFO  verifyingGlobalFilterLandingPageLingua_17-57-20 - [verifyingGlobalFilterLandingPageLingua_17-57-20] Element found and ready (attempt 1): By.xpath: //yt-multi-page-menu-section-renderer[@class='style-scope ytd-multi-page-menu-renderer']//yt-formatted-string[@id='label' and text()='Afrikaans']
17:57:32 [TestNG-test-Yt Master Tests-1] INFO  verifyingGlobalFilterLandingPageLingua_17-57-20 - [verifyingGlobalFilterLandingPageLingua_17-57-20] Trying to find element: By.xpath: //yt-multi-page-menu-section-renderer[@class='style-scope ytd-multi-page-menu-renderer']//yt-formatted-string[@id='label' and text()='Afrikaans']
17:57:32 [TestNG-test-Yt Master Tests-1] INFO  verifyingGlobalFilterLandingPageLingua_17-57-20 - [verifyingGlobalFilterLandingPageLingua_17-57-20] Element found and ready (attempt 1): By.xpath: //yt-multi-page-menu-section-renderer[@class='style-scope ytd-multi-page-menu-renderer']//yt-formatted-string[@id='label' and text()='Afrikaans']
17:57:36 [TestNG-test-Yt Master Tests-1] INFO  verifyingGlobalFilterLandingPageLingua_17-57-20 - Clicking settings ellipses button...
17:57:37 [TestNG-test-Yt Master Tests-1] INFO  verifyingGlobalFilterLandingPageLingua_17-57-20 - [verifyingGlobalFilterLandingPageLingua_17-57-20] Trying to find element: By.xpath: //ytd-topbar-menu-button-renderer[@class='style-scope ytd-masthead style-default']
17:57:37 [TestNG-test-Yt Master Tests-1] INFO  verifyingGlobalFilterLandingPageLingua_17-57-20 - [verifyingGlobalFilterLandingPageLingua_17-57-20] Element found and ready (attempt 1): By.xpath: //ytd-topbar-menu-button-renderer[@class='style-scope ytd-masthead style-default']
17:57:38 [TestNG-test-Yt Master Tests-1] INFO  verifyingGlobalFilterLandingPageLingua_17-57-20 - [verifyingGlobalFilterLandingPageLingua_17-57-20] Waiting until element is visible in viewport
17:57:38 [TestNG-test-Yt Master Tests-1] INFO  verifyingGlobalFilterLandingPageLingua_17-57-20 - Clicking settings ellipses button...
17:57:38 [TestNG-test-Yt Master Tests-1] INFO  verifyingGlobalFilterLandingPageLingua_17-57-20 - [verifyingGlobalFilterLandingPageLingua_17-57-20] Trying to find element: By.xpath: //ytd-topbar-menu-button-renderer[@class='style-scope ytd-masthead style-default']
17:57:38 [TestNG-test-Yt Master Tests-1] INFO  verifyingGlobalFilterLandingPageLingua_17-57-20 - [verifyingGlobalFilterLandingPageLingua_17-57-20] Element found and ready (attempt 1): By.xpath: //ytd-topbar-menu-button-renderer[@class='style-scope ytd-masthead style-default']
17:57:38 [TestNG-test-Yt Master Tests-1] INFO  verifyingGlobalFilterLandingPageLingua_17-57-20 - Clicking on global filter button in landing page..
17:57:38 [TestNG-test-Yt Master Tests-1] INFO  verifyingGlobalFilterLandingPageLingua_17-57-20 - [verifyingGlobalFilterLandingPageLingua_17-57-20] Trying to click element: By.xpath: //div[@id='filter-button']
17:57:38 [TestNG-test-Yt Master Tests-1] INFO  verifyingGlobalFilterLandingPageLingua_17-57-20 - [verifyingGlobalFilterLandingPageLingua_17-57-20] Clicked successfully (attempt 1): By.xpath: //div[@id='filter-button']
17:57:38 [TestNG-test-Yt Master Tests-1] INFO  verifyingGlobalFilterLandingPageLingua_17-57-20 - [verifyingGlobalFilterLandingPageLingua_17-57-20] Waiting until element is visible in viewport
17:57:39 [TestNG-test-Yt Master Tests-1] INFO  verifyingGlobalFilterLandingPageLingua_17-57-20 - Fetching the data from the global filter in landing page
17:57:39 [TestNG-test-Yt Master Tests-1] INFO  verifyingGlobalFilterLandingPageLingua_17-57-20 - [verifyingGlobalFilterLandingPageLingua_17-57-20] Trying to find element: By.xpath: //ytd-search-filter-options-dialog-renderer[@class='style-scope ytd-popup-container']
17:57:39 [TestNG-test-Yt Master Tests-1] INFO  verifyingGlobalFilterLandingPageLingua_17-57-20 - [verifyingGlobalFilterLandingPageLingua_17-57-20] Element found and ready (attempt 1): By.xpath: //ytd-search-filter-options-dialog-renderer[@class='style-scope ytd-popup-container']
17:57:39 [TestNG-test-Yt Master Tests-1] INFO  verifyingGlobalFilterLandingPageLingua_17-57-20 - Closing the global filter pop-up in landing page..
17:57:39 [TestNG-test-Yt Master Tests-1] INFO  verifyingGlobalFilterLandingPageLingua_17-57-20 - [verifyingGlobalFilterLandingPageLingua_17-57-20] Trying to find element: By.xpath: //yt-icon[@icon='close']
17:57:39 [TestNG-test-Yt Master Tests-1] INFO  verifyingGlobalFilterLandingPageLingua_17-57-20 - [verifyingGlobalFilterLandingPageLingua_17-57-20] Element found and ready (attempt 1): By.xpath: //yt-icon[@icon='close']
17:57:39 [TestNG-test-Yt Master Tests-1] INFO  verifyingGlobalFilterLandingPageLingua_17-57-20 - 
========== LANGUAGE DETECTION ==========
Detected Language : AFRIKAANS
Input Text        : Soekfilters
TIPE
Video’s
Kortvideo’s
Kanale
Snitlyste
Flieks
TYDSDUUR
Korter as 3 minute
3-20 minute
Langer as 20 minute
OPLAAIDATUM
Vandag
Vandeesweek
Vandeesmaand
Hierdie jaar
KENMERKE
Regstreeks
4K
HD
Onderskrifte
Creative Commons
360°
VR180
3D
HDR
Ligging
Gekoop
PRIORITISEER
Relevansie
Gewildheid
========================================
17:57:39 [TestNG-test-Yt Master Tests-1] INFO  verifyingGlobalFilterLandingPageLingua_17-57-20 - getLangAttribute() - locating <html> and reading lang property
17:57:39 [TestNG-test-Yt Master Tests-1] INFO  verifyingGlobalFilterLandingPageLingua_17-57-20 - Language attribute read: af-ZA
17:57:39 [TestNG-test-Yt Master Tests-1] INFO  verifyingGlobalFilterLandingPageLingua_17-57-20 - Clicking settings ellipses button...
17:57:39 [TestNG-test-Yt Master Tests-1] INFO  verifyingGlobalFilterLandingPageLingua_17-57-20 - [verifyingGlobalFilterLandingPageLingua_17-57-20] Trying to find element: By.xpath: //ytd-topbar-menu-button-renderer[@class='style-scope ytd-masthead style-default']
17:57:39 [TestNG-test-Yt Master Tests-1] INFO  verifyingGlobalFilterLandingPageLingua_17-57-20 - [verifyingGlobalFilterLandingPageLingua_17-57-20] Element found and ready (attempt 1): By.xpath: //ytd-topbar-menu-button-renderer[@class='style-scope ytd-masthead style-default']
17:57:40 [TestNG-test-Yt Master Tests-1] INFO  verifyingGlobalFilterLandingPageLingua_17-57-20 - Clicking language dropdown...
17:57:40 [TestNG-test-Yt Master Tests-1] INFO  verifyingGlobalFilterLandingPageLingua_17-57-20 - [verifyingGlobalFilterLandingPageLingua_17-57-20] Trying to find element: By.xpath: (//div[@id='content-icon'])[2]
17:57:40 [TestNG-test-Yt Master Tests-1] INFO  verifyingGlobalFilterLandingPageLingua_17-57-20 - [verifyingGlobalFilterLandingPageLingua_17-57-20] Element found and ready (attempt 1): By.xpath: (//div[@id='content-icon'])[2]
17:57:40 [TestNG-test-Yt Master Tests-1] INFO  verifyingGlobalFilterLandingPageLingua_17-57-20 - Looking for language element with name: Azərbaycan
17:57:40 [TestNG-test-Yt Master Tests-1] INFO  verifyingGlobalFilterLandingPageLingua_17-57-20 - [verifyingGlobalFilterLandingPageLingua_17-57-20] Trying to find element: By.xpath: //yt-multi-page-menu-section-renderer[@class='style-scope ytd-multi-page-menu-renderer']//yt-formatted-string[@id='label' and text()='Azərbaycan']
17:57:41 [TestNG-test-Yt Master Tests-1] INFO  verifyingGlobalFilterLandingPageLingua_17-57-20 - [verifyingGlobalFilterLandingPageLingua_17-57-20] Element found and ready (attempt 1): By.xpath: //yt-multi-page-menu-section-renderer[@class='style-scope ytd-multi-page-menu-renderer']//yt-formatted-string[@id='label' and text()='Azərbaycan']
17:57:41 [TestNG-test-Yt Master Tests-1] INFO  verifyingGlobalFilterLandingPageLingua_17-57-20 - [verifyingGlobalFilterLandingPageLingua_17-57-20] Trying to find element: By.xpath: //yt-multi-page-menu-section-renderer[@class='style-scope ytd-multi-page-menu-renderer']//yt-formatted-string[@id='label' and text()='Azərbaycan']
17:57:41 [TestNG-test-Yt Master Tests-1] INFO  verifyingGlobalFilterLandingPageLingua_17-57-20 - [verifyingGlobalFilterLandingPageLingua_17-57-20] Element found and ready (attempt 1): By.xpath: //yt-multi-page-menu-section-renderer[@class='style-scope ytd-multi-page-menu-renderer']//yt-formatted-string[@id='label' and text()='Azərbaycan']
17:57:43 [TestNG-test-Yt Master Tests-1] INFO  verifyingGlobalFilterLandingPageLingua_17-57-20 - Clicking settings ellipses button...
17:57:44 [TestNG-test-Yt Master Tests-1] INFO  verifyingGlobalFilterLandingPageLingua_17-57-20 - [verifyingGlobalFilterLandingPageLingua_17-57-20] Trying to find element: By.xpath: //ytd-topbar-menu-button-renderer[@class='style-scope ytd-masthead style-default']
17:57:45 [TestNG-test-Yt Master Tests-1] INFO  verifyingGlobalFilterLandingPageLingua_17-57-20 - [verifyingGlobalFilterLandingPageLingua_17-57-20] Element found and ready (attempt 1): By.xpath: //ytd-topbar-menu-button-renderer[@class='style-scope ytd-masthead style-default']
17:57:45 [TestNG-test-Yt Master Tests-1] INFO  verifyingGlobalFilterLandingPageLingua_17-57-20 - [verifyingGlobalFilterLandingPageLingua_17-57-20] Waiting until element is visible in viewport
17:57:46 [TestNG-test-Yt Master Tests-1] INFO  verifyingGlobalFilterLandingPageLingua_17-57-20 - Clicking settings ellipses button...
17:57:46 [TestNG-test-Yt Master Tests-1] INFO  verifyingGlobalFilterLandingPageLingua_17-57-20 - [verifyingGlobalFilterLandingPageLingua_17-57-20] Trying to find element: By.xpath: //ytd-topbar-menu-button-renderer[@class='style-scope ytd-masthead style-default']
17:57:46 [TestNG-test-Yt Master Tests-1] INFO  verifyingGlobalFilterLandingPageLingua_17-57-20 - [verifyingGlobalFilterLandingPageLingua_17-57-20] Element found and ready (attempt 1): By.xpath: //ytd-topbar-menu-button-renderer[@class='style-scope ytd-masthead style-default']
17:57:46 [TestNG-test-Yt Master Tests-1] INFO  verifyingGlobalFilterLandingPageLingua_17-57-20 - Clicking on global filter button in landing page..
17:57:46 [TestNG-test-Yt Master Tests-1] INFO  verifyingGlobalFilterLandingPageLingua_17-57-20 - [verifyingGlobalFilterLandingPageLingua_17-57-20] Trying to click element: By.xpath: //div[@id='filter-button']
17:57:48 [TestNG-test-Yt Master Tests-1] INFO  verifyingGlobalFilterLandingPageLingua_17-57-20 - [verifyingGlobalFilterLandingPageLingua_17-57-20] Clicked successfully (attempt 1): By.xpath: //div[@id='filter-button']
17:57:48 [TestNG-test-Yt Master Tests-1] INFO  verifyingGlobalFilterLandingPageLingua_17-57-20 - [verifyingGlobalFilterLandingPageLingua_17-57-20] Waiting until element is visible in viewport
17:57:48 [TestNG-test-Yt Master Tests-1] INFO  verifyingGlobalFilterLandingPageLingua_17-57-20 - Fetching the data from the global filter in landing page
17:57:48 [TestNG-test-Yt Master Tests-1] INFO  verifyingGlobalFilterLandingPageLingua_17-57-20 - [verifyingGlobalFilterLandingPageLingua_17-57-20] Trying to find element: By.xpath: //ytd-search-filter-options-dialog-renderer[@class='style-scope ytd-popup-container']
17:57:48 [TestNG-test-Yt Master Tests-1] INFO  verifyingGlobalFilterLandingPageLingua_17-57-20 - [verifyingGlobalFilterLandingPageLingua_17-57-20] Element found and ready (attempt 1): By.xpath: //ytd-search-filter-options-dialog-renderer[@class='style-scope ytd-popup-container']
17:57:48 [TestNG-test-Yt Master Tests-1] INFO  verifyingGlobalFilterLandingPageLingua_17-57-20 - Closing the global filter pop-up in landing page..
17:57:48 [TestNG-test-Yt Master Tests-1] INFO  verifyingGlobalFilterLandingPageLingua_17-57-20 - [verifyingGlobalFilterLandingPageLingua_17-57-20] Trying to find element: By.xpath: //yt-icon[@icon='close']
17:57:49 [TestNG-test-Yt Master Tests-1] INFO  verifyingGlobalFilterLandingPageLingua_17-57-20 - [verifyingGlobalFilterLandingPageLingua_17-57-20] Element found and ready (attempt 1): By.xpath: //yt-icon[@icon='close']
17:57:49 [TestNG-test-Yt Master Tests-1] INFO  verifyingGlobalFilterLandingPageLingua_17-57-20 - 
========== LANGUAGE DETECTION ==========
Detected Language : AZERBAIJANI
Input Text        : Axtarış filtrləri
NÖV
Videolar
Shorts
Kanallar
Mahnı siyahıları
Filmlər
MÜDDƏT
3 dəqiqədən az
3 - 20 dəqiqə
20 dəqiqədən çox
YÜKLƏMƏ TARIXI
Bu gün
Bu həftə
Bu ay
Bu il
FUNKSIYALAR
Canlı
4K
HD
Altyazılar/gizli altyazılar
Creative Commons lisenziyalı
360°
VR180
3D
HDR
Məkan
Satın alınmış
PRIORITETLƏŞDIRIN
uyğunluq
Populyarlıq
========================================
17:57:49 [TestNG-test-Yt Master Tests-1] INFO  verifyingGlobalFilterLandingPageLingua_17-57-20 - getLangAttribute() - locating <html> and reading lang property
17:57:49 [TestNG-test-Yt Master Tests-1] INFO  verifyingGlobalFilterLandingPageLingua_17-57-20 - Language attribute read: az-Latn-AZ
17:57:49 [TestNG-test-Yt Master Tests-1] INFO  verifyingGlobalFilterLandingPageLingua_17-57-20 - Clicking settings ellipses button...
17:57:49 [TestNG-test-Yt Master Tests-1] INFO  verifyingGlobalFilterLandingPageLingua_17-57-20 - [verifyingGlobalFilterLandingPageLingua_17-57-20] Trying to find element: By.xpath: //ytd-topbar-menu-button-renderer[@class='style-scope ytd-masthead style-default']
17:57:49 [TestNG-test-Yt Master Tests-1] INFO  verifyingGlobalFilterLandingPageLingua_17-57-20 - [verifyingGlobalFilterLandingPageLingua_17-57-20] Element found and ready (attempt 1): By.xpath: //ytd-topbar-menu-button-renderer[@class='style-scope ytd-masthead style-default']
17:57:49 [TestNG-test-Yt Master Tests-1] INFO  verifyingGlobalFilterLandingPageLingua_17-57-20 - Clicking language dropdown...
17:57:49 [TestNG-test-Yt Master Tests-1] INFO  verifyingGlobalFilterLandingPageLingua_17-57-20 - [verifyingGlobalFilterLandingPageLingua_17-57-20] Trying to find element: By.xpath: (//div[@id='content-icon'])[2]
17:57:50 [TestNG-test-Yt Master Tests-1] INFO  verifyingGlobalFilterLandingPageLingua_17-57-20 - [verifyingGlobalFilterLandingPageLingua_17-57-20] Element found and ready (attempt 1): By.xpath: (//div[@id='content-icon'])[2]
17:57:50 [TestNG-test-Yt Master Tests-1] INFO  verifyingGlobalFilterLandingPageLingua_17-57-20 - Looking for language element with name: Bahasa Indonesia
17:57:50 [TestNG-test-Yt Master Tests-1] INFO  verifyingGlobalFilterLandingPageLingua_17-57-20 - [verifyingGlobalFilterLandingPageLingua_17-57-20] Trying to find element: By.xpath: //yt-multi-page-menu-section-renderer[@class='style-scope ytd-multi-page-menu-renderer']//yt-formatted-string[@id='label' and text()='Bahasa Indonesia']
17:57:51 [TestNG-test-Yt Master Tests-1] INFO  verifyingGlobalFilterLandingPageLingua_17-57-20 - [verifyingGlobalFilterLandingPageLingua_17-57-20] Element found and ready (attempt 1): By.xpath: //yt-multi-page-menu-section-renderer[@class='style-scope ytd-multi-page-menu-renderer']//yt-formatted-string[@id='label' and text()='Bahasa Indonesia']
17:57:51 [TestNG-test-Yt Master Tests-1] INFO  verifyingGlobalFilterLandingPageLingua_17-57-20 - [verifyingGlobalFilterLandingPageLingua_17-57-20] Trying to find element: By.xpath: //yt-multi-page-menu-section-renderer[@class='style-scope ytd-multi-page-menu-renderer']//yt-formatted-string[@id='label' and text()='Bahasa Indonesia']
17:57:51 [TestNG-test-Yt Master Tests-1] INFO  verifyingGlobalFilterLandingPageLingua_17-57-20 - [verifyingGlobalFilterLandingPageLingua_17-57-20] Element found and ready (attempt 1): By.xpath: //yt-multi-page-menu-section-renderer[@class='style-scope ytd-multi-page-menu-renderer']//yt-formatted-string[@id='label' and text()='Bahasa Indonesia']
17:57:54 [TestNG-test-Yt Master Tests-1] INFO  verifyingGlobalFilterLandingPageLingua_17-57-20 - Clicking settings ellipses button...
17:57:55 [TestNG-test-Yt Master Tests-1] INFO  verifyingGlobalFilterLandingPageLingua_17-57-20 - [verifyingGlobalFilterLandingPageLingua_17-57-20] Trying to find element: By.xpath: //ytd-topbar-menu-button-renderer[@class='style-scope ytd-masthead style-default']
17:57:55 [TestNG-test-Yt Master Tests-1] INFO  verifyingGlobalFilterLandingPageLingua_17-57-20 - [verifyingGlobalFilterLandingPageLingua_17-57-20] Element found and ready (attempt 1): By.xpath: //ytd-topbar-menu-button-renderer[@class='style-scope ytd-masthead style-default']
17:57:56 [TestNG-test-Yt Master Tests-1] INFO  verifyingGlobalFilterLandingPageLingua_17-57-20 - [verifyingGlobalFilterLandingPageLingua_17-57-20] Waiting until element is visible in viewport
17:57:57 [TestNG-test-Yt Master Tests-1] INFO  verifyingGlobalFilterLandingPageLingua_17-57-20 - Clicking settings ellipses button...
17:57:57 [TestNG-test-Yt Master Tests-1] INFO  verifyingGlobalFilterLandingPageLingua_17-57-20 - [verifyingGlobalFilterLandingPageLingua_17-57-20] Trying to find element: By.xpath: //ytd-topbar-menu-button-renderer[@class='style-scope ytd-masthead style-default']
17:57:57 [TestNG-test-Yt Master Tests-1] INFO  verifyingGlobalFilterLandingPageLingua_17-57-20 - [verifyingGlobalFilterLandingPageLingua_17-57-20] Element found and ready (attempt 1): By.xpath: //ytd-topbar-menu-button-renderer[@class='style-scope ytd-masthead style-default']
17:57:57 [TestNG-test-Yt Master Tests-1] INFO  verifyingGlobalFilterLandingPageLingua_17-57-20 - Clicking on global filter button in landing page..
17:57:57 [TestNG-test-Yt Master Tests-1] INFO  verifyingGlobalFilterLandingPageLingua_17-57-20 - [verifyingGlobalFilterLandingPageLingua_17-57-20] Trying to click element: By.xpath: //div[@id='filter-button']
17:57:57 [TestNG-test-Yt Master Tests-1] INFO  verifyingGlobalFilterLandingPageLingua_17-57-20 - [verifyingGlobalFilterLandingPageLingua_17-57-20] Clicked successfully (attempt 1): By.xpath: //div[@id='filter-button']
17:57:57 [TestNG-test-Yt Master Tests-1] INFO  verifyingGlobalFilterLandingPageLingua_17-57-20 - [verifyingGlobalFilterLandingPageLingua_17-57-20] Waiting until element is visible in viewport
17:57:58 [TestNG-test-Yt Master Tests-1] INFO  verifyingGlobalFilterLandingPageLingua_17-57-20 - Fetching the data from the global filter in landing page
17:57:58 [TestNG-test-Yt Master Tests-1] INFO  verifyingGlobalFilterLandingPageLingua_17-57-20 - [verifyingGlobalFilterLandingPageLingua_17-57-20] Trying to find element: By.xpath: //ytd-search-filter-options-dialog-renderer[@class='style-scope ytd-popup-container']
17:57:58 [TestNG-test-Yt Master Tests-1] INFO  verifyingGlobalFilterLandingPageLingua_17-57-20 - [verifyingGlobalFilterLandingPageLingua_17-57-20] Element found and ready (attempt 1): By.xpath: //ytd-search-filter-options-dialog-renderer[@class='style-scope ytd-popup-container']
17:57:58 [TestNG-test-Yt Master Tests-1] INFO  verifyingGlobalFilterLandingPageLingua_17-57-20 - Closing the global filter pop-up in landing page..
17:57:58 [TestNG-test-Yt Master Tests-1] INFO  verifyingGlobalFilterLandingPageLingua_17-57-20 - [verifyingGlobalFilterLandingPageLingua_17-57-20] Trying to find element: By.xpath: //yt-icon[@icon='close']
17:57:58 [TestNG-test-Yt Master Tests-1] INFO  verifyingGlobalFilterLandingPageLingua_17-57-20 - [verifyingGlobalFilterLandingPageLingua_17-57-20] Element found and ready (attempt 1): By.xpath: //yt-icon[@icon='close']
17:57:58 [TestNG-test-Yt Master Tests-1] INFO  verifyingGlobalFilterLandingPageLingua_17-57-20 - 
========== LANGUAGE DETECTION ==========
Detected Language : INDONESIAN
Input Text        : Filter penelusuran
JENIS
Video
Shorts
Channel
Playlist
Film
DURASI
Kurang dari 3 menit
3—20 menit
Lebih dari 20 menit
TANGGAL UPLOAD
Hari ini
Minggu ini
Bulan ini
Tahun ini
FITUR
Live
4K
HD
Subtitel/CC
Creative Commons
360°
VR180
3D
HDR
Lokasi
Dibeli
PRIORITASKAN
Relevansi
Popularitas
========================================
17:57:58 [TestNG-test-Yt Master Tests-1] INFO  verifyingGlobalFilterLandingPageLingua_17-57-20 - getLangAttribute() - locating <html> and reading lang property
17:57:58 [TestNG-test-Yt Master Tests-1] INFO  verifyingGlobalFilterLandingPageLingua_17-57-20 - Language attribute read: id-ID
17:57:58 [TestNG-test-Yt Master Tests-1] INFO  verifyingGlobalFilterLandingPageLingua_17-57-20 - Clicking settings ellipses button...
17:57:58 [TestNG-test-Yt Master Tests-1] INFO  verifyingGlobalFilterLandingPageLingua_17-57-20 - [verifyingGlobalFilterLandingPageLingua_17-57-20] Trying to find element: By.xpath: //ytd-topbar-menu-button-renderer[@class='style-scope ytd-masthead style-default']
17:57:59 [TestNG-test-Yt Master Tests-1] INFO  verifyingGlobalFilterLandingPageLingua_17-57-20 - [verifyingGlobalFilterLandingPageLingua_17-57-20] Element found and ready (attempt 1): By.xpath: //ytd-topbar-menu-button-renderer[@class='style-scope ytd-masthead style-default']
17:57:59 [TestNG-test-Yt Master Tests-1] INFO  verifyingGlobalFilterLandingPageLingua_17-57-20 - Clicking language dropdown...
17:57:59 [TestNG-test-Yt Master Tests-1] INFO  verifyingGlobalFilterLandingPageLingua_17-57-20 - [verifyingGlobalFilterLandingPageLingua_17-57-20] Trying to find element: By.xpath: (//div[@id='content-icon'])[2]
17:57:59 [TestNG-test-Yt Master Tests-1] INFO  verifyingGlobalFilterLandingPageLingua_17-57-20 - [verifyingGlobalFilterLandingPageLingua_17-57-20] Element found and ready (attempt 1): By.xpath: (//div[@id='content-icon'])[2]
17:57:59 [TestNG-test-Yt Master Tests-1] INFO  verifyingGlobalFilterLandingPageLingua_17-57-20 - Looking for language element with name: Bosanski
17:57:59 [TestNG-test-Yt Master Tests-1] INFO  verifyingGlobalFilterLandingPageLingua_17-57-20 - [verifyingGlobalFilterLandingPageLingua_17-57-20] Trying to find element: By.xpath: //yt-multi-page-menu-section-renderer[@class='style-scope ytd-multi-page-menu-renderer']//yt-formatted-string[@id='label' and text()='Bosanski']
17:58:00 [TestNG-test-Yt Master Tests-1] INFO  verifyingGlobalFilterLandingPageLingua_17-57-20 - [verifyingGlobalFilterLandingPageLingua_17-57-20] Element found and ready (attempt 1): By.xpath: //yt-multi-page-menu-section-renderer[@class='style-scope ytd-multi-page-menu-renderer']//yt-formatted-string[@id='label' and text()='Bosanski']
17:58:00 [TestNG-test-Yt Master Tests-1] INFO  verifyingGlobalFilterLandingPageLingua_17-57-20 - [verifyingGlobalFilterLandingPageLingua_17-57-20] Trying to find element: By.xpath: //yt-multi-page-menu-section-renderer[@class='style-scope ytd-multi-page-menu-renderer']//yt-formatted-string[@id='label' and text()='Bosanski']
17:58:00 [TestNG-test-Yt Master Tests-1] INFO  verifyingGlobalFilterLandingPageLingua_17-57-20 - [verifyingGlobalFilterLandingPageLingua_17-57-20] Element found and ready (attempt 1): By.xpath: //yt-multi-page-menu-section-renderer[@class='style-scope ytd-multi-page-menu-renderer']//yt-formatted-string[@id='label' and text()='Bosanski']
17:58:02 [TestNG-test-Yt Master Tests-1] INFO  verifyingGlobalFilterLandingPageLingua_17-57-20 - Clicking settings ellipses button...
17:58:04 [TestNG-test-Yt Master Tests-1] INFO  verifyingGlobalFilterLandingPageLingua_17-57-20 - [verifyingGlobalFilterLandingPageLingua_17-57-20] Trying to find element: By.xpath: //ytd-topbar-menu-button-renderer[@class='style-scope ytd-masthead style-default']
17:58:04 [TestNG-test-Yt Master Tests-1] INFO  verifyingGlobalFilterLandingPageLingua_17-57-20 - [verifyingGlobalFilterLandingPageLingua_17-57-20] Element found and ready (attempt 1): By.xpath: //ytd-topbar-menu-button-renderer[@class='style-scope ytd-masthead style-default']
17:58:05 [TestNG-test-Yt Master Tests-1] INFO  verifyingGlobalFilterLandingPageLingua_17-57-20 - [verifyingGlobalFilterLandingPageLingua_17-57-20] Waiting until element is visible in viewport
17:58:06 [TestNG-test-Yt Master Tests-1] INFO  verifyingGlobalFilterLandingPageLingua_17-57-20 - Clicking settings ellipses button...
17:58:06 [TestNG-test-Yt Master Tests-1] INFO  verifyingGlobalFilterLandingPageLingua_17-57-20 - [verifyingGlobalFilterLandingPageLingua_17-57-20] Trying to find element: By.xpath: //ytd-topbar-menu-button-renderer[@class='style-scope ytd-masthead style-default']
17:58:06 [TestNG-test-Yt Master Tests-1] INFO  verifyingGlobalFilterLandingPageLingua_17-57-20 - [verifyingGlobalFilterLandingPageLingua_17-57-20] Element found and ready (attempt 1): By.xpath: //ytd-topbar-menu-button-renderer[@class='style-scope ytd-masthead style-default']
17:58:06 [TestNG-test-Yt Master Tests-1] INFO  verifyingGlobalFilterLandingPageLingua_17-57-20 - Clicking on global filter button in landing page..
17:58:06 [TestNG-test-Yt Master Tests-1] INFO  verifyingGlobalFilterLandingPageLingua_17-57-20 - [verifyingGlobalFilterLandingPageLingua_17-57-20] Trying to click element: By.xpath: //div[@id='filter-button']
17:58:07 [TestNG-test-Yt Master Tests-1] INFO  verifyingGlobalFilterLandingPageLingua_17-57-20 - [verifyingGlobalFilterLandingPageLingua_17-57-20] Clicked successfully (attempt 1): By.xpath: //div[@id='filter-button']
17:58:07 [TestNG-test-Yt Master Tests-1] INFO  verifyingGlobalFilterLandingPageLingua_17-57-20 - [verifyingGlobalFilterLandingPageLingua_17-57-20] Waiting until element is visible in viewport
17:58:07 [TestNG-test-Yt Master Tests-1] INFO  verifyingGlobalFilterLandingPageLingua_17-57-20 - Fetching the data from the global filter in landing page
17:58:07 [TestNG-test-Yt Master Tests-1] INFO  verifyingGlobalFilterLandingPageLingua_17-57-20 - [verifyingGlobalFilterLandingPageLingua_17-57-20] Trying to find element: By.xpath: //ytd-search-filter-options-dialog-renderer[@class='style-scope ytd-popup-container']
17:58:07 [TestNG-test-Yt Master Tests-1] INFO  verifyingGlobalFilterLandingPageLingua_17-57-20 - [verifyingGlobalFilterLandingPageLingua_17-57-20] Element found and ready (attempt 1): By.xpath: //ytd-search-filter-options-dialog-renderer[@class='style-scope ytd-popup-container']
17:58:07 [TestNG-test-Yt Master Tests-1] INFO  verifyingGlobalFilterLandingPageLingua_17-57-20 - Closing the global filter pop-up in landing page..
17:58:07 [TestNG-test-Yt Master Tests-1] INFO  verifyingGlobalFilterLandingPageLingua_17-57-20 - [verifyingGlobalFilterLandingPageLingua_17-57-20] Trying to find element: By.xpath: //yt-icon[@icon='close']
17:58:08 [TestNG-test-Yt Master Tests-1] INFO  verifyingGlobalFilterLandingPageLingua_17-57-20 - [verifyingGlobalFilterLandingPageLingua_17-57-20] Element found and ready (attempt 1): By.xpath: //yt-icon[@icon='close']
17:58:08 [TestNG-test-Yt Master Tests-1] INFO  verifyingGlobalFilterLandingPageLingua_17-57-20 - 
========== LANGUAGE DETECTION ==========
Detected Language : BOSNIAN
Input Text        : Filteri pretraživanja
VRSTA
Videozapisi
Shortsi
Kanali
Plejliste
Filmovi
TRAJANJE
Manje od 3 minute
3–20 minuta
Više od 20 minuta
DATUM OTPREMANJA
Danas
Ova sedmica
Ovog mjeseca
Ove godine
FUNKCIJE
Uživo
4K
HD
Titlovi
Creative Commons
360°
VR180
3D
HDR
Lokacija
Kupljeno
DAVANJE PRIORITETA
Relevantnost
Popularnost
========================================
17:58:08 [TestNG-test-Yt Master Tests-1] INFO  verifyingGlobalFilterLandingPageLingua_17-57-20 - getLangAttribute() - locating <html> and reading lang property
17:58:08 [TestNG-test-Yt Master Tests-1] INFO  verifyingGlobalFilterLandingPageLingua_17-57-20 - Language attribute read: bs-Latn-BA
17:58:08 [TestNG-test-Yt Master Tests-1] INFO  verifyingGlobalFilterLandingPageLingua_17-57-20 - Clicking settings ellipses button...
17:58:08 [TestNG-test-Yt Master Tests-1] INFO  verifyingGlobalFilterLandingPageLingua_17-57-20 - [verifyingGlobalFilterLandingPageLingua_17-57-20] Trying to find element: By.xpath: //ytd-topbar-menu-button-renderer[@class='style-scope ytd-masthead style-default']
17:58:08 [TestNG-test-Yt Master Tests-1] INFO  verifyingGlobalFilterLandingPageLingua_17-57-20 - [verifyingGlobalFilterLandingPageLingua_17-57-20] Element found and ready (attempt 1): By.xpath: //ytd-topbar-menu-button-renderer[@class='style-scope ytd-masthead style-default']
17:58:08 [TestNG-test-Yt Master Tests-1] INFO  verifyingGlobalFilterLandingPageLingua_17-57-20 - Clicking language dropdown...
17:58:08 [TestNG-test-Yt Master Tests-1] INFO  verifyingGlobalFilterLandingPageLingua_17-57-20 - [verifyingGlobalFilterLandingPageLingua_17-57-20] Trying to find element: By.xpath: (//div[@id='content-icon'])[2]
17:58:08 [TestNG-test-Yt Master Tests-1] INFO  verifyingGlobalFilterLandingPageLingua_17-57-20 - [verifyingGlobalFilterLandingPageLingua_17-57-20] Element found and ready (attempt 1): By.xpath: (//div[@id='content-icon'])[2]
17:58:09 [TestNG-test-Yt Master Tests-1] INFO  verifyingGlobalFilterLandingPageLingua_17-57-20 - Looking for language element with name: Català
17:58:09 [TestNG-test-Yt Master Tests-1] INFO  verifyingGlobalFilterLandingPageLingua_17-57-20 - [verifyingGlobalFilterLandingPageLingua_17-57-20] Trying to find element: By.xpath: //yt-multi-page-menu-section-renderer[@class='style-scope ytd-multi-page-menu-renderer']//yt-formatted-string[@id='label' and text()='Català']
17:58:09 [TestNG-test-Yt Master Tests-1] INFO  verifyingGlobalFilterLandingPageLingua_17-57-20 - [verifyingGlobalFilterLandingPageLingua_17-57-20] Element found and ready (attempt 1): By.xpath: //yt-multi-page-menu-section-renderer[@class='style-scope ytd-multi-page-menu-renderer']//yt-formatted-string[@id='label' and text()='Català']
17:58:09 [TestNG-test-Yt Master Tests-1] INFO  verifyingGlobalFilterLandingPageLingua_17-57-20 - [verifyingGlobalFilterLandingPageLingua_17-57-20] Trying to find element: By.xpath: //yt-multi-page-menu-section-renderer[@class='style-scope ytd-multi-page-menu-renderer']//yt-formatted-string[@id='label' and text()='Català']
17:58:09 [TestNG-test-Yt Master Tests-1] INFO  verifyingGlobalFilterLandingPageLingua_17-57-20 - [verifyingGlobalFilterLandingPageLingua_17-57-20] Element found and ready (attempt 1): By.xpath: //yt-multi-page-menu-section-renderer[@class='style-scope ytd-multi-page-menu-renderer']//yt-formatted-string[@id='label' and text()='Català']
17:58:11 [TestNG-test-Yt Master Tests-1] INFO  verifyingGlobalFilterLandingPageLingua_17-57-20 - Clicking settings ellipses button...
17:58:13 [TestNG-test-Yt Master Tests-1] INFO  verifyingGlobalFilterLandingPageLingua_17-57-20 - [verifyingGlobalFilterLandingPageLingua_17-57-20] Trying to find element: By.xpath: //ytd-topbar-menu-button-renderer[@class='style-scope ytd-masthead style-default']
17:58:13 [TestNG-test-Yt Master Tests-1] INFO  verifyingGlobalFilterLandingPageLingua_17-57-20 - [verifyingGlobalFilterLandingPageLingua_17-57-20] Element found and ready (attempt 1): By.xpath: //ytd-topbar-menu-button-renderer[@class='style-scope ytd-masthead style-default']
17:58:13 [TestNG-test-Yt Master Tests-1] INFO  verifyingGlobalFilterLandingPageLingua_17-57-20 - [verifyingGlobalFilterLandingPageLingua_17-57-20] Waiting until element is visible in viewport
17:58:14 [TestNG-test-Yt Master Tests-1] INFO  verifyingGlobalFilterLandingPageLingua_17-57-20 - Clicking settings ellipses button...
17:58:14 [TestNG-test-Yt Master Tests-1] INFO  verifyingGlobalFilterLandingPageLingua_17-57-20 - [verifyingGlobalFilterLandingPageLingua_17-57-20] Trying to find element: By.xpath: //ytd-topbar-menu-button-renderer[@class='style-scope ytd-masthead style-default']
17:58:14 [TestNG-test-Yt Master Tests-1] INFO  verifyingGlobalFilterLandingPageLingua_17-57-20 - [verifyingGlobalFilterLandingPageLingua_17-57-20] Element found and ready (attempt 1): By.xpath: //ytd-topbar-menu-button-renderer[@class='style-scope ytd-masthead style-default']
17:58:14 [TestNG-test-Yt Master Tests-1] INFO  verifyingGlobalFilterLandingPageLingua_17-57-20 - Clicking on global filter button in landing page..
17:58:14 [TestNG-test-Yt Master Tests-1] INFO  verifyingGlobalFilterLandingPageLingua_17-57-20 - [verifyingGlobalFilterLandingPageLingua_17-57-20] Trying to click element: By.xpath: //div[@id='filter-button']
17:58:14 [TestNG-test-Yt Master Tests-1] INFO  verifyingGlobalFilterLandingPageLingua_17-57-20 - [verifyingGlobalFilterLandingPageLingua_17-57-20] Clicked successfully (attempt 1): By.xpath: //div[@id='filter-button']
17:58:14 [TestNG-test-Yt Master Tests-1] INFO  verifyingGlobalFilterLandingPageLingua_17-57-20 - [verifyingGlobalFilterLandingPageLingua_17-57-20] Waiting until element is visible in viewport
17:58:15 [TestNG-test-Yt Master Tests-1] INFO  verifyingGlobalFilterLandingPageLingua_17-57-20 - Fetching the data from the global filter in landing page
17:58:15 [TestNG-test-Yt Master Tests-1] INFO  verifyingGlobalFilterLandingPageLingua_17-57-20 - [verifyingGlobalFilterLandingPageLingua_17-57-20] Trying to find element: By.xpath: //ytd-search-filter-options-dialog-renderer[@class='style-scope ytd-popup-container']
17:58:15 [TestNG-test-Yt Master Tests-1] INFO  verifyingGlobalFilterLandingPageLingua_17-57-20 - [verifyingGlobalFilterLandingPageLingua_17-57-20] Element found and ready (attempt 1): By.xpath: //ytd-search-filter-options-dialog-renderer[@class='style-scope ytd-popup-container']
17:58:15 [TestNG-test-Yt Master Tests-1] INFO  verifyingGlobalFilterLandingPageLingua_17-57-20 - Closing the global filter pop-up in landing page..
17:58:15 [TestNG-test-Yt Master Tests-1] INFO  verifyingGlobalFilterLandingPageLingua_17-57-20 - [verifyingGlobalFilterLandingPageLingua_17-57-20] Trying to find element: By.xpath: //yt-icon[@icon='close']
17:58:15 [TestNG-test-Yt Master Tests-1] INFO  verifyingGlobalFilterLandingPageLingua_17-57-20 - [verifyingGlobalFilterLandingPageLingua_17-57-20] Element found and ready (attempt 1): By.xpath: //yt-icon[@icon='close']
17:58:15 [TestNG-test-Yt Master Tests-1] INFO  verifyingGlobalFilterLandingPageLingua_17-57-20 - 
========== LANGUAGE DETECTION ==========
Detected Language : CATALAN
Input Text        : Filtres de cerca
TIPUS
Vídeos
Curts
Canals
Llistes de reproducció
Pel·lícules
DURADA
Menys de 3 minuts
Entre 3 i 20 de minuts
Més de 20 minuts
DATA DE PUJADA
Avui
Aquesta setmana
Aquest mes
Aquest any
FUNCIONS
En directe
4K
HD
Subtítols
Creative Commons
360°
VR180
3D
HDR
Ubicació
Comprat
PRIORITZA
Rellevància
Popularitat
========================================
17:58:15 [TestNG-test-Yt Master Tests-1] INFO  verifyingGlobalFilterLandingPageLingua_17-57-20 - getLangAttribute() - locating <html> and reading lang property
17:58:15 [TestNG-test-Yt Master Tests-1] INFO  verifyingGlobalFilterLandingPageLingua_17-57-20 - Language attribute read: ca-ES
17:58:15 [TestNG-test-Yt Master Tests-1] INFO  verifyingGlobalFilterLandingPageLingua_17-57-20 - Clicking settings ellipses button...
17:58:15 [TestNG-test-Yt Master Tests-1] INFO  verifyingGlobalFilterLandingPageLingua_17-57-20 - [verifyingGlobalFilterLandingPageLingua_17-57-20] Trying to find element: By.xpath: //ytd-topbar-menu-button-renderer[@class='style-scope ytd-masthead style-default']
17:58:15 [TestNG-test-Yt Master Tests-1] INFO  verifyingGlobalFilterLandingPageLingua_17-57-20 - [verifyingGlobalFilterLandingPageLingua_17-57-20] Element found and ready (attempt 1): By.xpath: //ytd-topbar-menu-button-renderer[@class='style-scope ytd-masthead style-default']
17:58:16 [TestNG-test-Yt Master Tests-1] INFO  verifyingGlobalFilterLandingPageLingua_17-57-20 - Clicking language dropdown...
17:58:16 [TestNG-test-Yt Master Tests-1] INFO  verifyingGlobalFilterLandingPageLingua_17-57-20 - [verifyingGlobalFilterLandingPageLingua_17-57-20] Trying to find element: By.xpath: (//div[@id='content-icon'])[2]
17:58:16 [TestNG-test-Yt Master Tests-1] INFO  verifyingGlobalFilterLandingPageLingua_17-57-20 - [verifyingGlobalFilterLandingPageLingua_17-57-20] Element found and ready (attempt 1): By.xpath: (//div[@id='content-icon'])[2]
17:58:16 [TestNG-test-Yt Master Tests-1] INFO  verifyingGlobalFilterLandingPageLingua_17-57-20 - Looking for language element with name: Dansk
17:58:16 [TestNG-test-Yt Master Tests-1] INFO  verifyingGlobalFilterLandingPageLingua_17-57-20 - [verifyingGlobalFilterLandingPageLingua_17-57-20] Trying to find element: By.xpath: //yt-multi-page-menu-section-renderer[@class='style-scope ytd-multi-page-menu-renderer']//yt-formatted-string[@id='label' and text()='Dansk']
17:58:17 [TestNG-test-Yt Master Tests-1] INFO  verifyingGlobalFilterLandingPageLingua_17-57-20 - [verifyingGlobalFilterLandingPageLingua_17-57-20] Element found and ready (attempt 1): By.xpath: //yt-multi-page-menu-section-renderer[@class='style-scope ytd-multi-page-menu-renderer']//yt-formatted-string[@id='label' and text()='Dansk']
17:58:17 [TestNG-test-Yt Master Tests-1] INFO  verifyingGlobalFilterLandingPageLingua_17-57-20 - [verifyingGlobalFilterLandingPageLingua_17-57-20] Trying to find element: By.xpath: //yt-multi-page-menu-section-renderer[@class='style-scope ytd-multi-page-menu-renderer']//yt-formatted-string[@id='label' and text()='Dansk']
17:58:17 [TestNG-test-Yt Master Tests-1] INFO  verifyingGlobalFilterLandingPageLingua_17-57-20 - [verifyingGlobalFilterLandingPageLingua_17-57-20] Element found and ready (attempt 1): By.xpath: //yt-multi-page-menu-section-renderer[@class='style-scope ytd-multi-page-menu-renderer']//yt-formatted-string[@id='label' and text()='Dansk']
17:58:18 [TestNG-test-Yt Master Tests-1] INFO  verifyingGlobalFilterLandingPageLingua_17-57-20 - Clicking settings ellipses button...
17:58:20 [TestNG-test-Yt Master Tests-1] INFO  verifyingGlobalFilterLandingPageLingua_17-57-20 - [verifyingGlobalFilterLandingPageLingua_17-57-20] Trying to find element: By.xpath: //ytd-topbar-menu-button-renderer[@class='style-scope ytd-masthead style-default']
17:58:21 [TestNG-test-Yt Master Tests-1] INFO  verifyingGlobalFilterLandingPageLingua_17-57-20 - [verifyingGlobalFilterLandingPageLingua_17-57-20] Element found and ready (attempt 1): By.xpath: //ytd-topbar-menu-button-renderer[@class='style-scope ytd-masthead style-default']
17:58:21 [TestNG-test-Yt Master Tests-1] INFO  verifyingGlobalFilterLandingPageLingua_17-57-20 - [verifyingGlobalFilterLandingPageLingua_17-57-20] Waiting until element is visible in viewport
17:58:22 [TestNG-test-Yt Master Tests-1] INFO  verifyingGlobalFilterLandingPageLingua_17-57-20 - Clicking settings ellipses button...
17:58:22 [TestNG-test-Yt Master Tests-1] INFO  verifyingGlobalFilterLandingPageLingua_17-57-20 - [verifyingGlobalFilterLandingPageLingua_17-57-20] Trying to find element: By.xpath: //ytd-topbar-menu-button-renderer[@class='style-scope ytd-masthead style-default']
17:58:22 [TestNG-test-Yt Master Tests-1] INFO  verifyingGlobalFilterLandingPageLingua_17-57-20 - [verifyingGlobalFilterLandingPageLingua_17-57-20] Element found and ready (attempt 1): By.xpath: //ytd-topbar-menu-button-renderer[@class='style-scope ytd-masthead style-default']
17:58:22 [TestNG-test-Yt Master Tests-1] INFO  verifyingGlobalFilterLandingPageLingua_17-57-20 - Clicking on global filter button in landing page..
17:58:22 [TestNG-test-Yt Master Tests-1] INFO  verifyingGlobalFilterLandingPageLingua_17-57-20 - [verifyingGlobalFilterLandingPageLingua_17-57-20] Trying to click element: By.xpath: //div[@id='filter-button']
17:58:22 [TestNG-test-Yt Master Tests-1] INFO  verifyingGlobalFilterLandingPageLingua_17-57-20 - [verifyingGlobalFilterLandingPageLingua_17-57-20] Clicked successfully (attempt 1): By.xpath: //div[@id='filter-button']
17:58:22 [TestNG-test-Yt Master Tests-1] INFO  verifyingGlobalFilterLandingPageLingua_17-57-20 - [verifyingGlobalFilterLandingPageLingua_17-57-20] Waiting until element is visible in viewport
17:58:23 [TestNG-test-Yt Master Tests-1] INFO  verifyingGlobalFilterLandingPageLingua_17-57-20 - Fetching the data from the global filter in landing page
17:58:23 [TestNG-test-Yt Master Tests-1] INFO  verifyingGlobalFilterLandingPageLingua_17-57-20 - [verifyingGlobalFilterLandingPageLingua_17-57-20] Trying to find element: By.xpath: //ytd-search-filter-options-dialog-renderer[@class='style-scope ytd-popup-container']
17:58:23 [TestNG-test-Yt Master Tests-1] INFO  verifyingGlobalFilterLandingPageLingua_17-57-20 - [verifyingGlobalFilterLandingPageLingua_17-57-20] Element found and ready (attempt 1): By.xpath: //ytd-search-filter-options-dialog-renderer[@class='style-scope ytd-popup-container']
17:58:23 [TestNG-test-Yt Master Tests-1] INFO  verifyingGlobalFilterLandingPageLingua_17-57-20 - Closing the global filter pop-up in landing page..
17:58:23 [TestNG-test-Yt Master Tests-1] INFO  verifyingGlobalFilterLandingPageLingua_17-57-20 - [verifyingGlobalFilterLandingPageLingua_17-57-20] Trying to find element: By.xpath: //yt-icon[@icon='close']
17:58:23 [TestNG-test-Yt Master Tests-1] INFO  verifyingGlobalFilterLandingPageLingua_17-57-20 - [verifyingGlobalFilterLandingPageLingua_17-57-20] Element found and ready (attempt 1): By.xpath: //yt-icon[@icon='close']
17:58:23 [TestNG-test-Yt Master Tests-1] INFO  verifyingGlobalFilterLandingPageLingua_17-57-20 - 
========== LANGUAGE DETECTION ==========
Detected Language : DANISH
Input Text        : Søgefiltre
TYPE
Videoer
Shorts
Kanaler
Playlister
Film
VARIGHED
Under 3 minutter
3-20 minutter
Over 20 minutter
DATO FOR UPLOAD
I dag
Denne uge
Denne måned
I år
EGENSKABER
Live
4K
HD
Undertekster
Creative Commons
360°
VR180
3D
HDR
Lokation
Købt
PRIORITER
Relevans
Popularitet
========================================
17:58:23 [TestNG-test-Yt Master Tests-1] INFO  verifyingGlobalFilterLandingPageLingua_17-57-20 - getLangAttribute() - locating <html> and reading lang property
17:58:23 [TestNG-test-Yt Master Tests-1] INFO  verifyingGlobalFilterLandingPageLingua_17-57-20 - Language attribute read: da-DK
17:58:23 [TestNG-test-Yt Master Tests-1] INFO  verifyingGlobalFilterLandingPageLingua_17-57-20 - Clicking settings ellipses button...
17:58:23 [TestNG-test-Yt Master Tests-1] INFO  verifyingGlobalFilterLandingPageLingua_17-57-20 - [verifyingGlobalFilterLandingPageLingua_17-57-20] Trying to find element: By.xpath: //ytd-topbar-menu-button-renderer[@class='style-scope ytd-masthead style-default']
17:58:23 [TestNG-test-Yt Master Tests-1] INFO  verifyingGlobalFilterLandingPageLingua_17-57-20 - [verifyingGlobalFilterLandingPageLingua_17-57-20] Element found and ready (attempt 1): By.xpath: //ytd-topbar-menu-button-renderer[@class='style-scope ytd-masthead style-default']
17:58:24 [TestNG-test-Yt Master Tests-1] INFO  verifyingGlobalFilterLandingPageLingua_17-57-20 - Clicking language dropdown...
17:58:24 [TestNG-test-Yt Master Tests-1] INFO  verifyingGlobalFilterLandingPageLingua_17-57-20 - [verifyingGlobalFilterLandingPageLingua_17-57-20] Trying to find element: By.xpath: (//div[@id='content-icon'])[2]
17:58:24 [TestNG-test-Yt Master Tests-1] INFO  verifyingGlobalFilterLandingPageLingua_17-57-20 - [verifyingGlobalFilterLandingPageLingua_17-57-20] Element found and ready (attempt 1): By.xpath: (//div[@id='content-icon'])[2]
17:58:24 [TestNG-test-Yt Master Tests-1] INFO  verifyingGlobalFilterLandingPageLingua_17-57-20 - Looking for language element with name: Deutsch
17:58:24 [TestNG-test-Yt Master Tests-1] INFO  verifyingGlobalFilterLandingPageLingua_17-57-20 - [verifyingGlobalFilterLandingPageLingua_17-57-20] Trying to find element: By.xpath: //yt-multi-page-menu-section-renderer[@class='style-scope ytd-multi-page-menu-renderer']//yt-formatted-string[@id='label' and text()='Deutsch']
17:58:25 [TestNG-test-Yt Master Tests-1] INFO  verifyingGlobalFilterLandingPageLingua_17-57-20 - [verifyingGlobalFilterLandingPageLingua_17-57-20] Element found and ready (attempt 1): By.xpath: //yt-multi-page-menu-section-renderer[@class='style-scope ytd-multi-page-menu-renderer']//yt-formatted-string[@id='label' and text()='Deutsch']
17:58:25 [TestNG-test-Yt Master Tests-1] INFO  verifyingGlobalFilterLandingPageLingua_17-57-20 - [verifyingGlobalFilterLandingPageLingua_17-57-20] Trying to find element: By.xpath: //yt-multi-page-menu-section-renderer[@class='style-scope ytd-multi-page-menu-renderer']//yt-formatted-string[@id='label' and text()='Deutsch']
17:58:25 [TestNG-test-Yt Master Tests-1] INFO  verifyingGlobalFilterLandingPageLingua_17-57-20 - [verifyingGlobalFilterLandingPageLingua_17-57-20] Element found and ready (attempt 1): By.xpath: //yt-multi-page-menu-section-renderer[@class='style-scope ytd-multi-page-menu-renderer']//yt-formatted-string[@id='label' and text()='Deutsch']
17:58:26 [TestNG-test-Yt Master Tests-1] INFO  verifyingGlobalFilterLandingPageLingua_17-57-20 - Clicking settings ellipses button...
17:58:28 [TestNG-test-Yt Master Tests-1] INFO  verifyingGlobalFilterLandingPageLingua_17-57-20 - [verifyingGlobalFilterLandingPageLingua_17-57-20] Trying to find element: By.xpath: //ytd-topbar-menu-button-renderer[@class='style-scope ytd-masthead style-default']
17:58:29 [TestNG-test-Yt Master Tests-1] INFO  verifyingGlobalFilterLandingPageLingua_17-57-20 - [verifyingGlobalFilterLandingPageLingua_17-57-20] Element found and ready (attempt 1): By.xpath: //ytd-topbar-menu-button-renderer[@class='style-scope ytd-masthead style-default']
17:58:29 [TestNG-test-Yt Master Tests-1] INFO  verifyingGlobalFilterLandingPageLingua_17-57-20 - [verifyingGlobalFilterLandingPageLingua_17-57-20] Waiting until element is visible in viewport
17:58:29 [TestNG-test-Yt Master Tests-1] INFO  verifyingGlobalFilterLandingPageLingua_17-57-20 - Clicking settings ellipses button...
17:58:29 [TestNG-test-Yt Master Tests-1] INFO  verifyingGlobalFilterLandingPageLingua_17-57-20 - [verifyingGlobalFilterLandingPageLingua_17-57-20] Trying to find element: By.xpath: //ytd-topbar-menu-button-renderer[@class='style-scope ytd-masthead style-default']
17:58:29 [TestNG-test-Yt Master Tests-1] INFO  verifyingGlobalFilterLandingPageLingua_17-57-20 - [verifyingGlobalFilterLandingPageLingua_17-57-20] Element found and ready (attempt 1): By.xpath: //ytd-topbar-menu-button-renderer[@class='style-scope ytd-masthead style-default']
17:58:29 [TestNG-test-Yt Master Tests-1] INFO  verifyingGlobalFilterLandingPageLingua_17-57-20 - Clicking on global filter button in landing page..
17:58:29 [TestNG-test-Yt Master Tests-1] INFO  verifyingGlobalFilterLandingPageLingua_17-57-20 - [verifyingGlobalFilterLandingPageLingua_17-57-20] Trying to click element: By.xpath: //div[@id='filter-button']
17:58:30 [TestNG-test-Yt Master Tests-1] INFO  verifyingGlobalFilterLandingPageLingua_17-57-20 - [verifyingGlobalFilterLandingPageLingua_17-57-20] Clicked successfully (attempt 1): By.xpath: //div[@id='filter-button']
17:58:30 [TestNG-test-Yt Master Tests-1] INFO  verifyingGlobalFilterLandingPageLingua_17-57-20 - [verifyingGlobalFilterLandingPageLingua_17-57-20] Waiting until element is visible in viewport
17:58:30 [TestNG-test-Yt Master Tests-1] INFO  verifyingGlobalFilterLandingPageLingua_17-57-20 - Fetching the data from the global filter in landing page
17:58:30 [TestNG-test-Yt Master Tests-1] INFO  verifyingGlobalFilterLandingPageLingua_17-57-20 - [verifyingGlobalFilterLandingPageLingua_17-57-20] Trying to find element: By.xpath: //ytd-search-filter-options-dialog-renderer[@class='style-scope ytd-popup-container']
17:58:30 [TestNG-test-Yt Master Tests-1] INFO  verifyingGlobalFilterLandingPageLingua_17-57-20 - [verifyingGlobalFilterLandingPageLingua_17-57-20] Element found and ready (attempt 1): By.xpath: //ytd-search-filter-options-dialog-renderer[@class='style-scope ytd-popup-container']
17:58:30 [TestNG-test-Yt Master Tests-1] INFO  verifyingGlobalFilterLandingPageLingua_17-57-20 - Closing the global filter pop-up in landing page..
17:58:30 [TestNG-test-Yt Master Tests-1] INFO  verifyingGlobalFilterLandingPageLingua_17-57-20 - [verifyingGlobalFilterLandingPageLingua_17-57-20] Trying to find element: By.xpath: //yt-icon[@icon='close']
17:58:30 [TestNG-test-Yt Master Tests-1] INFO  verifyingGlobalFilterLandingPageLingua_17-57-20 - [verifyingGlobalFilterLandingPageLingua_17-57-20] Element found and ready (attempt 1): By.xpath: //yt-icon[@icon='close']
17:58:31 [TestNG-test-Yt Master Tests-1] INFO  verifyingGlobalFilterLandingPageLingua_17-57-20 - 
========== LANGUAGE DETECTION ==========
Detected Language : GERMAN
Input Text        : Suchfilter
TYP
Videos
Shorts
Kanäle
Playlists
Filme
DAUER
Kürzer als 3 Minuten
3–20 Minuten
Länger als 20 Minuten
HOCHLADEDATUM
Heute
Diese Woche
Dieser Monat
Dieses Jahr
EIGENSCHAFTEN
Live
4K
HD
Untertitel/CC
Creative Commons
360°
VR180
3D
HDR
Standort
Gekauft
PRIORISIEREN
Relevanz
Beliebtheit
========================================
17:58:31 [TestNG-test-Yt Master Tests-1] INFO  verifyingGlobalFilterLandingPageLingua_17-57-20 - getLangAttribute() - locating <html> and reading lang property
17:58:31 [TestNG-test-Yt Master Tests-1] INFO  verifyingGlobalFilterLandingPageLingua_17-57-20 - Language attribute read: de-DE
17:58:31 [TestNG-test-Yt Master Tests-1] INFO  verifyingGlobalFilterLandingPageLingua_17-57-20 - Clicking settings ellipses button...
17:58:31 [TestNG-test-Yt Master Tests-1] INFO  verifyingGlobalFilterLandingPageLingua_17-57-20 - [verifyingGlobalFilterLandingPageLingua_17-57-20] Trying to find element: By.xpath: //ytd-topbar-menu-button-renderer[@class='style-scope ytd-masthead style-default']
17:58:31 [TestNG-test-Yt Master Tests-1] INFO  verifyingGlobalFilterLandingPageLingua_17-57-20 - [verifyingGlobalFilterLandingPageLingua_17-57-20] Element found and ready (attempt 1): By.xpath: //ytd-topbar-menu-button-renderer[@class='style-scope ytd-masthead style-default']
17:58:31 [TestNG-test-Yt Master Tests-1] INFO  verifyingGlobalFilterLandingPageLingua_17-57-20 - Clicking language dropdown...
17:58:31 [TestNG-test-Yt Master Tests-1] INFO  verifyingGlobalFilterLandingPageLingua_17-57-20 - [verifyingGlobalFilterLandingPageLingua_17-57-20] Trying to find element: By.xpath: (//div[@id='content-icon'])[2]
17:58:31 [TestNG-test-Yt Master Tests-1] INFO  verifyingGlobalFilterLandingPageLingua_17-57-20 - [verifyingGlobalFilterLandingPageLingua_17-57-20] Element found and ready (attempt 1): By.xpath: (//div[@id='content-icon'])[2]
17:58:32 [TestNG-test-Yt Master Tests-1] INFO  verifyingGlobalFilterLandingPageLingua_17-57-20 - Looking for language element with name: Eesti
17:58:32 [TestNG-test-Yt Master Tests-1] INFO  verifyingGlobalFilterLandingPageLingua_17-57-20 - [verifyingGlobalFilterLandingPageLingua_17-57-20] Trying to find element: By.xpath: //yt-multi-page-menu-section-renderer[@class='style-scope ytd-multi-page-menu-renderer']//yt-formatted-string[@id='label' and text()='Eesti']
17:58:32 [TestNG-test-Yt Master Tests-1] INFO  verifyingGlobalFilterLandingPageLingua_17-57-20 - [verifyingGlobalFilterLandingPageLingua_17-57-20] Element found and ready (attempt 1): By.xpath: //yt-multi-page-menu-section-renderer[@class='style-scope ytd-multi-page-menu-renderer']//yt-formatted-string[@id='label' and text()='Eesti']
17:58:32 [TestNG-test-Yt Master Tests-1] INFO  verifyingGlobalFilterLandingPageLingua_17-57-20 - [verifyingGlobalFilterLandingPageLingua_17-57-20] Trying to find element: By.xpath: //yt-multi-page-menu-section-renderer[@class='style-scope ytd-multi-page-menu-renderer']//yt-formatted-string[@id='label' and text()='Eesti']
17:58:32 [TestNG-test-Yt Master Tests-1] INFO  verifyingGlobalFilterLandingPageLingua_17-57-20 - [verifyingGlobalFilterLandingPageLingua_17-57-20] Element found and ready (attempt 1): By.xpath: //yt-multi-page-menu-section-renderer[@class='style-scope ytd-multi-page-menu-renderer']//yt-formatted-string[@id='label' and text()='Eesti']
17:58:35 [TestNG-test-Yt Master Tests-1] INFO  verifyingGlobalFilterLandingPageLingua_17-57-20 - Clicking settings ellipses button...
17:58:36 [TestNG-test-Yt Master Tests-1] INFO  verifyingGlobalFilterLandingPageLingua_17-57-20 - [verifyingGlobalFilterLandingPageLingua_17-57-20] Trying to find element: By.xpath: //ytd-topbar-menu-button-renderer[@class='style-scope ytd-masthead style-default']
17:58:37 [TestNG-test-Yt Master Tests-1] INFO  verifyingGlobalFilterLandingPageLingua_17-57-20 - [verifyingGlobalFilterLandingPageLingua_17-57-20] Element found and ready (attempt 1): By.xpath: //ytd-topbar-menu-button-renderer[@class='style-scope ytd-masthead style-default']
17:58:37 [TestNG-test-Yt Master Tests-1] INFO  verifyingGlobalFilterLandingPageLingua_17-57-20 - [verifyingGlobalFilterLandingPageLingua_17-57-20] Waiting until element is visible in viewport
17:58:38 [TestNG-test-Yt Master Tests-1] INFO  verifyingGlobalFilterLandingPageLingua_17-57-20 - Clicking settings ellipses button...
17:58:38 [TestNG-test-Yt Master Tests-1] INFO  verifyingGlobalFilterLandingPageLingua_17-57-20 - [verifyingGlobalFilterLandingPageLingua_17-57-20] Trying to find element: By.xpath: //ytd-topbar-menu-button-renderer[@class='style-scope ytd-masthead style-default']
17:58:38 [TestNG-test-Yt Master Tests-1] INFO  verifyingGlobalFilterLandingPageLingua_17-57-20 - [verifyingGlobalFilterLandingPageLingua_17-57-20] Element found and ready (attempt 1): By.xpath: //ytd-topbar-menu-button-renderer[@class='style-scope ytd-masthead style-default']
17:58:38 [TestNG-test-Yt Master Tests-1] INFO  verifyingGlobalFilterLandingPageLingua_17-57-20 - Clicking on global filter button in landing page..
17:58:38 [TestNG-test-Yt Master Tests-1] INFO  verifyingGlobalFilterLandingPageLingua_17-57-20 - [verifyingGlobalFilterLandingPageLingua_17-57-20] Trying to click element: By.xpath: //div[@id='filter-button']
17:58:38 [TestNG-test-Yt Master Tests-1] INFO  verifyingGlobalFilterLandingPageLingua_17-57-20 - [verifyingGlobalFilterLandingPageLingua_17-57-20] Clicked successfully (attempt 1): By.xpath: //div[@id='filter-button']
17:58:38 [TestNG-test-Yt Master Tests-1] INFO  verifyingGlobalFilterLandingPageLingua_17-57-20 - [verifyingGlobalFilterLandingPageLingua_17-57-20] Waiting until element is visible in viewport
17:58:39 [TestNG-test-Yt Master Tests-1] INFO  verifyingGlobalFilterLandingPageLingua_17-57-20 - Fetching the data from the global filter in landing page
17:58:39 [TestNG-test-Yt Master Tests-1] INFO  verifyingGlobalFilterLandingPageLingua_17-57-20 - [verifyingGlobalFilterLandingPageLingua_17-57-20] Trying to find element: By.xpath: //ytd-search-filter-options-dialog-renderer[@class='style-scope ytd-popup-container']
17:58:39 [TestNG-test-Yt Master Tests-1] INFO  verifyingGlobalFilterLandingPageLingua_17-57-20 - [verifyingGlobalFilterLandingPageLingua_17-57-20] Element found and ready (attempt 1): By.xpath: //ytd-search-filter-options-dialog-renderer[@class='style-scope ytd-popup-container']
17:58:39 [TestNG-test-Yt Master Tests-1] INFO  verifyingGlobalFilterLandingPageLingua_17-57-20 - Closing the global filter pop-up in landing page..
17:58:39 [TestNG-test-Yt Master Tests-1] INFO  verifyingGlobalFilterLandingPageLingua_17-57-20 - [verifyingGlobalFilterLandingPageLingua_17-57-20] Trying to find element: By.xpath: //yt-icon[@icon='close']
17:58:39 [TestNG-test-Yt Master Tests-1] INFO  verifyingGlobalFilterLandingPageLingua_17-57-20 - [verifyingGlobalFilterLandingPageLingua_17-57-20] Element found and ready (attempt 1): By.xpath: //yt-icon[@icon='close']
17:58:39 [TestNG-test-Yt Master Tests-1] INFO  verifyingGlobalFilterLandingPageLingua_17-57-20 - 
========== LANGUAGE DETECTION ==========
Detected Language : ESTONIAN
Input Text        : Otsingufiltrid
TÜÜP
Videod
Lühivideod
Kanalid
Esitusloendid
Filmid
KESTUS
Alla 3 minuti
3–20 minutit
Üle 20 minuti
ÜLESLAADIMISE KUUPÄEV
Täna
See nädal
See kuu
See aasta
FUNKTSIOONID
Reaalajas
4K
HD
Subtiitrid
Creative Commons
360°
VR180
3D
HDR
Asukoht
Ostetud
PRIORITEETSUS
Asjakohasus
Populaarsus
========================================
17:58:39 [TestNG-test-Yt Master Tests-1] INFO  verifyingGlobalFilterLandingPageLingua_17-57-20 - getLangAttribute() - locating <html> and reading lang property
17:58:39 [TestNG-test-Yt Master Tests-1] INFO  verifyingGlobalFilterLandingPageLingua_17-57-20 - Language attribute read: et-EE
17:58:39 [TestNG-test-Yt Master Tests-1] INFO  verifyingGlobalFilterLandingPageLingua_17-57-20 - Clicking settings ellipses button...
17:58:39 [TestNG-test-Yt Master Tests-1] INFO  verifyingGlobalFilterLandingPageLingua_17-57-20 - [verifyingGlobalFilterLandingPageLingua_17-57-20] Trying to find element: By.xpath: //ytd-topbar-menu-button-renderer[@class='style-scope ytd-masthead style-default']
17:58:39 [TestNG-test-Yt Master Tests-1] INFO  verifyingGlobalFilterLandingPageLingua_17-57-20 - [verifyingGlobalFilterLandingPageLingua_17-57-20] Element found and ready (attempt 1): By.xpath: //ytd-topbar-menu-button-renderer[@class='style-scope ytd-masthead style-default']
17:58:39 [TestNG-test-Yt Master Tests-1] INFO  verifyingGlobalFilterLandingPageLingua_17-57-20 - Clicking language dropdown...
17:58:39 [TestNG-test-Yt Master Tests-1] INFO  verifyingGlobalFilterLandingPageLingua_17-57-20 - [verifyingGlobalFilterLandingPageLingua_17-57-20] Trying to find element: By.xpath: (//div[@id='content-icon'])[2]
17:58:40 [TestNG-test-Yt Master Tests-1] INFO  verifyingGlobalFilterLandingPageLingua_17-57-20 - [verifyingGlobalFilterLandingPageLingua_17-57-20] Element found and ready (attempt 1): By.xpath: (//div[@id='content-icon'])[2]
17:58:41 [TestNG-test-Yt Master Tests-1] INFO  verifyingGlobalFilterLandingPageLingua_17-57-20 - Looking for language element with name: English (India)
17:58:41 [TestNG-test-Yt Master Tests-1] INFO  verifyingGlobalFilterLandingPageLingua_17-57-20 - [verifyingGlobalFilterLandingPageLingua_17-57-20] Trying to find element: By.xpath: //yt-multi-page-menu-section-renderer[@class='style-scope ytd-multi-page-menu-renderer']//yt-formatted-string[@id='label' and text()='English (India)']
17:58:41 [TestNG-test-Yt Master Tests-1] INFO  verifyingGlobalFilterLandingPageLingua_17-57-20 - [verifyingGlobalFilterLandingPageLingua_17-57-20] Element found and ready (attempt 1): By.xpath: //yt-multi-page-menu-section-renderer[@class='style-scope ytd-multi-page-menu-renderer']//yt-formatted-string[@id='label' and text()='English (India)']
17:58:41 [TestNG-test-Yt Master Tests-1] INFO  verifyingGlobalFilterLandingPageLingua_17-57-20 - [verifyingGlobalFilterLandingPageLingua_17-57-20] Trying to find element: By.xpath: //yt-multi-page-menu-section-renderer[@class='style-scope ytd-multi-page-menu-renderer']//yt-formatted-string[@id='label' and text()='English (India)']
17:58:41 [TestNG-test-Yt Master Tests-1] INFO  verifyingGlobalFilterLandingPageLingua_17-57-20 - [verifyingGlobalFilterLandingPageLingua_17-57-20] Element found and ready (attempt 1): By.xpath: //yt-multi-page-menu-section-renderer[@class='style-scope ytd-multi-page-menu-renderer']//yt-formatted-string[@id='label' and text()='English (India)']
17:58:43 [TestNG-test-Yt Master Tests-1] INFO  verifyingGlobalFilterLandingPageLingua_17-57-20 - Clicking settings ellipses button...
17:58:45 [TestNG-test-Yt Master Tests-1] INFO  verifyingGlobalFilterLandingPageLingua_17-57-20 - [verifyingGlobalFilterLandingPageLingua_17-57-20] Trying to find element: By.xpath: //ytd-topbar-menu-button-renderer[@class='style-scope ytd-masthead style-default']
17:58:45 [TestNG-test-Yt Master Tests-1] INFO  verifyingGlobalFilterLandingPageLingua_17-57-20 - [verifyingGlobalFilterLandingPageLingua_17-57-20] Element found and ready (attempt 1): By.xpath: //ytd-topbar-menu-button-renderer[@class='style-scope ytd-masthead style-default']
17:58:45 [TestNG-test-Yt Master Tests-1] INFO  verifyingGlobalFilterLandingPageLingua_17-57-20 - [verifyingGlobalFilterLandingPageLingua_17-57-20] Waiting until element is visible in viewport
17:58:46 [TestNG-test-Yt Master Tests-1] INFO  verifyingGlobalFilterLandingPageLingua_17-57-20 - Clicking settings ellipses button...
17:58:46 [TestNG-test-Yt Master Tests-1] INFO  verifyingGlobalFilterLandingPageLingua_17-57-20 - [verifyingGlobalFilterLandingPageLingua_17-57-20] Trying to find element: By.xpath: //ytd-topbar-menu-button-renderer[@class='style-scope ytd-masthead style-default']
17:58:46 [TestNG-test-Yt Master Tests-1] INFO  verifyingGlobalFilterLandingPageLingua_17-57-20 - [verifyingGlobalFilterLandingPageLingua_17-57-20] Element found and ready (attempt 1): By.xpath: //ytd-topbar-menu-button-renderer[@class='style-scope ytd-masthead style-default']
17:58:46 [TestNG-test-Yt Master Tests-1] INFO  verifyingGlobalFilterLandingPageLingua_17-57-20 - Clicking on global filter button in landing page..
17:58:46 [TestNG-test-Yt Master Tests-1] INFO  verifyingGlobalFilterLandingPageLingua_17-57-20 - [verifyingGlobalFilterLandingPageLingua_17-57-20] Trying to click element: By.xpath: //div[@id='filter-button']
17:58:46 [TestNG-test-Yt Master Tests-1] INFO  verifyingGlobalFilterLandingPageLingua_17-57-20 - [verifyingGlobalFilterLandingPageLingua_17-57-20] Clicked successfully (attempt 1): By.xpath: //div[@id='filter-button']
17:58:46 [TestNG-test-Yt Master Tests-1] INFO  verifyingGlobalFilterLandingPageLingua_17-57-20 - [verifyingGlobalFilterLandingPageLingua_17-57-20] Waiting until element is visible in viewport
17:58:47 [TestNG-test-Yt Master Tests-1] INFO  verifyingGlobalFilterLandingPageLingua_17-57-20 - Fetching the data from the global filter in landing page
17:58:47 [TestNG-test-Yt Master Tests-1] INFO  verifyingGlobalFilterLandingPageLingua_17-57-20 - [verifyingGlobalFilterLandingPageLingua_17-57-20] Trying to find element: By.xpath: //ytd-search-filter-options-dialog-renderer[@class='style-scope ytd-popup-container']
17:58:47 [TestNG-test-Yt Master Tests-1] INFO  verifyingGlobalFilterLandingPageLingua_17-57-20 - [verifyingGlobalFilterLandingPageLingua_17-57-20] Element found and ready (attempt 1): By.xpath: //ytd-search-filter-options-dialog-renderer[@class='style-scope ytd-popup-container']
17:58:47 [TestNG-test-Yt Master Tests-1] INFO  verifyingGlobalFilterLandingPageLingua_17-57-20 - Closing the global filter pop-up in landing page..
17:58:47 [TestNG-test-Yt Master Tests-1] INFO  verifyingGlobalFilterLandingPageLingua_17-57-20 - [verifyingGlobalFilterLandingPageLingua_17-57-20] Trying to find element: By.xpath: //yt-icon[@icon='close']
17:58:47 [TestNG-test-Yt Master Tests-1] INFO  verifyingGlobalFilterLandingPageLingua_17-57-20 - [verifyingGlobalFilterLandingPageLingua_17-57-20] Element found and ready (attempt 1): By.xpath: //yt-icon[@icon='close']
17:58:47 [TestNG-test-Yt Master Tests-1] INFO  verifyingGlobalFilterLandingPageLingua_17-57-20 - 
========== LANGUAGE DETECTION ==========
Detected Language : ENGLISH
Input Text        : Search filters
TYPE
Videos
Shorts
Channels
Playlists
Movies
DURATION
Under 3 minutes
3–20 minutes
Over 20 minutes
UPLOAD DATE
Today
This week
This month
This year
FEATURES
Live
4K
HD
Subtitles/CC
Creative Commons
360°
VR180
3D
HDR
Location
Purchased
PRIORITISE
Relevance
Popularity
========================================
17:58:47 [TestNG-test-Yt Master Tests-1] INFO  verifyingGlobalFilterLandingPageLingua_17-57-20 - getLangAttribute() - locating <html> and reading lang property
17:58:47 [TestNG-test-Yt Master Tests-1] INFO  verifyingGlobalFilterLandingPageLingua_17-57-20 - Language attribute read: en-IN
17:58:47 [TestNG-test-Yt Master Tests-1] INFO  verifyingGlobalFilterLandingPageLingua_17-57-20 - [verifyingGlobalFilterLandingPageLingua_17-57-20] Not retrying test 'verifyingGlobalFilterLandingPageLingua'. Retry count: 0, Cause: The following asserts failed:
	Language detection mismatch for language=Bosanski expected [CROATIAN] but found [BOSNIAN]
