17:00:43 [TestNG-test-Yt Master Tests-3] INFO  verifyingSideMenuCollapsedLangAsInSettings_17-00-43 - No existing WebDriver found for current thread. Initializing a new ChromeDriver...
17:00:43 [TestNG-test-Yt Master Tests-3] INFO  verifyingSideMenuCollapsedLangAsInSettings_17-00-43 - WebDriverManager: chromedriver setup OK
17:00:45 [TestNG-test-Yt Master Tests-3] INFO  verifyingSideMenuCollapsedLangAsInSettings_17-00-43 - ChromeDriver initialized successfully for thread: 36
17:00:45 [TestNG-test-Yt Master Tests-3] INFO  verifyingSideMenuCollapsedLangAsInSettings_17-00-43 - SafeActions initialized with driver ChromeDriver: chrome on windows (39d7b7466ff1b3aec1130ee3bae1506d)
17:00:45 [TestNG-test-Yt Master Tests-3] INFO  verifyingSideMenuCollapsedLangAsInSettings_17-00-43 - Initialized YtLandingPage with driver: ChromeDriver: chrome on windows (39d7b7466ff1b3aec1130ee3bae1506d)
17:00:45 [TestNG-test-Yt Master Tests-3] INFO  verifyingSideMenuCollapsedLangAsInSettings_17-00-43 - SafeActions initialized with driver ChromeDriver: chrome on windows (39d7b7466ff1b3aec1130ee3bae1506d)
17:00:51 [TestNG-test-Yt Master Tests-3] INFO  verifyingSideMenuCollapsedLangAsInSettings_17-00-43 - Opened YouTube landing page.
17:00:51 [TestNG-test-Yt Master Tests-3] INFO  verifyingSideMenuCollapsedLangAsInSettings_17-00-43 - Clicking left ellipses in the landing page
17:00:51 [TestNG-test-Yt Master Tests-3] INFO  verifyingSideMenuCollapsedLangAsInSettings_17-00-43 - [verifyingSideMenuCollapsedLangAsInSettings_17-00-43] Trying to find element: By.xpath: //ytd-topbar-logo-renderer[@id='logo']/preceding-sibling::*[@id='guide-button']
17:00:51 [TestNG-test-Yt Master Tests-3] INFO  verifyingSideMenuCollapsedLangAsInSettings_17-00-43 - [verifyingSideMenuCollapsedLangAsInSettings_17-00-43] Element found and ready (attempt 1): By.xpath: //ytd-topbar-logo-renderer[@id='logo']/preceding-sibling::*[@id='guide-button']
17:00:52 [TestNG-test-Yt Master Tests-3] INFO  verifyingSideMenuCollapsedLangAsInSettings_17-00-43 - Clicking settings ellipses button...
17:00:52 [TestNG-test-Yt Master Tests-3] INFO  verifyingSideMenuCollapsedLangAsInSettings_17-00-43 - [verifyingSideMenuCollapsedLangAsInSettings_17-00-43] Trying to find element: By.xpath: //ytd-topbar-menu-button-renderer[@class='style-scope ytd-masthead style-default']
17:00:52 [TestNG-test-Yt Master Tests-3] INFO  verifyingSideMenuCollapsedLangAsInSettings_17-00-43 - [verifyingSideMenuCollapsedLangAsInSettings_17-00-43] Element found and ready (attempt 1): By.xpath: //ytd-topbar-menu-button-renderer[@class='style-scope ytd-masthead style-default']
17:00:53 [TestNG-test-Yt Master Tests-3] INFO  verifyingSideMenuCollapsedLangAsInSettings_17-00-43 - [verifyingSideMenuCollapsedLangAsInSettings_17-00-43] Not retrying test 'verifyingSideMenuCollapsedLangAsInSettings'. Retry count: 1, Cause: element click intercepted: Element <ytd-topbar-menu-button-renderer class="style-scope ytd-masthead style-default" use-keyboard-focused="" masthead-container="" is-icon-button="" has-no-text="">...</ytd-topbar-menu-button-renderer> is not clickable at point (864, 28). Other element would receive the click: <div id="scrim" class="style-scope tp-yt-app-drawer visible" style="transition-duration: 200ms;"></div>
  (Session info: chrome=152.0.7977.83)
Build info: version: '4.27.0', revision: 'd6e718d134'
System info: os.name: 'Windows Server 2025', os.arch: 'amd64', os.version: '10.0', java.version: '24.0.2'
Driver info: org.openqa.selenium.chrome.ChromeDriver
Command: [39d7b7466ff1b3aec1130ee3bae1506d, clickElement {id=f.FD6401794E798FAA5B2376269A35FD3D.d.14BA3CC63ACBD26D610D89AEE6421B1F.e.16}]
Capabilities {acceptInsecureCerts: false, browserName: chrome, browserVersion: 152.0.7977.83, chrome: {chromedriverVersion: 152.0.7977.82 (d04cdb24d67b..., userDataDir: C:\Windows\SystemTemp\scope...}, fedcm:accounts: true, goog:chromeOptions: {debuggerAddress: localhost:53792}, goog:processID: 10876, networkConnectionEnabled: false, pageLoadStrategy: normal, platformName: windows, proxy: Proxy(), se:cdp: ws://localhost:53792/devtoo..., se:cdpVersion: 152.0.7977.83, setWindowRect: true, strictFileInteractability: false, timeouts: {implicit: 0, pageLoad: 300000, script: 30000}, unhandledPromptBehavior: dismiss and notify, webauthn:extension:credBlob: true, webauthn:extension:largeBlob: true, webauthn:extension:minPinLength: true, webauthn:extension:prf: true, webauthn:virtualAuthenticators: true}
Element: [[ChromeDriver: chrome on windows (39d7b7466ff1b3aec1130ee3bae1506d)] -> xpath: //ytd-topbar-menu-button-renderer[@class='style-scope ytd-masthead style-default']]
Session ID: 39d7b7466ff1b3aec1130ee3bae1506d
