22:49:40 [TestNG-test-Yt Master Tests-3] INFO  verifyingSideMenuCollapsedLangAsInSettings_22-49-40 - No existing WebDriver found for current thread. Initializing a new ChromeDriver...
22:49:40 [TestNG-test-Yt Master Tests-3] INFO  verifyingSideMenuCollapsedLangAsInSettings_22-49-40 - WebDriverManager: chromedriver setup OK
22:49:42 [TestNG-test-Yt Master Tests-3] INFO  verifyingSideMenuCollapsedLangAsInSettings_22-49-40 - ChromeDriver initialized successfully for thread: 36
22:49:42 [TestNG-test-Yt Master Tests-3] INFO  verifyingSideMenuCollapsedLangAsInSettings_22-49-40 - SafeActions initialized with driver ChromeDriver: chrome on windows (2349309e59b76c0c00e3c8cd3af3589d)
22:49:42 [TestNG-test-Yt Master Tests-3] INFO  verifyingSideMenuCollapsedLangAsInSettings_22-49-40 - Initialized YtLandingPage with driver: ChromeDriver: chrome on windows (2349309e59b76c0c00e3c8cd3af3589d)
22:49:42 [TestNG-test-Yt Master Tests-3] INFO  verifyingSideMenuCollapsedLangAsInSettings_22-49-40 - SafeActions initialized with driver ChromeDriver: chrome on windows (2349309e59b76c0c00e3c8cd3af3589d)
22:49:48 [TestNG-test-Yt Master Tests-3] INFO  verifyingSideMenuCollapsedLangAsInSettings_22-49-40 - Opened YouTube landing page.
22:49:48 [TestNG-test-Yt Master Tests-3] INFO  verifyingSideMenuCollapsedLangAsInSettings_22-49-40 - Clicking left ellipses in the landing page
22:49:48 [TestNG-test-Yt Master Tests-3] INFO  verifyingSideMenuCollapsedLangAsInSettings_22-49-40 - [verifyingSideMenuCollapsedLangAsInSettings_22-49-40] Trying to find element: By.xpath: //ytd-topbar-logo-renderer[@id='logo']/preceding-sibling::*[@id='guide-button']
22:49:48 [TestNG-test-Yt Master Tests-3] INFO  verifyingSideMenuCollapsedLangAsInSettings_22-49-40 - [verifyingSideMenuCollapsedLangAsInSettings_22-49-40] Element found and ready (attempt 1): By.xpath: //ytd-topbar-logo-renderer[@id='logo']/preceding-sibling::*[@id='guide-button']
22:49:48 [TestNG-test-Yt Master Tests-3] INFO  verifyingSideMenuCollapsedLangAsInSettings_22-49-40 - Clicking settings ellipses button...
22:49:49 [TestNG-test-Yt Master Tests-3] INFO  verifyingSideMenuCollapsedLangAsInSettings_22-49-40 - [verifyingSideMenuCollapsedLangAsInSettings_22-49-40] Trying to find element: By.xpath: //ytd-topbar-menu-button-renderer[@class='style-scope ytd-masthead style-default']
22:49:49 [TestNG-test-Yt Master Tests-3] INFO  verifyingSideMenuCollapsedLangAsInSettings_22-49-40 - [verifyingSideMenuCollapsedLangAsInSettings_22-49-40] Element found and ready (attempt 1): By.xpath: //ytd-topbar-menu-button-renderer[@class='style-scope ytd-masthead style-default']
22:49:49 [TestNG-test-Yt Master Tests-3] INFO  verifyingSideMenuCollapsedLangAsInSettings_22-49-40 - Clicking language dropdown...
22:49:49 [TestNG-test-Yt Master Tests-3] INFO  verifyingSideMenuCollapsedLangAsInSettings_22-49-40 - [verifyingSideMenuCollapsedLangAsInSettings_22-49-40] Trying to find element: By.xpath: (//div[@id='content-icon'])[2]
22:49:50 [TestNG-test-Yt Master Tests-3] INFO  verifyingSideMenuCollapsedLangAsInSettings_22-49-40 - [verifyingSideMenuCollapsedLangAsInSettings_22-49-40] Element found and ready (attempt 1): By.xpath: (//div[@id='content-icon'])[2]
22:49:51 [TestNG-test-Yt Master Tests-3] INFO  verifyingSideMenuCollapsedLangAsInSettings_22-49-40 - [verifyingSideMenuCollapsedLangAsInSettings_22-49-40] Execution is scheduled type /CRON Job on CI Hence refering to CI keys from UtilData
22:49:51 [TestNG-test-Yt Master Tests-3] INFO  verifyingSideMenuCollapsedLangAsInSettings_22-49-40 - Looking for language element with name: Afrikaans
22:49:51 [TestNG-test-Yt Master Tests-3] INFO  verifyingSideMenuCollapsedLangAsInSettings_22-49-40 - [verifyingSideMenuCollapsedLangAsInSettings_22-49-40] Trying to find element: By.xpath: //yt-multi-page-menu-section-renderer[@class='style-scope ytd-multi-page-menu-renderer']//yt-formatted-string[@id='label' and text()='Afrikaans']
22:49:51 [TestNG-test-Yt Master Tests-3] INFO  verifyingSideMenuCollapsedLangAsInSettings_22-49-40 - [verifyingSideMenuCollapsedLangAsInSettings_22-49-40] Element found and ready (attempt 1): By.xpath: //yt-multi-page-menu-section-renderer[@class='style-scope ytd-multi-page-menu-renderer']//yt-formatted-string[@id='label' and text()='Afrikaans']
22:49:51 [TestNG-test-Yt Master Tests-3] INFO  verifyingSideMenuCollapsedLangAsInSettings_22-49-40 - [verifyingSideMenuCollapsedLangAsInSettings_22-49-40] Trying to find element: By.xpath: //yt-multi-page-menu-section-renderer[@class='style-scope ytd-multi-page-menu-renderer']//yt-formatted-string[@id='label' and text()='Afrikaans']
22:49:51 [TestNG-test-Yt Master Tests-3] INFO  verifyingSideMenuCollapsedLangAsInSettings_22-49-40 - [verifyingSideMenuCollapsedLangAsInSettings_22-49-40] Element found and ready (attempt 1): By.xpath: //yt-multi-page-menu-section-renderer[@class='style-scope ytd-multi-page-menu-renderer']//yt-formatted-string[@id='label' and text()='Afrikaans']
22:49:54 [TestNG-test-Yt Master Tests-3] INFO  verifyingSideMenuCollapsedLangAsInSettings_22-49-40 - Clicking settings ellipses button...
22:49:55 [TestNG-test-Yt Master Tests-3] INFO  verifyingSideMenuCollapsedLangAsInSettings_22-49-40 - [verifyingSideMenuCollapsedLangAsInSettings_22-49-40] Trying to find element: By.xpath: //ytd-topbar-menu-button-renderer[@class='style-scope ytd-masthead style-default']
22:49:55 [TestNG-test-Yt Master Tests-3] INFO  verifyingSideMenuCollapsedLangAsInSettings_22-49-40 - [verifyingSideMenuCollapsedLangAsInSettings_22-49-40] Element found and ready (attempt 1): By.xpath: //ytd-topbar-menu-button-renderer[@class='style-scope ytd-masthead style-default']
22:49:55 [TestNG-test-Yt Master Tests-3] INFO  verifyingSideMenuCollapsedLangAsInSettings_22-49-40 - [verifyingSideMenuCollapsedLangAsInSettings_22-49-40] Waiting until element is visible in viewport
22:49:56 [TestNG-test-Yt Master Tests-3] INFO  verifyingSideMenuCollapsedLangAsInSettings_22-49-40 - Clicking settings ellipses button...
22:49:56 [TestNG-test-Yt Master Tests-3] INFO  verifyingSideMenuCollapsedLangAsInSettings_22-49-40 - [verifyingSideMenuCollapsedLangAsInSettings_22-49-40] Trying to find element: By.xpath: //ytd-topbar-menu-button-renderer[@class='style-scope ytd-masthead style-default']
22:49:56 [TestNG-test-Yt Master Tests-3] INFO  verifyingSideMenuCollapsedLangAsInSettings_22-49-40 - [verifyingSideMenuCollapsedLangAsInSettings_22-49-40] Element found and ready (attempt 1): By.xpath: //ytd-topbar-menu-button-renderer[@class='style-scope ytd-masthead style-default']
22:49:56 [TestNG-test-Yt Master Tests-3] INFO  verifyingSideMenuCollapsedLangAsInSettings_22-49-40 - getLangAttribute() - locating <html> and reading lang property
22:49:56 [TestNG-test-Yt Master Tests-3] INFO  verifyingSideMenuCollapsedLangAsInSettings_22-49-40 - Language attribute read: af-ZA
22:49:56 [TestNG-test-Yt Master Tests-3] INFO  verifyingSideMenuCollapsedLangAsInSettings_22-49-40 - Fetching the side menu in collapsed view
22:49:56 [TestNG-test-Yt Master Tests-3] INFO  verifyingSideMenuCollapsedLangAsInSettings_22-49-40 - [verifyingSideMenuCollapsedLangAsInSettings_22-49-40] Finding elements list: By.xpath: //ytd-mini-guide-renderer[@class='style-scope ytd-app']//ytd-mini-guide-entry-renderer
22:49:56 [TestNG-test-Yt Master Tests-3] INFO  verifyingSideMenuCollapsedLangAsInSettings_22-49-40 - [verifyingSideMenuCollapsedLangAsInSettings_22-49-40] Found 4 ready elements (attempt 1): By.xpath: //ytd-mini-guide-renderer[@class='style-scope ytd-app']//ytd-mini-guide-entry-renderer
22:49:57 [TestNG-test-Yt Master Tests-3] INFO  verifyingSideMenuCollapsedLangAsInSettings_22-49-40 - Clicking settings ellipses button...
22:49:57 [TestNG-test-Yt Master Tests-3] INFO  verifyingSideMenuCollapsedLangAsInSettings_22-49-40 - [verifyingSideMenuCollapsedLangAsInSettings_22-49-40] Trying to find element: By.xpath: //ytd-topbar-menu-button-renderer[@class='style-scope ytd-masthead style-default']
22:49:57 [TestNG-test-Yt Master Tests-3] INFO  verifyingSideMenuCollapsedLangAsInSettings_22-49-40 - [verifyingSideMenuCollapsedLangAsInSettings_22-49-40] Element found and ready (attempt 1): By.xpath: //ytd-topbar-menu-button-renderer[@class='style-scope ytd-masthead style-default']
22:49:57 [TestNG-test-Yt Master Tests-3] INFO  verifyingSideMenuCollapsedLangAsInSettings_22-49-40 - Clicking language dropdown...
22:49:57 [TestNG-test-Yt Master Tests-3] INFO  verifyingSideMenuCollapsedLangAsInSettings_22-49-40 - [verifyingSideMenuCollapsedLangAsInSettings_22-49-40] Trying to find element: By.xpath: (//div[@id='content-icon'])[2]
22:49:58 [TestNG-test-Yt Master Tests-3] INFO  verifyingSideMenuCollapsedLangAsInSettings_22-49-40 - [verifyingSideMenuCollapsedLangAsInSettings_22-49-40] Element found and ready (attempt 1): By.xpath: (//div[@id='content-icon'])[2]
22:49:58 [TestNG-test-Yt Master Tests-3] INFO  verifyingSideMenuCollapsedLangAsInSettings_22-49-40 - Looking for language element with name: Azərbaycan
22:49:58 [TestNG-test-Yt Master Tests-3] INFO  verifyingSideMenuCollapsedLangAsInSettings_22-49-40 - [verifyingSideMenuCollapsedLangAsInSettings_22-49-40] Trying to find element: By.xpath: //yt-multi-page-menu-section-renderer[@class='style-scope ytd-multi-page-menu-renderer']//yt-formatted-string[@id='label' and text()='Azərbaycan']
22:49:59 [TestNG-test-Yt Master Tests-3] INFO  verifyingSideMenuCollapsedLangAsInSettings_22-49-40 - [verifyingSideMenuCollapsedLangAsInSettings_22-49-40] Element found and ready (attempt 1): By.xpath: //yt-multi-page-menu-section-renderer[@class='style-scope ytd-multi-page-menu-renderer']//yt-formatted-string[@id='label' and text()='Azərbaycan']
22:49:59 [TestNG-test-Yt Master Tests-3] INFO  verifyingSideMenuCollapsedLangAsInSettings_22-49-40 - [verifyingSideMenuCollapsedLangAsInSettings_22-49-40] Trying to find element: By.xpath: //yt-multi-page-menu-section-renderer[@class='style-scope ytd-multi-page-menu-renderer']//yt-formatted-string[@id='label' and text()='Azərbaycan']
22:49:59 [TestNG-test-Yt Master Tests-3] INFO  verifyingSideMenuCollapsedLangAsInSettings_22-49-40 - [verifyingSideMenuCollapsedLangAsInSettings_22-49-40] Element found and ready (attempt 1): By.xpath: //yt-multi-page-menu-section-renderer[@class='style-scope ytd-multi-page-menu-renderer']//yt-formatted-string[@id='label' and text()='Azərbaycan']
22:50:02 [TestNG-test-Yt Master Tests-3] INFO  verifyingSideMenuCollapsedLangAsInSettings_22-49-40 - Clicking settings ellipses button...
22:50:02 [TestNG-test-Yt Master Tests-3] INFO  verifyingSideMenuCollapsedLangAsInSettings_22-49-40 - [verifyingSideMenuCollapsedLangAsInSettings_22-49-40] Trying to find element: By.xpath: //ytd-topbar-menu-button-renderer[@class='style-scope ytd-masthead style-default']
22:50:02 [TestNG-test-Yt Master Tests-3] INFO  verifyingSideMenuCollapsedLangAsInSettings_22-49-40 - [verifyingSideMenuCollapsedLangAsInSettings_22-49-40] Element found and ready (attempt 1): By.xpath: //ytd-topbar-menu-button-renderer[@class='style-scope ytd-masthead style-default']
22:50:02 [TestNG-test-Yt Master Tests-3] INFO  verifyingSideMenuCollapsedLangAsInSettings_22-49-40 - [verifyingSideMenuCollapsedLangAsInSettings_22-49-40] Waiting until element is visible in viewport
22:50:03 [TestNG-test-Yt Master Tests-3] INFO  verifyingSideMenuCollapsedLangAsInSettings_22-49-40 - Clicking settings ellipses button...
22:50:03 [TestNG-test-Yt Master Tests-3] INFO  verifyingSideMenuCollapsedLangAsInSettings_22-49-40 - [verifyingSideMenuCollapsedLangAsInSettings_22-49-40] Trying to find element: By.xpath: //ytd-topbar-menu-button-renderer[@class='style-scope ytd-masthead style-default']
22:50:03 [TestNG-test-Yt Master Tests-3] INFO  verifyingSideMenuCollapsedLangAsInSettings_22-49-40 - [verifyingSideMenuCollapsedLangAsInSettings_22-49-40] Element found and ready (attempt 1): By.xpath: //ytd-topbar-menu-button-renderer[@class='style-scope ytd-masthead style-default']
22:50:03 [TestNG-test-Yt Master Tests-3] INFO  verifyingSideMenuCollapsedLangAsInSettings_22-49-40 - getLangAttribute() - locating <html> and reading lang property
22:50:03 [TestNG-test-Yt Master Tests-3] INFO  verifyingSideMenuCollapsedLangAsInSettings_22-49-40 - Language attribute read: az-Latn-AZ
22:50:03 [TestNG-test-Yt Master Tests-3] INFO  verifyingSideMenuCollapsedLangAsInSettings_22-49-40 - Fetching the side menu in collapsed view
22:50:03 [TestNG-test-Yt Master Tests-3] INFO  verifyingSideMenuCollapsedLangAsInSettings_22-49-40 - [verifyingSideMenuCollapsedLangAsInSettings_22-49-40] Finding elements list: By.xpath: //ytd-mini-guide-renderer[@class='style-scope ytd-app']//ytd-mini-guide-entry-renderer
22:50:04 [TestNG-test-Yt Master Tests-3] INFO  verifyingSideMenuCollapsedLangAsInSettings_22-49-40 - [verifyingSideMenuCollapsedLangAsInSettings_22-49-40] Found 4 ready elements (attempt 1): By.xpath: //ytd-mini-guide-renderer[@class='style-scope ytd-app']//ytd-mini-guide-entry-renderer
22:50:04 [TestNG-test-Yt Master Tests-3] INFO  verifyingSideMenuCollapsedLangAsInSettings_22-49-40 - Clicking settings ellipses button...
22:50:04 [TestNG-test-Yt Master Tests-3] INFO  verifyingSideMenuCollapsedLangAsInSettings_22-49-40 - [verifyingSideMenuCollapsedLangAsInSettings_22-49-40] Trying to find element: By.xpath: //ytd-topbar-menu-button-renderer[@class='style-scope ytd-masthead style-default']
22:50:04 [TestNG-test-Yt Master Tests-3] INFO  verifyingSideMenuCollapsedLangAsInSettings_22-49-40 - [verifyingSideMenuCollapsedLangAsInSettings_22-49-40] Element found and ready (attempt 1): By.xpath: //ytd-topbar-menu-button-renderer[@class='style-scope ytd-masthead style-default']
22:50:04 [TestNG-test-Yt Master Tests-3] INFO  verifyingSideMenuCollapsedLangAsInSettings_22-49-40 - Clicking language dropdown...
22:50:04 [TestNG-test-Yt Master Tests-3] INFO  verifyingSideMenuCollapsedLangAsInSettings_22-49-40 - [verifyingSideMenuCollapsedLangAsInSettings_22-49-40] Trying to find element: By.xpath: (//div[@id='content-icon'])[2]
22:50:05 [TestNG-test-Yt Master Tests-3] INFO  verifyingSideMenuCollapsedLangAsInSettings_22-49-40 - [verifyingSideMenuCollapsedLangAsInSettings_22-49-40] Element found and ready (attempt 1): By.xpath: (//div[@id='content-icon'])[2]
22:50:05 [TestNG-test-Yt Master Tests-3] INFO  verifyingSideMenuCollapsedLangAsInSettings_22-49-40 - Looking for language element with name: Bahasa Indonesia
22:50:05 [TestNG-test-Yt Master Tests-3] INFO  verifyingSideMenuCollapsedLangAsInSettings_22-49-40 - [verifyingSideMenuCollapsedLangAsInSettings_22-49-40] Trying to find element: By.xpath: //yt-multi-page-menu-section-renderer[@class='style-scope ytd-multi-page-menu-renderer']//yt-formatted-string[@id='label' and text()='Bahasa Indonesia']
22:50:05 [TestNG-test-Yt Master Tests-3] INFO  verifyingSideMenuCollapsedLangAsInSettings_22-49-40 - [verifyingSideMenuCollapsedLangAsInSettings_22-49-40] Element found and ready (attempt 1): By.xpath: //yt-multi-page-menu-section-renderer[@class='style-scope ytd-multi-page-menu-renderer']//yt-formatted-string[@id='label' and text()='Bahasa Indonesia']
22:50:05 [TestNG-test-Yt Master Tests-3] INFO  verifyingSideMenuCollapsedLangAsInSettings_22-49-40 - [verifyingSideMenuCollapsedLangAsInSettings_22-49-40] Trying to find element: By.xpath: //yt-multi-page-menu-section-renderer[@class='style-scope ytd-multi-page-menu-renderer']//yt-formatted-string[@id='label' and text()='Bahasa Indonesia']
22:50:05 [TestNG-test-Yt Master Tests-3] INFO  verifyingSideMenuCollapsedLangAsInSettings_22-49-40 - [verifyingSideMenuCollapsedLangAsInSettings_22-49-40] Element found and ready (attempt 1): By.xpath: //yt-multi-page-menu-section-renderer[@class='style-scope ytd-multi-page-menu-renderer']//yt-formatted-string[@id='label' and text()='Bahasa Indonesia']
22:50:07 [TestNG-test-Yt Master Tests-3] INFO  verifyingSideMenuCollapsedLangAsInSettings_22-49-40 - Clicking settings ellipses button...
22:50:07 [TestNG-test-Yt Master Tests-3] INFO  verifyingSideMenuCollapsedLangAsInSettings_22-49-40 - [verifyingSideMenuCollapsedLangAsInSettings_22-49-40] Trying to find element: By.xpath: //ytd-topbar-menu-button-renderer[@class='style-scope ytd-masthead style-default']
22:50:08 [TestNG-test-Yt Master Tests-3] INFO  verifyingSideMenuCollapsedLangAsInSettings_22-49-40 - [verifyingSideMenuCollapsedLangAsInSettings_22-49-40] Element found and ready (attempt 1): By.xpath: //ytd-topbar-menu-button-renderer[@class='style-scope ytd-masthead style-default']
22:50:08 [TestNG-test-Yt Master Tests-3] INFO  verifyingSideMenuCollapsedLangAsInSettings_22-49-40 - [verifyingSideMenuCollapsedLangAsInSettings_22-49-40] Waiting until element is visible in viewport
22:50:09 [TestNG-test-Yt Master Tests-3] INFO  verifyingSideMenuCollapsedLangAsInSettings_22-49-40 - Clicking settings ellipses button...
22:50:09 [TestNG-test-Yt Master Tests-3] INFO  verifyingSideMenuCollapsedLangAsInSettings_22-49-40 - [verifyingSideMenuCollapsedLangAsInSettings_22-49-40] Trying to find element: By.xpath: //ytd-topbar-menu-button-renderer[@class='style-scope ytd-masthead style-default']
22:50:09 [TestNG-test-Yt Master Tests-3] INFO  verifyingSideMenuCollapsedLangAsInSettings_22-49-40 - [verifyingSideMenuCollapsedLangAsInSettings_22-49-40] Element found and ready (attempt 1): By.xpath: //ytd-topbar-menu-button-renderer[@class='style-scope ytd-masthead style-default']
22:50:09 [TestNG-test-Yt Master Tests-3] INFO  verifyingSideMenuCollapsedLangAsInSettings_22-49-40 - getLangAttribute() - locating <html> and reading lang property
22:50:09 [TestNG-test-Yt Master Tests-3] INFO  verifyingSideMenuCollapsedLangAsInSettings_22-49-40 - Language attribute read: id-ID
22:50:09 [TestNG-test-Yt Master Tests-3] INFO  verifyingSideMenuCollapsedLangAsInSettings_22-49-40 - Fetching the side menu in collapsed view
22:50:09 [TestNG-test-Yt Master Tests-3] INFO  verifyingSideMenuCollapsedLangAsInSettings_22-49-40 - [verifyingSideMenuCollapsedLangAsInSettings_22-49-40] Finding elements list: By.xpath: //ytd-mini-guide-renderer[@class='style-scope ytd-app']//ytd-mini-guide-entry-renderer
22:50:09 [TestNG-test-Yt Master Tests-3] INFO  verifyingSideMenuCollapsedLangAsInSettings_22-49-40 - [verifyingSideMenuCollapsedLangAsInSettings_22-49-40] Found 4 ready elements (attempt 1): By.xpath: //ytd-mini-guide-renderer[@class='style-scope ytd-app']//ytd-mini-guide-entry-renderer
22:50:09 [TestNG-test-Yt Master Tests-3] INFO  verifyingSideMenuCollapsedLangAsInSettings_22-49-40 - Clicking settings ellipses button...
22:50:10 [TestNG-test-Yt Master Tests-3] INFO  verifyingSideMenuCollapsedLangAsInSettings_22-49-40 - [verifyingSideMenuCollapsedLangAsInSettings_22-49-40] Trying to find element: By.xpath: //ytd-topbar-menu-button-renderer[@class='style-scope ytd-masthead style-default']
22:50:10 [TestNG-test-Yt Master Tests-3] INFO  verifyingSideMenuCollapsedLangAsInSettings_22-49-40 - [verifyingSideMenuCollapsedLangAsInSettings_22-49-40] Element found and ready (attempt 1): By.xpath: //ytd-topbar-menu-button-renderer[@class='style-scope ytd-masthead style-default']
22:50:10 [TestNG-test-Yt Master Tests-3] INFO  verifyingSideMenuCollapsedLangAsInSettings_22-49-40 - Clicking language dropdown...
22:50:10 [TestNG-test-Yt Master Tests-3] INFO  verifyingSideMenuCollapsedLangAsInSettings_22-49-40 - [verifyingSideMenuCollapsedLangAsInSettings_22-49-40] Trying to find element: By.xpath: (//div[@id='content-icon'])[2]
22:50:10 [TestNG-test-Yt Master Tests-3] INFO  verifyingSideMenuCollapsedLangAsInSettings_22-49-40 - [verifyingSideMenuCollapsedLangAsInSettings_22-49-40] Element found and ready (attempt 1): By.xpath: (//div[@id='content-icon'])[2]
22:50:11 [TestNG-test-Yt Master Tests-3] INFO  verifyingSideMenuCollapsedLangAsInSettings_22-49-40 - Looking for language element with name: Bosanski
22:50:11 [TestNG-test-Yt Master Tests-3] INFO  verifyingSideMenuCollapsedLangAsInSettings_22-49-40 - [verifyingSideMenuCollapsedLangAsInSettings_22-49-40] Trying to find element: By.xpath: //yt-multi-page-menu-section-renderer[@class='style-scope ytd-multi-page-menu-renderer']//yt-formatted-string[@id='label' and text()='Bosanski']
22:50:11 [TestNG-test-Yt Master Tests-3] INFO  verifyingSideMenuCollapsedLangAsInSettings_22-49-40 - [verifyingSideMenuCollapsedLangAsInSettings_22-49-40] Element found and ready (attempt 1): By.xpath: //yt-multi-page-menu-section-renderer[@class='style-scope ytd-multi-page-menu-renderer']//yt-formatted-string[@id='label' and text()='Bosanski']
22:50:11 [TestNG-test-Yt Master Tests-3] INFO  verifyingSideMenuCollapsedLangAsInSettings_22-49-40 - [verifyingSideMenuCollapsedLangAsInSettings_22-49-40] Trying to find element: By.xpath: //yt-multi-page-menu-section-renderer[@class='style-scope ytd-multi-page-menu-renderer']//yt-formatted-string[@id='label' and text()='Bosanski']
22:50:11 [TestNG-test-Yt Master Tests-3] INFO  verifyingSideMenuCollapsedLangAsInSettings_22-49-40 - [verifyingSideMenuCollapsedLangAsInSettings_22-49-40] Element found and ready (attempt 1): By.xpath: //yt-multi-page-menu-section-renderer[@class='style-scope ytd-multi-page-menu-renderer']//yt-formatted-string[@id='label' and text()='Bosanski']
22:50:13 [TestNG-test-Yt Master Tests-3] INFO  verifyingSideMenuCollapsedLangAsInSettings_22-49-40 - Clicking settings ellipses button...
22:50:14 [TestNG-test-Yt Master Tests-3] INFO  verifyingSideMenuCollapsedLangAsInSettings_22-49-40 - [verifyingSideMenuCollapsedLangAsInSettings_22-49-40] Trying to find element: By.xpath: //ytd-topbar-menu-button-renderer[@class='style-scope ytd-masthead style-default']
22:50:14 [TestNG-test-Yt Master Tests-3] INFO  verifyingSideMenuCollapsedLangAsInSettings_22-49-40 - [verifyingSideMenuCollapsedLangAsInSettings_22-49-40] Element found and ready (attempt 1): By.xpath: //ytd-topbar-menu-button-renderer[@class='style-scope ytd-masthead style-default']
22:50:15 [TestNG-test-Yt Master Tests-3] INFO  verifyingSideMenuCollapsedLangAsInSettings_22-49-40 - [verifyingSideMenuCollapsedLangAsInSettings_22-49-40] Waiting until element is visible in viewport
22:50:15 [TestNG-test-Yt Master Tests-3] INFO  verifyingSideMenuCollapsedLangAsInSettings_22-49-40 - Clicking settings ellipses button...
22:50:15 [TestNG-test-Yt Master Tests-3] INFO  verifyingSideMenuCollapsedLangAsInSettings_22-49-40 - [verifyingSideMenuCollapsedLangAsInSettings_22-49-40] Trying to find element: By.xpath: //ytd-topbar-menu-button-renderer[@class='style-scope ytd-masthead style-default']
22:50:15 [TestNG-test-Yt Master Tests-3] INFO  verifyingSideMenuCollapsedLangAsInSettings_22-49-40 - [verifyingSideMenuCollapsedLangAsInSettings_22-49-40] Element found and ready (attempt 1): By.xpath: //ytd-topbar-menu-button-renderer[@class='style-scope ytd-masthead style-default']
22:50:15 [TestNG-test-Yt Master Tests-3] INFO  verifyingSideMenuCollapsedLangAsInSettings_22-49-40 - getLangAttribute() - locating <html> and reading lang property
22:50:15 [TestNG-test-Yt Master Tests-3] INFO  verifyingSideMenuCollapsedLangAsInSettings_22-49-40 - Language attribute read: bs-Latn-BA
22:50:15 [TestNG-test-Yt Master Tests-3] INFO  verifyingSideMenuCollapsedLangAsInSettings_22-49-40 - Fetching the side menu in collapsed view
22:50:15 [TestNG-test-Yt Master Tests-3] INFO  verifyingSideMenuCollapsedLangAsInSettings_22-49-40 - [verifyingSideMenuCollapsedLangAsInSettings_22-49-40] Finding elements list: By.xpath: //ytd-mini-guide-renderer[@class='style-scope ytd-app']//ytd-mini-guide-entry-renderer
22:50:16 [TestNG-test-Yt Master Tests-3] INFO  verifyingSideMenuCollapsedLangAsInSettings_22-49-40 - [verifyingSideMenuCollapsedLangAsInSettings_22-49-40] Found 4 ready elements (attempt 1): By.xpath: //ytd-mini-guide-renderer[@class='style-scope ytd-app']//ytd-mini-guide-entry-renderer
22:50:16 [TestNG-test-Yt Master Tests-3] INFO  verifyingSideMenuCollapsedLangAsInSettings_22-49-40 - Clicking settings ellipses button...
22:50:16 [TestNG-test-Yt Master Tests-3] INFO  verifyingSideMenuCollapsedLangAsInSettings_22-49-40 - [verifyingSideMenuCollapsedLangAsInSettings_22-49-40] Trying to find element: By.xpath: //ytd-topbar-menu-button-renderer[@class='style-scope ytd-masthead style-default']
22:50:16 [TestNG-test-Yt Master Tests-3] INFO  verifyingSideMenuCollapsedLangAsInSettings_22-49-40 - [verifyingSideMenuCollapsedLangAsInSettings_22-49-40] Element found and ready (attempt 1): By.xpath: //ytd-topbar-menu-button-renderer[@class='style-scope ytd-masthead style-default']
22:50:16 [TestNG-test-Yt Master Tests-3] INFO  verifyingSideMenuCollapsedLangAsInSettings_22-49-40 - Clicking language dropdown...
22:50:16 [TestNG-test-Yt Master Tests-3] INFO  verifyingSideMenuCollapsedLangAsInSettings_22-49-40 - [verifyingSideMenuCollapsedLangAsInSettings_22-49-40] Trying to find element: By.xpath: (//div[@id='content-icon'])[2]
22:50:17 [TestNG-test-Yt Master Tests-3] INFO  verifyingSideMenuCollapsedLangAsInSettings_22-49-40 - [verifyingSideMenuCollapsedLangAsInSettings_22-49-40] Element found and ready (attempt 1): By.xpath: (//div[@id='content-icon'])[2]
22:50:18 [TestNG-test-Yt Master Tests-3] INFO  verifyingSideMenuCollapsedLangAsInSettings_22-49-40 - Looking for language element with name: Català
22:50:18 [TestNG-test-Yt Master Tests-3] INFO  verifyingSideMenuCollapsedLangAsInSettings_22-49-40 - [verifyingSideMenuCollapsedLangAsInSettings_22-49-40] Trying to find element: By.xpath: //yt-multi-page-menu-section-renderer[@class='style-scope ytd-multi-page-menu-renderer']//yt-formatted-string[@id='label' and text()='Català']
22:50:18 [TestNG-test-Yt Master Tests-3] INFO  verifyingSideMenuCollapsedLangAsInSettings_22-49-40 - [verifyingSideMenuCollapsedLangAsInSettings_22-49-40] Element found and ready (attempt 1): By.xpath: //yt-multi-page-menu-section-renderer[@class='style-scope ytd-multi-page-menu-renderer']//yt-formatted-string[@id='label' and text()='Català']
22:50:18 [TestNG-test-Yt Master Tests-3] INFO  verifyingSideMenuCollapsedLangAsInSettings_22-49-40 - [verifyingSideMenuCollapsedLangAsInSettings_22-49-40] Trying to find element: By.xpath: //yt-multi-page-menu-section-renderer[@class='style-scope ytd-multi-page-menu-renderer']//yt-formatted-string[@id='label' and text()='Català']
22:50:18 [TestNG-test-Yt Master Tests-3] INFO  verifyingSideMenuCollapsedLangAsInSettings_22-49-40 - [verifyingSideMenuCollapsedLangAsInSettings_22-49-40] Element found and ready (attempt 1): By.xpath: //yt-multi-page-menu-section-renderer[@class='style-scope ytd-multi-page-menu-renderer']//yt-formatted-string[@id='label' and text()='Català']
22:50:20 [TestNG-test-Yt Master Tests-3] INFO  verifyingSideMenuCollapsedLangAsInSettings_22-49-40 - Clicking settings ellipses button...
22:50:20 [TestNG-test-Yt Master Tests-3] INFO  verifyingSideMenuCollapsedLangAsInSettings_22-49-40 - [verifyingSideMenuCollapsedLangAsInSettings_22-49-40] Trying to find element: By.xpath: //ytd-topbar-menu-button-renderer[@class='style-scope ytd-masthead style-default']
22:50:20 [TestNG-test-Yt Master Tests-3] INFO  verifyingSideMenuCollapsedLangAsInSettings_22-49-40 - [verifyingSideMenuCollapsedLangAsInSettings_22-49-40] Element found and ready (attempt 1): By.xpath: //ytd-topbar-menu-button-renderer[@class='style-scope ytd-masthead style-default']
22:50:20 [TestNG-test-Yt Master Tests-3] INFO  verifyingSideMenuCollapsedLangAsInSettings_22-49-40 - [verifyingSideMenuCollapsedLangAsInSettings_22-49-40] Waiting until element is visible in viewport
22:50:22 [TestNG-test-Yt Master Tests-3] INFO  verifyingSideMenuCollapsedLangAsInSettings_22-49-40 - Clicking settings ellipses button...
22:50:22 [TestNG-test-Yt Master Tests-3] INFO  verifyingSideMenuCollapsedLangAsInSettings_22-49-40 - [verifyingSideMenuCollapsedLangAsInSettings_22-49-40] Trying to find element: By.xpath: //ytd-topbar-menu-button-renderer[@class='style-scope ytd-masthead style-default']
22:50:22 [TestNG-test-Yt Master Tests-3] INFO  verifyingSideMenuCollapsedLangAsInSettings_22-49-40 - [verifyingSideMenuCollapsedLangAsInSettings_22-49-40] Element found and ready (attempt 1): By.xpath: //ytd-topbar-menu-button-renderer[@class='style-scope ytd-masthead style-default']
22:50:22 [TestNG-test-Yt Master Tests-3] INFO  verifyingSideMenuCollapsedLangAsInSettings_22-49-40 - getLangAttribute() - locating <html> and reading lang property
22:50:22 [TestNG-test-Yt Master Tests-3] INFO  verifyingSideMenuCollapsedLangAsInSettings_22-49-40 - Language attribute read: ca-ES
22:50:22 [TestNG-test-Yt Master Tests-3] INFO  verifyingSideMenuCollapsedLangAsInSettings_22-49-40 - Fetching the side menu in collapsed view
22:50:22 [TestNG-test-Yt Master Tests-3] INFO  verifyingSideMenuCollapsedLangAsInSettings_22-49-40 - [verifyingSideMenuCollapsedLangAsInSettings_22-49-40] Finding elements list: By.xpath: //ytd-mini-guide-renderer[@class='style-scope ytd-app']//ytd-mini-guide-entry-renderer
22:50:22 [TestNG-test-Yt Master Tests-3] INFO  verifyingSideMenuCollapsedLangAsInSettings_22-49-40 - [verifyingSideMenuCollapsedLangAsInSettings_22-49-40] Found 4 ready elements (attempt 1): By.xpath: //ytd-mini-guide-renderer[@class='style-scope ytd-app']//ytd-mini-guide-entry-renderer
22:50:22 [TestNG-test-Yt Master Tests-3] INFO  verifyingSideMenuCollapsedLangAsInSettings_22-49-40 - Clicking settings ellipses button...
22:50:22 [TestNG-test-Yt Master Tests-3] INFO  verifyingSideMenuCollapsedLangAsInSettings_22-49-40 - [verifyingSideMenuCollapsedLangAsInSettings_22-49-40] Trying to find element: By.xpath: //ytd-topbar-menu-button-renderer[@class='style-scope ytd-masthead style-default']
22:50:22 [TestNG-test-Yt Master Tests-3] INFO  verifyingSideMenuCollapsedLangAsInSettings_22-49-40 - [verifyingSideMenuCollapsedLangAsInSettings_22-49-40] Element found and ready (attempt 1): By.xpath: //ytd-topbar-menu-button-renderer[@class='style-scope ytd-masthead style-default']
22:50:23 [TestNG-test-Yt Master Tests-3] INFO  verifyingSideMenuCollapsedLangAsInSettings_22-49-40 - Clicking language dropdown...
22:50:23 [TestNG-test-Yt Master Tests-3] INFO  verifyingSideMenuCollapsedLangAsInSettings_22-49-40 - [verifyingSideMenuCollapsedLangAsInSettings_22-49-40] Trying to find element: By.xpath: (//div[@id='content-icon'])[2]
22:50:23 [TestNG-test-Yt Master Tests-3] INFO  verifyingSideMenuCollapsedLangAsInSettings_22-49-40 - [verifyingSideMenuCollapsedLangAsInSettings_22-49-40] Element found and ready (attempt 1): By.xpath: (//div[@id='content-icon'])[2]
22:50:24 [TestNG-test-Yt Master Tests-3] INFO  verifyingSideMenuCollapsedLangAsInSettings_22-49-40 - Looking for language element with name: Dansk
22:50:24 [TestNG-test-Yt Master Tests-3] INFO  verifyingSideMenuCollapsedLangAsInSettings_22-49-40 - [verifyingSideMenuCollapsedLangAsInSettings_22-49-40] Trying to find element: By.xpath: //yt-multi-page-menu-section-renderer[@class='style-scope ytd-multi-page-menu-renderer']//yt-formatted-string[@id='label' and text()='Dansk']
22:50:24 [TestNG-test-Yt Master Tests-3] INFO  verifyingSideMenuCollapsedLangAsInSettings_22-49-40 - [verifyingSideMenuCollapsedLangAsInSettings_22-49-40] Element found and ready (attempt 1): By.xpath: //yt-multi-page-menu-section-renderer[@class='style-scope ytd-multi-page-menu-renderer']//yt-formatted-string[@id='label' and text()='Dansk']
22:50:24 [TestNG-test-Yt Master Tests-3] INFO  verifyingSideMenuCollapsedLangAsInSettings_22-49-40 - [verifyingSideMenuCollapsedLangAsInSettings_22-49-40] Trying to find element: By.xpath: //yt-multi-page-menu-section-renderer[@class='style-scope ytd-multi-page-menu-renderer']//yt-formatted-string[@id='label' and text()='Dansk']
22:50:24 [TestNG-test-Yt Master Tests-3] INFO  verifyingSideMenuCollapsedLangAsInSettings_22-49-40 - [verifyingSideMenuCollapsedLangAsInSettings_22-49-40] Element found and ready (attempt 1): By.xpath: //yt-multi-page-menu-section-renderer[@class='style-scope ytd-multi-page-menu-renderer']//yt-formatted-string[@id='label' and text()='Dansk']
22:50:28 [TestNG-test-Yt Master Tests-3] INFO  verifyingSideMenuCollapsedLangAsInSettings_22-49-40 - Clicking settings ellipses button...
22:50:28 [TestNG-test-Yt Master Tests-3] INFO  verifyingSideMenuCollapsedLangAsInSettings_22-49-40 - [verifyingSideMenuCollapsedLangAsInSettings_22-49-40] Trying to find element: By.xpath: //ytd-topbar-menu-button-renderer[@class='style-scope ytd-masthead style-default']
22:50:28 [TestNG-test-Yt Master Tests-3] INFO  verifyingSideMenuCollapsedLangAsInSettings_22-49-40 - [verifyingSideMenuCollapsedLangAsInSettings_22-49-40] Element found and ready (attempt 1): By.xpath: //ytd-topbar-menu-button-renderer[@class='style-scope ytd-masthead style-default']
22:50:28 [TestNG-test-Yt Master Tests-3] INFO  verifyingSideMenuCollapsedLangAsInSettings_22-49-40 - [verifyingSideMenuCollapsedLangAsInSettings_22-49-40] Waiting until element is visible in viewport
22:50:29 [TestNG-test-Yt Master Tests-3] INFO  verifyingSideMenuCollapsedLangAsInSettings_22-49-40 - Clicking settings ellipses button...
22:50:29 [TestNG-test-Yt Master Tests-3] INFO  verifyingSideMenuCollapsedLangAsInSettings_22-49-40 - [verifyingSideMenuCollapsedLangAsInSettings_22-49-40] Trying to find element: By.xpath: //ytd-topbar-menu-button-renderer[@class='style-scope ytd-masthead style-default']
22:50:29 [TestNG-test-Yt Master Tests-3] INFO  verifyingSideMenuCollapsedLangAsInSettings_22-49-40 - [verifyingSideMenuCollapsedLangAsInSettings_22-49-40] Element found and ready (attempt 1): By.xpath: //ytd-topbar-menu-button-renderer[@class='style-scope ytd-masthead style-default']
22:50:29 [TestNG-test-Yt Master Tests-3] INFO  verifyingSideMenuCollapsedLangAsInSettings_22-49-40 - getLangAttribute() - locating <html> and reading lang property
22:50:30 [TestNG-test-Yt Master Tests-3] INFO  verifyingSideMenuCollapsedLangAsInSettings_22-49-40 - Language attribute read: da-DK
22:50:30 [TestNG-test-Yt Master Tests-3] INFO  verifyingSideMenuCollapsedLangAsInSettings_22-49-40 - Fetching the side menu in collapsed view
22:50:30 [TestNG-test-Yt Master Tests-3] INFO  verifyingSideMenuCollapsedLangAsInSettings_22-49-40 - [verifyingSideMenuCollapsedLangAsInSettings_22-49-40] Finding elements list: By.xpath: //ytd-mini-guide-renderer[@class='style-scope ytd-app']//ytd-mini-guide-entry-renderer
22:50:30 [TestNG-test-Yt Master Tests-3] INFO  verifyingSideMenuCollapsedLangAsInSettings_22-49-40 - [verifyingSideMenuCollapsedLangAsInSettings_22-49-40] Found 4 ready elements (attempt 1): By.xpath: //ytd-mini-guide-renderer[@class='style-scope ytd-app']//ytd-mini-guide-entry-renderer
22:50:30 [TestNG-test-Yt Master Tests-3] INFO  verifyingSideMenuCollapsedLangAsInSettings_22-49-40 - Clicking settings ellipses button...
22:50:30 [TestNG-test-Yt Master Tests-3] INFO  verifyingSideMenuCollapsedLangAsInSettings_22-49-40 - [verifyingSideMenuCollapsedLangAsInSettings_22-49-40] Trying to find element: By.xpath: //ytd-topbar-menu-button-renderer[@class='style-scope ytd-masthead style-default']
22:50:30 [TestNG-test-Yt Master Tests-3] INFO  verifyingSideMenuCollapsedLangAsInSettings_22-49-40 - [verifyingSideMenuCollapsedLangAsInSettings_22-49-40] Element found and ready (attempt 1): By.xpath: //ytd-topbar-menu-button-renderer[@class='style-scope ytd-masthead style-default']
22:50:30 [TestNG-test-Yt Master Tests-3] INFO  verifyingSideMenuCollapsedLangAsInSettings_22-49-40 - Clicking language dropdown...
22:50:30 [TestNG-test-Yt Master Tests-3] INFO  verifyingSideMenuCollapsedLangAsInSettings_22-49-40 - [verifyingSideMenuCollapsedLangAsInSettings_22-49-40] Trying to find element: By.xpath: (//div[@id='content-icon'])[2]
22:50:30 [TestNG-test-Yt Master Tests-3] INFO  verifyingSideMenuCollapsedLangAsInSettings_22-49-40 - [verifyingSideMenuCollapsedLangAsInSettings_22-49-40] Element found and ready (attempt 1): By.xpath: (//div[@id='content-icon'])[2]
22:50:31 [TestNG-test-Yt Master Tests-3] INFO  verifyingSideMenuCollapsedLangAsInSettings_22-49-40 - Looking for language element with name: Deutsch
22:50:31 [TestNG-test-Yt Master Tests-3] INFO  verifyingSideMenuCollapsedLangAsInSettings_22-49-40 - [verifyingSideMenuCollapsedLangAsInSettings_22-49-40] Trying to find element: By.xpath: //yt-multi-page-menu-section-renderer[@class='style-scope ytd-multi-page-menu-renderer']//yt-formatted-string[@id='label' and text()='Deutsch']
22:50:31 [TestNG-test-Yt Master Tests-3] INFO  verifyingSideMenuCollapsedLangAsInSettings_22-49-40 - [verifyingSideMenuCollapsedLangAsInSettings_22-49-40] Element found and ready (attempt 1): By.xpath: //yt-multi-page-menu-section-renderer[@class='style-scope ytd-multi-page-menu-renderer']//yt-formatted-string[@id='label' and text()='Deutsch']
22:50:31 [TestNG-test-Yt Master Tests-3] INFO  verifyingSideMenuCollapsedLangAsInSettings_22-49-40 - [verifyingSideMenuCollapsedLangAsInSettings_22-49-40] Trying to find element: By.xpath: //yt-multi-page-menu-section-renderer[@class='style-scope ytd-multi-page-menu-renderer']//yt-formatted-string[@id='label' and text()='Deutsch']
22:50:31 [TestNG-test-Yt Master Tests-3] INFO  verifyingSideMenuCollapsedLangAsInSettings_22-49-40 - [verifyingSideMenuCollapsedLangAsInSettings_22-49-40] Element found and ready (attempt 1): By.xpath: //yt-multi-page-menu-section-renderer[@class='style-scope ytd-multi-page-menu-renderer']//yt-formatted-string[@id='label' and text()='Deutsch']
22:50:33 [TestNG-test-Yt Master Tests-3] INFO  verifyingSideMenuCollapsedLangAsInSettings_22-49-40 - Clicking settings ellipses button...
22:50:33 [TestNG-test-Yt Master Tests-3] INFO  verifyingSideMenuCollapsedLangAsInSettings_22-49-40 - [verifyingSideMenuCollapsedLangAsInSettings_22-49-40] Trying to find element: By.xpath: //ytd-topbar-menu-button-renderer[@class='style-scope ytd-masthead style-default']
22:50:33 [TestNG-test-Yt Master Tests-3] INFO  verifyingSideMenuCollapsedLangAsInSettings_22-49-40 - [verifyingSideMenuCollapsedLangAsInSettings_22-49-40] Element found and ready (attempt 1): By.xpath: //ytd-topbar-menu-button-renderer[@class='style-scope ytd-masthead style-default']
22:50:34 [TestNG-test-Yt Master Tests-3] INFO  verifyingSideMenuCollapsedLangAsInSettings_22-49-40 - [verifyingSideMenuCollapsedLangAsInSettings_22-49-40] Waiting until element is visible in viewport
22:50:35 [TestNG-test-Yt Master Tests-3] INFO  verifyingSideMenuCollapsedLangAsInSettings_22-49-40 - Clicking settings ellipses button...
22:50:35 [TestNG-test-Yt Master Tests-3] INFO  verifyingSideMenuCollapsedLangAsInSettings_22-49-40 - [verifyingSideMenuCollapsedLangAsInSettings_22-49-40] Trying to find element: By.xpath: //ytd-topbar-menu-button-renderer[@class='style-scope ytd-masthead style-default']
22:50:35 [TestNG-test-Yt Master Tests-3] INFO  verifyingSideMenuCollapsedLangAsInSettings_22-49-40 - [verifyingSideMenuCollapsedLangAsInSettings_22-49-40] Element found and ready (attempt 1): By.xpath: //ytd-topbar-menu-button-renderer[@class='style-scope ytd-masthead style-default']
22:50:35 [TestNG-test-Yt Master Tests-3] INFO  verifyingSideMenuCollapsedLangAsInSettings_22-49-40 - getLangAttribute() - locating <html> and reading lang property
22:50:35 [TestNG-test-Yt Master Tests-3] INFO  verifyingSideMenuCollapsedLangAsInSettings_22-49-40 - Language attribute read: de-DE
22:50:35 [TestNG-test-Yt Master Tests-3] INFO  verifyingSideMenuCollapsedLangAsInSettings_22-49-40 - Fetching the side menu in collapsed view
22:50:35 [TestNG-test-Yt Master Tests-3] INFO  verifyingSideMenuCollapsedLangAsInSettings_22-49-40 - [verifyingSideMenuCollapsedLangAsInSettings_22-49-40] Finding elements list: By.xpath: //ytd-mini-guide-renderer[@class='style-scope ytd-app']//ytd-mini-guide-entry-renderer
22:50:35 [TestNG-test-Yt Master Tests-3] INFO  verifyingSideMenuCollapsedLangAsInSettings_22-49-40 - [verifyingSideMenuCollapsedLangAsInSettings_22-49-40] Found 4 ready elements (attempt 1): By.xpath: //ytd-mini-guide-renderer[@class='style-scope ytd-app']//ytd-mini-guide-entry-renderer
22:50:35 [TestNG-test-Yt Master Tests-3] INFO  verifyingSideMenuCollapsedLangAsInSettings_22-49-40 - Clicking settings ellipses button...
22:50:35 [TestNG-test-Yt Master Tests-3] INFO  verifyingSideMenuCollapsedLangAsInSettings_22-49-40 - [verifyingSideMenuCollapsedLangAsInSettings_22-49-40] Trying to find element: By.xpath: //ytd-topbar-menu-button-renderer[@class='style-scope ytd-masthead style-default']
22:50:35 [TestNG-test-Yt Master Tests-3] INFO  verifyingSideMenuCollapsedLangAsInSettings_22-49-40 - [verifyingSideMenuCollapsedLangAsInSettings_22-49-40] Element found and ready (attempt 1): By.xpath: //ytd-topbar-menu-button-renderer[@class='style-scope ytd-masthead style-default']
22:50:35 [TestNG-test-Yt Master Tests-3] INFO  verifyingSideMenuCollapsedLangAsInSettings_22-49-40 - Clicking language dropdown...
22:50:35 [TestNG-test-Yt Master Tests-3] INFO  verifyingSideMenuCollapsedLangAsInSettings_22-49-40 - [verifyingSideMenuCollapsedLangAsInSettings_22-49-40] Trying to find element: By.xpath: (//div[@id='content-icon'])[2]
22:50:36 [TestNG-test-Yt Master Tests-3] INFO  verifyingSideMenuCollapsedLangAsInSettings_22-49-40 - [verifyingSideMenuCollapsedLangAsInSettings_22-49-40] Element found and ready (attempt 1): By.xpath: (//div[@id='content-icon'])[2]
22:50:37 [TestNG-test-Yt Master Tests-3] INFO  verifyingSideMenuCollapsedLangAsInSettings_22-49-40 - Looking for language element with name: Eesti
22:50:37 [TestNG-test-Yt Master Tests-3] INFO  verifyingSideMenuCollapsedLangAsInSettings_22-49-40 - [verifyingSideMenuCollapsedLangAsInSettings_22-49-40] Trying to find element: By.xpath: //yt-multi-page-menu-section-renderer[@class='style-scope ytd-multi-page-menu-renderer']//yt-formatted-string[@id='label' and text()='Eesti']
22:50:37 [TestNG-test-Yt Master Tests-3] INFO  verifyingSideMenuCollapsedLangAsInSettings_22-49-40 - [verifyingSideMenuCollapsedLangAsInSettings_22-49-40] Element found and ready (attempt 1): By.xpath: //yt-multi-page-menu-section-renderer[@class='style-scope ytd-multi-page-menu-renderer']//yt-formatted-string[@id='label' and text()='Eesti']
22:50:37 [TestNG-test-Yt Master Tests-3] INFO  verifyingSideMenuCollapsedLangAsInSettings_22-49-40 - [verifyingSideMenuCollapsedLangAsInSettings_22-49-40] Trying to find element: By.xpath: //yt-multi-page-menu-section-renderer[@class='style-scope ytd-multi-page-menu-renderer']//yt-formatted-string[@id='label' and text()='Eesti']
22:50:38 [TestNG-test-Yt Master Tests-3] INFO  verifyingSideMenuCollapsedLangAsInSettings_22-49-40 - [verifyingSideMenuCollapsedLangAsInSettings_22-49-40] Element found and ready (attempt 1): By.xpath: //yt-multi-page-menu-section-renderer[@class='style-scope ytd-multi-page-menu-renderer']//yt-formatted-string[@id='label' and text()='Eesti']
22:50:39 [TestNG-test-Yt Master Tests-3] INFO  verifyingSideMenuCollapsedLangAsInSettings_22-49-40 - Clicking settings ellipses button...
22:50:39 [TestNG-test-Yt Master Tests-3] INFO  verifyingSideMenuCollapsedLangAsInSettings_22-49-40 - [verifyingSideMenuCollapsedLangAsInSettings_22-49-40] Trying to find element: By.xpath: //ytd-topbar-menu-button-renderer[@class='style-scope ytd-masthead style-default']
22:50:40 [TestNG-test-Yt Master Tests-3] INFO  verifyingSideMenuCollapsedLangAsInSettings_22-49-40 - [verifyingSideMenuCollapsedLangAsInSettings_22-49-40] Element found and ready (attempt 1): By.xpath: //ytd-topbar-menu-button-renderer[@class='style-scope ytd-masthead style-default']
22:50:40 [TestNG-test-Yt Master Tests-3] INFO  verifyingSideMenuCollapsedLangAsInSettings_22-49-40 - [verifyingSideMenuCollapsedLangAsInSettings_22-49-40] Waiting until element is visible in viewport
22:50:41 [TestNG-test-Yt Master Tests-3] INFO  verifyingSideMenuCollapsedLangAsInSettings_22-49-40 - Clicking settings ellipses button...
22:50:41 [TestNG-test-Yt Master Tests-3] INFO  verifyingSideMenuCollapsedLangAsInSettings_22-49-40 - [verifyingSideMenuCollapsedLangAsInSettings_22-49-40] Trying to find element: By.xpath: //ytd-topbar-menu-button-renderer[@class='style-scope ytd-masthead style-default']
22:50:41 [TestNG-test-Yt Master Tests-3] INFO  verifyingSideMenuCollapsedLangAsInSettings_22-49-40 - [verifyingSideMenuCollapsedLangAsInSettings_22-49-40] Element found and ready (attempt 1): By.xpath: //ytd-topbar-menu-button-renderer[@class='style-scope ytd-masthead style-default']
22:50:41 [TestNG-test-Yt Master Tests-3] INFO  verifyingSideMenuCollapsedLangAsInSettings_22-49-40 - getLangAttribute() - locating <html> and reading lang property
22:50:41 [TestNG-test-Yt Master Tests-3] INFO  verifyingSideMenuCollapsedLangAsInSettings_22-49-40 - Language attribute read: et-EE
22:50:41 [TestNG-test-Yt Master Tests-3] INFO  verifyingSideMenuCollapsedLangAsInSettings_22-49-40 - Fetching the side menu in collapsed view
22:50:41 [TestNG-test-Yt Master Tests-3] INFO  verifyingSideMenuCollapsedLangAsInSettings_22-49-40 - [verifyingSideMenuCollapsedLangAsInSettings_22-49-40] Finding elements list: By.xpath: //ytd-mini-guide-renderer[@class='style-scope ytd-app']//ytd-mini-guide-entry-renderer
22:50:41 [TestNG-test-Yt Master Tests-3] INFO  verifyingSideMenuCollapsedLangAsInSettings_22-49-40 - [verifyingSideMenuCollapsedLangAsInSettings_22-49-40] Found 4 ready elements (attempt 1): By.xpath: //ytd-mini-guide-renderer[@class='style-scope ytd-app']//ytd-mini-guide-entry-renderer
22:50:42 [TestNG-test-Yt Master Tests-3] INFO  verifyingSideMenuCollapsedLangAsInSettings_22-49-40 - Clicking settings ellipses button...
22:50:42 [TestNG-test-Yt Master Tests-3] INFO  verifyingSideMenuCollapsedLangAsInSettings_22-49-40 - [verifyingSideMenuCollapsedLangAsInSettings_22-49-40] Trying to find element: By.xpath: //ytd-topbar-menu-button-renderer[@class='style-scope ytd-masthead style-default']
22:50:42 [TestNG-test-Yt Master Tests-3] INFO  verifyingSideMenuCollapsedLangAsInSettings_22-49-40 - [verifyingSideMenuCollapsedLangAsInSettings_22-49-40] Element found and ready (attempt 1): By.xpath: //ytd-topbar-menu-button-renderer[@class='style-scope ytd-masthead style-default']
22:50:42 [TestNG-test-Yt Master Tests-3] INFO  verifyingSideMenuCollapsedLangAsInSettings_22-49-40 - Clicking language dropdown...
22:50:42 [TestNG-test-Yt Master Tests-3] INFO  verifyingSideMenuCollapsedLangAsInSettings_22-49-40 - [verifyingSideMenuCollapsedLangAsInSettings_22-49-40] Trying to find element: By.xpath: (//div[@id='content-icon'])[2]
22:50:42 [TestNG-test-Yt Master Tests-3] INFO  verifyingSideMenuCollapsedLangAsInSettings_22-49-40 - [verifyingSideMenuCollapsedLangAsInSettings_22-49-40] Element found and ready (attempt 1): By.xpath: (//div[@id='content-icon'])[2]
22:50:43 [TestNG-test-Yt Master Tests-3] INFO  verifyingSideMenuCollapsedLangAsInSettings_22-49-40 - Looking for language element with name: English (India)
22:50:43 [TestNG-test-Yt Master Tests-3] INFO  verifyingSideMenuCollapsedLangAsInSettings_22-49-40 - [verifyingSideMenuCollapsedLangAsInSettings_22-49-40] Trying to find element: By.xpath: //yt-multi-page-menu-section-renderer[@class='style-scope ytd-multi-page-menu-renderer']//yt-formatted-string[@id='label' and text()='English (India)']
22:50:43 [TestNG-test-Yt Master Tests-3] INFO  verifyingSideMenuCollapsedLangAsInSettings_22-49-40 - [verifyingSideMenuCollapsedLangAsInSettings_22-49-40] Element found and ready (attempt 1): By.xpath: //yt-multi-page-menu-section-renderer[@class='style-scope ytd-multi-page-menu-renderer']//yt-formatted-string[@id='label' and text()='English (India)']
22:50:43 [TestNG-test-Yt Master Tests-3] INFO  verifyingSideMenuCollapsedLangAsInSettings_22-49-40 - [verifyingSideMenuCollapsedLangAsInSettings_22-49-40] Trying to find element: By.xpath: //yt-multi-page-menu-section-renderer[@class='style-scope ytd-multi-page-menu-renderer']//yt-formatted-string[@id='label' and text()='English (India)']
22:50:43 [TestNG-test-Yt Master Tests-3] INFO  verifyingSideMenuCollapsedLangAsInSettings_22-49-40 - [verifyingSideMenuCollapsedLangAsInSettings_22-49-40] Element found and ready (attempt 1): By.xpath: //yt-multi-page-menu-section-renderer[@class='style-scope ytd-multi-page-menu-renderer']//yt-formatted-string[@id='label' and text()='English (India)']
22:50:45 [TestNG-test-Yt Master Tests-3] INFO  verifyingSideMenuCollapsedLangAsInSettings_22-49-40 - Clicking settings ellipses button...
22:50:45 [TestNG-test-Yt Master Tests-3] INFO  verifyingSideMenuCollapsedLangAsInSettings_22-49-40 - [verifyingSideMenuCollapsedLangAsInSettings_22-49-40] Trying to find element: By.xpath: //ytd-topbar-menu-button-renderer[@class='style-scope ytd-masthead style-default']
22:50:45 [TestNG-test-Yt Master Tests-3] INFO  verifyingSideMenuCollapsedLangAsInSettings_22-49-40 - [verifyingSideMenuCollapsedLangAsInSettings_22-49-40] Element found and ready (attempt 1): By.xpath: //ytd-topbar-menu-button-renderer[@class='style-scope ytd-masthead style-default']
22:50:45 [TestNG-test-Yt Master Tests-3] INFO  verifyingSideMenuCollapsedLangAsInSettings_22-49-40 - [verifyingSideMenuCollapsedLangAsInSettings_22-49-40] Waiting until element is visible in viewport
22:50:46 [TestNG-test-Yt Master Tests-3] INFO  verifyingSideMenuCollapsedLangAsInSettings_22-49-40 - Clicking settings ellipses button...
22:50:47 [TestNG-test-Yt Master Tests-3] INFO  verifyingSideMenuCollapsedLangAsInSettings_22-49-40 - [verifyingSideMenuCollapsedLangAsInSettings_22-49-40] Trying to find element: By.xpath: //ytd-topbar-menu-button-renderer[@class='style-scope ytd-masthead style-default']
22:50:47 [TestNG-test-Yt Master Tests-3] INFO  verifyingSideMenuCollapsedLangAsInSettings_22-49-40 - [verifyingSideMenuCollapsedLangAsInSettings_22-49-40] Element found and ready (attempt 1): By.xpath: //ytd-topbar-menu-button-renderer[@class='style-scope ytd-masthead style-default']
22:50:47 [TestNG-test-Yt Master Tests-3] INFO  verifyingSideMenuCollapsedLangAsInSettings_22-49-40 - getLangAttribute() - locating <html> and reading lang property
22:50:47 [TestNG-test-Yt Master Tests-3] INFO  verifyingSideMenuCollapsedLangAsInSettings_22-49-40 - Language attribute read: en-IN
22:50:47 [TestNG-test-Yt Master Tests-3] INFO  verifyingSideMenuCollapsedLangAsInSettings_22-49-40 - Fetching the side menu in collapsed view
22:50:47 [TestNG-test-Yt Master Tests-3] INFO  verifyingSideMenuCollapsedLangAsInSettings_22-49-40 - [verifyingSideMenuCollapsedLangAsInSettings_22-49-40] Finding elements list: By.xpath: //ytd-mini-guide-renderer[@class='style-scope ytd-app']//ytd-mini-guide-entry-renderer
22:50:47 [TestNG-test-Yt Master Tests-3] INFO  verifyingSideMenuCollapsedLangAsInSettings_22-49-40 - [verifyingSideMenuCollapsedLangAsInSettings_22-49-40] Found 4 ready elements (attempt 1): By.xpath: //ytd-mini-guide-renderer[@class='style-scope ytd-app']//ytd-mini-guide-entry-renderer
22:50:47 [TestNG-test-Yt Master Tests-3] INFO  verifyingSideMenuCollapsedLangAsInSettings_22-49-40 - Clicking settings ellipses button...
22:50:47 [TestNG-test-Yt Master Tests-3] INFO  verifyingSideMenuCollapsedLangAsInSettings_22-49-40 - [verifyingSideMenuCollapsedLangAsInSettings_22-49-40] Trying to find element: By.xpath: //ytd-topbar-menu-button-renderer[@class='style-scope ytd-masthead style-default']
22:50:49 [TestNG-test-Yt Master Tests-3] INFO  verifyingSideMenuCollapsedLangAsInSettings_22-49-40 - [verifyingSideMenuCollapsedLangAsInSettings_22-49-40] Element found and ready (attempt 1): By.xpath: //ytd-topbar-menu-button-renderer[@class='style-scope ytd-masthead style-default']
22:50:49 [TestNG-test-Yt Master Tests-3] INFO  verifyingSideMenuCollapsedLangAsInSettings_22-49-40 - Clicking language dropdown...
22:50:49 [TestNG-test-Yt Master Tests-3] INFO  verifyingSideMenuCollapsedLangAsInSettings_22-49-40 - [verifyingSideMenuCollapsedLangAsInSettings_22-49-40] Trying to find element: By.xpath: (//div[@id='content-icon'])[2]
22:50:50 [TestNG-test-Yt Master Tests-3] INFO  verifyingSideMenuCollapsedLangAsInSettings_22-49-40 - [verifyingSideMenuCollapsedLangAsInSettings_22-49-40] Element found and ready (attempt 1): By.xpath: (//div[@id='content-icon'])[2]
22:50:50 [TestNG-test-Yt Master Tests-3] INFO  verifyingSideMenuCollapsedLangAsInSettings_22-49-40 - Looking for language element with name: English (UK)
22:50:50 [TestNG-test-Yt Master Tests-3] INFO  verifyingSideMenuCollapsedLangAsInSettings_22-49-40 - [verifyingSideMenuCollapsedLangAsInSettings_22-49-40] Trying to find element: By.xpath: //yt-multi-page-menu-section-renderer[@class='style-scope ytd-multi-page-menu-renderer']//yt-formatted-string[@id='label' and text()='English (UK)']
22:50:51 [TestNG-test-Yt Master Tests-3] INFO  verifyingSideMenuCollapsedLangAsInSettings_22-49-40 - [verifyingSideMenuCollapsedLangAsInSettings_22-49-40] Element found and ready (attempt 1): By.xpath: //yt-multi-page-menu-section-renderer[@class='style-scope ytd-multi-page-menu-renderer']//yt-formatted-string[@id='label' and text()='English (UK)']
22:50:51 [TestNG-test-Yt Master Tests-3] INFO  verifyingSideMenuCollapsedLangAsInSettings_22-49-40 - [verifyingSideMenuCollapsedLangAsInSettings_22-49-40] Trying to find element: By.xpath: //yt-multi-page-menu-section-renderer[@class='style-scope ytd-multi-page-menu-renderer']//yt-formatted-string[@id='label' and text()='English (UK)']
22:50:51 [TestNG-test-Yt Master Tests-3] INFO  verifyingSideMenuCollapsedLangAsInSettings_22-49-40 - [verifyingSideMenuCollapsedLangAsInSettings_22-49-40] Element found and ready (attempt 1): By.xpath: //yt-multi-page-menu-section-renderer[@class='style-scope ytd-multi-page-menu-renderer']//yt-formatted-string[@id='label' and text()='English (UK)']
22:50:52 [TestNG-test-Yt Master Tests-3] INFO  verifyingSideMenuCollapsedLangAsInSettings_22-49-40 - Clicking settings ellipses button...
22:50:52 [TestNG-test-Yt Master Tests-3] INFO  verifyingSideMenuCollapsedLangAsInSettings_22-49-40 - [verifyingSideMenuCollapsedLangAsInSettings_22-49-40] Trying to find element: By.xpath: //ytd-topbar-menu-button-renderer[@class='style-scope ytd-masthead style-default']
22:50:53 [TestNG-test-Yt Master Tests-3] INFO  verifyingSideMenuCollapsedLangAsInSettings_22-49-40 - [verifyingSideMenuCollapsedLangAsInSettings_22-49-40] Element found and ready (attempt 1): By.xpath: //ytd-topbar-menu-button-renderer[@class='style-scope ytd-masthead style-default']
22:50:53 [TestNG-test-Yt Master Tests-3] INFO  verifyingSideMenuCollapsedLangAsInSettings_22-49-40 - [verifyingSideMenuCollapsedLangAsInSettings_22-49-40] Waiting until element is visible in viewport
22:50:54 [TestNG-test-Yt Master Tests-3] INFO  verifyingSideMenuCollapsedLangAsInSettings_22-49-40 - Clicking settings ellipses button...
22:50:54 [TestNG-test-Yt Master Tests-3] INFO  verifyingSideMenuCollapsedLangAsInSettings_22-49-40 - [verifyingSideMenuCollapsedLangAsInSettings_22-49-40] Trying to find element: By.xpath: //ytd-topbar-menu-button-renderer[@class='style-scope ytd-masthead style-default']
22:50:54 [TestNG-test-Yt Master Tests-3] INFO  verifyingSideMenuCollapsedLangAsInSettings_22-49-40 - [verifyingSideMenuCollapsedLangAsInSettings_22-49-40] Element found and ready (attempt 1): By.xpath: //ytd-topbar-menu-button-renderer[@class='style-scope ytd-masthead style-default']
22:50:54 [TestNG-test-Yt Master Tests-3] INFO  verifyingSideMenuCollapsedLangAsInSettings_22-49-40 - getLangAttribute() - locating <html> and reading lang property
22:50:54 [TestNG-test-Yt Master Tests-3] INFO  verifyingSideMenuCollapsedLangAsInSettings_22-49-40 - Language attribute read: en-GB
22:50:54 [TestNG-test-Yt Master Tests-3] INFO  verifyingSideMenuCollapsedLangAsInSettings_22-49-40 - Fetching the side menu in collapsed view
22:50:54 [TestNG-test-Yt Master Tests-3] INFO  verifyingSideMenuCollapsedLangAsInSettings_22-49-40 - [verifyingSideMenuCollapsedLangAsInSettings_22-49-40] Finding elements list: By.xpath: //ytd-mini-guide-renderer[@class='style-scope ytd-app']//ytd-mini-guide-entry-renderer
22:50:54 [TestNG-test-Yt Master Tests-3] INFO  verifyingSideMenuCollapsedLangAsInSettings_22-49-40 - [verifyingSideMenuCollapsedLangAsInSettings_22-49-40] Found 4 ready elements (attempt 1): By.xpath: //ytd-mini-guide-renderer[@class='style-scope ytd-app']//ytd-mini-guide-entry-renderer
22:50:54 [TestNG-test-Yt Master Tests-3] INFO  verifyingSideMenuCollapsedLangAsInSettings_22-49-40 - Clicking settings ellipses button...
22:50:54 [TestNG-test-Yt Master Tests-3] INFO  verifyingSideMenuCollapsedLangAsInSettings_22-49-40 - [verifyingSideMenuCollapsedLangAsInSettings_22-49-40] Trying to find element: By.xpath: //ytd-topbar-menu-button-renderer[@class='style-scope ytd-masthead style-default']
22:50:54 [TestNG-test-Yt Master Tests-3] INFO  verifyingSideMenuCollapsedLangAsInSettings_22-49-40 - [verifyingSideMenuCollapsedLangAsInSettings_22-49-40] Element found and ready (attempt 1): By.xpath: //ytd-topbar-menu-button-renderer[@class='style-scope ytd-masthead style-default']
22:50:54 [TestNG-test-Yt Master Tests-3] INFO  verifyingSideMenuCollapsedLangAsInSettings_22-49-40 - Clicking language dropdown...
22:50:54 [TestNG-test-Yt Master Tests-3] INFO  verifyingSideMenuCollapsedLangAsInSettings_22-49-40 - [verifyingSideMenuCollapsedLangAsInSettings_22-49-40] Trying to find element: By.xpath: (//div[@id='content-icon'])[2]
22:50:55 [TestNG-test-Yt Master Tests-3] INFO  verifyingSideMenuCollapsedLangAsInSettings_22-49-40 - [verifyingSideMenuCollapsedLangAsInSettings_22-49-40] Element found and ready (attempt 1): By.xpath: (//div[@id='content-icon'])[2]
22:50:56 [TestNG-test-Yt Master Tests-3] INFO  verifyingSideMenuCollapsedLangAsInSettings_22-49-40 - Looking for language element with name: English (US)
22:50:56 [TestNG-test-Yt Master Tests-3] INFO  verifyingSideMenuCollapsedLangAsInSettings_22-49-40 - [verifyingSideMenuCollapsedLangAsInSettings_22-49-40] Trying to find element: By.xpath: //yt-multi-page-menu-section-renderer[@class='style-scope ytd-multi-page-menu-renderer']//yt-formatted-string[@id='label' and text()='English (US)']
22:50:56 [TestNG-test-Yt Master Tests-3] INFO  verifyingSideMenuCollapsedLangAsInSettings_22-49-40 - [verifyingSideMenuCollapsedLangAsInSettings_22-49-40] Element found and ready (attempt 1): By.xpath: //yt-multi-page-menu-section-renderer[@class='style-scope ytd-multi-page-menu-renderer']//yt-formatted-string[@id='label' and text()='English (US)']
22:50:56 [TestNG-test-Yt Master Tests-3] INFO  verifyingSideMenuCollapsedLangAsInSettings_22-49-40 - [verifyingSideMenuCollapsedLangAsInSettings_22-49-40] Trying to find element: By.xpath: //yt-multi-page-menu-section-renderer[@class='style-scope ytd-multi-page-menu-renderer']//yt-formatted-string[@id='label' and text()='English (US)']
22:50:56 [TestNG-test-Yt Master Tests-3] INFO  verifyingSideMenuCollapsedLangAsInSettings_22-49-40 - [verifyingSideMenuCollapsedLangAsInSettings_22-49-40] Element found and ready (attempt 1): By.xpath: //yt-multi-page-menu-section-renderer[@class='style-scope ytd-multi-page-menu-renderer']//yt-formatted-string[@id='label' and text()='English (US)']
22:50:58 [TestNG-test-Yt Master Tests-3] INFO  verifyingSideMenuCollapsedLangAsInSettings_22-49-40 - Clicking settings ellipses button...
22:50:58 [TestNG-test-Yt Master Tests-3] INFO  verifyingSideMenuCollapsedLangAsInSettings_22-49-40 - [verifyingSideMenuCollapsedLangAsInSettings_22-49-40] Trying to find element: By.xpath: //ytd-topbar-menu-button-renderer[@class='style-scope ytd-masthead style-default']
22:50:58 [TestNG-test-Yt Master Tests-3] INFO  verifyingSideMenuCollapsedLangAsInSettings_22-49-40 - [verifyingSideMenuCollapsedLangAsInSettings_22-49-40] Element found and ready (attempt 1): By.xpath: //ytd-topbar-menu-button-renderer[@class='style-scope ytd-masthead style-default']
22:50:58 [TestNG-test-Yt Master Tests-3] INFO  verifyingSideMenuCollapsedLangAsInSettings_22-49-40 - [verifyingSideMenuCollapsedLangAsInSettings_22-49-40] Waiting until element is visible in viewport
22:50:59 [TestNG-test-Yt Master Tests-3] INFO  verifyingSideMenuCollapsedLangAsInSettings_22-49-40 - Clicking settings ellipses button...
22:50:59 [TestNG-test-Yt Master Tests-3] INFO  verifyingSideMenuCollapsedLangAsInSettings_22-49-40 - [verifyingSideMenuCollapsedLangAsInSettings_22-49-40] Trying to find element: By.xpath: //ytd-topbar-menu-button-renderer[@class='style-scope ytd-masthead style-default']
22:50:59 [TestNG-test-Yt Master Tests-3] INFO  verifyingSideMenuCollapsedLangAsInSettings_22-49-40 - [verifyingSideMenuCollapsedLangAsInSettings_22-49-40] Element found and ready (attempt 1): By.xpath: //ytd-topbar-menu-button-renderer[@class='style-scope ytd-masthead style-default']
22:50:59 [TestNG-test-Yt Master Tests-3] INFO  verifyingSideMenuCollapsedLangAsInSettings_22-49-40 - getLangAttribute() - locating <html> and reading lang property
22:50:59 [TestNG-test-Yt Master Tests-3] INFO  verifyingSideMenuCollapsedLangAsInSettings_22-49-40 - Language attribute read: en
22:50:59 [TestNG-test-Yt Master Tests-3] INFO  verifyingSideMenuCollapsedLangAsInSettings_22-49-40 - Fetching the side menu in collapsed view
22:50:59 [TestNG-test-Yt Master Tests-3] INFO  verifyingSideMenuCollapsedLangAsInSettings_22-49-40 - [verifyingSideMenuCollapsedLangAsInSettings_22-49-40] Finding elements list: By.xpath: //ytd-mini-guide-renderer[@class='style-scope ytd-app']//ytd-mini-guide-entry-renderer
22:51:00 [TestNG-test-Yt Master Tests-3] INFO  verifyingSideMenuCollapsedLangAsInSettings_22-49-40 - [verifyingSideMenuCollapsedLangAsInSettings_22-49-40] Found 4 ready elements (attempt 1): By.xpath: //ytd-mini-guide-renderer[@class='style-scope ytd-app']//ytd-mini-guide-entry-renderer
22:51:00 [TestNG-test-Yt Master Tests-3] INFO  verifyingSideMenuCollapsedLangAsInSettings_22-49-40 - Clicking settings ellipses button...
22:51:00 [TestNG-test-Yt Master Tests-3] INFO  verifyingSideMenuCollapsedLangAsInSettings_22-49-40 - [verifyingSideMenuCollapsedLangAsInSettings_22-49-40] Trying to find element: By.xpath: //ytd-topbar-menu-button-renderer[@class='style-scope ytd-masthead style-default']
22:51:00 [TestNG-test-Yt Master Tests-3] INFO  verifyingSideMenuCollapsedLangAsInSettings_22-49-40 - [verifyingSideMenuCollapsedLangAsInSettings_22-49-40] Element found and ready (attempt 1): By.xpath: //ytd-topbar-menu-button-renderer[@class='style-scope ytd-masthead style-default']
22:51:00 [TestNG-test-Yt Master Tests-3] INFO  verifyingSideMenuCollapsedLangAsInSettings_22-49-40 - Clicking language dropdown...
22:51:00 [TestNG-test-Yt Master Tests-3] INFO  verifyingSideMenuCollapsedLangAsInSettings_22-49-40 - [verifyingSideMenuCollapsedLangAsInSettings_22-49-40] Trying to find element: By.xpath: (//div[@id='content-icon'])[2]
22:51:01 [TestNG-test-Yt Master Tests-3] INFO  verifyingSideMenuCollapsedLangAsInSettings_22-49-40 - [verifyingSideMenuCollapsedLangAsInSettings_22-49-40] Element found and ready (attempt 1): By.xpath: (//div[@id='content-icon'])[2]
22:51:02 [TestNG-test-Yt Master Tests-3] INFO  verifyingSideMenuCollapsedLangAsInSettings_22-49-40 - Looking for language element with name: Español (España)
22:51:02 [TestNG-test-Yt Master Tests-3] INFO  verifyingSideMenuCollapsedLangAsInSettings_22-49-40 - [verifyingSideMenuCollapsedLangAsInSettings_22-49-40] Trying to find element: By.xpath: //yt-multi-page-menu-section-renderer[@class='style-scope ytd-multi-page-menu-renderer']//yt-formatted-string[@id='label' and text()='Español (España)']
22:51:02 [TestNG-test-Yt Master Tests-3] INFO  verifyingSideMenuCollapsedLangAsInSettings_22-49-40 - [verifyingSideMenuCollapsedLangAsInSettings_22-49-40] Element found and ready (attempt 1): By.xpath: //yt-multi-page-menu-section-renderer[@class='style-scope ytd-multi-page-menu-renderer']//yt-formatted-string[@id='label' and text()='Español (España)']
22:51:02 [TestNG-test-Yt Master Tests-3] INFO  verifyingSideMenuCollapsedLangAsInSettings_22-49-40 - [verifyingSideMenuCollapsedLangAsInSettings_22-49-40] Trying to find element: By.xpath: //yt-multi-page-menu-section-renderer[@class='style-scope ytd-multi-page-menu-renderer']//yt-formatted-string[@id='label' and text()='Español (España)']
22:51:02 [TestNG-test-Yt Master Tests-3] INFO  verifyingSideMenuCollapsedLangAsInSettings_22-49-40 - [verifyingSideMenuCollapsedLangAsInSettings_22-49-40] Element found and ready (attempt 1): By.xpath: //yt-multi-page-menu-section-renderer[@class='style-scope ytd-multi-page-menu-renderer']//yt-formatted-string[@id='label' and text()='Español (España)']
22:51:04 [TestNG-test-Yt Master Tests-3] INFO  verifyingSideMenuCollapsedLangAsInSettings_22-49-40 - Clicking settings ellipses button...
22:51:04 [TestNG-test-Yt Master Tests-3] INFO  verifyingSideMenuCollapsedLangAsInSettings_22-49-40 - [verifyingSideMenuCollapsedLangAsInSettings_22-49-40] Trying to find element: By.xpath: //ytd-topbar-menu-button-renderer[@class='style-scope ytd-masthead style-default']
22:51:04 [TestNG-test-Yt Master Tests-3] INFO  verifyingSideMenuCollapsedLangAsInSettings_22-49-40 - [verifyingSideMenuCollapsedLangAsInSettings_22-49-40] Element found and ready (attempt 1): By.xpath: //ytd-topbar-menu-button-renderer[@class='style-scope ytd-masthead style-default']
22:51:05 [TestNG-test-Yt Master Tests-3] INFO  verifyingSideMenuCollapsedLangAsInSettings_22-49-40 - [verifyingSideMenuCollapsedLangAsInSettings_22-49-40] Waiting until element is visible in viewport
22:51:05 [TestNG-test-Yt Master Tests-3] INFO  verifyingSideMenuCollapsedLangAsInSettings_22-49-40 - Clicking settings ellipses button...
22:51:06 [TestNG-test-Yt Master Tests-3] INFO  verifyingSideMenuCollapsedLangAsInSettings_22-49-40 - [verifyingSideMenuCollapsedLangAsInSettings_22-49-40] Trying to find element: By.xpath: //ytd-topbar-menu-button-renderer[@class='style-scope ytd-masthead style-default']
22:51:06 [TestNG-test-Yt Master Tests-3] INFO  verifyingSideMenuCollapsedLangAsInSettings_22-49-40 - [verifyingSideMenuCollapsedLangAsInSettings_22-49-40] Element found and ready (attempt 1): By.xpath: //ytd-topbar-menu-button-renderer[@class='style-scope ytd-masthead style-default']
22:51:06 [TestNG-test-Yt Master Tests-3] INFO  verifyingSideMenuCollapsedLangAsInSettings_22-49-40 - getLangAttribute() - locating <html> and reading lang property
22:51:06 [TestNG-test-Yt Master Tests-3] INFO  verifyingSideMenuCollapsedLangAsInSettings_22-49-40 - Language attribute read: es-ES
22:51:06 [TestNG-test-Yt Master Tests-3] INFO  verifyingSideMenuCollapsedLangAsInSettings_22-49-40 - Fetching the side menu in collapsed view
22:51:06 [TestNG-test-Yt Master Tests-3] INFO  verifyingSideMenuCollapsedLangAsInSettings_22-49-40 - [verifyingSideMenuCollapsedLangAsInSettings_22-49-40] Finding elements list: By.xpath: //ytd-mini-guide-renderer[@class='style-scope ytd-app']//ytd-mini-guide-entry-renderer
22:51:06 [TestNG-test-Yt Master Tests-3] INFO  verifyingSideMenuCollapsedLangAsInSettings_22-49-40 - [verifyingSideMenuCollapsedLangAsInSettings_22-49-40] Found 4 ready elements (attempt 1): By.xpath: //ytd-mini-guide-renderer[@class='style-scope ytd-app']//ytd-mini-guide-entry-renderer
22:51:07 [TestNG-test-Yt Master Tests-3] INFO  verifyingSideMenuCollapsedLangAsInSettings_22-49-40 - Clicking settings ellipses button...
22:51:07 [TestNG-test-Yt Master Tests-3] INFO  verifyingSideMenuCollapsedLangAsInSettings_22-49-40 - [verifyingSideMenuCollapsedLangAsInSettings_22-49-40] Trying to find element: By.xpath: //ytd-topbar-menu-button-renderer[@class='style-scope ytd-masthead style-default']
22:51:07 [TestNG-test-Yt Master Tests-3] INFO  verifyingSideMenuCollapsedLangAsInSettings_22-49-40 - [verifyingSideMenuCollapsedLangAsInSettings_22-49-40] Element found and ready (attempt 1): By.xpath: //ytd-topbar-menu-button-renderer[@class='style-scope ytd-masthead style-default']
22:51:07 [TestNG-test-Yt Master Tests-3] INFO  verifyingSideMenuCollapsedLangAsInSettings_22-49-40 - Clicking language dropdown...
22:51:07 [TestNG-test-Yt Master Tests-3] INFO  verifyingSideMenuCollapsedLangAsInSettings_22-49-40 - [verifyingSideMenuCollapsedLangAsInSettings_22-49-40] Trying to find element: By.xpath: (//div[@id='content-icon'])[2]
22:51:07 [TestNG-test-Yt Master Tests-3] INFO  verifyingSideMenuCollapsedLangAsInSettings_22-49-40 - [verifyingSideMenuCollapsedLangAsInSettings_22-49-40] Element found and ready (attempt 1): By.xpath: (//div[@id='content-icon'])[2]
22:51:08 [TestNG-test-Yt Master Tests-3] INFO  verifyingSideMenuCollapsedLangAsInSettings_22-49-40 - Looking for language element with name: Español (Latinoamérica)
22:51:08 [TestNG-test-Yt Master Tests-3] INFO  verifyingSideMenuCollapsedLangAsInSettings_22-49-40 - [verifyingSideMenuCollapsedLangAsInSettings_22-49-40] Trying to find element: By.xpath: //yt-multi-page-menu-section-renderer[@class='style-scope ytd-multi-page-menu-renderer']//yt-formatted-string[@id='label' and text()='Español (Latinoamérica)']
22:51:08 [TestNG-test-Yt Master Tests-3] INFO  verifyingSideMenuCollapsedLangAsInSettings_22-49-40 - [verifyingSideMenuCollapsedLangAsInSettings_22-49-40] Element found and ready (attempt 1): By.xpath: //yt-multi-page-menu-section-renderer[@class='style-scope ytd-multi-page-menu-renderer']//yt-formatted-string[@id='label' and text()='Español (Latinoamérica)']
22:51:08 [TestNG-test-Yt Master Tests-3] INFO  verifyingSideMenuCollapsedLangAsInSettings_22-49-40 - [verifyingSideMenuCollapsedLangAsInSettings_22-49-40] Trying to find element: By.xpath: //yt-multi-page-menu-section-renderer[@class='style-scope ytd-multi-page-menu-renderer']//yt-formatted-string[@id='label' and text()='Español (Latinoamérica)']
22:51:08 [TestNG-test-Yt Master Tests-3] INFO  verifyingSideMenuCollapsedLangAsInSettings_22-49-40 - [verifyingSideMenuCollapsedLangAsInSettings_22-49-40] Element found and ready (attempt 1): By.xpath: //yt-multi-page-menu-section-renderer[@class='style-scope ytd-multi-page-menu-renderer']//yt-formatted-string[@id='label' and text()='Español (Latinoamérica)']
22:51:09 [TestNG-test-Yt Master Tests-3] INFO  verifyingSideMenuCollapsedLangAsInSettings_22-49-40 - Clicking settings ellipses button...
22:51:10 [TestNG-test-Yt Master Tests-3] INFO  verifyingSideMenuCollapsedLangAsInSettings_22-49-40 - [verifyingSideMenuCollapsedLangAsInSettings_22-49-40] Trying to find element: By.xpath: //ytd-topbar-menu-button-renderer[@class='style-scope ytd-masthead style-default']
22:51:10 [TestNG-test-Yt Master Tests-3] INFO  verifyingSideMenuCollapsedLangAsInSettings_22-49-40 - [verifyingSideMenuCollapsedLangAsInSettings_22-49-40] Element found and ready (attempt 1): By.xpath: //ytd-topbar-menu-button-renderer[@class='style-scope ytd-masthead style-default']
22:51:10 [TestNG-test-Yt Master Tests-3] INFO  verifyingSideMenuCollapsedLangAsInSettings_22-49-40 - [verifyingSideMenuCollapsedLangAsInSettings_22-49-40] Waiting until element is visible in viewport
22:51:12 [TestNG-test-Yt Master Tests-3] INFO  verifyingSideMenuCollapsedLangAsInSettings_22-49-40 - Clicking settings ellipses button...
22:51:12 [TestNG-test-Yt Master Tests-3] INFO  verifyingSideMenuCollapsedLangAsInSettings_22-49-40 - [verifyingSideMenuCollapsedLangAsInSettings_22-49-40] Trying to find element: By.xpath: //ytd-topbar-menu-button-renderer[@class='style-scope ytd-masthead style-default']
22:51:12 [TestNG-test-Yt Master Tests-3] INFO  verifyingSideMenuCollapsedLangAsInSettings_22-49-40 - [verifyingSideMenuCollapsedLangAsInSettings_22-49-40] Element found and ready (attempt 1): By.xpath: //ytd-topbar-menu-button-renderer[@class='style-scope ytd-masthead style-default']
22:51:12 [TestNG-test-Yt Master Tests-3] INFO  verifyingSideMenuCollapsedLangAsInSettings_22-49-40 - getLangAttribute() - locating <html> and reading lang property
22:51:12 [TestNG-test-Yt Master Tests-3] INFO  verifyingSideMenuCollapsedLangAsInSettings_22-49-40 - Language attribute read: es-419
22:51:12 [TestNG-test-Yt Master Tests-3] INFO  verifyingSideMenuCollapsedLangAsInSettings_22-49-40 - Fetching the side menu in collapsed view
22:51:12 [TestNG-test-Yt Master Tests-3] INFO  verifyingSideMenuCollapsedLangAsInSettings_22-49-40 - [verifyingSideMenuCollapsedLangAsInSettings_22-49-40] Finding elements list: By.xpath: //ytd-mini-guide-renderer[@class='style-scope ytd-app']//ytd-mini-guide-entry-renderer
22:51:12 [TestNG-test-Yt Master Tests-3] INFO  verifyingSideMenuCollapsedLangAsInSettings_22-49-40 - [verifyingSideMenuCollapsedLangAsInSettings_22-49-40] Found 4 ready elements (attempt 1): By.xpath: //ytd-mini-guide-renderer[@class='style-scope ytd-app']//ytd-mini-guide-entry-renderer
22:51:12 [TestNG-test-Yt Master Tests-3] INFO  verifyingSideMenuCollapsedLangAsInSettings_22-49-40 - Clicking settings ellipses button...
22:51:12 [TestNG-test-Yt Master Tests-3] INFO  verifyingSideMenuCollapsedLangAsInSettings_22-49-40 - [verifyingSideMenuCollapsedLangAsInSettings_22-49-40] Trying to find element: By.xpath: //ytd-topbar-menu-button-renderer[@class='style-scope ytd-masthead style-default']
22:51:12 [TestNG-test-Yt Master Tests-3] INFO  verifyingSideMenuCollapsedLangAsInSettings_22-49-40 - [verifyingSideMenuCollapsedLangAsInSettings_22-49-40] Element found and ready (attempt 1): By.xpath: //ytd-topbar-menu-button-renderer[@class='style-scope ytd-masthead style-default']
22:51:13 [TestNG-test-Yt Master Tests-3] INFO  verifyingSideMenuCollapsedLangAsInSettings_22-49-40 - Clicking language dropdown...
22:51:13 [TestNG-test-Yt Master Tests-3] INFO  verifyingSideMenuCollapsedLangAsInSettings_22-49-40 - [verifyingSideMenuCollapsedLangAsInSettings_22-49-40] Trying to find element: By.xpath: (//div[@id='content-icon'])[2]
22:51:13 [TestNG-test-Yt Master Tests-3] INFO  verifyingSideMenuCollapsedLangAsInSettings_22-49-40 - [verifyingSideMenuCollapsedLangAsInSettings_22-49-40] Element found and ready (attempt 1): By.xpath: (//div[@id='content-icon'])[2]
22:51:13 [TestNG-test-Yt Master Tests-3] INFO  verifyingSideMenuCollapsedLangAsInSettings_22-49-40 - Looking for language element with name: Español (US)
22:51:13 [TestNG-test-Yt Master Tests-3] INFO  verifyingSideMenuCollapsedLangAsInSettings_22-49-40 - [verifyingSideMenuCollapsedLangAsInSettings_22-49-40] Trying to find element: By.xpath: //yt-multi-page-menu-section-renderer[@class='style-scope ytd-multi-page-menu-renderer']//yt-formatted-string[@id='label' and text()='Español (US)']
22:51:13 [TestNG-test-Yt Master Tests-3] INFO  verifyingSideMenuCollapsedLangAsInSettings_22-49-40 - [verifyingSideMenuCollapsedLangAsInSettings_22-49-40] Element found and ready (attempt 1): By.xpath: //yt-multi-page-menu-section-renderer[@class='style-scope ytd-multi-page-menu-renderer']//yt-formatted-string[@id='label' and text()='Español (US)']
22:51:13 [TestNG-test-Yt Master Tests-3] INFO  verifyingSideMenuCollapsedLangAsInSettings_22-49-40 - [verifyingSideMenuCollapsedLangAsInSettings_22-49-40] Trying to find element: By.xpath: //yt-multi-page-menu-section-renderer[@class='style-scope ytd-multi-page-menu-renderer']//yt-formatted-string[@id='label' and text()='Español (US)']
22:51:14 [TestNG-test-Yt Master Tests-3] INFO  verifyingSideMenuCollapsedLangAsInSettings_22-49-40 - [verifyingSideMenuCollapsedLangAsInSettings_22-49-40] Element found and ready (attempt 1): By.xpath: //yt-multi-page-menu-section-renderer[@class='style-scope ytd-multi-page-menu-renderer']//yt-formatted-string[@id='label' and text()='Español (US)']
22:51:16 [TestNG-test-Yt Master Tests-3] INFO  verifyingSideMenuCollapsedLangAsInSettings_22-49-40 - Clicking settings ellipses button...
22:51:16 [TestNG-test-Yt Master Tests-3] INFO  verifyingSideMenuCollapsedLangAsInSettings_22-49-40 - [verifyingSideMenuCollapsedLangAsInSettings_22-49-40] Trying to find element: By.xpath: //ytd-topbar-menu-button-renderer[@class='style-scope ytd-masthead style-default']
22:51:17 [TestNG-test-Yt Master Tests-3] INFO  verifyingSideMenuCollapsedLangAsInSettings_22-49-40 - [verifyingSideMenuCollapsedLangAsInSettings_22-49-40] Element found and ready (attempt 1): By.xpath: //ytd-topbar-menu-button-renderer[@class='style-scope ytd-masthead style-default']
22:51:17 [TestNG-test-Yt Master Tests-3] INFO  verifyingSideMenuCollapsedLangAsInSettings_22-49-40 - [verifyingSideMenuCollapsedLangAsInSettings_22-49-40] Waiting until element is visible in viewport
22:51:17 [TestNG-test-Yt Master Tests-3] INFO  verifyingSideMenuCollapsedLangAsInSettings_22-49-40 - Clicking settings ellipses button...
22:51:17 [TestNG-test-Yt Master Tests-3] INFO  verifyingSideMenuCollapsedLangAsInSettings_22-49-40 - [verifyingSideMenuCollapsedLangAsInSettings_22-49-40] Trying to find element: By.xpath: //ytd-topbar-menu-button-renderer[@class='style-scope ytd-masthead style-default']
22:51:17 [TestNG-test-Yt Master Tests-3] INFO  verifyingSideMenuCollapsedLangAsInSettings_22-49-40 - [verifyingSideMenuCollapsedLangAsInSettings_22-49-40] Element found and ready (attempt 1): By.xpath: //ytd-topbar-menu-button-renderer[@class='style-scope ytd-masthead style-default']
22:51:18 [TestNG-test-Yt Master Tests-3] INFO  verifyingSideMenuCollapsedLangAsInSettings_22-49-40 - getLangAttribute() - locating <html> and reading lang property
22:51:18 [TestNG-test-Yt Master Tests-3] INFO  verifyingSideMenuCollapsedLangAsInSettings_22-49-40 - Language attribute read: es-US
22:51:18 [TestNG-test-Yt Master Tests-3] INFO  verifyingSideMenuCollapsedLangAsInSettings_22-49-40 - Fetching the side menu in collapsed view
22:51:18 [TestNG-test-Yt Master Tests-3] INFO  verifyingSideMenuCollapsedLangAsInSettings_22-49-40 - [verifyingSideMenuCollapsedLangAsInSettings_22-49-40] Finding elements list: By.xpath: //ytd-mini-guide-renderer[@class='style-scope ytd-app']//ytd-mini-guide-entry-renderer
22:51:18 [TestNG-test-Yt Master Tests-3] INFO  verifyingSideMenuCollapsedLangAsInSettings_22-49-40 - [verifyingSideMenuCollapsedLangAsInSettings_22-49-40] Found 4 ready elements (attempt 1): By.xpath: //ytd-mini-guide-renderer[@class='style-scope ytd-app']//ytd-mini-guide-entry-renderer
22:51:18 [TestNG-test-Yt Master Tests-3] INFO  verifyingSideMenuCollapsedLangAsInSettings_22-49-40 - Clicking settings ellipses button...
22:51:18 [TestNG-test-Yt Master Tests-3] INFO  verifyingSideMenuCollapsedLangAsInSettings_22-49-40 - [verifyingSideMenuCollapsedLangAsInSettings_22-49-40] Trying to find element: By.xpath: //ytd-topbar-menu-button-renderer[@class='style-scope ytd-masthead style-default']
22:51:19 [TestNG-test-Yt Master Tests-3] INFO  verifyingSideMenuCollapsedLangAsInSettings_22-49-40 - [verifyingSideMenuCollapsedLangAsInSettings_22-49-40] Element found and ready (attempt 1): By.xpath: //ytd-topbar-menu-button-renderer[@class='style-scope ytd-masthead style-default']
22:51:19 [TestNG-test-Yt Master Tests-3] INFO  verifyingSideMenuCollapsedLangAsInSettings_22-49-40 - Clicking language dropdown...
22:51:19 [TestNG-test-Yt Master Tests-3] INFO  verifyingSideMenuCollapsedLangAsInSettings_22-49-40 - [verifyingSideMenuCollapsedLangAsInSettings_22-49-40] Trying to find element: By.xpath: (//div[@id='content-icon'])[2]
22:51:19 [TestNG-test-Yt Master Tests-3] INFO  verifyingSideMenuCollapsedLangAsInSettings_22-49-40 - [verifyingSideMenuCollapsedLangAsInSettings_22-49-40] Element found and ready (attempt 1): By.xpath: (//div[@id='content-icon'])[2]
22:51:20 [TestNG-test-Yt Master Tests-3] INFO  verifyingSideMenuCollapsedLangAsInSettings_22-49-40 - Looking for language element with name: Euskara
22:51:20 [TestNG-test-Yt Master Tests-3] INFO  verifyingSideMenuCollapsedLangAsInSettings_22-49-40 - [verifyingSideMenuCollapsedLangAsInSettings_22-49-40] Trying to find element: By.xpath: //yt-multi-page-menu-section-renderer[@class='style-scope ytd-multi-page-menu-renderer']//yt-formatted-string[@id='label' and text()='Euskara']
22:51:20 [TestNG-test-Yt Master Tests-3] INFO  verifyingSideMenuCollapsedLangAsInSettings_22-49-40 - [verifyingSideMenuCollapsedLangAsInSettings_22-49-40] Element found and ready (attempt 1): By.xpath: //yt-multi-page-menu-section-renderer[@class='style-scope ytd-multi-page-menu-renderer']//yt-formatted-string[@id='label' and text()='Euskara']
22:51:20 [TestNG-test-Yt Master Tests-3] INFO  verifyingSideMenuCollapsedLangAsInSettings_22-49-40 - [verifyingSideMenuCollapsedLangAsInSettings_22-49-40] Trying to find element: By.xpath: //yt-multi-page-menu-section-renderer[@class='style-scope ytd-multi-page-menu-renderer']//yt-formatted-string[@id='label' and text()='Euskara']
22:51:20 [TestNG-test-Yt Master Tests-3] INFO  verifyingSideMenuCollapsedLangAsInSettings_22-49-40 - [verifyingSideMenuCollapsedLangAsInSettings_22-49-40] Element found and ready (attempt 1): By.xpath: //yt-multi-page-menu-section-renderer[@class='style-scope ytd-multi-page-menu-renderer']//yt-formatted-string[@id='label' and text()='Euskara']
22:51:22 [TestNG-test-Yt Master Tests-3] INFO  verifyingSideMenuCollapsedLangAsInSettings_22-49-40 - Clicking settings ellipses button...
22:51:22 [TestNG-test-Yt Master Tests-3] INFO  verifyingSideMenuCollapsedLangAsInSettings_22-49-40 - [verifyingSideMenuCollapsedLangAsInSettings_22-49-40] Trying to find element: By.xpath: //ytd-topbar-menu-button-renderer[@class='style-scope ytd-masthead style-default']
22:51:22 [TestNG-test-Yt Master Tests-3] INFO  verifyingSideMenuCollapsedLangAsInSettings_22-49-40 - [verifyingSideMenuCollapsedLangAsInSettings_22-49-40] Element found and ready (attempt 1): By.xpath: //ytd-topbar-menu-button-renderer[@class='style-scope ytd-masthead style-default']
22:51:23 [TestNG-test-Yt Master Tests-3] INFO  verifyingSideMenuCollapsedLangAsInSettings_22-49-40 - [verifyingSideMenuCollapsedLangAsInSettings_22-49-40] Waiting until element is visible in viewport
22:51:23 [TestNG-test-Yt Master Tests-3] INFO  verifyingSideMenuCollapsedLangAsInSettings_22-49-40 - Clicking settings ellipses button...
22:51:23 [TestNG-test-Yt Master Tests-3] INFO  verifyingSideMenuCollapsedLangAsInSettings_22-49-40 - [verifyingSideMenuCollapsedLangAsInSettings_22-49-40] Trying to find element: By.xpath: //ytd-topbar-menu-button-renderer[@class='style-scope ytd-masthead style-default']
22:51:24 [TestNG-test-Yt Master Tests-3] INFO  verifyingSideMenuCollapsedLangAsInSettings_22-49-40 - [verifyingSideMenuCollapsedLangAsInSettings_22-49-40] Element found and ready (attempt 1): By.xpath: //ytd-topbar-menu-button-renderer[@class='style-scope ytd-masthead style-default']
22:51:24 [TestNG-test-Yt Master Tests-3] INFO  verifyingSideMenuCollapsedLangAsInSettings_22-49-40 - getLangAttribute() - locating <html> and reading lang property
22:51:24 [TestNG-test-Yt Master Tests-3] INFO  verifyingSideMenuCollapsedLangAsInSettings_22-49-40 - Language attribute read: eu-ES
22:51:24 [TestNG-test-Yt Master Tests-3] INFO  verifyingSideMenuCollapsedLangAsInSettings_22-49-40 - Fetching the side menu in collapsed view
22:51:24 [TestNG-test-Yt Master Tests-3] INFO  verifyingSideMenuCollapsedLangAsInSettings_22-49-40 - [verifyingSideMenuCollapsedLangAsInSettings_22-49-40] Finding elements list: By.xpath: //ytd-mini-guide-renderer[@class='style-scope ytd-app']//ytd-mini-guide-entry-renderer
22:51:24 [TestNG-test-Yt Master Tests-3] INFO  verifyingSideMenuCollapsedLangAsInSettings_22-49-40 - [verifyingSideMenuCollapsedLangAsInSettings_22-49-40] Found 4 ready elements (attempt 1): By.xpath: //ytd-mini-guide-renderer[@class='style-scope ytd-app']//ytd-mini-guide-entry-renderer
22:51:24 [TestNG-test-Yt Master Tests-3] INFO  verifyingSideMenuCollapsedLangAsInSettings_22-49-40 - Clicking settings ellipses button...
22:51:24 [TestNG-test-Yt Master Tests-3] INFO  verifyingSideMenuCollapsedLangAsInSettings_22-49-40 - [verifyingSideMenuCollapsedLangAsInSettings_22-49-40] Trying to find element: By.xpath: //ytd-topbar-menu-button-renderer[@class='style-scope ytd-masthead style-default']
22:51:24 [TestNG-test-Yt Master Tests-3] INFO  verifyingSideMenuCollapsedLangAsInSettings_22-49-40 - [verifyingSideMenuCollapsedLangAsInSettings_22-49-40] Element found and ready (attempt 1): By.xpath: //ytd-topbar-menu-button-renderer[@class='style-scope ytd-masthead style-default']
22:51:24 [TestNG-test-Yt Master Tests-3] INFO  verifyingSideMenuCollapsedLangAsInSettings_22-49-40 - Clicking language dropdown...
22:51:24 [TestNG-test-Yt Master Tests-3] INFO  verifyingSideMenuCollapsedLangAsInSettings_22-49-40 - [verifyingSideMenuCollapsedLangAsInSettings_22-49-40] Trying to find element: By.xpath: (//div[@id='content-icon'])[2]
22:51:24 [TestNG-test-Yt Master Tests-3] INFO  verifyingSideMenuCollapsedLangAsInSettings_22-49-40 - [verifyingSideMenuCollapsedLangAsInSettings_22-49-40] Element found and ready (attempt 1): By.xpath: (//div[@id='content-icon'])[2]
22:51:26 [TestNG-test-Yt Master Tests-3] INFO  verifyingSideMenuCollapsedLangAsInSettings_22-49-40 - Looking for language element with name: Français
22:51:26 [TestNG-test-Yt Master Tests-3] INFO  verifyingSideMenuCollapsedLangAsInSettings_22-49-40 - [verifyingSideMenuCollapsedLangAsInSettings_22-49-40] Trying to find element: By.xpath: //yt-multi-page-menu-section-renderer[@class='style-scope ytd-multi-page-menu-renderer']//yt-formatted-string[@id='label' and text()='Français']
22:51:26 [TestNG-test-Yt Master Tests-3] INFO  verifyingSideMenuCollapsedLangAsInSettings_22-49-40 - [verifyingSideMenuCollapsedLangAsInSettings_22-49-40] Element found and ready (attempt 1): By.xpath: //yt-multi-page-menu-section-renderer[@class='style-scope ytd-multi-page-menu-renderer']//yt-formatted-string[@id='label' and text()='Français']
22:51:26 [TestNG-test-Yt Master Tests-3] INFO  verifyingSideMenuCollapsedLangAsInSettings_22-49-40 - [verifyingSideMenuCollapsedLangAsInSettings_22-49-40] Trying to find element: By.xpath: //yt-multi-page-menu-section-renderer[@class='style-scope ytd-multi-page-menu-renderer']//yt-formatted-string[@id='label' and text()='Français']
22:51:26 [TestNG-test-Yt Master Tests-3] INFO  verifyingSideMenuCollapsedLangAsInSettings_22-49-40 - [verifyingSideMenuCollapsedLangAsInSettings_22-49-40] Element found and ready (attempt 1): By.xpath: //yt-multi-page-menu-section-renderer[@class='style-scope ytd-multi-page-menu-renderer']//yt-formatted-string[@id='label' and text()='Français']
22:51:27 [TestNG-test-Yt Master Tests-3] INFO  verifyingSideMenuCollapsedLangAsInSettings_22-49-40 - Clicking settings ellipses button...
22:51:27 [TestNG-test-Yt Master Tests-3] INFO  verifyingSideMenuCollapsedLangAsInSettings_22-49-40 - [verifyingSideMenuCollapsedLangAsInSettings_22-49-40] Trying to find element: By.xpath: //ytd-topbar-menu-button-renderer[@class='style-scope ytd-masthead style-default']
22:51:28 [TestNG-test-Yt Master Tests-3] INFO  verifyingSideMenuCollapsedLangAsInSettings_22-49-40 - [verifyingSideMenuCollapsedLangAsInSettings_22-49-40] Element found and ready (attempt 1): By.xpath: //ytd-topbar-menu-button-renderer[@class='style-scope ytd-masthead style-default']
22:51:29 [TestNG-test-Yt Master Tests-3] INFO  verifyingSideMenuCollapsedLangAsInSettings_22-49-40 - [verifyingSideMenuCollapsedLangAsInSettings_22-49-40] Waiting until element is visible in viewport
22:51:30 [TestNG-test-Yt Master Tests-3] INFO  verifyingSideMenuCollapsedLangAsInSettings_22-49-40 - Clicking settings ellipses button...
22:51:30 [TestNG-test-Yt Master Tests-3] INFO  verifyingSideMenuCollapsedLangAsInSettings_22-49-40 - [verifyingSideMenuCollapsedLangAsInSettings_22-49-40] Trying to find element: By.xpath: //ytd-topbar-menu-button-renderer[@class='style-scope ytd-masthead style-default']
22:51:30 [TestNG-test-Yt Master Tests-3] INFO  verifyingSideMenuCollapsedLangAsInSettings_22-49-40 - [verifyingSideMenuCollapsedLangAsInSettings_22-49-40] Element found and ready (attempt 1): By.xpath: //ytd-topbar-menu-button-renderer[@class='style-scope ytd-masthead style-default']
22:51:30 [TestNG-test-Yt Master Tests-3] INFO  verifyingSideMenuCollapsedLangAsInSettings_22-49-40 - getLangAttribute() - locating <html> and reading lang property
22:51:30 [TestNG-test-Yt Master Tests-3] INFO  verifyingSideMenuCollapsedLangAsInSettings_22-49-40 - Language attribute read: fr-FR
22:51:30 [TestNG-test-Yt Master Tests-3] INFO  verifyingSideMenuCollapsedLangAsInSettings_22-49-40 - Fetching the side menu in collapsed view
22:51:30 [TestNG-test-Yt Master Tests-3] INFO  verifyingSideMenuCollapsedLangAsInSettings_22-49-40 - [verifyingSideMenuCollapsedLangAsInSettings_22-49-40] Finding elements list: By.xpath: //ytd-mini-guide-renderer[@class='style-scope ytd-app']//ytd-mini-guide-entry-renderer
22:51:30 [TestNG-test-Yt Master Tests-3] INFO  verifyingSideMenuCollapsedLangAsInSettings_22-49-40 - [verifyingSideMenuCollapsedLangAsInSettings_22-49-40] Found 4 ready elements (attempt 1): By.xpath: //ytd-mini-guide-renderer[@class='style-scope ytd-app']//ytd-mini-guide-entry-renderer
22:51:30 [TestNG-test-Yt Master Tests-3] INFO  verifyingSideMenuCollapsedLangAsInSettings_22-49-40 - Clicking settings ellipses button...
22:51:30 [TestNG-test-Yt Master Tests-3] INFO  verifyingSideMenuCollapsedLangAsInSettings_22-49-40 - [verifyingSideMenuCollapsedLangAsInSettings_22-49-40] Trying to find element: By.xpath: //ytd-topbar-menu-button-renderer[@class='style-scope ytd-masthead style-default']
22:51:30 [TestNG-test-Yt Master Tests-3] INFO  verifyingSideMenuCollapsedLangAsInSettings_22-49-40 - [verifyingSideMenuCollapsedLangAsInSettings_22-49-40] Element found and ready (attempt 1): By.xpath: //ytd-topbar-menu-button-renderer[@class='style-scope ytd-masthead style-default']
22:51:30 [TestNG-test-Yt Master Tests-3] INFO  verifyingSideMenuCollapsedLangAsInSettings_22-49-40 - Clicking language dropdown...
22:51:30 [TestNG-test-Yt Master Tests-3] INFO  verifyingSideMenuCollapsedLangAsInSettings_22-49-40 - [verifyingSideMenuCollapsedLangAsInSettings_22-49-40] Trying to find element: By.xpath: (//div[@id='content-icon'])[2]
22:51:31 [TestNG-test-Yt Master Tests-3] INFO  verifyingSideMenuCollapsedLangAsInSettings_22-49-40 - [verifyingSideMenuCollapsedLangAsInSettings_22-49-40] Element found and ready (attempt 1): By.xpath: (//div[@id='content-icon'])[2]
22:51:32 [TestNG-test-Yt Master Tests-3] INFO  verifyingSideMenuCollapsedLangAsInSettings_22-49-40 - Looking for language element with name: Français (Canada)
22:51:32 [TestNG-test-Yt Master Tests-3] INFO  verifyingSideMenuCollapsedLangAsInSettings_22-49-40 - [verifyingSideMenuCollapsedLangAsInSettings_22-49-40] Trying to find element: By.xpath: //yt-multi-page-menu-section-renderer[@class='style-scope ytd-multi-page-menu-renderer']//yt-formatted-string[@id='label' and text()='Français (Canada)']
22:51:32 [TestNG-test-Yt Master Tests-3] INFO  verifyingSideMenuCollapsedLangAsInSettings_22-49-40 - [verifyingSideMenuCollapsedLangAsInSettings_22-49-40] Element found and ready (attempt 1): By.xpath: //yt-multi-page-menu-section-renderer[@class='style-scope ytd-multi-page-menu-renderer']//yt-formatted-string[@id='label' and text()='Français (Canada)']
22:51:32 [TestNG-test-Yt Master Tests-3] INFO  verifyingSideMenuCollapsedLangAsInSettings_22-49-40 - [verifyingSideMenuCollapsedLangAsInSettings_22-49-40] Trying to find element: By.xpath: //yt-multi-page-menu-section-renderer[@class='style-scope ytd-multi-page-menu-renderer']//yt-formatted-string[@id='label' and text()='Français (Canada)']
22:51:32 [TestNG-test-Yt Master Tests-3] INFO  verifyingSideMenuCollapsedLangAsInSettings_22-49-40 - [verifyingSideMenuCollapsedLangAsInSettings_22-49-40] Element found and ready (attempt 1): By.xpath: //yt-multi-page-menu-section-renderer[@class='style-scope ytd-multi-page-menu-renderer']//yt-formatted-string[@id='label' and text()='Français (Canada)']
22:51:34 [TestNG-test-Yt Master Tests-3] INFO  verifyingSideMenuCollapsedLangAsInSettings_22-49-40 - Clicking settings ellipses button...
22:51:34 [TestNG-test-Yt Master Tests-3] INFO  verifyingSideMenuCollapsedLangAsInSettings_22-49-40 - [verifyingSideMenuCollapsedLangAsInSettings_22-49-40] Trying to find element: By.xpath: //ytd-topbar-menu-button-renderer[@class='style-scope ytd-masthead style-default']
22:51:34 [TestNG-test-Yt Master Tests-3] INFO  verifyingSideMenuCollapsedLangAsInSettings_22-49-40 - [verifyingSideMenuCollapsedLangAsInSettings_22-49-40] Element found and ready (attempt 1): By.xpath: //ytd-topbar-menu-button-renderer[@class='style-scope ytd-masthead style-default']
22:51:35 [TestNG-test-Yt Master Tests-3] INFO  verifyingSideMenuCollapsedLangAsInSettings_22-49-40 - [verifyingSideMenuCollapsedLangAsInSettings_22-49-40] Waiting until element is visible in viewport
22:51:35 [TestNG-test-Yt Master Tests-3] INFO  verifyingSideMenuCollapsedLangAsInSettings_22-49-40 - Clicking settings ellipses button...
22:51:35 [TestNG-test-Yt Master Tests-3] INFO  verifyingSideMenuCollapsedLangAsInSettings_22-49-40 - [verifyingSideMenuCollapsedLangAsInSettings_22-49-40] Trying to find element: By.xpath: //ytd-topbar-menu-button-renderer[@class='style-scope ytd-masthead style-default']
22:51:36 [TestNG-test-Yt Master Tests-3] INFO  verifyingSideMenuCollapsedLangAsInSettings_22-49-40 - [verifyingSideMenuCollapsedLangAsInSettings_22-49-40] Element found and ready (attempt 1): By.xpath: //ytd-topbar-menu-button-renderer[@class='style-scope ytd-masthead style-default']
22:51:36 [TestNG-test-Yt Master Tests-3] INFO  verifyingSideMenuCollapsedLangAsInSettings_22-49-40 - getLangAttribute() - locating <html> and reading lang property
22:51:36 [TestNG-test-Yt Master Tests-3] INFO  verifyingSideMenuCollapsedLangAsInSettings_22-49-40 - Language attribute read: fr-CA
22:51:36 [TestNG-test-Yt Master Tests-3] INFO  verifyingSideMenuCollapsedLangAsInSettings_22-49-40 - Fetching the side menu in collapsed view
22:51:36 [TestNG-test-Yt Master Tests-3] INFO  verifyingSideMenuCollapsedLangAsInSettings_22-49-40 - [verifyingSideMenuCollapsedLangAsInSettings_22-49-40] Finding elements list: By.xpath: //ytd-mini-guide-renderer[@class='style-scope ytd-app']//ytd-mini-guide-entry-renderer
22:51:36 [TestNG-test-Yt Master Tests-3] INFO  verifyingSideMenuCollapsedLangAsInSettings_22-49-40 - [verifyingSideMenuCollapsedLangAsInSettings_22-49-40] Found 4 ready elements (attempt 1): By.xpath: //ytd-mini-guide-renderer[@class='style-scope ytd-app']//ytd-mini-guide-entry-renderer
22:51:36 [TestNG-test-Yt Master Tests-3] INFO  verifyingSideMenuCollapsedLangAsInSettings_22-49-40 - Clicking settings ellipses button...
22:51:36 [TestNG-test-Yt Master Tests-3] INFO  verifyingSideMenuCollapsedLangAsInSettings_22-49-40 - [verifyingSideMenuCollapsedLangAsInSettings_22-49-40] Trying to find element: By.xpath: //ytd-topbar-menu-button-renderer[@class='style-scope ytd-masthead style-default']
22:51:36 [TestNG-test-Yt Master Tests-3] INFO  verifyingSideMenuCollapsedLangAsInSettings_22-49-40 - [verifyingSideMenuCollapsedLangAsInSettings_22-49-40] Element found and ready (attempt 1): By.xpath: //ytd-topbar-menu-button-renderer[@class='style-scope ytd-masthead style-default']
22:51:36 [TestNG-test-Yt Master Tests-3] INFO  verifyingSideMenuCollapsedLangAsInSettings_22-49-40 - Clicking language dropdown...
22:51:36 [TestNG-test-Yt Master Tests-3] INFO  verifyingSideMenuCollapsedLangAsInSettings_22-49-40 - [verifyingSideMenuCollapsedLangAsInSettings_22-49-40] Trying to find element: By.xpath: (//div[@id='content-icon'])[2]
22:51:37 [TestNG-test-Yt Master Tests-3] INFO  verifyingSideMenuCollapsedLangAsInSettings_22-49-40 - [verifyingSideMenuCollapsedLangAsInSettings_22-49-40] Element found and ready (attempt 1): By.xpath: (//div[@id='content-icon'])[2]
22:51:37 [TestNG-test-Yt Master Tests-3] INFO  verifyingSideMenuCollapsedLangAsInSettings_22-49-40 - Looking for language element with name: Hrvatski
22:51:37 [TestNG-test-Yt Master Tests-3] INFO  verifyingSideMenuCollapsedLangAsInSettings_22-49-40 - [verifyingSideMenuCollapsedLangAsInSettings_22-49-40] Trying to find element: By.xpath: //yt-multi-page-menu-section-renderer[@class='style-scope ytd-multi-page-menu-renderer']//yt-formatted-string[@id='label' and text()='Hrvatski']
22:51:37 [TestNG-test-Yt Master Tests-3] INFO  verifyingSideMenuCollapsedLangAsInSettings_22-49-40 - [verifyingSideMenuCollapsedLangAsInSettings_22-49-40] Element found and ready (attempt 1): By.xpath: //yt-multi-page-menu-section-renderer[@class='style-scope ytd-multi-page-menu-renderer']//yt-formatted-string[@id='label' and text()='Hrvatski']
22:51:37 [TestNG-test-Yt Master Tests-3] INFO  verifyingSideMenuCollapsedLangAsInSettings_22-49-40 - [verifyingSideMenuCollapsedLangAsInSettings_22-49-40] Trying to find element: By.xpath: //yt-multi-page-menu-section-renderer[@class='style-scope ytd-multi-page-menu-renderer']//yt-formatted-string[@id='label' and text()='Hrvatski']
22:51:37 [TestNG-test-Yt Master Tests-3] INFO  verifyingSideMenuCollapsedLangAsInSettings_22-49-40 - [verifyingSideMenuCollapsedLangAsInSettings_22-49-40] Element found and ready (attempt 1): By.xpath: //yt-multi-page-menu-section-renderer[@class='style-scope ytd-multi-page-menu-renderer']//yt-formatted-string[@id='label' and text()='Hrvatski']
22:51:39 [TestNG-test-Yt Master Tests-3] INFO  verifyingSideMenuCollapsedLangAsInSettings_22-49-40 - Clicking settings ellipses button...
22:51:49 [TestNG-test-Yt Master Tests-3] WARN  verifyingSideMenuCollapsedLangAsInSettings_22-49-40 - [verifyingSideMenuCollapsedLangAsInSettings_22-49-40] Retrying test 'verifyingSideMenuCollapsedLangAsInSettings' (attempt 1) due to: Expected condition failed: waiting for element to be clickable: By.xpath: //ytd-topbar-menu-button-renderer[@class='style-scope ytd-masthead style-default'] (tried for 10 second(s) with 500 milliseconds interval)
Build info: version: '4.27.0', revision: 'd6e718d134'
System info: os.name: 'Windows Server 2025', os.arch: 'amd64', os.version: '10.0', java.version: '24.0.2'
Driver info: org.openqa.selenium.chrome.ChromeDriver
Capabilities {acceptInsecureCerts: false, browserName: chrome, browserVersion: 150.0.7871.187, chrome: {chromedriverVersion: 150.0.7871.124 (9261fd0a595..., userDataDir: C:\Windows\SystemTemp\scope...}, fedcm:accounts: true, goog:chromeOptions: {debuggerAddress: localhost:55699}, goog:processID: 8136, networkConnectionEnabled: false, pageLoadStrategy: normal, platformName: windows, proxy: Proxy(), se:cdp: ws://localhost:55699/devtoo..., se:cdpVersion: 150.0.7871.187, setWindowRect: true, strictFileInteractability: false, timeouts: {implicit: 0, pageLoad: 300000, script: 30000}, unhandledPromptBehavior: dismiss and notify, webauthn:extension:credBlob: true, webauthn:extension:largeBlob: true, webauthn:extension:minPinLength: true, webauthn:extension:prf: true, webauthn:virtualAuthenticators: true}
Session ID: 2349309e59b76c0c00e3c8cd3af3589d
